=== SIMULATION 002 RECOVERY RUN ===
DATE=Wed Aug 26 23:31:55 CDT 2026
ROOT=/Users/mymac/Desktop/antigravity_research
Python 3.13.15

=== RE-RUNNING RESEARCH VERIFICATION ===
...................                                                      [100%]
19 passed in 0.06s

=== RE-RUNNING SIMULATION 002 ===
=== SIMULATION 002 RESULTS ===

MODEL=LOCALLY_HOMOGENEOUS_ISOTROPIC_PERFECT_FLUID
FINITE_STATIC_SOURCE_SOLUTION=NO

OBSERVED_LAMBDA=1.090910502838e-52 m^-2
OBSERVED_LAMBDA_DEFOCUSING_RATE=3.268204879880e-36 s^-2
OBSERVED_LAMBDA_ACCELERATION_AT_1M=3.268204879880e-36 m/s^2
OBSERVED_LAMBDA_G_FRACTION_AT_1M=3.332641503348e-37

=== ONE-METER VACUUM-LIKE BENCHMARK ===

TARGET=micro_g
  ACCELERATION=9.806650000000e-06 m/s^2
  G_FRACTION=1.000000000000e-06
  REQUIRED_ENERGY_DENSITY=1.576295924924e+21 J/m^3
  ENERGY_EQUIVALENT_DENSITY=1.753865749223e+04 kg/m^3
  REQUIRED_PRESSURE=-1.576295924924e+21 Pa
  ACTIVE_GRAVITATIONAL_DENSITY=-3.507731498447e+04 kg/m^3
  ENERGY_EQUIVALENT_MASS_IN_1M_RADIUS_SPHERE=7.346575670857e+04 kg
  NEC=SATURATED
  WEC=SATISFIED
  SEC=VIOLATED
  DEC=SATURATED

TARGET=one_percent_g
  ACCELERATION=9.806650000000e-02 m/s^2
  G_FRACTION=1.000000000000e-02
  REQUIRED_ENERGY_DENSITY=1.576295924924e+25 J/m^3
  ENERGY_EQUIVALENT_DENSITY=1.753865749223e+08 kg/m^3
  REQUIRED_PRESSURE=-1.576295924924e+25 Pa
  ACTIVE_GRAVITATIONAL_DENSITY=-3.507731498447e+08 kg/m^3
  ENERGY_EQUIVALENT_MASS_IN_1M_RADIUS_SPHERE=7.346575670857e+08 kg
  NEC=SATURATED
  WEC=SATISFIED
  SEC=VIOLATED
  DEC=SATURATED

TARGET=one_g
  ACCELERATION=9.806650000000e+00 m/s^2
  G_FRACTION=1.000000000000e+00
  REQUIRED_ENERGY_DENSITY=1.576295924924e+27 J/m^3
  ENERGY_EQUIVALENT_DENSITY=1.753865749223e+10 kg/m^3
  REQUIRED_PRESSURE=-1.576295924924e+27 Pa
  ACTIVE_GRAVITATIONAL_DENSITY=-3.507731498447e+10 kg/m^3
  ENERGY_EQUIVALENT_MASS_IN_1M_RADIUS_SPHERE=7.346575670857e+10 kg
  NEC=SATURATED
  WEC=SATISFIED
  SEC=VIOLATED
  DEC=SATURATED

=== ONE_G_OVER_ONE_METER EOS SEARCH ===

MODEL=phantom_w_-1.2
  W=-1.200000000000
  EPSILON=1.212535326864e+27 J/m^3
  RHO_EQUIVALENT=1.349127499403e+10 kg/m^3
  PRESSURE=-1.455042392237e+27 Pa
  NEC=FAIL
  WEC=FAIL
  SEC=FAIL
  DEC=FAIL

MODEL=vacuum_w_-1
  W=-1.000000000000
  EPSILON=1.576295924924e+27 J/m^3
  RHO_EQUIVALENT=1.753865749223e+10 kg/m^3
  PRESSURE=-1.576295924924e+27 Pa
  NEC=PASS
  WEC=PASS
  SEC=FAIL
  DEC=PASS

MODEL=negative_pressure_w_-2_3
  W=-0.666666666667
  EPSILON=3.152591849847e+27 J/m^3
  RHO_EQUIVALENT=3.507731498447e+10 kg/m^3
  PRESSURE=-2.101727899898e+27 Pa
  NEC=PASS
  WEC=PASS
  SEC=FAIL
  DEC=PASS

MODEL=negative_pressure_w_-1_2
  W=-0.500000000000
  EPSILON=6.305183699694e+27 J/m^3
  RHO_EQUIVALENT=7.015462996893e+10 kg/m^3
  PRESSURE=-3.152591849847e+27 Pa
  NEC=PASS
  WEC=PASS
  SEC=FAIL
  DEC=PASS

MODEL=near_SEC_boundary_w_-0.34
  W=-0.340000000000
  EPSILON=1.576295924924e+29 J/m^3
  RHO_EQUIVALENT=1.753865749223e+12 kg/m^3
  PRESSURE=-5.359406144740e+28 Pa
  NEC=PASS
  WEC=PASS
  SEC=FAIL
  DEC=PASS

MODEL=dust_negative_energy_route
  W=0.000000000000
  EPSILON=-3.152591849847e+27 J/m^3
  RHO_EQUIVALENT=-3.507731498447e+10 kg/m^3
  PRESSURE=-0.000000000000e+00 Pa
  NEC=FAIL
  WEC=FAIL
  SEC=FAIL
  DEC=FAIL

MAX_RECONSTRUCTION_RELATIVE_ERROR=9.501065521659e-15
DATA=results/data/002_required_stress_energy.csv
FIGURE=results/figures/002_required_energy_density_1m.png

POSITIVE_ENERGY_DEFOCUSING_WITHOUT_NEC_VIOLATION=POSSIBLE_IN_IDEAL_PERFECT_FLUID_MODEL
STRONG_ENERGY_CONDITION_VIOLATION_REQUIRED_FOR_THIS_CLASS=YES
PRACTICAL_LOCAL_SOURCE_ESTABLISHED=NO
NOVEL_ANTIGRAVITY_CLAIM=NO
NEXT=FINITE_SPHERICAL_SOURCE_AND_BOUNDARY_CONSISTENCY

=== GENERATED SIMULATION 002 ARTIFACTS ===
-rw-r--r--@ 1 mymac  staff    15K Aug 26 23:31 results/data/002_required_stress_energy.csv
-rw-r--r--@ 1 mymac  staff   183K Aug 26 23:31 results/figures/002_required_energy_density_1m.png

=== RECOVERY COMPLETE ===
SIMULATION_002_OUTPUT=RECOVERED
