=== SIMULATION 003A VERIFICATION ===
...........................                                              [100%]
27 passed in 0.08s

=== RUNNING SIMULATION 003A ===
=== SIMULATION 003A RESULTS ===

=== TARGET=micro_g_over_1m ===
RATE=9.806650000000e-06 s^-2
ENERGY_DENSITY=1.576295924924e+21 J/m^3
PRESSURE=-1.576295924924e+21 Pa
INTERIOR_EOS=w=-1
INTERIOR_PRESSURE_NONZERO=YES
DE_SITTER_HORIZON_RADIUS=9.573271265643e+10 m

CORE_RADIUS=1.000000e-01 m
  CORE_ENERGY_MASS=7.346575670857e+01 kg
  COMPACTNESS=1.091136967220e-24
  F_INTERIOR_BOUNDARY=1.000000000000000e+00
  F_EXTERIOR_BOUNDARY=1.000000000000000e+00
  METRIC_VALUE_MATCH=YES
  DF_INTERIOR=-2.182273934440e-23 m^-1
  DF_EXTERIOR=1.091136967220e-23 m^-1
  DERIVATIVE_RATIO=-2.000000000000e+00
  TOV_DP_DR=0.000000000000e+00 Pa/m
  W_MINUS_ONE_CAN_TAPER_SMOOTHLY=NO
  EXTERIOR_ACCEL_AT_SURFACE=-4.903325000000e-07 m/s^2
  EXTERIOR_ACCEL_AT_2R=-1.225831250000e-07 m/s^2
  EXTERIOR_FIELD_DIRECTION=INWARD
  BOUNDARY_LAYER_REQUIRED_DIAGNOSTIC=YES

CORE_RADIUS=1.000000e+00 m
  CORE_ENERGY_MASS=7.346575670857e+04 kg
  COMPACTNESS=1.091136967220e-22
  F_INTERIOR_BOUNDARY=1.000000000000000e+00
  F_EXTERIOR_BOUNDARY=1.000000000000000e+00
  METRIC_VALUE_MATCH=YES
  DF_INTERIOR=-2.182273934440e-22 m^-1
  DF_EXTERIOR=1.091136967220e-22 m^-1
  DERIVATIVE_RATIO=-2.000000000000e+00
  TOV_DP_DR=0.000000000000e+00 Pa/m
  W_MINUS_ONE_CAN_TAPER_SMOOTHLY=NO
  EXTERIOR_ACCEL_AT_SURFACE=-4.903325000000e-06 m/s^2
  EXTERIOR_ACCEL_AT_2R=-1.225831250000e-06 m/s^2
  EXTERIOR_FIELD_DIRECTION=INWARD
  BOUNDARY_LAYER_REQUIRED_DIAGNOSTIC=YES

CORE_RADIUS=1.000000e+01 m
  CORE_ENERGY_MASS=7.346575670857e+07 kg
  COMPACTNESS=1.091136967220e-20
  F_INTERIOR_BOUNDARY=1.000000000000000e+00
  F_EXTERIOR_BOUNDARY=1.000000000000000e+00
  METRIC_VALUE_MATCH=YES
  DF_INTERIOR=-2.182273934440e-21 m^-1
  DF_EXTERIOR=1.091136967220e-21 m^-1
  DERIVATIVE_RATIO=-2.000000000000e+00
  TOV_DP_DR=0.000000000000e+00 Pa/m
  W_MINUS_ONE_CAN_TAPER_SMOOTHLY=NO
  EXTERIOR_ACCEL_AT_SURFACE=-4.903325000000e-05 m/s^2
  EXTERIOR_ACCEL_AT_2R=-1.225831250000e-05 m/s^2
  EXTERIOR_FIELD_DIRECTION=INWARD
  BOUNDARY_LAYER_REQUIRED_DIAGNOSTIC=YES

CORE_RADIUS=1.000000e+02 m
  CORE_ENERGY_MASS=7.346575670857e+10 kg
  COMPACTNESS=1.091136967220e-18
  F_INTERIOR_BOUNDARY=1.000000000000000e+00
  F_EXTERIOR_BOUNDARY=1.000000000000000e+00
  METRIC_VALUE_MATCH=YES
  DF_INTERIOR=-2.182273934440e-20 m^-1
  DF_EXTERIOR=1.091136967220e-20 m^-1
  DERIVATIVE_RATIO=-2.000000000000e+00
  TOV_DP_DR=0.000000000000e+00 Pa/m
  W_MINUS_ONE_CAN_TAPER_SMOOTHLY=NO
  EXTERIOR_ACCEL_AT_SURFACE=-4.903325000000e-04 m/s^2
  EXTERIOR_ACCEL_AT_2R=-1.225831250000e-04 m/s^2
  EXTERIOR_FIELD_DIRECTION=INWARD
  BOUNDARY_LAYER_REQUIRED_DIAGNOSTIC=YES

=== TARGET=one_percent_g_over_1m ===
RATE=9.806650000000e-02 s^-2
ENERGY_DENSITY=1.576295924924e+25 J/m^3
PRESSURE=-1.576295924924e+25 Pa
INTERIOR_EOS=w=-1
INTERIOR_PRESSURE_NONZERO=YES
DE_SITTER_HORIZON_RADIUS=9.573271265643e+08 m

CORE_RADIUS=1.000000e-01 m
  CORE_ENERGY_MASS=7.346575670857e+05 kg
  COMPACTNESS=1.091136967220e-20
  F_INTERIOR_BOUNDARY=1.000000000000000e+00
  F_EXTERIOR_BOUNDARY=1.000000000000000e+00
  METRIC_VALUE_MATCH=YES
  DF_INTERIOR=-2.182273934440e-19 m^-1
  DF_EXTERIOR=1.091136967220e-19 m^-1
  DERIVATIVE_RATIO=-2.000000000000e+00
  TOV_DP_DR=0.000000000000e+00 Pa/m
  W_MINUS_ONE_CAN_TAPER_SMOOTHLY=NO
  EXTERIOR_ACCEL_AT_SURFACE=-4.903325000000e-03 m/s^2
  EXTERIOR_ACCEL_AT_2R=-1.225831250000e-03 m/s^2
  EXTERIOR_FIELD_DIRECTION=INWARD
  BOUNDARY_LAYER_REQUIRED_DIAGNOSTIC=YES

CORE_RADIUS=1.000000e+00 m
  CORE_ENERGY_MASS=7.346575670857e+08 kg
  COMPACTNESS=1.091136967220e-18
  F_INTERIOR_BOUNDARY=1.000000000000000e+00
  F_EXTERIOR_BOUNDARY=1.000000000000000e+00
  METRIC_VALUE_MATCH=YES
  DF_INTERIOR=-2.182273934440e-18 m^-1
  DF_EXTERIOR=1.091136967220e-18 m^-1
  DERIVATIVE_RATIO=-2.000000000000e+00
  TOV_DP_DR=0.000000000000e+00 Pa/m
  W_MINUS_ONE_CAN_TAPER_SMOOTHLY=NO
  EXTERIOR_ACCEL_AT_SURFACE=-4.903325000000e-02 m/s^2
  EXTERIOR_ACCEL_AT_2R=-1.225831250000e-02 m/s^2
  EXTERIOR_FIELD_DIRECTION=INWARD
  BOUNDARY_LAYER_REQUIRED_DIAGNOSTIC=YES

CORE_RADIUS=1.000000e+01 m
  CORE_ENERGY_MASS=7.346575670857e+11 kg
  COMPACTNESS=1.091136967220e-16
  F_INTERIOR_BOUNDARY=9.999999999999999e-01
  F_EXTERIOR_BOUNDARY=9.999999999999999e-01
  METRIC_VALUE_MATCH=YES
  DF_INTERIOR=-2.182273934440e-17 m^-1
  DF_EXTERIOR=1.091136967220e-17 m^-1
  DERIVATIVE_RATIO=-2.000000000000e+00
  TOV_DP_DR=0.000000000000e+00 Pa/m
  W_MINUS_ONE_CAN_TAPER_SMOOTHLY=NO
  EXTERIOR_ACCEL_AT_SURFACE=-4.903325000000e-01 m/s^2
  EXTERIOR_ACCEL_AT_2R=-1.225831250000e-01 m/s^2
  EXTERIOR_FIELD_DIRECTION=INWARD
  BOUNDARY_LAYER_REQUIRED_DIAGNOSTIC=YES

CORE_RADIUS=1.000000e+02 m
  CORE_ENERGY_MASS=7.346575670857e+14 kg
  COMPACTNESS=1.091136967220e-14
  F_INTERIOR_BOUNDARY=9.999999999999891e-01
  F_EXTERIOR_BOUNDARY=9.999999999999891e-01
  METRIC_VALUE_MATCH=YES
  DF_INTERIOR=-2.182273934440e-16 m^-1
  DF_EXTERIOR=1.091136967220e-16 m^-1
  DERIVATIVE_RATIO=-2.000000000000e+00
  TOV_DP_DR=0.000000000000e+00 Pa/m
  W_MINUS_ONE_CAN_TAPER_SMOOTHLY=NO
  EXTERIOR_ACCEL_AT_SURFACE=-4.903325000000e+00 m/s^2
  EXTERIOR_ACCEL_AT_2R=-1.225831250000e+00 m/s^2
  EXTERIOR_FIELD_DIRECTION=INWARD
  BOUNDARY_LAYER_REQUIRED_DIAGNOSTIC=YES

=== TARGET=one_g_over_1m ===
RATE=9.806650000000e+00 s^-2
ENERGY_DENSITY=1.576295924924e+27 J/m^3
PRESSURE=-1.576295924924e+27 Pa
INTERIOR_EOS=w=-1
INTERIOR_PRESSURE_NONZERO=YES
DE_SITTER_HORIZON_RADIUS=9.573271265643e+07 m

CORE_RADIUS=1.000000e-01 m
  CORE_ENERGY_MASS=7.346575670857e+07 kg
  COMPACTNESS=1.091136967220e-18
  F_INTERIOR_BOUNDARY=1.000000000000000e+00
  F_EXTERIOR_BOUNDARY=1.000000000000000e+00
  METRIC_VALUE_MATCH=YES
  DF_INTERIOR=-2.182273934440e-17 m^-1
  DF_EXTERIOR=1.091136967220e-17 m^-1
  DERIVATIVE_RATIO=-2.000000000000e+00
  TOV_DP_DR=0.000000000000e+00 Pa/m
  W_MINUS_ONE_CAN_TAPER_SMOOTHLY=NO
  EXTERIOR_ACCEL_AT_SURFACE=-4.903325000000e-01 m/s^2
  EXTERIOR_ACCEL_AT_2R=-1.225831250000e-01 m/s^2
  EXTERIOR_FIELD_DIRECTION=INWARD
  BOUNDARY_LAYER_REQUIRED_DIAGNOSTIC=YES

CORE_RADIUS=1.000000e+00 m
  CORE_ENERGY_MASS=7.346575670857e+10 kg
  COMPACTNESS=1.091136967220e-16
  F_INTERIOR_BOUNDARY=9.999999999999999e-01
  F_EXTERIOR_BOUNDARY=9.999999999999999e-01
  METRIC_VALUE_MATCH=YES
  DF_INTERIOR=-2.182273934440e-16 m^-1
  DF_EXTERIOR=1.091136967220e-16 m^-1
  DERIVATIVE_RATIO=-2.000000000000e+00
  TOV_DP_DR=0.000000000000e+00 Pa/m
  W_MINUS_ONE_CAN_TAPER_SMOOTHLY=NO
  EXTERIOR_ACCEL_AT_SURFACE=-4.903325000000e+00 m/s^2
  EXTERIOR_ACCEL_AT_2R=-1.225831250000e+00 m/s^2
  EXTERIOR_FIELD_DIRECTION=INWARD
  BOUNDARY_LAYER_REQUIRED_DIAGNOSTIC=YES

CORE_RADIUS=1.000000e+01 m
  CORE_ENERGY_MASS=7.346575670857e+13 kg
  COMPACTNESS=1.091136967220e-14
  F_INTERIOR_BOUNDARY=9.999999999999891e-01
  F_EXTERIOR_BOUNDARY=9.999999999999891e-01
  METRIC_VALUE_MATCH=YES
  DF_INTERIOR=-2.182273934440e-15 m^-1
  DF_EXTERIOR=1.091136967220e-15 m^-1
  DERIVATIVE_RATIO=-2.000000000000e+00
  TOV_DP_DR=0.000000000000e+00 Pa/m
  W_MINUS_ONE_CAN_TAPER_SMOOTHLY=NO
  EXTERIOR_ACCEL_AT_SURFACE=-4.903325000000e+01 m/s^2
  EXTERIOR_ACCEL_AT_2R=-1.225831250000e+01 m/s^2
  EXTERIOR_FIELD_DIRECTION=INWARD
  BOUNDARY_LAYER_REQUIRED_DIAGNOSTIC=YES

CORE_RADIUS=1.000000e+02 m
  CORE_ENERGY_MASS=7.346575670857e+16 kg
  COMPACTNESS=1.091136967220e-12
  F_INTERIOR_BOUNDARY=9.999999999989089e-01
  F_EXTERIOR_BOUNDARY=9.999999999989089e-01
  METRIC_VALUE_MATCH=YES
  DF_INTERIOR=-2.182273934440e-14 m^-1
  DF_EXTERIOR=1.091136967220e-14 m^-1
  DERIVATIVE_RATIO=-2.000000000000e+00
  TOV_DP_DR=0.000000000000e+00 Pa/m
  W_MINUS_ONE_CAN_TAPER_SMOOTHLY=NO
  EXTERIOR_ACCEL_AT_SURFACE=-4.903325000000e+02 m/s^2
  EXTERIOR_ACCEL_AT_2R=-1.225831250000e+02 m/s^2
  EXTERIOR_FIELD_DIRECTION=INWARD
  BOUNDARY_LAYER_REQUIRED_DIAGNOSTIC=YES

=== SIMULATION 003A SUMMARY ===

TOV_W_MINUS_ONE_DP_DR_ZERO=YES
PURE_W_MINUS_ONE_SMOOTH_LOCALIZATION=NO
INTERIOR_EXTERIOR_METRIC_VALUE_MATCH=YES
INTERIOR_EXTERIOR_DERIVATIVE_MATCH=NO
BOUNDARY_LAYER_REQUIRED_DIAGNOSTIC=YES
POSITIVE_ENERGY_CORE_EXTERIOR_FIELD=INWARD
INTERIOR_DEFOCUSING_IMPLIES_EXTERNAL_REPULSION=NO
FINITE_REPULSIVE_DEVICE_ESTABLISHED=NO
DATA=results/data/003a_finite_vacuum_energy_core.csv

NEXT=ISRAEL_JUNCTION_SHELL_STRESS_AND_EXTERNAL_MASS_SEARCH
