=== SIMULATION 003B VERIFICATION ===
...................................                                      [100%]
35 passed in 0.10s

=== RUNNING SIMULATION 003B ===
=== SIMULATION 003B RESULTS ===

=== TARGET=micro_g_over_1m ===
CORE_RADIUS=1.000000000000e+00 m
TARGET_DEFOCUSING_RATE=9.806650000000e-06 s^-2
INTERIOR_VOLUME_ENERGY_MASS=7.346575670857e+04 kg

M_EXT_OVER_MV=-2.00
  M_EXT=-1.469315134171e+05 kg
  SHELL_SURFACE_ENERGY=-1.576295924924e+21 J/m^2
  SHELL_SURFACE_MASS_DENSITY=-1.753865749223e+04 kg/m^2
  SHELL_ENERGY_MASS=-2.203972701257e+05 kg
  SHELL_TANGENTIAL_PRESSURE=7.881479624618e+20 N/m
  NEC=FAIL
  WEC=FAIL
  DEC=FAIL
  EXTERIOR_ACCELERATION_AT_2R=2.451662500000e-06 m/s^2
  EXTERIOR_DIRECTION=OUTWARD
  MASS_RELATION_RESIDUAL=0.000000000000e+00 kg

M_EXT_OVER_MV=-1.00
  M_EXT=-7.346575670857e+04 kg
  SHELL_SURFACE_ENERGY=-1.050863949949e+21 J/m^2
  SHELL_SURFACE_MASS_DENSITY=-1.169243832816e+04 kg/m^2
  SHELL_ENERGY_MASS=-1.469315134171e+05 kg
  SHELL_TANGENTIAL_PRESSURE=7.881479624618e+20 N/m
  NEC=FAIL
  WEC=FAIL
  DEC=FAIL
  EXTERIOR_ACCELERATION_AT_2R=1.225831250000e-06 m/s^2
  EXTERIOR_DIRECTION=OUTWARD
  MASS_RELATION_RESIDUAL=0.000000000000e+00 kg

M_EXT_OVER_MV=-0.75
  M_EXT=-5.509931753143e+04 kg
  SHELL_SURFACE_ENERGY=-9.195059562054e+20 J/m^2
  SHELL_SURFACE_MASS_DENSITY=-1.023088353714e+04 kg/m^2
  SHELL_ENERGY_MASS=-1.285650742400e+05 kg
  SHELL_TANGENTIAL_PRESSURE=7.881479624618e+20 N/m
  NEC=FAIL
  WEC=FAIL
  DEC=FAIL
  EXTERIOR_ACCELERATION_AT_2R=9.193734375000e-07 m/s^2
  EXTERIOR_DIRECTION=OUTWARD
  MASS_RELATION_RESIDUAL=-1.582910021092e-11 kg

M_EXT_OVER_MV=-0.50
  M_EXT=-3.673287835428e+04 kg
  SHELL_SURFACE_ENERGY=-7.881479624618e+20 J/m^2
  SHELL_SURFACE_MASS_DENSITY=-8.769328746116e+03 kg/m^2
  SHELL_ENERGY_MASS=-1.101986350629e+05 kg
  SHELL_TANGENTIAL_PRESSURE=7.881479624618e+20 N/m
  NEC=PASS
  WEC=FAIL
  DEC=FAIL
  EXTERIOR_ACCELERATION_AT_2R=6.129156250000e-07 m/s^2
  EXTERIOR_DIRECTION=OUTWARD
  MASS_RELATION_RESIDUAL=0.000000000000e+00 kg

M_EXT_OVER_MV=-0.49
  M_EXT=-3.599822078720e+04 kg
  SHELL_SURFACE_ENERGY=-7.828936427120e+20 J/m^2
  SHELL_SURFACE_MASS_DENSITY=-8.710866554476e+03 kg/m^2
  SHELL_ENERGY_MASS=-1.094639774958e+05 kg
  SHELL_TANGENTIAL_PRESSURE=7.881479624618e+20 N/m
  NEC=PASS
  WEC=FAIL
  DEC=FAIL
  EXTERIOR_ACCELERATION_AT_2R=6.006573125000e-07 m/s^2
  EXTERIOR_DIRECTION=OUTWARD
  MASS_RELATION_RESIDUAL=-1.582910021092e-11 kg

M_EXT_OVER_MV=-0.25
  M_EXT=-1.836643917714e+04 kg
  SHELL_SURFACE_ENERGY=-6.567899687182e+20 J/m^2
  SHELL_SURFACE_MASS_DENSITY=-7.307773955097e+03 kg/m^2
  SHELL_ENERGY_MASS=-9.183219588571e+04 kg
  SHELL_TANGENTIAL_PRESSURE=7.881479624618e+20 N/m
  NEC=PASS
  WEC=FAIL
  DEC=FAIL
  EXTERIOR_ACCELERATION_AT_2R=3.064578125000e-07 m/s^2
  EXTERIOR_DIRECTION=OUTWARD
  MASS_RELATION_RESIDUAL=-1.582910021092e-11 kg

M_EXT_OVER_MV=-0.10
  M_EXT=-7.346575670857e+03 kg
  SHELL_SURFACE_ENERGY=-5.779751724720e+20 J/m^2
  SHELL_SURFACE_MASS_DENSITY=-6.430841080485e+03 kg/m^2
  SHELL_ENERGY_MASS=-8.081233237943e+04 kg
  SHELL_TANGENTIAL_PRESSURE=7.881479624618e+20 N/m
  NEC=PASS
  WEC=FAIL
  DEC=FAIL
  EXTERIOR_ACCELERATION_AT_2R=1.225831250000e-07 m/s^2
  EXTERIOR_DIRECTION=OUTWARD
  MASS_RELATION_RESIDUAL=4.946593815912e-12 kg

M_EXT_OVER_MV=+0.00
  M_EXT=0.000000000000e+00 kg
  SHELL_SURFACE_ENERGY=-5.254319749745e+20 J/m^2
  SHELL_SURFACE_MASS_DENSITY=-5.846219164078e+03 kg/m^2
  SHELL_ENERGY_MASS=-7.346575670857e+04 kg
  SHELL_TANGENTIAL_PRESSURE=7.881479624618e+20 N/m
  NEC=PASS
  WEC=FAIL
  DEC=FAIL
  EXTERIOR_ACCELERATION_AT_2R=-0.000000000000e+00 m/s^2
  EXTERIOR_DIRECTION=ZERO
  MASS_RELATION_RESIDUAL=2.004030074237e-18 kg

M_EXT_OVER_MV=+0.25
  M_EXT=1.836643917714e+04 kg
  SHELL_SURFACE_ENERGY=-3.940739812309e+20 J/m^2
  SHELL_SURFACE_MASS_DENSITY=-4.384664373058e+03 kg/m^2
  SHELL_ENERGY_MASS=-5.509931753143e+04 kg
  SHELL_TANGENTIAL_PRESSURE=7.881479624618e+20 N/m
  NEC=PASS
  WEC=FAIL
  DEC=FAIL
  EXTERIOR_ACCELERATION_AT_2R=-3.064578125000e-07 m/s^2
  EXTERIOR_DIRECTION=INWARD
  MASS_RELATION_RESIDUAL=0.000000000000e+00 kg

M_EXT_OVER_MV=+0.50
  M_EXT=3.673287835428e+04 kg
  SHELL_SURFACE_ENERGY=-2.627159874873e+20 J/m^2
  SHELL_SURFACE_MASS_DENSITY=-2.923109582039e+03 kg/m^2
  SHELL_ENERGY_MASS=-3.673287835428e+04 kg
  SHELL_TANGENTIAL_PRESSURE=7.881479624618e+20 N/m
  NEC=PASS
  WEC=FAIL
  DEC=FAIL
  EXTERIOR_ACCELERATION_AT_2R=-6.129156250000e-07 m/s^2
  EXTERIOR_DIRECTION=INWARD
  MASS_RELATION_RESIDUAL=0.000000000000e+00 kg

M_EXT_OVER_MV=+0.75
  M_EXT=5.509931753143e+04 kg
  SHELL_SURFACE_ENERGY=-1.313579937436e+20 J/m^2
  SHELL_SURFACE_MASS_DENSITY=-1.461554791019e+03 kg/m^2
  SHELL_ENERGY_MASS=-1.836643917714e+04 kg
  SHELL_TANGENTIAL_PRESSURE=7.881479624618e+20 N/m
  NEC=PASS
  WEC=FAIL
  DEC=FAIL
  EXTERIOR_ACCELERATION_AT_2R=-9.193734375000e-07 m/s^2
  EXTERIOR_DIRECTION=INWARD
  MASS_RELATION_RESIDUAL=0.000000000000e+00 kg

M_EXT_OVER_MV=+1.00
  M_EXT=7.346575670857e+04 kg
  SHELL_SURFACE_ENERGY=0.000000000000e+00 J/m^2
  SHELL_SURFACE_MASS_DENSITY=0.000000000000e+00 kg/m^2
  SHELL_ENERGY_MASS=0.000000000000e+00 kg
  SHELL_TANGENTIAL_PRESSURE=7.881479624618e+20 N/m
  NEC=PASS
  WEC=PASS
  DEC=FAIL
  EXTERIOR_ACCELERATION_AT_2R=-1.225831250000e-06 m/s^2
  EXTERIOR_DIRECTION=INWARD
  MASS_RELATION_RESIDUAL=0.000000000000e+00 kg

M_EXT_OVER_MV=+1.25
  M_EXT=9.183219588571e+04 kg
  SHELL_SURFACE_ENERGY=1.313579937436e+20 J/m^2
  SHELL_SURFACE_MASS_DENSITY=1.461554791019e+03 kg/m^2
  SHELL_ENERGY_MASS=1.836643917714e+04 kg
  SHELL_TANGENTIAL_PRESSURE=7.881479624618e+20 N/m
  NEC=PASS
  WEC=PASS
  DEC=FAIL
  EXTERIOR_ACCELERATION_AT_2R=-1.532289062500e-06 m/s^2
  EXTERIOR_DIRECTION=INWARD
  MASS_RELATION_RESIDUAL=0.000000000000e+00 kg

M_EXT_OVER_MV=+2.00
  M_EXT=1.469315134171e+05 kg
  SHELL_SURFACE_ENERGY=5.254319749745e+20 J/m^2
  SHELL_SURFACE_MASS_DENSITY=5.846219164078e+03 kg/m^2
  SHELL_ENERGY_MASS=7.346575670857e+04 kg
  SHELL_TANGENTIAL_PRESSURE=7.881479624618e+20 N/m
  NEC=PASS
  WEC=PASS
  DEC=FAIL
  EXTERIOR_ACCELERATION_AT_2R=-2.451662500000e-06 m/s^2
  EXTERIOR_DIRECTION=INWARD
  MASS_RELATION_RESIDUAL=0.000000000000e+00 kg

=== TARGET=one_percent_g_over_1m ===
CORE_RADIUS=1.000000000000e+00 m
TARGET_DEFOCUSING_RATE=9.806650000000e-02 s^-2
INTERIOR_VOLUME_ENERGY_MASS=7.346575670857e+08 kg

M_EXT_OVER_MV=-2.00
  M_EXT=-1.469315134171e+09 kg
  SHELL_SURFACE_ENERGY=-1.576295924924e+25 J/m^2
  SHELL_SURFACE_MASS_DENSITY=-1.753865749223e+08 kg/m^2
  SHELL_ENERGY_MASS=-2.203972701257e+09 kg
  SHELL_TANGENTIAL_PRESSURE=7.881479624618e+24 N/m
  NEC=FAIL
  WEC=FAIL
  DEC=FAIL
  EXTERIOR_ACCELERATION_AT_2R=2.451662500000e-02 m/s^2
  EXTERIOR_DIRECTION=OUTWARD
  MASS_RELATION_RESIDUAL=0.000000000000e+00 kg

M_EXT_OVER_MV=-1.00
  M_EXT=-7.346575670857e+08 kg
  SHELL_SURFACE_ENERGY=-1.050863949949e+25 J/m^2
  SHELL_SURFACE_MASS_DENSITY=-1.169243832816e+08 kg/m^2
  SHELL_ENERGY_MASS=-1.469315134171e+09 kg
  SHELL_TANGENTIAL_PRESSURE=7.881479624618e+24 N/m
  NEC=FAIL
  WEC=FAIL
  DEC=FAIL
  EXTERIOR_ACCELERATION_AT_2R=1.225831250000e-02 m/s^2
  EXTERIOR_DIRECTION=OUTWARD
  MASS_RELATION_RESIDUAL=-2.593439778557e-07 kg

M_EXT_OVER_MV=-0.75
  M_EXT=-5.509931753143e+08 kg
  SHELL_SURFACE_ENERGY=-9.195059562054e+24 J/m^2
  SHELL_SURFACE_MASS_DENSITY=-1.023088353714e+08 kg/m^2
  SHELL_ENERGY_MASS=-1.285650742400e+09 kg
  SHELL_TANGENTIAL_PRESSURE=7.881479624618e+24 N/m
  NEC=FAIL
  WEC=FAIL
  DEC=FAIL
  EXTERIOR_ACCELERATION_AT_2R=9.193734375000e-03 m/s^2
  EXTERIOR_DIRECTION=OUTWARD
  MASS_RELATION_RESIDUAL=3.890159667836e-07 kg

M_EXT_OVER_MV=-0.50
  M_EXT=-3.673287835428e+08 kg
  SHELL_SURFACE_ENERGY=-7.881479624618e+24 J/m^2
  SHELL_SURFACE_MASS_DENSITY=-8.769328746116e+07 kg/m^2
  SHELL_ENERGY_MASS=-1.101986350629e+09 kg
  SHELL_TANGENTIAL_PRESSURE=7.881479624618e+24 N/m
  NEC=PASS
  WEC=FAIL
  DEC=FAIL
  EXTERIOR_ACCELERATION_AT_2R=6.129156250000e-03 m/s^2
  EXTERIOR_DIRECTION=OUTWARD
  MASS_RELATION_RESIDUAL=0.000000000000e+00 kg

M_EXT_OVER_MV=-0.49
  M_EXT=-3.599822078720e+08 kg
  SHELL_SURFACE_ENERGY=-7.828936427120e+24 J/m^2
  SHELL_SURFACE_MASS_DENSITY=-8.710866554476e+07 kg/m^2
  SHELL_ENERGY_MASS=-1.094639774958e+09 kg
  SHELL_TANGENTIAL_PRESSURE=7.881479624618e+24 N/m
  NEC=PASS
  WEC=FAIL
  DEC=FAIL
  EXTERIOR_ACCELERATION_AT_2R=6.006573125000e-03 m/s^2
  EXTERIOR_DIRECTION=OUTWARD
  MASS_RELATION_RESIDUAL=-6.483599446393e-08 kg

M_EXT_OVER_MV=-0.25
  M_EXT=-1.836643917714e+08 kg
  SHELL_SURFACE_ENERGY=-6.567899687182e+24 J/m^2
  SHELL_SURFACE_MASS_DENSITY=-7.307773955097e+07 kg/m^2
  SHELL_ENERGY_MASS=-9.183219588571e+08 kg
  SHELL_TANGENTIAL_PRESSURE=7.881479624618e+24 N/m
  NEC=PASS
  WEC=FAIL
  DEC=FAIL
  EXTERIOR_ACCELERATION_AT_2R=3.064578125000e-03 m/s^2
  EXTERIOR_DIRECTION=OUTWARD
  MASS_RELATION_RESIDUAL=-1.296719889279e-07 kg

M_EXT_OVER_MV=-0.10
  M_EXT=-7.346575670857e+07 kg
  SHELL_SURFACE_ENERGY=-5.779751724720e+24 J/m^2
  SHELL_SURFACE_MASS_DENSITY=-6.430841080485e+07 kg/m^2
  SHELL_ENERGY_MASS=-8.081233237943e+08 kg
  SHELL_TANGENTIAL_PRESSURE=7.881479624618e+24 N/m
  NEC=PASS
  WEC=FAIL
  DEC=FAIL
  EXTERIOR_ACCELERATION_AT_2R=1.225831250000e-03 m/s^2
  EXTERIOR_DIRECTION=OUTWARD
  MASS_RELATION_RESIDUAL=-1.296719889279e-07 kg

M_EXT_OVER_MV=+0.00
  M_EXT=0.000000000000e+00 kg
  SHELL_SURFACE_ENERGY=-5.254319749745e+24 J/m^2
  SHELL_SURFACE_MASS_DENSITY=-5.846219164078e+07 kg/m^2
  SHELL_ENERGY_MASS=-7.346575670857e+08 kg
  SHELL_TANGENTIAL_PRESSURE=7.881479624618e+24 N/m
  NEC=PASS
  WEC=FAIL
  DEC=FAIL
  EXTERIOR_ACCELERATION_AT_2R=-0.000000000000e+00 m/s^2
  EXTERIOR_DIRECTION=ZERO
  MASS_RELATION_RESIDUAL=-1.294715859204e-07 kg

M_EXT_OVER_MV=+0.25
  M_EXT=1.836643917714e+08 kg
  SHELL_SURFACE_ENERGY=-3.940739812309e+24 J/m^2
  SHELL_SURFACE_MASS_DENSITY=-4.384664373058e+07 kg/m^2
  SHELL_ENERGY_MASS=-5.509931753143e+08 kg
  SHELL_TANGENTIAL_PRESSURE=7.881479624618e+24 N/m
  NEC=PASS
  WEC=FAIL
  DEC=FAIL
  EXTERIOR_ACCELERATION_AT_2R=-3.064578125000e-03 m/s^2
  EXTERIOR_DIRECTION=INWARD
  MASS_RELATION_RESIDUAL=0.000000000000e+00 kg

M_EXT_OVER_MV=+0.50
  M_EXT=3.673287835428e+08 kg
  SHELL_SURFACE_ENERGY=-2.627159874873e+24 J/m^2
  SHELL_SURFACE_MASS_DENSITY=-2.923109582039e+07 kg/m^2
  SHELL_ENERGY_MASS=-3.673287835428e+08 kg
  SHELL_TANGENTIAL_PRESSURE=7.881479624618e+24 N/m
  NEC=PASS
  WEC=FAIL
  DEC=FAIL
  EXTERIOR_ACCELERATION_AT_2R=-6.129156250000e-03 m/s^2
  EXTERIOR_DIRECTION=INWARD
  MASS_RELATION_RESIDUAL=-6.483599446393e-08 kg

M_EXT_OVER_MV=+0.75
  M_EXT=5.509931753143e+08 kg
  SHELL_SURFACE_ENERGY=-1.313579937436e+24 J/m^2
  SHELL_SURFACE_MASS_DENSITY=-1.461554791019e+07 kg/m^2
  SHELL_ENERGY_MASS=-1.836643917714e+08 kg
  SHELL_TANGENTIAL_PRESSURE=7.881479624618e+24 N/m
  NEC=PASS
  WEC=FAIL
  DEC=FAIL
  EXTERIOR_ACCELERATION_AT_2R=-9.193734375000e-03 m/s^2
  EXTERIOR_DIRECTION=INWARD
  MASS_RELATION_RESIDUAL=0.000000000000e+00 kg

M_EXT_OVER_MV=+1.00
  M_EXT=7.346575670857e+08 kg
  SHELL_SURFACE_ENERGY=0.000000000000e+00 J/m^2
  SHELL_SURFACE_MASS_DENSITY=0.000000000000e+00 kg/m^2
  SHELL_ENERGY_MASS=0.000000000000e+00 kg
  SHELL_TANGENTIAL_PRESSURE=7.881479624618e+24 N/m
  NEC=PASS
  WEC=PASS
  DEC=FAIL
  EXTERIOR_ACCELERATION_AT_2R=-1.225831250000e-02 m/s^2
  EXTERIOR_DIRECTION=INWARD
  MASS_RELATION_RESIDUAL=0.000000000000e+00 kg

M_EXT_OVER_MV=+1.25
  M_EXT=9.183219588571e+08 kg
  SHELL_SURFACE_ENERGY=1.313579937436e+24 J/m^2
  SHELL_SURFACE_MASS_DENSITY=1.461554791019e+07 kg/m^2
  SHELL_ENERGY_MASS=1.836643917714e+08 kg
  SHELL_TANGENTIAL_PRESSURE=7.881479624618e+24 N/m
  NEC=PASS
  WEC=PASS
  DEC=FAIL
  EXTERIOR_ACCELERATION_AT_2R=-1.532289062500e-02 m/s^2
  EXTERIOR_DIRECTION=INWARD
  MASS_RELATION_RESIDUAL=0.000000000000e+00 kg

M_EXT_OVER_MV=+2.00
  M_EXT=1.469315134171e+09 kg
  SHELL_SURFACE_ENERGY=5.254319749745e+24 J/m^2
  SHELL_SURFACE_MASS_DENSITY=5.846219164078e+07 kg/m^2
  SHELL_ENERGY_MASS=7.346575670857e+08 kg
  SHELL_TANGENTIAL_PRESSURE=7.881479624618e+24 N/m
  NEC=PASS
  WEC=PASS
  DEC=FAIL
  EXTERIOR_ACCELERATION_AT_2R=-2.451662500000e-02 m/s^2
  EXTERIOR_DIRECTION=INWARD
  MASS_RELATION_RESIDUAL=0.000000000000e+00 kg

=== TARGET=one_g_over_1m ===
CORE_RADIUS=1.000000000000e+00 m
TARGET_DEFOCUSING_RATE=9.806650000000e+00 s^-2
INTERIOR_VOLUME_ENERGY_MASS=7.346575670857e+10 kg

M_EXT_OVER_MV=-2.00
  M_EXT=-1.469315134171e+11 kg
  SHELL_SURFACE_ENERGY=-1.576295924924e+27 J/m^2
  SHELL_SURFACE_MASS_DENSITY=-1.753865749223e+10 kg/m^2
  SHELL_ENERGY_MASS=-2.203972701257e+11 kg
  SHELL_TANGENTIAL_PRESSURE=7.881479624618e+26 N/m
  NEC=FAIL
  WEC=FAIL
  DEC=FAIL
  EXTERIOR_ACCELERATION_AT_2R=2.451662500000e+00 m/s^2
  EXTERIOR_DIRECTION=OUTWARD
  MASS_RELATION_RESIDUAL=4.979404374830e-05 kg

M_EXT_OVER_MV=-1.00
  M_EXT=-7.346575670857e+10 kg
  SHELL_SURFACE_ENERGY=-1.050863949949e+27 J/m^2
  SHELL_SURFACE_MASS_DENSITY=-1.169243832816e+10 kg/m^2
  SHELL_ENERGY_MASS=-1.469315134171e+11 kg
  SHELL_TANGENTIAL_PRESSURE=7.881479624618e+26 N/m
  NEC=FAIL
  WEC=FAIL
  DEC=FAIL
  EXTERIOR_ACCELERATION_AT_2R=1.225831250000e+00 m/s^2
  EXTERIOR_DIRECTION=OUTWARD
  MASS_RELATION_RESIDUAL=2.489702187415e-05 kg

M_EXT_OVER_MV=-0.75
  M_EXT=-5.509931753143e+10 kg
  SHELL_SURFACE_ENERGY=-9.195059562054e+26 J/m^2
  SHELL_SURFACE_MASS_DENSITY=-1.023088353714e+10 kg/m^2
  SHELL_ENERGY_MASS=-1.285650742400e+11 kg
  SHELL_TANGENTIAL_PRESSURE=7.881479624618e+26 N/m
  NEC=FAIL
  WEC=FAIL
  DEC=FAIL
  EXTERIOR_ACCELERATION_AT_2R=9.193734375000e-01 m/s^2
  EXTERIOR_DIRECTION=OUTWARD
  MASS_RELATION_RESIDUAL=3.319602916553e-05 kg

M_EXT_OVER_MV=-0.50
  M_EXT=-3.673287835428e+10 kg
  SHELL_SURFACE_ENERGY=-7.881479624618e+26 J/m^2
  SHELL_SURFACE_MASS_DENSITY=-8.769328746116e+09 kg/m^2
  SHELL_ENERGY_MASS=-1.101986350629e+11 kg
  SHELL_TANGENTIAL_PRESSURE=7.881479624618e+26 N/m
  NEC=PASS
  WEC=FAIL
  DEC=FAIL
  EXTERIOR_ACCELERATION_AT_2R=6.129156250000e-01 m/s^2
  EXTERIOR_DIRECTION=OUTWARD
  MASS_RELATION_RESIDUAL=2.074751822846e-05 kg

M_EXT_OVER_MV=-0.49
  M_EXT=-3.599822078720e+10 kg
  SHELL_SURFACE_ENERGY=-7.828936427120e+26 J/m^2
  SHELL_SURFACE_MASS_DENSITY=-8.710866554476e+09 kg/m^2
  SHELL_ENERGY_MASS=-1.094639774958e+11 kg
  SHELL_TANGENTIAL_PRESSURE=7.881479624618e+26 N/m
  NEC=PASS
  WEC=FAIL
  DEC=FAIL
  EXTERIOR_ACCELERATION_AT_2R=6.006573125000e-01 m/s^2
  EXTERIOR_DIRECTION=OUTWARD
  MASS_RELATION_RESIDUAL=1.659801458277e-05 kg

M_EXT_OVER_MV=-0.25
  M_EXT=-1.836643917714e+10 kg
  SHELL_SURFACE_ENERGY=-6.567899687182e+26 J/m^2
  SHELL_SURFACE_MASS_DENSITY=-7.307773955097e+09 kg/m^2
  SHELL_ENERGY_MASS=-9.183219588571e+10 kg
  SHELL_TANGENTIAL_PRESSURE=7.881479624618e+26 N/m
  NEC=PASS
  WEC=FAIL
  DEC=FAIL
  EXTERIOR_ACCELERATION_AT_2R=3.064578125000e-01 m/s^2
  EXTERIOR_DIRECTION=OUTWARD
  MASS_RELATION_RESIDUAL=-4.149503645691e-06 kg

M_EXT_OVER_MV=-0.10
  M_EXT=-7.346575670857e+09 kg
  SHELL_SURFACE_ENERGY=-5.779751724720e+26 J/m^2
  SHELL_SURFACE_MASS_DENSITY=-6.430841080485e+09 kg/m^2
  SHELL_ENERGY_MASS=-8.081233237943e+10 kg
  SHELL_TANGENTIAL_PRESSURE=7.881479624618e+26 N/m
  NEC=PASS
  WEC=FAIL
  DEC=FAIL
  EXTERIOR_ACCELERATION_AT_2R=1.225831250000e-01 m/s^2
  EXTERIOR_DIRECTION=OUTWARD
  MASS_RELATION_RESIDUAL=2.593439778557e-05 kg

M_EXT_OVER_MV=+0.00
  M_EXT=0.000000000000e+00 kg
  SHELL_SURFACE_ENERGY=-5.254319749745e+26 J/m^2
  SHELL_SURFACE_MASS_DENSITY=-5.846219164078e+09 kg/m^2
  SHELL_ENERGY_MASS=-7.346575670857e+10 kg
  SHELL_TANGENTIAL_PRESSURE=7.881479624618e+26 N/m
  NEC=PASS
  WEC=FAIL
  DEC=FAIL
  EXTERIOR_ACCELERATION_AT_2R=-0.000000000000e+00 m/s^2
  EXTERIOR_DIRECTION=ZERO
  MASS_RELATION_RESIDUAL=1.030303736562e-05 kg

M_EXT_OVER_MV=+0.25
  M_EXT=1.836643917714e+10 kg
  SHELL_SURFACE_ENERGY=-3.940739812309e+26 J/m^2
  SHELL_SURFACE_MASS_DENSITY=-4.384664373058e+09 kg/m^2
  SHELL_ENERGY_MASS=-5.509931753143e+10 kg
  SHELL_TANGENTIAL_PRESSURE=7.881479624618e+26 N/m
  NEC=PASS
  WEC=FAIL
  DEC=FAIL
  EXTERIOR_ACCELERATION_AT_2R=-3.064578125000e-01 m/s^2
  EXTERIOR_DIRECTION=INWARD
  MASS_RELATION_RESIDUAL=1.037375911423e-05 kg

M_EXT_OVER_MV=+0.50
  M_EXT=3.673287835428e+10 kg
  SHELL_SURFACE_ENERGY=-2.627159874873e+26 J/m^2
  SHELL_SURFACE_MASS_DENSITY=-2.923109582039e+09 kg/m^2
  SHELL_ENERGY_MASS=-3.673287835428e+10 kg
  SHELL_TANGENTIAL_PRESSURE=7.881479624618e+26 N/m
  NEC=PASS
  WEC=FAIL
  DEC=FAIL
  EXTERIOR_ACCELERATION_AT_2R=-6.129156250000e-01 m/s^2
  EXTERIOR_DIRECTION=INWARD
  MASS_RELATION_RESIDUAL=4.149503645691e-06 kg

M_EXT_OVER_MV=+0.75
  M_EXT=5.509931753143e+10 kg
  SHELL_SURFACE_ENERGY=-1.313579937436e+26 J/m^2
  SHELL_SURFACE_MASS_DENSITY=-1.461554791019e+09 kg/m^2
  SHELL_ENERGY_MASS=-1.836643917714e+10 kg
  SHELL_TANGENTIAL_PRESSURE=7.881479624618e+26 N/m
  NEC=PASS
  WEC=FAIL
  DEC=FAIL
  EXTERIOR_ACCELERATION_AT_2R=-9.193734375000e-01 m/s^2
  EXTERIOR_DIRECTION=INWARD
  MASS_RELATION_RESIDUAL=0.000000000000e+00 kg

M_EXT_OVER_MV=+1.00
  M_EXT=7.346575670857e+10 kg
  SHELL_SURFACE_ENERGY=0.000000000000e+00 J/m^2
  SHELL_SURFACE_MASS_DENSITY=0.000000000000e+00 kg/m^2
  SHELL_ENERGY_MASS=0.000000000000e+00 kg
  SHELL_TANGENTIAL_PRESSURE=7.881479624618e+26 N/m
  NEC=PASS
  WEC=PASS
  DEC=FAIL
  EXTERIOR_ACCELERATION_AT_2R=-1.225831250000e+00 m/s^2
  EXTERIOR_DIRECTION=INWARD
  MASS_RELATION_RESIDUAL=0.000000000000e+00 kg

M_EXT_OVER_MV=+1.25
  M_EXT=9.183219588571e+10 kg
  SHELL_SURFACE_ENERGY=1.313579937436e+26 J/m^2
  SHELL_SURFACE_MASS_DENSITY=1.461554791019e+09 kg/m^2
  SHELL_ENERGY_MASS=1.836643917714e+10 kg
  SHELL_TANGENTIAL_PRESSURE=7.881479624618e+26 N/m
  NEC=PASS
  WEC=PASS
  DEC=FAIL
  EXTERIOR_ACCELERATION_AT_2R=-1.532289062500e+00 m/s^2
  EXTERIOR_DIRECTION=INWARD
  MASS_RELATION_RESIDUAL=0.000000000000e+00 kg

M_EXT_OVER_MV=+2.00
  M_EXT=1.469315134171e+11 kg
  SHELL_SURFACE_ENERGY=5.254319749745e+26 J/m^2
  SHELL_SURFACE_MASS_DENSITY=5.846219164078e+09 kg/m^2
  SHELL_ENERGY_MASS=7.346575670857e+10 kg
  SHELL_TANGENTIAL_PRESSURE=7.881479624618e+26 N/m
  NEC=PASS
  WEC=PASS
  DEC=FAIL
  EXTERIOR_ACCELERATION_AT_2R=-2.451662500000e+00 m/s^2
  EXTERIOR_DIRECTION=INWARD
  MASS_RELATION_RESIDUAL=0.000000000000e+00 kg

=== SIMULATION 003B SUMMARY ===

ONE_G_SURFACE_ENERGY_ZERO_MASS_RATIO=1.000000
ONE_G_NEC_ZERO_MASS_RATIO_APPROX=-0.500000

OUTWARD_SCHWARZSCHILD_EXTERIOR_REQUIRES_NEGATIVE_ADM_MASS=YES
OUTWARD_CASE_WITH_NONNEGATIVE_SHELL_SURFACE_ENERGY=NO
OUTWARD_CASE_WITH_WEC=NO
OUTWARD_CASE_WITH_DEC=NO
OUTWARD_CASE_WITH_NEC=YES
NEGATIVE_SHELL_ENERGY_REQUIRED_FOR_OUTWARD_EXTERIOR=YES
MAX_MASS_RELATION_FRACTIONAL_ERROR=5.295201250383e-16
DATA=results/data/003b_israel_shell_mass_search.csv
FIGURE=results/figures/003b_israel_shell_conditions_1g.png

STATIC_SPHERICAL_POSITIVE_ENERGY_ANTIGRAVITY_FOUND=NO
EXOTIC_NEGATIVE_SURFACE_ENERGY_ROUTE_EXISTS=YES
NEXT=DYNAMIC_STABILITY_AND_NEC_SURVIVING_NEGATIVE_MASS_WINDOW
