=== SIMULATION 004A RESULTS ===

THEORY=EINSTEIN_MAXWELL
EXTERIOR=REISSNER_NORDSTROM
INTERIOR=MINKOWSKI
SOURCE=STATIC_CHARGED_THIN_SHELL
SCHWINGER_FIELD=1.323285478551e+18 V/m

=== TARGET=micro_g ===
TARGET_G_FRACTION=1.000000000000e-06
RADIUS=1.000000 m
POSITIVE_ENERGY_DEC_REPULSIVE_CANDIDATE=YES
DEC_REPULSIVE_Z_MIN=1.001000
DEC_REPULSIVE_Z_MAX=1.333167

--- ROBUST z≈1.2 BENCHMARK ---
Z=1.199801
ADM_MASS=7.353900125937e+05 kg
CHARGE=2.970389748047e+06 C
REPULSION_RADIUS=1.199800800801e+00 m
EXTERNAL_REPULSIVE_ZONE_WIDTH=1.998008008008e-01 m
SURFACE_ELECTRIC_FIELD=2.669653170378e+16 V/m
FIELD_OVER_SCHWINGER=2.017443109329e-02
EM_FIELD_MASS_FRACTION=0.599900400400
SHELL_SURFACE_ENERGY=2.104347149376e+21 J/m^2
SHELL_SURFACE_PRESSURE=-1.577605549663e+21 N/m
SHELL_NEC=PASS
SHELL_WEC=PASS
SHELL_DEC=PASS
RECONSTRUCTED_OUTWARD_GRAVITY=9.806650000000e-06 m/s^2

=== TARGET=one_percent_g ===
TARGET_G_FRACTION=1.000000000000e-02
RADIUS=1.000000 m
POSITIVE_ENERGY_DEC_REPULSIVE_CANDIDATE=YES
DEC_REPULSIVE_Z_MIN=1.001000
DEC_REPULSIVE_Z_MAX=1.333167

--- ROBUST z≈1.2 BENCHMARK ---
Z=1.199801
ADM_MASS=7.353900125937e+09 kg
CHARGE=2.970389748047e+08 C
REPULSION_RADIUS=1.199800800801e+00 m
EXTERNAL_REPULSIVE_ZONE_WIDTH=1.998008008008e-01 m
SURFACE_ELECTRIC_FIELD=2.669653170378e+18 V/m
FIELD_OVER_SCHWINGER=2.017443109329e+00
EM_FIELD_MASS_FRACTION=0.599900400400
SHELL_SURFACE_ENERGY=2.104347149376e+25 J/m^2
SHELL_SURFACE_PRESSURE=-1.577605549663e+25 N/m
SHELL_NEC=PASS
SHELL_WEC=PASS
SHELL_DEC=PASS
RECONSTRUCTED_OUTWARD_GRAVITY=9.806650000000e-02 m/s^2

=== TARGET=one_g ===
TARGET_G_FRACTION=1.000000000000e+00
RADIUS=1.000000 m
POSITIVE_ENERGY_DEC_REPULSIVE_CANDIDATE=YES
DEC_REPULSIVE_Z_MIN=1.001000
DEC_REPULSIVE_Z_MAX=1.333167

--- ROBUST z≈1.2 BENCHMARK ---
Z=1.199801
ADM_MASS=7.353900125937e+11 kg
CHARGE=2.970389748047e+09 C
REPULSION_RADIUS=1.199800800801e+00 m
EXTERNAL_REPULSIVE_ZONE_WIDTH=1.998008008008e-01 m
SURFACE_ELECTRIC_FIELD=2.669653170378e+19 V/m
FIELD_OVER_SCHWINGER=2.017443109329e+01
EM_FIELD_MASS_FRACTION=0.599900400400
SHELL_SURFACE_ENERGY=2.104347149376e+27 J/m^2
SHELL_SURFACE_PRESSURE=-1.577605549663e+27 N/m
SHELL_NEC=PASS
SHELL_WEC=PASS
SHELL_DEC=PASS
RECONSTRUCTED_OUTWARD_GRAVITY=9.806650000000e+00 m/s^2

=== QED FIELD-SCALE SEARCH AT z=1.2 ===

TARGET=micro_g
  SUB_SCHWINGER_RADIUS_FOUND=YES
  MIN_RADIUS_APPROX=4.069320576021e-04 m
  ADM_MASS=1.216546644025e-01 kg
  CHARGE=2.437339111620e+01 C
  SURFACE_FIELD=1.322858995636e+18 V/m

TARGET=one_percent_g
  SUB_SCHWINGER_RADIUS_FOUND=YES
  MIN_RADIUS_APPROX=4.073071035757e+00 m
  ADM_MASS=1.218790120138e+11 kg
  CHARGE=2.440709421696e+09 C
  SURFACE_FIELD=1.322249814999e+18 V/m

TARGET=one_g
  SUB_SCHWINGER_RADIUS_FOUND=YES
  MIN_RADIUS_APPROX=4.074947561645e+02 m
  ADM_MASS=1.219913409195e+17 kg
  CHARGE=2.442396323984e+13 C
  SURFACE_FIELD=1.321945329887e+18 V/m

=== SIMULATION 004A SUMMARY ===

POSITIVE_ADM_MASS=YES
MAXWELL_FIELD_ENERGY_POSITIVE=YES
MAXWELL_NEC_WEC_DEC=PASS
EXTERNAL_NEUTRAL_GRAVITATIONAL_REPULSION=YES
REPULSION_WITH_NONNEGATIVE_SHELL_ENERGY=YES
REPULSION_WITH_SHELL_WEC=YES
REPULSION_WITH_SHELL_DEC=YES
NEGATIVE_ADM_MASS_REQUIRED=NO
NEGATIVE_ENERGY_REQUIRED=NO_FOR_THIS_EXACT_MODEL
DATA=results/data/004a_einstein_maxwell_repulsion.csv
FIGURE=results/figures/004a_rn_neutral_gravity_1g_z1p2.png

KNOWN_RN_REPULSIVE_GRAVITY_MECHANISM_REPRODUCED=YES
NOVEL_PHYSICS_CLAIM=NO
PRACTICAL_DEVICE_ESTABLISHED=NO
NEXT=CHARGED_SHELL_STABILITY_DISCHARGE_AND_MATERIAL_REALIZABILITY
