=== SIMULATION 005A VERIFICATION ===
....................................................                     [100%]
52 passed in 0.13s

=== RUNNING SIMULATION 005A ===
=== SIMULATION 005A RESULTS ===

MODEL=POSITIVE_ENERGY_RELATIVISTIC_MEMBRANE
GRAVITY_THEORY=GENERAL_RELATIVITY
REPULSION_CONDITION=TAU_OVER_U_GT_1_OVER_2
DEC_CONDITION=TAU_OVER_U_LE_1
DEC_COMPATIBLE_REPULSIVE_INTERVAL=0.5_LT_Q_LE_1.0

=== TARGET=micro_g ===
ACCELERATION=9.806650000000e-06 m/s^2

Q=0.51
  SURFACE_ENERGY=1.050863949949e+23 J/m^2
  TENSION=5.359406144740e+22 N/m
  MASS_EQUIVALENT_PER_AREA=1.169243832816e+06 kg/m^2
  NEC=PASS
  WEC=PASS
  DEC=PASS
  RECONSTRUCTED_ACCELERATION=9.806650000000e-06 m/s^2

Q=0.60
  SURFACE_ENERGY=1.050863949949e+22 J/m^2
  TENSION=6.305183699694e+21 N/m
  MASS_EQUIVALENT_PER_AREA=1.169243832816e+05 kg/m^2
  NEC=PASS
  WEC=PASS
  DEC=PASS
  RECONSTRUCTED_ACCELERATION=9.806650000000e-06 m/s^2

Q=0.75
  SURFACE_ENERGY=4.203455799796e+21 J/m^2
  TENSION=3.152591849847e+21 N/m
  MASS_EQUIVALENT_PER_AREA=4.676975331262e+04 kg/m^2
  NEC=PASS
  WEC=PASS
  DEC=PASS
  RECONSTRUCTED_ACCELERATION=9.806650000000e-06 m/s^2

Q=0.90
  SURFACE_ENERGY=2.627159874873e+21 J/m^2
  TENSION=2.364443887385e+21 N/m
  MASS_EQUIVALENT_PER_AREA=2.923109582039e+04 kg/m^2
  NEC=PASS
  WEC=PASS
  DEC=PASS
  RECONSTRUCTED_ACCELERATION=9.806650000000e-06 m/s^2

Q=1.00
  SURFACE_ENERGY=2.101727899898e+21 J/m^2
  TENSION=2.101727899898e+21 N/m
  MASS_EQUIVALENT_PER_AREA=2.338487665631e+04 kg/m^2
  NEC=PASS
  WEC=PASS
  DEC=PASS
  RECONSTRUCTED_ACCELERATION=9.806650000000e-06 m/s^2

--- OPTIMAL DEC DOMAIN-WALL LIMIT q=1 ---
MIN_SURFACE_ENERGY=2.101727899898e+21 J/m^2
MIN_SURFACE_MASS_EQUIVALENT=2.338487665631e+04 kg/m^2
NATURAL_UNIT_TENSION=5.107860595891e-01 GeV^3

PHI4_LAMBDA=1.00e+00
  VEV_SCALE=8.152142559411e-01 GeV
  WALL_THICKNESS_SCALE=3.423179733059e-16 m
PHI4_LAMBDA=1.00e-01
  VEV_SCALE=1.196570887825e+00 GeV
  WALL_THICKNESS_SCALE=7.375017167116e-16 m
PHI4_LAMBDA=1.00e-02
  VEV_SCALE=1.756325872808e+00 GeV
  WALL_THICKNESS_SCALE=1.588899282442e-15 m

--- PATCH ENERGY ACCOUNTING ---
PATCH_RADIUS=1.000000000000e+00 m
  POSITIVE_ENERGY_MASS=7.346575670857e+04 kg
  POSITIVE_ENERGY=6.602772930165e+21 J
PATCH_RADIUS=1.000000000000e-02 m
  POSITIVE_ENERGY_MASS=7.346575670857e+00 kg
  POSITIVE_ENERGY=6.602772930165e+17 J
PATCH_RADIUS=1.000000000000e-03 m
  POSITIVE_ENERGY_MASS=7.346575670857e-02 kg
  POSITIVE_ENERGY=6.602772930165e+15 J
PATCH_RADIUS=1.000000000000e-06 m
  POSITIVE_ENERGY_MASS=7.346575670857e-08 kg
  POSITIVE_ENERGY=6.602772930165e+09 J

=== TARGET=one_percent_g ===
ACCELERATION=9.806650000000e-02 m/s^2

Q=0.51
  SURFACE_ENERGY=1.050863949949e+27 J/m^2
  TENSION=5.359406144740e+26 N/m
  MASS_EQUIVALENT_PER_AREA=1.169243832816e+10 kg/m^2
  NEC=PASS
  WEC=PASS
  DEC=PASS
  RECONSTRUCTED_ACCELERATION=9.806650000000e-02 m/s^2

Q=0.60
  SURFACE_ENERGY=1.050863949949e+26 J/m^2
  TENSION=6.305183699694e+25 N/m
  MASS_EQUIVALENT_PER_AREA=1.169243832816e+09 kg/m^2
  NEC=PASS
  WEC=PASS
  DEC=PASS
  RECONSTRUCTED_ACCELERATION=9.806650000000e-02 m/s^2

Q=0.75
  SURFACE_ENERGY=4.203455799796e+25 J/m^2
  TENSION=3.152591849847e+25 N/m
  MASS_EQUIVALENT_PER_AREA=4.676975331262e+08 kg/m^2
  NEC=PASS
  WEC=PASS
  DEC=PASS
  RECONSTRUCTED_ACCELERATION=9.806650000000e-02 m/s^2

Q=0.90
  SURFACE_ENERGY=2.627159874873e+25 J/m^2
  TENSION=2.364443887385e+25 N/m
  MASS_EQUIVALENT_PER_AREA=2.923109582039e+08 kg/m^2
  NEC=PASS
  WEC=PASS
  DEC=PASS
  RECONSTRUCTED_ACCELERATION=9.806650000000e-02 m/s^2

Q=1.00
  SURFACE_ENERGY=2.101727899898e+25 J/m^2
  TENSION=2.101727899898e+25 N/m
  MASS_EQUIVALENT_PER_AREA=2.338487665631e+08 kg/m^2
  NEC=PASS
  WEC=PASS
  DEC=PASS
  RECONSTRUCTED_ACCELERATION=9.806650000000e-02 m/s^2

--- OPTIMAL DEC DOMAIN-WALL LIMIT q=1 ---
MIN_SURFACE_ENERGY=2.101727899898e+25 J/m^2
MIN_SURFACE_MASS_EQUIVALENT=2.338487665631e+08 kg/m^2
NATURAL_UNIT_TENSION=5.107860595891e+03 GeV^3

PHI4_LAMBDA=1.00e+00
  VEV_SCALE=1.756325872808e+01 GeV
  WALL_THICKNESS_SCALE=1.588899282442e-17 m
PHI4_LAMBDA=1.00e-01
  VEV_SCALE=2.577933829813e+01 GeV
  WALL_THICKNESS_SCALE=3.423179733059e-17 m
PHI4_LAMBDA=1.00e-02
  VEV_SCALE=3.783889387378e+01 GeV
  WALL_THICKNESS_SCALE=7.375017167116e-17 m

--- PATCH ENERGY ACCOUNTING ---
PATCH_RADIUS=1.000000000000e+00 m
  POSITIVE_ENERGY_MASS=7.346575670857e+08 kg
  POSITIVE_ENERGY=6.602772930165e+25 J
PATCH_RADIUS=1.000000000000e-02 m
  POSITIVE_ENERGY_MASS=7.346575670857e+04 kg
  POSITIVE_ENERGY=6.602772930165e+21 J
PATCH_RADIUS=1.000000000000e-03 m
  POSITIVE_ENERGY_MASS=7.346575670857e+02 kg
  POSITIVE_ENERGY=6.602772930165e+19 J
PATCH_RADIUS=1.000000000000e-06 m
  POSITIVE_ENERGY_MASS=7.346575670857e-04 kg
  POSITIVE_ENERGY=6.602772930165e+13 J

=== TARGET=one_g ===
ACCELERATION=9.806650000000e+00 m/s^2

Q=0.51
  SURFACE_ENERGY=1.050863949949e+29 J/m^2
  TENSION=5.359406144740e+28 N/m
  MASS_EQUIVALENT_PER_AREA=1.169243832816e+12 kg/m^2
  NEC=PASS
  WEC=PASS
  DEC=PASS
  RECONSTRUCTED_ACCELERATION=9.806650000000e+00 m/s^2

Q=0.60
  SURFACE_ENERGY=1.050863949949e+28 J/m^2
  TENSION=6.305183699694e+27 N/m
  MASS_EQUIVALENT_PER_AREA=1.169243832816e+11 kg/m^2
  NEC=PASS
  WEC=PASS
  DEC=PASS
  RECONSTRUCTED_ACCELERATION=9.806650000000e+00 m/s^2

Q=0.75
  SURFACE_ENERGY=4.203455799796e+27 J/m^2
  TENSION=3.152591849847e+27 N/m
  MASS_EQUIVALENT_PER_AREA=4.676975331262e+10 kg/m^2
  NEC=PASS
  WEC=PASS
  DEC=PASS
  RECONSTRUCTED_ACCELERATION=9.806650000000e+00 m/s^2

Q=0.90
  SURFACE_ENERGY=2.627159874873e+27 J/m^2
  TENSION=2.364443887385e+27 N/m
  MASS_EQUIVALENT_PER_AREA=2.923109582039e+10 kg/m^2
  NEC=PASS
  WEC=PASS
  DEC=PASS
  RECONSTRUCTED_ACCELERATION=9.806650000000e+00 m/s^2

Q=1.00
  SURFACE_ENERGY=2.101727899898e+27 J/m^2
  TENSION=2.101727899898e+27 N/m
  MASS_EQUIVALENT_PER_AREA=2.338487665631e+10 kg/m^2
  NEC=PASS
  WEC=PASS
  DEC=PASS
  RECONSTRUCTED_ACCELERATION=9.806650000000e+00 m/s^2

--- OPTIMAL DEC DOMAIN-WALL LIMIT q=1 ---
MIN_SURFACE_ENERGY=2.101727899898e+27 J/m^2
MIN_SURFACE_MASS_EQUIVALENT=2.338487665631e+10 kg/m^2
NATURAL_UNIT_TENSION=5.107860595891e+05 GeV^3

PHI4_LAMBDA=1.00e+00
  VEV_SCALE=8.152142559411e+01 GeV
  WALL_THICKNESS_SCALE=3.423179733059e-18 m
PHI4_LAMBDA=1.00e-01
  VEV_SCALE=1.196570887825e+02 GeV
  WALL_THICKNESS_SCALE=7.375017167116e-18 m
PHI4_LAMBDA=1.00e-02
  VEV_SCALE=1.756325872808e+02 GeV
  WALL_THICKNESS_SCALE=1.588899282442e-17 m

--- PATCH ENERGY ACCOUNTING ---
PATCH_RADIUS=1.000000000000e+00 m
  POSITIVE_ENERGY_MASS=7.346575670857e+10 kg
  POSITIVE_ENERGY=6.602772930165e+27 J
PATCH_RADIUS=1.000000000000e-02 m
  POSITIVE_ENERGY_MASS=7.346575670857e+06 kg
  POSITIVE_ENERGY=6.602772930165e+23 J
PATCH_RADIUS=1.000000000000e-03 m
  POSITIVE_ENERGY_MASS=7.346575670857e+04 kg
  POSITIVE_ENERGY=6.602772930165e+21 J
PATCH_RADIUS=1.000000000000e-06 m
  POSITIVE_ENERGY_MASS=7.346575670857e-02 kg
  POSITIVE_ENERGY=6.602772930165e+15 J

=== SIMULATION 005A SUMMARY ===

POSITIVE_ENERGY_REPULSION_WITH_NEC_WEC_DEC=YES
REPULSIVE_TENSION_THRESHOLD_Q=0.5
DEC_MAXIMUM_TENSION_RATIO_Q=1.0
DOMAIN_WALL_Q1_OPTIMAL_WITHIN_DEC_MEMBRANE_CLASS=YES
ONE_G_MIN_SURFACE_ENERGY=2.101727899898e+27 J/m^2
ONE_G_MIN_SURFACE_MASS=2.338487665631e+10 kg/m^2
ONE_G_PHI4_LAMBDA1_VEV=8.152142559411e+01 GeV
NEGATIVE_ENERGY_REQUIRED=NO
NEGATIVE_ADM_MASS_REQUIRED=NO_FOR_PLANAR_WALL
ELECTRIC_CHARGE_REQUIRED=NO
SCHWINGER_LIMIT_RELEVANT=NO
KNOWN_GR_DOMAIN_WALL_REPULSION_REPRODUCED=YES
FINITE_STABLE_LAB_CONFIGURATION_ESTABLISHED=NO
DATA=results/data/005a_relativistic_tension_wall.csv
FIGURE=results/figures/005a_tension_efficiency.png

DESIGN_PRINCIPLE=MAXIMIZE_RELATIVISTIC_TANGENTIAL_TENSION_PER_UNIT_POSITIVE_ENERGY
NEXT=FINITE_SCALAR_WALL_STABILITY_AND_BOUNDARY_SUPPORT
