=== SIMULATION 005B VERIFICATION ===
.............................................................            [100%]
61 passed in 28.57s

=== RUNNING SIMULATION 005B ===
=== SIMULATION 005B RESULTS ===

GRAVITY_APPROXIMATION=LINEARIZED_GENERAL_RELATIVITY
SOURCE=FINITE_RELATIVISTIC_TENSION_DISK
SUPPORT=MINIMUM_ENERGY_DEC_COMPRESSIVE_RIM

=== REPULSIVE ZONE SEARCH ===
Q=0.510000
  REPULSION_ZERO_Z_OVER_R=0.019241312883
  OPTIMAL_H_OVER_R=0.012825718252
  OPTIMAL_R_OVER_H=77.968343011137
  MASS_COEFFICIENT=921277.182138847187

Q=0.600000
  REPULSION_ZERO_Z_OVER_R=0.147062162875
  OPTIMAL_H_OVER_R=0.097287587496
  OPTIMAL_R_OVER_H=10.278803552828
  MASS_COEFFICIENT=1773.610763064954

Q=0.750000
  REPULSION_ZERO_Z_OVER_R=0.273445988244
  OPTIMAL_H_OVER_R=0.177778563827
  OPTIMAL_R_OVER_H=5.624975129014
  MASS_COEFFICIENT=250.357864005367

Q=0.900000
  REPULSION_ZERO_Z_OVER_R=0.353553390593
  OPTIMAL_H_OVER_R=0.226351661981
  OPTIMAL_R_OVER_H=4.417904384918
  MASS_COEFFICIENT=111.360821443982

Q=1.000000
  REPULSION_ZERO_Z_OVER_R=0.393319893190
  OPTIMAL_H_OVER_R=0.249616235582
  OPTIMAL_R_OVER_H=4.006149670781
  MASS_COEFFICIENT=79.753148116012

=== GLOBAL DEC ARCHITECTURE OPTIMUM ===
OPTIMAL_Q=1.000000000000
OPTIMAL_H_OVER_R=0.249616235582
OPTIMAL_R_OVER_H=4.006149670781
OPTIMAL_FIELD_FACTOR=0.301854576850
REPULSION_ZERO_Z_OVER_R=0.393319893190
MINIMUM_MASS_COEFFICIENT=79.753148116012

MASS_SCALING=M_MIN=COEFFICIENT*A_TARGET*H^2/G

=== TARGET STAND-OFF SEARCH ===
=== TARGET=micro_g ===
STANDOFF=1m
  OPTIMAL_RADIUS=4.006149670781e+00 m
  SURFACE_ENERGY=6.962716689034e+21 J/m^2
  TOTAL_POSITIVE_MASS_ENERGY=1.171825075247e+07 kg
  TOTAL_ENERGY=1.053183854952e+24 J
  TOTAL_ACTIVE_MASS=1.171825075247e+07 kg
  COMPACTNESS=2.172200624361e-21
  SURFACE_OUTWARD_ACCELERATION=3.248799505484e-05 m/s^2
  TARGET_OUTWARD_ACCELERATION=9.806650000000e-06 m/s^2
  REPULSION_ZERO_HEIGHT=1.575698360616e+00 m

STANDOFF=1cm
  OPTIMAL_RADIUS=4.006149670781e-02 m
  SURFACE_ENERGY=6.962716689034e+21 J/m^2
  TOTAL_POSITIVE_MASS_ENERGY=1.171825075247e+03 kg
  TOTAL_ENERGY=1.053183854952e+20 J
  TOTAL_ACTIVE_MASS=1.171825075247e+03 kg
  COMPACTNESS=2.172200624361e-23
  SURFACE_OUTWARD_ACCELERATION=3.248799505484e-05 m/s^2
  TARGET_OUTWARD_ACCELERATION=9.806650000000e-06 m/s^2
  REPULSION_ZERO_HEIGHT=1.575698360616e-02 m

STANDOFF=1mm
  OPTIMAL_RADIUS=4.006149670781e-03 m
  SURFACE_ENERGY=6.962716689034e+21 J/m^2
  TOTAL_POSITIVE_MASS_ENERGY=1.171825075247e+01 kg
  TOTAL_ENERGY=1.053183854952e+18 J
  TOTAL_ACTIVE_MASS=1.171825075247e+01 kg
  COMPACTNESS=2.172200624361e-24
  SURFACE_OUTWARD_ACCELERATION=3.248799505484e-05 m/s^2
  TARGET_OUTWARD_ACCELERATION=9.806650000000e-06 m/s^2
  REPULSION_ZERO_HEIGHT=1.575698360616e-03 m

STANDOFF=1um
  OPTIMAL_RADIUS=4.006149670781e-06 m
  SURFACE_ENERGY=6.962716689034e+21 J/m^2
  TOTAL_POSITIVE_MASS_ENERGY=1.171825075247e-05 kg
  TOTAL_ENERGY=1.053183854952e+12 J
  TOTAL_ACTIVE_MASS=1.171825075247e-05 kg
  COMPACTNESS=2.172200624361e-27
  SURFACE_OUTWARD_ACCELERATION=3.248799505484e-05 m/s^2
  TARGET_OUTWARD_ACCELERATION=9.806650000000e-06 m/s^2
  REPULSION_ZERO_HEIGHT=1.575698360616e-06 m

=== TARGET=one_percent_g ===
STANDOFF=1m
  OPTIMAL_RADIUS=4.006149670781e+00 m
  SURFACE_ENERGY=6.962716689034e+25 J/m^2
  TOTAL_POSITIVE_MASS_ENERGY=1.171825075247e+11 kg
  TOTAL_ENERGY=1.053183854952e+28 J
  TOTAL_ACTIVE_MASS=1.171825075247e+11 kg
  COMPACTNESS=2.172200624361e-17
  SURFACE_OUTWARD_ACCELERATION=3.248799505484e-01 m/s^2
  TARGET_OUTWARD_ACCELERATION=9.806650000000e-02 m/s^2
  REPULSION_ZERO_HEIGHT=1.575698360616e+00 m

STANDOFF=1cm
  OPTIMAL_RADIUS=4.006149670781e-02 m
  SURFACE_ENERGY=6.962716689034e+25 J/m^2
  TOTAL_POSITIVE_MASS_ENERGY=1.171825075247e+07 kg
  TOTAL_ENERGY=1.053183854952e+24 J
  TOTAL_ACTIVE_MASS=1.171825075247e+07 kg
  COMPACTNESS=2.172200624361e-19
  SURFACE_OUTWARD_ACCELERATION=3.248799505484e-01 m/s^2
  TARGET_OUTWARD_ACCELERATION=9.806650000000e-02 m/s^2
  REPULSION_ZERO_HEIGHT=1.575698360616e-02 m

STANDOFF=1mm
  OPTIMAL_RADIUS=4.006149670781e-03 m
  SURFACE_ENERGY=6.962716689034e+25 J/m^2
  TOTAL_POSITIVE_MASS_ENERGY=1.171825075247e+05 kg
  TOTAL_ENERGY=1.053183854952e+22 J
  TOTAL_ACTIVE_MASS=1.171825075247e+05 kg
  COMPACTNESS=2.172200624361e-20
  SURFACE_OUTWARD_ACCELERATION=3.248799505484e-01 m/s^2
  TARGET_OUTWARD_ACCELERATION=9.806650000000e-02 m/s^2
  REPULSION_ZERO_HEIGHT=1.575698360616e-03 m

STANDOFF=1um
  OPTIMAL_RADIUS=4.006149670781e-06 m
  SURFACE_ENERGY=6.962716689034e+25 J/m^2
  TOTAL_POSITIVE_MASS_ENERGY=1.171825075247e-01 kg
  TOTAL_ENERGY=1.053183854952e+16 J
  TOTAL_ACTIVE_MASS=1.171825075247e-01 kg
  COMPACTNESS=2.172200624361e-23
  SURFACE_OUTWARD_ACCELERATION=3.248799505484e-01 m/s^2
  TARGET_OUTWARD_ACCELERATION=9.806650000000e-02 m/s^2
  REPULSION_ZERO_HEIGHT=1.575698360616e-06 m

=== TARGET=one_g ===
STANDOFF=1m
  OPTIMAL_RADIUS=4.006149670781e+00 m
  SURFACE_ENERGY=6.962716689034e+27 J/m^2
  TOTAL_POSITIVE_MASS_ENERGY=1.171825075247e+13 kg
  TOTAL_ENERGY=1.053183854952e+30 J
  TOTAL_ACTIVE_MASS=1.171825075247e+13 kg
  COMPACTNESS=2.172200624361e-15
  SURFACE_OUTWARD_ACCELERATION=3.248799505484e+01 m/s^2
  TARGET_OUTWARD_ACCELERATION=9.806650000000e+00 m/s^2
  REPULSION_ZERO_HEIGHT=1.575698360616e+00 m

STANDOFF=1cm
  OPTIMAL_RADIUS=4.006149670781e-02 m
  SURFACE_ENERGY=6.962716689034e+27 J/m^2
  TOTAL_POSITIVE_MASS_ENERGY=1.171825075247e+09 kg
  TOTAL_ENERGY=1.053183854952e+26 J
  TOTAL_ACTIVE_MASS=1.171825075247e+09 kg
  COMPACTNESS=2.172200624361e-17
  SURFACE_OUTWARD_ACCELERATION=3.248799505484e+01 m/s^2
  TARGET_OUTWARD_ACCELERATION=9.806650000000e+00 m/s^2
  REPULSION_ZERO_HEIGHT=1.575698360616e-02 m

STANDOFF=1mm
  OPTIMAL_RADIUS=4.006149670781e-03 m
  SURFACE_ENERGY=6.962716689034e+27 J/m^2
  TOTAL_POSITIVE_MASS_ENERGY=1.171825075247e+07 kg
  TOTAL_ENERGY=1.053183854952e+24 J
  TOTAL_ACTIVE_MASS=1.171825075247e+07 kg
  COMPACTNESS=2.172200624361e-18
  SURFACE_OUTWARD_ACCELERATION=3.248799505484e+01 m/s^2
  TARGET_OUTWARD_ACCELERATION=9.806650000000e+00 m/s^2
  REPULSION_ZERO_HEIGHT=1.575698360616e-03 m

STANDOFF=1um
  OPTIMAL_RADIUS=4.006149670781e-06 m
  SURFACE_ENERGY=6.962716689034e+27 J/m^2
  TOTAL_POSITIVE_MASS_ENERGY=1.171825075247e+01 kg
  TOTAL_ENERGY=1.053183854952e+18 J
  TOTAL_ACTIVE_MASS=1.171825075247e+01 kg
  COMPACTNESS=2.172200624361e-21
  SURFACE_OUTWARD_ACCELERATION=3.248799505484e+01 m/s^2
  TARGET_OUTWARD_ACCELERATION=9.806650000000e+00 m/s^2
  REPULSION_ZERO_HEIGHT=1.575698360616e-06 m

=== SIMULATION 005B SUMMARY ===

FINITE_LOCAL_GRAVITATIONAL_REPULSION=YES
FINITE_SOURCE_TOTAL_ENERGY_POSITIVE=YES
COMPONENT_NEC_WEC_DEC_COMPATIBLE=YES
VON_LAUE_STRESS_BALANCE=YES
TOTAL_ACTIVE_MASS_POSITIVE=YES
FAR_FIELD_DIRECTION=ATTRACTIVE
LOCAL_FIELD_DIRECTION_NEAR_WALL=REPULSIVE
OPTIMAL_DEC_TENSION_RATIO=1.000000000000
OPTIMAL_RADIUS_OVER_STANDOFF=4.006149670781
REPULSIVE_ZONE_HEIGHT_OVER_RADIUS=0.393319893190
MINIMUM_MASS_COEFFICIENT=79.753148116012
MINIMUM_MASS_LAW=M_EQUIV=79.753...*A*H^2/G

ONE_G_AT_1M_STANDOFF:
  MIN_MASS_EQUIVALENT=1.171825075247e+13 kg
  REQUIRED_RADIUS=4.006149670781e+00 m
  REQUIRED_ENERGY=1.053183854952e+30 J

MICRO_G_AT_1CM_STANDOFF:
  MIN_MASS_EQUIVALENT=1.171825075247e+03 kg
  REQUIRED_RADIUS=4.006149670781e-02 m
  REQUIRED_ENERGY=1.053183854952e+20 J

TARGET_RECONSTRUCTION=PASS
NEGATIVE_ENERGY_REQUIRED=NO
NEGATIVE_ADM_MASS_REQUIRED=NO
GLOBAL_ANTIGRAVITY_FIELD_ESTABLISHED=NO
LOCAL_ANTIGRAVITY_FIELD_ESTABLISHED_IN_MODEL=YES
KNOWN_MATERIAL_REALIZATION=NO
MODEL_SCOPE=LINEARIZED_GR_FINITE_DISK_PLUS_MINIMUM_DEC_SUPPORT
DATA=results/data/005b_finite_supported_antigravity.csv
FIGURE=results/figures/005b_finite_supported_field.png

NEXT=RELATIVISTIC_STRESS_REALIZATION_AND_ENERGY_LOWER_BOUND
