=== SIMULATION 006A VERIFICATION ===
......                                                                   [100%]
6 passed in 0.09s

=== RUNNING SIMULATION 006A ===
=== SIMULATION 006A RESULTS ===

GENERAL_STATIC_DEC_LP_STATUS=GREEN
GENERAL_MIN_ENERGY_COEFFICIENT=1.000000000000
E_REP=0.500000000000
E_SUPPORT=0.500000000000
P_REP_X=-0.500000000000
P_REP_Y=-0.500000000000
P_REP_Z=-0.500000000000
P_SUPPORT_X=0.500000000000
P_SUPPORT_Y=0.500000000000
P_SUPPORT_Z=0.500000000000

DOMAIN_WALL_STATIC_DEC_LP_STATUS=GREEN
DOMAIN_WALL_MIN_ENERGY_COEFFICIENT=2.000000000000

005B_DISK_MASS_COEFFICIENT=79.753148116012
005B_OVER_GENERAL_STATIC_BOUND=79.753148116012
005B_OVER_DOMAIN_WALL_ABSTRACT_BOUND=39.876574058006

=== FUNDAMENTAL SCALE MATRIX ===
=== TARGET=micro_g ===
DISTANCE=1m
  POINTWISE_DEC_MIN_MASS=7.346575670857e+04 kg
  STATIC_LAUE_DEC_MIN_MASS=1.469315134171e+05 kg
  STATIC_LAUE_DEC_MIN_ENERGY=1.320554586033e+22 J
  005B_DISK_EQUIVALENT_MASS=1.171825075247e+07 kg
DISTANCE=1cm
  POINTWISE_DEC_MIN_MASS=7.346575670857e+00 kg
  STATIC_LAUE_DEC_MIN_MASS=1.469315134171e+01 kg
  STATIC_LAUE_DEC_MIN_ENERGY=1.320554586033e+18 J
  005B_DISK_EQUIVALENT_MASS=1.171825075247e+03 kg
DISTANCE=1mm
  POINTWISE_DEC_MIN_MASS=7.346575670857e-02 kg
  STATIC_LAUE_DEC_MIN_MASS=1.469315134171e-01 kg
  STATIC_LAUE_DEC_MIN_ENERGY=1.320554586033e+16 J
  005B_DISK_EQUIVALENT_MASS=1.171825075247e+01 kg
DISTANCE=1um
  POINTWISE_DEC_MIN_MASS=7.346575670857e-08 kg
  STATIC_LAUE_DEC_MIN_MASS=1.469315134171e-07 kg
  STATIC_LAUE_DEC_MIN_ENERGY=1.320554586033e+10 J
  005B_DISK_EQUIVALENT_MASS=1.171825075247e-05 kg
DISTANCE=1nm
  POINTWISE_DEC_MIN_MASS=7.346575670857e-14 kg
  STATIC_LAUE_DEC_MIN_MASS=1.469315134171e-13 kg
  STATIC_LAUE_DEC_MIN_ENERGY=1.320554586033e+04 J
  005B_DISK_EQUIVALENT_MASS=1.171825075247e-11 kg

=== TARGET=one_percent_g ===
DISTANCE=1m
  POINTWISE_DEC_MIN_MASS=7.346575670857e+08 kg
  STATIC_LAUE_DEC_MIN_MASS=1.469315134171e+09 kg
  STATIC_LAUE_DEC_MIN_ENERGY=1.320554586033e+26 J
  005B_DISK_EQUIVALENT_MASS=1.171825075247e+11 kg
DISTANCE=1cm
  POINTWISE_DEC_MIN_MASS=7.346575670857e+04 kg
  STATIC_LAUE_DEC_MIN_MASS=1.469315134171e+05 kg
  STATIC_LAUE_DEC_MIN_ENERGY=1.320554586033e+22 J
  005B_DISK_EQUIVALENT_MASS=1.171825075247e+07 kg
DISTANCE=1mm
  POINTWISE_DEC_MIN_MASS=7.346575670857e+02 kg
  STATIC_LAUE_DEC_MIN_MASS=1.469315134171e+03 kg
  STATIC_LAUE_DEC_MIN_ENERGY=1.320554586033e+20 J
  005B_DISK_EQUIVALENT_MASS=1.171825075247e+05 kg
DISTANCE=1um
  POINTWISE_DEC_MIN_MASS=7.346575670857e-04 kg
  STATIC_LAUE_DEC_MIN_MASS=1.469315134171e-03 kg
  STATIC_LAUE_DEC_MIN_ENERGY=1.320554586033e+14 J
  005B_DISK_EQUIVALENT_MASS=1.171825075247e-01 kg
DISTANCE=1nm
  POINTWISE_DEC_MIN_MASS=7.346575670857e-10 kg
  STATIC_LAUE_DEC_MIN_MASS=1.469315134171e-09 kg
  STATIC_LAUE_DEC_MIN_ENERGY=1.320554586033e+08 J
  005B_DISK_EQUIVALENT_MASS=1.171825075247e-07 kg

=== TARGET=one_g ===
DISTANCE=1m
  POINTWISE_DEC_MIN_MASS=7.346575670857e+10 kg
  STATIC_LAUE_DEC_MIN_MASS=1.469315134171e+11 kg
  STATIC_LAUE_DEC_MIN_ENERGY=1.320554586033e+28 J
  005B_DISK_EQUIVALENT_MASS=1.171825075247e+13 kg
DISTANCE=1cm
  POINTWISE_DEC_MIN_MASS=7.346575670857e+06 kg
  STATIC_LAUE_DEC_MIN_MASS=1.469315134171e+07 kg
  STATIC_LAUE_DEC_MIN_ENERGY=1.320554586033e+24 J
  005B_DISK_EQUIVALENT_MASS=1.171825075247e+09 kg
DISTANCE=1mm
  POINTWISE_DEC_MIN_MASS=7.346575670857e+04 kg
  STATIC_LAUE_DEC_MIN_MASS=1.469315134171e+05 kg
  STATIC_LAUE_DEC_MIN_ENERGY=1.320554586033e+22 J
  005B_DISK_EQUIVALENT_MASS=1.171825075247e+07 kg
DISTANCE=1um
  POINTWISE_DEC_MIN_MASS=7.346575670857e-02 kg
  STATIC_LAUE_DEC_MIN_MASS=1.469315134171e-01 kg
  STATIC_LAUE_DEC_MIN_ENERGY=1.320554586033e+16 J
  005B_DISK_EQUIVALENT_MASS=1.171825075247e+01 kg
DISTANCE=1nm
  POINTWISE_DEC_MIN_MASS=7.346575670857e-08 kg
  STATIC_LAUE_DEC_MIN_MASS=1.469315134171e-07 kg
  STATIC_LAUE_DEC_MIN_ENERGY=1.320554586033e+10 J
  005B_DISK_EQUIVALENT_MASS=1.171825075247e-05 kg

=== SIMULATION 006A SUMMARY ===

POINTWISE_DEC_MAX_NEGATIVE_ACTIVE_RATIO=-2
MAXIMALLY_REPULSIVE_DEC_STRESS=PX_EQ_PY_EQ_PZ_EQ_MINUS_EPSILON
STATIC_LAUE_STRESS_BALANCE_REQUIRED=YES
GENERAL_STATIC_DEC_MIN_MASS_COEFFICIENT=1.000000000000
DOMAIN_WALL_SUBCLASS_MIN_MASS_COEFFICIENT=2.000000000000
005B_ARCHITECTURE_COEFFICIENT=79.753148116012

ONE_G_1M_STATIC_LOWER_BOUND_MASS=1.469315134171e+11 kg
ONE_G_1M_STATIC_LOWER_BOUND_ENERGY=1.320554586033e+28 J
ONE_G_1UM_STATIC_LOWER_BOUND_MASS=1.469315134171e-01 kg
ONE_G_1UM_STATIC_LOWER_BOUND_ENERGY=1.320554586033e+16 J
MICRO_G_1CM_STATIC_LOWER_BOUND_MASS=1.469315134171e+01 kg
MICRO_G_1CM_STATIC_LOWER_BOUND_ENERGY=1.320554586033e+18 J

METER_SCALE_PRACTICAL_STATIC_DEC_ANTIGRAVITY=NO_WITH_KNOWN_ENERGY_SCALES
MICROSCOPIC_DISTANCE_REDUCES_COST_AS_H_SQUARED=YES
NEGATIVE_ENERGY_NEEDED_FOR_THE_SIGN=NO
NEGATIVE_ENERGY_OR_MODIFIED_GRAVITY_NEEDED_TO_BEAT_THIS_BOUND=LIKELY_UNDER_STATED_ASSUMPTIONS
BOUND_SCOPE=STATIC_LINEARIZED_GR_TYPE_I_DEC_LOCALIZED_SOURCE
DATA=results/data/006a_static_dec_energy_bound.csv
FIGURE=results/figures/006a_static_dec_mass_bound.png

NEXT=DEC_BOUND_ESCAPE_ROUTES_QUANTUM_NEGATIVE_ENERGY_VS_MODIFIED_GRAVITY
