=== SIMULATION 006B RESULTS ===

GRAVITY_APPROXIMATION=LINEARIZED_GENERAL_RELATIVITY
GEOMETRY=AXISYMMETRIC_THIN_SURFACE_PLUS_LINE_SUPPORT
LOCAL_CONSERVATION=ENFORCED_IN_RADIAL_THIN_SOURCE_MODEL
POINTWISE_DEC=ENFORCED
FINITE_THICKNESS=NO
FULL_2D_RZ_OPTIMIZATION=NO

=== INDEPENDENT 005B RECONSTRUCTION ===
RECONSTRUCTED_OPTIMAL_R_OVER_H=4.006149705483
RECONSTRUCTED_005B_COEFFICIENT=79.753148116012
005B_REFERENCE_MATCH=YES

=== CONSERVED ANNULAR OPTIMUM ===
INNER_RADIUS_OVER_H=1.437500564637
OUTER_RADIUS_OVER_H=4.701437405300
CLOSED_FORM_COEFFICIENT=23.426710175391
IMPROVEMENT_OVER_005B=3.404368241162x
REMAINING_FACTOR_ABOVE_006A_ABSTRACT=23.426710175391x

=== INDEPENDENT RADIAL LP CONVERGENCE ===
N=50 LP_COEFFICIENT=23.279848767693 RELATIVE_ERROR=-6.268972749406e-03
N=100 LP_COEFFICIENT=23.390094671093 RELATIVE_ERROR=-1.562981059804e-03
N=200 LP_COEFFICIENT=23.417573464368 RELATIVE_ERROR=-3.900125521157e-04
N=400 LP_COEFFICIENT=23.424535334824 RELATIVE_ERROR=-9.283593602616e-05
N=800 LP_COEFFICIENT=23.426231369342 RELATIVE_ERROR=-2.043846726030e-05

=== SIMULATION 006B SUMMARY ===
REGRESSION_BASELINE_RECONSTRUCTED=YES
INDEPENDENT_LP_CONVERGENCE=PASS
POINTWISE_POSITIVE_ENERGY=YES
POINTWISE_DEC=YES
LOCAL_RADIAL_CONSERVATION=YES
ACTUAL_SPATIAL_GRAVITATIONAL_KERNEL=YES
TARGET_OUTWARD_ACCELERATION_NORMALIZED=YES
TOTAL_ENERGY_MINIMIZED=YES_WITHIN_THIN_RADIAL_SUBCLASS
C_006B_THIN_SUBCLASS=23.426710175391
C_006B_FULL_2D=NOT_YET_ESTABLISHED
FINITE_THICKNESS_REALIZATION=NOT_YET_ESTABLISHED
DYNAMIC_STABILITY=NOT_YET_ESTABLISHED
KNOWN_MATERIAL_REALIZATION=NO
PRACTICAL_ANTIGRAVITY_DEVICE=NO
CLAIM_CLASSIFICATION=NUMERICAL_OPTIMIZATION_RESULT
DATA=results/data/006b_geometry_aware_dec_optimizer.csv
FIGURE=results/figures/006b_geometry_aware_dec_convergence.png
NEXT=EXTEND_006B_TO_FULL_RZ_WITH_SHEAR_AND_EXACT_DEC_CHECKS
