=== 006B FULL-RZ DECISION SLICE ===
CVXPY_VERSION=1.9.2
INSTALLED_SOLVERS=CLARABEL,SCS,SCIPY,HIGHS,OSQP
THIN_REFERENCE_C=23.426710175391
TARGET_STANDOFF_H=1
TARGET_ACCELERATION=1
KERNEL=EXACT_ANNULAR_CELL_INTEGRAL
STRESS_GRID=STAGGERED_FINITE_VOLUME
LOCAL_CONSERVATION=EXACT_CELL_FORCE_BALANCE
DEC=EXACT_EIGENVALUE_SOC

CASE=A_COARSE_COMPACT GRID=6x4 RMAX=5.000 DEPTH=1.000 STATUS=optimal SOLVER=CLARABEL
  C=326.856547069958
  ACCELERATION=0.999999994356
  MAX_DEC_VIOLATION=1.337e-08
  MAX_CONSERVATION_RESIDUAL=1.085e-11
  STRESS_TRACE_INTEGRAL=9.567e-13
  RATIO_TO_THIN_REFERENCE=13.952302505

CASE=B_MEDIUM_COMPACT GRID=8x6 RMAX=5.000 DEPTH=1.000 STATUS=optimal SOLVER=CLARABEL
  C=80.635416635818
  ACCELERATION=0.999999995869
  MAX_DEC_VIOLATION=1.523e-08
  MAX_CONSERVATION_RESIDUAL=3.224e-14
  STRESS_TRACE_INTEGRAL=-7.158e-15
  RATIO_TO_THIN_REFERENCE=3.442029036

CASE=C_FINE_COMPACT GRID=10x8 RMAX=5.000 DEPTH=1.000 STATUS=optimal SOLVER=CLARABEL
  C=51.238386636844
  ACCELERATION=0.999999999864
  MAX_DEC_VIOLATION=7.345e-10
  MAX_CONSERVATION_RESIDUAL=5.029e-13
  STRESS_TRACE_INTEGRAL=3.365e-15
  RATIO_TO_THIN_REFERENCE=2.187178065

CASE=D_MEDIUM_EXPANDED GRID=8x6 RMAX=7.000 DEPTH=2.000 STATUS=optimal SOLVER=CLARABEL
  C=76.194048456460
  ACCELERATION=0.999999997932
  MAX_DEC_VIOLATION=7.114e-09
  MAX_CONSERVATION_RESIDUAL=2.042e-13
  STRESS_TRACE_INTEGRAL=1.944e-14
  RATIO_TO_THIN_REFERENCE=3.252443381

CASE=E_FINE_EXPANDED GRID=10x8 RMAX=7.000 DEPTH=2.000 STATUS=optimal SOLVER=CLARABEL
  C=53.002083298871
  ACCELERATION=0.999999996281
  MAX_DEC_VIOLATION=1.251e-08
  MAX_CONSERVATION_RESIDUAL=1.741e-13
  STRESS_TRACE_INTEGRAL=-1.061e-14
  RATIO_TO_THIN_REFERENCE=2.262463782

=== 006B FULL-RZ DECISION SUMMARY ===
BEST_CASE=C_FINE_COMPACT
BEST_C=51.238386636844
THIN_REFERENCE_C=23.426710175391
BEST_RATIO_TO_THIN=2.187178065261
NUMERICAL_CONSTRAINT_CHECK=PASS
DECISION=CURRENT_FINITE_VOLUME_FULL_RZ_COSTLIER_THAN_THIN_REFERENCE
CLAIM_CLASSIFICATION=NUMERICAL_OBSERVATION
CONTINUUM_OPTIMUM=NOT_ESTABLISHED
FINITE_THICKNESS_PHYSICAL_REALIZATION=NOT_ESTABLISHED
DYNAMIC_STABILITY=NOT_ESTABLISHED
KNOWN_MATERIAL_REALIZATION=NO
PRACTICAL_ANTIGRAVITY_DEVICE=NO
DATA=results/data/006b_full_rz_decision.csv
NEXT=INTERPRET_GRID_AND_DOMAIN_TREND_BEFORE_MORE_COMPLEXITY
