=== SIMULATION 006C RESULTS ===
IMPLEMENTATION=DIRECT_NUMERICAL_GREEN_FUNCTION_INTEGRATION
PRIMARY_FIELD_IMPLEMENTATION_REUSES_005B_ANALYTIC_FORMULA=NO

=== FIELD GRID CROSS-CHECK ===
COMPARISON_POINT_COUNT=30
MAX_ABSOLUTE_FIELD_ERROR=2.220446049250e-16
MAX_RELATIVE_FIELD_ERROR=1.419475206905e-15
FIELD_GRID_MATCH=PASS

=== INDEPENDENT REPULSIVE ZERO ===
NUMERIC_Z_ZERO_OVER_R=0.393319893190334
REFERENCE_Z_ZERO_OVER_R=0.393319893190329
ZERO_ABSOLUTE_ERROR=4.773959005888e-15
REPULSIVE_ZERO_MATCH=PASS

=== INDEPENDENT 005B OPTIMUM ===
OPTIMAL_H_OVER_R=0.249616231845956
OPTIMAL_R_OVER_H=4.006149730747969
REFERENCE_R_OVER_H=4.006149670781000
R_OVER_H_ABSOLUTE_ERROR=5.996696916810e-08
NUMERIC_005B_COEFFICIENT=79.753148116012255
REFERENCE_005B_COEFFICIENT=79.753148116011999
COEFFICIENT_ABSOLUTE_ERROR=2.557953848736e-13
005B_OPTIMUM_MATCH=PASS

=== SIMULATION 006C SUMMARY ===
DIRECT_STRESS_ENERGY_GREEN_FUNCTION_INTEGRATION=YES
INDEPENDENT_OF_005B_FIELD_IMPLEMENTATION=YES
FIELD_GRID_VERIFIED=YES
REPULSIVE_ZERO_VERIFIED=YES
005B_OPTIMUM_VERIFIED=YES
SIMULATION_006C=GREEN
CLAIM_CLASSIFICATION=INDEPENDENT_NUMERICAL_VERIFICATION
FINITE_THICKNESS_REALIZATION=NOT_ESTABLISHED
DYNAMIC_STABILITY=NOT_ESTABLISHED
KNOWN_MATERIAL_REALIZATION=NO
PRACTICAL_ANTIGRAVITY_DEVICE=NO
DATA=results/data/006c_independent_finite_disk_field.csv
NEXT=006D_FINITE_THICKNESS_REALIZABILITY_GATE
