=== SIMULATION 008A — WALL + CURRENT LOOP GATE ===
MODEL=EFFECTIVE_DOMAIN_WALL_PLUS_CONSERVED_CURRENT_LOOP
FULL_MICROSCOPIC_VORTON_FIELD_THEORY=NOT_MODELED

=== OPTIMIZATION SCAN ===
BARE_STRING_RATIO=0.000000 OPTIMAL_R_OVER_H=4.006149709429 C=79.753148116012
BARE_STRING_RATIO=0.010000 OPTIMAL_R_OVER_H=4.039325644257 C=82.041436173945
BARE_STRING_RATIO=0.050000 OPTIMAL_R_OVER_H=4.171597253678 C=91.604388184216
BARE_STRING_RATIO=0.100000 OPTIMAL_R_OVER_H=4.336033154684 C=104.504604223434
BARE_STRING_RATIO=0.250000 OPTIMAL_R_OVER_H=4.824229508470 C=149.906736528081

=== CENTRAL RESULT ===
ZERO_BARE_STRING_OPTIMAL_R_OVER_H=4.006149709429
ZERO_BARE_STRING_C=79.753148116012
REFERENCE_005B_C=79.753148116012
REFERENCE_006D_C=23.591586299249
CURRENT_LOOP_TO_006D_C_RATIO=3.380575901272
RECOVERS_005B=YES
POSITIVE_BARE_STRING_ENERGY_WORSENS=YES
RADIAL_EFFECTIVE_STABILITY=YES
FULL_FIELD_THEORY_STABILITY=NOT_ESTABLISHED
WALL_PLUS_CURRENT_LOOP_IMPROVES_006D=NO

=== SCIENTIFIC DECISION ===
SIMPLE_LOCALIZED_VORTON_BOUNDARY=DEPRIORITIZE_AS_ENERGY_PATH
CURRENT_LOOP_CAN_SUPPLY_REQUIRED_EFFECTIVE_COMPRESSION=YES_WITHIN_EFFECTIVE_MODEL
006D_DISTRIBUTED_COLLAR_REMAINS_MORE_EFFICIENT=YES
KNOWN_MICROSCOPIC_REALIZATION_OF_006D_COLLAR=NO
DYNAMIC_STABILITY_OF_COMPLETE_006D_SOURCE=NOT_ESTABLISHED
PRACTICAL_ANTIGRAVITY_DEVICE=NO
CLAIM_CLASSIFICATION=ANALYTICAL_EFFECTIVE_FIELD_THEORY_GATE
NEXT=DISTRIBUTED_FIELD_THEORY_COLLAR_REALIZATION_OR_CLASSICAL_BRANCH_STOP
OUTPUT_CSV=/Users/mymac/Desktop/antigravity_research/results/data/008a_wall_current_loop_gate.csv
SIMULATION_008A=GREEN
