=== SIMULATION 008B — DISTRIBUTED FIELD REPRESENTABILITY ===
TARGET_STRESS=006D_FINEST_REGULARIZED_PROFILE
006D_SCALE=0.00625000

=== REPRESENTATIVE LOCAL DECOMPOSITIONS ===
REGION=core R=1.434375564637 EPS=1.000000000000e+00 PR=-1.000000000000e+00 PPHI=-1.000000000000e+00 MR=0.000000000000e+00 MPHI=0.000000000000e+00 MZ=1.000000000000e+00 V=5.000000000000e-01 RANK=1 PSD=YES
REGION=inner_transition R=1.437500564637 EPS=1.000000000000e+00 PR=-1.000000000000e+00 PPHI=0.000000000000e+00 MR=0.000000000000e+00 MPHI=1.000000000000e+00 MZ=1.000000000000e+00 V=-0.000000000000e+00 RANK=2 PSD=YES
REGION=transfer_annulus R=3.069468984969 EPS=2.193257125405e-01 PR=-2.193257125405e-01 PPHI=2.193257125405e-01 MR=0.000000000000e+00 MPHI=4.386514250810e-01 MZ=2.193257125405e-01 V=-1.096628562702e-01 RANK=2 PSD=YES
REGION=outer_collar R=4.704562405300 EPS=1.054630514578e+02 PR=-4.668179904290e-02 PPHI=1.054630514578e+02 MR=1.054163696587e+02 MPHI=2.109261029155e+02 MZ=1.054630514578e+02 V=-1.054397105582e+02 RANK=3 PSD=YES

=== GLOBAL CANONICAL-SCALAR VIRIAL ===
TOTAL_ENERGY_NORMALIZED=3.487408147603e+01
INTEGRATED_PRESSURE_TRACE=9.180069886759e-13
PRESSURE_TRACE_OVER_E=2.632347433457e-14
CANONICAL_GRADIENT_ENERGY_OVER_E=1.500000000000
CANONICAL_POTENTIAL_ENERGY_OVER_E=-0.500000000000
DERRICK_FIRST_DERIVATIVE_OVER_E=2.632347433457e-14
DERRICK_SECOND_DERIVATIVE_OVER_E=-3.000000000000

=== SCIENTIFIC DECISION ===
006D_CANONICAL_SCALAR_KINETIC_GRAM_PSD=YES
MINIMUM_LOCAL_REAL_SCALAR_COMPONENTS_LOWER_BOUND=3
STRICTLY_AXISYMMETRIC_REAL_SCALARS_SUFFICIENT=NO
ANGULAR_WINDING_OR_NONSYMMETRIC_FIELD_SECTOR_REQUIRED=YES
006D_SCALAR_VIRIAL_STATIONARY=YES
PURE_STATIC_CANONICAL_MULTI_SCALAR_DERRICK_STABLE=NO
PURE_STATIC_CANONICAL_SCALAR_STABLE_REALIZATION=REJECTED_UNDER_STANDARD_DERRICK_ASSUMPTIONS
LOCAL_ALGEBRAIC_FIELD_REPRESENTABILITY=YES
GLOBAL_EXPLICIT_LAGRANGIAN_REALIZATION=NOT_ESTABLISHED
STABILIZING_EXTRA_SECTOR_REQUIRED=YES
CANDIDATE_EXTRA_SECTORS=CONSERVED_CHARGE_CURRENT_GAUGE_TIME_DEPENDENCE_OR_HIGHER_DERIVATIVES
NONLINEAR_GR_REALIZATION=NOT_ESTABLISHED
PRACTICAL_ANTIGRAVITY_DEVICE=NO
CLAIM_CLASSIFICATION=ANALYTICAL_FIELD_THEORY_REPRESENTABILITY_AND_STABILITY_GATE
NEXT=CHARGED_OR_GAUGED_DISTRIBUTED_COLLAR_GATE_OR_CLASSICAL_BRANCH_STOP
OUTPUT_CSV=/Users/mymac/Desktop/antigravity_research/results/data/008b_distributed_field_representability_gate.csv
SIMULATION_008B=GREEN
