/Users/mymac/Desktop/antigravity_research/simulations/015a_practical_path_protected_pair_portal_gate.py:18: SyntaxWarning: invalid escape sequence '\d'
  mu D^\dagger A B
=== 015A — PRACTICAL PATH / PROTECTED PAIR-PORTAL DECISION GATE ===

=== PRESERVED 014 SOURCE INTEGRITY ===
014b_disformal_repulsion_prerequisite.py_SHA256=8f6a3b0e5cb28546c456766d506460029b5f694a95ee76c526e0d842f945fb1b
014b_disformal_repulsion_prerequisite.py_HASH_MATCH=True
014c_decisive_disformal_force.py_SHA256=59132b42245d10187d1c26ff4ab75fa8c9cb36973bfc06420480013227dc93e1
014c_decisive_disformal_force.py_HASH_MATCH=True
014d_disformal_total_reversal.py_SHA256=01220601e0ed71e84c79c94b36fec7d60b596572bc192b1ce168dec2db35d71c
014d_disformal_total_reversal.py_HASH_MATCH=True
014e_baryonic_disformal_bridge.py_SHA256=b363cfadff64f73db80bc5e8f5ab65cddd95842431c6a610a9338d6f218956e6
014e_baryonic_disformal_bridge.py_HASH_MATCH=True
ALL_014_HASHES_MATCH=True

=== 014E PHYSICAL SCALE RECONSTRUCTION ===
MD_B0_0P24_EV=2.6799511607263058e-03
MD_B0_0P28_EV=2.5786368350373110e-03
MD_B0_0P24_REFERENCE_REL_ERROR=0.0000000000000000e+00
MD_B0_0P28_REFERENCE_REL_ERROR=0.0000000000000000e+00
COLLIDER_SAFE_B0=6.9353012973239926e-59
INDEPENDENT_B_HIERARCHY=3.4605562139399011e+57
INDEPENDENT_DELTA_LN_B=1.3248877963228443e+02
PROJECT_014E_HIERARCHY_REL_ERROR=2.0138331654513177e-16

=== DISFORMAL THERMAL / EFT SCALE CHECK ===
B0_0P24_MD_EQUIVALENT_TEMPERATURE_K=31.099541810042
B0_0P28_MD_EQUIVALENT_TEMPERATURE_K=29.923837881591
T_4.000000K_KBT_EV=3.4469333048000000e-04
T_4.000000K_KBT_OVER_MD_0P24=1.2861925826535700e-01
T_4.000000K_KBT_OVER_MD_0P28=1.3367269318287409e-01
T_28.131024K_KBT_EV=2.4241440642176946e-03
T_28.131024K_KBT_OVER_MD_0P24=9.0454785137230498e-01
T_28.131024K_KBT_OVER_MD_0P28=9.4008742575905180e-01
T_77.000000K_KBT_EV=6.6353466117400001e-03
T_77.000000K_KBT_OVER_MD_0P24=2.4759207216081225e+00
T_77.000000K_KBT_OVER_MD_0P28=2.5731993437703262e+00
T_300.000000K_KBT_EV=2.5851999786000002e-02
T_300.000000K_KBT_OVER_MD_0P24=9.6464443699017757e+00
T_300.000000K_KBT_OVER_MD_0P28=1.0025451988715558e+01
T_FOR_KBT_OVER_MD_0P1_B0_0P24_K=3.109954181004
T_FOR_KBT_OVER_MD_0P1_B0_0P28_K=2.992383788159
B0_0P24_MD_FREQUENCY_HZ=6.4800930773967712e+11

=== 010E LOW-ENERGY EFT SCALE CHECK ===
010E_ATOMIC_EFT_CUTOFF_EV=6.5775660133333338e+02
010E_77K_KBT_OVER_ATOMIC_EFT_CUTOFF=1.0087844954029408e-05
010E_PAIR_WILSON=2.7138188306924678e-11
010E_TARGET_DINUCLEAR_COUPLING=8.6383536312114696e-12
010E_1000KG_CONTROL_FREE_ENERGY_SCALE_J=1.0635562520285220e+08
GENERIC_ONE_LOOP_FACTOR=6.3325739776461110e-03
010E_ONE_BODY_LEAKAGE_ALLOWANCE=5.7729614453248478e-07
GENERIC_LOOP_TO_LEAKAGE_ALLOWANCE_RATIO=1.0969368213561269e+04

=== EXACT ADDITIVE-SYMMETRY ARGUMENT ===
BASELINE_VERTEX_CHARGE=-q_D+q_A+q_B
SCALAR_VERTEX_CHARGE=q_phi-q_D+q_A+q_B
SUBTRACTING_INVARIANCE_CONDITIONS_GIVES=q_phi=0
ONE_BODY_OPERATOR_CHARGE=q_phi
ANALYTIC_SIMPLE_ADDITIVE_SYMMETRY_PROTECTION=IMPOSSIBLE_IN_THIS_MINIMAL_PORTAL

=== INDEPENDENT Z_N EXHAUSTIVE ENUMERATION ===
ZN_MAX_N=64
ZN_WORKERS=8
/Users/mymac/Desktop/antigravity_research/simulations/015a_practical_path_protected_pair_portal_gate.py:18: SyntaxWarning: invalid escape sequence '\d'
  mu D^\dagger A B
/Users/mymac/Desktop/antigravity_research/simulations/015a_practical_path_protected_pair_portal_gate.py:18: SyntaxWarning: invalid escape sequence '\d'
  mu D^\dagger A B
/Users/mymac/Desktop/antigravity_research/simulations/015a_practical_path_protected_pair_portal_gate.py:18: SyntaxWarning: invalid escape sequence '\d'
  mu D^\dagger A B
/Users/mymac/Desktop/antigravity_research/simulations/015a_practical_path_protected_pair_portal_gate.py:18: SyntaxWarning: invalid escape sequence '\d'
  mu D^\dagger A B
/Users/mymac/Desktop/antigravity_research/simulations/015a_practical_path_protected_pair_portal_gate.py:18: SyntaxWarning: invalid escape sequence '\d'
  mu D^\dagger A B
/Users/mymac/Desktop/antigravity_research/simulations/015a_practical_path_protected_pair_portal_gate.py:18: SyntaxWarning: invalid escape sequence '\d'
  mu D^\dagger A B
/Users/mymac/Desktop/antigravity_research/simulations/015a_practical_path_protected_pair_portal_gate.py:18: SyntaxWarning: invalid escape sequence '\d'
  mu D^\dagger A B
/Users/mymac/Desktop/antigravity_research/simulations/015a_practical_path_protected_pair_portal_gate.py:18: SyntaxWarning: invalid escape sequence '\d'
  mu D^\dagger A B
ZN_TOTAL_ASSIGNMENTS_WITH_BOTH_PAIR_VERTICES=89439
ZN_PROTECTED_ASSIGNMENTS_FOUND=0
ZN_ENUMERATION_CONFIRMS_ANALYTIC_NO_GO=True
ZN_N=2 PAIR_ALLOWED=4 PROTECTED=0
ZN_N=3 PAIR_ALLOWED=9 PROTECTED=0
ZN_N=4 PAIR_ALLOWED=16 PROTECTED=0
ZN_N=5 PAIR_ALLOWED=25 PROTECTED=0
ZN_N=6 PAIR_ALLOWED=36 PROTECTED=0
ZN_N=7 PAIR_ALLOWED=49 PROTECTED=0
ZN_N=8 PAIR_ALLOWED=64 PROTECTED=0
ZN_N=9 PAIR_ALLOWED=81 PROTECTED=0

=== ONE-LOOP COUNTERTERM POWER COUNTING ===
LOOPS=1
INTERNAL_SCALAR_LINES=2
SUPERFICIAL_UV_DEGREE=0
ONE_BODY_LOOP_DIVERGENCE=LOGARITHMIC
PHI_A_DAGGER_A_COUNTERTERM_ALLOWED=YES
PHI_B_DAGGER_B_COUNTERTERM_ALLOWED=YES
MINIMAL_OFFDIAGONAL_DIMER_PORTAL_TECHNICALLY_NATURAL_ONE_BODY_ZERO=NO_WITHOUT_ADDITIONAL_PROTECTION

=== PRACTICAL-PATH RERANK ===
006D_CLASSICAL_GR=ESTABLISHED_LOCAL_REPULSION_BUT_CATASTROPHIC_AH2_OVER_G_SCALE
014D_DISFORMAL_LOCAL_REVERSAL=POSITIVE_NUMERICAL_RESULT
014D_GLOBAL_BODY_LIFT=NOT_ESTABLISHED
014E_DIRECT_CONSTANT_B_BARYONIC_BRIDGE=REJECTED
010E_LOW_ENERGY_PROTECTED_COMPOSITE_EFT=PARAMETRIC_SURVIVOR
010E_SIMPLE_ADDITIVE_SYMMETRY_UV_PROTECTION=REJECTED_BY_015A_MINIMAL_PORTAL_GATE
COMMON_SURVIVING_ARCHITECTURE=EMERGENT_OR_GENUINELY_PAIR_SPECIFIC_COLLECTIVE_SECTOR_WITH_STRUCTURAL_SEQUESTERING
PRACTICAL_ROUTE_PRIORITY_1=PROTECTED_COLLECTIVE_SOURCE_REFERENCED_FIFTH_FORCE_WITH_NONTRIVIAL_UV_PROTECTION
PRACTICAL_ROUTE_PRIORITY_2=014D_DISFORMAL_ONLY_IF_GLOBAL_BODY_FORCE_AND_NONUNIVERSAL_UV_BRIDGE_BOTH_SURVIVE
PRACTICAL_ROUTE_PRIORITY_3=006D_CLASSICAL_GR_ONLY_IF_NEW_MATTER_MECHANISM_CHANGES_PARAMETRIC_SCALING

=== 015A DECISION ===
MINIMAL_RELATIVISTIC_PAIR_PORTAL=REJECTED_AS_SUFFICIENT_PROTECTION
ORDINARY_ADDITIVE_PARTICLE_NUMBER_PROTECTION_ALONE=INSUFFICIENT
NEXT_REQUIRED_PROTECTION_CLASS=NONTRIVIAL_PAIR_REPRESENTATION_OR_EMERGENT_SEQUESTERING_OR_CANCELLATION_STRUCTURE
NEXT_HIGHEST_INFORMATION_GATE=015B_EXPLICIT_PAIR_SPECIFIC_UV_OPERATOR_BASIS_AND_ONE_BODY_MIXING
PARALLEL_DISFORMAL_STOP_GATE=FINITE_SOURCE_FINITE_PAYLOAD_GLOBAL_FORCE
PRACTICAL_ANTIGRAVITY_DEVICE=NO
CLAIM_CLASSIFICATION=PROJECT_DERIVED_MINIMAL_RELATIVISTIC_PAIR_PORTAL_UV_PREFLIGHT
