=== 015C — FINITE SOURCE / FINITE PAYLOAD GLOBAL FORCE GATE ===
014D_SHA256=01220601e0ed71e84c79c94b36fec7d60b596572bc192b1ce168dec2db35d71c
014D_HASH_MATCH=True
014D_RUN_CASE_SIGNATURE=(*, B0: 'float', dimension: 'int', points: 'int', cfl: 'float' = 0.18) -> 'RunResult'

=== DISCOVERY: FINITE SOURCE / FINITE PAYLOAD 2D ROOT-TIME SCAN ===
RUN_START ID=DISC_TRIPLET_B0.24 SOURCE=TRIPLET B0=0.24000000 DIM=2 POINTS=64 KWARGS={'B0': 0.24, 'dimension': 2, 'points': 64, 'cfl': 0.1}
SOURCE_SHAPE KIND=TRIPLET DIM=2 POINTS=64 MEAN=-1.1102230246251565e-16 MIN=-8.0000000000000004e-01 MAX=+3.1473606429325930e+01 ONE_PLUS_MIN=+1.9999999999999996e-01
RUN_ROOT_BEST RUN=DISC_TRIPLET_B0.24 SOURCE=TRIPLET B0=0.24000000 DIM=2 POINTS=64 TIME=1.3796981537585014e+00 OFFSET_X=+0.32000000 OFFSET_Y=-0.06000000 RADIUS=0.08000000 NEWTON_OUT=-2.7804851655327149e-02 FIFTH_OUT=+4.2202737720969802e-03 TOTAL_OUT=-2.3584577883230168e-02 REVERSAL_MARGIN=-8.4821807990878395e-01 NEWTON_COHERENCE=+9.9373761230539959e-01 TOTAL_OUT_COHERENCE=-9.9338878246851281e-01 MIN_GPHI=2.4569240879864207e-01 MIN_KIN=1.1292440032928397e+00 MAX_ABS_PSI=1.7255732259847112e-02 SOURCE_SELF_FORCE_RATIO=2.3646381664590281e-03 SAFE=True GLOBAL_REVERSAL=False
RUN_HEALTH ID=DISC_TRIPLET_B0.24 ROOT_MIN_GPHI=2.4569240879864207e-01 ROOT_MIN_KIN=1.1292440032928397e+00 ROOT_MAX_ABS_PSI=1.7255732259847112e-02 ORIGINAL_LOCAL_REVERSAL_FRAC=0.0000000000000000e+00
RUN_START ID=DISC_TRIPLET_B0.28 SOURCE=TRIPLET B0=0.28000000 DIM=2 POINTS=64 KWARGS={'B0': 0.28, 'dimension': 2, 'points': 64, 'cfl': 0.1}
RUN_ROOT_BEST RUN=DISC_TRIPLET_B0.28 SOURCE=TRIPLET B0=0.28000000 DIM=2 POINTS=64 TIME=1.4596159602258920e+00 OFFSET_X=+0.32000000 OFFSET_Y=-0.06000000 RADIUS=0.08000000 NEWTON_OUT=-2.4843429155058949e-02 FIFTH_OUT=+8.6066948366095852e-03 TOTAL_OUT=-1.6236734318449356e-02 REVERSAL_MARGIN=-6.5356252621603239e-01 NEWTON_COHERENCE=+9.9373761230539959e-01 TOTAL_OUT_COHERENCE=-9.9185322443544810e-01 MIN_GPHI=1.4596476620201848e-01 MIN_KIN=1.2126036780574498e+00 MAX_ABS_PSI=1.6619975530477213e-02 SOURCE_SELF_FORCE_RATIO=2.3646381664590649e-03 SAFE=True GLOBAL_REVERSAL=False
RUN_HEALTH ID=DISC_TRIPLET_B0.28 ROOT_MIN_GPHI=1.4596476620201848e-01 ROOT_MIN_KIN=1.2126036780574498e+00 ROOT_MAX_ABS_PSI=1.6619975530477213e-02 ORIGINAL_LOCAL_REVERSAL_FRAC=0.0000000000000000e+00
RUN_START ID=DISC_TRIPLET_B0.30 SOURCE=TRIPLET B0=0.30000000 DIM=2 POINTS=64 KWARGS={'B0': 0.3, 'dimension': 2, 'points': 64, 'cfl': 0.1}
RUN_ROOT_BEST RUN=DISC_TRIPLET_B0.30 SOURCE=TRIPLET B0=0.30000000 DIM=2 POINTS=64 TIME=1.5029586416569765e+00 OFFSET_X=+0.32000000 OFFSET_Y=-0.06000000 RADIUS=0.08000000 NEWTON_OUT=-2.3431208520055147e-02 FIFTH_OUT=+1.1046022660153854e-02 TOTAL_OUT=-1.2385185859901292e-02 REVERSAL_MARGIN=-5.2857648589916362e-01 NEWTON_COHERENCE=+9.9373761230539936e-01 TOTAL_OUT_COHERENCE=-9.8905049241352261e-01 MIN_GPHI=1.0521534171607894e-01 MIN_KIN=1.2821188438157569e+00 MAX_ABS_PSI=1.6298892517383416e-02 SOURCE_SELF_FORCE_RATIO=2.3646381664590562e-03 SAFE=True GLOBAL_REVERSAL=False
RUN_HEALTH ID=DISC_TRIPLET_B0.30 ROOT_MIN_GPHI=1.0521534171607894e-01 ROOT_MIN_KIN=1.2821188438157569e+00 ROOT_MAX_ABS_PSI=1.6298892517383416e-02 ORIGINAL_LOCAL_REVERSAL_FRAC=9.4453165881737314e-02
RUN_START ID=DISC_TRIPLET_B0.32 SOURCE=TRIPLET B0=0.32000000 DIM=2 POINTS=64 KWARGS={'B0': 0.32, 'dimension': 2, 'points': 64, 'cfl': 0.1}
RUN_ROOT_BEST RUN=DISC_TRIPLET_B0.32 SOURCE=TRIPLET B0=0.32000000 DIM=2 POINTS=64 TIME=1.5489604480929124e+00 OFFSET_X=+0.32000000 OFFSET_Y=-0.06000000 RADIUS=0.08000000 NEWTON_OUT=-2.2060131240541209e-02 FIFTH_OUT=+1.4247658332861866e-02 TOTAL_OUT=-7.8124729076793431e-03 REVERSAL_MARGIN=-3.5414444377021198e-01 NEWTON_COHERENCE=+9.9373761230539925e-01 TOTAL_OUT_COHERENCE=-9.6661840982885650e-01 MIN_GPHI=7.1773055181077572e-02 MIN_KIN=1.3863595105467630e+00 MAX_ABS_PSI=1.5974571963118845e-02 SOURCE_SELF_FORCE_RATIO=2.3646381664590424e-03 SAFE=False GLOBAL_REVERSAL=False
RUN_HEALTH ID=DISC_TRIPLET_B0.32 ROOT_MIN_GPHI=7.1773055181077572e-02 ROOT_MIN_KIN=1.3863595105467630e+00 ROOT_MAX_ABS_PSI=1.5974571963118845e-02 ORIGINAL_LOCAL_REVERSAL_FRAC=1.7634746206174778e-01
RUN_START ID=DISC_ELONGATED_B0.24 SOURCE=ELONGATED B0=0.24000000 DIM=2 POINTS=64 KWARGS={'B0': 0.24, 'dimension': 2, 'points': 64, 'cfl': 0.1}
SOURCE_SHAPE KIND=ELONGATED DIM=2 POINTS=64 MEAN=+0.0000000000000000e+00 MIN=-8.0000000000000004e-01 MAX=+2.0838501764580425e+01 ONE_PLUS_MIN=+1.9999999999999996e-01
RUN_ROOT_BEST RUN=DISC_ELONGATED_B0.24 SOURCE=ELONGATED B0=0.24000000 DIM=2 POINTS=64 TIME=1.3796981537585014e+00 OFFSET_X=+0.32000000 OFFSET_Y=-0.06000000 RADIUS=0.08000000 NEWTON_OUT=-2.8157105680234620e-02 FIFTH_OUT=+3.8394590508190698e-03 TOTAL_OUT=-2.4317646629415549e-02 REVERSAL_MARGIN=-8.6364155838949574e-01 NEWTON_COHERENCE=+9.9364049384933029e-01 TOTAL_OUT_COHERENCE=-9.9364316592312807e-01 MIN_GPHI=2.4520892123321270e-01 MIN_KIN=1.1283665974944128e+00 MAX_ABS_PSI=1.4679667584084205e-02 SOURCE_SELF_FORCE_RATIO=3.4176487874780555e-03 SAFE=True GLOBAL_REVERSAL=False
RUN_HEALTH ID=DISC_ELONGATED_B0.24 ROOT_MIN_GPHI=2.4520892123321270e-01 ROOT_MIN_KIN=1.1283665974944128e+00 ROOT_MAX_ABS_PSI=1.4679667584084205e-02 ORIGINAL_LOCAL_REVERSAL_FRAC=0.0000000000000000e+00
RUN_START ID=DISC_ELONGATED_B0.28 SOURCE=ELONGATED B0=0.28000000 DIM=2 POINTS=64 KWARGS={'B0': 0.28, 'dimension': 2, 'points': 64, 'cfl': 0.1}
RUN_ROOT_BEST RUN=DISC_ELONGATED_B0.28 SOURCE=ELONGATED B0=0.28000000 DIM=2 POINTS=64 TIME=1.4596159602258920e+00 OFFSET_X=+0.32000000 OFFSET_Y=-0.06000000 RADIUS=0.08000000 NEWTON_OUT=-2.5158165519088289e-02 FIFTH_OUT=+9.1321223069957148e-03 TOTAL_OUT=-1.6026043212092576e-02 REVERSAL_MARGIN=-6.3701159768319016e-01 NEWTON_COHERENCE=+9.9364049384933029e-01 TOTAL_OUT_COHERENCE=-9.9265212677604719e-01 MIN_GPHI=1.4905135368090261e-01 MIN_KIN=1.2104385232190609e+00 MAX_ABS_PSI=1.4138821370724067e-02 SOURCE_SELF_FORCE_RATIO=3.4176487874780816e-03 SAFE=True GLOBAL_REVERSAL=False
RUN_HEALTH ID=DISC_ELONGATED_B0.28 ROOT_MIN_GPHI=1.4905135368090261e-01 ROOT_MIN_KIN=1.2104385232190609e+00 ROOT_MAX_ABS_PSI=1.4138821370724067e-02 ORIGINAL_LOCAL_REVERSAL_FRAC=0.0000000000000000e+00
RUN_START ID=DISC_ELONGATED_B0.30 SOURCE=ELONGATED B0=0.30000000 DIM=2 POINTS=64 KWARGS={'B0': 0.3, 'dimension': 2, 'points': 64, 'cfl': 0.1}
RUN_ROOT_BEST RUN=DISC_ELONGATED_B0.30 SOURCE=ELONGATED B0=0.30000000 DIM=2 POINTS=64 TIME=1.5029586416569765e+00 OFFSET_X=+0.32000000 OFFSET_Y=-0.06000000 RADIUS=0.08000000 NEWTON_OUT=-2.3728053747353969e-02 FIFTH_OUT=+1.2409794690985517e-02 TOTAL_OUT=-1.1318259056368454e-02 REVERSAL_MARGIN=-4.7699904833663859e-01 NEWTON_COHERENCE=+9.9364049384933018e-01 TOTAL_OUT_COHERENCE=-9.8976655156199955e-01 MIN_GPHI=1.0691164045153490e-01 MIN_KIN=1.2824192515041732e+00 MAX_ABS_PSI=1.3865672029500176e-02 SOURCE_SELF_FORCE_RATIO=3.4176487874780508e-03 SAFE=True GLOBAL_REVERSAL=False
RUN_HEALTH ID=DISC_ELONGATED_B0.30 ROOT_MIN_GPHI=1.0691164045153490e-01 ROOT_MIN_KIN=1.2824192515041732e+00 ROOT_MAX_ABS_PSI=1.3865672029500176e-02 ORIGINAL_LOCAL_REVERSAL_FRAC=1.1040285568587456e-01
RUN_START ID=DISC_ELONGATED_B0.32 SOURCE=ELONGATED B0=0.32000000 DIM=2 POINTS=64 KWARGS={'B0': 0.32, 'dimension': 2, 'points': 64, 'cfl': 0.1}
RUN_ROOT_BEST RUN=DISC_ELONGATED_B0.32 SOURCE=ELONGATED B0=0.32000000 DIM=2 POINTS=64 TIME=1.5489604480929124e+00 OFFSET_X=+0.32000000 OFFSET_Y=-0.06000000 RADIUS=0.08000000 NEWTON_OUT=-2.2339606567933542e-02 FIFTH_OUT=+1.5468045899780243e-02 TOTAL_OUT=-6.8715606681532997e-03 REVERSAL_MARGIN=-3.0759542014570640e-01 NEWTON_COHERENCE=+9.9364049384933006e-01 TOTAL_OUT_COHERENCE=-8.9322478930525173e-01 MIN_GPHI=7.2311913852263765e-02 MIN_KIN=1.3939026895493964e+00 MAX_ABS_PSI=1.3589768471447865e-02 SOURCE_SELF_FORCE_RATIO=3.4176487874781327e-03 SAFE=False GLOBAL_REVERSAL=False
RUN_HEALTH ID=DISC_ELONGATED_B0.32 ROOT_MIN_GPHI=7.2311913852263765e-02 ROOT_MIN_KIN=1.3939026895493964e+00 ROOT_MAX_ABS_PSI=1.3589768471447865e-02 ORIGINAL_LOCAL_REVERSAL_FRAC=3.6002039775624683e-01
RUN_START ID=DISC_LOPSIDED_QUAD_B0.24 SOURCE=LOPSIDED_QUAD B0=0.24000000 DIM=2 POINTS=64 KWARGS={'B0': 0.24, 'dimension': 2, 'points': 64, 'cfl': 0.1}
SOURCE_SHAPE KIND=LOPSIDED_QUAD DIM=2 POINTS=64 MEAN=+5.5511151231257827e-17 MIN=-8.0000000000000004e-01 MAX=+2.9907319044791571e+01 ONE_PLUS_MIN=+1.9999999999999996e-01
RUN_ROOT_BEST RUN=DISC_LOPSIDED_QUAD_B0.24 SOURCE=LOPSIDED_QUAD B0=0.24000000 DIM=2 POINTS=64 TIME=1.3796981537585014e+00 OFFSET_X=+0.32000000 OFFSET_Y=-0.06000000 RADIUS=0.08000000 NEWTON_OUT=-2.7669756956338189e-02 FIFTH_OUT=+4.1899133087499813e-03 TOTAL_OUT=-2.3479843647588209e-02 REVERSAL_MARGIN=-8.4857426411943182e-01 NEWTON_COHERENCE=+9.9373338160879010e-01 TOTAL_OUT_COHERENCE=-9.9338196496042186e-01 MIN_GPHI=2.4543360330095443e-01 MIN_KIN=1.1292039155689557e+00 MAX_ABS_PSI=1.7136552287768756e-02 SOURCE_SELF_FORCE_RATIO=1.8904798314944606e-03 SAFE=True GLOBAL_REVERSAL=False
RUN_HEALTH ID=DISC_LOPSIDED_QUAD_B0.24 ROOT_MIN_GPHI=2.4543360330095443e-01 ROOT_MIN_KIN=1.1292039155689557e+00 ROOT_MAX_ABS_PSI=1.7136552287768756e-02 ORIGINAL_LOCAL_REVERSAL_FRAC=0.0000000000000000e+00
RUN_START ID=DISC_LOPSIDED_QUAD_B0.28 SOURCE=LOPSIDED_QUAD B0=0.28000000 DIM=2 POINTS=64 KWARGS={'B0': 0.28, 'dimension': 2, 'points': 64, 'cfl': 0.1}
RUN_ROOT_BEST RUN=DISC_LOPSIDED_QUAD_B0.28 SOURCE=LOPSIDED_QUAD B0=0.28000000 DIM=2 POINTS=64 TIME=1.4596159602258920e+00 OFFSET_X=+0.32000000 OFFSET_Y=-0.06000000 RADIUS=0.08000000 NEWTON_OUT=-2.4722723041422361e-02 FIFTH_OUT=+8.5304419796991514e-03 TOTAL_OUT=-1.6192281061723209e-02 REVERSAL_MARGIN=-6.5495540416779374e-01 NEWTON_COHERENCE=+9.9373338160878999e-01 TOTAL_OUT_COHERENCE=-9.9184464533301164e-01 MIN_GPHI=1.4582591702391012e-01 MIN_KIN=1.2118034689474684e+00 MAX_ABS_PSI=1.6505186532256938e-02 SOURCE_SELF_FORCE_RATIO=1.8904798314944961e-03 SAFE=True GLOBAL_REVERSAL=False
RUN_HEALTH ID=DISC_LOPSIDED_QUAD_B0.28 ROOT_MIN_GPHI=1.4582591702391012e-01 ROOT_MIN_KIN=1.2118034689474684e+00 ROOT_MAX_ABS_PSI=1.6505186532256938e-02 ORIGINAL_LOCAL_REVERSAL_FRAC=0.0000000000000000e+00
RUN_START ID=DISC_LOPSIDED_QUAD_B0.30 SOURCE=LOPSIDED_QUAD B0=0.30000000 DIM=2 POINTS=64 KWARGS={'B0': 0.3, 'dimension': 2, 'points': 64, 'cfl': 0.1}
RUN_ROOT_BEST RUN=DISC_LOPSIDED_QUAD_B0.30 SOURCE=LOPSIDED_QUAD B0=0.30000000 DIM=2 POINTS=64 TIME=1.5029586416569765e+00 OFFSET_X=+0.32000000 OFFSET_Y=-0.06000000 RADIUS=0.08000000 NEWTON_OUT=-2.3317363925550432e-02 FIFTH_OUT=+1.0957303360289905e-02 TOTAL_OUT=-1.2360060565260527e-02 REVERSAL_MARGIN=-5.3007966958549557e-01 NEWTON_COHERENCE=+9.9373338160879010e-01 TOTAL_OUT_COHERENCE=-9.8895472086791236e-01 MIN_GPHI=1.0516893606177435e-01 MIN_KIN=1.2804663668677532e+00 MAX_ABS_PSI=1.6186321139601324e-02 SOURCE_SELF_FORCE_RATIO=1.8904798314944191e-03 SAFE=True GLOBAL_REVERSAL=False
RUN_HEALTH ID=DISC_LOPSIDED_QUAD_B0.30 ROOT_MIN_GPHI=1.0516893606177435e-01 ROOT_MIN_KIN=1.2804663668677532e+00 ROOT_MAX_ABS_PSI=1.6186321139601324e-02 ORIGINAL_LOCAL_REVERSAL_FRAC=1.0452051215050953e-01
RUN_START ID=DISC_LOPSIDED_QUAD_B0.32 SOURCE=LOPSIDED_QUAD B0=0.32000000 DIM=2 POINTS=64 KWARGS={'B0': 0.32, 'dimension': 2, 'points': 64, 'cfl': 0.1}
RUN_ROOT_BEST RUN=DISC_LOPSIDED_QUAD_B0.32 SOURCE=LOPSIDED_QUAD B0=0.32000000 DIM=2 POINTS=64 TIME=1.5489604480929124e+00 OFFSET_X=+0.32000000 OFFSET_Y=-0.06000000 RADIUS=0.08000000 NEWTON_OUT=-2.1952948263032790e-02 FIFTH_OUT=+1.4398537440924812e-02 TOTAL_OUT=-7.5544108221079782e-03 REVERSAL_MARGIN=-3.4411828113443288e-01 NEWTON_COHERENCE=+9.9373338160879010e-01 TOTAL_OUT_COHERENCE=-9.6493665037870879e-01 MIN_GPHI=7.1765057543592525e-02 MIN_KIN=1.3828311065843544e+00 MAX_ABS_PSI=1.5864240566464162e-02 SOURCE_SELF_FORCE_RATIO=1.8904798314944298e-03 SAFE=False GLOBAL_REVERSAL=False
RUN_HEALTH ID=DISC_LOPSIDED_QUAD_B0.32 ROOT_MIN_GPHI=7.1765057543592525e-02 ROOT_MIN_KIN=1.3828311065843544e+00 ROOT_MAX_ABS_PSI=1.5864240566464162e-02 ORIGINAL_LOCAL_REVERSAL_FRAC=1.7611706297360857e-01

DISCOVERY_COMPLETED_CASES=12
DISCOVERY_SAFE_GLOBAL_REVERSAL_CASES=0
DISCOVERY_BEST_FAILED_CASE RUN=DISC_ELONGATED_B0.32 SOURCE=ELONGATED B0=0.32000000 DIM=2 POINTS=64 TIME=1.5489604480929124e+00 OFFSET_X=+0.32000000 OFFSET_Y=-0.06000000 RADIUS=0.08000000 NEWTON_OUT=-2.2339606567933542e-02 FIFTH_OUT=+1.5468045899780243e-02 TOTAL_OUT=-6.8715606681532997e-03 REVERSAL_MARGIN=-3.0759542014570640e-01 NEWTON_COHERENCE=+9.9364049384933006e-01 TOTAL_OUT_COHERENCE=-8.9322478930525173e-01 MIN_GPHI=7.2311913852263765e-02 MIN_KIN=1.3939026895493964e+00 MAX_ABS_PSI=1.3589768471447865e-02 SOURCE_SELF_FORCE_RATIO=3.4176487874781327e-03 SAFE=False GLOBAL_REVERSAL=False

015C_FINITE_PAYLOAD_DISCOVERY=NO_SAFE_GLOBAL_REVERSAL_IN_TESTED_DOMAIN
GLOBAL_BODY_REPULSION=NOT_ESTABLISHED
014D_LOCAL_REVERSAL_RESULT=PRESERVED
INTERPRETATION=LOCAL_REVERSAL_DID_NOT_YET_SURVIVE_FINITE_PASSIVE_PAYLOAD_INTEGRATION_FOR_TESTED_LOCALIZED_SOURCE_FAMILIES
NEXT=DEMOTE_DIRECT_DISFORMAL_PRACTICAL_ROUTE_AND_RETURN_TO_STRUCTURALLY_SEQUESTERED_SOURCE_REFERENCED_COLLECTIVE_FORCE
PRACTICAL_ANTIGRAVITY_DEVICE=NO
