=== 016A — 006D PRACTICALITY-OPTIMIZED THICKNESS GATE ===

=== EXACT MULTIOBJECTIVE THICKNESS TABLE ===
CASE DELTA=0.40000000 C=38.037638025730 C_OVER_FINE=1.612339142576 PEAK_STRESS_RELIEF=2635.703171610892 FEATURE_WIDTH_GAIN=64.000000000000 U0_J_M2=1.406275185629e+28 WALL_TENSION_SCALE_GEV=150.629818692 PEAK_DENSITY_PREFACTOR_J_M2=1.072348485962e+29 ENERGY_PER_COVERED_M2_J=6.143769334587e+27
CASE DELTA=0.20000000 C=29.559369544823 C_OVER_FINE=1.252962355726 PEAK_STRESS_RELIEF=832.525493817066 FEATURE_WIDTH_GAIN=32.000000000000 U0_J_M2=1.106058009610e+28 WALL_TENSION_SCALE_GEV=139.042259680 PEAK_DENSITY_PREFACTOR_J_M2=3.394961867851e+29 ENERGY_PER_COVERED_M2_J=5.171954916724e+27
CASE DELTA=0.10000000 C=26.258214373557 C_OVER_FINE=1.113033012723 PEAK_STRESS_RELIEF=232.092603033208 FEATURE_WIDTH_GAIN=16.000000000000 U0_J_M2=9.885599667164e+27 WALL_TENSION_SCALE_GEV=133.933285276 PEAK_DENSITY_PREFACTOR_J_M2=1.217786464792e+30 ENERGY_PER_COVERED_M2_J=4.787724278052e+27
CASE DELTA=0.05000000 C=24.789414887263 C_OVER_FINE=1.050773550062 PEAK_STRESS_RELIEF=61.166589602166 FEATURE_WIDTH_GAIN=8.000000000000 U0_J_M2=9.361438370081e+27 WALL_TENSION_SCALE_GEV=131.523000985 PEAK_DENSITY_PREFACTOR_J_M2=4.620810680971e+30 ENERGY_PER_COVERED_M2_J=4.615542311259e+27
CASE DELTA=0.02500000 C=24.095429926871 C_OVER_FINE=1.021356920269 PEAK_STRESS_RELIEF=15.694032802616 FEATURE_WIDTH_GAIN=4.000000000000 U0_J_M2=9.113454091654e+27 WALL_TENSION_SCALE_GEV=130.351245617 PEAK_DENSITY_PREFACTOR_J_M2=1.800934368540e+31 ENERGY_PER_COVERED_M2_J=4.533914681772e+27
CASE DELTA=0.01250000 C=23.757986246352 C_OVER_FINE=1.007053359829 PEAK_STRESS_RELIEF=3.974402893096 FEATURE_WIDTH_GAIN=2.000000000000 U0_J_M2=8.992794563802e+27 WALL_TENSION_SCALE_GEV=129.773416888 PEAK_DENSITY_PREFACTOR_J_M2=7.111489150817e+31 ENERGY_PER_COVERED_M2_J=4.494159574553e+27
CASE DELTA=0.00625000 C=23.591586299249 C_OVER_FINE=1.000000000000 PEAK_STRESS_RELIEF=1.000000000000 FEATURE_WIDTH_GAIN=1.000000000000 U0_J_M2=8.933275418484e+27 WALL_TENSION_SCALE_GEV=129.486479523 PEAK_DENSITY_PREFACTOR_J_M2=2.826392305523e+32 ENERGY_PER_COVERED_M2_J=4.474539989354e+27

=== KEY TRADEOFFS ===
AUGMENTATION DELTA=0.10 C_PENALTY_PERCENT=11.303301 PEAK_STRESS_REDUCTION_FACTOR=232.092603 MIN_FEATURE_WIDTH_GAIN=16.000000
AUGMENTATION DELTA=0.20 C_PENALTY_PERCENT=25.296236 PEAK_STRESS_REDUCTION_FACTOR=832.525494 MIN_FEATURE_WIDTH_GAIN=32.000000
AUGMENTATION DELTA=0.40 C_PENALTY_PERCENT=61.233914 PEAK_STRESS_REDUCTION_FACTOR=2635.703172 MIN_FEATURE_WIDTH_GAIN=64.000000

=== PROJECT STABILITY / GAUGE INPUTS ===
FIXED_CHARGE_TMAX_OVER_E=0.186185265139
FIXED_CHARGE_CRITICAL_OVER_E=0.125000000000
FIXED_CHARGE_STABILITY_CAPACITY_RATIO=1.489482121112
GAUGE_TAKEOVER_CRITICAL_FRACTION=0.383694000000

=== MICROSTANDOFF SCALE MAP ===

CANDIDATE_DELTA=0.10
SCALE H_M=1.000000000000e+00 POINT_TARGET_SOURCE_MASS_KG=3.858159177538e+12 POINT_TARGET_SOURCE_ENERGY_J=3.467540541204e+29 SOURCE_RADIUS_M=4.801437405300e+00 MIN_FEATURE_M=2.500000000000e-02 PEAK_ENERGY_DENSITY_J_M3=1.217786464792e+30 PEAK_QFT_SCALE_GEV=0.015545512
SCALE H_M=1.000000000000e-01 POINT_TARGET_SOURCE_MASS_KG=3.858159177538e+10 POINT_TARGET_SOURCE_ENERGY_J=3.467540541204e+27 SOURCE_RADIUS_M=4.801437405300e-01 MIN_FEATURE_M=2.500000000000e-03 PEAK_ENERGY_DENSITY_J_M3=1.217786464792e+31 PEAK_QFT_SCALE_GEV=0.027644265
SCALE H_M=1.000000000000e-02 POINT_TARGET_SOURCE_MASS_KG=3.858159177538e+08 POINT_TARGET_SOURCE_ENERGY_J=3.467540541204e+25 SOURCE_RADIUS_M=4.801437405300e-02 MIN_FEATURE_M=2.500000000000e-04 PEAK_ENERGY_DENSITY_J_M3=1.217786464792e+32 PEAK_QFT_SCALE_GEV=0.049159226
SCALE H_M=1.000000000000e-03 POINT_TARGET_SOURCE_MASS_KG=3.858159177538e+06 POINT_TARGET_SOURCE_ENERGY_J=3.467540541204e+23 SOURCE_RADIUS_M=4.801437405300e-03 MIN_FEATURE_M=2.500000000000e-05 PEAK_ENERGY_DENSITY_J_M3=1.217786464792e+33 PEAK_QFT_SCALE_GEV=0.087418840
SCALE H_M=1.000000000000e-06 POINT_TARGET_SOURCE_MASS_KG=3.858159177538e+00 POINT_TARGET_SOURCE_ENERGY_J=3.467540541204e+17 SOURCE_RADIUS_M=4.801437405300e-06 MIN_FEATURE_M=2.500000000000e-08 PEAK_ENERGY_DENSITY_J_M3=1.217786464792e+36 PEAK_QFT_SCALE_GEV=0.491592264
SCALE H_M=1.000000000000e-09 POINT_TARGET_SOURCE_MASS_KG=3.858159177538e-06 POINT_TARGET_SOURCE_ENERGY_J=3.467540541204e+11 SOURCE_RADIUS_M=4.801437405300e-09 MIN_FEATURE_M=2.500000000000e-11 PEAK_ENERGY_DENSITY_J_M3=1.217786464792e+39 PEAK_QFT_SCALE_GEV=2.764426451
SCALE H_M=1.000000000000e-10 POINT_TARGET_SOURCE_MASS_KG=3.858159177538e-08 POINT_TARGET_SOURCE_ENERGY_J=3.467540541204e+09 SOURCE_RADIUS_M=4.801437405300e-10 MIN_FEATURE_M=2.500000000000e-12 PEAK_ENERGY_DENSITY_J_M3=1.217786464792e+40 PEAK_QFT_SCALE_GEV=4.915922639
SCALE H_M=1.000000000000e-12 POINT_TARGET_SOURCE_MASS_KG=3.858159177538e-12 POINT_TARGET_SOURCE_ENERGY_J=3.467540541204e+05 SOURCE_RADIUS_M=4.801437405300e-12 MIN_FEATURE_M=2.500000000000e-14 PEAK_ENERGY_DENSITY_J_M3=1.217786464792e+42 PEAK_QFT_SCALE_GEV=15.545512340
SCALE H_M=1.000000000000e-15 POINT_TARGET_SOURCE_MASS_KG=3.858159177538e-18 POINT_TARGET_SOURCE_ENERGY_J=3.467540541204e-01 SOURCE_RADIUS_M=4.801437405300e-15 MIN_FEATURE_M=2.500000000000e-17 PEAK_ENERGY_DENSITY_J_M3=1.217786464792e+45 PEAK_QFT_SCALE_GEV=87.418840103

CANDIDATE_DELTA=0.20
SCALE H_M=1.000000000000e+00 POINT_TARGET_SOURCE_MASS_KG=4.343202902877e+12 POINT_TARGET_SOURCE_ENERGY_J=3.903476101266e+29 SOURCE_RADIUS_M=4.901437405300e+00 MIN_FEATURE_M=5.000000000000e-02 PEAK_ENERGY_DENSITY_J_M3=3.394961867851e+29 PEAK_QFT_SCALE_GEV=0.011295904
SCALE H_M=1.000000000000e-01 POINT_TARGET_SOURCE_MASS_KG=4.343202902877e+10 POINT_TARGET_SOURCE_ENERGY_J=3.903476101266e+27 SOURCE_RADIUS_M=4.901437405300e-01 MIN_FEATURE_M=5.000000000000e-03 PEAK_ENERGY_DENSITY_J_M3=3.394961867851e+30 PEAK_QFT_SCALE_GEV=0.020087273
SCALE H_M=1.000000000000e-02 POINT_TARGET_SOURCE_MASS_KG=4.343202902877e+08 POINT_TARGET_SOURCE_ENERGY_J=3.903476101266e+25 SOURCE_RADIUS_M=4.901437405300e-02 MIN_FEATURE_M=5.000000000000e-04 PEAK_ENERGY_DENSITY_J_M3=3.394961867851e+31 PEAK_QFT_SCALE_GEV=0.035720784
SCALE H_M=1.000000000000e-03 POINT_TARGET_SOURCE_MASS_KG=4.343202902877e+06 POINT_TARGET_SOURCE_ENERGY_J=3.903476101266e+23 SOURCE_RADIUS_M=4.901437405300e-03 MIN_FEATURE_M=5.000000000000e-05 PEAK_ENERGY_DENSITY_J_M3=3.394961867851e+32 PEAK_QFT_SCALE_GEV=0.063521534
SCALE H_M=1.000000000000e-06 POINT_TARGET_SOURCE_MASS_KG=4.343202902877e+00 POINT_TARGET_SOURCE_ENERGY_J=3.903476101266e+17 SOURCE_RADIUS_M=4.901437405300e-06 MIN_FEATURE_M=5.000000000000e-08 PEAK_ENERGY_DENSITY_J_M3=3.394961867851e+35 PEAK_QFT_SCALE_GEV=0.357207838
SCALE H_M=1.000000000000e-09 POINT_TARGET_SOURCE_MASS_KG=4.343202902877e-06 POINT_TARGET_SOURCE_ENERGY_J=3.903476101266e+11 SOURCE_RADIUS_M=4.901437405300e-09 MIN_FEATURE_M=5.000000000000e-11 PEAK_ENERGY_DENSITY_J_M3=3.394961867851e+38 PEAK_QFT_SCALE_GEV=2.008727288
SCALE H_M=1.000000000000e-10 POINT_TARGET_SOURCE_MASS_KG=4.343202902877e-08 POINT_TARGET_SOURCE_ENERGY_J=3.903476101266e+09 SOURCE_RADIUS_M=4.901437405300e-10 MIN_FEATURE_M=5.000000000000e-12 PEAK_ENERGY_DENSITY_J_M3=3.394961867851e+39 PEAK_QFT_SCALE_GEV=3.572078376
SCALE H_M=1.000000000000e-12 POINT_TARGET_SOURCE_MASS_KG=4.343202902877e-12 POINT_TARGET_SOURCE_ENERGY_J=3.903476101266e+05 SOURCE_RADIUS_M=4.901437405300e-12 MIN_FEATURE_M=5.000000000000e-14 PEAK_ENERGY_DENSITY_J_M3=3.394961867851e+41 PEAK_QFT_SCALE_GEV=11.295903650
SCALE H_M=1.000000000000e-15 POINT_TARGET_SOURCE_MASS_KG=4.343202902877e-18 POINT_TARGET_SOURCE_ENERGY_J=3.903476101266e-01 SOURCE_RADIUS_M=4.901437405300e-15 MIN_FEATURE_M=5.000000000000e-17 PEAK_ENERGY_DENSITY_J_M3=3.394961867851e+44 PEAK_QFT_SCALE_GEV=63.521534275

=== MACROSCOPIC COVERAGE NO-FREE-LUNCH CHECK ===
COVERAGE DELTA=0.00625 MASS_EQUIVALENT_PER_COVERED_M2_KG=4.978597169969e+10 ENERGY_PER_COVERED_M2_J=4.474539989354e+27 H_DEPENDENCE=NONE_FOR_GEOMETRIC_TILING
COVERAGE DELTA=0.10000 MASS_EQUIVALENT_PER_COVERED_M2_KG=5.327061686344e+10 ENERGY_PER_COVERED_M2_J=4.787724278052e+27 H_DEPENDENCE=NONE_FOR_GEOMETRIC_TILING
COVERAGE DELTA=0.20000 MASS_EQUIVALENT_PER_COVERED_M2_KG=5.754575928000e+10 ENERGY_PER_COVERED_M2_J=5.171954916724e+27 H_DEPENDENCE=NONE_FOR_GEOMETRIC_TILING

=== DECISION ===
THIN_LIMIT_IS_BEST_PRACTICAL_REALIZATION_TARGET=NO
DELTA_0P10_C_PENALTY_PERCENT=11.303301
DELTA_0P10_PEAK_STRESS_RELIEF=232.092603
DELTA_0P20_C_PENALTY_PERCENT=25.296236
DELTA_0P20_PEAK_STRESS_RELIEF=832.525494
PREFERRED_006D_AUGMENTATION=THICK_DELTA_0P10_TO_0P20_DOMAIN_WALL_CORE_PLUS_FIXED_CHARGE_GAUGE_COMPENSATED_COLLAR
DYNAMIC_STABILITY_TARGET=CHARGED_GAUGED_SOLITON_NOT_ARBITRARY_STRESS
PURE_GR_MICROSTANDOFF_SOLVES_MACROSCOPIC_AREA_ENERGY=NO
NEXT_IF_FIELD_REALIZATION_IS_PURSUED=016B_GLOBAL_SMOOTH_CHARGED_GAUGE_SOLITON_BOUNDARY_VALUE_PROBLEM_AT_DELTA_0P10_AND_0P20
NEXT_REQUIRED_OPERATIONAL_GATE=FINITE_PAYLOAD_CENTER_OF_MASS_ACCELERATION
PRACTICAL_ANTIGRAVITY_DEVICE=NO
CLAIM_CLASSIFICATION=PROJECT_DERIVED_006D_MULTI_OBJECTIVE_REALIZABILITY_PREFLIGHT
