=== 016B — THICK 006D FIXED-CHARGE / GAUGE CAPACITY GATE ===

=== HISTORICAL 008C / 008F INDEPENDENT RECONSTRUCTION ===
FINE_TMAX_OVER_E=1.861852651386186e-01
FINE_CRITICAL_GAUGE_FRACTION=3.836942309350235e-01
FINE_30_PERCENT_T_OVER_E=1.459768556782245e-01
FINE_30_PERCENT_CURVATURE_OVER_E=5.034445362772562e-01
FINE_30_PERCENT_GAUGE_ENERGY_OVER_E=8.041681892078824e-02
HISTORICAL_008C_008F_RECONSTRUCTION=PASS

=== THICKNESS SCAN ===
CASE DELTA=0.00625000 MASS_FACTOR=1.110076490539830e+01 MASS_REFERENCE_ERROR=2.967e-13 P_OVER_E=+2.632e-14 TMAX_OVER_E=1.861852651386186e-01 CAPACITY_OVER_CRITICAL=1.489482121109 GAUGE_CRITICAL_FRACTION=0.383694230935 TAKEOVER30_T_OVER_E=1.459768556782245e-01 TAKEOVER30_CURVATURE_OVER_E=5.034445362772562e-01 TAKEOVER30_GAUGE_ENERGY_OVER_E=8.041681892078824e-02 TAKEOVER35_T_OVER_E=1.337374902985130e-01 TAKEOVER35_CURVATURE_OVER_E=2.096997671641797e-01
CASE DELTA=0.01250000 MASS_FACTOR=1.110507355305331e+01 MASS_REFERENCE_ERROR=3.126e-13 P_OVER_E=-6.558e-15 TMAX_OVER_E=1.861482489647220e-01 CAPACITY_OVER_CRITICAL=1.489185991718 GAUGE_CRITICAL_FRACTION=0.383643940901 TAKEOVER30_T_OVER_E=1.459554399295299e-01 TAKEOVER30_CURVATURE_OVER_E=5.029305583087512e-01 TAKEOVER30_GAUGE_ENERGY_OVER_E=8.038561807038412e-02 TAKEOVER35_T_OVER_E=1.337208232903283e-01 TAKEOVER35_CURVATURE_OVER_E=2.092997589679130e-01
CASE DELTA=0.02500000 MASS_FACTOR=1.111368682567229e+01 MASS_REFERENCE_ERROR=2.878e-13 P_OVER_E=+2.398e-15 TMAX_OVER_E=1.860744120712300e-01 CAPACITY_OVER_CRITICAL=1.488595296570 GAUGE_CRITICAL_FRACTION=0.383543684119 TAKEOVER30_T_OVER_E=1.459127530609549e-01 TAKEOVER30_CURVATURE_OVER_E=5.019060734629046e-01 TAKEOVER30_GAUGE_ENERGY_OVER_E=8.032331802055037e-02 TAKEOVER35_T_OVER_E=1.336876184316763e-01 TAKEOVER35_CURVATURE_OVER_E=2.085028423602195e-01
CASE DELTA=0.05000000 MASS_FACTOR=1.113089737515764e+01 MASS_REFERENCE_ERROR=3.570e-13 P_OVER_E=-1.197e-15 TMAX_OVER_E=1.859275160938063e-01 CAPACITY_OVER_CRITICAL=1.487420128750 GAUGE_CRITICAL_FRACTION=0.383344460329 TAKEOVER30_T_OVER_E=1.458279548818071e-01 TAKEOVER30_CURVATURE_OVER_E=4.998709171633775e-01 TAKEOVER30_GAUGE_ENERGY_OVER_E=8.019912242399826e-02 TAKEOVER35_T_OVER_E=1.336217227073163e-01 TAKEOVER35_CURVATURE_OVER_E=2.069213449755976e-01
CASE DELTA=0.10000000 MASS_FACTOR=1.116525524165989e+01 MASS_REFERENCE_ERROR=1.119e-13 P_OVER_E=-1.193e-15 TMAX_OVER_E=1.856368037297980e-01 CAPACITY_OVER_CRITICAL=1.485094429838 GAUGE_CRITICAL_FRACTION=0.382951145221 TAKEOVER30_T_OVER_E=1.456606374013978e-01 TAKEOVER30_CURVATURE_OVER_E=4.958552976335537e-01 TAKEOVER30_GAUGE_ENERGY_OVER_E=7.995233265680049e-02 TAKEOVER35_T_OVER_E=1.334919664009693e-01 TAKEOVER35_CURVATURE_OVER_E=2.038071936232699e-01
CASE DELTA=0.20000000 MASS_FACTOR=1.123372393420786e+01 MASS_REFERENCE_ERROR=1.350e-13 P_OVER_E=-2.372e-16 TMAX_OVER_E=1.850674501459834e-01 CAPACITY_OVER_CRITICAL=1.480539601168 GAUGE_CRITICAL_FRACTION=0.382184836103 TAKEOVER30_T_OVER_E=1.453349355093645e-01 TAKEOVER30_CURVATURE_OVER_E=4.880384522247499e-01 TAKEOVER30_GAUGE_ENERGY_OVER_E=7.946502927323787e-02 TAKEOVER35_T_OVER_E=1.332404316327089e-01 TAKEOVER35_CURVATURE_OVER_E=1.977703591850143e-01
CASE DELTA=0.40000000 MASS_FACTOR=1.136971851627591e+01 MASS_REFERENCE_ERROR=9.415e-14 P_OVER_E=+1.562e-16 TMAX_OVER_E=1.839751402789148e-01 CAPACITY_OVER_CRITICAL=1.471801122231 GAUGE_CRITICAL_FRACTION=0.380731896511 TAKEOVER30_T_OVER_E=1.447178710685382e-01 TAKEOVER30_CURVATURE_OVER_E=4.732289056449167e-01 TAKEOVER30_GAUGE_ENERGY_OVER_E=7.851453842075323e-02 TAKEOVER35_T_OVER_E=1.327680310195462e-01 TAKEOVER35_CURVATURE_OVER_E=1.864327444691086e-01

=== PRACTICALITY-CANDIDATE DECISION ===
DELTA_0P1_FIXED_CHARGE_CAPACITY=PASS
DELTA_0P1_30_PERCENT_GAUGE_TAKEOVER=PASS
DELTA_0P1_35_PERCENT_GAUGE_TAKEOVER=PASS
DELTA_0P1_CRITICAL_GAUGE_FRACTION=3.829511452205046e-01
DELTA_0P2_FIXED_CHARGE_CAPACITY=PASS
DELTA_0P2_30_PERCENT_GAUGE_TAKEOVER=PASS
DELTA_0P2_35_PERCENT_GAUGE_TAKEOVER=PASS
DELTA_0P2_CRITICAL_GAUGE_FRACTION=3.821848361032258e-01

=== 016B FINAL DECISION ===
HISTORICAL_RECONSTRUCTION_VALID=True
THICK_006D_FIXED_CHARGE_STABILITY_WINDOW=SURVIVES
THICK_006D_30_PERCENT_GAUGE_WINDOW=SURVIVES
THICK_006D_35_PERCENT_GAUGE_WINDOW=SURVIVES
016A_PRACTICALITY_AUGMENTATION=PROMOTED_TO_FIELD_REALIZATION_TARGET
PREFERRED_DELTA_BRACKET=0.10_TO_0.20
NEXT=016C_GLOBAL_SMOOTH_CHARGED_GAUGE_FIELD_BOUNDARY_VALUE_PROBLEM
GLOBAL_FIELD_SOLUTION=NOT_YET_ESTABLISHED
FULL_DYNAMIC_STABILITY=NOT_YET_ESTABLISHED
PRACTICAL_ANTIGRAVITY_DEVICE=NO
CLAIM_CLASSIFICATION=PROJECT_DERIVED_006D_THICK_FIXED_CHARGE_GAUGE_CAPACITY_GATE
