=== 016C — 006D GLOBAL GAUGE INTEGRABILITY PREFLIGHT ===

=== ALGEBRAIC SINGLE-MAXWELL CHECK ===
SINGLE_STATIC_ZERO_MOMENTUM_MAXWELL_PRINCIPAL_PRESSURES=(-u,+u,+u)_UP_TO_PERMUTATION
TARGET_GAUGE_PRINCIPAL_PRESSURES=(0,+g,0)
SINGLE_STATIC_ZERO_MOMENTUM_MAXWELL_EXACT_TARGET_REALIZATION=NO

=== TWO-ELECTROSTATIC-POTENTIAL INTEGRABILITY CHECK ===
CASE DELTA=0.10000000 MAX_DELTA_LOG_G=-2.399955705482e+03 MIN_DELTA_LOG_G=-1.203323665050e+05 CENTER_ANALYTIC=-2.399955705482e+03 CENTER_FINITE_DIFFERENCE=-2.399954013299e+03 FD_RELATIVE_ERROR=7.050894398251e-07 STRICTLY_NONHARMONIC=True
CASE DELTA=0.20000000 MAX_DELTA_LOG_G=-5.999566232053e+02 MIN_DELTA_LOG_G=-3.008306069782e+04 CENTER_ANALYTIC=-5.999566232053e+02 CENTER_FINITE_DIFFERENCE=-5.999563068571e+02 FD_RELATIVE_ERROR=5.272851879991e-07 STRICTLY_NONHARMONIC=True
CASE DELTA=0.40000000 MAX_DELTA_LOG_G=-1.499583751120e+02 MIN_DELTA_LOG_G=-7.520736895111e+03 CENTER_ANALYTIC=-1.499583751120e+02 CENTER_FINITE_DIFFERENCE=-1.499583235365e+02 FD_RELATIVE_ERROR=3.439319186708e-07 STRICTLY_NONHARMONIC=True

=== ANALYTIC BOUND ===
MIN_BRACKET_AT_V_EQ_Y_EQ_HALF=24
DELTA_LOG_G_BOUND=1/r^2-24/delta^2
TARGET_LOG_CONFORMAL_FACTOR_HARMONIC=False
FINITE_DIFFERENCE_INDEPENDENT_CHECK=PASS

=== 016C DECISION ===
TWO_INDEPENDENT_STATIC_ELECTROSTATIC_U1_EXACT_GLOBAL_TARGET=REJECTED_BY_CONFORMAL_INTEGRABILITY
008F_LOCAL_GAUGE_STRESS_DECOMPOSITION=PRESERVED
016B_FIXED_CHARGE_GAUGE_CAPACITY=PRESERVED
GLOBAL_GAUGE_FIELD_REALIZATION=NOT_CLOSED
REQUIRED_NEXT_REALIZATION_CLASS=MIXED_GAUGED_SCALAR_OR_HIGHER_GAUGE_DEGREE_OF_FREEDOM
NEXT=016D_MINIMAL_GLOBAL_GAUGED_SCALAR_INTEGRABILITY_GATE
006D_GRAVITATIONAL_CONSTRUCTION_INVALIDATED=NO
PRACTICAL_ANTIGRAVITY_DEVICE=NO
CLAIM_CLASSIFICATION=PROJECT_DERIVED_006D_GAUGE_INTEGRABILITY_PREFLIGHT
