=== 016D — 006D EXPONENTIAL-TAIL REALIZABILITY GATE ===
CASE DELTA=0.10000000 ELL=0.10000000 MASS_FACTOR=1.124412640977871e+01 TRACE_FACTOR=8.882e-16 FIELD_FACTOR=2.142608791045682e-01 C=26.239336029913 C_CHANGE_VS_COMPACT_PERCENT=-0.071895 TMAX_OVER_E=1.843346668609775e-01 FIXED_CHARGE_STABLE=True RADIAL_GAUGE_BURDEN=3.406783987539e+03 VERTICAL_GAUGE_BURDEN=1.600000000000e+03 TOTAL_GAUGE_BURDEN=5.006783987539e+03 FINITE_GAUGE_BURDEN=True XI_FOR_10_PERCENT_BURDEN=223.758440903 XI_FOR_25_PERCENT_BURDEN=141.517263788 PEAK_RADIAL_EPSILON=2.807734769758e+00 PEAK_STRESS_RELIEF_VS_COMPACT=2.210810202 PEAK_STRESS_RELIEF_VS_FINE_006D=513.112694570
CASE DELTA=0.10000000 ELL=0.20000000 MASS_FACTOR=1.136176979317505e+01 TRACE_FACTOR=8.882e-16 FIELD_FACTOR=2.164711082736413e-01 C=26.243155227008 C_CHANGE_VS_COMPACT_PERCENT=-0.057350 TMAX_OVER_E=1.824260070059091e-01 FIXED_CHARGE_STABLE=True RADIAL_GAUGE_BURDEN=4.123251669023e+02 VERTICAL_GAUGE_BURDEN=1.600000000000e+03 TOTAL_GAUGE_BURDEN=2.012325166902e+03 FINITE_GAUGE_BURDEN=True XI_FOR_10_PERCENT_BURDEN=141.856447400 XI_FOR_25_PERCENT_BURDEN=89.717894913 PEAK_RADIAL_EPSILON=1.416062463625e+00 PEAK_STRESS_RELIEF_VS_COMPACT=4.428760423 PEAK_STRESS_RELIEF_VS_FINE_006D=1027.882534749
CASE DELTA=0.10000000 ELL=0.40000000 MASS_FACTOR=1.158420917694652e+01 TRACE_FACTOR=0.000e+00 FIELD_FACTOR=2.201037604511885e-01 C=26.315336805696 C_CHANGE_VS_COMPACT_PERCENT=+0.217541 TMAX_OVER_E=1.789230722813669e-01 FIXED_CHARGE_STABLE=True RADIAL_GAUGE_BURDEN=4.860605541253e+01 VERTICAL_GAUGE_BURDEN=1.600000000000e+03 TOTAL_GAUGE_BURDEN=1.648606055413e+03 FINITE_GAUGE_BURDEN=True XI_FOR_10_PERCENT_BURDEN=128.398055103 XI_FOR_25_PERCENT_BURDEN=81.206060252 PEAK_RADIAL_EPSILON=1.416063077762e+00 PEAK_STRESS_RELIEF_VS_COMPACT=4.503078532 PEAK_STRESS_RELIEF_VS_FINE_006D=1045.131218136
CASE DELTA=0.10000000 ELL=0.80000000 MASS_FACTOR=1.198706124946031e+01 TRACE_FACTOR=-1.776e-15 FIELD_FACTOR=2.253041612498971e-01 C=26.601952629194 C_CHANGE_VS_COMPACT_PERCENT=+1.309069 TMAX_OVER_E=1.729099612286202e-01 FIXED_CHARGE_STABLE=True RADIAL_GAUGE_BURDEN=5.511098563457e+00 VERTICAL_GAUGE_BURDEN=1.600000000000e+03 TOTAL_GAUGE_BURDEN=1.605511098563e+03 FINITE_GAUGE_BURDEN=True XI_FOR_10_PERCENT_BURDEN=126.708764439 XI_FOR_25_PERCENT_BURDEN=80.137659027 PEAK_RADIAL_EPSILON=1.416058197559e+00 PEAK_STRESS_RELIEF_VS_COMPACT=4.609488843 PEAK_STRESS_RELIEF_VS_FINE_006D=1069.828264320
CASE DELTA=0.20000000 ELL=0.10000000 MASS_FACTOR=1.126946569152238e+01 TRACE_FACTOR=8.882e-16 FIELD_FACTOR=1.909154264141946e-01 C=29.514287826781 C_CHANGE_VS_COMPACT_PERCENT=-0.152512 TMAX_OVER_E=1.844804981049189e-01 FIXED_CHARGE_STABLE=True RADIAL_GAUGE_BURDEN=3.406783987539e+03 VERTICAL_GAUGE_BURDEN=4.000000000000e+02 TOTAL_GAUGE_BURDEN=3.806783987539e+03 FINITE_GAUGE_BURDEN=True XI_FOR_10_PERCENT_BURDEN=195.109814913 XI_FOR_25_PERCENT_BURDEN=123.398281796 PEAK_RADIAL_EPSILON=2.807734769758e+00 PEAK_STRESS_RELIEF_VS_COMPACT=1.098356572 PEAK_STRESS_RELIEF_VS_FINE_006D=914.409847395
CASE DELTA=0.20000000 ELL=0.20000000 MASS_FACTOR=1.138710907491872e+01 TRACE_FACTOR=8.882e-16 FIELD_FACTOR=1.932040222897879e-01 C=29.469130455884 C_CHANGE_VS_COMPACT_PERCENT=-0.305281 TMAX_OVER_E=1.825745788918056e-01 FIXED_CHARGE_STABLE=True RADIAL_GAUGE_BURDEN=4.123251669023e+02 VERTICAL_GAUGE_BURDEN=4.000000000000e+02 TOTAL_GAUGE_BURDEN=8.123251669023e+02 FINITE_GAUGE_BURDEN=True XI_FOR_10_PERCENT_BURDEN=90.129083369 XI_FOR_25_PERCENT_BURDEN=57.002637374 PEAK_RADIAL_EPSILON=1.417948041271e+00 PEAK_STRESS_RELIEF_VS_COMPACT=2.200970684 PEAK_STRESS_RELIEF_VS_FINE_006D=1832.364205313
CASE DELTA=0.20000000 ELL=0.40000000 MASS_FACTOR=1.160954845869019e+01 TRACE_FACTOR=0.000e+00 FIELD_FACTOR=1.969690473344521e-01 C=29.470489439331 C_CHANGE_VS_COMPACT_PERCENT=-0.300683 TMAX_OVER_E=1.790764431145583e-01 FIXED_CHARGE_STABLE=True RADIAL_GAUGE_BURDEN=4.860605541253e+01 VERTICAL_GAUGE_BURDEN=4.000000000000e+02 TOTAL_GAUGE_BURDEN=4.486060554125e+02 FINITE_GAUGE_BURDEN=True XI_FOR_10_PERCENT_BURDEN=66.978060245 XI_FOR_25_PERCENT_BURDEN=42.360644727 PEAK_RADIAL_EPSILON=1.417947852425e+00 PEAK_STRESS_RELIEF_VS_COMPACT=2.243861962 PEAK_STRESS_RELIEF_VS_FINE_006D=1868.072287941
CASE DELTA=0.20000000 ELL=0.80000000 MASS_FACTOR=1.201240053120397e+01 TRACE_FACTOR=-1.776e-15 FIELD_FACTOR=2.023661417723527e-01 C=29.679867457070 C_CHANGE_VS_COMPACT_PERCENT=+0.407647 TMAX_OVER_E=1.730708727824919e-01 FIXED_CHARGE_STABLE=True RADIAL_GAUGE_BURDEN=5.511098563457e+00 VERTICAL_GAUGE_BURDEN=4.000000000000e+02 TOTAL_GAUGE_BURDEN=4.055110985635e+02 FINITE_GAUGE_BURDEN=True XI_FOR_10_PERCENT_BURDEN=63.679753342 XI_FOR_25_PERCENT_BURDEN=40.274612279 PEAK_RADIAL_EPSILON=1.417947492685e+00 PEAK_STRESS_RELIEF_VS_COMPACT=2.305345988 PEAK_STRESS_RELIEF_VS_FINE_006D=1919.259307428

=== VERTICAL LOCALIZATION ===
SECH2_ENERGY_FRACTION_INSIDE_ORIGINAL_MINUS_DELTA_TO_ZERO_SLAB=9.640275800758169e-01
EXACT_COMPACT_SUPPORT=NO
FINITE_TOTAL_ENERGY=YES
EXPONENTIAL_LOCALIZATION=YES

=== 016D DECISION ===
OUTWARD_GRAVITATIONAL_FIELD_ALL_CASES=True
INTEGRATED_STRESS_TRACE_ALL_CASES=PASS
FIXED_CHARGE_DERRICK_WINDOW_ALL_CASES=SURVIVES
COMPACT_BOUNDARY_DERIVATIVE_DIVERGENCE_REMOVED=True
EXPONENTIAL_TAIL_006D_REALIZATION_PREFLIGHT=GREEN
PREFERRED_NEXT_PARAMETER_REGION=DELTA_0P10_TO_0P20_ELL_0P20_TO_0P40
NEXT=016E_TWO_SECTOR_GAUGED_SCALAR_BOUNDARY_VALUE_PREFLIGHT
ORIGINAL_COMPACT_006D_RESULT=PRESERVED
GLOBAL_FIELD_EULER_LAGRANGE_SOLUTION=NOT_YET_ESTABLISHED
FULL_DYNAMIC_STABILITY=NOT_YET_ESTABLISHED
MACROSCOPIC_AH2_OVER_G_ENERGY_SCALING=UNCHANGED
PRACTICAL_ANTIGRAVITY_DEVICE=NO
CLAIM_CLASSIFICATION=PROJECT_DERIVED_006D_EXPONENTIAL_TAIL_REALIZABILITY_PREFLIGHT
