=== 016E — TWO-SECTOR GAUGED-SCALAR ASYMPTOTIC PREFLIGHT ===

=== EXPONENTIAL-TAIL GAUGE NECESSARY CONDITION ===
EXP_CASE ELL=0.20000000 X=4.0 R=5.501437405300 K_MIN=2.128785915820e+01 R_OVER_SQRT2_ELL=1.945051847780e+01 RATIO=1.094462298395
EXP_CASE ELL=0.20000000 X=8.0 R=6.301437405300 K_MIN=2.359372600232e+01 R_OVER_SQRT2_ELL=2.227894560255e+01 RATIO=1.059014480453
EXP_CASE ELL=0.20000000 X=12.0 R=7.101437405300 K_MIN=2.629198919506e+01 R_OVER_SQRT2_ELL=2.510737272730e+01 RATIO=1.047182016240
EXP_CASE ELL=0.20000000 X=16.0 R=7.901437405300 K_MIN=2.906905979161e+01 R_OVER_SQRT2_ELL=2.793579985204e+01 RATIO=1.040566582864
EXP_ASYMPTOTIC ELL=0.20000000 EXPECTED_DK_DR=3.535533905933e+00 GAUGE_ENERGY_PROXY=INTEGRAL_DK2_OVER_R ASYMPTOTIC_BEHAVIOR=LOG_DIVERGENT
EXP_CASE ELL=0.40000000 X=4.0 R=6.301437405300 K_MIN=1.261246956341e+01 R_OVER_SQRT2_ELL=1.113947280128e+01 RATIO=1.132232179064
EXP_CASE ELL=0.40000000 X=8.0 R=7.901437405300 K_MIN=1.516185196870e+01 R_OVER_SQRT2_ELL=1.396789992602e+01 RATIO=1.085478278696
EXP_CASE ELL=0.40000000 X=12.0 R=9.501437405300 K_MIN=1.791922635001e+01 R_OVER_SQRT2_ELL=1.679632705077e+01 RATIO=1.066853860124
EXP_CASE ELL=0.40000000 X=16.0 R=11.101437405300 K_MIN=2.071965589326e+01 R_OVER_SQRT2_ELL=1.962475417551e+01 RATIO=1.055791869185
EXP_ASYMPTOTIC ELL=0.40000000 EXPECTED_DK_DR=1.767766952966e+00 GAUGE_ENERGY_PROXY=INTEGRAL_DK2_OVER_R ASYMPTOTIC_BEHAVIOR=LOG_DIVERGENT

EXPONENTIAL_SINGLE_GAUGED_WINDING_FINITE_ENERGY_ASYMPTOTIC=REJECTED

=== POWER-LAW-TAIL ASYMPTOTIC CONDITION ===
POWER_ASYMPTOTIC ELL=0.20000000 M=2 X=16.0 K_MIN=3.132628786766e+00 K_INFINITY_ANALYTIC=1.732050807569e+00 RATIO=1.808624073310
POWER_ASYMPTOTIC ELL=0.20000000 M=2 X=32.0 K_MIN=2.449129483059e+00 K_INFINITY_ANALYTIC=1.732050807569e+00 RATIO=1.414005566325
POWER_ASYMPTOTIC ELL=0.20000000 M=2 X=64.0 K_MIN=2.096109700348e+00 K_INFINITY_ANALYTIC=1.732050807569e+00 RATIO=1.210189499747
POWER_ASYMPTOTIC ELL=0.20000000 M=2 X=128.0 K_MIN=1.915721158719e+00 K_INFINITY_ANALYTIC=1.732050807569e+00 RATIO=1.106042126679
POWER_LIMIT ELL=0.20000000 M=2 K_INFINITY=1.732050807569e+00 MIN_INTEGER_EFFECTIVE_WINDING=2 GAUGE_ENERGY_ASYMPTOTIC=FINITE_COMPATIBLE_NECESSARY_CONDITION
POWER_ASYMPTOTIC ELL=0.20000000 M=3 X=16.0 K_MIN=4.785039334818e+00 K_INFINITY_ANALYTIC=2.449489742783e+00 RATIO=1.953484128242
POWER_ASYMPTOTIC ELL=0.20000000 M=3 X=32.0 K_MIN=3.635561722959e+00 K_INFINITY_ANALYTIC=2.449489742783e+00 RATIO=1.484211858274
POWER_ASYMPTOTIC ELL=0.20000000 M=3 X=64.0 K_MIN=3.048703137376e+00 K_INFINITY_ANALYTIC=2.449489742783e+00 RATIO=1.244627843966
POWER_ASYMPTOTIC ELL=0.20000000 M=3 X=128.0 K_MIN=2.750964948970e+00 K_INFINITY_ANALYTIC=2.449489742783e+00 RATIO=1.123076737543
POWER_LIMIT ELL=0.20000000 M=3 K_INFINITY=2.449489742783e+00 MIN_INTEGER_EFFECTIVE_WINDING=3 GAUGE_ENERGY_ASYMPTOTIC=FINITE_COMPATIBLE_NECESSARY_CONDITION
POWER_ASYMPTOTIC ELL=0.20000000 M=4 X=16.0 K_MIN=6.475125306165e+00 K_INFINITY_ANALYTIC=3.162277660168e+00 RATIO=2.047614410248
POWER_ASYMPTOTIC ELL=0.20000000 M=4 X=32.0 K_MIN=4.836718810645e+00 K_INFINITY_ANALYTIC=3.162277660168e+00 RATIO=1.529504784342
POWER_ASYMPTOTIC ELL=0.20000000 M=4 X=64.0 K_MIN=4.005719690926e+00 K_INFINITY_ANALYTIC=3.162277660168e+00 RATIO=1.266719789151
POWER_ASYMPTOTIC ELL=0.20000000 M=4 X=128.0 K_MIN=3.585910714198e+00 K_INFINITY_ANALYTIC=3.162277660168e+00 RATIO=1.133964534287
POWER_LIMIT ELL=0.20000000 M=4 K_INFINITY=3.162277660168e+00 MIN_INTEGER_EFFECTIVE_WINDING=4 GAUGE_ENERGY_ASYMPTOTIC=FINITE_COMPATIBLE_NECESSARY_CONDITION
POWER_ASYMPTOTIC ELL=0.40000000 M=2 X=16.0 K_MIN=2.448852535713e+00 K_INFINITY_ANALYTIC=1.732050807569e+00 RATIO=1.413845670699
POWER_ASYMPTOTIC ELL=0.40000000 M=2 X=32.0 K_MIN=2.096081680236e+00 K_INFINITY_ANALYTIC=1.732050807569e+00 RATIO=1.210173322327
POWER_ASYMPTOTIC ELL=0.40000000 M=2 X=64.0 K_MIN=1.915718078509e+00 K_INFINITY_ANALYTIC=1.732050807569e+00 RATIO=1.106040348319
POWER_ASYMPTOTIC ELL=0.40000000 M=2 X=128.0 K_MIN=1.824338997216e+00 K_INFINITY_ANALYTIC=1.732050807569e+00 RATIO=1.053282611136
POWER_LIMIT ELL=0.40000000 M=2 K_INFINITY=1.732050807569e+00 MIN_INTEGER_EFFECTIVE_WINDING=2 GAUGE_ENERGY_ASYMPTOTIC=FINITE_COMPATIBLE_NECESSARY_CONDITION
POWER_ASYMPTOTIC ELL=0.40000000 M=3 X=16.0 K_MIN=3.635092098923e+00 K_INFINITY_ANALYTIC=2.449489742783e+00 RATIO=1.484020135064
POWER_ASYMPTOTIC ELL=0.40000000 M=3 X=32.0 K_MIN=3.048655950622e+00 K_INFINITY_ANALYTIC=2.449489742783e+00 RATIO=1.244608580054
POWER_ASYMPTOTIC ELL=0.40000000 M=3 X=64.0 K_MIN=2.750959781012e+00 K_INFINITY_ANALYTIC=2.449489742783e+00 RATIO=1.123074627733
POWER_ASYMPTOTIC ELL=0.40000000 M=3 X=128.0 K_MIN=2.600748038745e+00 K_INFINITY_ANALYTIC=2.449489742783e+00 RATIO=1.061750940745
POWER_LIMIT ELL=0.40000000 M=3 K_INFINITY=2.449489742783e+00 MIN_INTEGER_EFFECTIVE_WINDING=3 GAUGE_ENERGY_ASYMPTOTIC=FINITE_COMPATIBLE_NECESSARY_CONDITION
POWER_ASYMPTOTIC ELL=0.40000000 M=4 X=16.0 K_MIN=4.836040348693e+00 K_INFINITY_ANALYTIC=3.162277660168e+00 RATIO=1.529290235834
POWER_ASYMPTOTIC ELL=0.40000000 M=4 X=32.0 K_MIN=4.005651839210e+00 K_INFINITY_ANALYTIC=3.162277660168e+00 RATIO=1.266698332555
POWER_ASYMPTOTIC ELL=0.40000000 M=4 X=64.0 K_MIN=3.585903302630e+00 K_INFINITY_ANALYTIC=3.162277660168e+00 RATIO=1.133962190543
POWER_ASYMPTOTIC ELL=0.40000000 M=4 X=128.0 K_MIN=3.374631720003e+00 K_INFINITY_ANALYTIC=3.162277660168e+00 RATIO=1.067152249946
POWER_LIMIT ELL=0.40000000 M=4 K_INFINITY=3.162277660168e+00 MIN_INTEGER_EFFECTIVE_WINDING=4 GAUGE_ENERGY_ASYMPTOTIC=FINITE_COMPATIBLE_NECESSARY_CONDITION

=== POWER-LAW FULL GRAVITY / STABILITY SCAN ===
POWER_CASE DELTA=0.10000000 ELL=0.20000000 M=2 MASS_FACTOR=1.140640606518776e+01 TRACE_FACTOR=0.000e+00 FIELD_FACTOR=2.170328929119319e-01 C=26.278058390477 TMAX_OVER_E=1.817121259793725e-01 K_INFINITY=1.732050807569 MIN_INTEGER_K=2 PEAK_RADIAL_EPSILON=1.443257169880e+00 PEAK_STRESS_RELIEF_VS_FINE_006D=1011.131854832 OUTWARD=True TRACE_PASS=True FIXED_CHARGE_PASS=True
POWER_CASE DELTA=0.10000000 ELL=0.20000000 M=3 MASS_FACTOR=1.132614730757143e+01 TRACE_FACTOR=8.882e-16 FIELD_FACTOR=2.158099345202998e-01 C=26.241023919374 TMAX_OVER_E=1.829997650219248e-01 K_INFINITY=2.449489742783 MIN_INTEGER_K=3 PEAK_RADIAL_EPSILON=1.844933505789e+00 PEAK_STRESS_RELIEF_VS_FINE_006D=786.532498594 OUTWARD=True TRACE_PASS=True FIXED_CHARGE_PASS=True
POWER_CASE DELTA=0.10000000 ELL=0.20000000 M=4 MASS_FACTOR=1.129254869511940e+01 TRACE_FACTOR=1.776e-15 FIELD_FACTOR=2.152144448571447e-01 C=26.235573319940 TMAX_OVER_E=1.835442424777929e-01 K_INFINITY=3.162277660168 MIN_INTEGER_K=4 PEAK_RADIAL_EPSILON=2.167414176913e+00 PEAK_STRESS_RELIEF_VS_FINE_006D=667.660163470 OUTWARD=True TRACE_PASS=True FIXED_CHARGE_PASS=True
POWER_CASE DELTA=0.10000000 ELL=0.40000000 M=2 MASS_FACTOR=1.165927472317049e+01 TRACE_FACTOR=-8.882e-16 FIELD_FACTOR=2.207980326201192e-01 C=26.402578376299 TMAX_OVER_E=1.777711174238165e-01 K_INFINITY=1.732050807569 MIN_INTEGER_K=2 PEAK_RADIAL_EPSILON=1.416063037144e+00 PEAK_STRESS_RELIEF_VS_FINE_006D=1048.427900279 OUTWARD=True TRACE_PASS=True FIXED_CHARGE_PASS=True
POWER_CASE DELTA=0.10000000 ELL=0.40000000 M=3 MASS_FACTOR=1.151710195332090e+01 TRACE_FACTOR=-8.882e-16 FIELD_FACTOR=2.190554529574097e-01 C=26.288096912977 TMAX_OVER_E=1.799656115132010e-01 K_INFINITY=2.449489742783 MIN_INTEGER_K=3 PEAK_RADIAL_EPSILON=1.416063037144e+00 PEAK_STRESS_RELIEF_VS_FINE_006D=1040.153509809 OUTWARD=True TRACE_PASS=True FIXED_CHARGE_PASS=True
POWER_CASE DELTA=0.10000000 ELL=0.40000000 M=4 MASS_FACTOR=1.145474587168468e+01 TRACE_FACTOR=0.000e+00 FIELD_FACTOR=2.181241844718934e-01 C=26.257395298504 TMAX_OVER_E=1.809452884513834e-01 K_INFINITY=3.162277660168 MIN_INTEGER_K=4 PEAK_RADIAL_EPSILON=1.416063037144e+00 PEAK_STRESS_RELIEF_VS_FINE_006D=1035.731514508 OUTWARD=True TRACE_PASS=True FIXED_CHARGE_PASS=True
POWER_CASE DELTA=0.20000000 ELL=0.20000000 M=2 MASS_FACTOR=1.143174534693143e+01 TRACE_FACTOR=0.000e+00 FIELD_FACTOR=1.937869144920141e-01 C=29.495658612704 TMAX_OVER_E=1.818617001214428e-01 K_INFINITY=1.732050807569 MIN_INTEGER_K=2 PEAK_RADIAL_EPSILON=1.443257169880e+00 PEAK_STRESS_RELIEF_VS_FINE_006D=1805.662908175 OUTWARD=True TRACE_PASS=True FIXED_CHARGE_PASS=True
POWER_CASE DELTA=0.20000000 ELL=0.20000000 M=3 MASS_FACTOR=1.135148658931510e+01 TRACE_FACTOR=8.882e-16 FIELD_FACTOR=1.925192663366458e-01 C=29.481430106495 TMAX_OVER_E=1.831475223787214e-01 K_INFINITY=2.449489742783 MIN_INTEGER_K=3 PEAK_RADIAL_EPSILON=1.844933505789e+00 PEAK_STRESS_RELIEF_VS_FINE_006D=1403.296469329 OUTWARD=True TRACE_PASS=True FIXED_CHARGE_PASS=True
POWER_CASE DELTA=0.20000000 ELL=0.20000000 M=4 MASS_FACTOR=1.131788797686306e+01 TRACE_FACTOR=1.776e-15 FIELD_FACTOR=1.919024442357052e-01 C=29.488649876084 TMAX_OVER_E=1.836912194570573e-01 K_INFINITY=3.162277660168 MIN_INTEGER_K=4 PEAK_RADIAL_EPSILON=2.167414176913e+00 PEAK_STRESS_RELIEF_VS_FINE_006D=1190.678603138 OUTWARD=True TRACE_PASS=True FIXED_CHARGE_PASS=True
POWER_CASE DELTA=0.20000000 ELL=0.40000000 M=2 MASS_FACTOR=1.168461400491416e+01 TRACE_FACTOR=-8.882e-16 FIELD_FACTOR=1.976903248430127e-01 C=29.552822107488 TMAX_OVER_E=1.779260010877540e-01 K_INFINITY=1.732050807569 MIN_INTEGER_K=2 PEAK_RADIAL_EPSILON=1.417947911969e+00 PEAK_STRESS_RELIEF_VS_FINE_006D=1874.912870439 OUTWARD=True TRACE_PASS=True FIXED_CHARGE_PASS=True
POWER_CASE DELTA=0.20000000 ELL=0.40000000 M=3 MASS_FACTOR=1.154244123506457e+01 TRACE_FACTOR=-8.882e-16 FIELD_FACTOR=1.958820216918610e-01 C=29.462737660585 TMAX_OVER_E=1.801175853365055e-01 K_INFINITY=2.449489742783 MIN_INTEGER_K=3 PEAK_RADIAL_EPSILON=1.417947911969e+00 PEAK_STRESS_RELIEF_VS_FINE_006D=1857.762760263 OUTWARD=True TRACE_PASS=True FIXED_CHARGE_PASS=True
POWER_CASE DELTA=0.20000000 ELL=0.40000000 M=4 MASS_FACTOR=1.148008515342835e+01 TRACE_FACTOR=0.000e+00 FIELD_FACTOR=1.949163590960175e-01 C=29.448747161784 TMAX_OVER_E=1.810959253666757e-01 K_INFINITY=3.162277660168 MIN_INTEGER_K=4 PEAK_RADIAL_EPSILON=1.417947911969e+00 PEAK_STRESS_RELIEF_VS_FINE_006D=1848.604329111 OUTWARD=True TRACE_PASS=True FIXED_CHARGE_PASS=True

=== SIMPLEST POWER-TAIL CANDIDATES ===
M2_CANDIDATE DELTA=0.10000000 ELL=0.20000000 C=26.278058390477 TMAX_OVER_E=0.181712125979 K_INFINITY=1.732050807569 PEAK_RELIEF=1011.131855
M2_CANDIDATE DELTA=0.10000000 ELL=0.40000000 C=26.402578376299 TMAX_OVER_E=0.177771117424 K_INFINITY=1.732050807569 PEAK_RELIEF=1048.427900
M2_CANDIDATE DELTA=0.20000000 ELL=0.20000000 C=29.495658612704 TMAX_OVER_E=0.181861700121 K_INFINITY=1.732050807569 PEAK_RELIEF=1805.662908
M2_CANDIDATE DELTA=0.20000000 ELL=0.40000000 C=29.552822107488 TMAX_OVER_E=0.177926001088 K_INFINITY=1.732050807569 PEAK_RELIEF=1874.912870

PREFERRED_MINIMUM_FIELD_CONTENT_CANDIDATE DELTA=0.20000000 ELL=0.40000000 M=2 C=29.552822107488 TMAX_OVER_E=0.177926001088 K_INFINITY=1.732050807569 PEAK_STRESS_RELIEF=1874.912870

=== 016E FINAL DECISION ===
EXPONENTIAL_TAIL_SINGLE_GAUGED_WINDING_ASYMPTOTIC=RED
POWER_LAW_TAIL_OUTER_GAUGE_ASYMPTOTIC=GREEN
POWER_LAW_OUTWARD_GRAVITY_ALL_CASES=True
POWER_LAW_INTEGRATED_STRESS_TRACE=PASS
POWER_LAW_FIXED_CHARGE_DERRICK_WINDOW=SURVIVES
016D_EXPONENTIAL_TAIL=DEMOTED_AS_EXACT_MINIMAL_GAUGED_WINDING_TARGET
POWER_LAW_C2_TAIL=PROMOTED_TO_MINIMUM_TWO_SECTOR_FIELD_TARGET
PREFERRED_POWER_EXPONENT=M=2
NEXT=016F_TWO_SECTOR_GAUGED_SCALAR_EULER_LAGRANGE_BOUNDARY_VALUE_PREFLIGHT
ONE_COMPLEX_CHARGED_WINDING_SCALAR=STILL_REJECTED
SECTOR_SEPARATION_REQUIRED=YES
GLOBAL_TWO_SECTOR_FIELD_SOLUTION=NOT_YET_ESTABLISHED
FULL_DYNAMIC_STABILITY=NOT_YET_ESTABLISHED
MACROSCOPIC_AH2_OVER_G_ENERGY_SCALING=UNCHANGED
PRACTICAL_ANTIGRAVITY_DEVICE=NO
CLAIM_CLASSIFICATION=PROJECT_DERIVED_006D_TWO_SECTOR_GAUGE_TAIL_PREFLIGHT
