=== 016F — 006D CHARGE / WINDING COEXISTENCE OPTIMIZER ===
DELTA=0.20000000
POWER_EXPONENT=2
TARGET_T_OVER_E=0.140000000000
TARGET_DERRICK_CURVATURE_OVER_E=0.360000000000
CASE W=0.05000000 ELL=0.40000000 C=29.552822107488 FIELD_FACTOR=1.976903248430e-01 TRACE_FACTOR=-8.882e-16 TMAX_OVER_E=0.177926001088 ETA_FOR_TARGET_CHARGE=0.786843964031 INNER_K_MAX=130.610892936616 INNER_K_RADIUS=1.459308897970 OUTER_K_MAX=13.087045876264 OUTER_K_RADIUS=5.154984071967 K_INFINITY=3.222234918302 K_REQUIRED=130.610892936616 N_NONOVERSHOOT=131 PEAK_STRESS_RELIEF=1874.913298
CASE W=0.05000000 ELL=0.60000000 C=29.685571033440 FIELD_FACTOR=2.006979897294e-01 TRACE_FACTOR=0.000e+00 TMAX_OVER_E=0.174475866059 ETA_FOR_TARGET_CHARGE=0.802403238698 INNER_K_MAX=130.666195657981 INNER_K_RADIUS=1.459437231304 OUTER_K_MAX=10.104665316872 OUTER_K_RADIUS=5.401197405300 K_INFINITY=3.334909801632 K_REQUIRED=130.666195657981 N_NONOVERSHOOT=131 PEAK_STRESS_RELIEF=1903.437896
CASE W=0.05000000 ELL=0.80000000 C=29.860253582762 FIELD_FACTOR=2.031080445583e-01 TRACE_FACTOR=0.000e+00 TMAX_OVER_E=0.171396984214 ETA_FOR_TARGET_CHARGE=0.816817172379 INNER_K_MAX=130.726339604753 INNER_K_RADIUS=1.459570564637 OUTER_K_MAX=8.650323045586 OUTER_K_RADIUS=5.659197405300 K_INFINITY=3.452253463907 K_REQUIRED=130.726339604753 N_NONOVERSHOOT=131 PEAK_STRESS_RELIEF=1926.294837
CASE W=0.05000000 ELL=1.00000000 C=30.059688724424 FIELD_FACTOR=2.050885284079e-01 TRACE_FACTOR=0.000e+00 TMAX_OVER_E=0.168615674729 ETA_FOR_TARGET_CHARGE=0.830290542233 INNER_K_MAX=130.791936078194 INNER_K_RADIUS=1.459713897970 OUTER_K_MAX=7.822784109701 OUTER_K_RADIUS=5.928770738633 K_INFINITY=3.575590445498 K_REQUIRED=130.791936078194 N_NONOVERSHOOT=131 PEAK_STRESS_RELIEF=1945.077957
CASE W=0.05000000 ELL=1.20000000 C=30.273970789357 FIELD_FACTOR=2.067460731977e-01 TRACE_FACTOR=0.000e+00 TMAX_OVER_E=0.166079923262 ETA_FOR_TARGET_CHARGE=0.842967634199 INNER_K_MAX=130.863664137290 INNER_K_RADIUS=1.459865564637 OUTER_K_MAX=7.318034310580 OUTER_K_RADIUS=6.209597405300 K_INFINITY=3.706241749995 K_REQUIRED=130.863664137290 N_NONOVERSHOOT=131 PEAK_STRESS_RELIEF=1960.802887
CASE W=0.05000000 ELL=1.60000000 C=30.724729104299 FIELD_FACTOR=2.093615005570e-01 TRACE_FACTOR=-8.882e-16 TMAX_OVER_E=0.161599088877 ETA_FOR_TARGET_CHARGE=0.866341518215 INNER_K_MAX=131.028810105272 INNER_K_RADIUS=1.460203897970 OUTER_K_MAX=6.819026334563 OUTER_K_RADIUS=6.804904071967 K_INFINITY=3.995436119462 K_REQUIRED=131.028810105272 N_NONOVERSHOOT=132 PEAK_STRESS_RELIEF=1985.610109
CASE W=0.10000000 ELL=0.40000000 C=30.333431505789 FIELD_FACTOR=1.934487232749e-01 TRACE_FACTOR=-8.882e-16 TMAX_OVER_E=0.178234367363 ETA_FOR_TARGET_CHARGE=0.785482632061 INNER_K_MAX=65.946181702088 INNER_K_RADIUS=1.481347231304 OUTER_K_MAX=13.051974773003 OUTER_K_RADIUS=5.154984071967 K_INFINITY=3.212982170129 K_REQUIRED=65.946181702088 N_NONOVERSHOOT=66 PEAK_STRESS_RELIEF=1829.681262
CASE W=0.10000000 ELL=0.60000000 C=30.457095751719 FIELD_FACTOR=1.964563881613e-01 TRACE_FACTOR=0.000e+00 TMAX_OVER_E=0.174793072316 ETA_FOR_TARGET_CHARGE=0.800947074990 INNER_K_MAX=65.974171241969 INNER_K_RADIUS=1.481600564637 OUTER_K_MAX=10.072838959582 OUTER_K_RADIUS=5.401197405300 K_INFINITY=3.323789863116 K_REQUIRED=65.974171241969 N_NONOVERSHOOT=66 PEAK_STRESS_RELIEF=1858.129155
CASE W=0.10000000 ELL=0.80000000 C=30.626154008269 FIELD_FACTOR=1.988664429903e-01 TRACE_FACTOR=0.000e+00 TMAX_OVER_E=0.171721586426 ETA_FOR_TARGET_CHARGE=0.815273157636 INNER_K_MAX=66.004563827491 INNER_K_RADIUS=1.481867231304 OUTER_K_MAX=8.618677667243 OUTER_K_RADIUS=5.659197405300 K_INFINITY=3.439011031820 K_REQUIRED=66.004563827491 N_NONOVERSHOOT=67 PEAK_STRESS_RELIEF=1880.924312
CASE W=0.10000000 ELL=1.00000000 C=30.822248650656 FIELD_FACTOR=2.008469268398e-01 TRACE_FACTOR=0.000e+00 TMAX_OVER_E=0.168946558423 ETA_FOR_TARGET_CHARGE=0.828664409068 INNER_K_MAX=66.037656344086 INNER_K_RADIUS=1.482150564637 OUTER_K_MAX=7.789823893442 OUTER_K_RADIUS=5.928770738633 K_INFINITY=3.559915440004 K_REQUIRED=66.037656344086 N_NONOVERSHOOT=67 PEAK_STRESS_RELIEF=1899.655281
CASE W=0.10000000 ELL=1.20000000 C=31.034777282259 FIELD_FACTOR=2.025044716296e-01 TRACE_FACTOR=0.000e+00 TMAX_OVER_E=0.166416203184 ETA_FOR_TARGET_CHARGE=0.841264235821 INNER_K_MAX=66.073776418067 INNER_K_RADIUS=1.482453897970 OUTER_K_MAX=7.282734663184 OUTER_K_RADIUS=6.209757405300 K_INFINITY=3.687757456119 K_REQUIRED=66.073776418067 N_NONOVERSHOOT=67 PEAK_STRESS_RELIEF=1915.333324
CASE W=0.10000000 ELL=1.60000000 C=31.485155834235 FIELD_FACTOR=2.051198989889e-01 TRACE_FACTOR=-8.882e-16 TMAX_OVER_E=0.161944133009 ETA_FOR_TARGET_CHARGE=0.864495659080 INNER_K_MAX=66.156679763768 INNER_K_RADIUS=1.483120564637 OUTER_K_MAX=6.776380038570 OUTER_K_RADIUS=6.805117405300 K_INFINITY=3.969845684147 K_REQUIRED=66.156679763768 N_NONOVERSHOOT=67 PEAK_STRESS_RELIEF=1940.069873
CASE W=0.20000000 ELL=0.40000000 C=31.880916551594 FIELD_FACTOR=1.857075146905e-01 TRACE_FACTOR=-8.882e-16 TMAX_OVER_E=0.178846217508 ETA_FOR_TARGET_CHARGE=0.782795420283 INNER_K_MAX=33.662546193228 INNER_K_RADIUS=1.526087231304 OUTER_K_MAX=12.983766776049 OUTER_K_RADIUS=5.154984071967 K_INFINITY=3.194981843401 K_REQUIRED=33.662546193228 N_NONOVERSHOOT=34 PEAK_STRESS_RELIEF=1746.362629
CASE W=0.20000000 ELL=0.60000000 C=31.984990398274 FIELD_FACTOR=1.887151795769e-01 TRACE_FACTOR=0.000e+00 TMAX_OVER_E=0.175423178844 ETA_FOR_TARGET_CHARGE=0.798070134873 INNER_K_MAX=33.676883310876 INNER_K_RADIUS=1.526587231304 OUTER_K_MAX=10.011022082645 OUTER_K_RADIUS=5.401197405300 K_INFINITY=3.302185479336 K_REQUIRED=33.676883310876 N_NONOVERSHOOT=34 PEAK_STRESS_RELIEF=1774.646098
CASE W=0.20000000 ELL=0.80000000 C=32.141629600629 FIELD_FACTOR=1.911252344059e-01 TRACE_FACTOR=0.000e+00 TMAX_OVER_E=0.172366996024 ETA_FOR_TARGET_CHARGE=0.812220455361 INNER_K_MAX=33.692404677160 INNER_K_RADIUS=1.527113897970 OUTER_K_MAX=8.557312052703 OUTER_K_RADIUS=5.659304071967 K_INFINITY=3.413324970950 K_REQUIRED=33.692404677160 N_NONOVERSHOOT=34 PEAK_STRESS_RELIEF=1797.310002
CASE W=0.20000000 ELL=1.00000000 C=32.330042619605 FIELD_FACTOR=1.931057182555e-01 TRACE_FACTOR=0.000e+00 TMAX_OVER_E=0.169604989564 ETA_FOR_TARGET_CHARGE=0.825447413782 INNER_K_MAX=33.709250376297 INNER_K_RADIUS=1.527673897970 OUTER_K_MAX=7.726032260140 OUTER_K_RADIUS=5.928904071967 K_INFINITY=3.529570112872 K_REQUIRED=33.709250376297 N_NONOVERSHOOT=34 PEAK_STRESS_RELIEF=1815.933987
CASE W=0.20000000 ELL=1.20000000 C=32.538186401845 FIELD_FACTOR=1.947632630453e-01 TRACE_FACTOR=0.000e+00 TMAX_OVER_E=0.167085841828 ETA_FOR_TARGET_CHARGE=0.837892657262 INNER_K_MAX=33.727573207269 INNER_K_RADIUS=1.528260564637 OUTER_K_MAX=7.214569528585 OUTER_K_RADIUS=6.209757405300 K_INFINITY=3.652054773008 K_REQUIRED=33.727573207269 N_NONOVERSHOOT=34 PEAK_STRESS_RELIEF=1831.521245
CASE W=0.20000000 ELL=1.60000000 C=32.986307450593 FIELD_FACTOR=1.973786904045e-01 TRACE_FACTOR=-8.882e-16 TMAX_OVER_E=0.162632025253 ETA_FOR_TARGET_CHARGE=0.860839061568 INNER_K_MAX=33.769377947818 INNER_K_RADIUS=1.529560564637 OUTER_K_MAX=6.694489172591 OUTER_K_RADIUS=6.805330738633 K_INFINITY=3.920694969544 K_REQUIRED=33.769377947818 N_NONOVERSHOOT=34 PEAK_STRESS_RELIEF=1856.116329
CASE W=0.30000000 ELL=0.40000000 C=33.396387538082 FIELD_FACTOR=1.789032849356e-01 TRACE_FACTOR=-8.882e-16 TMAX_OVER_E=0.179452638989 ETA_FOR_TARGET_CHARGE=0.780150132029 INNER_K_MAX=22.952128094281 INNER_K_RADIUS=1.571640564637 OUTER_K_MAX=12.917912392664 OUTER_K_RADIUS=5.154984071967 K_INFINITY=3.177596124469 K_REQUIRED=22.952128094281 N_NONOVERSHOOT=23 PEAK_STRESS_RELIEF=1671.944792
CASE W=0.30000000 ELL=0.60000000 C=33.479297807134 FIELD_FACTOR=1.819109498220e-01 TRACE_FACTOR=0.000e+00 TMAX_OVER_E=0.176048558881 ETA_FOR_TARGET_CHARGE=0.795235137908 INNER_K_MAX=22.961917721175 INNER_K_RADIUS=1.572390564637 OUTER_K_MAX=9.951445610065 OUTER_K_RADIUS=5.401277405300 K_INFINITY=3.281356547758 K_REQUIRED=22.961917721175 N_NONOVERSHOOT=23 PEAK_STRESS_RELIEF=1700.052977
CASE W=0.30000000 ELL=0.80000000 C=33.622180825434 FIELD_FACTOR=1.843210046509e-01 TRACE_FACTOR=0.000e+00 TMAX_OVER_E=0.173008303664 ETA_FOR_TARGET_CHARGE=0.809209714420 INNER_K_MAX=22.972485515100 INNER_K_RADIUS=1.573170564637 OUTER_K_MAX=8.498299825317 OUTER_K_RADIUS=5.659304071967 K_INFINITY=3.388615353206 K_REQUIRED=22.972485515100 N_NONOVERSHOOT=23 PEAK_STRESS_RELIEF=1722.576194
CASE W=0.30000000 ELL=1.00000000 C=33.801736146425 FIELD_FACTOR=1.863014885005e-01 TRACE_FACTOR=0.000e+00 TMAX_OVER_E=0.170259880473 ETA_FOR_TARGET_CHARGE=0.822272396826 INNER_K_MAX=22.983919765585 INNER_K_RADIUS=1.573980564637 OUTER_K_MAX=7.664844549557 OUTER_K_RADIUS=5.928904071967 K_INFINITY=3.500453686025 K_REQUIRED=22.983919765585 N_NONOVERSHOOT=23 PEAK_STRESS_RELIEF=1741.084842
CASE W=0.30000000 ELL=1.20000000 C=34.004436509409 FIELD_FACTOR=1.879590332903e-01 TRACE_FACTOR=0.000e+00 TMAX_OVER_E=0.167752449785 ETA_FOR_TARGET_CHARGE=0.834563073025 INNER_K_MAX=22.996315517099 INNER_K_RADIUS=1.574850564637 OUTER_K_MAX=7.149380512163 OUTER_K_RADIUS=6.209917405300 K_INFINITY=3.617899861815 K_REQUIRED=22.996315517099 N_NONOVERSHOOT=23 PEAK_STRESS_RELIEF=1756.575487
CASE W=0.30000000 ELL=1.60000000 C=34.448434486942 FIELD_FACTOR=1.905744606495e-01 TRACE_FACTOR=-8.882e-16 TMAX_OVER_E=0.163317779628 ETA_FOR_TARGET_CHARGE=0.857224487861 INNER_K_MAX=23.024439081282 INNER_K_RADIUS=1.576740564637 OUTER_K_MAX=6.616740668337 OUTER_K_RADIUS=6.805330738633 K_INFINITY=3.874016569948 K_REQUIRED=23.024439081282 N_NONOVERSHOOT=24 PEAK_STRESS_RELIEF=1781.018196
CASE W=0.40000000 ELL=0.40000000 C=34.860237436927 FIELD_FACTOR=1.729917758911e-01 TRACE_FACTOR=-8.882e-16 TMAX_OVER_E=0.180054480272 ETA_FOR_TARGET_CHARGE=0.777542440425 INNER_K_MAX=17.643773288307 INNER_K_RADIUS=1.617927231304 OUTER_K_MAX=12.854208279722 OUTER_K_RADIUS=5.155037405300 K_INFINITY=3.160771886769 K_REQUIRED=17.643773288307 N_NONOVERSHOOT=18 PEAK_STRESS_RELIEF=1605.840738
CASE W=0.40000000 ELL=0.60000000 C=34.920916697079 FIELD_FACTOR=1.759994407775e-01 TRACE_FACTOR=0.000e+00 TMAX_OVER_E=0.176669999016 ETA_FOR_TARGET_CHARGE=0.792437882943 INNER_K_MAX=17.651291642674 INNER_K_RADIUS=1.618900564637 OUTER_K_MAX=9.893919947454 OUTER_K_RADIUS=5.401277405300 K_INFINITY=3.261237447567 K_REQUIRED=17.651291642674 N_NONOVERSHOOT=18 PEAK_STRESS_RELIEF=1633.760160
CASE W=0.40000000 ELL=0.80000000 C=35.049059881585 FIELD_FACTOR=1.784094956065e-01 TRACE_FACTOR=0.000e+00 TMAX_OVER_E=0.173646243008 ETA_FOR_TARGET_CHARGE=0.806236850131 INNER_K_MAX=17.659385277366 INNER_K_RADIUS=1.619927231304 OUTER_K_MAX=8.441443177922 OUTER_K_RADIUS=5.659410738633 K_INFINITY=3.364800156943 K_REQUIRED=17.659385277366 N_NONOVERSHOOT=18 PEAK_STRESS_RELIEF=1656.132178
CASE W=0.40000000 ELL=1.00000000 C=35.218833794389 FIELD_FACTOR=1.803899794561e-01 TRACE_FACTOR=0.000e+00 TMAX_OVER_E=0.170911918848 ETA_FOR_TARGET_CHARGE=0.819135382387 INNER_K_MAX=17.668116854065 INNER_K_RADIUS=1.620993897970 OUTER_K_MAX=7.606040626262 OUTER_K_RADIUS=5.929037405300 K_INFINITY=3.472462353160 K_REQUIRED=17.668116854065 N_NONOVERSHOOT=18 PEAK_STRESS_RELIEF=1674.516465
CASE W=0.40000000 ELL=1.20000000 C=35.415213622125 FIELD_FACTOR=1.820475242459e-01 TRACE_FACTOR=0.000e+00 TMAX_OVER_E=0.168416674359 ETA_FOR_TARGET_CHARGE=0.831271609732 INNER_K_MAX=17.677553014818 INNER_K_RADIUS=1.622113897970 OUTER_K_MAX=7.086911477209 OUTER_K_RADIUS=6.210077405300 K_INFINITY=3.585159657081 K_REQUIRED=17.677553014818 N_NONOVERSHOOT=18 PEAK_STRESS_RELIEF=1689.903150
CASE W=0.40000000 ELL=1.60000000 C=35.853443864499 FIELD_FACTOR=1.846629516051e-01 TRACE_FACTOR=-8.882e-16 TMAX_OVER_E=0.164001975560 ETA_FOR_TARGET_CHARGE=0.853648253453 INNER_K_MAX=17.698849346107 INNER_K_RADIUS=1.624567231304 OUTER_K_MAX=6.542753035757 OUTER_K_RADIUS=6.805544071967 K_INFINITY=3.829583058746 K_REQUIRED=17.698849346107 N_NONOVERSHOOT=18 PEAK_STRESS_RELIEF=1714.181453
CASE W=0.50000000 ELL=0.40000000 C=36.248078798154 FIELD_FACTOR=1.679524403536e-01 TRACE_FACTOR=0.000e+00 TMAX_OVER_E=0.180652050753 ETA_FOR_TARGET_CHARGE=0.774970444102 INNER_K_MAX=14.505884759749 INNER_K_RADIUS=1.664817231304 OUTER_K_MAX=12.792522357487 OUTER_K_RADIUS=5.155037405300 K_INFINITY=3.144474741803 K_REQUIRED=14.505884759749 N_NONOVERSHOOT=15 PEAK_STRESS_RELIEF=1547.660948
CASE W=0.50000000 ELL=0.60000000 C=36.286130682331 FIELD_FACTOR=1.709601052399e-01 TRACE_FACTOR=8.882e-16 TMAX_OVER_E=0.177287767423 ETA_FOR_TARGET_CHARGE=0.789676592101 INNER_K_MAX=14.512042712030 INNER_K_RADIUS=1.666017231304 OUTER_K_MAX=9.838317703622 OUTER_K_RADIUS=5.401277405300 K_INFINITY=3.241784238954 K_REQUIRED=14.512042712030 N_NONOVERSHOOT=15 PEAK_STRESS_RELIEF=1575.376226
CASE W=0.50000000 ELL=0.80000000 C=36.399020468830 FIELD_FACTOR=1.733701600689e-01 TRACE_FACTOR=8.882e-16 TMAX_OVER_E=0.174281047324 ETA_FOR_TARGET_CHARGE=0.803300199016 INNER_K_MAX=14.518654313420 INNER_K_RADIUS=1.667267231304 OUTER_K_MAX=8.386604926836 OUTER_K_RADIUS=5.659410738633 K_INFINITY=3.341822625812 K_REQUIRED=14.518654313420 N_NONOVERSHOOT=15 PEAK_STRESS_RELIEF=1597.584594
CASE W=0.50000000 ELL=1.00000000 C=36.558426427529 FIELD_FACTOR=1.753506439185e-01 TRACE_FACTOR=8.882e-16 TMAX_OVER_E=0.171561307939 ETA_FOR_TARGET_CHARGE=0.816034813922 INNER_K_MAX=14.525767167130 INNER_K_RADIUS=1.668567231304 OUTER_K_MAX=7.549463090725 OUTER_K_RADIUS=5.929037405300 K_INFINITY=3.445522049648 K_REQUIRED=14.525767167130 N_NONOVERSHOOT=15 PEAK_STRESS_RELIEF=1615.834506
CASE W=0.50000000 ELL=1.20000000 C=36.747852842805 FIELD_FACTOR=1.770081887083e-01 TRACE_FACTOR=8.882e-16 TMAX_OVER_E=0.169078692683 ETA_FOR_TARGET_CHARGE=0.828016811453 INNER_K_MAX=14.533431211851 INNER_K_RADIUS=1.669933897970 OUTER_K_MAX=7.026974283977 OUTER_K_RADIUS=6.210077405300 K_INFINITY=3.553736570307 K_REQUIRED=14.533431211851 N_NONOVERSHOOT=15 PEAK_STRESS_RELIEF=1631.108589
CASE W=0.50000000 ELL=1.60000000 C=37.178973597732 FIELD_FACTOR=1.796236160675e-01 TRACE_FACTOR=0.000e+00 TMAX_OVER_E=0.164684746921 ETA_FOR_TARGET_CHARGE=0.850109087924 INNER_K_MAX=14.550642782474 INNER_K_RADIUS=1.672900564637 OUTER_K_MAX=6.472233789629 OUTER_K_RADIUS=6.805757405300 K_INFINITY=3.787220233201 K_REQUIRED=14.550642782474 N_NONOVERSHOOT=15 PEAK_STRESS_RELIEF=1655.209390
CASE W=0.60000000 ELL=0.40000000 C=37.529616947278 FIELD_FACTOR=1.637904976007e-01 TRACE_FACTOR=-8.882e-16 TMAX_OVER_E=0.181245050185 ETA_FOR_TARGET_CHARGE=0.772434887778 INNER_K_MAX=12.464646159160 INNER_K_RADIUS=1.712120564637 OUTER_K_MAX=12.732792514876 OUTER_K_RADIUS=5.155037405300 K_INFINITY=3.128688766983 K_REQUIRED=12.732792514876 N_NONOVERSHOOT=13 PEAK_STRESS_RELIEF=1497.216309
CASE W=0.60000000 ELL=0.60000000 C=37.545509909120 FIELD_FACTOR=1.667981624870e-01 TRACE_FACTOR=0.000e+00 TMAX_OVER_E=0.177901545082 ETA_FOR_TARGET_CHARGE=0.786952130940 INNER_K_MAX=12.469899635930 INNER_K_RADIUS=1.713540564637 OUTER_K_MAX=9.784571856029 OUTER_K_RADIUS=5.401357405300 K_INFINITY=3.222974034271 K_REQUIRED=12.469899635930 N_NONOVERSHOOT=13 PEAK_STRESS_RELIEF=1524.709516
CASE W=0.60000000 ELL=0.80000000 C=37.643238894337 FIELD_FACTOR=1.692082173160e-01 TRACE_FACTOR=0.000e+00 TMAX_OVER_E=0.174912382325 ETA_FOR_TARGET_CHARGE=0.800400738580 INNER_K_MAX=12.475525852347 INNER_K_RADIUS=1.715000564637 OUTER_K_MAX=8.333705606678 OUTER_K_RADIUS=5.659410738633 K_INFINITY=3.319650155886 K_REQUIRED=12.475525852347 N_NONOVERSHOOT=13 PEAK_STRESS_RELIEF=1546.739929
CASE W=0.60000000 ELL=1.00000000 C=37.792125957745 FIELD_FACTOR=1.711887011656e-01 TRACE_FACTOR=0.000e+00 TMAX_OVER_E=0.172207700870 ETA_FOR_TARGET_CHARGE=0.812971773577 INNER_K_MAX=12.481562577484 INNER_K_RADIUS=1.716520564637 OUTER_K_MAX=7.495013462905 OUTER_K_RADIUS=5.929170738633 K_INFINITY=3.419586676941 K_REQUIRED=12.481562577484 N_NONOVERSHOOT=13 PEAK_STRESS_RELIEF=1564.843609
CASE W=0.60000000 ELL=1.20000000 C=37.974282731003 FIELD_FACTOR=1.728462459554e-01 TRACE_FACTOR=0.000e+00 TMAX_OVER_E=0.169738147391 ETA_FOR_TARGET_CHARGE=0.824799858793 INNER_K_MAX=12.488048939023 INNER_K_RADIUS=1.718120564637 OUTER_K_MAX=6.969443523541 OUTER_K_RADIUS=6.210237405300 K_INFINITY=3.523565795257 K_REQUIRED=12.488048939023 N_NONOVERSHOOT=13 PEAK_STRESS_RELIEF=1579.995333
CASE W=0.60000000 ELL=1.60000000 C=38.397348516685 FIELD_FACTOR=1.754616733146e-01 TRACE_FACTOR=-8.882e-16 TMAX_OVER_E=0.165365720094 ETA_FOR_TARGET_CHARGE=0.846608353414 INNER_K_MAX=12.502548598479 INNER_K_RADIUS=1.721560564637 OUTER_K_MAX=6.404969571144 OUTER_K_RADIUS=6.805970738633 K_INFINITY=3.746801257345 K_REQUIRED=12.502548598479 N_NONOVERSHOOT=13 PEAK_STRESS_RELIEF=1603.903058
CASE W=0.80000000 ELL=0.40000000 C=39.621075936376 FIELD_FACTOR=1.582525877976e-01 TRACE_FACTOR=-8.882e-16 TMAX_OVER_E=0.182412152779 ETA_FOR_TARGET_CHARGE=0.767492723850 INNER_K_MAX=10.084718479032 INNER_K_RADIUS=1.807020564637 OUTER_K_MAX=12.619345050189 OUTER_K_RADIUS=5.155037405300 K_INFINITY=3.098690261943 K_REQUIRED=12.619345050189 N_NONOVERSHOOT=13 PEAK_STRESS_RELIEF=1419.662528
CASE W=0.80000000 ELL=0.60000000 C=39.598506884980 FIELD_FACTOR=1.612602526839e-01 TRACE_FACTOR=0.000e+00 TMAX_OVER_E=0.179112010024 ETA_FOR_TARGET_CHARGE=0.781633794300 INNER_K_MAX=10.088849419063 INNER_K_RADIUS=1.808807231304 OUTER_K_MAX=9.682712798468 OUTER_K_RADIUS=5.401357405300 K_INFINITY=3.187307072025 K_REQUIRED=10.088849419063 N_NONOVERSHOOT=11 PEAK_STRESS_RELIEF=1446.643885
CASE W=0.80000000 ELL=0.80000000 C=39.669312104749 FIELD_FACTOR=1.636703075129e-01 TRACE_FACTOR=0.000e+00 TMAX_OVER_E=0.176159588137 ETA_FOR_TARGET_CHARGE=0.794733919853 INNER_K_MAX=10.093252555140 INNER_K_RADIUS=1.810647231304 OUTER_K_MAX=8.233717580759 OUTER_K_RADIUS=5.659517405300 K_INFINITY=3.277720401415 K_REQUIRED=10.093252555140 N_NONOVERSHOOT=11 PEAK_STRESS_RELIEF=1468.264162
CASE W=0.80000000 ELL=1.00000000 C=39.798953367294 FIELD_FACTOR=1.656507913625e-01 TRACE_FACTOR=0.000e+00 TMAX_OVER_E=0.173486501045 ETA_FOR_TARGET_CHARGE=0.806979212540 INNER_K_MAX=10.097953998182 INNER_K_RADIUS=1.812540564637 OUTER_K_MAX=7.392414402410 OUTER_K_RADIUS=5.929304071967 K_INFINITY=3.370694036179 K_REQUIRED=10.097953998182 N_NONOVERSHOOT=11 PEAK_STRESS_RELIEF=1486.030813
CASE W=0.80000000 ELL=1.20000000 C=39.967257641689 FIELD_FACTOR=1.673083361523e-01 TRACE_FACTOR=0.000e+00 TMAX_OVER_E=0.171044425158 ETA_FOR_TARGET_CHARGE=0.818500806858 INNER_K_MAX=10.102980085393 INNER_K_RADIUS=1.814540564637 OUTER_K_MAX=6.861422274971 OUTER_K_RADIUS=6.210397405300 K_INFINITY=3.466890931796 K_REQUIRED=10.102980085393 N_NONOVERSHOOT=11 PEAK_STRESS_RELIEF=1500.900424
CASE W=0.80000000 ELL=1.60000000 C=40.373435966273 FIELD_FACTOR=1.699237635115e-01 TRACE_FACTOR=-8.882e-16 TMAX_OVER_E=0.166717436710 ETA_FOR_TARGET_CHARGE=0.839744196902 INNER_K_MAX=10.114123335186 INNER_K_RADIUS=1.818780564637 OUTER_K_MAX=6.279737838678 OUTER_K_RADIUS=6.806397405300 K_INFINITY=3.671518389273 K_REQUIRED=10.114123335186 N_NONOVERSHOOT=11 PEAK_STRESS_RELIEF=1524.363098
CASE W=1.00000000 ELL=0.40000000 C=40.794720698899 FIELD_FACTOR=1.569029525039e-01 TRACE_FACTOR=0.000e+00 TMAX_OVER_E=0.183532393678 ETA_FOR_TARGET_CHARGE=0.762808119018 INNER_K_MAX=9.005979151033 INNER_K_RADIUS=1.899300564637 OUTER_K_MAX=12.515281554921 OUTER_K_RADIUS=5.155090738633 K_INFINITY=3.071154802205 K_REQUIRED=12.515281554921 N_NONOVERSHOOT=13 PEAK_STRESS_RELIEF=1374.148028
CASE W=1.00000000 ELL=0.60000000 C=40.749886771113 FIELD_FACTOR=1.599106173903e-01 TRACE_FACTOR=8.882e-16 TMAX_OVER_E=0.180278569163 ETA_FOR_TARGET_CHARGE=0.776575943831 INNER_K_MAX=9.009444643537 INNER_K_RADIUS=1.901333897970 OUTER_K_MAX=9.589406109611 OUTER_K_RADIUS=5.401437405300 K_INFINITY=3.154613692977 K_REQUIRED=9.589406109611 N_NONOVERSHOOT=10 PEAK_STRESS_RELIEF=1400.489001
CASE W=1.00000000 ELL=0.80000000 C=40.804185606363 FIELD_FACTOR=1.623206722192e-01 TRACE_FACTOR=8.882e-16 TMAX_OVER_E=0.177365546710 ETA_FOR_TARGET_CHARGE=0.789330298905 INNER_K_MAX=9.013122948115 INNER_K_RADIUS=1.903433897970 OUTER_K_MAX=8.142328138592 OUTER_K_RADIUS=5.659624071967 K_INFINITY=3.239372491988 K_REQUIRED=9.013122948115 N_NONOVERSHOOT=10 PEAK_STRESS_RELIEF=1421.596141
CASE W=1.00000000 ELL=1.00000000 C=40.921212044599 FIELD_FACTOR=1.643011560688e-01 TRACE_FACTOR=8.882e-16 TMAX_OVER_E=0.174726469218 ETA_FOR_TARGET_CHARGE=0.801252383948 INNER_K_MAX=9.017034067664 INNER_K_RADIUS=1.905567231304 OUTER_K_MAX=7.298915066789 OUTER_K_RADIUS=5.929437405300 K_INFINITY=3.326110909853 K_REQUIRED=9.017034067664 N_NONOVERSHOOT=10 PEAK_STRESS_RELIEF=1438.941119
CASE W=1.00000000 ELL=1.20000000 C=41.079676252603 FIELD_FACTOR=1.659587008586e-01 TRACE_FACTOR=8.882e-16 TMAX_OVER_E=0.172314081770 ETA_FOR_TARGET_CHARGE=0.812469872234 INNER_K_MAX=9.021197600205 INNER_K_RADIUS=1.907833897970 OUTER_K_MAX=6.763337382073 OUTER_K_RADIUS=6.210557405300 K_INFINITY=3.415399392005 K_REQUIRED=9.021197600205 N_NONOVERSHOOT=10 PEAK_STRESS_RELIEF=1453.457812
CASE W=1.00000000 ELL=1.60000000 C=41.471847341957 FIELD_FACTOR=1.685741282178e-01 TRACE_FACTOR=0.000e+00 TMAX_OVER_E=0.168036452841 ETA_FOR_TARGET_CHARGE=0.833152554893 INNER_K_MAX=9.030367366549 INNER_K_RADIUS=1.912600564637 OUTER_K_MAX=6.167063462920 OUTER_K_RADIUS=6.806610738633 K_INFINITY=3.603747779067 K_REQUIRED=9.030367366549 N_NONOVERSHOOT=10 PEAK_STRESS_RELIEF=1476.363600
CASE W=1.20000000 ELL=0.40000000 C=40.846078614409 FIELD_FACTOR=1.601498873693e-01 TRACE_FACTOR=-8.882e-16 TMAX_OVER_E=0.184537658247 ETA_FOR_TARGET_CHARGE=0.758652739662 INNER_K_MAX=9.141902646153 INNER_K_RADIUS=1.980540564637 OUTER_K_MAX=12.425664704782 OUTER_K_RADIUS=5.155090738633 K_INFINITY=3.047427537670 K_REQUIRED=12.425664704782 N_NONOVERSHOOT=13 PEAK_STRESS_RELIEF=1356.432956
CASE W=1.20000000 ELL=0.60000000 C=40.801190171489 FIELD_FACTOR=1.631575522557e-01 TRACE_FACTOR=0.000e+00 TMAX_OVER_E=0.181335151181 ETA_FOR_TARGET_CHARGE=0.772051083799 INNER_K_MAX=9.144883825075 INNER_K_RADIUS=1.982540564637 OUTER_K_MAX=9.508712611336 OUTER_K_RADIUS=5.401437405300 K_INFINITY=3.126323020934 K_REQUIRED=9.508712611336 N_NONOVERSHOOT=10 PEAK_STRESS_RELIEF=1381.907195
CASE W=1.20000000 ELL=0.80000000 C=40.853677367407 FIELD_FACTOR=1.655676070847e-01 TRACE_FACTOR=0.000e+00 TMAX_OVER_E=0.178465997914 ETA_FOR_TARGET_CHARGE=0.784463156210 INNER_K_MAX=9.148037811242 INNER_K_RADIUS=1.984620564637 OUTER_K_MAX=8.063109216271 OUTER_K_RADIUS=5.659730738633 K_INFINITY=3.206112289460 K_REQUIRED=9.148037811242 N_NONOVERSHOOT=10 PEAK_STRESS_RELIEF=1402.319810
CASE W=1.20000000 ELL=1.00000000 C=40.967850924100 FIELD_FACTOR=1.675480909342e-01 TRACE_FACTOR=0.000e+00 TMAX_OVER_E=0.175864971234 ETA_FOR_TARGET_CHARGE=0.796065293831 INNER_K_MAX=9.151381520441 INNER_K_RADIUS=1.986740564637 OUTER_K_MAX=7.217795878844 OUTER_K_RADIUS=5.929570738633 K_INFINITY=3.287409389307 K_REQUIRED=9.151381520441 N_NONOVERSHOOT=10 PEAK_STRESS_RELIEF=1419.094050
CASE W=1.20000000 ELL=1.20000000 C=41.122817441315 FIELD_FACTOR=1.692056357240e-01 TRACE_FACTOR=0.000e+00 TMAX_OVER_E=0.173485956907 ETA_FOR_TARGET_CHARGE=0.806981743630 INNER_K_MAX=9.154931185934 INNER_K_RADIUS=1.988940564637 OUTER_K_MAX=6.678263643752 OUTER_K_RADIUS=6.210877405300 K_INFINITY=3.370714191257 K_REQUIRED=9.154931185934 N_NONOVERSHOOT=10 PEAK_STRESS_RELIEF=1433.133076
CASE W=1.20000000 ELL=1.60000000 C=41.506920913093 FIELD_FACTOR=1.718210630833e-01 TRACE_FACTOR=-8.882e-16 TMAX_OVER_E=0.169264191973 ETA_FOR_TARGET_CHARGE=0.827109374806 INNER_K_MAX=9.162717871428 INNER_K_RADIUS=1.993660564637 OUTER_K_MAX=6.069669683691 OUTER_K_RADIUS=6.807037405300 K_INFINITY=3.545138532840 K_REQUIRED=9.162717871428 N_NONOVERSHOOT=10 PEAK_STRESS_RELIEF=1455.285165

=== PARETO FRONTIER BY CONSERVATIVE INTEGER WINDING ===
PARETO N=10 W=1.00000000 ELL=0.60000000 C=40.749886771113 TMAX_OVER_E=0.180278569163 K_REQUIRED=9.589406109611 PEAK_STRESS_RELIEF=1400.489001
PARETO N=11 W=0.80000000 ELL=0.60000000 C=39.598506884980 TMAX_OVER_E=0.179112010024 K_REQUIRED=10.088849419063 PEAK_STRESS_RELIEF=1446.643885
PARETO N=13 W=0.60000000 ELL=0.40000000 C=37.529616947278 TMAX_OVER_E=0.181245050185 K_REQUIRED=12.732792514876 PEAK_STRESS_RELIEF=1497.216309
PARETO N=15 W=0.50000000 ELL=0.40000000 C=36.248078798154 TMAX_OVER_E=0.180652050753 K_REQUIRED=14.505884759749 PEAK_STRESS_RELIEF=1547.660948
PARETO N=18 W=0.40000000 ELL=0.40000000 C=34.860237436927 TMAX_OVER_E=0.180054480272 K_REQUIRED=17.643773288307 PEAK_STRESS_RELIEF=1605.840738
PARETO N=23 W=0.30000000 ELL=0.40000000 C=33.396387538082 TMAX_OVER_E=0.179452638989 K_REQUIRED=22.952128094281 PEAK_STRESS_RELIEF=1671.944792
PARETO N=24 W=0.30000000 ELL=1.60000000 C=34.448434486942 TMAX_OVER_E=0.163317779628 K_REQUIRED=23.024439081282 PEAK_STRESS_RELIEF=1781.018196
PARETO N=34 W=0.20000000 ELL=0.40000000 C=31.880916551594 TMAX_OVER_E=0.178846217508 K_REQUIRED=33.662546193228 PEAK_STRESS_RELIEF=1746.362629
PARETO N=66 W=0.10000000 ELL=0.40000000 C=30.333431505789 TMAX_OVER_E=0.178234367363 K_REQUIRED=65.946181702088 PEAK_STRESS_RELIEF=1829.681262
PARETO N=67 W=0.10000000 ELL=0.80000000 C=30.626154008269 TMAX_OVER_E=0.171721586426 K_REQUIRED=66.004563827491 PEAK_STRESS_RELIEF=1880.924312
PARETO N=131 W=0.05000000 ELL=0.40000000 C=29.552822107488 TMAX_OVER_E=0.177926001088 K_REQUIRED=130.610892936616 PEAK_STRESS_RELIEF=1874.913298
PARETO N=132 W=0.05000000 ELL=1.60000000 C=30.724729104299 TMAX_OVER_E=0.161599088877 K_REQUIRED=131.028810105272 PEAK_STRESS_RELIEF=1985.610109

=== 016F DECISION ===
FINITE_CHARGE_WINDING_COEXISTENCE_WINDOW=YES_IN_TESTED_KINEMATIC_ALLOCATION
LOWER_COMPLEXITY_NONOVERSHOOT_TARGET_FOUND=YES
PREFERRED_W=1.000000000000
PREFERRED_ELL=0.600000000000
PREFERRED_C=40.749886771113
PREFERRED_TMAX_OVER_E=0.180278569163
PREFERRED_REQUIRED_K=9.589406109611
PREFERRED_CONSERVATIVE_INTEGER_WINDING=10
PREFERRED_PEAK_STRESS_RELIEF_VS_FINE_006D=1400.489001
NEXT=016G_TWO_SECTOR_GAUGED_SCALAR_EULER_LAGRANGE_BOUNDARY_VALUE_PREFLIGHT
FULL_EULER_LAGRANGE_SOLUTION=NOT_YET_ESTABLISHED
FULL_DYNAMIC_STABILITY=NOT_YET_ESTABLISHED
MACROSCOPIC_AH2_OVER_G_ENERGY_SCALING=UNCHANGED
PRACTICAL_ANTIGRAVITY_DEVICE=NO
CLAIM_CLASSIFICATION=PROJECT_DERIVED_006D_CHARGE_WINDING_COEXISTENCE_OPTIMIZATION_GATE
