=== 016G — MINIMAL TWO-SECTOR ASYMPTOTIC EULER-LAGRANGE GATE ===

=== 016F PREFERRED TARGET RECONSTRUCTION ===
PREFERRED_C=40.749886771113
PREFERRED_TMAX_OVER_E=0.180278569163
TARGET_T_OVER_E=0.140000000000
ETA_RECOMPUTED=7.765759438295637e-01
ETA_REPORTED=7.765759438310000e-01
ETA_RECONSTRUCTION_ERROR=1.436e-12
PREFERRED_K_REQUIRED=9.589406109611
PREFERRED_CONSERVATIVE_WINDING=10
PREFERRED_PEAK_STRESS_RELIEF=1400.489001

=== GENERAL ASYMPTOTIC IDENTITY ===
IDENTITY_CASE M=1 ETA=0.000000000000 S=0.500000000000 K_MIN=1.000000000000 K2_MINUS_S2_DIRECT=7.500000000000e-01 K2_MINUS_S2_CLOSED=7.500000000000e-01 IDENTITY_ERROR=0.000e+00 STRICTLY_POSITIVE=True
IDENTITY_CASE M=1 ETA=0.250000000000 S=0.500000000000 K_MIN=1.118033988750 K2_MINUS_S2_DIRECT=1.000000000000e+00 K2_MINUS_S2_CLOSED=1.000000000000e+00 IDENTITY_ERROR=0.000e+00 STRICTLY_POSITIVE=True
IDENTITY_CASE M=1 ETA=0.500000000000 S=0.500000000000 K_MIN=1.322875655532 K2_MINUS_S2_DIRECT=1.500000000000e+00 K2_MINUS_S2_CLOSED=1.500000000000e+00 IDENTITY_ERROR=0.000e+00 STRICTLY_POSITIVE=True
IDENTITY_CASE M=1 ETA=0.776575943830 S=0.500000000000 K_MIN=1.899169642751 K2_MINUS_S2_DIRECT=3.356845331945e+00 K2_MINUS_S2_CLOSED=3.356845331945e+00 IDENTITY_ERROR=4.441e-16 STRICTLY_POSITIVE=True
IDENTITY_CASE M=1 ETA=0.900000000000 S=0.500000000000 K_MIN=2.783882181415 K2_MINUS_S2_DIRECT=7.500000000000e+00 K2_MINUS_S2_CLOSED=7.500000000000e+00 IDENTITY_ERROR=0.000e+00 STRICTLY_POSITIVE=True
IDENTITY_CASE M=2 ETA=0.000000000000 S=1.000000000000 K_MIN=1.732050807569 K2_MINUS_S2_DIRECT=2.000000000000e+00 K2_MINUS_S2_CLOSED=2.000000000000e+00 IDENTITY_ERROR=0.000e+00 STRICTLY_POSITIVE=True
IDENTITY_CASE M=2 ETA=0.250000000000 S=1.000000000000 K_MIN=1.914854215513 K2_MINUS_S2_DIRECT=2.666666666667e+00 K2_MINUS_S2_CLOSED=2.666666666667e+00 IDENTITY_ERROR=0.000e+00 STRICTLY_POSITIVE=True
IDENTITY_CASE M=2 ETA=0.500000000000 S=1.000000000000 K_MIN=2.236067977500 K2_MINUS_S2_DIRECT=4.000000000000e+00 K2_MINUS_S2_CLOSED=4.000000000000e+00 IDENTITY_ERROR=0.000e+00 STRICTLY_POSITIVE=True
IDENTITY_CASE M=2 ETA=0.776575943830 S=1.000000000000 K_MIN=3.154613692967 K2_MINUS_S2_DIRECT=8.951587551854e+00 K2_MINUS_S2_CLOSED=8.951587551854e+00 IDENTITY_ERROR=1.776e-15 STRICTLY_POSITIVE=True
IDENTITY_CASE M=2 ETA=0.900000000000 S=1.000000000000 K_MIN=4.582575694956 K2_MINUS_S2_DIRECT=2.000000000000e+01 K2_MINUS_S2_CLOSED=2.000000000000e+01 IDENTITY_ERROR=3.553e-15 STRICTLY_POSITIVE=True
IDENTITY_CASE M=3 ETA=0.000000000000 S=1.500000000000 K_MIN=2.449489742783 K2_MINUS_S2_DIRECT=3.750000000000e+00 K2_MINUS_S2_CLOSED=3.750000000000e+00 IDENTITY_ERROR=0.000e+00 STRICTLY_POSITIVE=True
IDENTITY_CASE M=3 ETA=0.250000000000 S=1.500000000000 K_MIN=2.692582403567 K2_MINUS_S2_DIRECT=5.000000000000e+00 K2_MINUS_S2_CLOSED=5.000000000000e+00 IDENTITY_ERROR=0.000e+00 STRICTLY_POSITIVE=True
IDENTITY_CASE M=3 ETA=0.500000000000 S=1.500000000000 K_MIN=3.122498999199 K2_MINUS_S2_DIRECT=7.500000000000e+00 K2_MINUS_S2_CLOSED=7.500000000000e+00 IDENTITY_ERROR=0.000e+00 STRICTLY_POSITIVE=True
IDENTITY_CASE M=3 ETA=0.776575943830 S=1.500000000000 K_MIN=4.362823244154 K2_MINUS_S2_DIRECT=1.678422665973e+01 K2_MINUS_S2_CLOSED=1.678422665973e+01 IDENTITY_ERROR=0.000e+00 STRICTLY_POSITIVE=True
IDENTITY_CASE M=3 ETA=0.900000000000 S=1.500000000000 K_MIN=6.304760106459 K2_MINUS_S2_DIRECT=3.750000000000e+01 K2_MINUS_S2_CLOSED=3.750000000000e+01 IDENTITY_ERROR=0.000e+00 STRICTLY_POSITIVE=True
IDENTITY_CASE M=4 ETA=0.000000000000 S=2.000000000000 K_MIN=3.162277660168 K2_MINUS_S2_DIRECT=6.000000000000e+00 K2_MINUS_S2_CLOSED=6.000000000000e+00 IDENTITY_ERROR=0.000e+00 STRICTLY_POSITIVE=True
IDENTITY_CASE M=4 ETA=0.250000000000 S=2.000000000000 K_MIN=3.464101615138 K2_MINUS_S2_DIRECT=8.000000000000e+00 K2_MINUS_S2_CLOSED=8.000000000000e+00 IDENTITY_ERROR=0.000e+00 STRICTLY_POSITIVE=True
IDENTITY_CASE M=4 ETA=0.500000000000 S=2.000000000000 K_MIN=4.000000000000 K2_MINUS_S2_DIRECT=1.200000000000e+01 K2_MINUS_S2_CLOSED=1.200000000000e+01 IDENTITY_ERROR=0.000e+00 STRICTLY_POSITIVE=True
IDENTITY_CASE M=4 ETA=0.776575943830 S=2.000000000000 K_MIN=5.554706351875 K2_MINUS_S2_DIRECT=2.685476265556e+01 K2_MINUS_S2_CLOSED=2.685476265556e+01 IDENTITY_ERROR=3.553e-15 STRICTLY_POSITIVE=True
IDENTITY_CASE M=4 ETA=0.900000000000 S=2.000000000000 K_MIN=8.000000000000 K2_MINUS_S2_DIRECT=6.000000000000e+01 K2_MINUS_S2_CLOSED=6.000000000000e+01 IDENTITY_ERROR=0.000e+00 STRICTLY_POSITIVE=True
IDENTITY_CASE M=5 ETA=0.000000000000 S=2.500000000000 K_MIN=3.872983346207 K2_MINUS_S2_DIRECT=8.750000000000e+00 K2_MINUS_S2_CLOSED=8.750000000000e+00 IDENTITY_ERROR=0.000e+00 STRICTLY_POSITIVE=True
IDENTITY_CASE M=5 ETA=0.250000000000 S=2.500000000000 K_MIN=4.232808366400 K2_MINUS_S2_DIRECT=1.166666666667e+01 K2_MINUS_S2_CLOSED=1.166666666667e+01 IDENTITY_ERROR=1.776e-15 STRICTLY_POSITIVE=True
IDENTITY_CASE M=5 ETA=0.500000000000 S=2.500000000000 K_MIN=4.873397172404 K2_MINUS_S2_DIRECT=1.750000000000e+01 K2_MINUS_S2_CLOSED=1.750000000000e+01 IDENTITY_ERROR=0.000e+00 STRICTLY_POSITIVE=True
IDENTITY_CASE M=5 ETA=0.776575943830 S=2.500000000000 K_MIN=6.738931335112 K2_MINUS_S2_DIRECT=3.916319553936e+01 K2_MINUS_S2_CLOSED=3.916319553936e+01 IDENTITY_ERROR=1.421e-14 STRICTLY_POSITIVE=True
IDENTITY_CASE M=5 ETA=0.900000000000 S=2.500000000000 K_MIN=9.682458365519 K2_MINUS_S2_DIRECT=8.750000000000e+01 K2_MINUS_S2_CLOSED=8.750000000000e+01 IDENTITY_ERROR=0.000e+00 STRICTLY_POSITIVE=True
IDENTITY_CASE M=6 ETA=0.000000000000 S=3.000000000000 K_MIN=4.582575694956 K2_MINUS_S2_DIRECT=1.200000000000e+01 K2_MINUS_S2_CLOSED=1.200000000000e+01 IDENTITY_ERROR=0.000e+00 STRICTLY_POSITIVE=True
IDENTITY_CASE M=6 ETA=0.250000000000 S=3.000000000000 K_MIN=5.000000000000 K2_MINUS_S2_DIRECT=1.600000000000e+01 K2_MINUS_S2_CLOSED=1.600000000000e+01 IDENTITY_ERROR=0.000e+00 STRICTLY_POSITIVE=True
IDENTITY_CASE M=6 ETA=0.500000000000 S=3.000000000000 K_MIN=5.744562646538 K2_MINUS_S2_DIRECT=2.400000000000e+01 K2_MINUS_S2_CLOSED=2.400000000000e+01 IDENTITY_ERROR=0.000e+00 STRICTLY_POSITIVE=True
IDENTITY_CASE M=6 ETA=0.776575943830 S=3.000000000000 K_MIN=7.918934607075 K2_MINUS_S2_DIRECT=5.370952531112e+01 K2_MINUS_S2_CLOSED=5.370952531112e+01 IDENTITY_ERROR=0.000e+00 STRICTLY_POSITIVE=True
IDENTITY_CASE M=6 ETA=0.900000000000 S=3.000000000000 K_MIN=11.357816691601 K2_MINUS_S2_DIRECT=1.200000000000e+02 K2_MINUS_S2_CLOSED=1.200000000000e+02 IDENTITY_ERROR=0.000e+00 STRICTLY_POSITIVE=True
IDENTITY_CASE M=7 ETA=0.000000000000 S=3.500000000000 K_MIN=5.291502622129 K2_MINUS_S2_DIRECT=1.575000000000e+01 K2_MINUS_S2_CLOSED=1.575000000000e+01 IDENTITY_ERROR=0.000e+00 STRICTLY_POSITIVE=True
IDENTITY_CASE M=7 ETA=0.250000000000 S=3.500000000000 K_MIN=5.766281297335 K2_MINUS_S2_DIRECT=2.100000000000e+01 K2_MINUS_S2_CLOSED=2.100000000000e+01 IDENTITY_ERROR=0.000e+00 STRICTLY_POSITIVE=True
IDENTITY_CASE M=7 ETA=0.500000000000 S=3.500000000000 K_MIN=6.614378277661 K2_MINUS_S2_DIRECT=3.150000000000e+01 K2_MINUS_S2_CLOSED=3.150000000000e+01 IDENTITY_ERROR=0.000e+00 STRICTLY_POSITIVE=True
IDENTITY_CASE M=7 ETA=0.776575943830 S=3.500000000000 K_MIN=9.096359270106 K2_MINUS_S2_DIRECT=7.049375197085e+01 K2_MINUS_S2_CLOSED=7.049375197085e+01 IDENTITY_ERROR=0.000e+00 STRICTLY_POSITIVE=True
IDENTITY_CASE M=7 ETA=0.900000000000 S=3.500000000000 K_MIN=13.028814220795 K2_MINUS_S2_DIRECT=1.575000000000e+02 K2_MINUS_S2_CLOSED=1.575000000000e+02 IDENTITY_ERROR=0.000e+00 STRICTLY_POSITIVE=True
IDENTITY_CASE M=8 ETA=0.000000000000 S=4.000000000000 K_MIN=6.000000000000 K2_MINUS_S2_DIRECT=2.000000000000e+01 K2_MINUS_S2_CLOSED=2.000000000000e+01 IDENTITY_ERROR=0.000e+00 STRICTLY_POSITIVE=True
IDENTITY_CASE M=8 ETA=0.250000000000 S=4.000000000000 K_MIN=6.531972647422 K2_MINUS_S2_DIRECT=2.666666666667e+01 K2_MINUS_S2_CLOSED=2.666666666667e+01 IDENTITY_ERROR=3.553e-15 STRICTLY_POSITIVE=True
IDENTITY_CASE M=8 ETA=0.500000000000 S=4.000000000000 K_MIN=7.483314773548 K2_MINUS_S2_DIRECT=4.000000000000e+01 K2_MINUS_S2_CLOSED=4.000000000000e+01 IDENTITY_ERROR=0.000e+00 STRICTLY_POSITIVE=True
IDENTITY_CASE M=8 ETA=0.776575943830 S=4.000000000000 K_MIN=10.272092071167 K2_MINUS_S2_DIRECT=8.951587551854e+01 K2_MINUS_S2_CLOSED=8.951587551854e+01 IDENTITY_ERROR=0.000e+00 STRICTLY_POSITIVE=True
IDENTITY_CASE M=8 ETA=0.900000000000 S=4.000000000000 K_MIN=14.696938456699 K2_MINUS_S2_DIRECT=2.000000000000e+02 K2_MINUS_S2_CLOSED=2.000000000000e+02 IDENTITY_ERROR=0.000e+00 STRICTLY_POSITIVE=True
IDENTITY_CASE M=9 ETA=0.000000000000 S=4.500000000000 K_MIN=6.708203932499 K2_MINUS_S2_DIRECT=2.475000000000e+01 K2_MINUS_S2_CLOSED=2.475000000000e+01 IDENTITY_ERROR=0.000e+00 STRICTLY_POSITIVE=True
IDENTITY_CASE M=9 ETA=0.250000000000 S=4.500000000000 K_MIN=7.297259759663 K2_MINUS_S2_DIRECT=3.300000000000e+01 K2_MINUS_S2_CLOSED=3.300000000000e+01 IDENTITY_ERROR=0.000e+00 STRICTLY_POSITIVE=True
IDENTITY_CASE M=9 ETA=0.500000000000 S=4.500000000000 K_MIN=8.351646544245 K2_MINUS_S2_DIRECT=4.950000000000e+01 K2_MINUS_S2_CLOSED=4.950000000000e+01 IDENTITY_ERROR=0.000e+00 STRICTLY_POSITIVE=True
IDENTITY_CASE M=9 ETA=0.776575943830 S=4.500000000000 K_MIN=11.446654356370 K2_MINUS_S2_DIRECT=1.107758959542e+02 K2_MINUS_S2_CLOSED=1.107758959542e+02 IDENTITY_ERROR=0.000e+00 STRICTLY_POSITIVE=True
IDENTITY_CASE M=9 ETA=0.900000000000 S=4.500000000000 K_MIN=16.363068171954 K2_MINUS_S2_DIRECT=2.475000000000e+02 K2_MINUS_S2_CLOSED=2.475000000000e+02 IDENTITY_ERROR=0.000e+00 STRICTLY_POSITIVE=True
IDENTITY_CASE M=10 ETA=0.000000000000 S=5.000000000000 K_MIN=7.416198487096 K2_MINUS_S2_DIRECT=3.000000000000e+01 K2_MINUS_S2_CLOSED=3.000000000000e+01 IDENTITY_ERROR=0.000e+00 STRICTLY_POSITIVE=True
IDENTITY_CASE M=10 ETA=0.250000000000 S=5.000000000000 K_MIN=8.062257748299 K2_MINUS_S2_DIRECT=4.000000000000e+01 K2_MINUS_S2_CLOSED=4.000000000000e+01 IDENTITY_ERROR=0.000e+00 STRICTLY_POSITIVE=True
IDENTITY_CASE M=10 ETA=0.500000000000 S=5.000000000000 K_MIN=9.219544457293 K2_MINUS_S2_DIRECT=6.000000000000e+01 K2_MINUS_S2_CLOSED=6.000000000000e+01 IDENTITY_ERROR=0.000e+00 STRICTLY_POSITIVE=True
IDENTITY_CASE M=10 ETA=0.776575943830 S=5.000000000000 K_MIN=12.620372945274 K2_MINUS_S2_DIRECT=1.342738132778e+02 K2_MINUS_S2_CLOSED=1.342738132778e+02 IDENTITY_ERROR=0.000e+00 STRICTLY_POSITIVE=True
IDENTITY_CASE M=10 ETA=0.900000000000 S=5.000000000000 K_MIN=18.027756377320 K2_MINUS_S2_DIRECT=3.000000000000e+02 K2_MINUS_S2_CLOSED=3.000000000000e+02 IDENTITY_ERROR=0.000e+00 STRICTLY_POSITIVE=True
IDENTITY_CASE M=11 ETA=0.000000000000 S=5.500000000000 K_MIN=8.124038404636 K2_MINUS_S2_DIRECT=3.575000000000e+01 K2_MINUS_S2_CLOSED=3.575000000000e+01 IDENTITY_ERROR=0.000e+00 STRICTLY_POSITIVE=True
IDENTITY_CASE M=11 ETA=0.250000000000 S=5.500000000000 K_MIN=8.827041784577 K2_MINUS_S2_DIRECT=4.766666666667e+01 K2_MINUS_S2_CLOSED=4.766666666667e+01 IDENTITY_ERROR=7.105e-15 STRICTLY_POSITIVE=True
IDENTITY_CASE M=11 ETA=0.500000000000 S=5.500000000000 K_MIN=10.087120500916 K2_MINUS_S2_DIRECT=7.150000000000e+01 K2_MINUS_S2_CLOSED=7.150000000000e+01 IDENTITY_ERROR=0.000e+00 STRICTLY_POSITIVE=True
IDENTITY_CASE M=11 ETA=0.776575943830 S=5.500000000000 K_MIN=13.793463215936 K2_MINUS_S2_DIRECT=1.600096274894e+02 K2_MINUS_S2_CLOSED=1.600096274894e+02 IDENTITY_ERROR=0.000e+00 STRICTLY_POSITIVE=True
IDENTITY_CASE M=11 ETA=0.900000000000 S=5.500000000000 K_MIN=19.691368667515 K2_MINUS_S2_DIRECT=3.575000000000e+02 K2_MINUS_S2_CLOSED=3.575000000000e+02 IDENTITY_ERROR=0.000e+00 STRICTLY_POSITIVE=True
IDENTITY_CASE M=12 ETA=0.000000000000 S=6.000000000000 K_MIN=8.831760866328 K2_MINUS_S2_DIRECT=4.200000000000e+01 K2_MINUS_S2_CLOSED=4.200000000000e+01 IDENTITY_ERROR=0.000e+00 STRICTLY_POSITIVE=True
IDENTITY_CASE M=12 ETA=0.250000000000 S=6.000000000000 K_MIN=9.591663046625 K2_MINUS_S2_DIRECT=5.600000000000e+01 K2_MINUS_S2_CLOSED=5.600000000000e+01 IDENTITY_ERROR=0.000e+00 STRICTLY_POSITIVE=True
IDENTITY_CASE M=12 ETA=0.500000000000 S=6.000000000000 K_MIN=10.954451150103 K2_MINUS_S2_DIRECT=8.400000000000e+01 K2_MINUS_S2_CLOSED=8.400000000000e+01 IDENTITY_ERROR=0.000e+00 STRICTLY_POSITIVE=True
IDENTITY_CASE M=12 ETA=0.776575943830 S=6.000000000000 K_MIN=14.966072918068 K2_MINUS_S2_DIRECT=1.879833385889e+02 K2_MINUS_S2_CLOSED=1.879833385889e+02 IDENTITY_ERROR=0.000e+00 STRICTLY_POSITIVE=True
IDENTITY_CASE M=12 ETA=0.900000000000 S=6.000000000000 K_MIN=21.354156504063 K2_MINUS_S2_DIRECT=4.200000000000e+02 K2_MINUS_S2_CLOSED=4.200000000000e+02 IDENTITY_ERROR=5.684e-14 STRICTLY_POSITIVE=True

ASYMPTOTIC_GAP_IDENTITY=PASS
K_MIN_GREATER_THAN_AMPLITUDE_EXPONENT=YES_ALL_TESTED_CASES

=== PREFERRED M=2 EULER-LAGRANGE SPECIALIZATION ===
M=2
AMPLITUDE_POWER_S=1.000000000000
MATCHING_SMALL_FIELD_POTENTIAL_POWER=4.000000000000
K_INFINITY_RECOMPUTED=3.154613692966854e+00
K_INFINITY_REPORTED=3.154613692977000e+00
K_INFINITY_RECONSTRUCTION_ERROR=1.015e-11
K_INFINITY_SQUARED_MINUS_S_SQUARED=8.951587551853974e+00
S_SQUARED_MINUS_K_INFINITY_SQUARED=-8.951587551853974e+00
REQUIRED_EFFECTIVE_QUARTIC_COEFFICIENT_SIGN=NEGATIVE
STABLE_DECOUPLED_QUARTIC_VACUUM_SIGN=POSITIVE

=== INDEPENDENT FINITE-DIFFERENCE E-L CHECK ===
FD_CASE R=10.0 EFFECTIVE_COEFFICIENT=-8.951587549028147e+00 ANALYTIC=-8.951587551853974e+00 RELATIVE_ERROR=3.157e-10
FD_CASE R=100.0 EFFECTIVE_COEFFICIENT=-8.951587552499156e+00 ANALYTIC=-8.951587551853974e+00 RELATIVE_ERROR=7.207e-11
FD_CASE R=1000.0 EFFECTIVE_COEFFICIENT=-8.951587548161699e+00 ANALYTIC=-8.951587551853974e+00 RELATIVE_ERROR=4.125e-10
FD_CASE R=10000.0 EFFECTIVE_COEFFICIENT=-8.951587542740414e+00 ANALYTIC=-8.951587551853974e+00 RELATIVE_ERROR=1.018e-09
FINITE_DIFFERENCE_EULER_LAGRANGE_CHECK=PASS

=== NO-CHARGE CONTROL ===
ETA=0
K_INFINITY_NO_CHARGE=1.732050807569
K2_MINUS_S2_NO_CHARGE=2.000000000000
OBSTRUCTION_EXISTS_WITHOUT_TEMPORAL_CHARGE=True
TEMPORAL_CHARGE_CREATES_OBSTRUCTION=NO
TEMPORAL_CHARGE_WORSENS_OBSTRUCTION=True

=== FASTER POWER-LAW AMPLITUDE CHECK ===
FASTER_CASE S=1.100000000000 RESIDUAL_R1E3=-1.649322119885e+01 RESIDUAL_R1E6=-6.926779301158e+01 ANGULAR_TERM_DOMINATES=True
FASTER_CASE S=1.250000000000 RESIDUAL_R1E3=-1.390591844382e+02 RESIDUAL_R1E6=-4.445285612341e+03 ANGULAR_TERM_DOMINATES=True
FASTER_CASE S=1.500000000000 RESIDUAL_R1E3=-4.444598112341e+03 RESIDUAL_R1E6=-4.446845862341e+06 ANGULAR_TERM_DOMINATES=True
FASTER_CASE S=1.900000000000 RESIDUAL_R1E3=-1.116994133637e+06 RESIDUAL_R1E6=-2.805771476233e+11 ANGULAR_TERM_DOMINATES=True
FASTER_POWER_LAW_DECAY_RESCUES_STABLE_SELF_POTENTIAL=False

=== MASS-GAP DICHOTOMY ===
POSITIVE_EFFECTIVE_MASS_GAP=EXPONENTIAL_NOT_CURRENT_POWER_LAW
CURRENT_POWER_LAW_TARGET_REQUIRES=ASYMPTOTIC_EFFECTIVE_ZERO_MODE
ZERO_MODE_PLUS_STABLE_DECOUPLED_SELF_POTENTIAL=INCOMPATIBLE_WITH_REQUIRED_ANGULAR_STRESS

=== 016G FINAL DECISION ===
MINIMAL_ASYMPTOTICALLY_DECOUPLED_CANONICAL_WINDING_EXACT_POWER_LAW_TARGET=REJECTED
REJECTION_REASON=EULER_LAGRANGE_FORCE_SIGN_CONFLICT
PREFERRED_016F_TARGET_AS_EXACT_MINIMAL_FIELD_SOLUTION=DEMOTED
REQUIRED_NEXT_REALIZATION_CLASS=RELAX_EXACT_STRESS_MATCH_OR_ADD_JUSTIFIED_ASYMPTOTIC_COUPLING
NEXT_AFTER_DOCUMENTATION=SOLVE_ACTUAL_COUPLED_FIELD_MODEL_WITH_OUTWARD_GRAVITY_AS_OBJECTIVE_NOT_EXACT_T_TARGET
006D_GRAVITATIONAL_CONSTRUCTION_INVALIDATED=NO
016F_KINEMATIC_CHARGE_WINDING_COEXISTENCE_INVALIDATED=NO
016E_POWER_LAW_FINITE_GAUGE_ENERGY_PREFLIGHT_INVALIDATED=NO
GLOBAL_FIELD_EULER_LAGRANGE_SOLUTION=NOT_ESTABLISHED
FULL_DYNAMIC_STABILITY=NOT_ESTABLISHED
MACROSCOPIC_AH2_OVER_G_ENERGY_SCALING=UNCHANGED
PRACTICAL_ANTIGRAVITY_DEVICE=NO
PAUSE_AND_UPDATE_DOCUMENTATION_AFTER_016G=YES
CLAIM_CLASSIFICATION=PROJECT_DERIVED_ASYMPTOTIC_NO_GO_UNDER_STATED_CANONICAL_DECOUPLING_ASSUMPTIONS
