=== 016H — EXPLICIT CANONICAL FIELD MODEL OUTWARD-GRAVITY GATE ===

MODEL=FLS_INSPIRED_REAL_SCALAR_PLUS_EQUAL_COUNTERWINDING_COMPLEX_PAIR
GAUGE_FIELD_INCLUDED=NO_OPTIMISTIC_SIGN_PREFLIGHT
NET_T_TPHI_FROM_COMPLEX_PAIR=ZERO_BY_EQUAL_OPPOSITE_WINDING
POTENTIAL_NONNEGATIVE=YES
FREE_PARTICLE_THRESHOLD_E_OVER_Q=1.000000000000
CLEAN_EXTERIOR_START=H_GE_3_TIMES_MAX_Z_WIDTH
GAUSSIAN_AMPLITUDE_AT_3Z=1.110899653824e-02
BOUND_CASE MU=0.10000000 Q=1000.0 N=1 E_OVER_Q=0.626576773261 RX=6.989489854 ZX=4.678615606 RY=4.168687379 ZY=3.348977012 B=1.258951337 A=1.288376023 OMEGA=0.486728180338 ENERGY_QUADRATURE_REL_ERROR=1.279e-09 ACTIVE_IDENTITY_ERROR=1.388e-16 ACTIVE_MASS_OVER_E=0.999999999175 PRESSURE_TRACE_OVER_E=-8.246e-10 NEGATIVE_ACTIVE_FRACTION_OVER_E=0.114119942122 OPT_GRADIENT_OVER_E=2.722e-07 NEAR_MAX_A_KERNEL=-2.068928098070e+00 NEAR_MAX_H=0.467861561 A_AT_3Z_KERNEL=-2.787648740998e+00 EXTERIOR_MAX_A_KERNEL=-7.702175806711e-01 EXTERIOR_MAX_H=28.071693635
CASE_INTERNAL_CONSISTENCY=True
BOUND_CASE MU=0.10000000 Q=1000.0 N=2 E_OVER_Q=0.725187703525 RX=7.774486626 ZX=4.177392664 RY=4.305407246 ZY=3.097438000 B=0.835775904 A=1.340188454 OMEGA=0.559724626052 ENERGY_QUADRATURE_REL_ERROR=3.352e-10 ACTIVE_IDENTITY_ERROR=5.551e-17 ACTIVE_MASS_OVER_E=0.999999992665 PRESSURE_TRACE_OVER_E=-7.335e-09 NEGATIVE_ACTIVE_FRACTION_OVER_E=0.091805232879 OPT_GRADIENT_OVER_E=3.135e-08 NEAR_MAX_A_KERNEL=-1.353117967228e+00 NEAR_MAX_H=0.417739266 A_AT_3Z_KERNEL=-3.278970904341e+00 EXTERIOR_MAX_A_KERNEL=-1.056280394084e+00 EXTERIOR_MAX_H=25.064355985
CASE_INTERNAL_CONSISTENCY=True
BOUND_CASE MU=0.10000000 Q=1000.0 N=3 E_OVER_Q=0.810399335330 RX=8.463226710 ZX=3.882333586 RY=4.389970319 ZY=2.935700351 B=0.460101672 A=1.343887404 OMEGA=0.624771822482 ENERGY_QUADRATURE_REL_ERROR=1.368e-10 ACTIVE_IDENTITY_ERROR=1.110e-16 ACTIVE_MASS_OVER_E=1.000000119007 PRESSURE_TRACE_OVER_E=+1.190e-07 NEGATIVE_ACTIVE_FRACTION_OVER_E=0.081983400470 OPT_GRADIENT_OVER_E=8.417e-08 NEAR_MAX_A_KERNEL=-8.890968060601e-01 NEAR_MAX_H=0.388233359 A_AT_3Z_KERNEL=-3.347480484826e+00 EXTERIOR_MAX_A_KERNEL=-1.271655261346e+00 EXTERIOR_MAX_H=23.294001514
CASE_INTERNAL_CONSISTENCY=True
BOUND_CASE MU=0.10000000 Q=1000.0 N=4 E_OVER_Q=0.886035758364 RX=9.203915271 ZX=3.669083922 RY=4.477688952 ZY=2.817736987 B=0.219416587 A=1.288268492 OMEGA=0.687791413610 ENERGY_QUADRATURE_REL_ERROR=6.140e-11 ACTIVE_IDENTITY_ERROR=1.110e-16 ACTIVE_MASS_OVER_E=1.000000114469 PRESSURE_TRACE_OVER_E=+1.145e-07 NEGATIVE_ACTIVE_FRACTION_OVER_E=0.080469697077 OPT_GRADIENT_OVER_E=5.132e-08 NEAR_MAX_A_KERNEL=-5.671195958446e-01 NEAR_MAX_H=0.721586505 A_AT_3Z_KERNEL=-3.171917995014e+00 EXTERIOR_MAX_A_KERNEL=-1.428133971566e+00 EXTERIOR_MAX_H=22.014503532
CASE_INTERNAL_CONSISTENCY=True
BOUND_CASE MU=0.10000000 Q=1000.0 N=5 E_OVER_Q=0.952614468226 RX=10.193058611 ZX=3.484677913 RY=4.630710979 ZY=2.733007238 B=0.091994376 A=1.148627726 OMEGA=0.754354121782 ENERGY_QUADRATURE_REL_ERROR=2.182e-11 ACTIVE_IDENTITY_ERROR=5.551e-17 ACTIVE_MASS_OVER_E=0.999999970842 PRESSURE_TRACE_OVER_E=-2.916e-08 NEGATIVE_ACTIVE_FRACTION_OVER_E=0.079100430343 OPT_GRADIENT_OVER_E=3.580e-08 NEAR_MAX_A_KERNEL=-1.750490072060e-01 NEAR_MAX_H=0.769533039 A_AT_3Z_KERNEL=-2.804427724466e+00 EXTERIOR_MAX_A_KERNEL=-1.523607214821e+00 EXTERIOR_MAX_H=20.908067476
CASE_INTERNAL_CONSISTENCY=True
BOUND_CASE MU=0.10000000 Q=3000.0 N=1 E_OVER_Q=0.494382010302 RX=9.769322016 ZX=6.185037463 RY=5.230484596 ZY=4.020785636 B=1.768787899 A=1.294187474 OMEGA=0.391372370898 ENERGY_QUADRATURE_REL_ERROR=2.640e-08 ACTIVE_IDENTITY_ERROR=1.853e-16 ACTIVE_MASS_OVER_E=1.000000075676 PRESSURE_TRACE_OVER_E=+7.568e-08 NEGATIVE_ACTIVE_FRACTION_OVER_E=0.170186412466 OPT_GRADIENT_OVER_E=1.073e-07 NEAR_MAX_A_KERNEL=-3.279800752955e+00 NEAR_MAX_H=0.618503746 A_AT_3Z_KERNEL=-3.873639865699e+00 EXTERIOR_MAX_A_KERNEL=-1.051475681120e+00 EXTERIOR_MAX_H=37.110224781
CASE_INTERNAL_CONSISTENCY=True
BOUND_CASE MU=0.10000000 Q=3000.0 N=2 E_OVER_Q=0.567864001826 RX=10.844018042 ZX=5.362446509 RY=5.461597505 ZY=3.669209497 B=1.175351125 A=1.385632750 OMEGA=0.445409332385 ENERGY_QUADRATURE_REL_ERROR=5.379e-09 ACTIVE_IDENTITY_ERROR=1.076e-16 ACTIVE_MASS_OVER_E=1.000000096846 PRESSURE_TRACE_OVER_E=+9.685e-08 NEGATIVE_ACTIVE_FRACTION_OVER_E=0.146611232839 OPT_GRADIENT_OVER_E=5.339e-08 NEAR_MAX_A_KERNEL=-2.018007622351e+00 NEAR_MAX_H=0.536244651 A_AT_3Z_KERNEL=-4.794945518644e+00 EXTERIOR_MAX_A_KERNEL=-1.520503188054e+00 EXTERIOR_MAX_H=32.174679053
CASE_INTERNAL_CONSISTENCY=True
BOUND_CASE MU=0.10000000 Q=3000.0 N=3 E_OVER_Q=0.630991917238 RX=11.636119853 ZX=4.891878842 RY=5.584736299 ZY=3.451871019 B=0.651938550 A=1.461585925 OMEGA=0.490582415208 ENERGY_QUADRATURE_REL_ERROR=1.895e-09 ACTIVE_IDENTITY_ERROR=1.110e-16 ACTIVE_MASS_OVER_E=1.000000088936 PRESSURE_TRACE_OVER_E=+8.894e-08 NEGATIVE_ACTIVE_FRACTION_OVER_E=0.134207321929 OPT_GRADIENT_OVER_E=1.081e-07 NEAR_MAX_A_KERNEL=-1.262460895921e+00 NEAR_MAX_H=0.489187884 A_AT_3Z_KERNEL=-4.993875963357e+00 EXTERIOR_MAX_A_KERNEL=-1.883783782635e+00 EXTERIOR_MAX_H=29.351273053
CASE_INTERNAL_CONSISTENCY=True
BOUND_CASE MU=0.10000000 Q=3000.0 N=4 E_OVER_Q=0.688054899170 RX=12.290800404 ZX=4.586445450 RY=5.653340282 ZY=3.299661416 B=0.316615048 A=1.520673203 OMEGA=0.530863022163 ENERGY_QUADRATURE_REL_ERROR=9.165e-10 ACTIVE_IDENTITY_ERROR=1.110e-16 ACTIVE_MASS_OVER_E=1.000000033839 PRESSURE_TRACE_OVER_E=+3.384e-08 NEGATIVE_ACTIVE_FRACTION_OVER_E=0.126768390547 OPT_GRADIENT_OVER_E=1.762e-07 NEAR_MAX_A_KERNEL=-8.779817655186e-01 NEAR_MAX_H=0.458644545 A_AT_3Z_KERNEL=-4.805481225715e+00 EXTERIOR_MAX_A_KERNEL=-2.145270312659e+00 EXTERIOR_MAX_H=27.518672702
CASE_INTERNAL_CONSISTENCY=True
BOUND_CASE MU=0.10000000 Q=3000.0 N=5 E_OVER_Q=0.740992027681 RX=12.884418586 ZX=4.368683738 RY=5.693535504 ZY=3.182945075 B=0.138359027 A=1.560550249 OMEGA=0.568259885982 ENERGY_QUADRATURE_REL_ERROR=5.358e-10 ACTIVE_IDENTITY_ERROR=5.551e-17 ACTIVE_MASS_OVER_E=0.999999922175 PRESSURE_TRACE_OVER_E=-7.783e-08 NEGATIVE_ACTIVE_FRACTION_OVER_E=0.122411889006 OPT_GRADIENT_OVER_E=4.091e-08 NEAR_MAX_A_KERNEL=-6.583116552741e-01 NEAR_MAX_H=0.436868374 A_AT_3Z_KERNEL=-4.452039130818e+00 EXTERIOR_MAX_A_KERNEL=-2.324501668154e+00 EXTERIOR_MAX_H=26.212102430
CASE_INTERNAL_CONSISTENCY=True
BOUND_CASE MU=0.10000000 Q=10000.0 N=1 E_OVER_Q=0.387641487904 RX=14.065302887 ZX=8.514165688 RY=6.654652682 ZY=4.930387069 B=2.569764313 A=1.255745409 OMEGA=0.311384369735 ENERGY_QUADRATURE_REL_ERROR=6.389e-07 ACTIVE_IDENTITY_ERROR=1.443e-16 ACTIVE_MASS_OVER_E=1.000001810295 PRESSURE_TRACE_OVER_E=+1.810e-06 NEGATIVE_ACTIVE_FRACTION_OVER_E=0.221838275790 OPT_GRADIENT_OVER_E=3.871e-07 NEAR_MAX_A_KERNEL=-5.515186304643e+00 NEAR_MAX_H=25.542497064 A_AT_3Z_KERNEL=-5.515186304643e+00 EXTERIOR_MAX_A_KERNEL=-1.464545720198e+00 EXTERIOR_MAX_H=51.084994128
CASE_INTERNAL_CONSISTENCY=True
BOUND_CASE MU=0.10000000 Q=10000.0 N=2 E_OVER_Q=0.441879276435 RX=15.764620002 ZX=7.204407337 RY=7.048021584 ZY=4.439408528 B=1.699025849 A=1.342126625 OMEGA=0.352635205920 ENERGY_QUADRATURE_REL_ERROR=1.217e-07 ACTIVE_IDENTITY_ERROR=1.675e-16 ACTIVE_MASS_OVER_E=1.000000678100 PRESSURE_TRACE_OVER_E=+6.781e-07 NEGATIVE_ACTIVE_FRACTION_OVER_E=0.199353457176 OPT_GRADIENT_OVER_E=2.470e-07 NEAR_MAX_A_KERNEL=-3.334978539457e+00 NEAR_MAX_H=0.720440734 A_AT_3Z_KERNEL=-7.207425762147e+00 EXTERIOR_MAX_A_KERNEL=-2.221793755644e+00 EXTERIOR_MAX_H=43.226444020
CASE_INTERNAL_CONSISTENCY=True
BOUND_CASE MU=0.10000000 Q=10000.0 N=3 E_OVER_Q=0.487283905207 RX=16.998072979 ZX=6.434530380 RY=7.290816159 ZY=4.134411749 B=0.938896103 A=1.422755779 OMEGA=0.386244986146 ENERGY_QUADRATURE_REL_ERROR=3.679e-08 ACTIVE_IDENTITY_ERROR=9.052e-17 ACTIVE_MASS_OVER_E=1.000000013291 PRESSURE_TRACE_OVER_E=+1.329e-08 NEGATIVE_ACTIVE_FRACTION_OVER_E=0.186008533276 OPT_GRADIENT_OVER_E=1.866e-07 NEAR_MAX_A_KERNEL=-1.957082542810e+00 NEAR_MAX_H=0.643453038 A_AT_3Z_KERNEL=-7.687407484558e+00 EXTERIOR_MAX_A_KERNEL=-2.846933763494e+00 EXTERIOR_MAX_H=38.607182278
CASE_INTERNAL_CONSISTENCY=True
BOUND_CASE MU=0.10000000 Q=10000.0 N=4 E_OVER_Q=0.527552818318 RX=17.956919808 ZX=5.927100898 RY=7.448205763 ZY=3.923913485 B=0.454867421 A=1.498704415 OMEGA=0.415347439578 ENERGY_QUADRATURE_REL_ERROR=1.492e-08 ACTIVE_IDENTITY_ERROR=4.783e-17 ACTIVE_MASS_OVER_E=1.000000138865 PRESSURE_TRACE_OVER_E=+1.389e-07 NEGATIVE_ACTIVE_FRACTION_OVER_E=0.176196653770 OPT_GRADIENT_OVER_E=1.034e-07 NEAR_MAX_A_KERNEL=-1.286233032044e+00 NEAR_MAX_H=0.592710090 A_AT_3Z_KERNEL=-7.401669745472e+00 EXTERIOR_MAX_A_KERNEL=-3.304648064006e+00 EXTERIOR_MAX_H=35.562605388
CASE_INTERNAL_CONSISTENCY=True
BOUND_CASE MU=0.10000000 Q=10000.0 N=5 E_OVER_Q=0.564453321035 RX=18.739592575 ZX=5.570160944 RY=7.551585106 ZY=3.769217827 B=0.198565886 A=1.570015952 OMEGA=0.441465937959 ENERGY_QUADRATURE_REL_ERROR=7.438e-09 ACTIVE_IDENTITY_ERROR=9.996e-17 ACTIVE_MASS_OVER_E=1.000000361178 PRESSURE_TRACE_OVER_E=+3.612e-07 NEGATIVE_ACTIVE_FRACTION_OVER_E=0.169694583383 OPT_GRADIENT_OVER_E=1.611e-07 NEAR_MAX_A_KERNEL=-9.190420725952e-01 NEAR_MAX_H=0.557016094 A_AT_3Z_KERNEL=-6.769082331688e+00 EXTERIOR_MAX_A_KERNEL=-3.603402240245e+00 EXTERIOR_MAX_H=33.420965665
CASE_INTERNAL_CONSISTENCY=True
BOUND_CASE MU=0.10000000 Q=30000.0 N=1 E_OVER_Q=0.313425898528 RX=19.446794648 ZX=11.509163009 RY=8.229963809 ZY=5.971473918 B=3.623435453 A=1.215183544 OMEGA=0.253640152178 ENERGY_QUADRATURE_REL_ERROR=8.649e-06 ACTIVE_IDENTITY_ERROR=1.115e-16 ACTIVE_MASS_OVER_E=1.000025933491 PRESSURE_TRACE_OVER_E=+2.593e-05 NEGATIVE_ACTIVE_FRACTION_OVER_E=0.266601491354 OPT_GRADIENT_OVER_E=3.676e-07 NEAR_MAX_A_KERNEL=-7.532226016597e+00 NEAR_MAX_H=34.527489027 A_AT_3Z_KERNEL=-7.532226016597e+00 EXTERIOR_MAX_A_KERNEL=-1.960746477366e+00 EXTERIOR_MAX_H=69.054978054
CASE_INTERNAL_CONSISTENCY=True
BOUND_CASE MU=0.10000000 Q=30000.0 N=2 E_OVER_Q=0.355575710746 RX=21.979383478 ZX=9.620629721 RY=8.800023834 ZY=5.333063100 B=2.385787047 A=1.287774245 OMEGA=0.286482888519 ENERGY_QUADRATURE_REL_ERROR=1.901e-06 ACTIVE_IDENTITY_ERROR=1.369e-16 ACTIVE_MASS_OVER_E=1.000005828965 PRESSURE_TRACE_OVER_E=+5.829e-06 NEGATIVE_ACTIVE_FRACTION_OVER_E=0.241678569504 OPT_GRADIENT_OVER_E=2.558e-07 NEAR_MAX_A_KERNEL=-5.567342536993e+00 NEAR_MAX_H=0.962062972 A_AT_3Z_KERNEL=-1.030080315703e+01 EXTERIOR_MAX_A_KERNEL=-3.064868487256e+00 EXTERIOR_MAX_H=57.723778326
CASE_INTERNAL_CONSISTENCY=True
BOUND_CASE MU=0.10000000 Q=30000.0 N=3 E_OVER_Q=0.390195374156 RX=23.869232583 ZX=8.484729165 RY=9.183005093 ZY=4.928849797 B=1.313673475 A=1.356526170 OMEGA=0.312964521936 ENERGY_QUADRATURE_REL_ERROR=5.942e-07 ACTIVE_IDENTITY_ERROR=1.485e-16 ACTIVE_MASS_OVER_E=1.000001720940 PRESSURE_TRACE_OVER_E=+1.721e-06 NEGATIVE_ACTIVE_FRACTION_OVER_E=0.228510614627 OPT_GRADIENT_OVER_E=3.263e-07 NEAR_MAX_A_KERNEL=-3.136146736228e+00 NEAR_MAX_H=0.848472917 A_AT_3Z_KERNEL=-1.134351288949e+01 EXTERIOR_MAX_A_KERNEL=-4.037063719249e+00 EXTERIOR_MAX_H=50.908374993
CASE_INTERNAL_CONSISTENCY=True
BOUND_CASE MU=0.10000000 Q=30000.0 N=4 E_OVER_Q=0.420375462523 RX=25.363911145 ZX=7.715675067 RY=9.457269507 ZY=4.644448771 B=0.634435000 A=1.422962003 OMEGA=0.335648906744 ENERGY_QUADRATURE_REL_ERROR=2.331e-07 ACTIVE_IDENTITY_ERROR=1.520e-16 ACTIVE_MASS_OVER_E=1.000000636646 PRESSURE_TRACE_OVER_E=+6.366e-07 NEGATIVE_ACTIVE_FRACTION_OVER_E=0.215803747727 OPT_GRADIENT_OVER_E=3.462e-07 NEAR_MAX_A_KERNEL=-1.980547781055e+00 NEAR_MAX_H=0.771567507 A_AT_3Z_KERNEL=-1.109342767625e+01 EXTERIOR_MAX_A_KERNEL=-4.789987320190e+00 EXTERIOR_MAX_H=46.294050402
CASE_INTERNAL_CONSISTENCY=True
BOUND_CASE MU=0.10000000 Q=30000.0 N=5 E_OVER_Q=0.447603507880 RX=26.587538532 ZX=7.159139061 RY=9.660186356 ZY=4.432051479 B=0.276187188 A=1.487816186 OMEGA=0.355772476012 ENERGY_QUADRATURE_REL_ERROR=1.079e-07 ACTIVE_IDENTITY_ERROR=8.129e-17 ACTIVE_MASS_OVER_E=1.000000683859 PRESSURE_TRACE_OVER_E=+6.839e-07 NEGATIVE_ACTIVE_FRACTION_OVER_E=0.210292400251 OPT_GRADIENT_OVER_E=2.574e-07 NEAR_MAX_A_KERNEL=-1.364043278349e+00 NEAR_MAX_H=0.715913906 A_AT_3Z_KERNEL=-1.015310813549e+01 EXTERIOR_MAX_A_KERNEL=-5.299144167548e+00 EXTERIOR_MAX_H=42.954834366
CASE_INTERNAL_CONSISTENCY=True
BOUND_CASE MU=0.30000000 Q=1000.0 N=1 E_OVER_Q=0.741649096974 RX=5.225718798 ZX=3.279937700 RY=3.528118517 ZY=2.764386342 B=1.488695457 A=1.342531877 OMEGA=0.588733032862 ENERGY_QUADRATURE_REL_ERROR=9.814e-12 ACTIVE_IDENTITY_ERROR=1.131e-16 ACTIVE_MASS_OVER_E=0.999999950186 PRESSURE_TRACE_OVER_E=-4.981e-08 NEGATIVE_ACTIVE_FRACTION_OVER_E=0.067989412624 OPT_GRADIENT_OVER_E=1.073e-07 NEAR_MAX_A_KERNEL=-3.210685229476e+00 NEAR_MAX_H=0.327993770 A_AT_3Z_KERNEL=-6.225155740699e+00 EXTERIOR_MAX_A_KERNEL=-1.818444350871e+00 EXTERIOR_MAX_H=19.679626200
CASE_INTERNAL_CONSISTENCY=True
BOUND_CASE MU=0.30000000 Q=1000.0 N=2 E_OVER_Q=0.857041559942 RX=5.902226245 ZX=2.847379111 RY=3.673131126 ZY=2.540615477 B=0.982836206 A=1.379411959 OMEGA=0.677970983216 ENERGY_QUADRATURE_REL_ERROR=1.266e-12 ACTIVE_IDENTITY_ERROR=1.327e-16 ACTIVE_MASS_OVER_E=1.000000051858 PRESSURE_TRACE_OVER_E=+5.186e-08 NEGATIVE_ACTIVE_FRACTION_OVER_E=0.050097193989 OPT_GRADIENT_OVER_E=2.653e-08 NEAR_MAX_A_KERNEL=-1.904307606310e+00 NEAR_MAX_H=0.284737911 A_AT_3Z_KERNEL=-6.867289163391e+00 EXTERIOR_MAX_A_KERNEL=-2.532713489590e+00 EXTERIOR_MAX_H=17.084274668
CASE_INTERNAL_CONSISTENCY=True
BOUND_CASE MU=0.30000000 Q=1000.0 N=3 E_OVER_Q=0.954436097029 RX=6.636795857 ZX=2.583755151 RY=3.809547892 ZY=2.404873343 B=0.530651720 A=1.294210380 OMEGA=0.761387447570 ENERGY_QUADRATURE_REL_ERROR=2.392e-13 ACTIVE_IDENTITY_ERROR=7.535e-17 ACTIVE_MASS_OVER_E=1.000000003011 PRESSURE_TRACE_OVER_E=+3.011e-09 NEGATIVE_ACTIVE_FRACTION_OVER_E=0.049278198707 OPT_GRADIENT_OVER_E=2.382e-08 NEAR_MAX_A_KERNEL=-9.176679568994e-01 NEAR_MAX_H=0.508138513 A_AT_3Z_KERNEL=-6.291005629404e+00 EXTERIOR_MAX_A_KERNEL=-2.999010105892e+00 EXTERIOR_MAX_H=15.502530904
CASE_INTERNAL_CONSISTENCY=True
NONPROMOTED_CASE MU=0.30000000 Q=1000.0 N=4 E_OVER_Q=1.032874581255 LOCALIZED=True BOUND=False
NONPROMOTED_CASE MU=0.30000000 Q=1000.0 N=5 E_OVER_Q=1.003628990874 LOCALIZED=False BOUND=False
BOUND_CASE MU=0.30000000 Q=3000.0 N=1 E_OVER_Q=0.593788008029 RX=7.253434956 ZX=4.366801241 RY=4.365161534 ZY=3.288759536 B=2.124749627 A=1.357306818 OMEGA=0.476089026600 ENERGY_QUADRATURE_REL_ERROR=3.912e-10 ACTIVE_IDENTITY_ERROR=1.706e-16 ACTIVE_MASS_OVER_E=0.999999996157 PRESSURE_TRACE_OVER_E=-3.843e-09 NEGATIVE_ACTIVE_FRACTION_OVER_E=0.130648100221 OPT_GRADIENT_OVER_E=7.658e-08 NEAR_MAX_A_KERNEL=-5.300133800288e+00 NEAR_MAX_H=0.436680124 A_AT_3Z_KERNEL=-8.793919316463e+00 EXTERIOR_MAX_A_KERNEL=-2.494493900515e+00 EXTERIOR_MAX_H=26.200807443
CASE_INTERNAL_CONSISTENCY=True
BOUND_CASE MU=0.30000000 Q=3000.0 N=2 E_OVER_Q=0.681754512815 RX=8.105026347 ZX=3.696960414 RY=4.574743973 ZY=2.979181208 B=1.411544615 A=1.471918147 OMEGA=0.542109143226 ENERGY_QUADRATURE_REL_ERROR=4.473e-11 ACTIVE_IDENTITY_ERROR=1.019e-16 ACTIVE_MASS_OVER_E=1.000000052686 PRESSURE_TRACE_OVER_E=+5.269e-08 NEGATIVE_ACTIVE_FRACTION_OVER_E=0.102816052886 OPT_GRADIENT_OVER_E=6.670e-08 NEAR_MAX_A_KERNEL=-2.987677121928e+00 NEAR_MAX_H=0.369696041 A_AT_3Z_KERNEL=-1.032901099983e+01 EXTERIOR_MAX_A_KERNEL=-3.660068980917e+00 EXTERIOR_MAX_H=22.181762486
CASE_INTERNAL_CONSISTENCY=True
BOUND_CASE MU=0.30000000 Q=3000.0 N=3 E_OVER_Q=0.756775043993 RX=8.739873617 ZX=3.318616577 RY=4.691185285 ZY=2.791970438 B=0.782286171 A=1.565156655 OMEGA=0.597004919607 ENERGY_QUADRATURE_REL_ERROR=1.044e-11 ACTIVE_IDENTITY_ERROR=1.104e-16 ACTIVE_MASS_OVER_E=0.999999906183 PRESSURE_TRACE_OVER_E=-9.382e-08 NEGATIVE_ACTIVE_FRACTION_OVER_E=0.090605685272 OPT_GRADIENT_OVER_E=1.202e-07 NEAR_MAX_A_KERNEL=-1.793235466208e+00 NEAR_MAX_H=0.331861658 A_AT_3Z_KERNEL=-9.954442467762e+00 EXTERIOR_MAX_A_KERNEL=-4.476183989972e+00 EXTERIOR_MAX_H=19.911699462
CASE_INTERNAL_CONSISTENCY=True
BOUND_CASE MU=0.30000000 Q=3000.0 N=4 E_OVER_Q=0.824220340217 RX=9.282659561 ZX=3.073662048 RY=4.761264446 ZY=2.662455067 B=0.379414699 A=1.629820023 OMEGA=0.645907036524 ENERGY_QUADRATURE_REL_ERROR=3.656e-12 ACTIVE_IDENTITY_ERROR=5.641e-17 ACTIVE_MASS_OVER_E=1.000000051916 PRESSURE_TRACE_OVER_E=+5.192e-08 NEGATIVE_ACTIVE_FRACTION_OVER_E=0.085752517816 OPT_GRADIENT_OVER_E=7.356e-08 NEAR_MAX_A_KERNEL=-1.206534812033e+00 NEAR_MAX_H=0.307366205 A_AT_3Z_KERNEL=-8.818351064365e+00 EXTERIOR_MAX_A_KERNEL=-4.960085572245e+00 EXTERIOR_MAX_H=18.441972290
CASE_INTERNAL_CONSISTENCY=True
BOUND_CASE MU=0.30000000 Q=3000.0 N=5 E_OVER_Q=0.886443183017 RX=9.815791540 ZX=2.893845502 RY=4.811172714 ZY=2.561863527 B=0.165417199 A=1.654472063 OMEGA=0.691729019457 ENERGY_QUADRATURE_REL_ERROR=1.581e-12 ACTIVE_IDENTITY_ERROR=1.164e-16 ACTIVE_MASS_OVER_E=0.999999996918 PRESSURE_TRACE_OVER_E=-3.082e-09 NEGATIVE_ACTIVE_FRACTION_OVER_E=0.087167061533 OPT_GRADIENT_OVER_E=1.710e-07 NEAR_MAX_A_KERNEL=-8.807489977401e-01 NEAR_MAX_H=0.289384550 A_AT_3Z_KERNEL=-7.503939283028e+00 EXTERIOR_MAX_A_KERNEL=-5.192735972686e+00 EXTERIOR_MAX_H=17.363073012
CASE_INTERNAL_CONSISTENCY=True
BOUND_CASE MU=0.30000000 Q=10000.0 N=1 E_OVER_Q=0.469877095401 RX=10.398445648 ZX=6.077903058 RY=5.501386181 ZY=4.021818419 B=3.115432900 A=1.310829827 OMEGA=0.380024566927 ENERGY_QUADRATURE_REL_ERROR=1.916e-08 ACTIVE_IDENTITY_ERROR=1.282e-16 ACTIVE_MASS_OVER_E=1.000000093672 PRESSURE_TRACE_OVER_E=+9.367e-08 NEGATIVE_ACTIVE_FRACTION_OVER_E=0.188298175854 OPT_GRADIENT_OVER_E=2.323e-07 NEAR_MAX_A_KERNEL=-9.487343943501e+00 NEAR_MAX_H=0.607790306 A_AT_3Z_KERNEL=-1.254367698347e+01 EXTERIOR_MAX_A_KERNEL=-3.443671880112e+00 EXTERIOR_MAX_H=36.467418349
CASE_INTERNAL_CONSISTENCY=True
BOUND_CASE MU=0.30000000 Q=10000.0 N=2 E_OVER_Q=0.535817834619 RX=11.709140855 ZX=5.046367069 RY=5.839076126 ZY=3.597180355 B=2.061058323 A=1.420384637 OMEGA=0.430877834641 ENERGY_QUADRATURE_REL_ERROR=2.170e-09 ACTIVE_IDENTITY_ERROR=7.521e-17 ACTIVE_MASS_OVER_E=0.999999888820 PRESSURE_TRACE_OVER_E=-1.112e-07 NEGATIVE_ACTIVE_FRACTION_OVER_E=0.163190457648 OPT_GRADIENT_OVER_E=2.037e-07 NEAR_MAX_A_KERNEL=-5.176219463783e+00 NEAR_MAX_H=0.504636707 A_AT_3Z_KERNEL=-1.570386305344e+01 EXTERIOR_MAX_A_KERNEL=-5.288449984833e+00 EXTERIOR_MAX_H=30.278202415
CASE_INTERNAL_CONSISTENCY=True
BOUND_CASE MU=0.30000000 Q=10000.0 N=3 E_OVER_Q=0.590686210883 RX=12.661168389 ZX=4.444200249 RY=6.052535609 ZY=3.336259583 B=1.138698936 A=1.525384017 OMEGA=0.472184338940 ENERGY_QUADRATURE_REL_ERROR=4.452e-10 ACTIVE_IDENTITY_ERROR=8.169e-17 ACTIVE_MASS_OVER_E=1.000000096904 PRESSURE_TRACE_OVER_E=+9.690e-08 NEGATIVE_ACTIVE_FRACTION_OVER_E=0.148713859784 OPT_GRADIENT_OVER_E=1.694e-07 NEAR_MAX_A_KERNEL=-2.937455436010e+00 NEAR_MAX_H=0.444420025 A_AT_3Z_KERNEL=-1.565091817191e+01 EXTERIOR_MAX_A_KERNEL=-6.703840454056e+00 EXTERIOR_MAX_H=26.665201494
CASE_INTERNAL_CONSISTENCY=True
BOUND_CASE MU=0.30000000 Q=10000.0 N=4 E_OVER_Q=0.639083346085 RX=13.396189417 ZX=4.051739536 RY=6.194195461 ZY=3.159095355 B=0.551314469 A=1.626918573 OMEGA=0.507776538676 ENERGY_QUADRATURE_REL_ERROR=1.343e-10 ACTIVE_IDENTITY_ERROR=1.771e-16 ACTIVE_MASS_OVER_E=0.999999958379 PRESSURE_TRACE_OVER_E=-4.162e-08 NEGATIVE_ACTIVE_FRACTION_OVER_E=0.138422346056 OPT_GRADIENT_OVER_E=4.269e-08 NEAR_MAX_A_KERNEL=-1.871694157269e+00 NEAR_MAX_H=0.405173954 A_AT_3Z_KERNEL=-1.398370823887e+01 EXTERIOR_MAX_A_KERNEL=-7.580711829143e+00 EXTERIOR_MAX_H=24.310437214
CASE_INTERNAL_CONSISTENCY=True
BOUND_CASE MU=0.30000000 Q=10000.0 N=5 E_OVER_Q=0.683237699130 RX=13.992434854 ZX=3.779963756 RY=6.289163041 ZY=3.031374923 B=0.240489308 A=1.723895945 OMEGA=0.539531801802 ENERGY_QUADRATURE_REL_ERROR=5.345e-11 ACTIVE_IDENTITY_ERROR=1.769e-16 ACTIVE_MASS_OVER_E=1.000000063261 PRESSURE_TRACE_OVER_E=+6.326e-08 NEGATIVE_ACTIVE_FRACTION_OVER_E=0.128764610937 OPT_GRADIENT_OVER_E=9.318e-08 NEAR_MAX_A_KERNEL=-1.299863911056e+00 NEAR_MAX_H=0.377996376 A_AT_3Z_KERNEL=-1.189759990172e+01 EXTERIOR_MAX_A_KERNEL=-7.983756307545e+00 EXTERIOR_MAX_H=22.679782536
CASE_INTERNAL_CONSISTENCY=True
BOUND_CASE MU=0.30000000 Q=30000.0 N=1 E_OVER_Q=0.381643666899 RX=14.343389657 ZX=8.289757362 RY=6.767551918 ZY=4.870507756 B=4.413475281 A=1.261406597 OMEGA=0.309982820539 ENERGY_QUADRATURE_REL_ERROR=4.816e-07 ACTIVE_IDENTITY_ERROR=9.900e-17 ACTIVE_MASS_OVER_E=1.000001480311 PRESSURE_TRACE_OVER_E=+1.480e-06 NEGATIVE_ACTIVE_FRACTION_OVER_E=0.230274616429 OPT_GRADIENT_OVER_E=9.532e-08 NEAR_MAX_A_KERNEL=-1.631685015656e+01 NEAR_MAX_H=0.828975736 A_AT_3Z_KERNEL=-1.708060827402e+01 EXTERIOR_MAX_A_KERNEL=-4.561665528451e+00 EXTERIOR_MAX_H=49.738544175
CASE_INTERNAL_CONSISTENCY=True
BOUND_CASE MU=0.30000000 Q=30000.0 N=2 E_OVER_Q=0.433371601274 RX=16.261117230 ZX=6.832618089 RY=7.241248087 ZY=4.326652894 B=2.909663309 A=1.352530397 OMEGA=0.350624350913 ENERGY_QUADRATURE_REL_ERROR=6.696e-08 ACTIVE_IDENTITY_ERROR=1.158e-16 ACTIVE_MASS_OVER_E=1.000000148575 PRESSURE_TRACE_OVER_E=+1.486e-07 NEGATIVE_ACTIVE_FRACTION_OVER_E=0.208230756208 OPT_GRADIENT_OVER_E=1.259e-07 NEAR_MAX_A_KERNEL=-8.924236392590e+00 NEAR_MAX_H=0.683261809 A_AT_3Z_KERNEL=-2.255556510335e+01 EXTERIOR_MAX_A_KERNEL=-7.195314824850e+00 EXTERIOR_MAX_H=40.995708536
CASE_INTERNAL_CONSISTENCY=True
BOUND_CASE MU=0.30000000 Q=30000.0 N=3 E_OVER_Q=0.475718631180 RX=17.697229678 ZX=5.957942357 RY=7.564393696 ZY=3.983425754 B=1.602728040 A=1.440670721 OMEGA=0.383407460248 ENERGY_QUADRATURE_REL_ERROR=1.465e-08 ACTIVE_IDENTITY_ERROR=1.262e-16 ACTIVE_MASS_OVER_E=1.000000013118 PRESSURE_TRACE_OVER_E=+1.312e-08 NEGATIVE_ACTIVE_FRACTION_OVER_E=0.194649266174 OPT_GRADIENT_OVER_E=8.922e-08 NEAR_MAX_A_KERNEL=-4.916742022862e+00 NEAR_MAX_H=0.595794236 A_AT_3Z_KERNEL=-2.347050317404e+01 EXTERIOR_MAX_A_KERNEL=-9.400160248905e+00 EXTERIOR_MAX_H=35.747654145
CASE_INTERNAL_CONSISTENCY=True
BOUND_CASE MU=0.30000000 Q=30000.0 N=4 E_OVER_Q=0.512483941887 RX=18.830506601 ZX=5.368066865 RY=7.800134190 ZY=3.743487297 B=0.773856921 A=1.528010736 OMEGA=0.411455960614 ENERGY_QUADRATURE_REL_ERROR=4.303e-09 ACTIVE_IDENTITY_ERROR=6.716e-17 ACTIVE_MASS_OVER_E=1.000000070206 PRESSURE_TRACE_OVER_E=+7.021e-08 NEGATIVE_ACTIVE_FRACTION_OVER_E=0.185394612743 OPT_GRADIENT_OVER_E=2.130e-07 NEAR_MAX_A_KERNEL=-3.038325975902e+00 NEAR_MAX_H=0.536806686 A_AT_3Z_KERNEL=-2.150044593135e+01 EXTERIOR_MAX_A_KERNEL=-1.091539729769e+01 EXTERIOR_MAX_H=32.208401189
CASE_INTERNAL_CONSISTENCY=True
BOUND_CASE MU=0.30000000 Q=30000.0 N=5 E_OVER_Q=0.545504989948 RX=19.750915492 ZX=4.944177984 RY=7.978099167 ZY=3.566148118 B=0.336666398 A=1.615673588 OMEGA=0.436272085904 ENERGY_QUADRATURE_REL_ERROR=1.569e-09 ACTIVE_IDENTITY_ERROR=7.176e-17 ACTIVE_MASS_OVER_E=0.999999959972 PRESSURE_TRACE_OVER_E=-4.003e-08 NEGATIVE_ACTIVE_FRACTION_OVER_E=0.178503152518 OPT_GRADIENT_OVER_E=1.223e-07 NEAR_MAX_A_KERNEL=-2.044731130955e+00 NEAR_MAX_H=0.494417798 A_AT_3Z_KERNEL=-1.841091306802e+01 EXTERIOR_MAX_A_KERNEL=-1.170870823665e+01 EXTERIOR_MAX_H=29.665067904
CASE_INTERNAL_CONSISTENCY=True
BOUND_CASE MU=1.00000000 Q=1000.0 N=1 E_OVER_Q=0.894948051354 RX=3.777054230 ZX=2.187627758 RY=2.969078098 ZY=2.275024385 B=1.754439799 A=1.385002013 OMEGA=0.727292249421 ENERGY_QUADRATURE_REL_ERROR=1.989e-13 ACTIVE_IDENTITY_ERROR=1.086e-16 ACTIVE_MASS_OVER_E=1.000000009377 PRESSURE_TRACE_OVER_E=+9.377e-09 NEGATIVE_ACTIVE_FRACTION_OVER_E=0.015471337473 OPT_GRADIENT_OVER_E=1.270e-08 NEAR_MAX_A_KERNEL=-5.092462345681e+00 NEAR_MAX_H=0.227502438 A_AT_3Z_KERNEL=-1.387403272682e+01 EXTERIOR_MAX_A_KERNEL=-4.412299893654e+00 EXTERIOR_MAX_H=13.650146310
CASE_INTERNAL_CONSISTENCY=True
NONPROMOTED_CASE MU=1.00000000 Q=1000.0 N=2 E_OVER_Q=1.000167613087 LOCALIZED=False BOUND=False
NONPROMOTED_CASE MU=1.00000000 Q=1000.0 N=3 E_OVER_Q=1.000411989906 LOCALIZED=False BOUND=False
NONPROMOTED_CASE MU=1.00000000 Q=1000.0 N=4 E_OVER_Q=1.001202077841 LOCALIZED=False BOUND=False
NONPROMOTED_CASE MU=1.00000000 Q=1000.0 N=5 E_OVER_Q=1.004076939929 LOCALIZED=False BOUND=False
BOUND_CASE MU=1.00000000 Q=3000.0 N=1 E_OVER_Q=0.727456086037 RX=5.188336767 ZX=2.955650320 RY=3.593002894 ZY=2.663843363 B=2.575177750 A=1.440779842 OMEGA=0.590606487874 ENERGY_QUADRATURE_REL_ERROR=1.720e-12 ACTIVE_IDENTITY_ERROR=1.511e-16 ACTIVE_MASS_OVER_E=1.000000005167 PRESSURE_TRACE_OVER_E=+5.167e-09 NEGATIVE_ACTIVE_FRACTION_OVER_E=0.069169510000 OPT_GRADIENT_OVER_E=6.251e-08 NEAR_MAX_A_KERNEL=-8.613021639813e+00 NEAR_MAX_H=0.295565032 A_AT_3Z_KERNEL=-2.125254548248e+01 EXTERIOR_MAX_A_KERNEL=-6.486309824247e+00 EXTERIOR_MAX_H=17.733901919
CASE_INTERNAL_CONSISTENCY=True
BOUND_CASE MU=1.00000000 Q=3000.0 N=2 E_OVER_Q=0.834257356679 RX=5.831193376 ZX=2.431339934 RY=3.785401085 ZY=2.406038500 B=1.703677853 A=1.592931425 OMEGA=0.672984599644 ENERGY_QUADRATURE_REL_ERROR=1.030e-13 ACTIVE_IDENTITY_ERROR=1.823e-16 ACTIVE_MASS_OVER_E=0.999999962629 PRESSURE_TRACE_OVER_E=-3.737e-08 NEGATIVE_ACTIVE_FRACTION_OVER_E=0.048133939912 OPT_GRADIENT_OVER_E=1.090e-07 NEAR_MAX_A_KERNEL=-4.392233475190e+00 NEAR_MAX_H=0.243133993 A_AT_3Z_KERNEL=-2.247907880123e+01 EXTERIOR_MAX_A_KERNEL=-9.485446333111e+00 EXTERIOR_MAX_H=14.588039603
CASE_INTERNAL_CONSISTENCY=True
BOUND_CASE MU=1.00000000 Q=3000.0 N=3 E_OVER_Q=0.924287651518 RX=6.321466620 ZX=2.139891110 RY=3.900508726 ZY=2.256303771 B=0.939364761 A=1.709764289 OMEGA=0.741099634820 ENERGY_QUADRATURE_REL_ERROR=4.579e-13 ACTIVE_IDENTITY_ERROR=1.007e-16 ACTIVE_MASS_OVER_E=1.000000038402 PRESSURE_TRACE_OVER_E=+3.840e-08 NEGATIVE_ACTIVE_FRACTION_OVER_E=0.046381242103 OPT_GRADIENT_OVER_E=6.560e-08 NEAR_MAX_A_KERNEL=-2.614879982360e+00 NEAR_MAX_H=0.225630377 A_AT_3Z_KERNEL=-1.873826119389e+01 EXTERIOR_MAX_A_KERNEL=-1.037458820173e+01 EXTERIOR_MAX_H=13.537822626
CASE_INTERNAL_CONSISTENCY=True
NONPROMOTED_CASE MU=1.00000000 Q=3000.0 N=4 E_OVER_Q=1.004401044953 LOCALIZED=True BOUND=False
NONPROMOTED_CASE MU=1.00000000 Q=3000.0 N=5 E_OVER_Q=1.001824714709 LOCALIZED=False BOUND=False
BOUND_CASE MU=1.00000000 Q=10000.0 N=1 E_OVER_Q=0.580888827363 RX=7.420281105 ZX=4.179741127 RY=4.472350760 ZY=3.236845548 B=3.829174653 A=1.385228933 OMEGA=0.472945565167 ENERGY_QUADRATURE_REL_ERROR=1.963e-10 ACTIVE_IDENTITY_ERROR=1.074e-16 ACTIVE_MASS_OVER_E=0.999999830049 PRESSURE_TRACE_OVER_E=-1.700e-07 NEGATIVE_ACTIVE_FRACTION_OVER_E=0.137272791434 OPT_GRADIENT_OVER_E=1.253e-07 NEAR_MAX_A_KERNEL=-1.622918639757e+01 NEAR_MAX_H=0.417974113 A_AT_3Z_KERNEL=-3.054307687087e+01 EXTERIOR_MAX_A_KERNEL=-8.829537763339e+00 EXTERIOR_MAX_H=25.078446761
CASE_INTERNAL_CONSISTENCY=True
BOUND_CASE MU=1.00000000 Q=10000.0 N=2 E_OVER_Q=0.662574195597 RX=8.382103850 ZX=3.395186642 RY=4.759162354 ZY=2.883281045 B=2.529986725 A=1.533413886 OMEGA=0.537032663296 ENERGY_QUADRATURE_REL_ERROR=1.167e-11 ACTIVE_IDENTITY_ERROR=1.287e-16 ACTIVE_MASS_OVER_E=1.000000075596 PRESSURE_TRACE_OVER_E=+7.560e-08 NEGATIVE_ACTIVE_FRACTION_OVER_E=0.107236543543 OPT_GRADIENT_OVER_E=5.491e-08 NEAR_MAX_A_KERNEL=-8.173451546846e+00 NEAR_MAX_H=0.339518664 A_AT_3Z_KERNEL=-3.538528480575e+01 EXTERIOR_MAX_A_KERNEL=-1.356818744248e+01 EXTERIOR_MAX_H=20.371119854
CASE_INTERNAL_CONSISTENCY=True
BOUND_CASE MU=1.00000000 Q=10000.0 N=3 E_OVER_Q=0.729906060174 RX=9.067473326 ZX=2.942825265 RY=4.947707842 ZY=2.671503643 B=1.393977338 A=1.685521364 OMEGA=0.588828276780 ENERGY_QUADRATURE_REL_ERROR=1.494e-12 ACTIVE_IDENTITY_ERROR=1.403e-16 ACTIVE_MASS_OVER_E=1.000000027038 PRESSURE_TRACE_OVER_E=+2.704e-08 NEGATIVE_ACTIVE_FRACTION_OVER_E=0.093646790573 OPT_GRADIENT_OVER_E=9.968e-08 NEAR_MAX_A_KERNEL=-4.406574637959e+00 NEAR_MAX_H=0.294282526 A_AT_3Z_KERNEL=-3.173965140435e+01 EXTERIOR_MAX_A_KERNEL=-1.665821961119e+01 EXTERIOR_MAX_H=17.656951589
CASE_INTERNAL_CONSISTENCY=True
BOUND_CASE MU=1.00000000 Q=10000.0 N=4 E_OVER_Q=0.788770339721 RX=9.585938334 ZX=2.655492045 RY=5.076645958 ZY=2.532775159 B=0.672843479 A=1.839843120 OMEGA=0.633031717576 ENERGY_QUADRATURE_REL_ERROR=3.366e-13 ACTIVE_IDENTITY_ERROR=1.519e-16 ACTIVE_MASS_OVER_E=1.000000121570 PRESSURE_TRACE_OVER_E=+1.216e-07 NEGATIVE_ACTIVE_FRACTION_OVER_E=0.084752152374 OPT_GRADIENT_OVER_E=6.918e-08 NEAR_MAX_A_KERNEL=-2.680666809890e+00 NEAR_MAX_H=0.265549204 A_AT_3Z_KERNEL=-2.548684742123e+01 EXTERIOR_MAX_A_KERNEL=-1.787671528429e+01 EXTERIOR_MAX_H=15.932952269
CASE_INTERNAL_CONSISTENCY=True
BOUND_CASE MU=1.00000000 Q=10000.0 N=5 E_OVER_Q=0.842189156778 RX=10.026879306 ZX=2.461658446 RY=5.162879450 ZY=2.433972189 B=0.292936614 A=1.979860875 OMEGA=0.672027520626 ENERGY_QUADRATURE_REL_ERROR=1.268e-13 ACTIVE_IDENTITY_ERROR=1.551e-16 ACTIVE_MASS_OVER_E=0.999999966874 PRESSURE_TRACE_OVER_E=-3.313e-08 NEGATIVE_ACTIVE_FRACTION_OVER_E=0.082247064903 OPT_GRADIENT_OVER_E=8.639e-08 NEAR_MAX_A_KERNEL=-1.822824864074e+00 NEAR_MAX_H=0.246165845 A_AT_3Z_KERNEL=-1.973302390009e+01 EXTERIOR_MAX_A_KERNEL=-1.750702809263e+01 EXTERIOR_MAX_H=15.040318959
CASE_INTERNAL_CONSISTENCY=True
BOUND_CASE MU=1.00000000 Q=30000.0 N=1 E_OVER_Q=0.473921496490 RX=10.228325466 ZX=5.764224367 RY=5.465470158 ZY=3.910373482 B=5.463259714 A=1.323593858 OMEGA=0.386330919091 ENERGY_QUADRATURE_REL_ERROR=1.009e-08 ACTIVE_IDENTITY_ERROR=1.621e-16 ACTIVE_MASS_OVER_E=0.999999918245 PRESSURE_TRACE_OVER_E=-8.175e-08 NEGATIVE_ACTIVE_FRACTION_OVER_E=0.188503520558 OPT_GRADIENT_OVER_E=1.791e-07 NEAR_MAX_A_KERNEL=-2.885917641629e+01 NEAR_MAX_H=0.576422437 A_AT_3Z_KERNEL=-4.163456252834e+01 EXTERIOR_MAX_A_KERNEL=-1.155268041677e+01 EXTERIOR_MAX_H=34.585346203
CASE_INTERNAL_CONSISTENCY=True
BOUND_CASE MU=1.00000000 Q=30000.0 N=2 E_OVER_Q=0.538746278011 RX=11.620337685 ZX=4.675335870 RY=5.851503531 ZY=3.460256658 B=3.603363677 A=1.443420499 OMEGA=0.437771021744 ENERGY_QUADRATURE_REL_ERROR=7.994e-10 ACTIVE_IDENTITY_ERROR=9.516e-17 ACTIVE_MASS_OVER_E=1.000000015289 PRESSURE_TRACE_OVER_E=+1.529e-08 NEGATIVE_ACTIVE_FRACTION_OVER_E=0.163989598042 OPT_GRADIENT_OVER_E=1.351e-07 NEAR_MAX_A_KERNEL=-1.477501162004e+01 NEAR_MAX_H=0.467533587 A_AT_3Z_KERNEL=-5.183154307149e+01 EXTERIOR_MAX_A_KERNEL=-1.825282856307e+01 EXTERIOR_MAX_H=28.052015223
CASE_INTERNAL_CONSISTENCY=True
BOUND_CASE MU=1.00000000 Q=30000.0 N=3 E_OVER_Q=0.591541878655 RX=12.654897856 ZX=4.024488522 RY=6.121640521 ZY=3.179088457 B=1.982817825 A=1.565092616 OMEGA=0.479271182717 ENERGY_QUADRATURE_REL_ERROR=1.130e-10 ACTIVE_IDENTITY_ERROR=1.042e-16 ACTIVE_MASS_OVER_E=1.000000181751 PRESSURE_TRACE_OVER_E=+1.818e-07 NEGATIVE_ACTIVE_FRACTION_OVER_E=0.147137112058 OPT_GRADIENT_OVER_E=8.200e-08 NEAR_MAX_A_KERNEL=-7.883749176768e+00 NEAR_MAX_H=0.402448852 A_AT_3Z_KERNEL=-4.959473873969e+01 EXTERIOR_MAX_A_KERNEL=-2.331903906724e+01 EXTERIOR_MAX_H=24.146931133
CASE_INTERNAL_CONSISTENCY=True
BOUND_CASE MU=1.00000000 Q=30000.0 N=4 E_OVER_Q=0.637052592315 RX=13.455481370 ZX=3.589653241 RY=6.325087780 ZY=2.986006508 B=0.955388350 A=1.692772876 OMEGA=0.514684946806 ENERGY_QUADRATURE_REL_ERROR=2.339e-11 ACTIVE_IDENTITY_ERROR=1.124e-16 ACTIVE_MASS_OVER_E=1.000000149788 PRESSURE_TRACE_OVER_E=+1.498e-07 NEGATIVE_ACTIVE_FRACTION_OVER_E=0.134876528673 OPT_GRADIENT_OVER_E=7.614e-08 NEAR_MAX_A_KERNEL=-4.697808425262e+00 NEAR_MAX_H=0.358965324 A_AT_3Z_KERNEL=-4.146135129572e+01 EXTERIOR_MAX_A_KERNEL=-2.599988921682e+01 EXTERIOR_MAX_H=21.537919445
CASE_INTERNAL_CONSISTENCY=True
BOUND_CASE MU=1.00000000 Q=30000.0 N=5 E_OVER_Q=0.677608041234 RX=14.092389881 ZX=3.282583159 RY=6.483149021 ZY=2.846724751 B=0.414564685 A=1.827173032 OMEGA=0.545824612735 ENERGY_QUADRATURE_REL_ERROR=6.505e-12 ACTIVE_IDENTITY_ERROR=1.192e-16 ACTIVE_MASS_OVER_E=1.000000072004 PRESSURE_TRACE_OVER_E=+7.200e-08 NEGATIVE_ACTIVE_FRACTION_OVER_E=0.126647885732 OPT_GRADIENT_OVER_E=7.158e-08 NEAR_MAX_A_KERNEL=-3.048981103248e+00 NEAR_MAX_H=0.328258316 A_AT_3Z_KERNEL=-3.250419120468e+01 EXTERIOR_MAX_A_KERNEL=-2.480437892385e+01 EXTERIOR_MAX_H=21.138584821
CASE_INTERNAL_CONSISTENCY=True
NONPROMOTED_CASE MU=3.00000000 Q=1000.0 N=1 E_OVER_Q=1.000080577539 LOCALIZED=False BOUND=False
NONPROMOTED_CASE MU=3.00000000 Q=1000.0 N=2 E_OVER_Q=1.000167127229 LOCALIZED=False BOUND=False
NONPROMOTED_CASE MU=3.00000000 Q=1000.0 N=3 E_OVER_Q=1.000422352537 LOCALIZED=False BOUND=False
NONPROMOTED_CASE MU=3.00000000 Q=1000.0 N=4 E_OVER_Q=1.001234910564 LOCALIZED=False BOUND=False
NONPROMOTED_CASE MU=3.00000000 Q=1000.0 N=5 E_OVER_Q=1.004076941176 LOCALIZED=False BOUND=False
BOUND_CASE MU=3.00000000 Q=3000.0 N=1 E_OVER_Q=0.873341630135 RX=3.790914232 ZX=2.037088414 RY=3.040744368 ZY=2.232647853 B=3.013773595 A=1.531593494 OMEGA=0.718348445327 ENERGY_QUADRATURE_REL_ERROR=1.835e-12 ACTIVE_IDENTITY_ERROR=1.529e-16 ACTIVE_MASS_OVER_E=0.999999961526 PRESSURE_TRACE_OVER_E=-3.847e-08 NEGATIVE_ACTIVE_FRACTION_OVER_E=0.015833675132 OPT_GRADIENT_OVER_E=6.943e-08 NEAR_MAX_A_KERNEL=-1.364879895563e+01 NEAR_MAX_H=0.223264785 A_AT_3Z_KERNEL=-4.094479768445e+01 EXTERIOR_MAX_A_KERNEL=-1.329065329725e+01 EXTERIOR_MAX_H=13.395887121
CASE_INTERNAL_CONSISTENCY=True
BOUND_CASE MU=3.00000000 Q=3000.0 N=2 E_OVER_Q=0.998744202582 RX=4.273160563 ZX=1.616394675 RY=3.233443940 ZY=2.030755473 B=1.967909007 A=1.738036324 OMEGA=0.819045687763 ENERGY_QUADRATURE_REL_ERROR=5.579e-10 ACTIVE_IDENTITY_ERROR=1.933e-16 ACTIVE_MASS_OVER_E=1.000000034498 PRESSURE_TRACE_OVER_E=+3.450e-08 NEGATIVE_ACTIVE_FRACTION_OVER_E=0.020835553096 OPT_GRADIENT_OVER_E=4.553e-08 NEAR_MAX_A_KERNEL=-7.072658280195e+00 NEAR_MAX_H=0.203075547 A_AT_3Z_KERNEL=-3.633653822887e+01 EXTERIOR_MAX_A_KERNEL=-1.588448466903e+01 EXTERIOR_MAX_H=12.184532837
CASE_INTERNAL_CONSISTENCY=True
NONPROMOTED_CASE MU=3.00000000 Q=3000.0 N=3 E_OVER_Q=1.000201551474 LOCALIZED=False BOUND=False
NONPROMOTED_CASE MU=3.00000000 Q=3000.0 N=4 E_OVER_Q=1.000591709618 LOCALIZED=False BOUND=False
NONPROMOTED_CASE MU=3.00000000 Q=3000.0 N=5 E_OVER_Q=1.001960201545 LOCALIZED=False BOUND=False
BOUND_CASE MU=3.00000000 Q=10000.0 N=1 E_OVER_Q=0.703961065375 RX=5.422138005 ZX=2.943226874 RY=3.721545112 ZY=2.677301333 B=4.580591342 A=1.470458561 OMEGA=0.577069703016 ENERGY_QUADRATURE_REL_ERROR=1.483e-12 ACTIVE_IDENTITY_ERROR=1.008e-16 ACTIVE_MASS_OVER_E=1.000000046024 PRESSURE_TRACE_OVER_E=+4.602e-08 NEGATIVE_ACTIVE_FRACTION_OVER_E=0.077423501482 OPT_GRADIENT_OVER_E=7.752e-08 NEAR_MAX_A_KERNEL=-2.545514247534e+01 NEAR_MAX_H=0.294322687 A_AT_3Z_KERNEL=-6.775859290400e+01 EXTERIOR_MAX_A_KERNEL=-2.099004518002e+01 EXTERIOR_MAX_H=17.659361243
CASE_INTERNAL_CONSISTENCY=True
BOUND_CASE MU=3.00000000 Q=10000.0 N=2 E_OVER_Q=0.802505878615 RX=6.122547911 ZX=2.332888032 RY=3.976519370 ZY=2.386905448 B=3.010876590 A=1.682191646 OMEGA=0.656081624021 ENERGY_QUADRATURE_REL_ERROR=2.024e-13 ACTIVE_IDENTITY_ERROR=1.234e-16 ACTIVE_MASS_OVER_E=1.000000071275 PRESSURE_TRACE_OVER_E=+7.128e-08 NEGATIVE_ACTIVE_FRACTION_OVER_E=0.052237963989 OPT_GRADIENT_OVER_E=9.067e-08 NEAR_MAX_A_KERNEL=-1.194300300689e+01 NEAR_MAX_H=0.238690545 A_AT_3Z_KERNEL=-6.904073259834e+01 EXTERIOR_MAX_A_KERNEL=-3.065414776204e+01 EXTERIOR_MAX_H=14.321432686
CASE_INTERNAL_CONSISTENCY=True
BOUND_CASE MU=3.00000000 Q=10000.0 N=3 E_OVER_Q=0.882539264512 RX=6.602814145 ZX=1.989780706 RY=4.152862611 ZY=2.222164684 B=1.647598370 A=1.920388935 OMEGA=0.719266566404 ENERGY_QUADRATURE_REL_ERROR=7.208e-12 ACTIVE_IDENTITY_ERROR=1.370e-16 ACTIVE_MASS_OVER_E=1.000000142892 PRESSURE_TRACE_OVER_E=+1.429e-07 NEGATIVE_ACTIVE_FRACTION_OVER_E=0.045535082332 OPT_GRADIENT_OVER_E=1.031e-07 NEAR_MAX_A_KERNEL=-6.563453393075e+00 NEAR_MAX_H=0.222216468 A_AT_3Z_KERNEL=-5.429120506279e+01 EXTERIOR_MAX_A_KERNEL=-3.222979542129e+01 EXTERIOR_MAX_H=13.332988107
CASE_INTERNAL_CONSISTENCY=True
BOUND_CASE MU=3.00000000 Q=10000.0 N=4 E_OVER_Q=0.952453744566 RX=7.191313601 ZX=1.769838765 RY=4.261461675 ZY=2.093737242 B=0.798205950 A=2.000000000 OMEGA=0.772208690024 ENERGY_QUADRATURE_REL_ERROR=8.945e-11 ACTIVE_IDENTITY_ERROR=1.495e-16 ACTIVE_MASS_OVER_E=1.000000030345 PRESSURE_TRACE_OVER_E=+3.035e-08 NEGATIVE_ACTIVE_FRACTION_OVER_E=0.052283187243 OPT_GRADIENT_OVER_E=7.924e-03 NEAR_MAX_A_KERNEL=-4.297694962238e+00 NEAR_MAX_H=0.209373724 A_AT_3Z_KERNEL=-4.179979910370e+01 EXTERIOR_MAX_A_KERNEL=-3.200806351944e+01 EXTERIOR_MAX_H=12.562423454
CASE_INTERNAL_CONSISTENCY=True
NONPROMOTED_CASE MU=3.00000000 Q=10000.0 N=5 E_OVER_Q=1.016907719329 LOCALIZED=True BOUND=False
BOUND_CASE MU=3.00000000 Q=30000.0 N=1 E_OVER_Q=0.577003634896 RX=7.483180772 ZX=4.111920115 RY=4.510427444 ZY=3.215938060 B=6.603196747 A=1.393839002 OMEGA=0.472155335424 ENERGY_QUADRATURE_REL_ERROR=1.530e-10 ACTIVE_IDENTITY_ERROR=8.630e-17 ACTIVE_MASS_OVER_E=1.000000105138 PRESSURE_TRACE_OVER_E=+1.051e-07 NEGATIVE_ACTIVE_FRACTION_OVER_E=0.139274088318 OPT_GRADIENT_OVER_E=8.407e-08 NEAR_MAX_A_KERNEL=-4.725674349822e+01 NEAR_MAX_H=0.411192011 A_AT_3Z_KERNEL=-9.312157636532e+01 EXTERIOR_MAX_A_KERNEL=-2.712525756396e+01 EXTERIOR_MAX_H=24.671520688
CASE_INTERNAL_CONSISTENCY=True
BOUND_CASE MU=3.00000000 Q=30000.0 N=2 E_OVER_Q=0.656374857241 RX=8.504995300 ZX=3.277939737 RY=4.835400274 ZY=2.842195472 B=4.348487718 A=1.554578527 OMEGA=0.535933813151 ENERGY_QUADRATURE_REL_ERROR=6.785e-12 ACTIVE_IDENTITY_ERROR=8.754e-17 ACTIVE_MASS_OVER_E=0.999999922804 PRESSURE_TRACE_OVER_E=-7.720e-08 NEGATIVE_ACTIVE_FRACTION_OVER_E=0.108791142269 OPT_GRADIENT_OVER_E=1.293e-07 NEAR_MAX_A_KERNEL=-2.266418013594e+01 NEAR_MAX_H=0.327793974 A_AT_3Z_KERNEL=-1.070333655077e+02 EXTERIOR_MAX_A_KERNEL=-4.252346860954e+01 EXTERIOR_MAX_H=19.667638422
CASE_INTERNAL_CONSISTENCY=True
BOUND_CASE MU=3.00000000 Q=30000.0 N=3 E_OVER_Q=0.720435155891 RX=9.242140445 ZX=2.783252348 RY=5.072515935 ZY=2.614240194 B=2.383756077 A=1.732982355 OMEGA=0.587312507493 ENERGY_QUADRATURE_REL_ERROR=6.255e-13 ACTIVE_IDENTITY_ERROR=9.627e-17 ACTIVE_MASS_OVER_E=1.000000082842 PRESSURE_TRACE_OVER_E=+8.284e-08 NEGATIVE_ACTIVE_FRACTION_OVER_E=0.094225786787 OPT_GRADIENT_OVER_E=6.733e-08 NEAR_MAX_A_KERNEL=-1.150025844214e+01 NEAR_MAX_H=0.278325235 A_AT_3Z_KERNEL=-9.213376976857e+01 EXTERIOR_MAX_A_KERNEL=-5.225759696894e+01 EXTERIOR_MAX_H=16.699514090
CASE_INTERNAL_CONSISTENCY=True
BOUND_CASE MU=3.00000000 Q=30000.0 N=4 E_OVER_Q=0.775017615142 RX=9.801128262 ZX=2.459470568 RY=5.257711762 ZY=2.462618028 B=1.143200822 A=1.931108054 OMEGA=0.630796907275 ENERGY_QUADRATURE_REL_ERROR=1.236e-13 ACTIVE_IDENTITY_ERROR=1.046e-16 ACTIVE_MASS_OVER_E=1.000000148908 PRESSURE_TRACE_OVER_E=+1.489e-07 NEGATIVE_ACTIVE_FRACTION_OVER_E=0.083103565683 OPT_GRADIENT_OVER_E=7.823e-08 NEAR_MAX_A_KERNEL=-6.564908778764e+00 NEAR_MAX_H=0.246261803 A_AT_3Z_KERNEL=-6.919305406390e+01 EXTERIOR_MAX_A_KERNEL=-5.477811808697e+01 EXTERIOR_MAX_H=14.775708165
CASE_INTERNAL_CONSISTENCY=True
BOUND_CASE MU=3.00000000 Q=30000.0 N=5 E_OVER_Q=0.823859536440 RX=10.557560105 ZX=2.229985173 RY=5.370350999 ZY=2.328808591 B=0.500508118 A=2.000000000 OMEGA=0.667104422035 ENERGY_QUADRATURE_REL_ERROR=5.327e-13 ACTIVE_IDENTITY_ERROR=2.153e-16 ACTIVE_MASS_OVER_E=0.999999911166 PRESSURE_TRACE_OVER_E=-8.883e-08 NEGATIVE_ACTIVE_FRACTION_OVER_E=0.084589648163 OPT_GRADIENT_OVER_E=1.058e-02 NEAR_MAX_A_KERNEL=-4.589098505746e+00 NEAR_MAX_H=0.232880859 A_AT_3Z_KERNEL=-5.178863718547e+01 EXTERIOR_MAX_A_KERNEL=-4.724766499473e+01 EXTERIOR_MAX_H=15.836340158
CASE_INTERNAL_CONSISTENCY=True

=== 016H GLOBAL SCAN SUMMARY ===
PROMOTED_BOUND_CASES=63
INTERNALLY_CONSISTENT_BOUND_CASES=63
NEGATIVE_ACTIVE_DENSITY_EXISTS=True
ANY_NEAR_FIELD_OUTWARD_ACCELERATION=False
ANY_CLEAN_EXTERIOR_OUTWARD_ACCELERATION=False
BEST_EXTERIOR_CASE MU=0.10000000 Q=1000.0 N=1 E_OVER_Q=0.626576773261 A_KERNEL=-7.702175806711e-01 H=28.071693635
LARGEST_NEGATIVE_ACTIVE_FRACTION_CASE MU=0.10000000 Q=30000.0 N=1 NEGATIVE_ACTIVE_FRACTION_OVER_E=0.266601491354

=== INDEPENDENT FORCE-RESOLUTION CHECK ===
VALIDATION ORDER=64 ENERGY=6.265767724588812e+02 ACTIVE_MASS_OVER_E=9.999999991754284e-01 PRESSURE_TRACE_OVER_E=-8.246e-10 ACTIVE_IDENTITY_ERROR=1.388e-16 A_AT_3Z=-2.787648740997575e+00 EXTERIOR_MAX_A=-7.702175806711402e-01 EXTERIOR_MAX_H=28.071693635484
VALIDATION ORDER=96 ENERGY=6.265767732605581e+02 ACTIVE_MASS_OVER_E=9.999999953367510e-01 PRESSURE_TRACE_OVER_E=-4.663e-09 ACTIVE_IDENTITY_ERROR=1.106e-16 A_AT_3Z=-2.787664105034469e+00 EXTERIOR_MAX_A=-7.702175794879909e-01 EXTERIOR_MAX_H=28.071693635484
VALIDATION ORDER=128 ENERGY=6.265767732605422e+02 ACTIVE_MASS_OVER_E=9.999999953367480e-01 PRESSURE_TRACE_OVER_E=-4.663e-09 ACTIVE_IDENTITY_ERROR=2.169e-16 A_AT_3Z=-2.787668128380372e+00 EXTERIOR_MAX_A=-7.702175794879690e-01 EXTERIOR_MAX_H=28.071693635484
EXTERIOR_FORCE_SIGN_RESOLUTION_STABLE=True

=== 016H FINAL DECISION ===
EXPLICIT_CANONICAL_FIELD_VARIATIONAL_EXTERIOR_REPULSION=NOT_FOUND_IN_TESTED_SCAN
EXPLICIT_CANONICAL_FIELD_VARIATIONAL_NEAR_FIELD_REPULSION=NOT_FOUND_IN_TESTED_SCAN
NEGATIVE_ACTIVE_DENSITY_WITHOUT_REPULSIVE_FIELD=True
INTERPRETATION=GENERIC_COUNTERWINDING_FLS_LIKE_EQUILIBRIA_DO_NOT_AUTOMATICALLY_INHERIT_006D_REPULSION
NEXT_AFTER_DOCUMENTATION=DEPRIORITIZE_GENERIC_FLS_QBALL_REALIZATION_AND_RERANK_SPATIALLY_SEPARATED_DRUM_VORTON_006D_VERSUS_014D_DISFORMAL_AND_SURVIVING_FIFTH_FORCE_BRANCHES
006D_GRAVITATIONAL_CONSTRUCTION_INVALIDATED=NO
016G_ASYMPTOTIC_NO_GO_INVALIDATED=NO
FULL_EULER_LAGRANGE_FIELD_SOLUTION=NOT_ESTABLISHED
FULL_DYNAMIC_STABILITY=NOT_ESTABLISHED
NONLINEAR_GR_REALIZATION=NOT_ESTABLISHED
MACROSCOPIC_AH2_OVER_G_ENERGY_SCALING=UNCHANGED
PRACTICAL_ANTIGRAVITY_DEVICE=NO
PAUSE_AND_UPDATE_DOCUMENTATION_AFTER_016H=YES
CLAIM_CLASSIFICATION=PROJECT_DERIVED_EXPLICIT_CANONICAL_FIELD_VARIATIONAL_GRAVITY_GATE
