=== ANTIGRAVITY_RESEARCH 018A-6B2 ===
QUESTION=DOES_THE_FULLY_COUPLED_KLS_JUNCTION_CONVERGE_AFTER_THE_MICROSCOPIC_017P_CORE_IS_ACTUALLY_RESOLVED

=== DECLARED FINE-CORE RESOLUTION ===
FINE_RESOLUTION N=51 L=20.000 DX=0.800000000000 PHI_INTERVALS=5.485931202 SIGMA_INTERVALS=3.921583575
FINE_RESOLUTION N=65 L=20.000 DX=0.625000000000 PHI_INTERVALS=7.021991939 SIGMA_INTERVALS=5.019626976
FINE_RESOLUTION N=81 L=20.000 DX=0.500000000000 PHI_INTERVALS=8.777489924 SIGMA_INTERVALS=6.274533721
SELECTED_PHI_INTERVALS=8.777489923872
SELECTED_SIGMA_INTERVALS=6.274533720506
FINE_CORE_RESOLUTION=PASS

=== FINE MATCHED RESOLUTION CONVERGENCE ===
FINE_MATCHED_RESOLUTION N=51 L=20.000 DX=0.800000000000 FULL_OPT=PASS BASE_OPT=FAIL FULL_DELTA_E=-6.153928741330361e-04 BASE_DELTA_E=-6.206063325127076e-04 KLS_DELTA_E=+5.213458379671465e-06 KLS_DELTA_SIGMA2=+1.138163881281747e-03 SIGMA2_MATCHED=1.055549195224024e+00 ENDPOINT_ACTIVE=+2.219225924335585e-02 ACTIVE_PAIR_FRACTION=1.060906225410809e-03 FULL_GRAD_RMS=9.994169e-07 FULL_GRAD_MAX=6.563424e-06 BASE_GRAD_RMS=2.061763e-06 BASE_GRAD_MAX=1.115733e-05
FINE_MATCHED_RESOLUTION N=65 L=20.000 DX=0.625000000000 FULL_OPT=PASS BASE_OPT=FAIL FULL_DELTA_E=-2.319969482513784e-04 BASE_DELTA_E=-2.338789361679972e-04 KLS_DELTA_E=+1.881987916618755e-06 KLS_DELTA_SIGMA2=+9.963845590094276e-04 SIGMA2_MATCHED=1.055407415901751e+00 ENDPOINT_ACTIVE=+1.988937939253940e-02 ACTIVE_PAIR_FRACTION=9.508165070403938e-04 FULL_GRAD_RMS=1.686573e-06 FULL_GRAD_MAX=9.861481e-06 BASE_GRAD_RMS=4.600050e-06 BASE_GRAD_MAX=2.371689e-05
FINE_MATCHED_RESOLUTION N=81 L=20.000 DX=0.500000000000 FULL_OPT=FAIL BASE_OPT=PASS FULL_DELTA_E=-9.556324749127043e-05 BASE_DELTA_E=-9.528410848425040e-05 KLS_DELTA_E=-2.791390070200350e-07 KLS_DELTA_SIGMA2=+1.051993178717910e-03 SIGMA2_MATCHED=1.055463024521460e+00 ENDPOINT_ACTIVE=+2.080256318400028e-02 ACTIVE_PAIR_FRACTION=9.944714751390178e-04 FULL_GRAD_RMS=5.346562e-06 FULL_GRAD_MAX=3.185321e-05 BASE_GRAD_RMS=1.917667e-06 BASE_GRAD_MAX=9.465755e-06
FINE_KLS_DELTA_E_RESOLUTION_RANGE=5.492597386691500e-06
FINE_KLS_DELTA_SIGMA2_RESOLUTION_RANGE=1.417793222723189e-04
FINE_FULL_SOLVERS=FAIL
FINE_BASE_CONTROL_SOLVERS=FAIL
FINE_MATCHED_RESOLUTION_CONVERGENCE=PASS

=== FINE PATCH-SIZE CONVERGENCE AT DX=0.5 ===
FINE_PATCH N=65 L=16.000 DX=0.500000000000 KLS_DELTA_E=+5.220358652024970e-07 KLS_DELTA_SIGMA2=+1.108031487038466e-03 ACTIVE_PAIR_FRACTION=1.033814319886170e-03 FULL_OPT=PASS BASE_OPT=FAIL
FINE_PATCH N=81 L=20.000 DX=0.500000000000 KLS_DELTA_E=-2.791390070200350e-07 KLS_DELTA_SIGMA2=+1.051993178717910e-03 ACTIVE_PAIR_FRACTION=9.944714751390178e-04 FULL_OPT=FAIL BASE_OPT=PASS
FINE_PATCH N=97 L=24.000 DX=0.500000000000 KLS_DELTA_E=-9.334503108249237e-07 KLS_DELTA_SIGMA2=+1.021912460477153e-03 ACTIVE_PAIR_FRACTION=9.717850840789995e-04 FULL_OPT=PASS BASE_OPT=PASS
FINE_KLS_DELTA_E_PATCH_RANGE=1.455486176027421e-06
FINE_KLS_DELTA_SIGMA2_PATCH_RANGE=8.611902656131343e-05
FINE_MATCHED_PATCH_CONVERGENCE=FAIL

=== FINE SELECTED FULL-COUPLED MORPHOLOGY ===
FINE_NEGATIVE_WALL_A_OVER_F=6.166947306535445e-02
FINE_POSITIVE_RECOVERY_A_OVER_F=6.514631700813982e-01
FINE_PHASE_LOCK_RMS=1.713458699071402e-03
FINE_CORE_PHI=0.000000000000000e+00
FINE_CORE_A_OVER_F=3.095730876588474e-01
FINE_WALL_TERMINATION=FAIL
FINE_RELATIVE_PHASE_LOCKING=PASS
FINE_MATCHED_SELECTED_ENDPOINT_ACTIVE=+2.080256318400028e-02
FINE_MATCHED_SELECTED_ACTIVE_PAIR_FRACTION=9.944714751390178e-04
FINE_MATCHED_ACTIVE_SOURCE_BUDGET=PASS

=== FINE MATCHED CHI CONTINUATION ===
FINE_CHI CHI=0.004250000 MU_FIXED_GLOBAL=+3.646020043575678e-03 LOCAL_KLS_CORRECTION=+1.887161465319309e-06 MU_MATCHED_FULL=+3.647907205040997e-03 A_EFF=1.002916920259412e+01 SIGMA2_MATCHED=1.055108120972142e+00
FINE_CHI CHI=0.004500000 MU_FIXED_GLOBAL=+3.645763223474111e-03 LOCAL_KLS_CORRECTION=+1.883901772359309e-06 MU_MATCHED_FULL=+3.647647125246470e-03 A_EFF=1.002890541292100e+01 SIGMA2_MATCHED=1.055328505833644e+00
FINE_CHI CHI=0.004750000 MU_FIXED_GLOBAL=+3.645506310142113e-03 LOCAL_KLS_CORRECTION=+1.881987916618755e-06 MU_MATCHED_FULL=+3.647388298058732e-03 A_EFF=1.002864157572682e+01 SIGMA2_MATCHED=1.055407415901751e+00
FINE_DA_EFF_DCHI=-1.055443818837591e+00
FINE_DSIGMA2_DCHI=+3.269068564003241e-02
FINE_MATCHED_VARIATIONAL_RELERR=3.449183252976194e-05
FINE_MATCHED_VARIATIONAL_IDENTITY=PASS
FINE_CT2=9.990012250126388e-01
FINE_CL2=9.997058290942997e-01
FINE_EOS_HEALTH=PASS
FINE_MIN_M2_TO_M40_DISCRIMINANT=+1.302115570723034e-08
FINE_WORST_MODE=2
FINE_MAX_ROOT_IMAG=0.000000000000000e+00
FINE_M2_TO_M40_STABILITY=PASS

=== FINE MATCHED STATIONARITY ===
FINE_SELECTED_GLOBAL_MU_ESTIMATE=+3.522780155661667e-03
FINE_STATIONARITY JUNCTION_COUNT=1 W_EFF=1.261299086287101e+01 Q_REQ=2.242757571902718e+04 N_REQ=3.383644475502257e+03 N_INT=3384 R_REQ=1.519712513320033e+03 R_OVER_WALL90=19.350984529659 R_OVER_CORE=113.978438499002 INTEGER_MISMATCH=1.050714696291502e-04 PASS=YES
FINE_STATIONARITY JUNCTION_COUNT=2 W_EFF=1.256100246507201e+01 Q_REQ=2.233513343148219e+04 N_REQ=3.369697723545066e+03 N_INT=3370 R_REQ=1.513448541551436e+03 R_OVER_WALL90=19.271223377648 R_OVER_CORE=113.508640616358 INTEGER_MISMATCH=8.970432357242457e-05 PASS=YES
FINE_ONE_JUNCTION_STATIONARITY=PASS
FINE_TWO_JUNCTION_STATIONARITY=PASS

=== 018A-6B2 DECISION ===
FINE_CORE_RESOLUTION=PASS
FINE_FULL_SOLVERS=FAIL
FINE_BASE_CONTROL_SOLVERS=FAIL
FINE_MATCHED_RESOLUTION_CONVERGENCE=PASS
FINE_MATCHED_PATCH_CONVERGENCE=FAIL
FINE_WALL_TERMINATION=FAIL
FINE_RELATIVE_PHASE_LOCKING=PASS
FINE_MATCHED_ACTIVE_SOURCE_BUDGET=PASS
FINE_MATCHED_VARIATIONAL_IDENTITY=PASS
FINE_EOS_HEALTH=PASS
FINE_M2_TO_M40_STABILITY=PASS
FINE_ONE_JUNCTION_STATIONARITY=PASS
FINE_TWO_JUNCTION_STATIONARITY=PASS
018A6B2_FINE_LOCAL_MULTISCALE_FULL_COUPLED_JUNCTION=RED
FULLY_COUPLED_LOCAL_2D_KLS_JUNCTION=NOT_YET_ESTABLISHED
NEXT=IDENTIFY_FINE_RESOLUTION_OR_PATCH_CHANNEL_FAILURE_BEFORE_GRAVITY
FINITE_PAYLOAD_GRAVITY_WITH_COMPLETE_NEW_SECTOR=NOT_YET_TESTED
POSITIVE_TOTAL_ACTIVE_MASS_WITH_COMPLETE_NEW_SECTOR=NOT_YET_TESTED
FULL_018A_GATE=NOT_YET_GREEN
018B_FULL_FINITE_THICKNESS_DRUM=NOT_YET_AUTHORIZED
PRACTICAL_ANTIGRAVITY_DEVICE=NO
CLAIM_CLASSIFICATION=PROJECT_DERIVED_018A_FINE_LOCAL_MULTISCALE_FULLY_COUPLED_KLS_JUNCTION
