=== ANTIGRAVITY_RESEARCH 018A-6B ===
QUESTION=DOES_THE_KLS_WALL_END_ON_THE_017P_VORTEX_AFTER_SIMULTANEOUS_PHI_A_SIGMA_GAUGE_RELAXATION
FULLY_COUPLED_TRANSVERSE_FIELDS=PHI_AMPLITUDE_PLUS_A_COMPLEX_PLUS_SIGMA_AMPLITUDE_PLUS_GAUGE_LINKS
VORTEX_TOPOLOGICAL_PHASE=UNIT_WINDING_FIXED_GAUGE

=== FULL-COUPLED ANALYTIC GRADIENT CHECK ===
FULL_COUPLED_GRADIENT_DIRECTIONAL_RELERR=6.789262482065712e-07
FULL_COUPLED_ANALYTIC_GRADIENT=PASS

=== FULL-COUPLED FIXED-DX DOMAIN CONVERGENCE ===
DOMAIN CHI=0.004750000 N=61 L=75.000 DX=2.500000000000 ITER=181 OPT=PASS DELTA_RELAX=-1.013322621207813e-01 MU_FIXED=+3.645585174926462e-03 MU_FULL=-9.768667694585481e-02 SIGMA2_FULL=1.294631254085046e+00 DELTA_SIGMA2=+2.402202227423046e-01 GRAD_RMS=2.479325e-07 GRAD_MAX=1.100376e-05
DOMAIN CHI=0.004750000 N=81 L=100.000 DX=2.500000000000 ITER=181 OPT=FAIL DELTA_RELAX=-1.013350744771078e-01 MU_FIXED=+3.645506310142113e-03 MU_FULL=-9.768956816696565e-02 SIGMA2_FULL=1.294630892898115e+00 DELTA_SIGMA2=+2.402198615553727e-01 GRAD_RMS=3.341542e-07 GRAD_MAX=3.632019e-05
DOMAIN CHI=0.004750000 N=101 L=125.000 DX=2.500000000000 ITER=168 OPT=FAIL DELTA_RELAX=-1.013378826946365e-01 MU_FIXED=+3.644105879692563e-03 MU_FULL=-9.769377681494394e-02 SIGMA2_FULL=1.294632149314287e+00 DELTA_SIGMA2=+2.402211179715453e-01 GRAD_RMS=7.039665e-07 GRAD_MAX=1.563667e-04
FULL_COUPLED_DOMAIN_MU_REL_SPREAD=7.267753667634233e-05
FULL_COUPLED_DOMAIN_CONVERGENCE=FAIL
FULL_DOMAIN_SLOPE L1=75.000 L2=100.000 DE_DL=5.622719681181110e-04 OVER_SIGMA=0.999794360969
FULL_DOMAIN_SLOPE L1=100.000 L2=125.000 DE_DL=5.622192710433893e-04 OVER_SIGMA=0.999700658560
FULL_COUPLED_DOMAIN_WALL_SLOPE=PASS

=== FULL-COUPLED FIXED-DOMAIN RESOLUTION CONVERGENCE ===
RESOLUTION CHI=0.004750000 N=81 L=100.000 DX=2.500000000000 ITER=181 OPT=FAIL DELTA_RELAX=-1.013350744771078e-01 MU_FIXED=+3.645506310142113e-03 MU_FULL=-9.768956816696565e-02 SIGMA2_FULL=1.294630892898115e+00 DELTA_SIGMA2=+2.402198615553727e-01 GRAD_RMS=3.341542e-07 GRAD_MAX=3.632019e-05
RESOLUTION CHI=0.004750000 N=101 L=100.000 DX=2.000000000000 ITER=238 OPT=PASS DELTA_RELAX=-6.055422088624063e-02 MU_FIXED=+3.592973123868401e-03 MU_FULL=-5.696124776237223e-02 SIGMA2_FULL=9.022417129506873e-01 DELTA_SIGMA2=-1.521693183920546e-01 GRAD_RMS=2.731108e-07 GRAD_MAX=2.613713e-06
RESOLUTION CHI=0.004750000 N=121 L=100.000 DX=1.666666666667 ITER=209 OPT=PASS DELTA_RELAX=-1.036741526769980e-02 MU_FIXED=+3.551651160480132e-03 MU_FULL=-6.815764107219666e-03 SIGMA2_FULL=1.108124501110739e+00 DELTA_SIGMA2=+5.371346976799713e-02 GRAD_RMS=2.270660e-07 GRAD_MAX=2.098591e-06
FULL_COUPLED_RESOLUTION_MU_REL_SPREAD=1.688407669980462e+00
FULL_COUPLED_RESOLUTION_CONVERGENCE=FAIL

=== FULL-COUPLED SELECTED MORPHOLOGY / BACKREACTION ===
NEGATIVE_WALL_MAX=5.912067467521609e-05
POSITIVE_RECOVERY_MIN=9.880885328406238e-01
PHASE_LOCK_RMS=2.110311612900349e-07
F_CHANGE_MAX=2.367361216111091e-02
SIGMA_CHANGE_RMS=2.151426529318047e-04
A_CHANGE_RMS_OVER_F=8.129914752744914e-05
GAUGE_CHANGE_RMS=3.931368664658846e-05
CORE_F=0.000000000000000e+00
CORE_A_OVER_F=3.276345450921596e-01
FULL_COUPLED_WALL_TERMINATION=PASS
FULL_COUPLED_RELATIVE_PHASE_LOCKING=PASS

=== COMPLETE SELECTED LOCAL LINE-STRESS BOOKKEEPING ===
ACTIVE_FULL=+2.202259453439165e+01
ACTIVE_REFERENCE=+2.090178346706326e+01
ACTIVE_RELAXATION_DELTA=+1.120811067328386e+00
FIXED_JUNCTION_ACTIVE=+4.080065924588330e-03
JUNCTION_ACTIVE=+1.124891133252975e+00
DELTA_U=+5.262437597633006e-01
DELTA_TYY=+5.393650100149068e-01
TRANSVERSE_STRESS_SUM=+5.928236347476712e-02
ACTIVE_LINE_017P_PAIR=+4.183642005637672e+01
PAIR_PERTURBATION_FRACTION=+5.377568786894892e-02
FULL_COUPLED_ACTIVE_SOURCE_BUDGET=FAIL

=== FULL-COUPLED COMMON-GRID CHI CONTINUATION ===
FULL_CHI CHI=0.004250000 SIGMA2_FULL=1.294420025554625e+00 A_STRING=1.002552129538907e+01 MU_FULL=-9.765601882930658e-02 A_EFF=9.927865276559768e+00 OPT=FAIL
FULL_CHI CHI=0.004500000 SIGMA2_FULL=1.294525099468168e+00 A_STRING=1.002525776579575e+01 MU_FULL=-9.767279931090321e-02 A_EFF=9.927584966484851e+00 OPT=PASS
FULL_CHI CHI=0.004750000 SIGMA2_FULL=1.294630892898115e+00 A_STRING=1.002499418742876e+01 MU_FULL=-9.768956816696565e-02 A_EFF=9.927304619261799e+00 OPT=FAIL
FULL_COUPLED_DA_EFF_DCHI=-1.121463188474794e+00
FULL_COUPLED_DSIGMA2_DCHI=+4.246127525969925e-01
FULL_COUPLED_VARIATIONAL_RELERR=1.337583595241373e-01
FULL_COUPLED_VARIATIONAL_IDENTITY=FAIL
FULL_COUPLED_CT2=9.987626273680812e-01
FULL_COUPLED_CL2=9.968938702145078e-01
FULL_COUPLED_EOS_HEALTH=PASS
FULL_COUPLED_MIN_M2_TO_M40_DISCRIMINANT=+1.991549728890367e-09
FULL_COUPLED_WORST_MODE=2
FULL_COUPLED_MAX_ROOT_IMAG=0.000000000000000e+00
FULL_COUPLED_M2_TO_M40_STABILITY=PASS

=== FULL-COUPLED MANDATORY JUNCTION STATIONARITY ===
FULL_STATIONARITY JUNCTION_COUNT=1 W_EFF=1.276556477553409e+01 Q_REQ=2.269887243335943e+04 N_REQ=3.424574963940801e+03 N_INT=3425 R_REQ=1.538095820404068e+03 R_OVER_WALL90=19.585065046776 R_OVER_A_CORE=115.357186530305 INTEGER_MISMATCH=1.241135217288932e-04 PASS=YES
FULL_STATIONARITY JUNCTION_COUNT=2 W_EFF=1.286615029039818e+01 Q_REQ=2.287772686014668e+04 N_REQ=3.451558700422154e+03 N_INT=3452 R_REQ=1.550215155719506e+03 R_OVER_WALL90=19.739384411882 R_OVER_A_CORE=116.266136678963 INTEGER_MISMATCH=1.278551565100361e-04 PASS=YES
FULL_COUPLED_ONE_JUNCTION_STATIONARITY=PASS
FULL_COUPLED_TWO_JUNCTION_STATIONARITY=PASS

=== 018A-6B DECISION ===
FULL_COUPLED_ANALYTIC_GRADIENT=PASS
FULL_COUPLED_DOMAIN_CONVERGENCE=FAIL
FULL_COUPLED_DOMAIN_WALL_SLOPE=PASS
FULL_COUPLED_RESOLUTION_CONVERGENCE=FAIL
FULL_COUPLED_WALL_TERMINATION=PASS
FULL_COUPLED_RELATIVE_PHASE_LOCKING=PASS
FULL_COUPLED_CHI_CONTINUATION=FAIL
FULL_COUPLED_VARIATIONAL_IDENTITY=FAIL
FULL_COUPLED_EOS_HEALTH=PASS
FULL_COUPLED_M2_TO_M40_STABILITY=PASS
FULL_COUPLED_ACTIVE_SOURCE_BUDGET=FAIL
FULL_COUPLED_ONE_JUNCTION_STATIONARITY=PASS
FULL_COUPLED_TWO_JUNCTION_STATIONARITY=PASS
018A6B_FULLY_COUPLED_2D_KLS_JUNCTION=RED
FULLY_COUPLED_LOCAL_2D_KLS_JUNCTION=NOT_ESTABLISHED
NEXT=IDENTIFY_FAILED_FULL_COUPLED_CHANNEL_BEFORE_ANY_018A_GRAVITY_PROMOTION
FINITE_PAYLOAD_GRAVITY_WITH_COMPLETE_NEW_SECTOR=NOT_YET_TESTED
POSITIVE_TOTAL_ACTIVE_MASS_WITH_COMPLETE_NEW_SECTOR=NOT_YET_TESTED
FULL_018A_GATE=NOT_YET_GREEN
018B_FULL_FINITE_THICKNESS_DRUM=NOT_YET_AUTHORIZED
PRACTICAL_ANTIGRAVITY_DEVICE=NO
CLAIM_CLASSIFICATION=PROJECT_DERIVED_018A_FULLY_COUPLED_LOCAL_2D_KLS_JUNCTION
