=== ANTIGRAVITY_RESEARCH 018A-6B3 ===
QUESTION=DOES_FINE_CONTINUATION_CLOSE_THE_LOCAL_KLS_JUNCTION_WHILE_MATCHING_THE_VERIFIED_GLOBAL_OUTER_WALL

=== LARGE-DOMAIN OUTER WALL RECONSTRUCTION ===
OUTER_NEGATIVE_WALL_A_OVER_F=6.774397269679197e-05
OUTER_POSITIVE_RECOVERY_A_OVER_F=9.871163248987130e-01
OUTER_PHASE_LOCK_RMS=2.215465726190448e-07
OUTER_GLOBAL_WALL_TERMINATION=PASS

=== REFINED MATCHED RESOLUTION SEQUENCE ===
REFINED_RESOLUTION N=51 L=20.000 DX=0.800000000000 FULL_SOLVER=PASS BASE_SOLVER=PASS KLS_DELTA_E=+5.212404143861704e-06 KLS_DELTA_SIGMA2=+1.092671102689497e-03 ACTIVE_PAIR_FRACTION=1.025840009181467e-03 FULL_GRAD_RMS=2.882828103153254e-08 FULL_GRAD_MAX=1.999223761955937e-07 BASE_GRAD_RMS=3.453355720366223e-08 BASE_GRAD_MAX=1.735103784539227e-07
REFINED_RESOLUTION N=65 L=20.000 DX=0.625000000000 FULL_SOLVER=PASS BASE_SOLVER=PASS KLS_DELTA_E=+1.882496924565658e-06 KLS_DELTA_SIGMA2=+1.086681884197478e-03 ACTIVE_PAIR_FRACTION=1.020914412384471e-03 FULL_GRAD_RMS=2.754203855388034e-08 FULL_GRAD_MAX=1.708325063631833e-07 BASE_GRAD_RMS=3.002401263596197e-08 BASE_GRAD_MAX=4.961021021470530e-07
REFINED_RESOLUTION N=81 L=20.000 DX=0.500000000000 FULL_SOLVER=PASS BASE_SOLVER=PASS KLS_DELTA_E=-2.880403453531244e-07 KLS_DELTA_SIGMA2=+1.087865930678668e-03 ACTIVE_PAIR_FRACTION=1.021811698834052e-03 FULL_GRAD_RMS=1.393418769368613e-07 FULL_GRAD_MAX=9.401791927488024e-07 BASE_GRAD_RMS=1.093397763843068e-07 BASE_GRAD_MAX=5.834064976742437e-07
REFINED_KLS_DELTA_E_RESOLUTION_RANGE=5.500444489214829e-06
REFINED_KLS_DELTA_SIGMA2_RESOLUTION_RANGE=5.989218492019263e-06
REFINED_RESOLUTION_SOLVERS=PASS
REFINED_MATCHED_RESOLUTION_CONVERGENCE=PASS

=== REFINED MATCHED PATCH SEQUENCE ===
REFINED_PATCH N=65 L=16.000 DX=0.500000000000 FULL_SOLVER=PASS BASE_SOLVER=PASS KLS_DELTA_E=+5.194282977072362e-07 KLS_DELTA_SIGMA2=+1.109991122727625e-03
REFINED_PATCH N=81 L=20.000 DX=0.500000000000 FULL_SOLVER=PASS BASE_SOLVER=PASS KLS_DELTA_E=-2.880403453531244e-07 KLS_DELTA_SIGMA2=+1.087865930678668e-03
REFINED_PATCH N=97 L=24.000 DX=0.500000000000 FULL_SOLVER=PASS BASE_SOLVER=PASS KLS_DELTA_E=-9.336794928316294e-07 KLS_DELTA_SIGMA2=+1.070513231539313e-03
REFINED_KLS_DELTA_E_PATCH_RANGE=1.453107790538866e-06
REFINED_KLS_DELTA_SIGMA2_PATCH_RANGE=3.947789118831195e-05
REFINED_PATCH_SOLVERS=PASS
REFINED_MATCHED_PATCH_CONVERGENCE=PASS

=== OUTER + INNER TOPOLOGY MATCH ===
LOCAL_NEGATIVE_A_OVER_F=6.169007325786677e-02
LOCAL_POSITIVE_A_OVER_F=6.515083971821610e-01
LOCAL_NEGATIVE_TO_POSITIVE_RATIO=9.468807082868388e-02
LOCAL_PHASE_LOCK_RMS=1.719525979437277e-03
LOCAL_ONE_SIDED_CONTRAST=PASS
LOCAL_RELATIVE_PHASE_LOCKING=PASS
FINE_CORE_PLUS_GLOBAL_OUTER_TOPOLOGY=PASS
REFINED_SELECTED_ACTIVE_PAIR_FRACTION=1.021811698834052e-03
REFINED_ACTIVE_SOURCE_BUDGET=PASS

=== REFINED COMMON-GRID CHI CONTINUATION ===
REFINED_CHI CHI=0.004250000 MU=+3.647905233768074e-03 A_EFF=1.002916920062284e+01 SIGMA2=1.055108274899648e+00
REFINED_CHI CHI=0.004500000 MU=+3.647647084956920e-03 A_EFF=1.002890541288071e+01 SIGMA2=1.055301860776713e+00
REFINED_CHI CHI=0.004750000 MU=+3.647388807066679e-03 A_EFF=1.002864157623583e+01 SIGMA2=1.055497713226939e+00
REFINED_VARIATIONAL_RELERR=5.052423549789550e-05
REFINED_VARIATIONAL_IDENTITY=PASS
REFINED_CT2=9.990011396460106e-01
REFINED_CL2=9.929580653755123e-01
REFINED_EOS_HEALTH=PASS
REFINED_MIN_M2_TO_M40_DISCRIMINANT=+7.879987981573855e-11
REFINED_WORST_MODE=4
REFINED_MAX_ROOT_IMAG=0.000000000000000e+00
REFINED_M2_TO_M40_STABILITY=PASS
REFINED_GLOBAL_MU_ESTIMATE=+3.522771254323334e-03
REFINED_ONE_JUNCTION_STATIONARITY=PASS
REFINED_TWO_JUNCTION_STATIONARITY=PASS

=== 018A-6B3 DECISION ===
REFINED_RESOLUTION_SOLVERS=PASS
REFINED_PATCH_SOLVERS=PASS
REFINED_MATCHED_RESOLUTION_CONVERGENCE=PASS
REFINED_MATCHED_PATCH_CONVERGENCE=PASS
FINE_CORE_PLUS_GLOBAL_OUTER_TOPOLOGY=PASS
REFINED_ACTIVE_SOURCE_BUDGET=PASS
REFINED_VARIATIONAL_IDENTITY=PASS
REFINED_EOS_HEALTH=PASS
REFINED_M2_TO_M40_STABILITY=PASS
REFINED_ONE_JUNCTION_STATIONARITY=PASS
REFINED_TWO_JUNCTION_STATIONARITY=PASS
018A6B3_FINE_COUPLED_JUNCTION_CLOSEOUT=GREEN
FULLY_COUPLED_LOCAL_2D_KLS_JUNCTION=SUPPORTED_WITH_FINE_CORE_PLUS_MATCHED_GLOBAL_OUTER_SOLUTION
LOCAL_MICROSCOPIC_JUNCTION_ESCALATION=STOP
NEXT=018A7_COMPLETE_MICROSCOPIC_GRAVITY_CLOSEOUT
POSITIVE_TOTAL_ACTIVE_MASS_WITH_COMPLETE_NEW_SECTOR=NOT_YET_TESTED
FINITE_PAYLOAD_GRAVITY_WITH_COMPLETE_NEW_SECTOR=NOT_YET_TESTED
FULL_018A_GATE=NOT_YET_GREEN
018B_FULL_FINITE_THICKNESS_DRUM=NOT_YET_AUTHORIZED
PRACTICAL_ANTIGRAVITY_DEVICE=NO
CLAIM_CLASSIFICATION=PROJECT_DERIVED_018A_FINE_COUPLED_JUNCTION_CLOSEOUT
