=== ANTIGRAVITY_RESEARCH 018A-6B1 ===
QUESTION=IS_THE_018A6B_RESOLUTION_FAILURE_DOMINATED_BY_COMMON_MODE_017P_LATTICE_RELAXATION

=== 017P CORE RESOLUTION AUDIT ===
PHI_R10=0.567044562212
PHI_R90=4.955789524148
PHI_10_TO_90_WIDTH=4.388744961936
SIGMA_CENTER=1.820119623521e-01
SIGMA_R90=2.000453490626
SIGMA_R50=3.788049267874
SIGMA_R10=5.137720350879
SIGMA_90_TO_10_WIDTH=3.137266860253
CORE_RESOLUTION N=81 DX=2.500000000000 PHI_INTERVALS_10_TO_90=1.755498 SIGMA_INTERVALS_90_TO_10=1.254907
CORE_RESOLUTION N=101 DX=2.000000000000 PHI_INTERVALS_10_TO_90=2.194372 SIGMA_INTERVALS_90_TO_10=1.568633
CORE_RESOLUTION N=121 DX=1.666666666667 PHI_INTERVALS_10_TO_90=2.633247 SIGMA_INTERVALS_90_TO_10=1.882360
PRIOR_FULL_COUPLED_CORE_RESOLUTION=UNDERRESOLVED

=== BASE-ONLY ANALYTIC GRADIENT CHECK ===
BASE_GRADIENT_DIRECTIONAL_RELERR=1.219875102097999e-07
BASE_ANALYTIC_GRADIENT=PASS

=== MATCHED RESOLUTION CONTROLS ===
MATCHED_RESOLUTION N=81 DX=2.500000000000 FULL_DELTA_E=-1.013350744771078e-01 BASE_DELTA_E=-1.010244818066894e-01 BASE_OVER_FULL=+0.996934993416 CORRECTED_DELTA_E=-3.105926704183304e-04 MU_FIXED=+3.645506310142113e-03 MU_MATCHED=+3.334913639723783e-03 FULL_DELTA_SIGMA2=+2.402198615553727e-01 BASE_DELTA_SIGMA2=+2.398354942951795e-01 MATCHED_DELTA_SIGMA2=+3.843672601931969e-04 SIGMA2_MATCHED=1.054795398602935e+00 MATCHED_ACTIVE_PAIR_FRACTION=5.519764740699521e-04 BASE_OPT=PASS FULL_GRAD_RMS=3.341542e-07 BASE_GRAD_RMS=1.775792e-07
MATCHED_RESOLUTION N=101 DX=2.000000000000 FULL_DELTA_E=-6.055422088624063e-02 BASE_DELTA_E=-6.082582252249757e-02 BASE_OVER_FULL=+1.004485263492 CORRECTED_DELTA_E=+2.716016362569462e-04 MU_FIXED=+3.592973123868401e-03 MU_MATCHED=+3.864574760125347e-03 FULL_DELTA_SIGMA2=-1.521693183920546e-01 BASE_DELTA_SIGMA2=-1.525907682198958e-01 MATCHED_DELTA_SIGMA2=+4.214498278412027e-04 SIGMA2_MATCHED=1.054832481170583e+00 MATCHED_ACTIVE_PAIR_FRACTION=4.507973200145454e-04 BASE_OPT=PASS FULL_GRAD_RMS=2.731108e-07 BASE_GRAD_RMS=1.856807e-07
MATCHED_RESOLUTION N=121 DX=1.666666666667 FULL_DELTA_E=-1.036741526769980e-02 BASE_DELTA_E=-1.029198489992567e-02 BASE_OVER_FULL=+0.992724284132 CORRECTED_DELTA_E=-7.543036777413192e-05 MU_FIXED=+3.551651160480132e-03 MU_MATCHED=+3.476220792706000e-03 FULL_DELTA_SIGMA2=+5.371346976799713e-02 BASE_DELTA_SIGMA2=+5.268154248983881e-02 MATCHED_DELTA_SIGMA2=+1.031927278158325e-03 SIGMA2_MATCHED=1.055442958620900e+00 MATCHED_ACTIVE_PAIR_FRACTION=1.021777717730289e-03 BASE_OPT=PASS FULL_GRAD_RMS=2.270660e-07 BASE_GRAD_RMS=2.943493e-07
COMMON_MODE_RESIDUAL_RANGE_FRACTION=6.400014155965722e-03
BASE_LATTICE_RELAXATION_EXPLAINS_RESOLUTION_DRIFT=PASS
MATCHED_MU_RESOLUTION_REL_SPREAD=1.488410121093215e-01
MATCHED_SIGMA2_RESOLUTION_REL_SPREAD=6.137872272334399e-04
MATCHED_RESOLUTION_CONVERGENCE=PASS
MATCHED_SELECTED_JUNCTION_ACTIVE=+2.137376090160514e-02
MATCHED_SELECTED_ACTIVE_PAIR_FRACTION=1.021777717730289e-03
MATCHED_ACTIVE_SOURCE_BUDGET=PASS

=== MATCHED COMMON-GRID CHI CONTINUATION ===
MATCHED_CHI CHI=0.004250000 A_EFF_MATCHED=1.002885640061177e+01 SIGMA2_MATCHED=1.054405935901831e+00 RAW_FULL_E=9.707016027645063e+00 RAW_GRID_SIGMA2=1.315732173609457e+00
MATCHED_CHI CHI=0.004500000 A_EFF_MATCHED=1.002859277519340e+01 SIGMA2_MATCHED=1.054600270321820e+00 RAW_FULL_E=9.706687082954437e+00 RAW_GRID_SIGMA2=1.315827050766318e+00
MATCHED_CHI CHI=0.004750000 A_EFF_MATCHED=1.002832910106849e+01 SIGMA2_MATCHED=1.054795398602935e+00 RAW_FULL_E=9.706358114430834e+00 RAW_GRID_SIGMA2=1.315922629102670e+00
MATCHED_DA_DCHI=-1.054793912688448e+00
MATCHED_VARIATIONAL_RELERR=1.408722951157583e-06
MATCHED_VARIATIONAL_IDENTITY=PASS
DISCRETE_DFULL_DCHI=-1.315921760359849e+00
DISCRETE_VARIATIONAL_RELERR=6.601777348888905e-07
DISCRETE_ENVELOPE_VARIATIONAL_IDENTITY=PASS

=== 018A-6B1 DECISION ===
PRIOR_FULL_COUPLED_CORE_RESOLUTION=UNDERRESOLVED
BASE_LATTICE_RELAXATION_EXPLAINS_RESOLUTION_DRIFT=PASS
MATCHED_RESOLUTION_CONVERGENCE=PASS
MATCHED_ACTIVE_SOURCE_BUDGET=PASS
MATCHED_VARIATIONAL_IDENTITY=PASS
DISCRETE_ENVELOPE_VARIATIONAL_IDENTITY=PASS
018A6B1_MATCHED_LATTICE_CONTROL_AUDIT=GREEN
018A6B_RED_INTERPRETATION=DOMINATED_BY_UNDERRESOLVED_COMMON_MODE_LATTICE_RELAXATION
PHYSICAL_KLS_FULL_COUPLING_STATUS=NOT_YET_GREEN_BUT_NOT_FALSIFIED
NEXT=018A6B2_FINE_LOCAL_MULTISCALE_FULL_COUPLED_JUNCTION
FULLY_COUPLED_LOCAL_2D_KLS_JUNCTION=NOT_YET_ESTABLISHED
FINITE_PAYLOAD_GRAVITY_WITH_COMPLETE_NEW_SECTOR=NOT_YET_TESTED
FULL_018A_GATE=NOT_YET_GREEN
018B_FULL_FINITE_THICKNESS_DRUM=NOT_YET_AUTHORIZED
PRACTICAL_ANTIGRAVITY_DEVICE=NO
CLAIM_CLASSIFICATION=PROJECT_DERIVED_018A_FULL_COUPLED_MATCHED_LATTICE_CONTROL_AUDIT
