=== ANTIGRAVITY_RESEARCH 018A-8 ===
QUESTION=DOES_THE_MEASURED_FINITE_THICKNESS_MICROSCOPIC_SOURCE_PRESERVE_FINITE_PAYLOAD_OUTWARD_GRAVITY

=== MICROSCOPIC STATE RECONSTRUCTION ===
WALL_TENSION=5.623876169625573e-04
WALL_F=7.500000000000000e-02
WALL_LAMBDA_A=1.000000000000000e+00
WALL_K=3.750000000000000e-02
WALL_WIDTH90=7.851837277777176e+01
GLOBAL_REDUCED_JUNCTION_ENERGY=+3.522771254323334e-03
MATCHED_DELTA_SIGMA2=+1.087865930678668e-03
MATCHED_JUNCTION_ACTIVE_PER_COPY=+2.137447172547065e-02
OUTER_GLOBAL_WALL_TERMINATION=PASS

=== COMPLETE ENERGY / ACTIVE LINE BOOKKEEPING ===
BASE_ENERGY_LINE_PAIR=4.097821530784438e+01
JUNCTION_PHYSICAL_ENERGY_PER_COPY=+1.431889553278203e-02
COMPLETE_ENERGY_LINE=4.100685309890994e+01
BASE_ACTIVE_LINE_PAIR=4.183642005637672e+01
COMPLETE_ACTIVE_LINE=4.187916899982766e+01
ACTIVE_PERTURBATION_FRACTION=1.021811698834052e-03
COMPLETE_FIELD_MODEL_ENERGY_BOOKKEEPING=PASS

=== TWO-JUNCTION STATIONARITY ===
R_REQUIRED=1.513448573206963e+03
TARGET_H=2.028988645265558e+01
PAYLOAD_RADIUS=5.072471613163896e+00
PAYLOAD_BOTTOM_Z=1.521741483949169e+01
PAYLOAD_TOP_Z=2.536235806581948e+01
R_OVER_WALL_WIDTH90=1.927508836040747e+01
H_OVER_WALL_WIDTH90=2.584094108786673e-01
R_OVER_RIM_CORE=1.135086429905222e+02
INTEGER_MISMATCH=8.968340553943159e-05
RADIAL_EFFECTIVE_STATIONARITY=PASS

=== WALL / PAYLOAD OVERLAP DIAGNOSTIC ===
WALL_ACTIVE_HALF_WIDTH_50=9.663092986478311e+00
WALL_ACTIVE_HALF_WIDTH_80=1.883671457806885e+01
WALL_ACTIVE_HALF_WIDTH_90=2.472610253379981e+01
WALL_ACTIVE_HALF_WIDTH_95=3.016313133564563e+01
WALL_ACTIVE_HALF_WIDTH_99=4.189585610922106e+01
WALL_ACTIVE_VERTICAL_FRACTION_IN_PAYLOAD_Z_BAND=1.012231893684755e-01
SOURCE_FREE_MEAN_VALUE_THEOREM_FOR_COMPLETE_FINITE_WALL=NOT_APPLICABLE_WHERE_WALL_TAIL_OVERLAPS_PAYLOAD
EXACT_OVERLAP_KERNEL_USED_INSTEAD=YES

=== THIN-SOURCE EXACT PAYLOAD-KERNEL CROSS-CHECK ===
THIN_POINT_OUTWARD=+1.749475734920193e+00
THIN_PAYLOAD_EXACT_KERNEL_OUTWARD=+1.749475734920193e+00
THIN_PAYLOAD_KERNEL_IDENTITY_RELERR=5.076826171245191e-16
THIN_PAYLOAD_KERNEL_EXACT_CROSSCHECK=PASS
018A7_LOW_ORDER_DIRECT_QUADRATURE_DISCREPANCY_INTERPRETATION=NUMERICAL_QUADRATURE_ERROR_IF_EXACT_KERNEL_CROSSCHECK_PASSES

=== FINITE-THICKNESS SELECTED GRAVITY ===
RIM_CORE_CASE WIDTH=0.000000000000000e+00 INWARD_FACTOR=3.526734758941218e+00
RIM_CORE_CASE WIDTH=1.333333333333333e+01 INWARD_FACTOR=3.526324205060493e+00
RIM_CORE_CASE WIDTH=2.666666666666667e+01 INWARD_FACTOR=3.525092064928438e+00
FINITE_WALL_POINT_OUTWARD_FACTOR=+4.368860615500945e+00
FINITE_WALL_PAYLOAD_OUTWARD_FACTOR=+4.343131383185686e+00
FINITE_RIM_WORST_INWARD_FACTOR=+3.526734758941218e+00
FINITE_THICKNESS_POINT_NET_OUTWARD=+8.421258565597274e-01
FINITE_THICKNESS_PAYLOAD_NET_OUTWARD=+8.163966242444687e-01
FINITE_WALL_VS_THIN_WALL_POINT_RATIO=8.280300076333572e-01
FINITE_WALL_VS_THIN_WALL_PAYLOAD_RATIO=8.231535470855399e-01
FINITE_THICKNESS_POINT_OUTWARD=PASS
FINITE_THICKNESS_PAYLOAD_OUTWARD=PASS
FINITE_RIM_CORE_ENVELOPE=PASS

=== FINITE-THICKNESS ACTIVE MASS + KERNEL LEVERAGE ===
POSITIVE_ACTIVE_MAGNITUDE=3.982406536584038e+05
NEGATIVE_ACTIVE_MAGNITUDE=4.046885889922940e+03
TOTAL_ACTIVE_MASS=+3.941937677684809e+05
Q_PLUS_OVER_Q_MINUS=9.840669208144811e+01
FINITE_THICKNESS_KAPPA_MINUS_OVER_KAPPA_PLUS=1.211866561869648e+02
FINITE_THICKNESS_KERNEL_LEVERAGE_MARGIN=1.231487957004616e+00
POSITIVE_TOTAL_ACTIVE_MASS=PASS
FINITE_THICKNESS_KERNEL_LEVERAGE=PASS

=== FINITE-THICKNESS ENERGY SCALING ===
TOTAL_ENERGY_PER_R=2.603276069360138e+02
FINITE_THICKNESS_EFFECTIVE_C_PAYLOAD=1.774169582609975e+06
ONE_G_ONE_M_MASS_EQUIVALENT_KG=2.606814218315347e+17
ONE_G_ONE_M_ENERGY_EQUIVALENT_J=2.342887778715687e+34
PRACTICAL_ENERGY_SCALING=FAIL_CATASTROPHIC

=== RIM HEALTH ===
CT2=9.990011396460106e-01
CL2=9.929580653755123e-01
VARIATIONAL_RELERR=5.052423549789550e-05
MIN_M2_TO_M40_DISCRIMINANT=+7.879987981573855e-11
WORST_MODE=4
MAX_ROOT_IMAG=0.000000000000000e+00
RIM_HEALTH_PREFLIGHT=PASS

=== 2187-CASE FINITE-THICKNESS ROBUSTNESS ENVELOPE ===
FINITE_THICKNESS_ENVELOPE_TOTAL=2187
FINITE_THICKNESS_ENVELOPE_PASSING=2187
FINITE_THICKNESS_ENVELOPE_PASS_FRACTION=1.000000000000000
FINITE_THICKNESS_ENVELOPE_MIN_PAYLOAD_OUTWARD=+3.389736795293055e-01
FINITE_THICKNESS_ENVELOPE_MIN_POINT_OUTWARD=+3.635788820796058e-01
FINITE_THICKNESS_ENVELOPE_MIN_ACTIVE_MASS_PER_R=+2.473027936072772e+02
FINITE_THICKNESS_ENVELOPE_MIN_LEVERAGE_MARGIN=1.087181950307107e+00
FINITE_THICKNESS_ENVELOPE_MIN_SCALE_SEPARATION=1.743214774530539e+01
FINITE_THICKNESS_ENVELOPE_MAX_INTEGER_MISMATCH=1.358561076320193e-04
FINITE_THICKNESS_WORST_CASE={'sigma_factor': 1.05, 'k_factor': 0.95, 'mu_factor': 1.05, 'base_active_factor': 1.05, 'endpoint_factor': 1.05, 'q_factor': 0.95, 'x_factor': 1.05, 'payload_outward': 0.33897367952930546, 'point_outward': 0.36357888207960576, 'radius': 1440.7830262979812, 'h': 20.28148874710854}
FINITE_THICKNESS_SOURCE_ENVELOPE=PASS

=== NONLINEAR-GR READINESS DIAGNOSTIC ===
ONE_G_ONE_M_SOURCE_RADIUS_M=7.459127860268927e+01
GM_OVER_RC2_AT_ONE_G_ONE_M=2.595292712455141e-12
TWO_GM_OVER_RC2_AT_ONE_G_ONE_M=5.190585424910282e-12
LOW_COMPACTNESS_NONLINEAR_CONTINUATION_EXPECTATION=PERTURBATIVE
NONLINEAR_EINSTEIN_MATTER_SOLVED_BY_THIS_RUN=NO

=== 018A-8 DECISION ===
ZERO_TEMPERATURE_NONTHERMAL_MODEL=YES
TOPOLOGY_CONSISTENT_WALL_ENDING_ON_RIM=YES
FINITE_WALL_TENSION=YES
FINITE_WALL_THICKNESS=YES
FINITE_REQUIRED_Q_AND_N=YES
INTEGER_WINDING_COMPATIBLE=YES
LOCALIZED_COMPOSITE_SCALE_HIERARCHY=YES
MANDATORY_SUPPORT_ENERGY_INCLUDED=YES_AT_DECLARED_ZERO_T_FIELD_MODEL_LEVEL
POSITIVE_TOTAL_ACTIVE_MASS=YES
FINITE_PAYLOAD_OUTWARD_ACCELERATION=YES
FINITE_THICKNESS_GRAVITY_INCLUDED=YES
FINITE_RIM_CORE_ENVELOPE=PASS
RIM_HEALTH_PREFLIGHT=PASS
RADIAL_EFFECTIVE_STATIONARITY=PASS
ROBUST_PARAMETER_NEIGHBORHOOD=YES
018A8_FINITE_THICKNESS_PAYLOAD_CLOSEOUT=GREEN
FULL_018A_GATE=GREEN
018A_PROMOTION=NONTHERMAL_TOPOLOGY_CONSISTENT_MICROSCOPIC_COMPOSITE_PRESERVES_FINITE_THICKNESS_FINITE_PAYLOAD_OUTWARD_LINEARIZED_GRAVITY
018B_AUTHORIZED=YES
NEXT=018B_FULL_TOROIDAL_2D_COUPLED_FINITE_THICKNESS_EULER_LAGRANGE_SOLVE
CURRENT_HEURISTIC_IF_ACCEPTED=APPROXIMATELY_66_PERCENT_NOT_A_PROBABILITY
SHORTEST_PATH_TO_80_PERCENT=018B_FULL_FIELD_THEN_018C_FULL_STABILITY_THEN_018D_STATIONARY_GR_THEN_018E_NONLINEAR_EINSTEIN_MATTER
EIGHTY_PERCENT_REACHED_BY_THIS_RUN=NO
018B_FULL_FINITE_THICKNESS_FIELD_SOLUTION=NOT_YET_SOLVED
018C_FULL_COMPOSITE_STABILITY=NOT_YET_SOLVED
018E_NONLINEAR_EINSTEIN_MATTER=NOT_YET_SOLVED
PRACTICAL_ENERGY_SCALING=CATASTROPHIC_CURRENTLY
PRACTICAL_ANTIGRAVITY_DEVICE=NO
NEW_PHYSICS_DISCOVERY=NO
CLAIM_CLASSIFICATION=PROJECT_DERIVED_018A_FINITE_THICKNESS_PAYLOAD_KERNEL_CLOSEOUT
