=== ANTIGRAVITY_RESEARCH 018A-7 ===
QUESTION=DOES_COMPLETE_MICROSCOPIC_WALL_RIM_JUNCTION_BOOKKEEPING_PRESERVE_POSITIVE_FAR_MASS_AND_FINITE_PAYLOAD_OUTWARD_GRAVITY

=== MICROSCOPIC INPUT RECONSTRUCTION ===
WALL_TENSION=5.623876169625573e-04
GLOBAL_REDUCED_JUNCTION_ENERGY=+3.522771254323334e-03
MATCHED_DELTA_SIGMA2=+1.087865930678668e-03
SIGMA2_BACKGROUND=1.054411031342742e+00
SIGMA2_MATCHED=1.055498897273421e+00
A_STRING=1.002499418742876e+01
MATCHED_JUNCTION_ACTIVE_PER_COPY=+2.137447172547065e-02
OUTER_GLOBAL_WALL_TERMINATION=PASS

=== COMPLETE FIELD-MODEL ENERGY / STRESS BOOKKEEPING ===
RIM_BASE_PHYSICAL_ENERGY_LINE_PAIR=4.097821530784438e+01
JUNCTION_PHYSICAL_ENERGY_PER_COPY=+1.431889553278203e-02
COMPLETE_PHYSICAL_ENERGY_LINE=4.100685309890994e+01
RIM_BASE_ACTIVE_LINE_PAIR=4.183642005637672e+01
COMPLETE_ACTIVE_LINE=4.187916899982766e+01
JUNCTION_ACTIVE_PERTURBATION_FRACTION=1.021811698834052e-03
MICROSCOPIC_WALL_ENERGY=INCLUDED
MICROSCOPIC_WALL_STRESS=INCLUDED
017P_RIM_ENERGY_AND_STRESS=INCLUDED
JUNCTION_ENERGY_AND_STRESS=INCLUDED
MANDATORY_GAUGE_FIELD_ENERGY=INCLUDED_IN_017P_A_STRING_AND_FULLY_RELAXED_JUNCTION
MANDATORY_BACKGROUND_OR_BIAS_ENERGY=NO_ADDITIONAL_EXTENSIVE_ZERO_T_BACKGROUND_REQUIRED_IN_DECLARED_MODEL
COMPLETE_FIELD_MODEL_ENERGY_BOOKKEEPING=PASS

=== CONSERVATIVE TWO-JUNCTION STATIONARITY ===
JUNCTION_COUNT=2
Q_REQUIRED=2.233513389864735e+04
N_REQUIRED=3.369697794026193e+03
N_INTEGER=3370
INTEGER_MISMATCH=8.968340553943159e-05
R_REQUIRED=1.513448573206963e+03
TARGET_H=2.028988645265558e+01
R_OVER_WALL90=19.271223780728
R_OVER_A_CORE=113.508642990522
RADIAL_EFFECTIVE_STATIONARITY=PASS

=== TOTAL ACTIVE MASS + KERNEL LEVERAGE ===
POSITIVE_ACTIVE_MAGNITUDE=3.982406536584038e+05
NEGATIVE_ACTIVE_MAGNITUDE=4.046885889922940e+03
TOTAL_ACTIVE_MASS=+3.941937677684809e+05
POSITIVE_ACTIVE_WEIGHTED_MOMENT=3.526734758933586e+00
NEGATIVE_ACTIVE_WEIGHTED_MOMENT=5.276210493853780e+00
Q_PLUS_OVER_Q_MINUS=9.840669208144810e+01
KAPPA_MINUS_OVER_KAPPA_PLUS=1.472224187289248e+02
KERNEL_LEVERAGE_MARGIN=1.496061046408038e+00
POSITIVE_TOTAL_ACTIVE_MASS=PASS
KERNEL_LEVERAGE_CONDITION=PASS

=== POINT GRAVITY INDEPENDENT RECONSTRUCTION ===
WALL_OUTWARD_FACTOR=+5.276210493853780e+00
RIM_INWARD_FACTOR=+3.526734758933586e+00
POINT_OUTWARD_ANALYTIC=+1.749475734920193e+00
POINT_OUTWARD_GAUSS=+1.749475734918050e+00
POINT_OUTWARD_ADAPTIVE=+1.749475734920193e+00
GAUSS_VS_ANALYTIC_RELERR=1.225038155121464e-12
ADAPTIVE_VS_ANALYTIC_RELERR=5.076826171245191e-16
POINT_OUTWARD_ACCELERATION=PASS
DIRECT_GRAVITY_RECONSTRUCTION=PASS

=== FINITE-PAYLOAD CM GRAVITY ===
PAYLOAD_RADIUS_OVER_R=3.351598265685000e-03
PAYLOAD_RADIUS_OVER_H=0.250000000000
FINITE_PAYLOAD_CM_OUTWARD_MEAN_VALUE=+1.749475734920193e+00
FINITE_PAYLOAD_CM_OUTWARD_DIRECT=+1.750662241715237e+00
PAYLOAD_DIRECT_VS_MEAN_VALUE_RELERR=6.782070601839593e-04
FINITE_PAYLOAD_OUTWARD_ACCELERATION=FAIL

=== NONTHERMAL MODEL ENERGY COEFFICIENT ===
RIM_BASE_ENERGY_PER_R=2.574737203366894e+02
JUNCTION_ENERGY_PER_R=1.799365480532309e-01
WALL_ENERGY_PER_R=2.673950051271105e+00
TOTAL_ENERGY_PER_R=2.603276069360138e+02
EFFECTIVE_C_PAYLOAD=8.279200615183586e+05
C_EFF_LESS_THAN_1E3=NO
ONE_G_ONE_M_MASS_EQUIVALENT_KG=1.216475476273019e+17
ONE_G_ONE_M_ENERGY_EQUIVALENT_J=1.093313634106713e+34

=== RIM HEALTH PREFLIGHT ===
CT2=9.990011261268453e-01
CL2=9.929580653755123e-01
VARIATIONAL_RELERR=5.052423549789550e-05
MIN_M2_TO_M40_DISCRIMINANT=+7.858229345014678e-11
WORST_MODE=4
MAX_ROOT_IMAG=0.000000000000000e+00
RIM_HEALTH_PREFLIGHT=PASS

=== PLUS/MINUS 5 PERCENT THIN-GRAVITY SOURCE ENVELOPE ===
SOURCE_ENVELOPE_TOTAL=2187
SOURCE_ENVELOPE_PASSING=2187
SOURCE_ENVELOPE_PASS_FRACTION=1.000000000000000
SOURCE_ENVELOPE_MIN_OUTWARD_FACTOR=+1.382326791354616e+00
SOURCE_ENVELOPE_MIN_ACTIVE_MASS_PER_R=+2.473027936072772e+02
SOURCE_ENVELOPE_MIN_SCALE_SEPARATION=1.834595017683876e+01
SOURCE_ENVELOPE_MIN_LEVERAGE_MARGIN=1.355525968267957e+00
SOURCE_ENVELOPE_MAX_INTEGER_MISMATCH=1.358561076320193e-04
SOURCE_ENVELOPE_MAX_C=9.974291871389078e+05
SOURCE_LEVEL_ENVELOPE_NOT_FULL_FIELD_RESOLVE=YES
THIN_GRAVITY_SOURCE_ENVELOPE=PASS
PRIOR_MICROSCOPIC_PARAMETER_ROBUSTNESS=PASS_FROM_018A4_018A5
ROBUST_PARAMETER_NEIGHBORHOOD=PASS_AT_018A_PREFLIGHT_LEVEL

=== 018A-7 DECISION ===
ZERO_TEMPERATURE_NONTHERMAL_MODEL=YES
TOPOLOGY_CONSISTENT_WALL_ENDING_ON_RIM=YES
FINITE_WALL_TENSION=YES
FINITE_WALL_THICKNESS=YES
FINITE_REQUIRED_Q_AND_N=YES
INTEGER_WINDING_COMPATIBLE=YES
LOCALIZED_COMPOSITE_SCALE_HIERARCHY=YES
MANDATORY_SUPPORT_ENERGY_INCLUDED=YES_AT_DECLARED_ZERO_T_FIELD_MODEL_LEVEL
POSITIVE_TOTAL_ACTIVE_MASS=YES
FINITE_PAYLOAD_OUTWARD_ACCELERATION=NO
RIM_HEALTH_PREFLIGHT=PASS
RADIAL_EFFECTIVE_STATIONARITY=PASS
ROBUST_PARAMETER_NEIGHBORHOOD=YES
018A_COMPLETE_MICROSCOPIC_GRAVITY_CLOSEOUT=RED
FULL_018A_GATE=NOT_GREEN
018A_PROMOTION=NO
NEXT=IDENTIFY_FAILED_018A_GRAVITY_CHANNEL_BEFORE_ANY_018B_ESCALATION
018B_FULL_FINITE_THICKNESS_FIELD_SOLUTION=NOT_YET_SOLVED
FULL_DYNAMIC_STABILITY=NOT_YET_ESTABLISHED
NONLINEAR_EINSTEIN_MATTER=NOT_YET_ESTABLISHED
PRACTICAL_ENERGY_SCALING=NOT_SOLVED
PRACTICAL_ANTIGRAVITY_DEVICE=NO
NEW_PHYSICS_DISCOVERY=NO
CLAIM_CLASSIFICATION=PROJECT_DERIVED_018A_COMPLETE_MICROSCOPIC_THIN_GRAVITY_CLOSEOUT
