=== ANTIGRAVITY_RESEARCH 018A-4 ===
QUESTION=CAN_A_SAME_GAUGE_U1_TO_Z2_TO_1_DISCRETE_REMNANT_WALL_BE_EMBEDDED_IN_017P

=== EXACT CHARGE / HOLONOMY TOPOLOGY ===
Q_PHI=2
Q_A=1
G_017P=1.414213562373095e-01
G_X=7.071067811865475e-02
Q_PHI_TIMES_G_X=1.414213562373095e-01
LOCAL_017P_PHI_GAUGE_COUPLING_PRESERVED=YES
UNIT_PHI_REDUCED_FLUX_HOLONOMY=5.000000000000000e-01
SMOOTH_A_REQUIRED_WINDING=5.000000000000000e-01
A_WILSON_PHASE_AROUND_UNIT_PHI_STRING=3.141592653589793e+00
A_WILSON_FACTOR=-1.0
ASYMPTOTIC_SMOOTH_A_WITHOUT_WALL=NO
REQUIRED_BRANCH_PHASE_JUMP=3.141592653589793e+00
ONE_Z2_BRANCH_SHEET_PER_MINIMAL_STRING_SUFFICES=YES
SAME_GAUGE_DISCRETE_REMNANT_TOPOLOGY=PASS
COMMON_PHASE=GAUGED
RELATIVE_PHASE=TRILINEAR_LOCKED
MANDATORY_GLOBAL_STRING_LOG_TAIL=ABSENT_IN_THIS_LOCAL_MODEL

=== SELECTED MODEL POINT ===
SELECTED F=0.075000000 H=0.010000000 LAMBDA_A=1.000000000 HESSIAN_MIN=1.124547481059e-02 VAC_E=-2.710505e-20 VAC_DIST=1.174291e-11 M_DELTA=2.001405756e-01 SIGMA_TRIAL=4.496839270691e-03 DELTA_W=4.996488079 Q_REQ=2816.418043495 N_REQ=424.912503829 N_INT=425 R_REQ=190.842996009 R_OVER_WALL=38.195427070 R_OVER_CORE=14.313224701 GAUGE_M2_SHIFT=1.406250000e-03 VEV_HIERARCHY=13.333333333 LINE_BUDGET_OVER_PI_F2=48.563635561 PASS=YES
SELECTED_FIXED_AMPLITUDE_WALL_TENSION_STATUS=TRIAL_PATH_ESTIMATE_NOT_FINAL_RELAXED_TENSION
SELECTED_EXTRA_LINE_ENERGY_BUDGET=8.581902789898934e-01
SELECTED_NEW_STRING_JUNCTION_LINE_ENERGY=NOT_YET_SOLVED

=== PHYSICALLY MOTIVATED COARSE SCAN ===
SCAN F=0.050000000 H=0.002500000 LAMBDA_A=1.000000000 HESSIAN_MIN=4.999874687510e-03 VAC_E=-3.388132e-21 VAC_DIST=1.824579e-11 M_DELTA=1.000312451e-01 SIGMA_TRIAL=9.996876464081e-04 DELTA_W=9.996876464 Q_REQ=12668.936448475 N_REQ=1911.360254065 N_INT=1911 R_REQ=858.458421561 R_OVER_WALL=85.872664791 R_OVER_CORE=42.922921078 GAUGE_M2_SHIFT=6.250000000e-04 VEV_HIERARCHY=20.000000000 LINE_BUDGET_OVER_PI_F2=109.268180012 PASS=YES
SCAN F=0.050000000 H=0.005000000 LAMBDA_A=1.000000000 HESSIAN_MIN=4.999498753274e-03 VAC_E=-3.388132e-21 VAC_DIST=4.173608e-11 M_DELTA=1.414655435e-01 SIGMA_TRIAL=1.413771827687e-03 DELTA_W=7.068859138 Q_REQ=8958.290873138 N_REQ=1351.535796939 N_INT=1352 R_REQ=607.021771253 R_OVER_WALL=85.872664791 R_OVER_CORE=30.351088563 GAUGE_M2_SHIFT=6.250000000e-04 VEV_HIERARCHY=20.000000000 LINE_BUDGET_OVER_PI_F2=109.268180012 PASS=YES
SCAN F=0.050000000 H=0.010000000 LAMBDA_A=1.000000000 HESSIAN_MIN=4.997995039733e-03 VAC_E=-1.355253e-20 VAC_DIST=2.120244e-11 M_DELTA=2.000624902e-01 SIGMA_TRIAL=1.999375292816e-03 DELTA_W=4.998438232 Q_REQ=6334.468224237 N_REQ=955.680127032 N_INT=956 R_REQ=429.229210781 R_OVER_WALL=85.872664791 R_OVER_CORE=21.461460539 GAUGE_M2_SHIFT=6.250000000e-04 VEV_HIERARCHY=20.000000000 LINE_BUDGET_OVER_PI_F2=109.268180012 PASS=YES
SCAN F=0.050000000 H=0.020000000 LAMBDA_A=1.000000000 HESSIAN_MIN=4.991980384098e-03 VAC_E=-2.710505e-20 VAC_DIST=5.751082e-11 M_DELTA=2.829310870e-01 SIGMA_TRIAL=2.827543655374e-03 DELTA_W=3.534429569 Q_REQ=4479.145436569 N_REQ=675.767898470 N_INT=676 R_REQ=303.510885626 R_OVER_WALL=85.872664791 R_OVER_CORE=15.175544281 GAUGE_M2_SHIFT=6.250000000e-04 VEV_HIERARCHY=20.000000000 LINE_BUDGET_OVER_PI_F2=109.268180012 PASS=YES
SCAN F=0.050000000 H=0.040000000 LAMBDA_A=1.000000000 HESSIAN_MIN=4.967923530924e-03 VAC_E=-8.131516e-20 VAC_DIST=8.684518e-11 M_DELTA=4.001249805e-01 SIGMA_TRIAL=3.998750585632e-03 DELTA_W=2.499219116 Q_REQ=3167.234112119 N_REQ=477.840063516 N_INT=478 R_REQ=214.614605390 R_OVER_WALL=85.872664791 R_OVER_CORE=10.730730270 GAUGE_M2_SHIFT=6.250000000e-04 VEV_HIERARCHY=20.000000000 LINE_BUDGET_OVER_PI_F2=109.268180012 PASS=YES
SCAN F=0.050000000 H=0.080000000 LAMBDA_A=1.000000000 HESSIAN_MIN=4.871713169044e-03 VAC_E=-5.421011e-20 VAC_DIST=1.997746e-10 M_DELTA=5.658621740e-01 SIGMA_TRIAL=5.655087310749e-03 DELTA_W=1.767214785 Q_REQ=2239.572718285 N_REQ=337.883949235 N_INT=338 R_REQ=151.755442813 R_OVER_WALL=85.872664791 R_OVER_CORE=7.587772141 GAUGE_M2_SHIFT=6.250000000e-04 VEV_HIERARCHY=20.000000000 LINE_BUDGET_OVER_PI_F2=109.268180012 PASS=NO
SCAN F=0.075000000 H=0.002500000 LAMBDA_A=1.000000000 HESSIAN_MIN=1.124971716306e-02 VAC_E=-6.776264e-21 VAC_DIST=2.237912e-12 M_DELTA=1.000702878e-01 SIGMA_TRIAL=2.248419635346e-03 DELTA_W=9.992976157 Q_REQ=5632.836086989 N_REQ=849.825007657 N_INT=850 R_REQ=381.685992018 R_OVER_WALL=38.195427070 R_OVER_CORE=28.626449401 GAUGE_M2_SHIFT=1.406250000e-03 VEV_HIERARCHY=13.333333333 LINE_BUDGET_OVER_PI_F2=48.563635561 PASS=YES
SCAN F=0.075000000 H=0.005000000 LAMBDA_A=1.000000000 HESSIAN_MIN=1.124886866872e-02 VAC_E=-6.776264e-21 VAC_DIST=5.672308e-11 M_DELTA=1.415207582e-01 SIGMA_TRIAL=3.179745542212e-03 DELTA_W=7.066101205 Q_REQ=3983.016594422 N_REQ=600.917025736 N_INT=601 R_REQ=269.892753240 R_OVER_WALL=38.195427070 R_OVER_CORE=20.241956493 GAUGE_M2_SHIFT=1.406250000e-03 VEV_HIERARCHY=13.333333333 LINE_BUDGET_OVER_PI_F2=48.563635561 PASS=YES
SCAN F=0.075000000 H=0.010000000 LAMBDA_A=1.000000000 HESSIAN_MIN=1.124547481059e-02 VAC_E=-2.710505e-20 VAC_DIST=1.174291e-11 M_DELTA=2.001405756e-01 SIGMA_TRIAL=4.496839270691e-03 DELTA_W=4.996488079 Q_REQ=2816.418043495 N_REQ=424.912503829 N_INT=425 R_REQ=190.842996009 R_OVER_WALL=38.195427070 R_OVER_CORE=14.313224701 GAUGE_M2_SHIFT=1.406250000e-03 VEV_HIERARCHY=13.333333333 LINE_BUDGET_OVER_PI_F2=48.563635561 PASS=YES
SCAN F=0.075000000 H=0.020000000 LAMBDA_A=1.000000000 HESSIAN_MIN=1.123190038970e-02 VAC_E=+2.710505e-20 VAC_DIST=0.000000e+00 M_DELTA=2.830415164e-01 SIGMA_TRIAL=6.359491084424e-03 DELTA_W=3.533050602 Q_REQ=1991.508297211 N_REQ=300.458512868 N_INT=300 R_REQ=134.946376620 R_OVER_WALL=38.195427070 R_OVER_CORE=10.120978246 GAUGE_M2_SHIFT=1.406250000e-03 VEV_HIERARCHY=13.333333333 LINE_BUDGET_OVER_PI_F2=48.563635561 PASS=YES
SCAN F=0.075000000 H=0.040000000 LAMBDA_A=1.000000000 HESSIAN_MIN=1.117761172334e-02 VAC_E=-5.421011e-20 VAC_DIST=1.219620e-11 M_DELTA=4.002811512e-01 SIGMA_TRIAL=8.993678541383e-03 DELTA_W=2.498244039 Q_REQ=1408.209021747 N_REQ=212.456251914 N_INT=212 R_REQ=95.421498005 R_OVER_WALL=38.195427070 R_OVER_CORE=7.156612350 GAUGE_M2_SHIFT=1.406250000e-03 VEV_HIERARCHY=13.333333333 LINE_BUDGET_OVER_PI_F2=48.563635561 PASS=NO
SCAN F=0.075000000 H=0.080000000 LAMBDA_A=1.000000000 HESSIAN_MIN=1.096054395738e-02 VAC_E=-1.084202e-19 VAC_DIST=1.888273e-11 M_DELTA=5.660830328e-01 SIGMA_TRIAL=1.271898216885e-02 DELTA_W=1.766525301 Q_REQ=995.754148606 N_REQ=150.229256434 N_INT=150 R_REQ=67.473188310 R_OVER_WALL=38.195427070 R_OVER_CORE=5.060489123 GAUGE_M2_SHIFT=1.406250000e-03 VEV_HIERARCHY=13.333333333 LINE_BUDGET_OVER_PI_F2=48.563635561 PASS=NO
SCAN F=0.100000000 H=0.002500000 LAMBDA_A=1.000000000 HESSIAN_MIN=1.999949496238e-02 VAC_E=-1.355253e-20 VAC_DIST=5.737192e-11 M_DELTA=1.001249220e-01 SIGMA_TRIAL=3.995009355511e-03 DELTA_W=9.987523389 Q_REQ=3170.200150645 N_REQ=478.287549236 N_INT=478 R_REQ=214.815586804 R_OVER_WALL=21.508393867 R_OVER_CORE=21.481558680 GAUGE_M2_SHIFT=2.500000000e-03 VEV_HIERARCHY=10.000000000 LINE_BUDGET_OVER_PI_F2=27.317045003 PASS=YES
SCAN F=0.100000000 H=0.005000000 LAMBDA_A=1.000000000 HESSIAN_MIN=1.999797990207e-02 VAC_E=-1.355253e-20 VAC_DIST=5.681881e-11 M_DELTA=1.415980226e-01 SIGMA_TRIAL=5.649796412372e-03 DELTA_W=7.062245515 Q_REQ=2241.670024240 N_REQ=338.200369422 N_INT=338 R_REQ=151.897558133 R_OVER_WALL=21.508393867 R_OVER_CORE=15.189755813 GAUGE_M2_SHIFT=2.500000000e-03 VEV_HIERARCHY=10.000000000 LINE_BUDGET_OVER_PI_F2=27.317045003 PASS=YES
SCAN F=0.100000000 H=0.010000000 LAMBDA_A=1.000000000 HESSIAN_MIN=1.999192004105e-02 VAC_E=-2.710505e-20 VAC_DIST=2.002928e-10 M_DELTA=2.002498439e-01 SIGMA_TRIAL=7.990018711023e-03 DELTA_W=4.993761694 Q_REQ=1585.100075322 N_REQ=239.143774618 N_INT=239 R_REQ=107.407793402 R_OVER_WALL=21.508393867 R_OVER_CORE=10.740779340 GAUGE_M2_SHIFT=2.500000000e-03 VEV_HIERARCHY=10.000000000 LINE_BUDGET_OVER_PI_F2=27.317045003 PASS=YES
SCAN F=0.100000000 H=0.020000000 LAMBDA_A=1.000000000 HESSIAN_MIN=1.996768382364e-02 VAC_E=-1.626303e-19 VAC_DIST=6.309657e-11 M_DELTA=2.831960452e-01 SIGMA_TRIAL=1.129959282474e-02 DELTA_W=3.531122758 Q_REQ=1120.835012120 N_REQ=169.100184711 N_INT=169 R_REQ=75.948779067 R_OVER_WALL=21.508393867 R_OVER_CORE=7.594877907 GAUGE_M2_SHIFT=2.500000000e-03 VEV_HIERARCHY=10.000000000 LINE_BUDGET_OVER_PI_F2=27.317045003 PASS=NO
SCAN F=0.100000000 H=0.040000000 LAMBDA_A=1.000000000 HESSIAN_MIN=1.987076772061e-02 VAC_E=-1.084202e-19 VAC_DIST=2.015113e-12 M_DELTA=4.004996879e-01 SIGMA_TRIAL=1.598003742205e-02 DELTA_W=2.496880847 Q_REQ=792.550037661 N_REQ=119.571887309 N_INT=120 R_REQ=53.703896701 R_OVER_WALL=21.508393867 R_OVER_CORE=5.370389670 GAUGE_M2_SHIFT=2.500000000e-03 VEV_HIERARCHY=10.000000000 LINE_BUDGET_OVER_PI_F2=27.317045003 PASS=NO
SCAN F=0.100000000 H=0.080000000 LAMBDA_A=1.000000000 HESSIAN_MIN=1.948338054888e-02 VAC_E=-6.505213e-19 VAC_DIST=2.839803e-10 M_DELTA=5.663920903e-01 SIGMA_TRIAL=2.259918564949e-02 DELTA_W=1.765561379 Q_REQ=560.417506060 N_REQ=84.550092356 N_INT=85 R_REQ=37.974389533 R_OVER_WALL=21.508393867 R_OVER_CORE=3.797438953 GAUGE_M2_SHIFT=2.500000000e-03 VEV_HIERARCHY=10.000000000 LINE_BUDGET_OVER_PI_F2=27.317045003 PASS=NO
SCAN F=0.125000000 H=0.002500000 LAMBDA_A=1.000000000 HESSIAN_MIN=3.124920638102e-02 VAC_E=-1.355253e-20 VAC_DIST=1.340901e-11 M_DELTA=1.001951221e-01 SIGMA_TRIAL=6.237828615518e-03 DELTA_W=9.980525785 Q_REQ=2030.350630212 N_REQ=306.318648940 N_INT=306 R_REQ=137.578367712 R_OVER_WALL=13.784681356 R_OVER_CORE=17.197295964 GAUGE_M2_SHIFT=3.906250000e-03 VEV_HIERARCHY=8.000000000 LINE_BUDGET_OVER_PI_F2=17.482908802 PASS=YES
SCAN F=0.125000000 H=0.005000000 LAMBDA_A=1.000000000 HESSIAN_MIN=3.124682565388e-02 VAC_E=-2.710505e-20 VAC_DIST=5.658263e-11 M_DELTA=1.416973006e-01 SIGMA_TRIAL=8.821621827825e-03 DELTA_W=7.057297462 Q_REQ=1435.674698809 N_REQ=216.599993869 N_INT=217 R_REQ=97.282596754 R_OVER_WALL=13.784681356 R_OVER_CORE=12.160324594 GAUGE_M2_SHIFT=3.906250000e-03 VEV_HIERARCHY=8.000000000 LINE_BUDGET_OVER_PI_F2=17.482908802 PASS=YES
SCAN F=0.125000000 H=0.010000000 LAMBDA_A=1.000000000 HESSIAN_MIN=3.123730368447e-02 VAC_E=-5.421011e-20 VAC_DIST=2.496534e-12 M_DELTA=2.003902443e-01 SIGMA_TRIAL=1.247565723104e-02 DELTA_W=4.990262892 Q_REQ=1015.175315106 N_REQ=153.159324470 N_INT=153 R_REQ=68.789183856 R_OVER_WALL=13.784681356 R_OVER_CORE=8.598647982 GAUGE_M2_SHIFT=3.906250000e-03 VEV_HIERARCHY=8.000000000 LINE_BUDGET_OVER_PI_F2=17.482908802 PASS=NO
SCAN F=0.125000000 H=0.020000000 LAMBDA_A=1.000000000 HESSIAN_MIN=3.119922377822e-02 VAC_E=-1.084202e-19 VAC_DIST=5.892988e-11 M_DELTA=2.833946012e-01 SIGMA_TRIAL=1.764324365565e-02 DELTA_W=3.528648731 Q_REQ=717.837349405 N_REQ=108.299996935 N_INT=108 R_REQ=48.641298377 R_OVER_WALL=13.784681356 R_OVER_CORE=6.080162297 GAUGE_M2_SHIFT=3.906250000e-03 VEV_HIERARCHY=8.000000000 LINE_BUDGET_OVER_PI_F2=17.482908802 PASS=NO
SCAN F=0.125000000 H=0.040000000 LAMBDA_A=1.000000000 HESSIAN_MIN=3.104697523810e-02 VAC_E=-2.168404e-19 VAC_DIST=1.718823e-13 M_DELTA=4.007804885e-01 SIGMA_TRIAL=2.495131446207e-02 DELTA_W=2.495131446 Q_REQ=507.587657553 N_REQ=76.579662235 N_INT=77 R_REQ=34.394591928 R_OVER_WALL=13.784681356 R_OVER_CORE=4.299323991 GAUGE_M2_SHIFT=3.906250000e-03 VEV_HIERARCHY=8.000000000 LINE_BUDGET_OVER_PI_F2=17.482908802 PASS=NO
SCAN F=0.125000000 H=0.080000000 LAMBDA_A=1.000000000 HESSIAN_MIN=3.043866620800e-02 VAC_E=+0.000000e+00 VAC_DIST=0.000000e+00 M_DELTA=5.667892024e-01 SIGMA_TRIAL=3.528648731130e-02 DELTA_W=1.764324366 Q_REQ=358.918674702 N_REQ=54.149998467 N_INT=54 R_REQ=24.320649188 R_OVER_WALL=13.784681356 R_OVER_CORE=3.040081149 GAUGE_M2_SHIFT=3.906250000e-03 VEV_HIERARCHY=8.000000000 LINE_BUDGET_OVER_PI_F2=17.482908802 PASS=NO
SCAN F=0.150000000 H=0.002500000 LAMBDA_A=1.000000000 HESSIAN_MIN=4.499884917176e-02 VAC_E=-1.355253e-20 VAC_DIST=5.669939e-11 M_DELTA=1.002808556e-01 SIGMA_TRIAL=8.974793788996e-03 DELTA_W=9.971993099 Q_REQ=1411.172173805 N_REQ=212.903302153 N_INT=213 R_REQ=95.622283828 R_OVER_WALL=9.589084437 R_OVER_CORE=14.343342574 GAUGE_M2_SHIFT=5.625000000e-03 VEV_HIERARCHY=6.666666667 LINE_BUDGET_OVER_PI_F2=12.140908890 PASS=NO
SCAN F=0.150000000 H=0.005000000 LAMBDA_A=1.000000000 HESSIAN_MIN=4.499539696004e-02 VAC_E=-2.710505e-20 VAC_DIST=7.759839e-11 M_DELTA=1.418185460e-01 SIGMA_TRIAL=1.269227509590e-02 DELTA_W=7.051263942 Q_REQ=997.849413519 N_REQ=150.545368690 N_INT=151 R_REQ=67.615165327 R_OVER_WALL=9.589084437 R_OVER_CORE=10.142274799 GAUGE_M2_SHIFT=5.625000000e-03 VEV_HIERARCHY=6.666666667 LINE_BUDGET_OVER_PI_F2=12.140908890 PASS=NO
SCAN F=0.150000000 H=0.010000000 LAMBDA_A=1.000000000 HESSIAN_MIN=4.498159008869e-02 VAC_E=-5.421011e-20 VAC_DIST=1.572614e-12 M_DELTA=2.005617112e-01 SIGMA_TRIAL=1.794958757799e-02 DELTA_W=4.985996549 Q_REQ=705.586086903 N_REQ=106.451651077 N_INT=106 R_REQ=47.811141914 R_OVER_WALL=9.589084437 R_OVER_CORE=7.171671287 GAUGE_M2_SHIFT=5.625000000e-03 VEV_HIERARCHY=6.666666667 LINE_BUDGET_OVER_PI_F2=12.140908890 PASS=NO
SCAN F=0.150000000 H=0.020000000 LAMBDA_A=1.000000000 HESSIAN_MIN=4.492637937522e-02 VAC_E=-1.084202e-19 VAC_DIST=2.164885e-12 M_DELTA=2.836370921e-01 SIGMA_TRIAL=2.538455019180e-02 DELTA_W=3.525631971 Q_REQ=498.924706760 N_REQ=75.272684345 N_INT=75 R_REQ=33.807582664 R_OVER_WALL=9.589084437 R_OVER_CORE=5.071137400 GAUGE_M2_SHIFT=5.625000000e-03 VEV_HIERARCHY=6.666666667 LINE_BUDGET_OVER_PI_F2=12.140908890 PASS=NO
SCAN F=0.150000000 H=0.040000000 LAMBDA_A=1.000000000 HESSIAN_MIN=4.470568613075e-02 VAC_E=-2.168404e-19 VAC_DIST=2.024718e-10 M_DELTA=4.011234224e-01 SIGMA_TRIAL=3.589917515598e-02 DELTA_W=2.492998275 Q_REQ=352.793043451 N_REQ=53.225825538 N_INT=53 R_REQ=23.905570957 R_OVER_WALL=9.589084437 R_OVER_CORE=3.585835644 GAUGE_M2_SHIFT=5.625000000e-03 VEV_HIERARCHY=6.666666667 LINE_BUDGET_OVER_PI_F2=12.140908890 PASS=NO
SCAN F=0.150000000 H=0.080000000 LAMBDA_A=1.000000000 HESSIAN_MIN=4.382435522345e-02 VAC_E=-4.336809e-19 VAC_DIST=2.002405e-13 M_DELTA=5.672741841e-01 SIGMA_TRIAL=5.076910038360e-02 DELTA_W=1.762815986 Q_REQ=249.462353380 N_REQ=37.636342172 N_INT=38 R_REQ=16.903791332 R_OVER_WALL=9.589084437 R_OVER_CORE=2.535568700 GAUGE_M2_SHIFT=5.625000000e-03 VEV_HIERARCHY=6.666666667 LINE_BUDGET_OVER_PI_F2=12.140908890 PASS=NO
COARSE_TOTAL=30
COARSE_PASS=14
COARSE_MIN_R_OVER_WALL=13.784681356275
COARSE_MIN_R_OVER_CORE=10.120978246497
COARSE_MAX_GAUGE_M2_SHIFT=3.906250000000e-03

=== SELECTED +/-10 PERCENT 5^3 ROBUSTNESS ===
ROBUST_TOTAL=125
ROBUST_PASS=125
ROBUST_MIN_HESSIAN_EIG=8.196821622635070e-03
ROBUST_MIN_R_OVER_WALL=31.575777534857
ROBUST_MIN_R_OVER_CORE=11.771552477063
ROBUST_MAX_GAUGE_M2_SHIFT=1.701562500000000e-03
ROBUST_MIN_LINE_BUDGET_OVER_PI_F2=40.135236000633
SELECTED_ROBUSTNESS=PASS

=== BLIND WILDCARD h MULTIPLIERS ===
WILDCARD[RAW=1.600000000] F=0.075000000 H=0.016000000 LAMBDA_A=1.000000000 HESSIAN_MIN=1.123841594937e-02 VAC_E=-2.710505e-20 VAC_DIST=4.932668e-11 M_DELTA=2.531600284e-01 SIGMA_TRIAL=5.688101746830e-03 DELTA_W=3.950070658 Q_REQ=2226.573965160 N_REQ=335.922829596 N_INT=336 R_REQ=150.874635720 R_OVER_WALL=38.195427070 R_OVER_CORE=11.315597679 GAUGE_M2_SHIFT=1.406250000e-03 VEV_HIERARCHY=13.333333333 LINE_BUDGET_OVER_PI_F2=48.563635561 PASS=YES
WILDCARD_INTERPRETATION=BLIND_AUXILIARY_CHECK_NOT_PHYSICS_PRIOR
WILDCARD[RAW=1.875000000] F=0.075000000 H=0.018750000 LAMBDA_A=1.000000000 HESSIAN_MIN=1.123409200938e-02 VAC_E=-2.710505e-20 VAC_DIST=2.587861e-12 M_DELTA=2.740537698e-01 SIGMA_TRIAL=6.157550765082e-03 DELTA_W=3.648918972 Q_REQ=2056.820925049 N_REQ=310.312217750 N_INT=310 R_REQ=139.372018475 R_OVER_WALL=38.195427070 R_OVER_CORE=10.452901386 GAUGE_M2_SHIFT=1.406250000e-03 VEV_HIERARCHY=13.333333333 LINE_BUDGET_OVER_PI_F2=48.563635561 PASS=YES
WILDCARD_INTERPRETATION=BLIND_AUXILIARY_CHECK_NOT_PHYSICS_PRIOR
WILDCARD[RAW=3.125000000] F=0.075000000 H=0.031250000 LAMBDA_A=1.000000000 HESSIAN_MIN=1.120581488933e-02 VAC_E=-5.421011e-20 VAC_DIST=0.000000e+00 M_DELTA=3.538018955e-01 SIGMA_TRIAL=7.949363855529e-03 DELTA_W=2.826440482 Q_REQ=1593.206637769 N_REQ=240.366810294 N_INT=240 R_REQ=107.957101296 R_OVER_WALL=38.195427070 R_OVER_CORE=8.096782597 GAUGE_M2_SHIFT=1.406250000e-03 VEV_HIERARCHY=13.333333333 LINE_BUDGET_OVER_PI_F2=48.563635561 PASS=NO
WILDCARD_INTERPRETATION=BLIND_AUXILIARY_CHECK_NOT_PHYSICS_PRIOR
WILDCARD[RAW=0.625000000] F=0.075000000 H=0.006250000 LAMBDA_A=1.000000000 HESSIAN_MIN=1.124823230794e-02 VAC_E=-1.355253e-20 VAC_DIST=2.073952e-11 M_DELTA=1.582250178e-01 SIGMA_TRIAL=3.555063591769e-03 DELTA_W=6.320113052 Q_REQ=3562.518344255 N_REQ=537.476527353 N_INT=537 R_REQ=241.399417152 R_OVER_WALL=38.195427070 R_OVER_CORE=18.104956286 GAUGE_M2_SHIFT=1.406250000e-03 VEV_HIERARCHY=13.333333333 LINE_BUDGET_OVER_PI_F2=48.563635561 PASS=YES
WILDCARD_INTERPRETATION=BLIND_AUXILIARY_CHECK_NOT_PHYSICS_PRIOR
WILDCARD[RAW=5.000000000] F=0.075000000 H=0.050000000 LAMBDA_A=1.000000000 HESSIAN_MIN=1.113690202829e-02 VAC_E=-1.084202e-19 VAC_DIST=1.881423e-11 M_DELTA=4.475279321e-01 SIGMA_TRIAL=1.005523829316e-02 DELTA_W=2.234497398 Q_REQ=1259.540439662 N_REQ=190.026648610 N_INT=190 R_REQ=85.347582421 R_OVER_WALL=38.195427070 R_OVER_CORE=6.401068682 GAUGE_M2_SHIFT=1.406250000e-03 VEV_HIERARCHY=13.333333333 LINE_BUDGET_OVER_PI_F2=48.563635561 PASS=NO
WILDCARD_INTERPRETATION=BLIND_AUXILIARY_CHECK_NOT_PHYSICS_PRIOR

=== MODEL-SELECTION COMPARISON ===
PREVIOUS_SEPARATE_GLOBAL_WALL_TOPOLOGY=SUPPORTED
PREVIOUS_SEPARATE_GLOBAL_WALL_CORE_BINDING=SUPPORTED
PREVIOUS_SEPARATE_GLOBAL_WALL_RADIAL_FORCE_CONVERGENCE=FAILED_STOP_RULE_AFTER_THREE_IR_AUDITS
NEW_SAME_GAUGE_WALL_ENDPOINT=TOPOLOGICALLY_TIED_TO_EXISTING_017P_VORTEX
NEW_SAME_GAUGE_GLOBAL_LOG_TAIL=ABSENT
NEW_FIELDS_ADDED_BEYOND_017P=ONE_CHARGE1_COMPLEX_SCALAR

=== 018A-4 DECISION ===
SAME_GAUGE_DISCRETE_REMNANT_TOPOLOGY=PASS
SELECTED_VACUUM_AND_SCALE_PREFLIGHT=PASS
SELECTED_ROBUSTNESS=PASS
018A4_SAME_GAUGE_KLS_MODEL_SELECTION_PREFLIGHT=GREEN
PREFERRED_018A_MICROSCOPIC_CLASS=SAME_GAUGE_DISCRETE_REMNANT_KLS_STYLE
FULL_RELAXED_MICROSCOPIC_WALL_TENSION=NOT_YET_SOLVED
TRUE_2D_STRING_WALL_JUNCTION=NOT_YET_SOLVED
PERTURBED_017P_EOS_WITH_CHARGE1_FIELD=NOT_YET_SOLVED
COMPLETE_JUNCTION_STRESS_ENERGY=NOT_YET_SOLVED
FINITE_PAYLOAD_GRAVITY_WITH_NEW_SECTOR=NOT_YET_TESTED
FULL_018A_GATE=NOT_YET_GREEN
PRACTICAL_ANTIGRAVITY_DEVICE=NO
CLAIM_CLASSIFICATION=PROJECT_DERIVED_018A_SAME_GAUGE_DISCRETE_REMNANT_MODEL_SELECTION_PREFLIGHT
NEXT=018A5_MINIMAL_TRUE_2D_KLS_STRING_WALL_JUNCTION_DIAGNOSTIC_WITH_017P_FIELDS
