=== ANTIGRAVITY_RESEARCH 018A-1 ===
QUESTION=NONTHERMAL_STRING_WALL_TOPOLOGY_AND_1D_WALL_PREFLIGHT

=== TOPOLOGY AUDIT ===
EXACT_017P_BULK_WALL_DEGREE_OF_FREEDOM=ABSENT
EXACT_017P_FIELD_CONTENT_ALONE_CAN_SUPPLY_MEMBRANE=NO
NAIVE_SAME_U1_FINITE_ENERGY_RELATIVE_PHASE_WINDING=ZERO
NAIVE_SAME_U1_RELATIVE_PHASE_WALL_BOUNDARY=REJECTED
SEPARATE_NDW1_PSEUDOGOLDSTONE_WALL_TOPOLOGY=SUPPORTED_AT_PREFLIGHT

=== 1D MICROSCOPIC WALL BVP ===
DOMAIN_WIDTHS=8 SIGMA=3.266812774610514e-04 SIGMA_OVER_SG=0.967944525811 RHO_MIN_OVER_F=0.929784511759 ACTIVE_OVER_SIGMA=-0.999993873183 VIRIAL_RESIDUAL=+6.127e-06 MAX_RMS_RESIDUAL=1.527e-09
DOMAIN_WIDTHS=10 SIGMA=3.266811520052376e-04 SIGMA_OVER_SG=0.967944154090 RHO_MIN_OVER_F=0.929784655497 ACTIVE_OVER_SIGMA=-0.999999991272 VIRIAL_RESIDUAL=+8.728e-09 MAX_RMS_RESIDUAL=2.961e-09
DOMAIN_WIDTHS=12 SIGMA=3.266811497879338e-04 SIGMA_OVER_SG=0.967944147520 RHO_MIN_OVER_F=0.929784722296 ACTIVE_OVER_SIGMA=-1.000000131754 VIRIAL_RESIDUAL=-1.318e-07 MAX_RMS_RESIDUAL=5.128e-09
DOMAIN_WIDTHS=16 SIGMA=3.266811500797937e-04 SIGMA_OVER_SG=0.967944148385 RHO_MIN_OVER_F=0.929784890253 ACTIVE_OVER_SIGMA=-1.000000136682 VIRIAL_RESIDUAL=-1.367e-07 MAX_RMS_RESIDUAL=1.220e-08
WALL_TENSION_DOMAIN_REL_SPREAD=6.787363647224e-09
PLANAR_WALL_BVP=PASS
PLANAR_WALL_INTEGRATED_ACTIVE_SOURCE_EQUALS_MINUS_TENSION=PASS

=== 017P MICROSCOPIC SCALE MATCH ===
SIGMA=3.266811497879338e-04
MU_LOG_ONE=4.069003731983700e-02
MU_LOG_TOTAL=4.069003731983700e-02
W_EFF=1.206448483491376e+01
Q_REQ=3.693045908141766e+04
N_REQ=5.571691983747821e+03
N_INTEGER=5.572000000000000e+03
R_REQ=2.502440811784640e+03
R_OVER_DELTA_WALL=1.876830608838480e+01
R_OVER_DELTA_CORE=1.876830608838480e+02
INTEGER_LOAD_MISMATCH=5.528235463806015e-05
REMAINING_POSITIVE_LINE_BUDGET=8.175002416700564e-01
SELECTED_SCALE_MATCH=PASS

=== +/-10 PERCENT ANALYTIC SCALE ROBUSTNESS ===
ROBUST_TOTAL=3125
ROBUST_PASS=3125
ROBUST_MIN_W_EFF=1.055773232573898e+01
ROBUST_MIN_R_OVER_WALL=11.824815688543
ROBUST_MIN_R_OVER_CORE=107.132569977370
ROBUST_MAX_INTEGER_LOAD_MISMATCH=1.676462972736363e-04
ROBUST_MIN_N_REQ=2920.489609269220
SCALE_ROBUSTNESS_3125_OF_3125=PASS

=== DECISION ===
EXACT_017P_ONLY_WALL_COMPLETION=RED
NAIVE_SAME_U1_RELATIVE_PHASE_EXTENSION=RED
SEPARATE_ZERO_T_NDW1_WALL_PLUS_CORE_BINDING_CLASS=NOT_FALSIFIED
MANDATORY_GLOBAL_STRING_LOG_ENERGY=INCLUDED_AT_LEADING_LOWER_BOUND
MICROSCOPIC_JUNCTION_BVP=NOT_YET_SOLVED
COMPLETE_JUNCTION_GAUGE_STRESS_BOOKKEEPING=NOT_YET_SOLVED
FINITE_PAYLOAD_GRAVITY_AFTER_JUNCTION=NOT_YET_TESTED
FULL_018A_GATE=NOT_YET_GREEN
PRACTICAL_ANTIGRAVITY_DEVICE=NO
CLAIM_CLASSIFICATION=PROJECT_DERIVED_018A_TOPOLOGY_AND_1D_WALL_PREFLIGHT
NEXT=018A_JUNCTION_BVP_AND_COMPLETE_THIN_COMPOSITE_GRAVITY_WITH_017P_EOS
