=== ANTIGRAVITY_RESEARCH 018A-6A ===
QUESTION=DOES_THE_MICROSCOPIC_KLS_WALL_TERMINATE_ON_THE_RECONSTRUCTED_017P_VORTEX_IN_2D
TRUE_2D_COMPLEX_A_FIELD=YES
FULLY_COUPLED_PHI_A_SIGMA_GAUGE_2D=NO

=== 017P BACKGROUND RECONSTRUCTION ===
RECONSTRUCTED_SIGMA2=1.054411031342742e+00
SIGMA2_RELERR=3.890493264945136e-07
RECONSTRUCTED_A_STRING=1.002499418742876e+01
A_STRING_RELERR=3.159712790176905e-07
RADIAL_MAX_RMS_RESIDUAL=1.793128254132719e-07
017P_BASELINE_RECONSTRUCTION=PASS

=== WALL REFERENCE ===
SIGMA_W_RELAXED_018A5=5.623876169625573e-04
SIGMA_W_ANALYTIC_REAL_KINK=5.624999999999998e-04
RELAXED_VS_ANALYTIC_RELERR=1.997920665644526e-04
EXTRA_LINE_BUDGET=8.581902789898934e-01

=== ANALYTIC OPTIMIZER-GRADIENT CHECK ===
GRADIENT_DIRECTIONAL_RELERR=3.479162450846835e-09
ANALYTIC_GRADIENT_CHECK=PASS

=== FIXED-DX DOMAIN CONVERGENCE ===
DOMAIN N=61 L=75.000 DX=2.500000000000 ITER=107 OPT=PASS E_EXT=4.582465644711826e-02 MU_JUNCTION=+3.645585174926462e-03 GRAD_RMS=4.880919e-08 GRAD_MAX=1.943386e-07
DOMAIN N=81 L=100.000 DX=2.500000000000 ITER=129 OPT=PASS E_EXT=5.988426800639784e-02 MU_JUNCTION=+3.645506310142113e-03 GRAD_RMS=5.570150e-08 GRAD_MAX=2.630629e-07
DOMAIN N=101 L=125.000 DX=2.500000000000 ITER=141 OPT=PASS E_EXT=7.394255800001223e-02 MU_JUNCTION=+3.644105879692563e-03 GRAD_RMS=3.052633e-08 GRAD_MAX=2.384654e-07
DOMAIN_MU_REL_SPREAD=4.058349889501466e-04
DOMAIN_JUNCTION_EXCESS_CONVERGENCE=PASS
DOMAIN_SLOPE L1=75.0 L2=100.0 DE_DL=5.623844623711832e-04 OVER_SIGMA=0.999994390717
DOMAIN_SLOPE L1=100.0 L2=125.0 DE_DL=5.623315997445755e-04 OVER_SIGMA=0.999900393934
DOMAIN_ENERGY_SLOPE_MATCHES_WALL=PASS

=== FIXED-DOMAIN RESOLUTION CONVERGENCE ===
RESOLUTION N=101 L=100.000 DX=2.000000000000 ITER=162 OPT=PASS E_EXT=5.983173482012413e-02 MU_JUNCTION=+3.592973123868401e-03 GRAD_RMS=1.747975e-08 GRAD_MAX=1.236593e-07
RESOLUTION N=121 L=100.000 DX=1.666666666667 ITER=185 OPT=PASS E_EXT=5.979041285673586e-02 MU_JUNCTION=+3.551651160480132e-03 GRAD_RMS=7.319283e-08 GRAD_MAX=1.162834e-06
RESOLUTION N=141 L=100.000 DX=1.428571428571 ITER=211 OPT=PASS E_EXT=5.976182099092442e-02 MU_JUNCTION=+3.523059294668687e-03 GRAD_RMS=5.518390e-08 GRAD_MAX=4.860680e-07
RESOLUTION_MU_REL_SPREAD=1.966139003332379e-02
RESOLUTION_JUNCTION_EXCESS_CONVERGENCE=PASS

=== FINEST-GRID JUNCTION MORPHOLOGY ===
NEGATIVE_SIDE_WALL_MAX_A_OVER_F=6.774397269679197e-05
POSITIVE_SIDE_RECOVERY_MIN_A_OVER_F=9.871163248987130e-01
CORE_A_OVER_F=3.283905510729322e-01
RELATIVE_PHASE_LOCK_RMS=2.215465726190448e-07
FAR_NEGATIVE_WALL_TENSION_OVER_018A5=1.000136123163590e+00
FAR_POSITIVE_SLICE_OVER_SIGMA=9.840758356771875e-05
ONE_SIDED_WALL_TERMINATION=PASS
FAR_WALL_TENSION_RECONSTRUCTION=PASS
POSITIVE_SIDE_VACUUM_RECOVERY=PASS
RELATIVE_PHASE_LOCKING=PASS

=== DISCRETE GAUGE-INVARIANCE CHECK ===
GAUGE_TRANSFORM_ENERGY_RELERR=0.000000000000000e+00
DISCRETE_GAUGE_INVARIANCE=PASS

=== JUNCTION ENERGY BUDGET ===
FINEST_MU_JUNCTION=+3.523059294668687e-03
EXTRA_LINE_BUDGET=8.581902789898934e-01
ABS_MU_OVER_LINE_BUDGET=4.105219298003930e-03
FIXED_BACKGROUND_JUNCTION_ENERGY_BUDGET=PASS

=== BLIND AUXILIARY 2D WILDCARD ===
WILDCARD_SOURCE_VALUES=0.625_AND_RECIPROCAL_OF_1.6
WILDCARD_H_MULTIPLIER=0.625
WILDCARD_H=6.250000000000000e-03
WILDCARD_NEGATIVE_WALL_MAX_A_OVER_F=1.700266095239380e-03
WILDCARD_POSITIVE_RECOVERY_MIN_A_OVER_F=9.704590998978448e-01
WILDCARD_2D_TERMINATION=PASS
WILDCARD_INTERPRETATION=BLIND_AUXILIARY_ONLY_NOT_PROMOTION_INPUT

=== 018A-6A DECISION ===
017P_BASELINE_RECONSTRUCTION=PASS
ANALYTIC_GRADIENT_CHECK=PASS
DOMAIN_JUNCTION_EXCESS_CONVERGENCE=PASS
DOMAIN_ENERGY_SLOPE_MATCHES_WALL=PASS
RESOLUTION_JUNCTION_EXCESS_CONVERGENCE=PASS
ONE_SIDED_WALL_TERMINATION=PASS
FAR_WALL_TENSION_RECONSTRUCTION=PASS
POSITIVE_SIDE_VACUUM_RECOVERY=PASS
RELATIVE_PHASE_LOCKING=PASS
DISCRETE_GAUGE_INVARIANCE=PASS
FIXED_BACKGROUND_JUNCTION_ENERGY_BUDGET=PASS
018A6A_FIXED_BACKGROUND_2D_KLS_JUNCTION=GREEN
MICROSCOPIC_WALL_ENDS_ON_017P_VORTEX_IN_FIXED_BACKGROUND=SUPPORTED
FULLY_COUPLED_2D_JUNCTION=NOT_YET_SOLVED
PERTURBED_017P_EOS=NOT_YET_SOLVED
COMPLETE_JUNCTION_T_MUNU=NOT_YET_SOLVED
FINITE_PAYLOAD_GRAVITY_WITH_COMPLETE_NEW_SECTOR=NOT_YET_TESTED
FULL_018A_GATE=NOT_YET_GREEN
PRACTICAL_ANTIGRAVITY_DEVICE=NO
CLAIM_CLASSIFICATION=PROJECT_DERIVED_018A_FIXED_BACKGROUND_2D_KLS_JUNCTION_DIAGNOSTIC
NEXT=018A6B_FULLY_COUPLED_2D_KLS_JUNCTION_WITH_PHI_A_SIGMA_GAUGE_RELAXATION_AND_COMPLETE_LINE_STRESS
