=== ANTIGRAVITY_RESEARCH 018A-6B0 ===
QUESTION=IS_THE_018A6A_KLS_JUNCTION_BACKREACTION_SMALL_ENOUGH_TO_JUSTIFY_FULL_COUPLING

=== HIGH-RESOLUTION SELECTED JUNCTION ===
SELECTED_2D_OPTIMIZER=PASS
SELECTED_MU_JUNCTION=+3.523059294668687e-03
SELECTED_GRAD_RMS=5.518389651964477e-08
SELECTED_GRAD_MAX=4.860679965080637e-07

=== FIXED-BACKGROUND EXTENSION STRESS ===
POTENTIAL_INTEGRAL=+2.608408045254913e-02
GRADIENT_ENERGY=+3.367774053837529e-02
TOTAL_ENERGY=+5.976182099092442e-02
ACTIVE_TOTAL=-5.216816090509826e-02
WALL_ENERGY=+5.623876169625573e-02
WALL_ACTIVE=-5.623876169625573e-02
JUNCTION_ENERGY=+3.523059294668687e-03
JUNCTION_ACTIVE=+4.070600791157473e-03
ABS_JUNCTION_ACTIVE_OVER_MU=1.155416486267308e+00
ACTIVE_LINE_017P_PAIR=4.183642005637672e+01
TWO_COPY_ABS_JUNCTION_ACTIVE_OVER_017P_ACTIVE_LINE=1.945960378862307e-04
JUNCTION_ACTIVE_SOURCE_PREFLIGHT=PASS

=== FROZEN-FIELD EULER-LAGRANGE SOURCE AUDIT ===
PHI_EXTENSION_SOURCE_MAX=5.634858684098082e-05
PHI_EXTENSION_SOURCE_RMS=1.671005267309658e-05
PHI_BACKREACTION_SOURCE_PREFLIGHT=PASS
SIGMA_DIRECT_EXTENSION_SOURCE=0
SIGMA_DIRECT_BACKREACTION=ABSENT_BY_LAGRANGIAN
A_GAUGE_CURRENT_L2=2.266938421827951e-03
PHI_GAUGE_CURRENT_L2=5.550742964482350e+00
A_TO_PHI_GAUGE_CURRENT_L2_RATIO=4.084027014641922e-04
GAUGE_BACKREACTION_SOURCE_PREFLIGHT=PASS
ASYMPTOTIC_GAUGE_MASS_SQ_SHIFT=1.406250000000000e-03

=== FIXED-DISCRETIZATION CHI CONTINUATION ===
CHI_RECORD CHI=0.004250000 SIGMA2=1.054020842091731e+00 A_STRING=1.002552129538907e+01 MU_J=+3.646020043575678e-03 A_EFF=1.002916731543265e+01 OPT=PASS
CHI_RECORD CHI=0.004500000 SIGMA2=1.054215900709058e+00 A_STRING=1.002525776579575e+01 MU_J=+3.645763223474111e-03 A_EFF=1.002890352901923e+01 OPT=PASS
CHI_RECORD CHI=0.004750000 SIGMA2=1.054411031342742e+00 A_STRING=1.002499418742876e+01 MU_J=+3.645506310142113e-03 A_EFF=1.002863969373891e+01 OPT=PASS

=== FIXED-BACKGROUND VARIATIONAL / EOS CHECK ===
DMU_DCHI=-1.027839788848096e-03
DA_EFF_DCHI=-1.055438855083799e+00
SIGMA2_SELECTED=1.054411031342742e+00
DA_EFF_DCHI_PLUS_SIGMA2_RELERR=9.747847001829524e-04
FIXED_BACKGROUND_VARIATIONAL_IDENTITY=PASS
CT2_BASE_RECONSTRUCTED=9.990018043123524e-01
CT2_WITH_JUNCTION=9.990021668039510e-01
CT2_SHIFT=+3.624915986266686e-07
CL2_FIXED_BACKGROUND=9.930155007828542e-01
CL2_REFERENCE_017P=9.930155006037000e-01
FIXED_BACKGROUND_EOS_HEALTH=PASS
FIXED_BACKGROUND_MIN_M2_TO_M40_DISCRIMINANT=+3.393531983197917e-12
FIXED_BACKGROUND_WORST_MODE=4
FIXED_BACKGROUND_MAX_ROOT_IMAG=0.000000000000000e+00
FIXED_BACKGROUND_M2_TO_M40_STABILITY=PASS

=== MANDATORY JUNCTION STATIONARITY BOOKKEEPING ===
HIGH_RES_MU_JUNCTION=+3.523059294668687e-03
MU_OVER_A_STRING=3.514275648245827e-04
MU_OVER_DECLARED_LINE_BUDGET=4.105219298003930e-03
STATIONARITY JUNCTION_COUNT=1 W_EFF=1.261298674340028e+01 Q_REQ=2.242756839406018e+04 N_REQ=3.383643370385751e+03 N_INT=3384 R_REQ=1.519712016973742e+03 R_OVER_WALL90=19.350978209523 R_OVER_A_CORE=113.978401273031 INTEGER_MISMATCH=1.053981094372635e-04 PASS=YES
STATIONARITY JUNCTION_COUNT=2 W_EFF=1.256099422613056e+01 Q_REQ=2.233511878154821e+04 N_REQ=3.369695513312056e+03 N_INT=3370 R_REQ=1.513447548858856e+03 R_OVER_WALL90=19.271210737376 R_OVER_A_CORE=113.508566164414 INTEGER_MISMATCH=9.036029716655831e-05 PASS=YES
ONE_JUNCTION_STATIONARITY=PASS
TWO_JUNCTION_ADVERSARIAL_STATIONARITY=PASS

=== 018A-6B0 DECISION ===
SELECTED_2D_OPTIMIZER=PASS
CHI_CONTINUATION_OPTIMIZERS=PASS
PHI_BACKREACTION_SOURCE_PREFLIGHT=PASS
GAUGE_BACKREACTION_SOURCE_PREFLIGHT=PASS
FIXED_BACKGROUND_VARIATIONAL_IDENTITY=PASS
FIXED_BACKGROUND_EOS_HEALTH=PASS
FIXED_BACKGROUND_M2_TO_M40_STABILITY=PASS
JUNCTION_ACTIVE_SOURCE_PREFLIGHT=PASS
ONE_JUNCTION_STATIONARITY=PASS
TWO_JUNCTION_ADVERSARIAL_STATIONARITY=PASS
018A6B0_BACKREACTION_STRESS_EOS_PREFLIGHT=GREEN
BACKREACTION_EXPECTATION=PERTURBATIVE_AT_FIXED_BACKGROUND_PREFLIGHT_LEVEL
NEXT=018A6B_FULLY_COUPLED_2D_KLS_JUNCTION_PHI_A_SIGMA_GAUGE_RELAXATION
FULLY_COUPLED_2D_JUNCTION=NOT_YET_SOLVED
COMPLETE_RELAXED_JUNCTION_T_MUNU=NOT_YET_SOLVED
FINITE_PAYLOAD_GRAVITY_WITH_COMPLETE_NEW_SECTOR=NOT_YET_TESTED
FULL_018A_GATE=NOT_YET_GREEN
PRACTICAL_ANTIGRAVITY_DEVICE=NO
CLAIM_CLASSIFICATION=PROJECT_DERIVED_018A_KLS_BACKREACTION_STRESS_EOS_PREFLIGHT
