=== ANTIGRAVITY_RESEARCH 018A-3R ===
QUESTION=IS_018A3_RADIAL_NONCONVERGENCE_A_FINITE_BOX_GLOBAL_STRING_ARTIFACT

=== GLOBAL STRING ASYMPTOTIC SCALE ===
M_RADIAL_SQ=5.568750000000000e-03
M_RADIAL=7.462405778299649e-02
ONE_OVER_M_RADIAL=1.340050420345616e+01
ONE_OVER_M_A=1.333333333333333e+02

=== VERY-LARGE GLOBAL-STRING REFERENCES ===
GLOBAL_REFERENCE RMAX=800.0 NODES=1757 MAX_RMS_RESIDUAL=4.983115417516850e-08
GLOBAL_REFERENCE RMAX=1600.0 NODES=1743 MAX_RMS_RESIDUAL=4.996679356674490e-08
TAIL_CHECK R=60.0 RHO_REF800_OVER_F=0.927515704844 RHO_REF1600_OVER_F=0.927515704854 LEADING_ASYMPTOTIC_DEFICIT=4.988153136301e-02
TAIL_CHECK R=80.0 RHO_REF800_OVER_F=0.964578280926 RHO_REF1600_OVER_F=0.964578280948 LEADING_ASYMPTOTIC_DEFICIT=2.805836139169e-02
TAIL_CHECK R=100.0 RHO_REF800_OVER_F=0.979440732884 RHO_REF1600_OVER_F=0.979440732933 LEADING_ASYMPTOTIC_DEFICIT=1.795735129068e-02
GLOBAL_REFERENCE_MAX_REL_DIFF=4.930000851999239e-11
GLOBAL_REFERENCE_CONVERGENCE=PASS

=== MICROSCOPIC WALL FORCE ===
SIGMA_W=3.266811497879338e-04
ACTIVE_OVER_SIGMA=-1.000000131753856e+00
MICROSCOPIC_WALL_RECONSTRUCTION=PASS

=== MATCHED-TAIL COMPOSITE DOMAIN AUDIT ===
MATCHED_DOMAIN RMAX=60.0 M_R_TIMES_R=4.477443467 RHO_OUTER_OVER_F=0.927515704854 ETA=0.920431799472 FFT_N=801 FFT_DX=7.000000000000e-01 FORCE_RATIO=3.843424228515 STABLE_D=5.580280352 UNSTABLE_D=66.584987945 BARRIER=3.808604354162395e-02 STABLE_CURV=+7.789502364116051e-05 UNSTABLE_CURV=-1.615860521079265e-05 PASS=YES
MATCHED_DOMAIN RMAX=80.0 M_R_TIMES_R=5.969924623 RHO_OUTER_OVER_F=0.964578280948 ETA=0.907235888110 FFT_N=801 FFT_DX=7.000000000000e-01 FORCE_RATIO=3.561109511866 STABLE_D=5.892198081 UNSTABLE_D=80.162537166 BARRIER=3.623441807693480e-02 STABLE_CURV=+7.360961587600093e-05 UNSTABLE_CURV=-4.297770045814738e-05 PASS=YES
MATCHED_DOMAIN RMAX=100.0 M_R_TIMES_R=7.462405778 RHO_OUTER_OVER_F=0.979440732933 ETA=0.900981922967 FFT_N=801 FFT_DX=7.000000000000e-01 FORCE_RATIO=3.470892027529 STABLE_D=6.002388182 UNSTABLE_D=82.847072947 BARRIER=3.320615031791089e-02 STABLE_CURV=+7.225433524613808e-05 UNSTABLE_CURV=-6.771750827215419e-06 PASS=YES
MATCHED_DOMAIN_FORCE_REL_SPREAD=1.027634804198135e-01
MATCHED_DOMAIN_ALL_PHYSICS_PASS=YES
MATCHED_RADIAL_PROFILE_CONVERGENCE=FAIL

=== EXPLICIT-BREAKING IR TAPER SENSITIVITY ===
TAPER START_FRACTION=0.700 FORCE_RATIO=3.561377571064 STABLE_D=5.892833648 UNSTABLE_D=80.181629146 BARRIER=3.626819245030313e-02 PASS=YES
TAPER START_FRACTION=0.800 FORCE_RATIO=3.560625302140 STABLE_D=5.892833648 UNSTABLE_D=80.164727543 BARRIER=3.623393034259098e-02 PASS=YES
TAPER START_FRACTION=0.900 FORCE_RATIO=3.560624340434 STABLE_D=5.892833648 UNSTABLE_D=80.149806885 BARRIER=3.621062212480943e-02 PASS=YES
TAPER_FORCE_RATIO_REL_SPREAD=2.115296025902379e-04
IR_TAPER_SENSITIVITY=PASS

=== BLIND WILDCARD NOTE ===
WILDCARD_VALUES=1.6,1.875,3.125,0.625,5
WILDCARD_SELECTED_POINT_OVERLAP=0.625
WILDCARD_INTERPRETATION=BLIND_CONTROL_ONLY_NOT_PHYSICS_PRIOR

=== 018A-3R DECISION ===
GLOBAL_REFERENCE_CONVERGENCE=PASS
MATCHED_RADIAL_PROFILE_CONVERGENCE=FAIL
IR_TAPER_SENSITIVITY=PASS
018A3R_IR_BOUNDARY_AUDIT=RED
ORIGINAL_018A3_RADIAL_FAILURE=NOT_RESOLVED
018A3_TRANSLATIONAL_FORCE_PREFLIGHT_AFTER_IR_REPAIR=NOT_GREEN
TRUE_2D_STRING_WALL_JUNCTION=NOT_YET_SOLVED
COMPLETE_JUNCTION_STRESS_ENERGY=NOT_YET_SOLVED
FINITE_PAYLOAD_GRAVITY_AFTER_TRUE_JUNCTION=NOT_YET_TESTED
FULL_018A_GATE=NOT_YET_GREEN
PRACTICAL_ANTIGRAVITY_DEVICE=NO
CLAIM_CLASSIFICATION=PROJECT_DERIVED_018A_GLOBAL_STRING_IR_BOUNDARY_AUDIT
NEXT=DETERMINE_WHETHER_REMAINING_PROFILE_DRIFT_IS_PHYSICAL_BEFORE_ANY_2D_ESCALATION
