=== ANTIGRAVITY_RESEARCH 018A-2 ===
QUESTION=CAN_THE_SEPARATE_NDW1_BOUNDARY_STRING_BIND_TO_THE_017P_GAUGED_STRING_CORE
THIS_IS_TRUE_2D_JUNCTION_SOLUTION=NO
THIS_IS_RADIAL_CORE_BINDING_PREFLIGHT=YES
EXPLICIT_WALL_BREAKING_IN_RADIAL_CORE_BVP=OMITTED_BY_CONTROLLED_INNER_CORE_APPROXIMATION
FULL_018A_GATE=NOT_YET_GREEN

=== MODEL PARAMETERS ===
GAUGE_G=1.414213562373095e-01
F_PHASE=7.500000000000000e-02
M_A=7.500000000000000e-03
M_R=7.500000000000000e-02
M_A_OVER_M_R=1.000000000000000e-01
LAMBDA_A=4.950000000000000e-01
KAPPA_MAX_OPEN_BOUND=1.407124727947029e+00
IR_CUTOFF_RADIUS=1.333333333333333e+02

=== 017P + DECOUPLED GLOBAL STRING BASELINE ===
RECONSTRUCTED_A_STRING=1.002499417238329e+01
JOURNAL_A_STRING=1.002499735504000e+01
A_STRING_RELERR=3.174720751994458e-07
RECONSTRUCTED_SIGMA2=1.054411031137392e+00
JOURNAL_SIGMA2=1.054410621125000e+00
SIGMA2_RELERR=3.888545736050265e-07
GLOBAL_CORE_A_RMAX60=2.817423606744866e-02
GLOBAL_TAIL_TO_1_OVER_MA=1.411079575653372e-02
SEPARATED_TOTAL_A_WITH_IR_TAIL=1.006727920420727e+01
017P_BASELINE_RECONSTRUCTION=PASS

=== MAIN PHYSICALLY MOTIVATED BINDING SCAN ===
MAIN KF=0.000000000 KAPPA=0.000000000000e+00 QUARTIC_MARGIN=1.000000000e+00 DELTA_A_BIND=+0.000000000000e+00 DELTA_FIXEDQ_EQ=+0.000000000000e+00 SIGMA2_SHIFT=+0.000000000e+00 A_CROSS=+0.000000000000e+00 F_HALF_R=2.621516140 RHO_HALF_R=17.568267965 BOUND=YES BINDING=NO
MAIN KF=0.100000000 KAPPA=1.407124727947e-01 QUARTIC_MARGIN=9.900000000e-01 DELTA_A_BIND=-1.017674202458e-02 DELTA_FIXEDQ_EQ=-2.358957983044e-02 SIGMA2_SHIFT=+4.341142509e-03 A_CROSS=-1.028031797611e-02 F_HALF_R=2.627902635 RHO_HALF_R=17.921916673 BOUND=YES BINDING=YES
MAIN KF=0.200000000 KAPPA=2.814249455894e-01 QUARTIC_MARGIN=9.600000000e-01 DELTA_A_BIND=-2.056042410156e-02 DELTA_FIXEDQ_EQ=-4.741377249653e-02 SIGMA2_SHIFT=+8.753602535e-03 A_CROSS=-2.097558919836e-02 F_HALF_R=2.634382288 RHO_HALF_R=18.362529425 BOUND=YES BINDING=YES
MAIN KF=0.300000000 KAPPA=4.221374183841e-01 QUARTIC_MARGIN=9.100000000e-01 DELTA_A_BIND=-3.115536963250e-02 DELTA_FIXEDQ_EQ=-7.142742769301e-02 SIGMA2_SHIFT=+1.322793670e-02 A_CROSS=-3.211312835206e-02 F_HALF_R=2.640941112 RHO_HALF_R=18.921813435 BOUND=YES BINDING=YES
MAIN KF=0.400000000 KAPPA=5.628498911788e-01 QUARTIC_MARGIN=8.400000000e-01 DELTA_A_BIND=-4.197530270596e-02 DELTA_FIXEDQ_EQ=-9.561195285315e-02 SIGMA2_SHIFT=+1.775959577e-02 A_CROSS=-4.375751774811e-02 F_HALF_R=2.647572241 RHO_HALF_R=19.634978580 BOUND=YES BINDING=YES
MAIN KF=0.500000000 KAPPA=7.035623639735e-01 QUARTIC_MARGIN=7.500000000e-01 DELTA_A_BIND=-5.304374385365e-02 DELTA_FIXEDQ_EQ=-1.199633154032e-01 SIGMA2_SHIFT=+2.234629124e-02 A_CROSS=-5.601656584288e-02 F_HALF_R=2.654272065 RHO_HALF_R=20.547157146 BOUND=YES BINDING=YES
MAIN KF=0.600000000 KAPPA=8.442748367682e-01 QUARTIC_MARGIN=6.400000000e-01 DELTA_A_BIND=-6.439585317640e-02 DELTA_FIXEDQ_EQ=-1.444873288627e-01 SIGMA2_SHIFT=+2.698679656e-02 A_CROSS=-6.905482259478e-02 F_HALF_R=2.661038665 RHO_HALF_R=21.718536494 BOUND=YES BINDING=YES
MAIN KF=0.625000000 KAPPA=8.794529549669e-01 QUARTIC_MARGIN=6.093750000e-01 DELTA_A_BIND=-6.728366330994e-02 DELTA_FIXEDQ_EQ=-1.506467610881e-01 SIGMA2_SHIFT=+2.815522911e-02 A_CROSS=-7.246232406498e-02 F_HALF_R=2.662740638 RHO_HALF_R=22.060642304 BOUND=YES BINDING=YES
MAIN KF=0.650000000 KAPPA=9.146310731656e-01 QUARTIC_MARGIN=5.775000000e-01 DELTA_A_BIND=-7.019316522311e-02 DELTA_FIXEDQ_EQ=-1.568181343715e-01 SIGMA2_SHIFT=+2.932696688e-02 A_CROSS=-7.593768346774e-02 F_HALF_R=2.664446561 RHO_HALF_R=22.425136762 BOUND=YES BINDING=YES
MAIN KF=0.700000000 KAPPA=9.849873095629e-01 QUARTIC_MARGIN=5.100000000e-01 DELTA_A_BIND=-7.608138786751e-02 DELTA_FIXEDQ_EQ=-1.691976029429e-01 SIGMA2_SHIFT=+3.168020545e-02 A_CROSS=-8.311231305326e-02 F_HALF_R=2.667870525 RHO_HALF_R=23.226987977 BOUND=YES BINDING=YES
MAIN KF=0.725000000 KAPPA=1.020165427762e+00 QUARTIC_MARGIN=4.743750000e-01 DELTA_A_BIND=-7.906237838323e-02 DELTA_FIXEDQ_EQ=-1.754072189689e-01 SIGMA2_SHIFT=+3.286186530e-02 A_CROSS=-8.682286005641e-02 F_HALF_R=2.669588727 RHO_HALF_R=23.667327141 BOUND=YES BINDING=YES
MAIN KF=0.750000000 KAPPA=1.055343545960e+00 QUARTIC_MARGIN=4.375000000e-01 DELTA_A_BIND=-8.206960534492e-02 DELTA_FIXEDQ_EQ=-1.816298632478e-01 SIGMA2_SHIFT=+3.404668106e-02 A_CROSS=-9.062356188799e-02 F_HALF_R=2.671310750 RHO_HALF_R=24.135743032 BOUND=YES BINDING=YES
MAIN KF=0.800000000 KAPPA=1.125699782358e+00 QUARTIC_MARGIN=3.600000000e-01 DELTA_A_BIND=-8.816822499474e-02 DELTA_FIXEDQ_EQ=-1.941168091010e-01 SIGMA2_SHIFT=+3.642589016e-02 A_CROSS=-9.852182259316e-02 F_HALF_R=2.674766531 RHO_HALF_R=25.161844536 BOUND=YES BINDING=YES
MAIN KF=0.900000000 KAPPA=1.266412255152e+00 QUARTIC_MARGIN=1.900000000e-01 DELTA_A_BIND=-1.007449282047e-01 DELTA_FIXEDQ_EQ=-2.192747699122e-01 SIGMA2_SHIFT=+4.122278363e-02 A_CROSS=-1.157066580716e-01 F_HALF_R=2.681724996 RHO_HALF_R=27.594089725 BOUND=YES BINDING=YES
MAIN KF=0.975000000 KAPPA=1.371946609748e+00 QUARTIC_MARGIN=4.937500000e-02 DELTA_A_BIND=-1.105632356560e-01 DELTA_FIXEDQ_EQ=-2.383210573128e-01 SIGMA2_SHIFT=+4.485301979e-02 A_CROSS=-1.300367275642e-01 F_HALF_R=2.686983225 RHO_HALF_R=29.739342639 BOUND=YES BINDING=YES
MAIN_BINDING_PASS_COUNT=14
MAIN_BINDING_TEST_COUNT=14
MAIN_BINDING_MIN_KF=0.100000000
MAIN_BINDING_MAX_TESTED_KF=0.975000000

=== EOS HEALTH + EXTRINSIC STABILITY SCAN ===
HEALTH KF=0.400000000 H=2.500000000e-04 CT2=0.998984126123 CL2=0.992882913779 VAR_RELERR=1.709342e-07 MIN_DISC=+8.986776600661e-12 WORST_M=4 MAX_ROOT_IMAG=0.000000e+00 PASS=YES
HEALTH KF=0.400000000 H=5.000000000e-04 CT2=0.998984126123 CL2=0.992882045774 VAR_RELERR=1.897333e-07 MIN_DISC=+9.808740625283e-12 WORST_M=4 MAX_ROOT_IMAG=0.000000e+00 PASS=YES
HEALTH KF=0.400000000 H=7.500000000e-04 CT2=0.998984126123 CL2=0.992881900535 VAR_RELERR=3.052623e-07 MIN_DISC=+9.948781382052e-12 WORST_M=4 MAX_ROOT_IMAG=0.000000e+00 PASS=YES
HEALTH_ROBUST KF=0.400000000 PASS=YES
HEALTH KF=0.500000000 H=2.500000000e-04 CT2=0.998978425879 CL2=0.992847871989 VAR_RELERR=1.724509e-07 MIN_DISC=+5.013885140404e-12 WORST_M=4 MAX_ROOT_IMAG=0.000000e+00 PASS=YES
HEALTH KF=0.500000000 H=5.000000000e-04 CT2=0.998978425879 CL2=0.992846989799 VAR_RELERR=1.917590e-07 MIN_DISC=+5.718800433208e-12 WORST_M=4 MAX_ROOT_IMAG=0.000000e+00 PASS=YES
HEALTH KF=0.500000000 H=7.500000000e-04 CT2=0.998978425879 CL2=0.992846841198 VAR_RELERR=3.087779e-07 MIN_DISC=+5.840172095928e-12 WORST_M=4 MAX_ROOT_IMAG=0.000000e+00 PASS=YES
HEALTH_ROBUST KF=0.500000000 PASS=YES
HEALTH KF=0.600000000 H=2.500000000e-04 CT2=0.998972630209 CL2=0.992812289447 VAR_RELERR=1.739091e-07 MIN_DISC=+1.611769745447e-12 WORST_M=4 MAX_ROOT_IMAG=0.000000e+00 PASS=YES
HEALTH KF=0.600000000 H=5.000000000e-04 CT2=0.998972630209 CL2=0.992811396133 VAR_RELERR=1.938665e-07 MIN_DISC=+2.186893027778e-12 WORST_M=4 MAX_ROOT_IMAG=0.000000e+00 PASS=YES
HEALTH KF=0.600000000 H=7.500000000e-04 CT2=0.998972630209 CL2=0.992811245201 VAR_RELERR=3.124318e-07 MIN_DISC=+2.286795752759e-12 WORST_M=4 MAX_ROOT_IMAG=0.000000e+00 PASS=YES
HEALTH_ROBUST KF=0.600000000 PASS=YES
HEALTH KF=0.625000000 H=2.500000000e-04 CT2=0.998971165826 CL2=0.992803535739 VAR_RELERR=1.898652e-07 MIN_DISC=+7.250380851254e-13 WORST_M=4 MAX_ROOT_IMAG=0.000000e+00 PASS=YES
HEALTH KF=0.625000000 H=5.000000000e-04 CT2=0.998971165826 CL2=0.992802527344 VAR_RELERR=2.001635e-07 MIN_DISC=+1.327819798558e-12 WORST_M=4 MAX_ROOT_IMAG=0.000000e+00 PASS=YES
HEALTH KF=0.625000000 H=7.500000000e-04 CT2=0.998971165826 CL2=0.992802338251 VAR_RELERR=3.158757e-07 MIN_DISC=+1.444792202543e-12 WORST_M=4 MAX_ROOT_IMAG=0.000000e+00 PASS=YES
HEALTH_ROBUST KF=0.625000000 PASS=YES
HEALTH KF=0.650000000 H=2.500000000e-04 CT2=0.998969695064 CL2=0.992794531266 VAR_RELERR=1.905153e-07 MIN_DISC=+1.529332216421e-14 WORST_M=4 MAX_ROOT_IMAG=0.000000e+00 PASS=YES
HEALTH KF=0.650000000 H=5.000000000e-04 CT2=0.998969695064 CL2=0.992793516353 VAR_RELERR=2.007954e-07 MIN_DISC=+5.803968416984e-13 WORST_M=4 MAX_ROOT_IMAG=0.000000e+00 PASS=YES
HEALTH KF=0.650000000 H=7.500000000e-04 CT2=0.998969695064 CL2=0.992793325429 VAR_RELERR=3.168287e-07 MIN_DISC=+6.907079075358e-13 WORST_M=4 MAX_ROOT_IMAG=0.000000e+00 PASS=YES
HEALTH_ROBUST KF=0.650000000 PASS=YES
HEALTH KF=0.700000000 H=2.500000000e-04 CT2=0.998966734063 CL2=0.992781467407 VAR_RELERR=7.115716e-08 MIN_DISC=-3.124875358473e-12 WORST_M=4 MAX_ROOT_IMAG=8.148269e-04 PASS=NO
HEALTH KF=0.700000000 H=5.000000000e-04 CT2=0.998966734063 CL2=0.992777916362 VAR_RELERR=9.687952e-08 MIN_DISC=-1.915367170424e-12 WORST_M=4 MAX_ROOT_IMAG=6.375213e-04 PASS=NO
HEALTH KF=0.700000000 H=7.500000000e-04 CT2=0.998966734063 CL2=0.992776881077 VAR_RELERR=2.186841e-07 MIN_DISC=-1.479698308327e-12 WORST_M=4 MAX_ROOT_IMAG=5.602410e-04 PASS=NO
HEALTH_ROBUST KF=0.700000000 PASS=NO
HEALTH KF=0.750000000 H=2.500000000e-04 CT2=0.998963745969 CL2=0.992758193843 VAR_RELERR=1.943764e-07 MIN_DISC=-2.387263997594e-12 WORST_M=4 MAX_ROOT_IMAG=7.077978e-04 PASS=NO
HEALTH KF=0.750000000 H=5.000000000e-04 CT2=0.998963745969 CL2=0.992757146871 VAR_RELERR=2.037542e-07 MIN_DISC=-1.983170572206e-12 WORST_M=4 MAX_ROOT_IMAG=6.449955e-04 PASS=NO
HEALTH KF=0.750000000 H=7.500000000e-04 CT2=0.998963745969 CL2=0.992756946663 VAR_RELERR=3.208746e-07 MIN_DISC=-1.901510199298e-12 WORST_M=4 MAX_ROOT_IMAG=6.315528e-04 PASS=NO
HEALTH_ROBUST KF=0.750000000 PASS=NO
HEALTH KF=0.800000000 H=2.500000000e-04 CT2=0.998960730067 CL2=0.992745320172 VAR_RELERR=9.844336e-08 MIN_DISC=-4.287278865256e-12 WORST_M=4 MAX_ROOT_IMAG=9.444412e-04 PASS=NO
HEALTH KF=0.800000000 H=5.000000000e-04 CT2=0.998960730067 CL2=0.992741509587 VAR_RELERR=1.075217e-07 MIN_DISC=-3.713689078477e-12 WORST_M=4 MAX_ROOT_IMAG=8.783911e-04 PASS=NO
HEALTH KF=0.800000000 H=7.500000000e-04 CT2=0.998960730067 CL2=0.992740389228 VAR_RELERR=2.251865e-07 MIN_DISC=-3.447502699983e-12 WORST_M=4 MAX_ROOT_IMAG=8.461546e-04 PASS=NO
HEALTH_ROBUST KF=0.800000000 PASS=NO
MAX_TESTED_ROBUST_HEALTH_KF=0.650000000

=== SELECTED 0.625 DOMAIN CONVERGENCE ===
DOMAIN RMAX=45.0 DELTA_A_BIND=-6.630246814149743e-02 DELTA_FIXEDQ_EQ=-1.500558794541540e-01 BINDING=YES
DOMAIN RMAX=60.0 DELTA_A_BIND=-6.728366331222446e-02 DELTA_FIXEDQ_EQ=-1.506467056679490e-01 BINDING=YES
DOMAIN RMAX=80.0 DELTA_A_BIND=-6.797440220364592e-02 DELTA_FIXEDQ_EQ=-1.510069595412258e-01 BINDING=YES
SELECTED_DOMAIN_REL_SPREAD=6.313314870410307e-03
SELECTED_DOMAIN_BINDING=PASS

=== BLIND USER WILDCARD CONTROLS ===
WILDCARD_RAW VALUE=1.600000000 AS_KAPPA_FRACTION=REJECTED_BY_QUARTIC_BOUNDEDNESS
WILDCARD_SAFE[SOURCE=1.600000000,TRANSFORM=INVERSE] KF=0.625000000 KAPPA=8.794529549669e-01 QUARTIC_MARGIN=6.093750000e-01 DELTA_A_BIND=-6.728366330994e-02 DELTA_FIXEDQ_EQ=-1.506467610881e-01 SIGMA2_SHIFT=+2.815522911e-02 A_CROSS=-7.246232406498e-02 F_HALF_R=2.662740638 RHO_HALF_R=22.060642304 BOUND=YES BINDING=YES
WILDCARD_INTERPRETATION=BLIND_CONTROL_ONLY_NOT_PHYSICS_PRIOR
WILDCARD_RAW VALUE=1.875000000 AS_KAPPA_FRACTION=REJECTED_BY_QUARTIC_BOUNDEDNESS
WILDCARD_SAFE[SOURCE=1.875000000,TRANSFORM=INVERSE] KF=0.533333333 KAPPA=7.504665215717e-01 QUARTIC_MARGIN=7.155555556e-01 DELTA_A_BIND=-5.679413805642e-02 DELTA_FIXEDQ_EQ=-1.281180664610e-01 SIGMA2_SHIFT=+2.388714268e-02 A_CROSS=-6.026596376787e-02 F_HALF_R=2.656520182 RHO_HALF_R=20.905333951 BOUND=YES BINDING=YES
WILDCARD_INTERPRETATION=BLIND_CONTROL_ONLY_NOT_PHYSICS_PRIOR
WILDCARD_RAW VALUE=3.125000000 AS_KAPPA_FRACTION=REJECTED_BY_QUARTIC_BOUNDEDNESS
WILDCARD_SAFE[SOURCE=3.125000000,TRANSFORM=INVERSE] KF=0.320000000 KAPPA=4.502799129430e-01 QUARTIC_MARGIN=8.976000000e-01 DELTA_A_BIND=-3.330075359956e-02 DELTA_FIXEDQ_EQ=-7.625069853617e-02 SIGMA2_SHIFT=+1.412971815e-02 A_CROSS=-3.439869484985e-02 F_HALF_R=2.642261591 RHO_HALF_R=19.050870387 BOUND=YES BINDING=YES
WILDCARD_INTERPRETATION=BLIND_CONTROL_ONLY_NOT_PHYSICS_PRIOR
WILDCARD_RAW VALUE=0.625000000 AS_KAPPA_FRACTION=ALLOWED
WILDCARD_SAFE[SOURCE=0.625000000,TRANSFORM=IDENTITY] KF=0.625000000 KAPPA=8.794529549669e-01 QUARTIC_MARGIN=6.093750000e-01 DELTA_A_BIND=-6.728366330994e-02 DELTA_FIXEDQ_EQ=-1.506467610881e-01 SIGMA2_SHIFT=+2.815522911e-02 A_CROSS=-7.246232406498e-02 F_HALF_R=2.662740638 RHO_HALF_R=22.060642304 BOUND=YES BINDING=YES
WILDCARD_INTERPRETATION=BLIND_CONTROL_ONLY_NOT_PHYSICS_PRIOR
WILDCARD_RAW VALUE=5.000000000 AS_KAPPA_FRACTION=REJECTED_BY_QUARTIC_BOUNDEDNESS
WILDCARD_SAFE[SOURCE=5.000000000,TRANSFORM=INVERSE] KF=0.200000000 KAPPA=2.814249455894e-01 QUARTIC_MARGIN=9.600000000e-01 DELTA_A_BIND=-2.056042410156e-02 DELTA_FIXEDQ_EQ=-4.741377249653e-02 SIGMA2_SHIFT=+8.753602535e-03 A_CROSS=-2.097558919836e-02 F_HALF_R=2.634382288 RHO_HALF_R=18.362529425 BOUND=YES BINDING=YES
WILDCARD_INTERPRETATION=BLIND_CONTROL_ONLY_NOT_PHYSICS_PRIOR

=== 018A-2 DECISION ===
017P_BASELINE_RECONSTRUCTION=PASS
SELECTED_KAPPA_FRACTION=0.625000000
SELECTED_QUARTIC_BOUNDEDNESS=PASS
SELECTED_CORE_BINDING=PASS
SELECTED_EOS_AND_EXTRINSIC_HEALTH=PASS
SELECTED_DOMAIN_CONVERGENCE=PASS
018A2_CORE_BINDING_PREFLIGHT=GREEN
TRUE_2D_STRING_WALL_JUNCTION=NOT_YET_SOLVED
COMPLETE_JUNCTION_STRESS_ENERGY=NOT_YET_SOLVED
FINITE_PAYLOAD_GRAVITY_AFTER_TRUE_JUNCTION=NOT_YET_TESTED
FULL_018A_GATE=NOT_YET_GREEN
PRACTICAL_ANTIGRAVITY_DEVICE=NO
CLAIM_CLASSIFICATION=PROJECT_DERIVED_018A_CORE_BINDING_PREFLIGHT
NEXT=018A3_TRUE_2D_STRING_WALL_JUNCTION_WITH_EXPLICIT_BREAKING_AND_COMPLETE_LINE_STRESS
