=== ANTIGRAVITY_RESEARCH 018A-3 ===
QUESTION=DOES_MICROSCOPIC_WALL_TENSION_PEEL_THE_BOUNDARY_STRING_OFF_THE_017P_CORE
TRUE_2D_EXPLICIT_BREAKING_JUNCTION=NOT_SOLVED_BY_THIS_GATE
TRANSLATIONAL_BINDING_FORCE_PREFLIGHT=YES
018A2_PRIOR_GATE_RECHECK=GREEN

=== MICROSCOPIC WALL FORCE RECONSTRUCTION ===
SIGMA_W=3.266811497879338e-04
DELTA_W=1.333333333333333e+02
ACTIVE_OVER_SIGMA=-1.000000131753856e+00
WALL_VIRIAL_RESIDUAL=-1.317538559042046e-07
MICROSCOPIC_WALL_FORCE_RECONSTRUCTION=PASS

=== RADIAL PROFILE RECONSTRUCTION ===
BASE_A_STRING_RELERR=3.159712793720760e-07
BASE_SIGMA2_RELERR=3.890493262839271e-07
017P_BASELINE_RECONSTRUCTION=PASS

=== BASELINE PROFILE FFT CORRELATION ===
FFT_MAIN_N=535
FFT_MAIN_DX=5.992509363295824e-01
FFT_MAIN_BOX_HALF=160.000000000
FFT_MAIN_DMAX=119.850187266

=== HEALTHY COUPLING FORCE / BARRIER SCAN ===
COUPLING KF=0.400000000 DELTA_TOTAL=-4.218965610495751e-02 A_CROSS=-4.425115573912453e-02 ETA_RELAX=0.953413654407
BASELINE_SHAPE KF=0.400000000 FORCE_RATIO=2.660008393770 FMAX=8.689746005224133e-04 FMAX_D=20.953807740 STABLE_D=4.720589926 UNSTABLE_D=53.121088064 BARRIER=1.513531421275451e-02 BARRIER_OVER_SIGMA_DELTA=0.347479053105 STABLE_CURV=+6.511407444997802e-05 UNSTABLE_CURV=-1.231023347554107e-05 PASS=YES
RELAXED_SHAPE KF=0.400000000 FORCE_RATIO=2.649664418929 FMAX=8.655954189277951e-04 FMAX_D=23.450686642 STABLE_D=6.261474110 UNSTABLE_D=63.701126871 BARRIER=1.694198156649136e-02 BARRIER_OVER_SIGMA_DELTA=0.388956821755 STABLE_CURV=+6.310773688740529e-05 UNSTABLE_CURV=-5.775430353279058e-06 PASS=YES
FORCE_GATE KF=0.400000000 BOTH_ESTIMATES_PASS=YES
COUPLING KF=0.500000000 DELTA_TOTAL=-5.341279084120742e-02 A_CROSS=-5.697229749280297e-02 ETA_RELAX=0.937522150093
BASELINE_SHAPE KF=0.500000000 FORCE_RATIO=3.269589198072 FMAX=1.068113158560263e-03 FMAX_D=20.953807740 STABLE_D=3.800657694 UNSTABLE_D=59.184362761 BARRIER=2.247186079000495e-02 BARRIER_OVER_SIGMA_DELTA=0.515912705813 STABLE_CURV=+8.262287638068289e-05 UNSTABLE_CURV=-9.594641470172749e-06 PASS=YES
RELAXED_SHAPE KF=0.500000000 FORCE_RATIO=3.168160076925 FMAX=1.034978176642146e-03 FMAX_D=24.998751561 STABLE_D=5.814957595 UNSTABLE_D=78.432484851 BARRIER=2.709869996827993e-02 BARRIER_OVER_SIGMA_DELTA=0.622136446789 STABLE_CURV=+7.164223087804296e-05 UNSTABLE_CURV=-4.988971590635534e-05 PASS=YES
FORCE_GATE KF=0.500000000 BOTH_ESTIMATES_PASS=YES
COUPLING KF=0.600000000 DELTA_TOTAL=-6.500655800376975e-02 A_CROSS=-7.086436569952315e-02 ETA_RELAX=0.917337753073
BASELINE_SHAPE KF=0.600000000 FORCE_RATIO=3.839035834791 FMAX=1.254140640586587e-03 FMAX_D=20.953807740 STABLE_D=3.219359465 UNSTABLE_D=67.278188572 BARRIER=2.973742813849525e-02 BARRIER_OVER_SIGMA_DELTA=0.682716805618 STABLE_CURV=+9.873509403919636e-05 UNSTABLE_CURV=-2.792665921583288e-06 PASS=YES
RELAXED_SHAPE KF=0.600000000 FORCE_RATIO=3.583861022811 FMAX=1.170779839612151e-03 FMAX_D=27.335830212 STABLE_D=5.738515636 UNSTABLE_D=80.122548853 BARRIER=3.785143561666796e-02 BARRIER_OVER_SIGMA_DELTA=0.868999534590 STABLE_CURV=+7.506952042816814e-05 UNSTABLE_CURV=-7.805644025221247e-05 PASS=YES
FORCE_GATE KF=0.600000000 BOTH_ESTIMATES_PASS=YES
COUPLING KF=0.625000000 DELTA_TOTAL=-6.797440220043605e-02 A_CROSS=-7.458442220275797e-02 ETA_RELAX=0.911375327353
BASELINE_SHAPE KF=0.625000000 FORCE_RATIO=3.973003365046 FMAX=1.297905307404616e-03 FMAX_D=20.953807740 STABLE_D=3.107977824 UNSTABLE_D=76.286848186 BARRIER=3.159020812415238e-02 BARRIER_OVER_SIGMA_DELTA=0.725253235716 STABLE_CURV=+1.025196303283481e-04 UNSTABLE_CURV=-1.625485610486234e-05 PASS=YES
RELAXED_SHAPE KF=0.625000000 FORCE_RATIO=3.670547042627 FMAX=1.199098528236199e-03 FMAX_D=28.114856429 STABLE_D=5.766789780 UNSTABLE_D=80.462946507 BARRIER=4.057940767017090e-02 BARRIER_OVER_SIGMA_DELTA=0.931628769287 STABLE_CURV=+7.519658184239598e-05 UNSTABLE_CURV=-8.356255732239648e-05 PASS=YES
FORCE_GATE KF=0.625000000 BOTH_ESTIMATES_PASS=YES
COUPLING KF=0.650000000 DELTA_TOTAL=-7.097410110410962e-02 A_CROSS=-7.842741450199961e-02 ETA_RELAX=0.904965458249
BASELINE_SHAPE KF=0.650000000 FORCE_RATIO=4.102862927146 FMAX=1.340327978462292e-03 FMAX_D=20.953807740 STABLE_D=3.007271789 UNSTABLE_D=76.808158922 BARRIER=3.340762308850224e-02 BARRIER_OVER_SIGMA_DELTA=0.766977749792 STABLE_CURV=+1.061871193986746e-04 UNSTABLE_CURV=-2.422576668745203e-05 PASS=YES
RELAXED_SHAPE KF=0.650000000 FORCE_RATIO=3.750646204627 FMAX=1.225265414575269e-03 FMAX_D=28.993757803 STABLE_D=5.813498009 UNSTABLE_D=80.787706511 BARRIER=4.332048811653508e-02 BARRIER_OVER_SIGMA_DELTA=0.994558948641 STABLE_CURV=+7.503799215734544e-05 UNSTABLE_CURV=-8.858721737145592e-05 PASS=YES
FORCE_GATE KF=0.650000000 BOTH_ESTIMATES_PASS=YES
COUPLING KF=0.700000000 DELTA_TOTAL=-7.707945804138028e-02 A_CROSS=-8.654585487465724e-02 ETA_RELAX=0.890619870276
BASELINE_SHAPE KF=0.700000000 FORCE_RATIO=4.348425847873 FMAX=1.420548755750563e-03 FMAX_D=20.953807740 STABLE_D=2.833734286 UNSTABLE_D=77.446449930 BARRIER=3.685837792142194e-02 BARRIER_OVER_SIGMA_DELTA=0.846200751375 STABLE_CURV=+1.127745466451317e-04 UNSTABLE_CURV=-3.542447332309153e-05 PASS=YES
RELAXED_SHAPE KF=0.700000000 FORCE_RATIO=3.893791624861 FMAX=1.272028325044195e-03 FMAX_D=31.191011236 STABLE_D=5.963432099 UNSTABLE_D=81.405200994 BARRIER=4.883671469968195e-02 BARRIER_OVER_SIGMA_DELTA=1.121201393118 STABLE_CURV=+7.388608586198646e-05 UNSTABLE_CURV=-9.663371433226843e-05 PASS=YES
FORCE_GATE KF=0.700000000 BOTH_ESTIMATES_PASS=YES

=== NONMARGINAL NEIGHBORHOOD DECISION ===
NONMARGINAL_TESTED_COUNT=4
NONMARGINAL_PASS_COUNT=4
NONMARGINAL_PASS_MIN_KF=0.400000000
NONMARGINAL_PASS_MAX_KF=0.625000000
NONMARGINAL_CONTIGUOUS_FORCE_BASIN=PASS

=== SELECTED 0.625 FFT CONVERGENCE ===
GRID_CONV BOX_HALF=140.000000 N=401 DX=7.000000000000e-01 FORCE_RATIO=3.670545315810 STABLE_D=5.766641027 UNSTABLE_D=80.462154319 BARRIER=4.058037852097675e-02 PASS=YES
GRID_CONV BOX_HALF=160.000000 N=535 DX=5.992509363296e-01 FORCE_RATIO=3.670547042627 STABLE_D=5.766789780 UNSTABLE_D=80.462946507 BARRIER=4.057940767017090e-02 PASS=YES
GRID_CONV BOX_HALF=180.000000 N=801 DX=4.500000000000e-01 FORCE_RATIO=3.670546500289 STABLE_D=5.766775852 UNSTABLE_D=80.463088692 BARRIER=4.058019261325795e-02 PASS=YES
GRID_FORCE_RATIO_REL_SPREAD=4.704523825546377e-07
FFT_GRID_CONVERGENCE=PASS

=== SELECTED 0.625 RADIAL-PROFILE DOMAIN CONVERGENCE ===
PROFILE_CONV RMAX=60.000 ETA=0.928533042296 FORCE_RATIO=4.252219648478 STABLE_D=5.199329976 UNSTABLE_D=62.159053854 BARRIER=4.606289130583102e-02 PASS=YES
PROFILE_CONV RMAX=80.000 ETA=0.911375218852 FORCE_RATIO=3.670543870345 STABLE_D=5.766795377 UNSTABLE_D=80.462950823 BARRIER=4.057940564266561e-02 PASS=YES
PROFILE_FORCE_RATIO_REL_SPREAD=1.468365871961286e-01
RADIAL_PROFILE_CONVERGENCE=FAIL

=== CONSERVATIVE CRITICAL COUPLING ESTIMATE ===
ETA_RELAX_FLOOR=9.113753273525057e-01
LINEARIZED_CRITICAL_KF_ESTIMATE=1.573117217817256e-01

=== BLIND WILDCARD FORCE CHECK ===
WILDCARD RAW=1.600000000 TRANSFORM=INVERSE KF=0.625000000 FORCE_RATIO=3.973003365046 STABLE_D=3.107977824 BARRIER=3.159020812415238e-02 PASS=YES INTERPRETATION=BLIND_CONTROL_ONLY
WILDCARD RAW=1.875000000 TRANSFORM=INVERSE KF=0.533333333 FORCE_RATIO=3.390296204839 STABLE_D=3.660190195 BARRIER=2.397789139264624e-02 PASS=YES INTERPRETATION=BLIND_CONTROL_ONLY
WILDCARD RAW=3.125000000 TRANSFORM=INVERSE KF=0.320000000 FORCE_RATIO=2.034177722904 STABLE_D=6.318641190 BARRIER=8.189805329378751e-03 PASS=YES INTERPRETATION=BLIND_CONTROL_ONLY
WILDCARD RAW=0.625000000 TRANSFORM=IDENTITY KF=0.625000000 FORCE_RATIO=3.973003365046 STABLE_D=3.107977824 BARRIER=3.159020812415238e-02 PASS=YES INTERPRETATION=BLIND_CONTROL_ONLY
WILDCARD RAW=5.000000000 TRANSFORM=INVERSE KF=0.200000000 FORCE_RATIO=1.271361076815 STABLE_D=11.341206019 BARRIER=1.294506591826903e-03 PASS=YES INTERPRETATION=BLIND_CONTROL_ONLY

=== 018A-3 DECISION ===
SELECTED_KF_0P625_FORCE_GATE=PASS
NONMARGINAL_FORCE_BASIN=PASS
FFT_GRID_CONVERGENCE=PASS
RADIAL_PROFILE_CONVERGENCE=FAIL
018A3_WALL_PULL_VS_BINDING_FORCE_GATE=RED
TRUE_2D_STRING_WALL_JUNCTION=NOT_YET_SOLVED
COMPLETE_JUNCTION_STRESS_ENERGY=NOT_YET_SOLVED
FINITE_PAYLOAD_GRAVITY_AFTER_TRUE_JUNCTION=NOT_YET_TESTED
FULL_018A_GATE=NOT_YET_GREEN
PRACTICAL_ANTIGRAVITY_DEVICE=NO
CLAIM_CLASSIFICATION=PROJECT_DERIVED_018A_TRANSLATIONAL_JUNCTION_FORCE_PREFLIGHT
NEXT=AUDIT_OR_DEMOTE_SEPARATE_WALL_CORE_BINDING_BEFORE_FULL_2D_PDE
