=== ANTIGRAVITY_RESEARCH 018A-5 ===
QUESTION=DOES_THE_SAME_GAUGE_KLS_CLASS_HAVE_A_RELAXED_STABLE_MICROSCOPIC_PLANAR_WALL

=== ANALYTIC WALL BRANCHES ===
SIGMA_PHASE_TRIAL_018A4=4.496839270691313e-03
SIGMA_REAL_EXACT_FROZEN_PHI=5.624999999999998e-04
REAL_OVER_PHASE_TENSION=1.250878597476589e-01
K_REAL=3.750000000000000e-02
DELTA_CHAR_REAL=2.666666666666667e+01
H_CRITICAL_FIXED_PHI=3.515625000000000e-04
H_SELECTED=1.000000000000000e-02
PHASE_EIGENVALUE_FIXED_PHI=+3.859375000000000e-02
FROZEN_PHI_REAL_WALL_PHASE_STABILITY=PASS

=== COUPLED PHI + A PLANAR WALL DOMAIN CONVERGENCE ===
WALL_DOMAIN MULT=8.0 SIGMA=5.623876162356480e-04 ACTIVE_OVER_SIGMA=-1.000000001109 VIRIAL=-1.108754e-09 F_MIN=0.999943904891 F_MAX_ABS_DEV=5.609510865301e-05 WIDTH90=78.534139196601 MIN_V=-2.710505e-20 MAX_V=7.906982e-06 MAX_RMS=3.712671e-10
WALL_DOMAIN MULT=10.0 SIGMA=5.623876164935170e-04 ACTIVE_OVER_SIGMA=-1.000000002719 VIRIAL=-2.718952e-09 F_MIN=0.999943904911 F_MAX_ABS_DEV=5.609508852089e-05 WIDTH90=78.534156436540 MIN_V=-2.710505e-20 MAX_V=7.906976e-06 MAX_RMS=7.252164e-10
WALL_DOMAIN MULT=12.0 SIGMA=5.623876169625573e-04 ACTIVE_OVER_SIGMA=-1.000000005638 VIRIAL=-5.637830e-09 F_MIN=0.999943904936 F_MAX_ABS_DEV=5.609506384807e-05 WIDTH90=78.534118560778 MIN_V=-2.710505e-20 MAX_V=7.906969e-06 MAX_RMS=1.252900e-09
WALL_DOMAIN MULT=16.0 SIGMA=5.623876189195277e-04 ACTIVE_OVER_SIGMA=-1.000000017816 VIRIAL=-1.781570e-08 F_MIN=0.999943904999 F_MAX_ABS_DEV=5.609500071446e-05 WIDTH90=78.534231392078 MIN_V=-2.710505e-20 MAX_V=7.906952e-06 MAX_RMS=2.969419e-09
WALL_TENSION_DOMAIN_REL_SPREAD=4.313769912389596e-09
RELAXED_WALL_DOMAIN_CONVERGENCE=PASS
RELAXED_WALL_ACTIVE_SOURCE_EQUALS_MINUS_TENSION=PASS
RELAXED_WALL_VIRIAL=PASS
RELAXED_VS_FROZEN_REAL_TENSION_RELERR=1.997920665644526e-04
PHI_RELAXATION_MAX_ABS=5.609506384807172e-05

=== TRANSVERSE COMPLEX-A MODE ===
PHASE_EIGENVALUE_NUMERIC_COUPLED_WALL=+3.859280991873301e-02
PHASE_EIGENVALUE_FIXED_PHI_ANALYTIC=+3.859375000000000e-02
TRANSVERSE_A_IMAGINARY_MODE_PREFLIGHT=PASS

=== MICROSCOPIC 017P SCALE CLOSURE ===
SIGMA_W_RELAXED=5.623876169625573e-04
Q_REQ=2.252001800657217e+04
N_REQ=3.397591227459448e+03
N_INTEGER=3398
R_REQ=1.525976485088629e+03
R_OVER_DELTA_CHAR=57.224118190824
R_OVER_WIDTH90=19.430745681670
R_OVER_CORE=114.448236381647
INTEGER_LOAD_MISMATCH=1.203124546734213e-04
RELAXED_MICROSCOPIC_SCALE_CLOSURE=PASS

=== ORIGINAL 30-POINT ANALYTIC REAL-WALL BASIN ===
COARSE F=0.050000000 H=0.002500000 LAMBDA_A=1.000000000 PHASE_EIG_FIXED=+9.375000000000e-03 SIGMA_REAL=1.666666666667e-04 DELTA_CHAR=40.000000000 WIDTH90=117.777559167 Q_REQ=75989.875564020 N_REQ=11464.579402943 R_REQ=5149.141673939 R_OVER_DELTA=128.728541848 R_OVER_WIDTH90=43.719208569 R_OVER_CORE=257.457083697 GAUGE_M2_SHIFT=6.250000000e-04 PASS=YES
COARSE F=0.050000000 H=0.005000000 LAMBDA_A=1.000000000 PHASE_EIG_FIXED=+1.937500000000e-02 SIGMA_REAL=1.666666666667e-04 DELTA_CHAR=40.000000000 WIDTH90=117.777559167 Q_REQ=75989.875564020 N_REQ=11464.579402943 R_REQ=5149.141673939 R_OVER_DELTA=128.728541848 R_OVER_WIDTH90=43.719208569 R_OVER_CORE=257.457083697 GAUGE_M2_SHIFT=6.250000000e-04 PASS=YES
COARSE F=0.050000000 H=0.010000000 LAMBDA_A=1.000000000 PHASE_EIG_FIXED=+3.937500000000e-02 SIGMA_REAL=1.666666666667e-04 DELTA_CHAR=40.000000000 WIDTH90=117.777559167 Q_REQ=75989.875564020 N_REQ=11464.579402943 R_REQ=5149.141673939 R_OVER_DELTA=128.728541848 R_OVER_WIDTH90=43.719208569 R_OVER_CORE=257.457083697 GAUGE_M2_SHIFT=6.250000000e-04 PASS=YES
COARSE F=0.050000000 H=0.020000000 LAMBDA_A=1.000000000 PHASE_EIG_FIXED=+7.937500000000e-02 SIGMA_REAL=1.666666666667e-04 DELTA_CHAR=40.000000000 WIDTH90=117.777559167 Q_REQ=75989.875564020 N_REQ=11464.579402943 R_REQ=5149.141673939 R_OVER_DELTA=128.728541848 R_OVER_WIDTH90=43.719208569 R_OVER_CORE=257.457083697 GAUGE_M2_SHIFT=6.250000000e-04 PASS=YES
COARSE F=0.050000000 H=0.040000000 LAMBDA_A=1.000000000 PHASE_EIG_FIXED=+1.593750000000e-01 SIGMA_REAL=1.666666666667e-04 DELTA_CHAR=40.000000000 WIDTH90=117.777559167 Q_REQ=75989.875564020 N_REQ=11464.579402943 R_REQ=5149.141673939 R_OVER_DELTA=128.728541848 R_OVER_WIDTH90=43.719208569 R_OVER_CORE=257.457083697 GAUGE_M2_SHIFT=6.250000000e-04 PASS=YES
COARSE F=0.050000000 H=0.080000000 LAMBDA_A=1.000000000 PHASE_EIG_FIXED=+3.193750000000e-01 SIGMA_REAL=1.666666666667e-04 DELTA_CHAR=40.000000000 WIDTH90=117.777559167 Q_REQ=75989.875564020 N_REQ=11464.579402943 R_REQ=5149.141673939 R_OVER_DELTA=128.728541848 R_OVER_WIDTH90=43.719208569 R_OVER_CORE=257.457083697 GAUGE_M2_SHIFT=6.250000000e-04 PASS=YES
COARSE F=0.075000000 H=0.002500000 LAMBDA_A=1.000000000 PHASE_EIG_FIXED=+8.593750000000e-03 SIGMA_REAL=5.625000000000e-04 DELTA_CHAR=26.666666667 WIDTH90=78.518372778 Q_REQ=22515.518685636 N_REQ=3396.912415687 R_REQ=1525.671607093 R_OVER_DELTA=57.212685266 R_OVER_WIDTH90=19.430759364 R_OVER_CORE=114.425370532 GAUGE_M2_SHIFT=1.406250000e-03 PASS=YES
COARSE F=0.075000000 H=0.005000000 LAMBDA_A=1.000000000 PHASE_EIG_FIXED=+1.859375000000e-02 SIGMA_REAL=5.625000000000e-04 DELTA_CHAR=26.666666667 WIDTH90=78.518372778 Q_REQ=22515.518685636 N_REQ=3396.912415687 R_REQ=1525.671607093 R_OVER_DELTA=57.212685266 R_OVER_WIDTH90=19.430759364 R_OVER_CORE=114.425370532 GAUGE_M2_SHIFT=1.406250000e-03 PASS=YES
COARSE F=0.075000000 H=0.010000000 LAMBDA_A=1.000000000 PHASE_EIG_FIXED=+3.859375000000e-02 SIGMA_REAL=5.625000000000e-04 DELTA_CHAR=26.666666667 WIDTH90=78.518372778 Q_REQ=22515.518685636 N_REQ=3396.912415687 R_REQ=1525.671607093 R_OVER_DELTA=57.212685266 R_OVER_WIDTH90=19.430759364 R_OVER_CORE=114.425370532 GAUGE_M2_SHIFT=1.406250000e-03 PASS=YES
COARSE F=0.075000000 H=0.020000000 LAMBDA_A=1.000000000 PHASE_EIG_FIXED=+7.859375000000e-02 SIGMA_REAL=5.625000000000e-04 DELTA_CHAR=26.666666667 WIDTH90=78.518372778 Q_REQ=22515.518685636 N_REQ=3396.912415687 R_REQ=1525.671607093 R_OVER_DELTA=57.212685266 R_OVER_WIDTH90=19.430759364 R_OVER_CORE=114.425370532 GAUGE_M2_SHIFT=1.406250000e-03 PASS=YES
COARSE F=0.075000000 H=0.040000000 LAMBDA_A=1.000000000 PHASE_EIG_FIXED=+1.585937500000e-01 SIGMA_REAL=5.625000000000e-04 DELTA_CHAR=26.666666667 WIDTH90=78.518372778 Q_REQ=22515.518685636 N_REQ=3396.912415687 R_REQ=1525.671607093 R_OVER_DELTA=57.212685266 R_OVER_WIDTH90=19.430759364 R_OVER_CORE=114.425370532 GAUGE_M2_SHIFT=1.406250000e-03 PASS=YES
COARSE F=0.075000000 H=0.080000000 LAMBDA_A=1.000000000 PHASE_EIG_FIXED=+3.185937500000e-01 SIGMA_REAL=5.625000000000e-04 DELTA_CHAR=26.666666667 WIDTH90=78.518372778 Q_REQ=22515.518685636 N_REQ=3396.912415687 R_REQ=1525.671607093 R_OVER_DELTA=57.212685266 R_OVER_WIDTH90=19.430759364 R_OVER_CORE=114.425370532 GAUGE_M2_SHIFT=1.406250000e-03 PASS=YES
COARSE F=0.100000000 H=0.002500000 LAMBDA_A=1.000000000 PHASE_EIG_FIXED=+7.500000000000e-03 SIGMA_REAL=1.333333333333e-03 DELTA_CHAR=20.000000000 WIDTH90=58.888779583 Q_REQ=9498.734445502 N_REQ=1433.072425368 R_REQ=643.642709242 R_OVER_DELTA=32.182135462 R_OVER_WIDTH90=10.929802142 R_OVER_CORE=64.364270924 GAUGE_M2_SHIFT=2.500000000e-03 PASS=YES
COARSE F=0.100000000 H=0.005000000 LAMBDA_A=1.000000000 PHASE_EIG_FIXED=+1.750000000000e-02 SIGMA_REAL=1.333333333333e-03 DELTA_CHAR=20.000000000 WIDTH90=58.888779583 Q_REQ=9498.734445502 N_REQ=1433.072425368 R_REQ=643.642709242 R_OVER_DELTA=32.182135462 R_OVER_WIDTH90=10.929802142 R_OVER_CORE=64.364270924 GAUGE_M2_SHIFT=2.500000000e-03 PASS=YES
COARSE F=0.100000000 H=0.010000000 LAMBDA_A=1.000000000 PHASE_EIG_FIXED=+3.750000000000e-02 SIGMA_REAL=1.333333333333e-03 DELTA_CHAR=20.000000000 WIDTH90=58.888779583 Q_REQ=9498.734445502 N_REQ=1433.072425368 R_REQ=643.642709242 R_OVER_DELTA=32.182135462 R_OVER_WIDTH90=10.929802142 R_OVER_CORE=64.364270924 GAUGE_M2_SHIFT=2.500000000e-03 PASS=YES
COARSE F=0.100000000 H=0.020000000 LAMBDA_A=1.000000000 PHASE_EIG_FIXED=+7.750000000000e-02 SIGMA_REAL=1.333333333333e-03 DELTA_CHAR=20.000000000 WIDTH90=58.888779583 Q_REQ=9498.734445502 N_REQ=1433.072425368 R_REQ=643.642709242 R_OVER_DELTA=32.182135462 R_OVER_WIDTH90=10.929802142 R_OVER_CORE=64.364270924 GAUGE_M2_SHIFT=2.500000000e-03 PASS=YES
COARSE F=0.100000000 H=0.040000000 LAMBDA_A=1.000000000 PHASE_EIG_FIXED=+1.575000000000e-01 SIGMA_REAL=1.333333333333e-03 DELTA_CHAR=20.000000000 WIDTH90=58.888779583 Q_REQ=9498.734445502 N_REQ=1433.072425368 R_REQ=643.642709242 R_OVER_DELTA=32.182135462 R_OVER_WIDTH90=10.929802142 R_OVER_CORE=64.364270924 GAUGE_M2_SHIFT=2.500000000e-03 PASS=YES
COARSE F=0.100000000 H=0.080000000 LAMBDA_A=1.000000000 PHASE_EIG_FIXED=+3.175000000000e-01 SIGMA_REAL=1.333333333333e-03 DELTA_CHAR=20.000000000 WIDTH90=58.888779583 Q_REQ=9498.734445502 N_REQ=1433.072425368 R_REQ=643.642709242 R_OVER_DELTA=32.182135462 R_OVER_WIDTH90=10.929802142 R_OVER_CORE=64.364270924 GAUGE_M2_SHIFT=2.500000000e-03 PASS=YES
COARSE F=0.125000000 H=0.002500000 LAMBDA_A=1.000000000 PHASE_EIG_FIXED=+6.093750000000e-03 SIGMA_REAL=2.604166666667e-03 DELTA_CHAR=16.000000000 WIDTH90=47.111023667 Q_REQ=4863.352036097 N_REQ=733.733081788 R_REQ=329.545067132 R_OVER_DELTA=20.596566696 R_OVER_WIDTH90=6.995073371 R_OVER_CORE=41.193133392 GAUGE_M2_SHIFT=3.906250000e-03 PASS=NO
COARSE F=0.125000000 H=0.005000000 LAMBDA_A=1.000000000 PHASE_EIG_FIXED=+1.609375000000e-02 SIGMA_REAL=2.604166666667e-03 DELTA_CHAR=16.000000000 WIDTH90=47.111023667 Q_REQ=4863.352036097 N_REQ=733.733081788 R_REQ=329.545067132 R_OVER_DELTA=20.596566696 R_OVER_WIDTH90=6.995073371 R_OVER_CORE=41.193133392 GAUGE_M2_SHIFT=3.906250000e-03 PASS=NO
COARSE F=0.125000000 H=0.010000000 LAMBDA_A=1.000000000 PHASE_EIG_FIXED=+3.609375000000e-02 SIGMA_REAL=2.604166666667e-03 DELTA_CHAR=16.000000000 WIDTH90=47.111023667 Q_REQ=4863.352036097 N_REQ=733.733081788 R_REQ=329.545067132 R_OVER_DELTA=20.596566696 R_OVER_WIDTH90=6.995073371 R_OVER_CORE=41.193133392 GAUGE_M2_SHIFT=3.906250000e-03 PASS=NO
COARSE F=0.125000000 H=0.020000000 LAMBDA_A=1.000000000 PHASE_EIG_FIXED=+7.609375000000e-02 SIGMA_REAL=2.604166666667e-03 DELTA_CHAR=16.000000000 WIDTH90=47.111023667 Q_REQ=4863.352036097 N_REQ=733.733081788 R_REQ=329.545067132 R_OVER_DELTA=20.596566696 R_OVER_WIDTH90=6.995073371 R_OVER_CORE=41.193133392 GAUGE_M2_SHIFT=3.906250000e-03 PASS=NO
COARSE F=0.125000000 H=0.040000000 LAMBDA_A=1.000000000 PHASE_EIG_FIXED=+1.560937500000e-01 SIGMA_REAL=2.604166666667e-03 DELTA_CHAR=16.000000000 WIDTH90=47.111023667 Q_REQ=4863.352036097 N_REQ=733.733081788 R_REQ=329.545067132 R_OVER_DELTA=20.596566696 R_OVER_WIDTH90=6.995073371 R_OVER_CORE=41.193133392 GAUGE_M2_SHIFT=3.906250000e-03 PASS=NO
COARSE F=0.125000000 H=0.080000000 LAMBDA_A=1.000000000 PHASE_EIG_FIXED=+3.160937500000e-01 SIGMA_REAL=2.604166666667e-03 DELTA_CHAR=16.000000000 WIDTH90=47.111023667 Q_REQ=4863.352036097 N_REQ=733.733081788 R_REQ=329.545067132 R_OVER_DELTA=20.596566696 R_OVER_WIDTH90=6.995073371 R_OVER_CORE=41.193133392 GAUGE_M2_SHIFT=3.906250000e-03 PASS=NO
COARSE F=0.150000000 H=0.002500000 LAMBDA_A=1.000000000 PHASE_EIG_FIXED=+4.375000000000e-03 SIGMA_REAL=4.500000000000e-03 DELTA_CHAR=13.333333333 WIDTH90=39.259186389 Q_REQ=2814.439835704 N_REQ=424.614051961 R_REQ=190.708950887 R_OVER_DELTA=14.303171316 R_OVER_WIDTH90=4.857689841 R_OVER_CORE=28.606342633 GAUGE_M2_SHIFT=5.625000000e-03 PASS=NO
COARSE F=0.150000000 H=0.005000000 LAMBDA_A=1.000000000 PHASE_EIG_FIXED=+1.437500000000e-02 SIGMA_REAL=4.500000000000e-03 DELTA_CHAR=13.333333333 WIDTH90=39.259186389 Q_REQ=2814.439835704 N_REQ=424.614051961 R_REQ=190.708950887 R_OVER_DELTA=14.303171316 R_OVER_WIDTH90=4.857689841 R_OVER_CORE=28.606342633 GAUGE_M2_SHIFT=5.625000000e-03 PASS=NO
COARSE F=0.150000000 H=0.010000000 LAMBDA_A=1.000000000 PHASE_EIG_FIXED=+3.437500000000e-02 SIGMA_REAL=4.500000000000e-03 DELTA_CHAR=13.333333333 WIDTH90=39.259186389 Q_REQ=2814.439835704 N_REQ=424.614051961 R_REQ=190.708950887 R_OVER_DELTA=14.303171316 R_OVER_WIDTH90=4.857689841 R_OVER_CORE=28.606342633 GAUGE_M2_SHIFT=5.625000000e-03 PASS=NO
COARSE F=0.150000000 H=0.020000000 LAMBDA_A=1.000000000 PHASE_EIG_FIXED=+7.437500000000e-02 SIGMA_REAL=4.500000000000e-03 DELTA_CHAR=13.333333333 WIDTH90=39.259186389 Q_REQ=2814.439835704 N_REQ=424.614051961 R_REQ=190.708950887 R_OVER_DELTA=14.303171316 R_OVER_WIDTH90=4.857689841 R_OVER_CORE=28.606342633 GAUGE_M2_SHIFT=5.625000000e-03 PASS=NO
COARSE F=0.150000000 H=0.040000000 LAMBDA_A=1.000000000 PHASE_EIG_FIXED=+1.543750000000e-01 SIGMA_REAL=4.500000000000e-03 DELTA_CHAR=13.333333333 WIDTH90=39.259186389 Q_REQ=2814.439835704 N_REQ=424.614051961 R_REQ=190.708950887 R_OVER_DELTA=14.303171316 R_OVER_WIDTH90=4.857689841 R_OVER_CORE=28.606342633 GAUGE_M2_SHIFT=5.625000000e-03 PASS=NO
COARSE F=0.150000000 H=0.080000000 LAMBDA_A=1.000000000 PHASE_EIG_FIXED=+3.143750000000e-01 SIGMA_REAL=4.500000000000e-03 DELTA_CHAR=13.333333333 WIDTH90=39.259186389 Q_REQ=2814.439835704 N_REQ=424.614051961 R_REQ=190.708950887 R_OVER_DELTA=14.303171316 R_OVER_WIDTH90=4.857689841 R_OVER_CORE=28.606342633 GAUGE_M2_SHIFT=5.625000000e-03 PASS=NO
COARSE_TOTAL=30
COARSE_PASS=18
COARSE_MIN_PHASE_EIG=7.500000000000000e-03
COARSE_MIN_R_OVER_WIDTH90=10.929802142217
COARSE_MIN_R_OVER_CORE=64.364270924242

=== SELECTED +/-10 PERCENT 5^3 REAL-WALL ROBUSTNESS ===
ROBUST_TOTAL=125
ROBUST_PASS=125
ROBUST_MIN_PHASE_EIG=3.412828125000000e-02
ROBUST_MIN_R_OVER_DELTA=47.283210963630
ROBUST_MIN_R_OVER_WIDTH90=16.058478813175
ROBUST_MIN_R_OVER_CORE=94.566421927261
REAL_WALL_SELECTED_ROBUSTNESS=PASS

=== BLIND WILDCARD h MULTIPLIERS ===
WILDCARD[RAW=1.600000000] F=0.075000000 H=0.016000000 LAMBDA_A=1.000000000 PHASE_EIG_FIXED=+6.259375000000e-02 SIGMA_REAL=5.625000000000e-04 DELTA_CHAR=26.666666667 WIDTH90=78.518372778 Q_REQ=22515.518685636 N_REQ=3396.912415687 R_REQ=1525.671607093 R_OVER_DELTA=57.212685266 R_OVER_WIDTH90=19.430759364 R_OVER_CORE=114.425370532 GAUGE_M2_SHIFT=1.406250000e-03 PASS=YES
WILDCARD_INTERPRETATION=BLIND_AUXILIARY_CHECK_NOT_PHYSICS_PRIOR
WILDCARD[RAW=1.875000000] F=0.075000000 H=0.018750000 LAMBDA_A=1.000000000 PHASE_EIG_FIXED=+7.359375000000e-02 SIGMA_REAL=5.625000000000e-04 DELTA_CHAR=26.666666667 WIDTH90=78.518372778 Q_REQ=22515.518685636 N_REQ=3396.912415687 R_REQ=1525.671607093 R_OVER_DELTA=57.212685266 R_OVER_WIDTH90=19.430759364 R_OVER_CORE=114.425370532 GAUGE_M2_SHIFT=1.406250000e-03 PASS=YES
WILDCARD_INTERPRETATION=BLIND_AUXILIARY_CHECK_NOT_PHYSICS_PRIOR
WILDCARD[RAW=3.125000000] F=0.075000000 H=0.031250000 LAMBDA_A=1.000000000 PHASE_EIG_FIXED=+1.235937500000e-01 SIGMA_REAL=5.625000000000e-04 DELTA_CHAR=26.666666667 WIDTH90=78.518372778 Q_REQ=22515.518685636 N_REQ=3396.912415687 R_REQ=1525.671607093 R_OVER_DELTA=57.212685266 R_OVER_WIDTH90=19.430759364 R_OVER_CORE=114.425370532 GAUGE_M2_SHIFT=1.406250000e-03 PASS=YES
WILDCARD_INTERPRETATION=BLIND_AUXILIARY_CHECK_NOT_PHYSICS_PRIOR
WILDCARD[RAW=0.625000000] F=0.075000000 H=0.006250000 LAMBDA_A=1.000000000 PHASE_EIG_FIXED=+2.359375000000e-02 SIGMA_REAL=5.625000000000e-04 DELTA_CHAR=26.666666667 WIDTH90=78.518372778 Q_REQ=22515.518685636 N_REQ=3396.912415687 R_REQ=1525.671607093 R_OVER_DELTA=57.212685266 R_OVER_WIDTH90=19.430759364 R_OVER_CORE=114.425370532 GAUGE_M2_SHIFT=1.406250000e-03 PASS=YES
WILDCARD_INTERPRETATION=BLIND_AUXILIARY_CHECK_NOT_PHYSICS_PRIOR
WILDCARD[RAW=5.000000000] F=0.075000000 H=0.050000000 LAMBDA_A=1.000000000 PHASE_EIG_FIXED=+1.985937500000e-01 SIGMA_REAL=5.625000000000e-04 DELTA_CHAR=26.666666667 WIDTH90=78.518372778 Q_REQ=22515.518685636 N_REQ=3396.912415687 R_REQ=1525.671607093 R_OVER_DELTA=57.212685266 R_OVER_WIDTH90=19.430759364 R_OVER_CORE=114.425370532 GAUGE_M2_SHIFT=1.406250000e-03 PASS=YES
WILDCARD_INTERPRETATION=BLIND_AUXILIARY_CHECK_NOT_PHYSICS_PRIOR

=== 018A-5 DECISION ===
RELAXED_REAL_SECTION_WALL_BVP=PASS
CANONICAL_NEGATIVE_ACTIVE_WALL_SOURCE=PASS
TRANSVERSE_A_IMAGINARY_MODE_PREFLIGHT=PASS
RELAXED_MICROSCOPIC_SCALE_CLOSURE=PASS
REAL_WALL_SELECTED_ROBUSTNESS=PASS
018A5_RELAXED_KLS_PLANAR_WALL_GATE=GREEN
FULL_RELAXED_REAL_SECTION_MICROSCOPIC_WALL_TENSION=SOLVED_IN_1D_PLANAR_SECTOR
GLOBAL_COMPLEX_WALL_MINIMUM=NOT_YET_PROVEN
TRUE_2D_STRING_WALL_JUNCTION=NOT_YET_SOLVED
PERTURBED_017P_EOS_WITH_CHARGE1_FIELD=NOT_YET_SOLVED
COMPLETE_JUNCTION_STRESS_ENERGY=NOT_YET_SOLVED
FINITE_PAYLOAD_GRAVITY_WITH_NEW_SECTOR=NOT_YET_TESTED
FULL_018A_GATE=NOT_YET_GREEN
PRACTICAL_ANTIGRAVITY_DEVICE=NO
CLAIM_CLASSIFICATION=PROJECT_DERIVED_018A_RELAXED_KLS_PLANAR_WALL_GATE
NEXT=018A6_MINIMAL_TRUE_2D_KLS_STRING_WALL_JUNCTION_DIAGNOSTIC
