=== ANTIGRAVITY_RESEARCH 018A-3RR ===
QUESTION=DOES_THE_PHYSICAL_DECAYING_MODE_ROBIN_BOUNDARY_REMOVE_018A3_PROFILE_DRIFT

=== GLOBAL STRING REFERENCE ===
REFERENCE_RMAX=1600.000000
REFERENCE_NODES=1775
REFERENCE_MAX_RMS_RESIDUAL=4.996679356687649e-08

=== DECAYING JACOBI MODE ===
M_RADIAL=7.462405778299649e-02
RICCATI_R_MIN=25.000000000
RICCATI_R_FAR=300.000000000
ROBIN_MODE R=40.0 G_NUM=-7.489519614171197e-02 G_BESSEL=-8.951616115844666e-02 REL_DIFF=1.952189962767414e-01
ROBIN_MODE R=60.0 G_NUM=-7.771836215714224e-02 G_BESSEL=-8.410887341129171e-02 REL_DIFF=8.222653021467700e-02
ROBIN_MODE R=80.0 G_NUM=-7.824781359581255e-02 G_BESSEL=-8.155046901572627e-02 REL_DIFF=4.220763837534828e-02
ROBIN_MODE R=100.0 G_NUM=-7.807021597829902e-02 G_BESSEL=-8.006895435202638e-02 REL_DIFF=2.560180407702393e-02
DECAYING_ROBIN_MODE=PASS

=== SELECTED 0.625 DOMAIN AUDIT ===
ROBIN_DOMAIN RMAX=40.0 DELTA_RHO_EDGE=-3.390919298671746e-03 ROBIN_ERROR=2.775557561562891e-17 DELTA_TAIL_ENERGY=+6.433149529196800e-04 DELTA_TOTAL_INNER=-6.772521418312571e-02 DELTA_TOTAL_CORRECTED=-6.708189923020604e-02 ETA=0.935760653473 FFT_N=801 FFT_DX=7.000000000000e-01 FORCE_RATIO=4.131992334249 STABLE_D=5.292232998 UNSTABLE_D=67.792951724 BARRIER=3.759648299858167e-02 PASS=YES
ROBIN_DOMAIN RMAX=60.0 DELTA_RHO_EDGE=-2.430389365539673e-03 ROBIN_ERROR=5.551115123125783e-17 DELTA_TAIL_ENERGY=+2.872870230153040e-04 DELTA_TOTAL_INNER=-6.821155859465833e-02 DELTA_TOTAL_CORRECTED=-6.792427157164302e-02 ETA=0.914266204375 FFT_N=801 FFT_DX=7.000000000000e-01 FORCE_RATIO=3.662560333339 STABLE_D=5.775339764 UNSTABLE_D=74.857486013 BARRIER=3.628990198973476e-02 PASS=YES
ROBIN_DOMAIN RMAX=80.0 DELTA_RHO_EDGE=-1.364668733971466e-03 ROBIN_ERROR=3.053113317719180e-16 DELTA_TAIL_ENERGY=+9.300271209144236e-05 DELTA_TOTAL_INNER=-6.832989426120584e-02 DELTA_TOTAL_CORRECTED=-6.823689154911440e-02 ETA=0.903929307971 FFT_N=801 FFT_DX=7.000000000000e-01 FORCE_RATIO=3.503782538301 STABLE_D=5.961954345 UNSTABLE_D=82.287180799 BARRIER=3.423499486080973e-02 PASS=YES
ROBIN_DOMAIN RMAX=100.0 DELTA_RHO_EDGE=-7.435050967440071e-04 ROBIN_ERROR=7.632783294297951e-16 DELTA_TAIL_ENERGY=+2.983939606167849e-05 DELTA_TOTAL_INNER=-6.838609793281591e-02 DELTA_TOTAL_CORRECTED=-6.835625853675424e-02 ETA=0.899610168478 FFT_N=801 FFT_DX=7.000000000000e-01 FORCE_RATIO=3.454182210807 STABLE_D=6.023983658 UNSTABLE_D=80.055001230 BARRIER=3.258654137272676e-02 PASS=YES
ROBIN_FORCE_RATIO_REL_SPREAD=1.837815484086587e-01
ROBIN_ALL_DOMAIN_PHYSICS_PASS=YES
ROBIN_SELECTED_DOMAIN_CONVERGENCE=FAIL

=== LOCAL r<=30 PROFILE CONVERGENCE ===
LOCAL_F_ABS_SPREAD=6.058359721794471e-05
LOCAL_S_REL_SPREAD=1.157127849737084e-05
LOCAL_GAUGE_ABS_SPREAD=1.665680662952251e-04
LOCAL_RHO_OVER_F_ABS_SPREAD=3.942672459139163e-02
LOCAL_PROFILE_MAX_NORMALIZED_SPREAD=3.942672459139163e-02
ROBIN_LOCAL_PROFILE_CONVERGENCE=FAIL

=== CORRECTED NONMARGINAL FORCE BASIN AT RMAX=80 ===
ROBIN_BASIN KF=0.400000000 ETA=0.951225224988 FORCE_RATIO=2.601159729387 STABLE_D=6.348349590 UNSTABLE_D=57.466754761 BARRIER=1.569798866142155e-02 PASS=YES
ROBIN_BASIN KF=0.500000000 ETA=0.933823335268 FORCE_RATIO=3.084599264304 STABLE_D=5.928495957 UNSTABLE_D=67.057330223 BARRIER=2.351103124877329e-02 PASS=YES
ROBIN_BASIN KF=0.600000000 ETA=0.910890548335 FORCE_RATIO=3.438835039355 STABLE_D=5.910796277 UNSTABLE_D=79.820261703 BARRIER=3.196928212344245e-02 PASS=YES
ROBIN_BASIN KF=0.625000000 ETA=0.903920352998 FORCE_RATIO=3.503610843610 STABLE_D=5.962164683 UNSTABLE_D=82.292395101 BARRIER=3.423373658049361e-02 PASS=YES
ROBIN_NONMARGINAL_PASS_COUNT=4
ROBIN_NONMARGINAL_TEST_COUNT=4
ROBIN_NONMARGINAL_FORCE_BASIN=PASS

=== BLIND WILDCARD STATUS ===
WILDCARD_VALUES=1.6,1.875,3.125,0.625,5
SELECTED_WILDCARD_COINCIDENCE=0.625
WILDCARD_INTERPRETATION=BLIND_CONTROL_ONLY_NOT_PHYSICS_PRIOR

=== 018A-3RR DECISION ===
ROBIN_SELECTED_DOMAIN_CONVERGENCE=FAIL
ROBIN_LOCAL_PROFILE_CONVERGENCE=FAIL
ROBIN_NONMARGINAL_FORCE_BASIN=PASS
018A3RR_DECAYING_MODE_ROBIN_AUDIT=RED
ORIGINAL_018A3_RADIAL_DRIFT=NOT_RESOLVED_BY_PHYSICAL_ROBIN_BOUNDARY
018A3_TRANSLATIONAL_FORCE_PREFLIGHT_AFTER_ROBIN_REPAIR=NOT_GREEN
NEXT=STOP_RADIAL_BOUNDARY_REPAIRS_AND_DECIDE_TRUE_2D_DIAGNOSTIC_VS_BRANCH_DEMOTION
TRUE_2D_STRING_WALL_JUNCTION=NOT_YET_SOLVED
COMPLETE_JUNCTION_STRESS_ENERGY=NOT_YET_SOLVED
FINITE_PAYLOAD_GRAVITY_AFTER_TRUE_JUNCTION=NOT_YET_TESTED
FULL_018A_GATE=NOT_YET_GREEN
PRACTICAL_ANTIGRAVITY_DEVICE=NO
CLAIM_CLASSIFICATION=PROJECT_DERIVED_018A_DECAYING_MODE_ROBIN_BOUNDARY_AUDIT
