=== 018B-1A — GLOBAL TOROIDAL CURVATURE CONTINUATION GATE ===

=== TARGET INTEGER / PHASE RECONSTRUCTION ===
TARGET_N_PHI=-9792
TARGET_N_SIGMA=-22224
TARGET_BASE_N_PHI=-204
TARGET_BASE_N_SIGMA=-463
TARGET_COMMON_MULTIPLIER=48
TARGET_INTEGER_LEDGER_CROSSCHECK=PASS
TARGET_RADIUS=1.609755487857338e+04
TARGET_BOOST_V=+9.898903893247188e-01
OMEGA_PHI_LAB=+6.207220699741571e-01
OMEGA_SIGMA_LAB=+1.386390648080941e+00
K_PHI_LAB_FROM_BOOST=-6.082911394843957e-01
K_PHI_FROM_INTEGER_OVER_R=-6.082911394843961e-01
K_SIGMA_LAB_FROM_BOOST=-1.380582341084683e+00
K_SIGMA_FROM_INTEGER_OVER_R=-1.380582341084683e+00
TARGET_INTEGER_PHASE_MAX_RELERR=5.475452226212988e-16
TARGET_INTEGER_PHASE_RECONSTRUCTION=PASS

=== CYLINDRICAL ANALYTIC GRADIENT CHECK ===
GRADIENT_CHECK_RATIO=4/1 RELERR=1.052615846324118e-07
GRADIENT_CHECK_RATIO=1/1 RELERR=6.285536991325351e-08
CYLINDRICAL_ANALYTIC_GRADIENT_CHECK=PASS

=== CURVATURE CONTINUATION ===
CURVATURE_STAGE=4/1 R=6.439021951429e+04 INV_R=1.553030891249e-05 N_PHI=-39168 N_SIGMA=-88896 KPHI_CENTER=-6.082911394844e-01 KSIGMA_CENTER=-1.380582341085e+00 ACTION=4.860632566818e+00 GRAD_RMS=4.208e-07 GRAD_MAX=2.968e-06 PHI_RETAIN=0.938656820 SIGMA_RETAIN=0.942376197 WALL_CONTRAST=1.377063e-01 PHASE_LOCK=0.995999565 FLUX_OVER_PI=-0.948979973 MATCH_DERIV=3.470813e-02 FIELD_CHANGE=nan ITER=803 OPT_SUCCESS=YES PASS=YES
CURVATURE_STAGE=2/1 R=3.219510975715e+04 INV_R=3.106061782498e-05 N_PHI=-19584 N_SIGMA=-44448 KPHI_CENTER=-6.082911394844e-01 KSIGMA_CENTER=-1.380582341085e+00 ACTION=4.860629735122e+00 GRAD_RMS=4.409e-07 GRAD_MAX=3.527e-06 PHI_RETAIN=0.938655784 SIGMA_RETAIN=0.942393263 WALL_CONTRAST=1.376986e-01 PHASE_LOCK=0.995998469 FLUX_OVER_PI=-0.948979973 MATCH_DERIV=3.482517e-02 FIELD_CHANGE=1.637140e-04 ITER=394 OPT_SUCCESS=YES PASS=YES
CURVATURE_STAGE=3/2 R=2.414633231786e+04 INV_R=4.141415709997e-05 N_PHI=-14688 N_SIGMA=-33336 KPHI_CENTER=-6.082911394844e-01 KSIGMA_CENTER=-1.380582341085e+00 ACTION=4.860626752645e+00 GRAD_RMS=1.498e-07 GRAD_MAX=9.024e-07 PHI_RETAIN=0.938656945 SIGMA_RETAIN=0.942414372 WALL_CONTRAST=1.377003e-01 PHASE_LOCK=0.995997946 FLUX_OVER_PI=-0.948979973 MATCH_DERIV=3.495490e-02 FIELD_CHANGE=1.091356e-04 ITER=357 OPT_SUCCESS=YES PASS=YES
CURVATURE_STAGE=5/4 R=2.012194359822e+04 INV_R=4.969698851997e-05 N_PHI=-12240 N_SIGMA=-27780 KPHI_CENTER=-6.082911394844e-01 KSIGMA_CENTER=-1.380582341085e+00 ACTION=4.860623736078e+00 GRAD_RMS=1.292e-07 GRAD_MAX=8.943e-07 PHI_RETAIN=0.938658368 SIGMA_RETAIN=0.942436318 WALL_CONTRAST=1.377014e-01 PHASE_LOCK=0.995997533 FLUX_OVER_PI=-0.948979973 MATCH_DERIV=3.508760e-02 FIELD_CHANGE=8.743588e-05 ITER=341 OPT_SUCCESS=YES PASS=YES
CURVATURE_STAGE=1/1 R=1.609755487857e+04 INV_R=6.212123564996e-05 N_PHI=-9792 N_SIGMA=-22224 KPHI_CENTER=-6.082911394844e-01 KSIGMA_CENTER=-1.380582341085e+00 ACTION=4.860618160179e+00 GRAD_RMS=4.108e-07 GRAD_MAX=3.384e-06 PHI_RETAIN=0.938660905 SIGMA_RETAIN=0.942476469 WALL_CONTRAST=1.377037e-01 PHASE_LOCK=0.995996867 FLUX_OVER_PI=-0.948979973 MATCH_DERIV=3.533141e-02 FIELD_CHANGE=1.306163e-04 ITER=359 OPT_SUCCESS=YES PASS=YES

=== TARGET CURVED-RING CLOSEOUT ===
TARGET_FIELD_GRADIENT_RMS=4.107687358616630e-07
TARGET_FIELD_GRADIENT_MAX=3.384246084120468e-06
TARGET_PHI_CONDENSATE_RETAINED_FRACTION=9.386609047808311e-01
TARGET_SIGMA_CONDENSATE_RETAINED_FRACTION=9.424764693796976e-01
TARGET_ONE_WALL_CONTRAST=1.377036797284697e-01
TARGET_GAUGE_INVARIANT_PHASE_LOCK_COS=9.959968665541206e-01
TARGET_PATCH_FLUX_OVER_PI=-9.489799729807926e-01
TARGET_OUTER_MATCH_DERIVATIVE_MISMATCH=3.533141023896861e-02
TARGET_GLOBAL_REGULARITY_PREFLIGHT=PASS
TARGET_WALL_CURVATURE_PARAMETER_W90_OVER_R=4.879614733074714e-03
TARGET_CORE_CURVATURE_PARAMETER_CORE_OVER_R=1.964445957179200e-04
TARGET_LOCAL_CURVATURE_FUNCTIONAL=4.860618160179249e+00
TARGET_FIELD_ARTIFACT=/Users/mymac/Desktop/antigravity_research/results/data/018b1a_global_toroidal_curvature_target.npz

=== GLOBAL PATCH ACCOUNTING STATUS ===
INNER_PLANAR_WALL_PATCH=REPRESENTED_BY_INDEPENDENT_BVP
CURVED_RIM_JUNCTION_PATCH=FULLY_COUPLED_AND_RELAXED
OUTER_VACUUM_PATCH=EXACT_VACUUM
GLOBAL_T_MUNU_RECONSTRUCTED=NOT_YET_018B1B
GLOBAL_GRAVITY_RECONSTRUCTED=NOT_YET_018B1B
SOURCE_LEVEL_018B0H_GRAVITY_CARRY_FORWARD=GREEN_NOT_REPROMOTED_HERE

=== DECISION ===
018B1A_GLOBAL_TOROIDAL_CURVATURE_CONTINUATION=GREEN
VERY_LARGE_RADIUS_CURVED_RING=SOLVED
CURVATURE_CONTINUATION_1_OVER_R_TO_TARGET=PASS
TARGET_CURVED_MICROSCOPIC_RIM_JUNCTION=SUPPORTED
TRUE_018B_GLOBAL_MULTIPATCH_CLOSEOUT=AUTHORIZED
NEXT=018B1B_GLOBAL_MULTIPATCH_T_MUNU_GRAVITY_CONSERVATION_AND_CONVERGENCE_CLOSEOUT
CURRENT_HEURISTIC=APPROXIMATELY_66_PERCENT_NOT_A_PROBABILITY
HEURISTIC_INCREASE_FROM_THIS_GATE=NO_CURVATURE_CONTINUATION_ONLY
FIELD_THEORETICAL_CANDIDATE=NOT_YET
FULL_COMPOSITE_STABILITY=NOT_ESTABLISHED
FRAME_DRAGGING=NOT_INCLUDED
NONLINEAR_EINSTEIN_MATTER=NOT_ESTABLISHED
PRACTICAL_ANTIGRAVITY_DEVICE=NO
NEW_PHYSICS_DISCOVERY=NO
CLAIM_CLASSIFICATION=PROJECT_DERIVED_018B1A_GLOBAL_TOROIDAL_CURVATURE_CONTINUATION_GATE
