=== 018B-0F0 — LILLEY/KLS SAME-GAUGE NORMALIZATION + WALL BRIDGE ===

=== PUBLISHED TWO-CURRENT PARAMETER RECONSTRUCTION ===
ALPHA_PHI=1.800000000000000e-02
ALPHA_SIGMA=1.400000000000000e-02
BETA_PHI=1.000000000000000e-02
BETA_SIGMA=8.000000000000000e-03
GAMMA_PHI=5.500000000000000e-04
GAMMA_SIGMA=4.500000000000000e-04
QTILDE_SQ=1.000000000000000e-01
G=4.414403861366466e-01
LAMBDA_PHI=1.697530864197531e+00
LAMBDA_SIGMA=2.295918367346939e+00
M_PHI_SQ=3.055555555555556e-02
M_SIGMA_SQ=3.214285714285714e-02
F_PHI=5.555555555555556e-01
F_SIGMA=5.714285714285714e-01
CARRIER_QUARTIC_POSITIVE_DEFINITE_MARGIN=+3.702522675736962e+00
PUBLISHED_TWO_CURRENT_PARAMETER_HEALTH=PASS

=== SAME-GAUGE CHARGE / TOPOLOGY BRIDGE ===
PUBLISHED_Q_TILDE=3.162277660168379e-01
FUNDAMENTAL_GX_TILDE=1.581138830084190e-01
Q_H=2
Q_A=1
QH_GX_OVER_PUBLISHED_Q=1.000000000000000e+00
LOCAL_TWO_CURRENT_STRING_EQUATIONS_PRESERVED=YES
A_REQUIRED_WINDING_AROUND_UNIT_H_STRING=5.000000000000000e-01
A_WILSON_PHASE=3.141592653589793e+00
ONE_Z2_BRANCH_WALL_PER_UNIT_STRING=YES
SAME_GAUGE_TOPOLOGY_BRIDGE=PASS

=== HOMOGENEOUS VACUUM — SELECTED POINT ===
SELECTED_VACUUM_ENERGY=+0.000000000000000e+00
SELECTED_VACUUM_DISTANCE=0.000000000000000e+00
SELECTED_VACUUM_HESSIAN_MIN=+1.124089871729724e-02
SELECTED_VACUUM_H=1.000000000000000e+00
SELECTED_VACUUM_A=7.500000000000000e-02
SELECTED_VACUUM_PHI=0.000000000000000e+00
SELECTED_VACUUM_SIGMA=0.000000000000000e+00
SELECTED_FULL_HOMOGENEOUS_VACUUM=PASS

=== BROAD MODEL-SELECTION VACUUM SCAN ===
BROAD_VACUUM_SCAN_PASS=90/90
BROAD_VACUUM_SCAN_MIN_HESSIAN=+2.243527185393960e-03
BROAD_VACUUM_SCAN_MIN_ENERGY=-2.168404344971009e-19
BROAD_VACUUM_SCAN_MAX_TARGET_DISTANCE=0.000000000000000e+00

=== LOCAL +/-10 PERCENT 5^3 VACUUM ROBUSTNESS ===
LOCAL_VACUUM_ROBUSTNESS_PASS=125/125
LOCAL_VACUUM_ROBUSTNESS_MIN_HESSIAN=+8.192357137895933e-03

=== BLIND WILDCARD LAMBDA_A DIAGNOSTIC — NOT PROMOTION EVIDENCE ===
WILDCARD_LAMBDA_A=0.625000 PASS=YES HESSIAN_MIN=+7.022187380e-03
WILDCARD_LAMBDA_A=1.600000 PASS=YES HESSIAN_MIN=+1.799083617e-02
WILDCARD_LAMBDA_A=1.875000 PASS=YES HESSIAN_MIN=+2.108455721e-02
WILDCARD_LAMBDA_A=3.125000 PASS=YES HESSIAN_MIN=+3.055555556e-02
WILDCARD_LAMBDA_A=5.000000 PASS=YES HESSIAN_MIN=+3.055555556e-02
WILDCARD_VACUUM_PASS=5/5

=== SELECTED PLANAR WALL DOMAIN CONVERGENCE ===
WALL_EXTENT=6.0 PASS=YES SIGMA=5.622752124987253e-04 VIRIAL_REL=1.011e-08 ACTIVE_RELERR=1.011e-08 MAX_RMS=3.073e-10
WALL_EXTENT=8.0 PASS=YES SIGMA=5.622752125420081e-04 VIRIAL_REL=2.729e-09 ACTIVE_RELERR=2.729e-09 MAX_RMS=7.279e-10
WALL_EXTENT=10.0 PASS=YES SIGMA=5.622752131752325e-04 VIRIAL_REL=6.676e-09 ACTIVE_RELERR=6.676e-09 MAX_RMS=1.422e-09
WALL_8_TO_10_TENSION_REL_CHANGE=1.126182269597921e-09
PLANAR_WALL_DOMAIN_CONVERGENCE=PASS

=== PLANAR WALL +/-10 PERCENT 3^3 CORNER ROBUSTNESS ===
WALL_CORNER_ROBUSTNESS_PASS=27/27
WALL_CORNER_MIN_PHI_MASS_SQ=+3.038968374531903e-02
WALL_CORNER_MIN_SIGMA_MASS_SQ=+3.197224613804243e-02
WALL_CORNER_MIN_TENSION=3.888103581254687e-04
WALL_CORNER_MAX_VIRIAL_REL=1.241053857363802e-08
WALL_CORNER_MAX_ACTIVE_IDENTITY_RELERR=1.241053858423679e-08
WALL_CORNER_MAX_WIDTH90=9.201138147535335e+01

=== NEW EMBEDDED WALL OUTPUTS ===
NEW_WALL_TENSION=5.622752131752325e-04
NEW_WALL_ACTIVE_SOURCE=-5.622752169288448e-04
NEW_WALL_WIDTH90=7.854986595196540e+01
NEW_WALL_TRIAL_LENGTH=2.666666666666667e+01
NEW_STRING_GAUGE_CORE_INVERSE_MASS_PROXY=3.162277660168379e+00
NEW_WALL_MIN_PHI_FLUCTUATION_MASS_SQ=+3.043090309878979e-02
NEW_WALL_MIN_SIGMA_FLUCTUATION_MASS_SQ=+3.201464318732664e-02
MIN_RADIUS_FOR_10X_WALL90=7.854986595196540e+02
MIN_POSITIVE_RIM_COMPRESSION_FOR_10X_WALL90=4.416664262302728e-01
OLD_018A8_WALL_TENSION_DIAGNOSTIC=5.623876169625573e-04
NEW_VS_OLD_WALL_TENSION_REL_DIFFERENCE=1.998688874623243e-04
OLD_018A_JUNCTION_ENERGY_REUSE=PROHIBITED
OLD_018A_JUNCTION_ACTIVE_STRESS_REUSE=PROHIBITED
NEW_TWO_CURRENT_2D_JUNCTION_STATUS=NOT_YET_REDERIVED

=== DECISION ===
018B0F0_LILLEY_KLS_NORMALIZATION_WALL_BRIDGE=GREEN
TWO_CURRENT_STRING_PLUS_KLS_WALL_COMMON_GAUGE_MODEL=SUPPORTED_AT_PREFLIGHT_LEVEL
HOMOGENEOUS_VACUUM_ROBUST=YES
PLANAR_MICROSCOPIC_WALL_ROBUST=YES
CURRENT_CARRIERS_TACHYONIC_ON_PLANAR_WALL=NO
NEXT=018B0F_STATIONARY_INTEGER_WALL_BALANCE_AND_GRAVITY_SCOUT_WITH_NEW_WALL
NEXT_AFTER_POSITIVE_SCOUT=018B0G_NEW_TWO_CURRENT_2D_JUNCTION_REVALIDATION
CURRENT_HEURISTIC=APPROXIMATELY_66_PERCENT_NOT_A_PROBABILITY
HEURISTIC_INCREASE_FROM_THIS_GATE=NO_MICROSCOPIC_BRIDGE_ONLY
TRUE_018B_GLOBAL_FIELD_SOLUTION=NOT_YET_RUN
FULL_COMPOSITE_STABILITY=NOT_ESTABLISHED
NONLINEAR_EINSTEIN_MATTER=NOT_ESTABLISHED
PRACTICAL_ANTIGRAVITY_DEVICE=NO
NEW_PHYSICS_DISCOVERY=NO
CLAIM_CLASSIFICATION=PROJECT_DERIVED_018B0F0_LILLEY_KLS_SAME_GAUGE_NORMALIZATION_WALL_BRIDGE
