=== 018B-0D — LITERATURE-BACKED TWO-CURRENT COUNTERFLOW GATE ===

=== LITERATURE PARAMETER RECONSTRUCTION ===
ALPHA_PHI_RECONSTRUCTED=1.800000000000000e-02 EXPECTED=1.800000000000000e-02 RELERR=0.000e+00
ALPHA_SIGMA_RECONSTRUCTED=1.400000000000000e-02 EXPECTED=1.400000000000000e-02 RELERR=0.000e+00
BETA_PHI_RECONSTRUCTED=1.000000000000000e-02 EXPECTED=1.000000000000000e-02 RELERR=0.000e+00
BETA_SIGMA_RECONSTRUCTED=8.000000000000000e-03 EXPECTED=8.000000000000000e-03 RELERR=0.000e+00
GAMMA_PHI_RECONSTRUCTED=5.500000000000000e-04 EXPECTED=5.500000000000000e-04 RELERR=0.000e+00
GAMMA_SIGMA_RECONSTRUCTED=4.500000000000000e-04 EXPECTED=4.500000000000000e-04 RELERR=0.000e+00
Q_TILDE_SQ_RECONSTRUCTED=1.000000000000000e-01 EXPECTED=1.000000000000000e-01 RELERR=0.000e+00
G_TILDE_SQ_RECONSTRUCTED=1.237500000000000e-08 EXPECTED=1.237500000000000e-08 RELERR=2.674e-16
PUBLISHED_PARAMETER_RECONSTRUCTION=PASS
LAMBDA_PHI=1.697530864197531e+00
LAMBDA_SIGMA=2.295918367346939e+00
G_COUPLING=4.414403861366466e-01
PUBLISHED_WEAK_MODERATE_QUARTIC_CONDITION=PASS
PHI_CURRENT_CONFINEMENT=PASS
SIGMA_CURRENT_CONFINEMENT=PASS

=== RADIAL BVP DOMAIN CONVERGENCE ===
DOMAIN=40 A=4.987843803127413e+00 I_PHI=1.290670266019281e+00 I_SIGMA=9.101829982790856e-01 PHI0=3.835608194309841e-01 SIGMA0=3.259697382731974e-01 MAX_RMS_RESIDUAL=2.952e-05
DOMAIN=60 A=4.987938698948527e+00 I_PHI=1.292283059207151e+00 I_SIGMA=9.111079812026550e-01 PHI0=3.835670335600646e-01 SIGMA0=3.259738273020858e-01 MAX_RMS_RESIDUAL=2.952e-05
DOMAIN=80 A=4.987940782719839e+00 I_PHI=1.292301861867321e+00 I_SIGMA=9.111174640276961e-01 PHI0=3.835670797076343e-01 SIGMA0=3.259738546050713e-01 MAX_RMS_RESIDUAL=2.873e-05
DOMAIN_60_TO_80_A_REL_CHANGE=4.177618385454389e-07
DOMAIN_60_TO_80_I_PHI_REL_CHANGE=1.454974315633638e-05
DOMAIN_60_TO_80_I_SIGMA_REL_CHANGE=1.040790613229629e-05
TWO_CONDENSATES_LOCALIZED=PASS
BVP_DOMAIN_CONVERGENCE=PASS
BVP_RESIDUAL_GATE=PASS

=== EOS DERIVATIVE / LONGITUDINAL-STABILITY PREFLIGHT ===
DERIVATIVE_STEP_FRACTION=0.005000 L11=-3.166913759189362e+01 L12=-1.052886404295745e+00 L21=-1.493376611054712e+00 L22=-2.957759738330602e+01
DERIVATIVE_STEP_FRACTION=0.010000 L11=-3.166947024514693e+01 L12=-1.052895972532713e+00 L21=-1.493390462643679e+00 L22=-2.957790462483957e+01
DERIVATIVE_STEP_FRACTION=0.020000 L11=-3.167080110238152e+01 L12=-1.052934248905599e+00 L21=-1.493445873909800e+00 L22=-2.957913381841662e+01
L_MATRIX_0P5_TO_1P0_PERCENT_MAX_REL_CHANGE=1.050401995762088e-05
L_MATRIX_1P0_TO_2P0_PERCENT_MAX_REL_CHANGE=4.202335006860681e-05
EOS_DERIVATIVE_CONVERGENCE=PASS

=== EXACT 3:-4 INTEGER-COMPATIBLE COUNTERFLOW ===
ETA_PHI=3.442846077542617e-01
ETA_SIGMA=-4.419358861557808e-01
OMEGA_PHI=1.310014200020631e-01
K_PHI=+4.340039475372488e-02
OMEGA_SIGMA=1.393558057552775e-01
K_SIGMA=-5.786719300496650e-02
ABS_K_RATIO=7.500000000000001e-01
COUNTERFLOW_C=-5.449794528138487e-18
COUNTERFLOW_C_RELATIVE=5.902594249894555e-17
X_STATE_PARAMETER=-2.076726745917855e-02
X_TRANSVERSE_LIMIT=7.316026115716375e-01
TRANSVERSE_MARGIN_FRACTION=9.716140058404574e-01
ENERGY_PER_LENGTH_U=5.130429367374982e+00
TENSION_T=4.845448030522072e+00
CT2=T_OVER_U=9.444527316436435e-01
LOOP_RADIUS_FROM_NPHI_3=6.912379523328003e+01
LOOP_RADIUS_FROM_NSIGMA_4=6.912379523328005e+01
LOOP_RADIUS_INTEGER_MATCH_RELERR=2.055855681425332e-16
LONGITUDINAL_QUARTIC_ROOTS=+1.345079462468e+01+0.000e+00j,+2.822981332413e+00+0.000e+00j,+3.773737406935e-01+0.000e+00j,+7.722554158196e-02+0.000e+00j
LONGITUDINAL_MAX_ROOT_IMAG=0.000000000000000e+00
EXACT_COUNTERFLOW_MOMENTUM_CANCELLATION=PASS
INTEGER_WINDING_3_TO_MINUS4_COMPATIBILITY=PASS
TRANSVERSE_TWO_CURRENT_STABILITY=PASS
LONGITUDINAL_TWO_CURRENT_STABILITY=PASS

=== SELECTED-POINT NUMERICAL STABILITY ROBUSTNESS ===
SELECTED_DERIVATIVE_STEP=0.005000 TENSION=+4.845448030522072e+00 TRANSVERSE_MARGIN=+9.716140058404574e-01 MAX_LONGITUDINAL_ROOT_IMAG=0.000000000000000e+00 STABLE=YES
SELECTED_DERIVATIVE_STEP=0.010000 TENSION=+4.845448030522072e+00 TRANSVERSE_MARGIN=+9.716140058404574e-01 MAX_LONGITUDINAL_ROOT_IMAG=0.000000000000000e+00 STABLE=YES
SELECTED_DERIVATIVE_STEP=0.020000 TENSION=+4.845448030522072e+00 TRANSVERSE_MARGIN=+9.716140058404574e-01 MAX_LONGITUDINAL_ROOT_IMAG=0.000000000000000e+00 STABLE=YES
SELECTED_COUNTERFLOW_STABLE_ALL_DERIVATIVE_MATRICES=PASS

=== LOCAL +/-25 PERCENT COUNTERFLOW ROBUSTNESS ===
LOCAL_COUNTERFLOW_ROBUSTNESS_PASS=303/303
LOCAL_COUNTERFLOW_MIN_TENSION=+4.825700212457788e+00
LOCAL_COUNTERFLOW_MIN_TRANSVERSE_MARGIN=+9.676326998322714e-01
LOCAL_COUNTERFLOW_MAX_LONGITUDINAL_ROOT_IMAG=0.000000000000000e+00
LOCAL_COUNTERFLOW_STABILITY_BASIN=PASS

=== BROAD COUNTERFLOW ELASTIC-DOMAIN MAP ===
BROAD_COUNTERFLOW_STABLE_INTERVALS=[0.001000,0.811000];[0.841000,2.193000]
SELECTED_COUNTERFLOW_CONTAINING_INTERVAL=[0.001000,0.811000]
SELECTED_COUNTERFLOW_DISTANCE_TO_NEAREST_MAPPED_BOUNDARY=3.432846077542617e-01
BROAD_COUNTERFLOW_MAX_LONGITUDINAL_ROOT_IMAG=3.022413009129483e-02
REMOTE_INSTABILITY_IS_EXPECTED_FINITE_ELASTIC_DOMAIN_DIAGNOSTIC=YES

=== DECISION ===
018B0D_TWO_CURRENT_COUNTERFLOW_GATE=GREEN
LITERATURE_BACKED_TWO_CURRENT_MICROSCOPIC_RIM_CANDIDATE=YES
EXACT_INTEGRATED_T_TZ_CANCELLATION=YES
CLOSED_LOOP_INTEGER_COUNTERWINDING_COMPATIBILITY=YES
PUBLISHED_TWO_CURRENT_ELASTIC_STABILITY=PASS_AT_SELECTED_STATE
VALIDATED_018A8_GRAVITY_LEDGER=UNCHANGED_PENDING_REVALIDATION
NEXT=018B0E_KLS_WALL_JUNCTION_AND_FINITE_PAYLOAD_REVALIDATION_WITH_TWO_CURRENT_RIM_EOS
CURRENT_HEURISTIC=APPROXIMATELY_66_PERCENT_NOT_A_PROBABILITY
HEURISTIC_INCREASE_FROM_THIS_GATE=NO_RIM_SELECTION_ONLY
TRUE_018B_GREEN_TARGET=APPROXIMATELY_68_PERCENT
018C_GREEN_TARGET=APPROXIMATELY_71_TO_72_PERCENT
018D_GREEN_TARGET=APPROXIMATELY_72_TO_74_PERCENT
018E_GREEN_TARGET=APPROXIMATELY_78_TO_80_PERCENT
PRACTICAL_ANTIGRAVITY_DEVICE=NO
NEW_PHYSICS_DISCOVERY=NO
CLAIM_CLASSIFICATION=PROJECT_DERIVED_REPRODUCTION_AND_COUNTERFLOW_APPLICATION_OF_PUBLISHED_TWO_CURRENT_STRING
