=== ANTIGRAVITY_RESEARCH 018B-0A ===
QUESTION=DOES_THE_SINGLE_VORTON_ARCHITECTURE_SURVIVE_EXACT_INTEGER_WINDING_LOCKING_TO_THE_VERIFIED_017P_EOS

=== VERIFIED EOS ENDPOINT RECONSTRUCTION ===
EOS_TABLE_POINTS=14
EOS_STABLE_CHI_MIN=0.00150000
EOS_STABLE_CHI_MAX=0.00475000
ENDPOINT_SIGMA2=1.054410621124694e+00
ENDPOINT_SIGMA2_RELERR=2.901881482000167e-13
ENDPOINT_A_STRING=1.002499735504165e+01
ENDPOINT_A_STRING_RELERR=1.642576782622465e-13
ENDPOINT_K=2.226503003591248e+00
ENDPOINT_K_RELERR=1.114958605067244e-13
ENDPOINT_OMEGA=2.227569443362170e+00
ENDPOINT_OMEGA_RELERR=7.655440645883889e-14
EOS_ENDPOINT_RECONSTRUCTION=PASS

=== NAIVE ROUNDING DIAGNOSTIC ===
B0_CONTINUOUS_R=5.638035286988926e+03
B0_ROUNDED_N=12553
NAIVE_FIXED_R_FIXED_OMEGA_CHI=4.830956386368435e-03
NAIVE_CHI_INSIDE_VERIFIED_BAND=NO

=== FULL INTEGER MAP AT F=0.0384 ===
REFERENCE_F_INTEGER_ROOT_COUNT=636
REFERENCE_INTEGER_EDGE F=0.038400000 CHI=1.502551095936481e-03 N=11918 INTEGER_RESIDUAL=+0.000000000000000e+00 Q_OVER_N=6.610167330857834e+00 ELL=4.267779047034959e-01 K=2.227232155368603e+00 OMEGA=2.227569443362835e+00 SIGMA2=1.051881510344272e+00 A_STRING=1.002841738992812e+01 P_PARALLEL=4.074317667523568e-01 R=5.351036249756187e+03 X=1.308188673245592e-02 PAYLOAD=+7.195313164336066e-01 POINT=+7.283674603625887e-01 LEVERAGE=1.419027865325184e+00 R_OVER_WALL=34.892859632093 R_OVER_CORE=401.327718731714 C=1.055401358039941e+06
REFERENCE_INTEGER_EDGE F=0.038400000 CHI=1.507674000853834e-03 N=11919 INTEGER_RESIDUAL=+0.000000000000000e+00 Q_OVER_N=6.610195756183450e+00 ELL=4.267762898342439e-01 K=2.227231005308031e+00 OMEGA=2.227569443363389e+00 SIGMA2=1.051885490534917e+00 A_STRING=1.002841200123756e+01 P_PARALLEL=4.074658660028762e-01 R=5.351488000837872e+03 X=1.308276418002480e-02 PAYLOAD=+7.196610934194041e-01 POINT=+7.284950545939797e-01 LEVERAGE=1.419073980170493e+00 R_OVER_WALL=34.895805395558 R_OVER_CORE=401.361600062840 C=1.055072107383420e+06
REFERENCE_INTEGER_EDGE F=0.038400000 CHI=1.512796875260290e-03 N=11920 INTEGER_RESIDUAL=-1.309672370553017e-10 Q_OVER_N=6.610224181559664e+00 ELL=4.267746749746524e-01 K=2.227229855253663e+00 OMEGA=2.227569443363890e+00 SIGMA2=1.051889470731896e+00 A_STRING=1.002840661255791e+01 P_PARALLEL=4.074999652874810e-01 R=5.351939752371127e+03 X=1.308364159309445e-02 PAYLOAD=+7.197908533749044e-01 POINT=+7.286226311883566e-01 LEVERAGE=1.419120079538155e+00 R_OVER_WALL=34.898751161967 R_OVER_CORE=401.395481427835 C=1.054743033746443e+06
REFERENCE_INTEGER_EDGE F=0.038400000 CHI=4.739269555300010e-03 N=12551 INTEGER_RESIDUAL=-1.091393642127514e-10 Q_OVER_N=6.628170728749212e+00 ELL=4.257576170861351e-01 K=2.226505413296776e+00 OMEGA=2.227569443360890e+00 SIGMA2=1.054402244295368e+00 A_STRING=1.002500866927314e+01 P_PARALLEL=4.290234004875696e-01 R=5.637084879760380e+03 X=1.363281076366162e-02 PAYLOAD=+7.982814781297218e-01 POINT=+8.056476949539784e-01 LEVERAGE=1.445191563803641e+00 R_OVER_WALL=36.758116047642 R_OVER_CORE=422.781365982028 C=8.773261785627467e+05
REFERENCE_INTEGER_EDGE F=0.038400000 CHI=4.744373229735727e-03 N=12552 INTEGER_RESIDUAL=-3.819877747446299e-11 Q_OVER_N=6.628199186231227e+00 ELL=4.257560083026479e-01 K=2.226504267179381e+00 OMEGA=2.227569443361470e+00 SIGMA2=1.054406228513488e+00 A_STRING=1.002500328794551e+01 P_PARALLEL=4.290575212673955e-01 R=5.637536916064978e+03 X=1.363367773407106e-02 PAYLOAD=+7.984004969537835e-01 POINT=+8.057643019433129e-01 LEVERAGE=1.445228188980996e+00 R_OVER_WALL=36.761063670978 R_OVER_CORE=422.815268704873 C=8.770860038985779e+05
REFERENCE_INTEGER_EDGE F=0.038400000 CHI=4.749476873922067e-03 N=12553 INTEGER_RESIDUAL=-1.818989403545856e-12 Q_OVER_N=6.628227643764243e+00 ELL=4.257543995287283e-01 K=2.226503121068242e+00 OMEGA=2.227569443362102e+00 SIGMA2=1.054410212737997e+00 A_STRING=1.002499790663025e+01 P_PARALLEL=4.290916420811527e-01 R=5.637988952819101e+03 X=1.363454423086764e-02 PAYLOAD=+7.985195543249028e-01 POINT=+8.058809480741751e-01 LEVERAGE=1.445264846033089e+00 R_OVER_WALL=36.764011297246 R_OVER_CORE=422.849171461433 C=8.768459401481976e+05
REFERENCE_F_BEST_INTEGER F=0.038400000 CHI=4.749476873922067e-03 N=12553 INTEGER_RESIDUAL=-1.818989403545856e-12 Q_OVER_N=6.628227643764243e+00 ELL=4.257543995287283e-01 K=2.226503121068242e+00 OMEGA=2.227569443362102e+00 SIGMA2=1.054410212737997e+00 A_STRING=1.002499790663025e+01 P_PARALLEL=4.290916420811527e-01 R=5.637988952819101e+03 X=1.363454423086764e-02 PAYLOAD=+7.985195543249028e-01 POINT=+8.058809480741751e-01 LEVERAGE=1.445264846033089e+00 R_OVER_WALL=36.764011297246 R_OVER_CORE=422.849171461433 C=8.768459401481976e+05
REFERENCE_F_HIGHEST_CHI_INTEGER F=0.038400000 CHI=4.749476873922067e-03 N=12553 INTEGER_RESIDUAL=-1.818989403545856e-12 Q_OVER_N=6.628227643764243e+00 ELL=4.257543995287283e-01 K=2.226503121068242e+00 OMEGA=2.227569443362102e+00 SIGMA2=1.054410212737997e+00 A_STRING=1.002499790663025e+01 P_PARALLEL=4.290916420811527e-01 R=5.637988952819101e+03 X=1.363454423086764e-02 PAYLOAD=+7.985195543249028e-01 POINT=+8.058809480741751e-01 LEVERAGE=1.445264846033089e+00 R_OVER_WALL=36.764011297246 R_OVER_CORE=422.849171461433 C=8.768459401481976e+05
HIGHEST_CHI_INTEGER_IS_MINIMUM_C_AT_REFERENCE_F=YES
SELECTED_F_FULL_INTEGER_MAP=PASS

=== DENSE INTEGER-LOCKED F SEARCH ===
DENSE_F_TOTAL=131
DENSE_F_INTEGER_LOCKED_PASSING=131
INTEGER_LOCKED_FEASIBLE_REGION=YES
LOCKED_SCAN_LOWEST_C F=0.034000000 CHI=4.748008734801840e-03 N=18084 INTEGER_RESIDUAL=-7.275957614183426e-12 Q_OVER_N=6.628219457509319e+00 ELL=4.257548623164588e-01 K=2.226503450764204e+00 OMEGA=2.227569443361915e+00 SIGMA2=1.054409066613514e+00 A_STRING=1.002499945464758e+01 P_PARALLEL=4.290818266976448e-01 R=8.122152244494841e+03 X=1.342194748957395e-02 PAYLOAD=+8.603276036408234e-01 POINT=+8.635016606523465e-01 LEVERAGE=1.487324741423732e+00 R_OVER_WALL=46.894022641794 R_OVER_CORE=609.161418337113 C=8.398367297184599e+05
LOCKED_SCAN_MAX_F F=0.040500000 CHI=4.744617128971065e-03 N=10699 INTEGER_RESIDUAL=-3.456079866737127e-11 Q_OVER_N=6.628200546189873e+00 ELL=4.257559314205773e-01 K=2.226504212407622e+00 OMEGA=2.227569443361499e+00 SIGMA2=1.054406418915834e+00 A_STRING=1.002500303077702e+01 P_PARALLEL=4.290591518695021e-01 R=4.805290706560417e+03 X=1.374653968976578e-02 PAYLOAD=+7.557235465369070e-01 POINT=+7.651297487575937e-01 LEVERAGE=1.417971228343400e+00 R_OVER_WALL=33.047768181427 R_OVER_CORE=360.396802992031 C=9.114636312950639e+05

=== 6561-CASE INTEGER-RELOCKED FINALIST STRESS ===
LOCKED_FINALIST_NOMINAL F=0.040400000 CHI=4.746727996137927e-03 N=10779 INTEGER_RESIDUAL=-1.455191522836685e-11 Q_OVER_N=6.628212316202849e+00 ELL=4.257552660317026e-01 K=2.226503738376125e+00 OMEGA=2.227569443361755e+00 SIGMA2=1.054408066787992e+00 A_STRING=1.002500080506709e+01 P_PARALLEL=4.290732642136432e-01 R=4.841222502443012e+03 X=1.374168643968052e-02 PAYLOAD=+7.579820572941227e-01 POINT=+7.672945998456504e-01 LEVERAGE=1.419367762042901e+00 R_OVER_WALL=33.212674890289 R_OVER_CORE=363.091687683226 C=9.093907425481628e+05
LOCKED_FINALIST_STRESS F=0.040400000 TOTAL=6561 PASSING=6560 ALL_PASS=NO DEEP_PASS=NO MIN_PAYLOAD=-1.577737974747695e-03 MIN_POINT=+9.849916613232423e-03 MIN_LEVERAGE=9.992813000994168e-01 MIN_SCALE=2.442710306414216e+01 MIN_LOCKED_CHI=4.741436539397746e-03 MAX_LOCKED_CHI=4.749996992261528e-03 MAX_C=inf
LOCKED_FINALIST_WORST_CASE={'F_FACTOR': 1.1, 'MU_FACTOR': 2.0, 'SUPPORT_FACTOR': 0.9, 'BASE_ACTIVE_FACTOR': 1.1, 'ENDPOINT_ACTIVE_FACTOR': 2.0, 'Q_FACTOR': 0.999, 'ELL_FACTOR': 0.999, 'X_FACTOR': 1.1, 'LOCKED_CHI': 0.004747397344615097, 'LOCKED_N': 7222}
LOCKED_FINALIST_NOMINAL F=0.039400000 CHI=4.748144030922505e-03 N=11621 INTEGER_RESIDUAL=-1.091393642127514e-11 Q_OVER_N=6.628220211911542e+00 ELL=4.257548196683310e-01 K=2.226503420381129e+00 OMEGA=2.227569443361932e+00 SIGMA2=1.054409172234324e+00 A_STRING=1.002499931199036e+01 P_PARALLEL=4.290827312318902e-01 R=5.219394631790293e+03 X=1.368860959774474e-02 PAYLOAD=+7.791383893474204e-01 POINT=+7.874939740726126e-01 LEVERAGE=1.432743024194558e+00 R_OVER_WALL=34.920769278560 R_OVER_CORE=391.454597384272 C=8.915722502921816e+05
LOCKED_FINALIST_STRESS F=0.039400000 TOTAL=6561 PASSING=6561 ALL_PASS=YES DEEP_PASS=NO MIN_PAYLOAD=+3.032831743203390e-02 MIN_POINT=+4.123109123545010e-02 MIN_LEVERAGE=1.013868851965245e+00 MIN_SCALE=2.568345165152494e+01 MIN_LOCKED_CHI=4.741857720617973e-03 MAX_LOCKED_CHI=4.749994613470606e-03 MAX_C=1.900508859564944e+07
LOCKED_FINALIST_WORST_CASE={'F_FACTOR': 1.1, 'MU_FACTOR': 2.0, 'SUPPORT_FACTOR': 0.9, 'BASE_ACTIVE_FACTOR': 1.1, 'ENDPOINT_ACTIVE_FACTOR': 2.0, 'Q_FACTOR': 0.999, 'ELL_FACTOR': 0.999, 'X_FACTOR': 1.1, 'LOCKED_CHI': 0.004747614230376231, 'LOCKED_N': 7786}
LOCKED_FINALIST_NOMINAL F=0.038400000 CHI=4.749476873922067e-03 N=12553 INTEGER_RESIDUAL=-1.818989403545856e-12 Q_OVER_N=6.628227643764243e+00 ELL=4.257543995287283e-01 K=2.226503121068242e+00 OMEGA=2.227569443362102e+00 SIGMA2=1.054410212737997e+00 A_STRING=1.002499790663025e+01 P_PARALLEL=4.290916420811527e-01 R=5.637988952819101e+03 X=1.363454423086764e-02 PAYLOAD=+7.985195543249028e-01 POINT=+8.058809480741751e-01 LEVERAGE=1.445264846033089e+00 R_OVER_WALL=36.764011297246 R_OVER_CORE=422.849171461433 C=8.768459401481976e+05
LOCKED_FINALIST_STRESS F=0.038400000 TOTAL=6561 PASSING=6561 ALL_PASS=YES DEEP_PASS=YES MIN_PAYLOAD=+6.023722071685711e-02 MIN_POINT=+7.049291623793463e-02 MIN_LEVERAGE=1.027655098636719e+00 MIN_SCALE=2.703862506660095e+01 MIN_LOCKED_CHI=4.742463411006068e-03 MAX_LOCKED_CHI=4.749969062329029e-03 MAX_C=9.644734772594318e+06
LOCKED_FINALIST_WORST_CASE={'F_FACTOR': 1.1, 'MU_FACTOR': 2.0, 'SUPPORT_FACTOR': 0.9, 'BASE_ACTIVE_FACTOR': 1.1, 'ENDPOINT_ACTIVE_FACTOR': 2.0, 'Q_FACTOR': 0.999, 'ELL_FACTOR': 0.999, 'X_FACTOR': 1.1, 'LOCKED_CHI': 0.004745658336454166, 'LOCKED_N': 8410}
LOCKED_FINALIST_NOMINAL F=0.037600000 CHI=4.747444363432475e-03 N=13371 INTEGER_RESIDUAL=-5.456968210637569e-12 Q_OVER_N=6.628216310613541e+00 ELL=4.257550402179550e-01 K=2.226503577503518e+00 OMEGA=2.227569443361844e+00 SIGMA2=1.054408626029331e+00 A_STRING=1.002500004972472e+01 P_PARALLEL=4.290780535444602e-01 R=6.005379975626322e+03 X=1.359114849285182e-02 PAYLOAD=+8.126006284820326e-01 POINT=+8.191569599997288e-01 LEVERAGE=1.454563194998510e+00 R_OVER_WALL=38.343855770357 R_OVER_CORE=450.403498171974 C=8.671619334681027e+05
LOCKED_FINALIST_STRESS F=0.037600000 TOTAL=6561 PASSING=6561 ALL_PASS=YES DEEP_PASS=YES MIN_PAYLOAD=+8.263414481847864e-02 MIN_POINT=+9.228925314894409e-02 MIN_LEVERAGE=1.038058701763393e+00 MIN_SCALE=2.820099213059598e+01 MIN_LOCKED_CHI=4.742939789918647e-03 MAX_LOCKED_CHI=4.749941459378636e-03 MAX_C=7.075614034851322e+06
LOCKED_FINALIST_WORST_CASE={'F_FACTOR': 1.1, 'MU_FACTOR': 2.0, 'SUPPORT_FACTOR': 0.9, 'BASE_ACTIVE_FACTOR': 1.1, 'ENDPOINT_ACTIVE_FACTOR': 2.0, 'Q_FACTOR': 0.999, 'ELL_FACTOR': 0.999, 'X_FACTOR': 1.1, 'LOCKED_CHI': 0.004743457211465578, 'LOCKED_N': 8958}
LOCKED_FINALIST_NOMINAL F=0.037000000 CHI=4.747049713974533e-03 N=14032 INTEGER_RESIDUAL=-1.273292582482100e-11 Q_OVER_N=6.628214110077015e+00 ELL=4.257551646196044e-01 K=2.226503666128848e+00 OMEGA=2.227569443361795e+00 SIGMA2=1.054408317941085e+00 A_STRING=1.002500046584574e+01 P_PARALLEL=4.290754150833836e-01 R=6.302257756618467e+03 X=1.355953263968861e-02 PAYLOAD=+8.223674002861816e-01 POINT=+8.283213456315821e-01 LEVERAGE=1.461098795868956e+00 R_OVER_WALL=39.597277893138 R_OVER_CORE=472.669331746385 C=8.608634379990395e+05
LOCKED_FINALIST_STRESS F=0.037000000 TOTAL=6561 PASSING=6561 ALL_PASS=YES DEEP_PASS=YES MIN_PAYLOAD=+9.848811521285894e-02 MIN_POINT=+1.076473270136824e-01 MIN_LEVERAGE=1.045466218202438e+00 MIN_SCALE=2.912348495427694e+01 MIN_LOCKED_CHI=4.743293544877700e-03 MAX_LOCKED_CHI=4.749994354131764e-03 MAX_C=5.964346495400526e+06
LOCKED_FINALIST_WORST_CASE={'F_FACTOR': 1.1, 'MU_FACTOR': 2.0, 'SUPPORT_FACTOR': 0.9, 'BASE_ACTIVE_FACTOR': 1.1, 'ENDPOINT_ACTIVE_FACTOR': 2.0, 'Q_FACTOR': 0.999, 'ELL_FACTOR': 0.999, 'X_FACTOR': 1.1, 'LOCKED_CHI': 0.004744133483318628, 'LOCKED_N': 9401}
LOCKED_FINALIST_NOMINAL F=0.036000000 CHI=4.746563713538475e-03 N=15234 INTEGER_RESIDUAL=-2.000888343900442e-11 Q_OVER_N=6.628211400175918e+00 ELL=4.257553178169666e-01 K=2.226503775268609e+00 OMEGA=2.227569443361735e+00 SIGMA2=1.054407938538751e+00 A_STRING=1.002500097828769e+01 P_PARALLEL=4.290721658898470e-01 R=6.842117300323070e+03 X=1.350918900829965e-02 PAYLOAD=+8.370417913939483e-01 POINT=+8.420122759306476e-01 LEVERAGE=1.471074866794052e+00 R_OVER_WALL=41.827360756065 R_OVER_CORE=513.158797524230 C=8.520867083870061e+05
LOCKED_FINALIST_STRESS F=0.036000000 TOTAL=6561 PASSING=6561 ALL_PASS=YES DEEP_PASS=YES MIN_PAYLOAD=+1.229251366314572e-01 MIN_POINT=+1.311821686636447e-01 MIN_LEVERAGE=1.056958560611751e+00 MIN_SCALE=3.076396655571452e+01 MIN_LOCKED_CHI=4.744032166998215e-03 MAX_LOCKED_CHI=4.749986087042504e-03 MAX_C=4.814350619108638e+06
LOCKED_FINALIST_WORST_CASE={'F_FACTOR': 1.1, 'MU_FACTOR': 2.0, 'SUPPORT_FACTOR': 0.9, 'BASE_ACTIVE_FACTOR': 1.1, 'ENDPOINT_ACTIVE_FACTOR': 2.0, 'Q_FACTOR': 0.999, 'ELL_FACTOR': 0.999, 'X_FACTOR': 1.1, 'LOCKED_CHI': 0.00474798687595321, 'LOCKED_N': 10207}
LOCKED_FINALIST_NOMINAL F=0.034800000 CHI=4.746950754501428e-03 N=16865 INTEGER_RESIDUAL=-2.182787284255028e-11 Q_OVER_N=6.628213558286434e+00 ELL=4.257551958136715e-01 K=2.226503688351901e+00 OMEGA=2.227569443361783e+00 SIGMA2=1.054408240687109e+00 A_STRING=1.002500057018925e+01 P_PARALLEL=4.290747534819920e-01 R=7.574656214687772e+03 X=1.345431407318145e-02 PAYLOAD=+8.519780392628022e-01 POINT=+8.558345773790839e-01 LEVERAGE=1.481435197383579e+00 R_OVER_WALL=44.762013771764 R_OVER_CORE=568.099216101583 C=8.439914490119232e+05
LOCKED_FINALIST_STRESS F=0.034800000 TOTAL=6561 PASSING=6561 ALL_PASS=YES DEEP_PASS=YES MIN_PAYLOAD=+1.484083347015996e-01 MIN_POINT=+1.554870437566565e-01 MIN_LEVERAGE=1.069046667274386e+00 MIN_SCALE=3.292292296345472e+01 MIN_LOCKED_CHI=4.744416745039768e-03 MAX_LOCKED_CHI=4.749975722959813e-03 MAX_C=4.020276208647509e+06
LOCKED_FINALIST_WORST_CASE={'F_FACTOR': 1.1, 'MU_FACTOR': 2.0, 'SUPPORT_FACTOR': 0.9, 'BASE_ACTIVE_FACTOR': 1.1, 'ENDPOINT_ACTIVE_FACTOR': 2.0, 'Q_FACTOR': 0.999, 'ELL_FACTOR': 0.999, 'X_FACTOR': 1.1, 'LOCKED_CHI': 0.004749528494489505, 'LOCKED_N': 11300}

=== SELECTED INTEGER-LOCKED ARCHITECTURE ===
SELECTED_INTEGER_LOCKED F=0.038400000 CHI=4.749476873922067e-03 N=12553 INTEGER_RESIDUAL=-1.818989403545856e-12 Q_OVER_N=6.628227643764243e+00 ELL=4.257543995287283e-01 K=2.226503121068242e+00 OMEGA=2.227569443362102e+00 SIGMA2=1.054410212737997e+00 A_STRING=1.002499790663025e+01 P_PARALLEL=4.290916420811527e-01 R=5.637988952819101e+03 X=1.363454423086764e-02 PAYLOAD=+7.985195543249028e-01 POINT=+8.058809480741751e-01 LEVERAGE=1.445264846033089e+00 R_OVER_WALL=36.764011297246 R_OVER_CORE=422.849171461433 C=8.768459401481976e+05
LOCKED_CT2=9.990019152797388e-01
LOCKED_CL2=9.930162779639088e-01
LOCKED_MIN_M2_TO_M40_DISCRIMINANT=+1.807151650545791e-12
LOCKED_WORST_MODE=4
LOCKED_MAX_ROOT_IMAG=0.000000000000000e+00
LOCKED_WORLD_SHEET_STABILITY=PASS

=== FIXED-N LOCAL CONTINUITY ===
FIXED_N=12553
FIXED_N_CONTINUITY_TOTAL=243
FIXED_N_CONTINUITY_PASSING=122
FIXED_N_CONTINUITY_MIN_PAYLOAD=+7.480064932560597e-01
FIXED_N_CONTINUITY_MIN_CHI=3.046025907130505e-03
FIXED_N_CONTINUITY_MAX_CHI=4.749476873922067e-03
FIXED_N_LOCAL_CONTINUITY=FAIL

=== 20,000-CASE RANDOM INTEGER-RELOCKED STRESS ===
INTEGER_RELOCKED_RANDOM_TOTAL=20000
INTEGER_RELOCKED_RANDOM_PASSING=20000
INTEGER_RELOCKED_RANDOM_PASS_FRACTION=1.000000000000000
INTEGER_RELOCKED_RANDOM_MIN_PAYLOAD=+1.582362347984740e-01
INTEGER_RELOCKED_RANDOM_MIN_LEVERAGE=1.073938533488991e+00
INTEGER_RELOCKED_RANDOM_MIN_SCALE=2.740701120958882e+01
INTEGER_RELOCKED_RANDOM_STRESS=PASS

=== DIRECT 017P BVP INTEGER-LOCK VERIFICATION ===
BVP_AT_INTERPOLATED_LOCK_SIGMA2_RELERR=3.890494113170910e-07
BVP_AT_INTERPOLATED_LOCK_A_STRING_RELERR=3.159714061229504e-07
BVP_AT_INTERPOLATED_LOCK_P_PARALLEL_RELERR=1.686038123370727e-05
DIRECT_BVP_LOCKED_CHI=4.748387739443118e-03
DIRECT_BVP_LOCKED_N=12553
DIRECT_BVP_LOCKED_R=5.637988333479591e+03
DIRECT_BVP_INTEGER_RESIDUAL=+3.092281986027956e-11
DIRECT_BVP_VS_INTERPOLATED_LOCK_CHI_SHIFT=-1.089134478948067e-06
DIRECT_BVP_INTEGER_LOCK=PASS

=== DIRECT BVP LOCAL EOS CHECK ===
DIRECT_BVP_VARIATIONAL_RELERR=6.799419038795941e-06
DIRECT_BVP_CT2=9.990021441440997e-01
DIRECT_BVP_CL2=9.930179567719369e-01
DIRECT_BVP_MIN_M2_TO_M40_DISCRIMINANT=+1.759092871367329e-12
DIRECT_BVP_WORST_MODE=4
DIRECT_BVP_MAX_ROOT_IMAG=0.000000000000000e+00
DIRECT_BVP_EOS_STABILITY=PASS

=== HIGH-PRECISION INTEGER-LOCKED GRAVITY ===
DIRECT_LOCK_OPTIMAL_X=1.363454690774392e-02
DIRECT_LOCK_POINT_OUTWARD=+8.058783513219752e-01
DIRECT_LOCK_PAYLOAD_OUTWARD=+7.985164645516043e-01
DIRECT_LOCK_RIM_CORE WIDTH=0.000000000000000e+00 INWARD=1.793358431076485e+00
DIRECT_LOCK_RIM_CORE WIDTH=1.333333333333333e+01 INWARD=1.793343388934845e+00
DIRECT_LOCK_RIM_CORE WIDTH=2.666666666666667e+01 INWARD=1.793298261248133e+00
DIRECT_LOCK_SCOUT_VS_ADAPTIVE_WALL_POINT_RELERR=5.551036568016938e-13
DIRECT_LOCK_SCOUT_VS_ADAPTIVE_WALL_PAYLOAD_RELERR=6.108234760041618e-13
DIRECT_LOCK_C=8.768487174104034e+05
HIGH_PRECISION_LOCKED_GRAVITY=PASS

=== 1g / 1m ENERGY REQUIREMENT ===
VALIDATED_018A8_C=1.774169582609975e+06
VALIDATED_018A8_ONE_G_ONE_M_ENERGY_J=2.342887778715687e+34
018B0_SOURCE_PROJECTED_C=8.768254563224691e+05
018B0_SOURCE_PROJECTED_ONE_G_ONE_M_ENERGY_J=1.157895877497030e+34
INTEGER_LOCKED_PROJECTED_C=8.768487174104034e+05
INTEGER_LOCKED_PROJECTED_ONE_G_ONE_M_MASS_KG=1.288367090869864e+17
INTEGER_LOCKED_PROJECTED_ONE_G_ONE_M_ENERGY_J=1.157926595033378e+34
INTEGER_LOCK_ENERGY_CHANGE_VS_018B0_FACTOR=1.000026528755258e+00
PROJECTED_IMPROVEMENT_VS_VALIDATED_018A8=2.023347411454999e+00
ENERGY_MODEL_STATUS=PROJECTED_UNTIL_SELECTED_F_CHI_MICROSCOPIC_WALL_AND_JUNCTION_ARE_RESOLVED
LATEST_VALIDATED_ONE_G_ONE_M_ENERGY_J=2.342887778715687e+34

=== 018B-0A DECISION ===
EOS_ENDPOINT_RECONSTRUCTION=PASS
SELECTED_F_FULL_INTEGER_MAP=PASS
INTEGER_LOCKED_FEASIBLE_REGION=YES
LOCKED_WORLD_SHEET_STABILITY=PASS
INTEGER_RELOCKED_DETERMINISTIC_STRESS=PASS
FIXED_N_LOCAL_CONTINUITY=FAIL
INTEGER_RELOCKED_RANDOM_STRESS=PASS
DIRECT_BVP_INTEGER_LOCK=PASS
DIRECT_BVP_EOS_STABILITY=PASS
HIGH_PRECISION_LOCKED_GRAVITY=PASS
018B0A_INTEGER_LOCKED_EOS_ARCHITECTURE_GATE=RED
018B_TARGET_ARCHITECTURE=DO_NOT_PROMOTE_NEW_SINGLE_VORTON_POINT
NEXT=IDENTIFY_INTEGER_LOCK_OR_DIRECT_BVP_FAILURE_CHANNEL
FULL_018A_GATE=GREEN_INHERITED_FOR_VALIDATED_TWO_COPY_SOURCE
NEW_SINGLE_VORTON_MICROSCOPIC_REVALIDATION=NOT_YET_COMPLETE
TRUE_018B_GLOBAL_TOROIDAL_FIELD_SOLUTION=NOT_YET_RUN
CURRENT_HEURISTIC=APPROXIMATELY_66_PERCENT_NOT_A_PROBABILITY
HEURISTIC_INCREASE_FROM_THIS_GATE=NO_EOS_QUANTIZATION_CONSISTENCY_ALONE_DOES_NOT_EARN_018B_PROMOTION
PRACTICAL_ENERGY_SCALING=STILL_CATASTROPHIC
PRACTICAL_ANTIGRAVITY_DEVICE=NO
NEW_PHYSICS_DISCOVERY=NO
CLAIM_CLASSIFICATION=PROJECT_DERIVED_018B0A_INTEGER_LOCKED_EOS_ARCHITECTURE_GATE
