=== 018B-1B — GLOBAL MULTIPATCH T_MUNU / GRAVITY / CONSERVATION CLOSEOUT ===

=== UPSTREAM ARTIFACT AUDIT ===
018B1A_SOURCE_SHA256=43a48f8b2cbe1cb66095095739a0dba5eba5549dc3e675eb9e46dbcec2c5a2ff
018B1A_TARGET_ARTIFACT_SHA256=72c2f02dca0c5325dc05d32be7f8d29b9ed27c2b915c7992cb35d5308363b8c8

=== EXACT GLOBAL QUANTUM-NUMBER LEDGER ===
TARGET_RADIUS_FROM_ARTIFACT=1.609755487857338e+04
GLOBAL_INTEGER_N_PHI=-9792
GLOBAL_INTEGER_N_SIGMA=-22224
GLOBAL_OMEGA_PHI=+6.207220699741571e-01
GLOBAL_OMEGA_SIGMA=+1.386390648080941e+00
GLOBAL_CENTER_K_PHI=-6.082911394843961e-01
GLOBAL_CENTER_K_SIGMA=-1.380582341084683e+00

=== CONSTRAINED GLOBAL RADIUS STATIONARITY ===
RADIUS_SCAN_FACTOR=0.997500 R=1.605731099138e+04 GRAD_RMS=9.585e-08 GRAD_MAX=5.851e-07 F_GLOBAL=+9.383209541412225e+05 ENERGY=+2.177943233960737e+06 Q_PHI=+4.859961096085181e+05 Q_SIGMA=+6.765436350585998e+05 FORCE=+1.357124070520333e-03
RADIUS_SCAN_FACTOR=0.999000 R=1.608145732369e+04 GRAD_RMS=1.290e-07 GRAD_MAX=8.036e-07 F_GLOBAL=+9.385735943096044e+05 ENERGY=+2.280848760795799e+06 Q_PHI=+4.969814584756788e+05 Q_SIGMA=+7.456684797126823e+05 FORCE=+1.232960441056823e-03
RADIUS_SCAN_FACTOR=1.000000 R=1.609755487857e+04 GRAD_RMS=1.312e-07 GRAD_MAX=9.412e-07 F_GLOBAL=+9.386603473517119e+05 ENERGY=+2.353247203564101e+06 Q_PHI=+5.045047207680073e+05 Q_SIGMA=+7.944583607442460e+05 FORCE=+1.145820488967997e-03
RADIUS_SCAN_FACTOR=1.001000 R=1.611365243345e+04 GRAD_RMS=1.945e-07 GRAD_MAX=1.196e-06 F_GLOBAL=+9.386784301968066e+05 ENERGY=+2.428739666246551e+06 Q_PHI=+5.121719805819172e+05 Q_SIGMA=+8.454650106755049e+05 FORCE=+1.055140241999402e-03
RADIUS_SCAN_FACTOR=1.002500 R=1.613779876577e+04 GRAD_RMS=4.110e-07 GRAD_MAX=2.649e-06 F_GLOBAL=+9.385705184669404e+05 ENERGY=+2.548026253599839e+06 Q_PHI=+5.239785332403251e+05 Q_SIGMA=+9.262978635462970e+05 FORCE=+9.122219803714157e-04
RADIUS_STATIONARY_ROOT_CUBIC_FACTOR=1.000758228222417e+00
RADIUS_STATIONARY_ROOT_QUARTIC_FACTOR=1.000758289428465e+00
RADIUS_STATIONARY_ROOT_SPREAD=6.120604787958946e-08
RADIUS_FIT_DF_DR_AT_R0=+3.285909058950134e+00
RADIUS_FIT_D2F_DR2=-2.733951481596255e-01
RADIUS_CURVATURE_SIGN=NEGATIVE
RADIAL_STABILITY_CLASSIFICATION=DEFER_TO_018C
REFINED_EQUILIBRIUM_RADIUS=1.610976099162808e+04
EQUILIBRIUM_RADIUS_REL_SHIFT=7.582588254408824e-04
RADIUS_EQUILIBRIUM_BRACKET=PASS
REFINED_RADIUS_DF_DR=-2.941979726189304e-02
REFINED_RADIUS_STATIONARITY_REL=1.961496349337291e-04
CONSTRAINED_GLOBAL_RADIUS_STATIONARITY=PASS

=== GLOBAL CONVERGENCE / INDEPENDENT RECONSTRUCTION ===
RESOLUTION_CASE N=33 L=12.000000 DX=0.750000000 GRAD_RMS=1.311e-07 GRAD_MAX=7.325e-07 MATCH=3.791140e-02 ENERGY=+2.410205661410602e+06 ACTIVE=+2.459773376577489e+06 FORCE=+1.077385448295937e-03 C=2.900029970393850e+02 CONS_L2=6.986927e-03
RESOLUTION_CASE N=41 L=12.000000 DX=0.600000000 GRAD_RMS=1.255e-07 GRAD_MAX=7.551e-07 MATCH=3.914302e-02 ENERGY=+2.416246670412504e+06 ACTIVE=+2.470560052970462e+06 FORCE=+1.070527758188269e-03 C=2.925922543912093e+02 CONS_L2=4.797289e-03
RESOLUTION_CASE N=49 L=12.000000 DX=0.500000000 GRAD_RMS=5.221e-07 GRAD_MAX=3.326e-06 MATCH=3.999084e-02 ENERGY=+2.419355945977041e+06 ACTIVE=+2.476348761926093e+06 FORCE=+1.066847542174389e-03 C=2.939793982865220e+02 CONS_L2=3.478032e-03
DOMAIN_CASE N=51 L=15.000000 DX=0.600000000 GRAD_RMS=1.310e-07 GRAD_MAX=8.315e-07 MATCH=3.985664e-02 ENERGY=+2.432370739863863e+06 ACTIVE=+2.502402896389513e+06 FORCE=+1.050294376635923e-03 C=3.002190314653714e+02 CONS_L2=4.770754e-03
FRESH_INITIALIZATION_CASE N=41 L=12.000000 DX=0.600000000 GRAD_RMS=1.462e-07 GRAD_MAX=8.016e-07 MATCH=3.914363e-02 ENERGY=+2.416243226891497e+06 ACTIVE=+2.470553762389768e+06 FORCE=+1.070531747491117e-03 C=2.925907470682336e+02 CONS_L2=4.797261e-03
GLOBAL_RESOLUTION_REL_SPREAD=9.843655188709294e-03
GLOBAL_DOMAIN_REL_SHIFT=1.890038011399994e-02
GLOBAL_INITIALIZATION_REL_SHIFT=3.726468512008768e-06
GLOBAL_REFERENCE_TAIL_REL_SHIFT=1.741416491780320e-07
GLOBAL_FIELD_CONVERGENCE=PASS

=== COMPLETE GLOBAL T_MUNU / CONSERVATION LEDGER ===
TOTAL_ENERGY=+2.416246670412504e+06
TOTAL_P_R=-4.586061804767228e+05
TOTAL_P_Z=-1.818930062373023e+03
TOTAL_P_PHI=+5.147384930970550e+05
TOTAL_T_RZ=+9.615351920879647e+00
TOTAL_ACTIVE_MASS=+2.470560052970462e+06
TOTAL_ACTIVE_TRACE_RELERR=1.884840996873783e-16
NOETHER_Q_PHI=+5.124928816462382e+05
NOETHER_Q_SIGMA=+8.364436234565492e+05
GAUGE_CHARGE=0_BY_STATIONARY_MAGNETIC_ANSATZ
NET_ANGULAR_MOMENTUM=-2.360745338477832e+10
GLOBAL_FUNDAMENTAL_FLUX_OVER_PI=-1.000001842071101e+00
MIN_LOCAL_ACTIVE_DENSITY=-1.580765634783771e-05
NEGATIVE_ACTIVE_REGION=YES
PATCH_T00_VS_DISCRETE_ACTION_RELERR=1.921669481546124e-03
PATCH_ACTIVE_TRACE_IDENTITY_RELERR=1.237753504984406e-16
CONSERVATION_L2_BY_RESOLUTION=6.986926535378291e-03,4.797289289631024e-03,3.478032101289077e-03
PRIMARY_LOCAL_CONSERVATION_L2=4.797289289631024e-03
CONSERVATION_HIGH_TO_LOW_RATIO=4.977914228349284e-01
LOCAL_CONSERVATION_RESIDUAL=PASS
INDEPENDENT_TOTAL_ENERGY_RECONSTRUCTION=PASS
INDEPENDENT_ACTIVE_SOURCE_RECONSTRUCTION=PASS

=== GLOBAL CURVED-FIELD GRAVITY / FINITE PAYLOAD ===
POINT_OUTWARD_FORCE_NODE=+1.070527758188269e-03
POINT_OUTWARD_FORCE_CELL=+1.070527760752849e-03
INDEPENDENT_GRAVITY_INTEGRATOR_RELERR=2.395621582394910e-09
PAYLOAD_CENTER_H=2.777411665880553e+03
PAYLOAD_RADIUS=6.943529164701382e+02
PAYLOAD_SOURCE_CLEARANCE=1.816392082743748e+03
FINITE_PAYLOAD_CM_METHOD=HARMONIC_MEAN_VALUE_THEOREM_IN_SOURCE_FREE_SPHERE
FINITE_PAYLOAD_CM_OUTWARD=+1.070527758188269e-03
KERNEL_WEIGHTED_ACTIVE_MOMENT=+1.070527758188269e-03
GLOBAL_PROJECTED_C=2.925922543912093e+02
INDEPENDENT_GRAVITY_RECONSTRUCTION=PASS
FINITE_PAYLOAD_CM_ACCELERATION=OUTWARD
POSITIVE_TOTAL_ACTIVE_MASS=PASS

=== BLIND WILDCARD HEIGHT DIAGNOSTIC — NOT EVIDENCE ===
WILDCARD_X_FACTOR=0.625000 X=1.077534479e-01 F_OUT=+1.959169325e-03 OUTWARD=YES
WILDCARD_X_FACTOR=1.600000 X=2.758488265e-01 F_OUT=-1.954813445e-04 OUTWARD=NO
WILDCARD_X_FACTOR=1.875000 X=3.232603436e-01 F_OUT=-6.967835711e-04 OUTWARD=NO
WILDCARD_X_FACTOR=3.125000 X=5.387672393e-01 F_OUT=-2.291553316e-03 OUTWARD=NO
WILDCARD_X_FACTOR=5.000000 X=8.620275829e-01 F_OUT=-3.001272998e-03 OUTWARD=NO
WILDCARD_VALUES_USED_AS_EVIDENCE=NO

=== 018B PROMOTION LEDGER ===
FIELD_EQUATION_RESIDUALS=REPRODUCED
FINITE_TOTAL_ENERGY=PASS
GLOBAL_REGULARITY=PASS
NOETHER_CHARGE=RECONSTRUCTED
GAUGE_CHARGE=ZERO_IN_SELECTED_MAGNETIC_ANSATZ
INTEGER_WINDING=EXACT
NET_ANGULAR_MOMENTUM=RECONSTRUCTED
COMPLETE_T_MUNU=RECONSTRUCTED
LOCAL_CONSERVATION_RESIDUAL=PASS
TOTAL_ACTIVE_MASS=POSITIVE
NEGATIVE_ACTIVE_REGION=PRESENT
KERNEL_WEIGHTED_ACTIVE_MOMENT=RECONSTRUCTED
POINT_ACCELERATION=OUTWARD
FINITE_PAYLOAD_CM_ACCELERATION=OUTWARD
FINITE_SOURCE_THICKNESS=YES
BOUNDARY_DECAY=PASS
CONSTRAINED_GLOBAL_RADIUS_STATIONARITY=PASS
INDEPENDENT_RECONSTRUCTION=PASS
FIELD_LEVEL_PROJECTED_C=2.925922543912093e+02
FIELD_LEVEL_PROJECTED_IMPROVEMENT_FACTOR=6.063624569630023e+03
FIELD_LEVEL_PROJECTED_ONE_G_ONE_M_ENERGY_J=3.863840433740178e+30
PROJECTED_C_STATUS=FIELD_LEVEL_LINEARIZED_GR_NOT_NONLINEAR_VALIDATED

=== DECISION ===
018B1B_GLOBAL_MULTIPATCH_T_MUNU_GRAVITY_CONSERVATION_CLOSEOUT=GREEN
018B_FULL_2D_COUPLED_FINITE_THICKNESS_EULER_LAGRANGE_SOLUTION=GREEN
FIELD_THEORETICAL_CANDIDATE=YES
FULL_COUPLED_EULER_LAGRANGE_SOLUTION=PASS
FINITE_ENERGY=PASS
GLOBAL_REGULARITY=PASS
COMPLETE_STRESS_ENERGY=PASS
FINITE_PAYLOAD_OUTWARD_FIELD=PASS
INDEPENDENT_RECONSTRUCTION=PASS
CURRENT_HEURISTIC=APPROXIMATELY_68_PERCENT_NOT_A_PROBABILITY
HEURISTIC_CHANGE=APPROXIMATELY_66_TO_68_PERCENT
NEXT=018C1_AXISYMMETRIC_HESSIAN_AND_TIME_EVOLUTION_STABILITY_GATE
NEXT_AFTER_018C1_GREEN=018C2_NONAXISYMMETRIC_M2_AND_HIGHER_MODE_STABILITY
PROMOTED_FIELD_ARTIFACT=/Users/mymac/Desktop/antigravity_research/results/data/018b1b_global_field_theoretical_candidate.npz
FULL_COMPOSITE_STABILITY=NOT_ESTABLISHED
FRAME_DRAGGING=NOT_INCLUDED
NONLINEAR_EINSTEIN_MATTER=NOT_ESTABLISHED
PRACTICAL_ANTIGRAVITY_DEVICE=NO
NEW_PHYSICS_DISCOVERY=NO
CLAIM_CLASSIFICATION=PROJECT_DERIVED_018B1B_GLOBAL_MULTIPATCH_T_MUNU_GRAVITY_CONSERVATION_CLOSEOUT
