=== 018B-0E — EXACT COUNTERFLOW STATIC WALL SUPPORT SIGN GATE ===

=== RECONSTRUCTED 018B-0D STATE ===
ENERGY_PER_LENGTH_U=+5.130429367374982e+00
STRING_TENSION_T=+4.845448030522072e+00
CT2_REPORTED=+9.444527316436435e-01
CT2_DIRECT_T_OVER_U=+9.444527316436435e-01
CT2_RECONSTRUCTION_RELERR=0.000000000000000e+00
COUNTERFLOW_C_RELATIVE=5.902594249894555e-17
RADIUS_FROM_NPHI=6.912379523328003e+01
RADIUS_FROM_NSIGMA=6.912379523328005e+01
INTEGER_RADIUS_RELERR=2.055855681425332e-16

=== KLS WALL LOAD ===
WALL_TENSION_SIGMA_W=+5.623876169625573e-04
SELECTED_LOOP_RADIUS=+6.912379523328005e+01
REQUIRED_POSITIVE_RIM_COMPRESSION=+3.887436647665215e-02

=== EXACT-COUNTERFLOW LONGITUDINAL STRESS ===
ZERO_MOMENTUM_FRAME_LONGITUDINAL_PRESSURE=-4.845448030522072e+00
STATIC_BALANCE_RESIDUAL_PPAR_MINUS_SIGMA_R=-4.884322396998725e+00
FORMAL_STATIC_BALANCE_RADIUS_PPAR_OVER_SIGMA=-8.615851210757852e+03

=== VALIDATION ===
NUMERICAL_RECONSTRUCTION=PASS
POSITIVE_U_T_SIGMA_AND_RADIUS=PASS
SELECTED_COUNTERFLOW_STATIC_SUPPORT_SIGN=FAIL
GENERAL_STABLE_ZERO_MOMENTUM_STATIC_SUPPORT=REJECTED_FOR_POSITIVE_TENSION_WALL

=== DECISION ===
018B0E_EXACT_COUNTERFLOW_WALL_SUPPORT_GATE=GREEN_NEGATIVE_RESULT
EXACT_COUNTERFLOW_TWO_CURRENT_RIM_AS_STATIC_KLS_BOUNDARY=REJECTED
018B0D_TWO_CURRENT_MICROSCOPIC_STRING_RESULT=PRESERVED
TWO_CURRENT_ROUTE=PRESERVED_FOR_STATIONARY_NONZERO_MOMENTUM_STATES
NEXT=018B0F_STATIONARY_TWO_CURRENT_POSITIVE_PPAR_INTEGER_WALL_BALANCE_SEARCH
CURRENT_HEURISTIC=APPROXIMATELY_66_PERCENT_NOT_A_PROBABILITY
PRACTICAL_ANTIGRAVITY_DEVICE=NO
NEW_PHYSICS_DISCOVERY=NO
CLAIM_CLASSIFICATION=PROJECT_DERIVED_018B0E_EXACT_COUNTERFLOW_STATIC_WALL_SUPPORT_SIGN_GATE
