=== 018B-0F — STATIONARY TWO-CURRENT INTEGER WALL-BALANCE + GRAVITY SCOUT ===

=== INPUT / SIGN PREFLIGHT ===
U=+5.130429367374982e+00
T=+4.845448030522072e+00
CT2=T_OVER_U=+9.444527316436435e-01
CT=+9.718295795270092e-01
WALL_TENSION=+5.622752131752325e-04
WALL_ACTIVE_SOURCE=-5.622752169288448e-04
WALL_WIDTH90=+7.854986595196540e+01
RIM_CORE_WIDTH_PROXY=+3.162277660168379e+00
POSITIVE_PRESSURE_REQUIRES_V2_GT_T_OVER_U=YES

=== CONTINUOUS BOUND — DIAGNOSTIC ONLY ===
BOOST_CEILING=0.980000 ADVERSE_ENVELOPE_PROJECTED_C_MIN=inf V_AT_MIN=+nan X_AT_MIN=nan
BOOST_CEILING=0.990000 ADVERSE_ENVELOPE_PROJECTED_C_MIN=2.803766000093e+02 V_AT_MIN=+9.900000000000e-01 X_AT_MIN=1.715228414747e-01
BOOST_CEILING=0.995000 ADVERSE_ENVELOPE_PROJECTED_C_MIN=1.394835224580e+02 V_AT_MIN=+9.950000000000e-01 X_AT_MIN=2.116123395736e-01
BOOST_CEILING=0.999000 ADVERSE_ENVELOPE_PROJECTED_C_MIN=8.844672355020e+01 V_AT_MIN=+9.990000000000e-01 X_AT_MIN=2.421556302440e-01
CONTINUOUS_BOUND_PROMOTION_EVIDENCE=NO

=== EXACT INTEGER SEARCH ===
BASE_WINDING_MAX=500
MAX_ABS_V=0.990000
BALANCE_REL_TOL=1.000e-04
EXACT_INTEGER_DEEP_INTERIOR_PASSERS=3

=== SELECTED CANDIDATE ===
BASE_N_PHI=-48
BASE_N_SIGMA=-109
COMMON_MULTIPLIER=178
N_PHI=-8544
N_SIGMA=-19402
BOOST_V=+9.892217402755227e-01
BOOST_GAMMA=6.829424043526248e+00
LIGHTCONE_MARGIN_1_MINUS_ABS_V=1.077825972447732e-02
RADIUS=1.451526693075155e+04
R_OVER_WALL90=1.847904736034544e+02
LAB_ENERGY_LINE=+1.813727190046102e+01
LAB_P_PARALLEL=+8.161394502563974e+00
LAB_MOMENTUM_LINE=-1.314856114005676e+01
LAB_ACTIVE_LINE=+2.629866640302500e+01
WALL_LOAD_SIGMA_R=+8.161574807783728e+00
WALL_BALANCE_RELERR=2.209196435739395e-05
SELECTED_H_OVER_R=1.650533740840104e-01
PAYLOAD_BOTTOM_OVER_WALL90=2.287521837512431e+01

=== EXACTNESS / LORENTZ CHECKS ===
PHI_PHASE_INVARIANT_RELERR=1.033264383145458e-14
SIGMA_PHASE_INVARIANT_RELERR=4.965164082351387e-15
STRESS_TRACE_INVARIANT_RELERR=5.341956707812123e-16
STRESS_DETERMINANT_INVARIANT_RELERR=1.286219426653292e-14
DUAL_INTEGER_RADIUS_RELERR=1.253156013061123e-16
BOOST_AND_INTEGER_INVARIANTS=PASS

=== GRAVITY ===
NOMINAL_FINITE_PAYLOAD_OUTWARD_FACTOR=+1.673401829486262e+01
ADVERSE_FINITE_PAYLOAD_OUTWARD_FACTOR=+1.610528414179538e+01
ADVERSE_TOTAL_ACTIVE_MASS_PER_R=+1.395990507128785e+02
ADVERSE_WALL_OUTWARD_FACTOR=+4.239795872280417e+01
ADVERSE_RIM_INWARD_FACTOR=+2.629267458100879e+01
PROJECTED_C_EFF_ADVERSE=3.181770017624843e+02
FINITE_PAYLOAD_OUTWARD=PASS
POSITIVE_TOTAL_ACTIVE_MASS=PASS
ADVERSE_FINITE_SIZE_GRAVITY_STRESS_TEST=PASS

=== BLIND WILDCARD HEIGHT DIAGNOSTIC — NOT EVIDENCE ===
WILDCARD_X_FACTOR=0.625000 X=1.031583588e-01 F_OUT=+2.860552159e+01 OUTWARD=YES
WILDCARD_X_FACTOR=1.600000 X=2.640853985e-01 F_OUT=-1.853392439e+00 OUTWARD=NO
WILDCARD_X_FACTOR=1.875000 X=3.094750764e-01 F_OUT=-9.042942587e+00 OUTWARD=NO
WILDCARD_X_FACTOR=3.125000 X=5.157917940e-01 F_OUT=-3.252382308e+01 OUTWARD=NO
WILDCARD_X_FACTOR=5.000000 X=8.252668704e-01 F_OUT=-4.423311782e+01 OUTWARD=NO
WILDCARD_VALUES_USED_AS_EVIDENCE=NO

=== ENERGY LEDGER ===
ENERGY_MODEL_STATUS=PROJECTED_PREFLIGHT_NOT_VALIDATED
CURRENT_VALIDATED_C=1.774169582609975e+06
PROJECTED_SCOUT_C=3.181770017624843e+02
PROJECTED_IMPROVEMENT_FACTOR=5.576045951725868e+03
PROJECTED_ONE_G_ONE_M_MASS_KG=4.675022840348903e+13
PROJECTED_ONE_G_ONE_M_ENERGY_J=4.201700988476483e+30
NEW_TWO_CURRENT_2D_JUNCTION_INCLUDED=NO
CURVED_MICROSCOPIC_RING_INCLUDED=NO
FULL_LOOP_STABILITY_INCLUDED=NO
FRAME_DRAGGING_INCLUDED=NO

=== DECISION ===
018B0F_STATIONARY_INTEGER_WALL_BALANCE_GRAVITY_SCOUT=GREEN
STATIONARY_TWO_CURRENT_POSITIVE_PPAR_RIM_CANDIDATE=YES
EXACT_DUAL_INTEGER_LOOP_CLOSURE=PASS
NEAR_EXACT_WALL_BALANCE=PASS
SOURCE_LEVEL_FINITE_PAYLOAD_REPULSION=PASS
PROJECTED_SCALING_IMPROVEMENT=YES_BUT_NOT_VALIDATED
NEXT=018B0G_NEW_TWO_CURRENT_2D_STRING_WALL_JUNCTION_REVALIDATION
NEXT_AFTER_018B0G_GREEN=018B0H_COMPLETE_SOURCE_GRAVITY_REVALIDATION_THEN_TRUE_018B_GLOBAL_TOROIDAL_SOLVE
CURRENT_HEURISTIC=APPROXIMATELY_66_PERCENT_NOT_A_PROBABILITY
HEURISTIC_INCREASE_FROM_THIS_GATE=NO_SOURCE_LEVEL_SCOUT_ONLY
PRACTICAL_ANTIGRAVITY_DEVICE=NO
NEW_PHYSICS_DISCOVERY=NO
CLAIM_CLASSIFICATION=PROJECT_DERIVED_018B0F_STATIONARY_TWO_CURRENT_INTEGER_WALL_BALANCE_GRAVITY_SCOUT
