=== ANTIGRAVITY_RESEARCH 018B-0 ===
QUESTION=WHAT_IS_THE_MINIMAL_ROBUST_MICROSCOPIC_ARCHITECTURE_TO_TARGET_WITH_THE_FULL_018B_TOROIDAL_FIELD_SOLVER

=== 017P / 018A ANCHOR AUDIT ===
ONE_COPY_P_PARALLEL_FROM_STRESS=4.291023742661775e-01
ONE_COPY_P_PARALLEL_FROM_PROMOTED_PAIR_LOAD=4.290951394949467e-01
ONE_COPY_P_PARALLEL_RECONSTRUCTION_RELERR=1.686052943709409e-05
ONE_COPY_BASE_ENERGY_LINE=2.048910765392219e+01
ONE_COPY_BASE_ACTIVE_LINE=2.091821002818836e+01
ONE_COPY_JUNCTION_REDUCED_ENERGY=+3.522771254323334e-03
ONE_COPY_JUNCTION_PHYSICAL_ENERGY=+1.431889553278203e-02
ONE_COPY_JUNCTION_ACTIVE=+2.137447172547065e-02
WALL_TENSION_CALIBRATION_RATIO=9.998002079334355e-01
ONE_COPY_RADIAL_SUPPORT_RECONSTRUCTION=PASS

=== CURRENT TWO-COPY 018A-8 CONTROL ===
CURRENT_PAIR F=0.075000000 COPIES=2 X=0.013406393063 C=1.774169582601282e+06 R=1.513448573206964e+03 N_REQ=3.369697794026193e+03 N_INT=3370 INTEGER_MISMATCH=8.968340553943159e-05 PAYLOAD_OUTWARD=+8.163966242484690e-01 POINT_OUTWARD=+8.421258565637109e-01 LEVERAGE=1.231487957006251e+00 R_OVER_WALL=19.275088360407 R_OVER_CORE=113.508642990522
CURRENT_PAIR_HIGH_PRECISION_C=1.774169582609968e+06
CURRENT_PAIR_C_VS_018A8_RELERR=3.937007701000373e-15
CURRENT_018A8_RECONSTRUCTION=PASS

=== SINGLE-VORTON THIN-WALL EFFICIENCY FLOOR ===
SINGLE_VORTON_THIN_OPT_X=1.328510963917483e-02
SINGLE_VORTON_THIN_OUTWARD=+8.910062332947630e-01
SINGLE_VORTON_THIN_C_FLOOR=8.277119062897265e+05

=== MULTIPLICITY x F x HEIGHT ARCHITECTURE SCAN ===
ARCHITECTURE_SCAN COPIES=1 TOTAL_F=326 PASSING_F=245
COPIES_1_LOWEST_C F=0.022400000 COPIES=1 X=0.013286101697 C=8.276472458321208e+05 R=2.840386290354771e+04 N_REQ=6.324128606834300e+04 N_INT=63241 INTEGER_MISMATCH=4.523442845459948e-06 PAYLOAD_OUTWARD=+8.909427774843985e-01 POINT_OUTWARD=+8.909452457910492e-01 LEVERAGE=1.509822846753140e+00 R_OVER_WALL=108.042063962145 R_OVER_CORE=2130.289717766078
COPIES_1_MAX_F_PASS F=0.068800000 COPIES=1 X=0.003000000000 C=7.054239033868271e+10 R=9.802935566344463e+02 N_REQ=2.182626548247742e+03 N_INT=2183 INTEGER_MISMATCH=1.711019929443274e-04 PAYLOAD_OUTWARD=+2.050206232074303e-04 POINT_OUTWARD=+3.063659357939730e-04 LEVERAGE=1.000519438612006e+00 R_OVER_WALL=11.452809376193 R_OVER_CORE=73.522016747583
ARCHITECTURE_SCAN COPIES=2 TOTAL_F=326 PASSING_F=326
COPIES_2_LOWEST_C F=0.020200000 COPIES=2 X=0.013290953434 C=8.273258416615812e+05 R=7.746354182196365e+04 N_REQ=1.724728085354183e+05 N_INT=172473 INTEGER_MISMATCH=1.110114593361604e-06 PAYLOAD_OUTWARD=+1.781276602948628e+00 POINT_OUTWARD=+1.781276602948639e+00 LEVERAGE=1.509462673003640e+00 R_OVER_WALL=265.715057414205 R_OVER_CORE=5809.765636647274
COPIES_2_MAX_F_PASS F=0.085000000 COPIES=2 X=0.011848516041 C=5.131025019533250e+06 R=1.039668010293813e+03 N_REQ=2.314823947656910e+03 N_INT=2315 INTEGER_MISMATCH=7.605431215117269e-05 PAYLOAD_OUTWARD=+3.614000198897567e-01 POINT_OUTWARD=+3.769569513359481e-01 LEVERAGE=1.115941185095049e+00 R_OVER_WALL=15.006556681978 R_OVER_CORE=77.975100772036
ARCHITECTURE_SCAN COPIES=3 TOTAL_F=326 PASSING_F=326
COPIES_3_LOWEST_C F=0.021600000 COPIES=3 X=0.013289329463 C=8.272171516182707e+05 R=9.503453718315490e+04 N_REQ=2.115946824831985e+05 N_INT=211595 INTEGER_MISMATCH=1.500589701862982e-06 PAYLOAD_OUTWARD=+2.672919121678723e+00 POINT_OUTWARD=+2.672919121678722e+00 LEVERAGE=1.509716397697197e+00 R_OVER_WALL=348.580156980749 R_OVER_CORE=7127.590288736617
COPIES_3_MAX_F_PASS F=0.085000000 COPIES=3 X=0.013910872740 C=1.290523818835543e+06 R=1.559502015440719e+03 N_REQ=3.472235921485365e+03 N_INT=3472 INTEGER_MISMATCH=6.794511971526434e-05 PAYLOAD_OUTWARD=+1.563639761090385e+00 POINT_OUTWARD=+1.605133309431710e+00 LEVERAGE=1.284865066839811e+00 R_OVER_WALL=22.509835022967 R_OVER_CORE=116.962651158054
ARCHITECTURE_SCAN COPIES=4 TOTAL_F=326 PASSING_F=326
COPIES_4_LOWEST_C F=0.021800000 COPIES=4 X=0.013282344562 C=8.271500798750825e+05 R=1.232571079145115e+05 N_REQ=2.744323209856304e+05 N_INT=274432 INTEGER_MISMATCH=1.169634936810298e-06 PAYLOAD_OUTWARD=+3.567930789253095e+00 POINT_OUTWARD=+3.567930789253099e+00 LEVERAGE=1.510562222406187e+00 R_OVER_WALL=456.284706789378 R_OVER_CORE=9244.283093588361
COPIES_4_MAX_F_PASS F=0.085000000 COPIES=4 X=0.013843631582 C=9.585687722386670e+05 R=2.079336020587625e+03 N_REQ=4.629647895313820e+03 N_INT=4630 INTEGER_MISMATCH=7.605431215117269e-05 PAYLOAD_OUTWARD=+2.834176411596909e+00 POINT_OUTWARD=+2.878620219912943e+00 LEVERAGE=1.389129146052430e+00 R_OVER_WALL=30.013113363956 R_OVER_CORE=155.950201544072
SINGLE_VORTON_FEASIBLE_REGION=YES

=== SINGLE-VORTON PARETO KNEES ===
PARETO_KNEE C_OVER_THIN_MAX=1.100 FOUND=YES
PARETO_1.100 F=0.040400000 COPIES=1 X=0.013742240955 C=9.092192327151456e+05 R=4.841471363872725e+03 N_REQ=1.077955053346364e+04 N_INT=10780 INTEGER_MISMATCH=4.169622239514518e-05 PAYLOAD_OUTWARD=+7.580650921273608e-01 POINT_OUTWARD=+7.673762448105690e-01 LEVERAGE=1.419395748628255e+00 R_OVER_WALL=33.214382176776 R_OVER_CORE=363.110352290454
PARETO_KNEE C_OVER_THIN_MAX=1.080 FOUND=YES
PARETO_1.080 F=0.039400000 COPIES=1 X=0.013688920212 C=8.914810064290743e+05 R=5.219546816271157e+03 N_REQ=1.162133666381286e+04 N_INT=11621 INTEGER_MISMATCH=2.896945700871025e-05 PAYLOAD_OUTWARD=+7.791835074846416e-01 POINT_OUTWARD=+7.875382518546585e-01 LEVERAGE=1.432757587625596e+00 R_OVER_WALL=34.921787480769 R_OVER_CORE=391.466011220337
PARETO_KNEE C_OVER_THIN_MAX=1.060 FOUND=YES
PARETO_1.060 F=0.038400000 COPIES=1 X=0.013634628621 C=8.768221432491094e+05 R=5.638035286988926e+03 N_REQ=1.255310250083429e+04 N_INT=12553 INTEGER_MISMATCH=8.165378581014789e-06 PAYLOAD_OUTWARD=+7.985315783060034e-01 POINT_OUTWARD=+8.058927316731210e-01 LEVERAGE=1.445268474446644e+00 R_OVER_WALL=36.764313431563 R_OVER_CORE=422.852646524169
PARETO_KNEE C_OVER_THIN_MAX=1.050 FOUND=YES
PARETO_1.050 F=0.037600000 COPIES=1 X=0.013591579073 C=8.670470303998837e+05 R=6.005621090304453e+03 N_REQ=1.337153339599381e+04 N_INT=13372 INTEGER_MISMATCH=3.489532519352984e-05 PAYLOAD_OUTWARD=+8.126578654379057e-01 POINT_OUTWARD=+8.192129911419348e-01 LEVERAGE=1.454579900452776e+00 R_OVER_WALL=38.345395267688 R_OVER_CORE=450.421581772834
PARETO_KNEE C_OVER_THIN_MAX=1.040 FOUND=YES
PARETO_1.040 F=0.037000000 COPIES=1 X=0.013560033232 C=8.607340876314754e+05 R=6.302549866954449e+03 N_REQ=1.403264620905770e+04 N_INT=14033 INTEGER_MISMATCH=2.521199045617984e-05 PAYLOAD_OUTWARD=+8.224314700234496e-01 POINT_OUTWARD=+8.283840349162583e-01 LEVERAGE=1.461116656956517e+00 R_OVER_WALL=39.599113231297 R_OVER_CORE=472.691240021584
PARETO_KNEE C_OVER_THIN_MAX=1.030 FOUND=YES
PARETO_1.030 F=0.036000000 COPIES=1 X=0.013509779124 C=8.519416277958853e+05 R=6.842486677187151e+03 N_REQ=1.523481713879029e+04 N_INT=15235 INTEGER_MISMATCH=1.200284900331204e-05 PAYLOAD_OUTWARD=+8.371126288022774e-01 POINT_OUTWARD=+8.420815706424569e-01 LEVERAGE=1.471092948356910e+00 R_OVER_WALL=41.829618837690 R_OVER_CORE=513.186500789036
PARETO_KNEE C_OVER_THIN_MAX=1.020 FOUND=YES
PARETO_1.020 F=0.034800000 COPIES=1 X=0.013454846146 C=8.438676525728229e+05 R=7.575019077619138e+03 N_REQ=1.686580272858002e+04 N_INT=16866 INTEGER_MISMATCH=1.169653310665916e-05 PAYLOAD_OUTWARD=+8.520369296380605e-01 POINT_OUTWARD=+8.558922243547544e-01 LEVERAGE=1.481448320665474e+00 R_OVER_WALL=44.764158090274 R_OVER_CORE=568.126430821435

=== DETERMINISTIC 3^8 STRESS OF SINGLE-VORTON FINALISTS ===
FINALIST_STRESS F=0.040400000 NOMINAL_C=9.092192327151456e+05 TOTAL=6561 PASSING=6555 ALL_PASS=NO DEEP_PASS=NO MIN_PAYLOAD=-2.945954559888886e-03 MIN_POINT=+8.673605019064112e-03 MIN_ACTIVE=+1.168795279992211e+02 MIN_LEVERAGE=9.986540731151843e-01 MIN_SCALE=2.397545816409626e+01 MAX_INTEGER_MISMATCH=6.473303566840294e-05 CONSERVATIVE_MAX_C=inf
FINALIST_WORST_PAYLOAD_CASE={'F_FACTOR': 1.1, 'PRESSURE_FACTOR': 0.9, 'MU_FACTOR': 2.0, 'BASE_ACTIVE_FACTOR': 1.1, 'ENDPOINT_ACTIVE_FACTOR': 2.0, 'Q_OVER_N_FACTOR': 0.9, 'X_FACTOR': 1.1, 'TENSION_FACTOR': 1.02}
FINALIST_STRESS F=0.039400000 NOMINAL_C=8.914810064290743e+05 TOTAL=6561 PASSING=6561 ALL_PASS=YES DEEP_PASS=NO MIN_PAYLOAD=+3.003988793437573e-02 MIN_POINT=+4.118027006475389e-02 MIN_ACTIVE=+1.168795279992211e+02 MIN_LEVERAGE=1.013777833970159e+00 MIN_SCALE=2.520793101929407e+01 MAX_INTEGER_MISMATCH=7.053356879211424e-05 CONSERVATIVE_MAX_C=2.099220450805725e+07
FINALIST_WORST_PAYLOAD_CASE={'F_FACTOR': 1.1, 'PRESSURE_FACTOR': 0.9, 'MU_FACTOR': 2.0, 'BASE_ACTIVE_FACTOR': 1.1, 'ENDPOINT_ACTIVE_FACTOR': 2.0, 'Q_OVER_N_FACTOR': 0.9, 'X_FACTOR': 1.1, 'TENSION_FACTOR': 1.02}
FINALIST_STRESS F=0.038400000 NOMINAL_C=8.768221432491094e+05 TOTAL=6561 PASSING=6561 ALL_PASS=YES DEEP_PASS=YES MIN_PAYLOAD=+6.111484106328335e-02 MIN_POINT=+7.164922814020258e-02 MIN_ACTIVE=+1.168795279992211e+02 MIN_LEVERAGE=1.028141940169806e+00 MIN_SCALE=2.653793931553232e+01 MAX_INTEGER_MISMATCH=6.207365457306367e-05 CONSERVATIVE_MAX_C=1.040067266101076e+07
FINALIST_WORST_PAYLOAD_CASE={'F_FACTOR': 1.1, 'PRESSURE_FACTOR': 0.9, 'MU_FACTOR': 2.0, 'BASE_ACTIVE_FACTOR': 1.1, 'ENDPOINT_ACTIVE_FACTOR': 2.0, 'Q_OVER_N_FACTOR': 0.9, 'X_FACTOR': 1.1, 'TENSION_FACTOR': 1.02}
FINALIST_STRESS F=0.037600000 NOMINAL_C=8.670470303998837e+05 TOTAL=6561 PASSING=6561 ALL_PASS=YES DEEP_PASS=YES MIN_PAYLOAD=+8.438862338845965e-02 MIN_POINT=+9.434985608907898e-02 MIN_ACTIVE=+1.168795279992211e+02 MIN_LEVERAGE=1.038981964756054e+00 MIN_SCALE=2.767922688229356e+01 MAX_INTEGER_MISMATCH=5.943146566516298e-05 CONSERVATIVE_MAX_C=7.580031430988917e+06
FINALIST_WORST_PAYLOAD_CASE={'F_FACTOR': 1.1, 'PRESSURE_FACTOR': 0.9, 'MU_FACTOR': 2.0, 'BASE_ACTIVE_FACTOR': 1.1, 'ENDPOINT_ACTIVE_FACTOR': 2.0, 'Q_OVER_N_FACTOR': 0.9, 'X_FACTOR': 1.1, 'TENSION_FACTOR': 1.02}
FINALIST_STRESS F=0.037000000 NOMINAL_C=8.607340876314754e+05 TOTAL=6561 PASSING=6561 ALL_PASS=YES DEEP_PASS=YES MIN_PAYLOAD=+1.008195481434289e-01 MIN_POINT=+1.103024290453845e-01 MIN_ACTIVE=+1.168795279992211e+02 MIN_LEVERAGE=1.046680237396826e+00 MIN_SCALE=2.858421022433262e+01 MAX_INTEGER_MISMATCH=5.228319096915011e-05 CONSERVATIVE_MAX_C=6.374241106511346e+06
FINALIST_WORST_PAYLOAD_CASE={'F_FACTOR': 1.1, 'PRESSURE_FACTOR': 0.9, 'MU_FACTOR': 2.0, 'BASE_ACTIVE_FACTOR': 1.1, 'ENDPOINT_ACTIVE_FACTOR': 2.0, 'Q_OVER_N_FACTOR': 0.9, 'X_FACTOR': 1.1, 'TENSION_FACTOR': 1.02}
FINALIST_STRESS F=0.036000000 NOMINAL_C=8.519416277958853e+05 TOTAL=6561 PASSING=6561 ALL_PASS=YES DEEP_PASS=YES MIN_PAYLOAD=+1.260843433053940e-01 MIN_POINT=+1.346869962357586e-01 MIN_ACTIVE=+1.168795279992211e+02 MIN_LEVERAGE=1.058595046510912e+00 MIN_SCALE=3.019427762122789e+01 MAX_INTEGER_MISMATCH=5.409209847782742e-05 CONSERVATIVE_MAX_C=5.134960213848058e+06
FINALIST_WORST_PAYLOAD_CASE={'F_FACTOR': 1.1, 'PRESSURE_FACTOR': 0.9, 'MU_FACTOR': 2.0, 'BASE_ACTIVE_FACTOR': 1.1, 'ENDPOINT_ACTIVE_FACTOR': 2.0, 'Q_OVER_N_FACTOR': 0.9, 'X_FACTOR': 1.1, 'TENSION_FACTOR': 1.02}
FINALIST_STRESS F=0.034800000 NOMINAL_C=8.438676525728229e+05 TOTAL=6561 PASSING=6561 ALL_PASS=YES DEEP_PASS=YES MIN_PAYLOAD=+1.526391790913313e-01 MIN_POINT=+1.600747867330252e-01 MIN_ACTIVE=+1.168795279992211e+02 MIN_LEVERAGE=1.071225270858177e+00 MIN_SCALE=3.231254442224151e+01 MAX_INTEGER_MISMATCH=4.889102300614591e-05 CONSERVATIVE_MAX_C=4.276330348804964e+06
FINALIST_WORST_PAYLOAD_CASE={'F_FACTOR': 1.1, 'PRESSURE_FACTOR': 0.9, 'MU_FACTOR': 2.0, 'BASE_ACTIVE_FACTOR': 1.1, 'ENDPOINT_ACTIVE_FACTOR': 2.0, 'Q_OVER_N_FACTOR': 0.9, 'X_FACTOR': 1.1, 'TENSION_FACTOR': 1.02}
FINALIST_STRESS F=0.022400000 NOMINAL_C=8.276472458321208e+05 TOTAL=6561 PASSING=6561 ALL_PASS=YES DEEP_PASS=YES MIN_PAYLOAD=+2.310962743317946e-01 MIN_POINT=+2.310964466848366e-01 MIN_ACTIVE=+1.168795279992211e+02 MIN_LEVERAGE=1.109204023389866e+00 MIN_SCALE=7.798904615176848e+01 MAX_INTEGER_MISMATCH=1.244977256770527e-05 CONSERVATIVE_MAX_C=2.896720897164587e+06
FINALIST_WORST_PAYLOAD_CASE={'F_FACTOR': 0.9, 'PRESSURE_FACTOR': 0.9, 'MU_FACTOR': 2.0, 'BASE_ACTIVE_FACTOR': 1.1, 'ENDPOINT_ACTIVE_FACTOR': 2.0, 'Q_OVER_N_FACTOR': 0.9, 'X_FACTOR': 1.1, 'TENSION_FACTOR': 1.02}

=== SINGLE-VORTON SELECTION ===
SELECTION_CLASS=DEEP_ROBUST_SINGLE_VORTON_PARETO
ROBUST_SINGLE_VORTON_SELECTED=YES
SELECTED_PARETO_THRESHOLD=1.060000
SELECTED_SINGLE_VORTON F=0.038400000 COPIES=1 X=0.013634628621 C=8.768221432491094e+05 R=5.638035286988926e+03 N_REQ=1.255310250083429e+04 N_INT=12553 INTEGER_MISMATCH=8.165378581014789e-06 PAYLOAD_OUTWARD=+7.985315783060034e-01 POINT_OUTWARD=+8.058927316731210e-01 LEVERAGE=1.445268474446644e+00 R_OVER_WALL=36.764313431563 R_OVER_CORE=422.852646524169

=== 20,000-CASE RANDOM CONTINUOUS STRESS ===
RANDOM_STRESS_TOTAL=20000
RANDOM_STRESS_PASSING=20000
RANDOM_STRESS_PASS_FRACTION=1.000000000000000
RANDOM_STRESS_MIN_PAYLOAD=+1.226164906697531e-01
RANDOM_STRESS_MIN_LEVERAGE=1.057616970735030e+00
RANDOM_STRESS_MIN_SCALE=2.680171304032499e+01
RANDOM_STRESS_MAX_INTEGER_MISMATCH=6.064938595034842e-05
RANDOM_STRESS=PASS

=== HIGH-PRECISION INDEPENDENT RECONSTRUCTION ===
HIGH_PRECISION_POINT_OUTWARD=+8.058902100796885e-01
HIGH_PRECISION_PAYLOAD_OUTWARD=+7.985285610650235e-01
SCOUT_VS_ADAPTIVE_WALL_POINT_RELERR=5.545858793836284e-13
SCOUT_VS_ADAPTIVE_WALL_PAYLOAD_RELERR=6.109889957690405e-13
SELECTED_RIM_CORE WIDTH=0.000000000000000e+00 INWARD_FACTOR=1.793371020255664e+00
SELECTED_RIM_CORE WIDTH=1.333333333333333e+01 INWARD_FACTOR=1.793355978259007e+00
SELECTED_RIM_CORE WIDTH=2.666666666666667e+01 INWARD_FACTOR=1.793310851007279e+00
HIGH_PRECISION_FINITE_CORE_WORST_RIM=1.793371020255664e+00
HIGH_PRECISION_C=8.768254563224691e+05
HIGH_PRECISION_RECONSTRUCTION=PASS

=== SELECTED MICROSCOPIC / STATIONARY INTERPRETATION ===
SELECTED_MIN_VACUUM_HESSIAN_EIGENVALUE=2.947938628114129e-03
SELECTED_TRANSVERSE_WALL_EIGENVALUE=3.963136000000000e-02
SELECTED_GAUGE_MASS_SHIFT_FRACTION=3.686400000000000e-04
SELECTED_TOPOLOGY_PREFLIGHT=PASS
SINGLE_VORTON_NET_ANGULAR_MOMENTUM=NONZERO
SINGLE_VORTON_J_EQUALS_NQ_ESTIMATE=1.044479106365065e+09
STATIC_CLASSIFICATION=NO
STATIONARY_AXISYMMETRIC_CLASSIFICATION=YES
018D_FRAME_DRAGGING_GATE_REQUIRED=YES
COUNTERROTATING_PAIR_REQUIRED_FOR_FIELD_EXISTENCE=NO
COUNTERROTATING_PAIR_WAS_USED_TO_CANCEL_EFFECTIVE_T_TPHI=YES
FULL_MICROSCOPIC_COUNTERROTATING_PAIR_BINDING=NOT_ESTABLISHED_BY_THIS_CAMPAIGN

=== 1g / 1m ENERGY REQUIREMENT ===
CURRENT_018A8_C=1.774169582609968e+06
CURRENT_018A8_ONE_G_ONE_M_MASS_KG=2.606814218315335e+17
CURRENT_018A8_ONE_G_ONE_M_ENERGY_J=2.342887778715677e+34
SELECTED_PROJECTED_C=8.768254563224691e+05
SELECTED_PROJECTED_ONE_G_ONE_M_MASS_KG=1.288332913001325e+17
SELECTED_PROJECTED_ONE_G_ONE_M_ENERGY_J=1.157895877497030e+34
PROJECTED_ENERGY_IMPROVEMENT_FACTOR=2.023401088343270e+00
PROJECTED_ENERGY_FRACTION_OF_CURRENT=4.942173876256955e-01
ENERGY_MODEL_STATUS=SOURCE_LEVEL_REPARAMETERIZATION_ONLY_NOT_YET_MICROSCOPICALLY_REVALIDATED
PRACTICAL_ENERGY_SCALING=STILL_CATASTROPHIC

=== 018B-0 DECISION ===
FULL_018A_GATE=GREEN_INHERITED
018B_AUTHORIZED=YES_INHERITED
SINGLE_STATIONARY_VORTON_SOURCE_LEVEL_REGION=SUPPORTED
018B0_ARCHITECTURE_PARETO_CAMPAIGN=GREEN
018B_TARGET_ARCHITECTURE=SINGLE_STATIONARY_GAUGED_VORTON_PLUS_ONE_KLS_WALL
SECOND_COMPLETE_VORTON_COPY=NOT_REQUIRED_BY_SELECTED_SOURCE_LEVEL_ARCHITECTURE
MICROSCOPIC_REPARAMETERIZATION_REQUIRED=YES
NEXT=018B0B_RERUN_PLANAR_WALL_AND_FULLY_COUPLED_LOCAL_JUNCTION_AT_SELECTED_F_THEN_LAUNCH_GLOBAL_018B
TRUE_018B_GLOBAL_TOROIDAL_FIELD_SOLUTION=NOT_YET_RUN
018C_FULL_COMPOSITE_STABILITY=NOT_YET_RUN
018D_STATIONARY_GR_FRAME_DRAGGING=NOT_YET_RUN
018E_NONLINEAR_EINSTEIN_MATTER=NOT_YET_RUN
CURRENT_HEURISTIC=APPROXIMATELY_66_PERCENT_NOT_A_PROBABILITY
HEURISTIC_INCREASE_FROM_THIS_SCAN=NO_PARAMETER_SCAN_ALONE_DOES_NOT_EARN_PROMOTION
PRACTICAL_ANTIGRAVITY_DEVICE=NO
NEW_PHYSICS_DISCOVERY=NO
CLAIM_CLASSIFICATION=PROJECT_DERIVED_018B0_ARCHITECTURE_PARETO_SCOUT
