=== 018B-0G — TWO-CURRENT 2D JUNCTION + BACKREACTION PREFLIGHT ===
UPSTREAM_018B0F_SOURCE_SHA256=61723f96e3a4e561f0b6554d642cc23dbc550278c86e81a63ebc53aa749b2958
UPSTREAM_018B0F_HASH_ENFORCED=NO_EXECUTED_LOCAL_SOURCE_IS_AUTHORITY

=== LORENTZ-INVARIANT MICROSTATE CHECK ===
W_PHI=-1.527777777777779e-02
W_SIGMA=-1.607142857142859e-02
STATIONARY_BOOST_CHANGES_TRANSVERSE_BVP=NO_BY_LORENTZ_INVARIANCE

=== INDEPENDENT TWO-CURRENT RADIAL BVP RECONSTRUCTION ===
RADIAL_DOMAIN=40 I_PHI=1.290669527776138e+00 I_SIGMA=9.101824801796544e-01 PHI0=3.835610511144895e-01 SIGMA0=3.259699390862442e-01 MAX_RMS=9.718e-06
RADIAL_DOMAIN=60 I_PHI=1.292282319901603e+00 I_SIGMA=9.111074625068313e-01 PHI0=3.835672637332161e-01 SIGMA0=3.259740268369971e-01 MAX_RMS=9.950e-06
RADIAL_DOMAIN=80 I_PHI=1.292301128689164e+00 I_SIGMA=9.111169498738672e-01 PHI0=3.835673085983440e-01 SIGMA0=3.259740530998022e-01 MAX_RMS=9.945e-06
RADIAL_DOMAIN80_REFERENCE_MAX_RELERR=6.089283791492495e-07
INDEPENDENT_TWO_CURRENT_RADIAL_RECONSTRUCTION=PASS

=== FIXED-BACKGROUND 2D JUNCTION — RESOLUTION SEQUENCE ===
JUNCTION_N=81 L=60.0 DX=1.500000000 PASS=YES MU=+4.157277891422326e-03 ACTIVE=+2.846960619573818e-03 GRAD_RMS=9.512e-08 GRAD_MAX=5.764e-07 AXIS_RATIO=1.058e-03 PHASE_LOCK_P01=0.999785307
JUNCTION_N=121 L=60.0 DX=1.000000000 PASS=YES MU=+4.109925003627647e-03 ACTIVE=+2.820843787758192e-03 GRAD_RMS=1.221e-08 GRAD_MAX=6.232e-08 AXIS_RATIO=6.627e-04 PHASE_LOCK_P01=0.999816273
JUNCTION_N=161 L=60.0 DX=0.750000000 PASS=YES MU=+4.081878882037010e-03 ACTIVE=+2.812042328175071e-03 GRAD_RMS=1.561e-08 GRAD_MAX=2.169e-07 AXIS_RATIO=6.227e-04 PHASE_LOCK_P01=0.999813876
JUNCTION_N=201 L=60.0 DX=0.600000000 PASS=YES MU=+4.063888945262148e-03 ACTIVE=+2.808474232269730e-03 GRAD_RMS=7.488e-09 GRAD_MAX=7.221e-08 AXIS_RATIO=6.149e-04 PHASE_LOCK_P01=0.999825921

=== FIXED-BACKGROUND 2D JUNCTION — DOMAIN SEQUENCE ===
JUNCTION_DOMAIN_L=50.0 N=101 DX=1.000000000 PASS=YES MU=+4.095301901575723e-03 ACTIVE=+2.752671361788039e-03
JUNCTION_DOMAIN_L=60.0 N=121 DX=1.000000000 PASS=YES MU=+4.109925003627647e-03 ACTIVE=+2.820843787758192e-03
JUNCTION_DOMAIN_L=80.0 N=161 DX=1.000000000 PASS=YES MU=+4.117557363687033e-03 ACTIVE=+2.897462081341166e-03

=== JUNCTION CONTINUUM / DOMAIN AUDIT ===
MU_DX0_LINEAR_QUADRATIC_CUBIC=4.004080597929822e-03,3.981281682521258e-03,3.985179161520556e-03
MU_DX0_EXTRAPOLATION_SPREAD_FRACTION=5.720926082496415e-03
ACTIVE_DX0_LINEAR_QUADRATIC_CUBIC=2.780040363048089e-03,2.804180484006594e-03,2.809968979320922e-03
ACTIVE_DX0_EXTRAPOLATION_SPREAD_FRACTION=1.067285663085091e-02
MU_L60_TO_L80_REL_SHIFT_AT_DX1=1.853613534736823e-03
JUNCTION_MU_ESTIMATE_PREFLIGHT=3.992811521579941e-03
JUNCTION_MU_CONSERVATIVE_BOUND=5.196597364277907e-03
JUNCTION_ACTIVE_CONSERVATIVE_BOUND=4.346193122011750e-03
FIXED_BACKGROUND_JUNCTION_CONVERGENCE=PASS

=== FROZEN-FIELD BACKREACTION AUDIT ===
H_EXTENSION_SOURCE_MAX=5.625000000000000e-05
H_EXTENSION_SOURCE_RMS=1.852161809903696e-05
A_GAUGE_CURRENT_L2=9.090873064975368e-04
H_GAUGE_CURRENT_L2=1.346368559070033e+00
A_TO_H_GAUGE_CURRENT_L2_RATIO=6.752143017402784e-04
PHI_DIRECT_KLS_SOURCE=0
SIGMA_DIRECT_KLS_SOURCE=0
FIXED_BACKGROUND_BACKREACTION_PREFLIGHT=PASS

=== CONSERVATIVE JUNCTION-PENALIZED STATIONARY SCOUT ===
JUNCTION_ENERGY_INFLATION=1.250000
JUNCTION_ACTIVE_INFLATION=1.500000
INFLATED_VALUES_ARE_PHYSICAL_FIT_PARAMETERS=NO
CORRECTED_EXACT_INTEGER_PASSERS=2
CORRECTED_BASE_N_PHI=80
CORRECTED_BASE_N_SIGMA=37
CORRECTED_COMMON_MULTIPLIER=226
CORRECTED_N_PHI=18080
CORRECTED_N_SIGMA=8362
CORRECTED_BOOST_V=-9.894909466484949e-01
CORRECTED_LIGHTCONE_MARGIN=1.050905335150509e-02
CORRECTED_RADIUS=1.510922068320159e+04
CORRECTED_R_OVER_WALL90=1.923519601222635e+02
CORRECTED_P_AVAILABLE=+8.494844793144694e+00
CORRECTED_WALL_LOAD=+8.495540280558808e+00
CORRECTED_WALL_BALANCE_RELERR=8.186500106488699e-05
CORRECTED_H_OVER_R=1.671973748186261e-01
CORRECTED_NOMINAL_PAYLOAD_OUTWARD=+1.738103118821336e+01
CORRECTED_ADVERSE_PAYLOAD_OUTWARD=+1.675404547212919e+01
CORRECTED_ACTIVE_MASS_PER_R=+1.428327374681343e+02
CORRECTED_PROJECTED_C=3.049154365247315e+02
CORRECTED_PROJECTED_C_STATUS=PREFLIGHT_ONLY_NOT_VALIDATED

=== DECISION ===
018B0G_TWO_CURRENT_FIXED_BACKGROUND_2D_JUNCTION_GATE=GREEN
NEW_TWO_CURRENT_FIXED_BACKGROUND_JUNCTION=SUPPORTED
NEW_TWO_CURRENT_JUNCTION_BACKREACTION_EXPECTATION=PERTURBATIVE_AT_PREFLIGHT_LEVEL
JUNCTION_PENALIZED_STATIONARY_GRAVITY_SCOUT=PASS
FULLY_COUPLED_TWO_CURRENT_2D_JUNCTION=AUTHORIZED
NEXT=018B0G2_FULLY_COUPLED_TWO_CURRENT_MATCHED_2D_JUNCTION
NEXT_AFTER_018B0G2_GREEN=018B0H_COMPLETE_SOURCE_GRAVITY_REVALIDATION
CURRENT_HEURISTIC=APPROXIMATELY_66_PERCENT_NOT_A_PROBABILITY
HEURISTIC_INCREASE_FROM_THIS_GATE=NO_FIXED_BACKGROUND_PREFLIGHT_ONLY
TRUE_018B_GLOBAL_FIELD_SOLUTION=NOT_YET_RUN
FULL_COMPOSITE_STABILITY=NOT_ESTABLISHED
PRACTICAL_ANTIGRAVITY_DEVICE=NO
NEW_PHYSICS_DISCOVERY=NO
CLAIM_CLASSIFICATION=PROJECT_DERIVED_018B0G_TWO_CURRENT_FIXED_BACKGROUND_JUNCTION_AND_BACKREACTION_PREFLIGHT
