=== 018B-0C — SHARED-CORE COUNTERROTATION MICROSCOPIC VACUUM GATE ===

=== IMPORTED 017P / 018A-2 SET-G CONSTANTS ===
LAMBDA_PHI=1.000000000000000e+00
LAMBDA_SIGMA=9.000000000000000e+02
ETA_PHI=1.000000000000000e+00
ETA_SIGMA=1.825000000000000e-01
BETA=2.000000000000000e+01
CHI_SELECTED=4.750000000000000e-03

=== EXACT BULK VACUUM ORDERING ===
CRITICAL_INDEPENDENT_SIGMA_MULTIPLICITY=1.001626982616439e+00
ONE_SIGMA_COMPETING_CORE_DELTA_V=+4.060849609375250e-04
TWO_SIGMA_COMPETING_CORE_DELTA_V=-2.491878300781250e-01
M2_MINUS_MCRIT=+9.983730173835610e-01
ONE_SIGMA_INTENDED_VACUUM_BEATS_EXHIBITED_CORE_PHASE=YES
TWO_SIGMA_EXHIBITED_CORE_PHASE_BEATS_INTENDED_VACUUM=YES
DUPLICATION_FLIPS_BULK_VACUUM_ORDERING=PASS

=== LOCAL EXTERIOR-VACUUM CURVATURE ===
PHI_RADIAL_CURVATURE=+2.000000000000000e+00
SIGMA_RADIAL_CURVATURE_PER_SECTOR=+1.002437500000000e+01
INTENDED_EXTERIOR_VACUUM_LOCAL_MINIMUM=YES

=== EXACT HOMOGENEOUS CANDIDATE EXHAUSTION ===
M=1 EXACT_GLOBAL_CANDIDATE=INTENDED_EXTERIOR X=1.000000000000000e+00 Y=0.000000000000000e+00 V=-5.551115123125783e-17
M=2 EXACT_GLOBAL_CANDIDATE=CONDENSATE_CORE X=0.000000000000000e+00 Y=3.330625000000000e-02 V=-2.491878300781250e-01
EXACT_STATIONARY_BOUNDARY_EXHAUSTION=PASS

=== INDEPENDENT DENSE GRID CROSSCHECK ===
M=1 GRID_MIN_V=-5.551115123125783e-17 GRID_MIN_X=1.000000000000000e+00 GRID_MIN_Y=0.000000000000000e+00
M=2 GRID_MIN_V=-2.491878300781250e-01 GRID_MIN_X=0.000000000000000e+00 GRID_MIN_Y=3.330625000000000e-02
DENSE_GRID_BULK_ORDERING_CROSSCHECK=PASS

=== ORDERING-RESTORATION DIAGNOSTICS — NOT RESCUE PARAMETERS ===
ETA_SIGMA_MAX_FOR_M2_ORDERING_ONLY=1.535259783865636e-01
ETA_SIGMA_MAX_OVER_CURRENT=8.412382377345949e-01
LAMBDA_SIGMA_MAX_FOR_M2_ORDERING_ONLY=4.507321421773976e+02
LAMBDA_SIGMA_MAX_OVER_CURRENT=5.008134913082195e-01
RETUNING_PUBLISHED_SET_G_TO_RESCUE_THIS_GATE=NOT_AUTHORIZED

=== DECISION ===
NAIVE_COINCIDENT_INDEPENDENT_TWO_SIGMA_SHARED_CORE=REJECTED_BY_BULK_VACUUM_ORDERING
018B0C_SHARED_CORE_COUNTERROTATION_GATE=GREEN_NEGATIVE_RESULT
FULL_TOROIDAL_PDE_FOR_THIS_NAIVE_MICROSCOPIC_MODEL=DO_NOT_RUN
VALIDATED_018A8_SOURCE_LEVEL_RESULT=UNCHANGED
GAUGED_VORTONS_IN_GENERAL=NOT_REJECTED
KLS_OR_ALTERNATIVE_MULTI_CURRENT_RESCUE=REQUIRES_EXPLICIT_REDERIVATION
NEXT=018B0D_LITERATURE_BACKED_MULTI_CURRENT_OR_SEPARATED_CORE_MICROSCOPIC_RERANK
CURRENT_HEURISTIC=APPROXIMATELY_66_PERCENT_NOT_A_PROBABILITY
HEURISTIC_INCREASE_FROM_THIS_GATE=NO_MICROSCOPIC_COMPOSITION_CLOSEOUT_ONLY
PRACTICAL_ANTIGRAVITY_DEVICE=NO
NEW_PHYSICS_DISCOVERY=NO
CLAIM_CLASSIFICATION=PROJECT_DERIVED_018B0C_SHARED_CORE_COUNTERROTATION_VACUUM_GATE
