=== 018B-0G2 — FULLY COUPLED MATCHED TWO-CURRENT KLS JUNCTION CLOSEOUT ===

=== UPSTREAM ARTIFACT AUDIT ===
018B0F_ACTUAL_SOURCE_SHA256=61723f96e3a4e561f0b6554d642cc23dbc550278c86e81a63ebc53aa749b2958
018B0F_STALE_EXPECTED_HASH_REUSED=NO

=== INDEPENDENT CONTINUUM RECONSTRUCTION ===
W_PHI=-1.527777777777779e-02
W_SIGMA=-1.607142857142859e-02
RADIAL_SIGMA_PHI=8.119767436201121e+00
RADIAL_SIGMA_SIGMA=5.724716613872417e+00
RADIAL_U_MINUS_T_RECONSTRUCTED=2.849847811978242e-01
RADIAL_U_MINUS_T_LOG=2.849813368529102e-01
RADIAL_U_MINUS_T_RELERR=1.208621221319878e-05
RADIAL_TWO_CURRENT_BVP_RECONSTRUCTION=PASS
PLANAR_WALL_TENSION_RECONSTRUCTED=5.622752123899136e-04
PLANAR_WALL_TENSION_LOG=5.622752131752325e-04
PLANAR_WALL_TENSION_RELERR=1.396680558118564e-09
PLANAR_WALL_BVP_RECONSTRUCTION=PASS

=== ANALYTIC GRADIENT CHECK ===
BASE_DIRECTIONAL_GRADIENT_RELERR=2.035435246800251e-06
FULL_DIRECTIONAL_GRADIENT_RELERR=4.602864835609705e-08
FULL_ANALYTIC_GRADIENT_CHECK=PASS

=== FULLY COUPLED MATCHED MULTISCALE SOLVES ===
CASE_N=33 L=12.0 DX=0.750000000 BASE_RMS=1.284e-07 BASE_MAX=5.266e-07 FULL_RMS=1.072e-07 FULL_MAX=6.119e-07 MU_J_RED=+5.210109778293e-03 D_SIGMA_PHI=+1.149963445899e-02 D_SIGMA_SIGMA=+8.201030901310e-03 LAB_ACTIVE=+2.633596967152e+01 SOLVER_PASS=YES
CASE_N=41 L=12.0 DX=0.600000000 BASE_RMS=2.869e-07 BASE_MAX=1.519e-06 FULL_RMS=1.127e-07 FULL_MAX=7.007e-07 MU_J_RED=+5.178674617528e-03 D_SIGMA_PHI=+1.145845835145e-02 D_SIGMA_SIGMA=+8.176617939774e-03 LAB_ACTIVE=+2.633583913673e+01 SOLVER_PASS=YES
CASE_N=49 L=12.0 DX=0.500000000 BASE_RMS=1.549e-07 BASE_MAX=7.572e-07 FULL_RMS=3.992e-07 FULL_MAX=2.819e-06 MU_J_RED=+5.158319795415e-03 D_SIGMA_PHI=+1.167587386992e-02 D_SIGMA_SIGMA=+8.224911479166e-03 LAB_ACTIVE=+2.633647897421e+01 SOLVER_PASS=YES
CASE_N=33 L=8.0 DX=0.500000000 BASE_RMS=4.941e-07 BASE_MAX=2.426e-06 FULL_RMS=2.643e-07 FULL_MAX=1.710e-06 MU_J_RED=+5.149731956984e-03 D_SIGMA_PHI=+5.708872497191e-03 D_SIGMA_SIGMA=+4.178918912931e-03 LAB_ACTIVE=+2.631725116570e+01 SOLVER_PASS=YES
CASE_N=41 L=10.0 DX=0.500000000 BASE_RMS=6.183e-07 BASE_MAX=3.150e-06 FULL_RMS=8.681e-07 FULL_MAX=6.463e-06 MU_J_RED=+5.166138166536e-03 D_SIGMA_PHI=+8.757569948804e-03 D_SIGMA_SIGMA=+6.313969899556e-03 LAB_ACTIVE=+2.632711673923e+01 SOLVER_PASS=YES
ALL_RELEASED_FIELD_STATIONARITY=PASS

=== RESOLUTION CONVERGENCE ===
RESOLUTION_MU_REL_SPREAD=1.000062500605038e-02
RESOLUTION_CORRECTED_ACTIVE_LINE_REL_SPREAD=2.429519349451163e-05
MATCHED_RESOLUTION_CONVERGENCE=PASS

=== PATCH-SIZE CONTINUATION ===
PATCH_MU_REL_SPREAD=3.180533623876164e-03
PATCH_CORRECTED_ACTIVE_LINE_REL_SPREAD=7.303423579065441e-04
MATCHED_PATCH_CONTINUATION=PASS

=== OUTER-MATCH BLEND SENSITIVITY ===
BLEND_FACTOR=1.500 MU_J_RED=+5.437830433517e-03 LAB_ACTIVE=+2.631693286826e+01 FULL_RMS=2.970e-07 FULL_MAX=1.744e-06
BLEND_FACTOR=2.000 MU_J_RED=+5.149731956984e-03 LAB_ACTIVE=+2.631725116570e+01 FULL_RMS=2.643e-07 FULL_MAX=1.710e-06
BLEND_FACTOR=3.000 MU_J_RED=+5.267505657285e-03 LAB_ACTIVE=+2.631774950873e+01 FULL_RMS=1.722e-07 FULL_MAX=1.176e-06
BLEND_CORRECTED_ACTIVE_LINE_REL_SPREAD=3.103061425339063e-05
OUTER_MATCH_PROFILE_SENSITIVITY=PASS

=== SELECTED FULLY COUPLED LOCAL JUNCTION ===
SELECTED_N=49
SELECTED_L=1.200000000000000e+01
SELECTED_DX=5.000000000000000e-01
MATCHED_JUNCTION_REDUCED_ENERGY=+5.158319795414709e-03
DELTA_SIGMA_PHI=+1.167587386992430e-02
DELTA_SIGMA_SIGMA=+8.224911479166153e-03
DELTA_EIGENFRAME_U=+5.518421925656366e-03
DELTA_EIGENFRAME_T=+5.108785148862859e-03
DELTA_EIGENFRAME_J=-5.658694494247883e-08
CORRECTED_EIGENFRAME_U=+5.135947789300639e+00
CORRECTED_EIGENFRAME_T=+4.850556815670935e+00
CORRECTED_EIGENFRAME_J=-5.658694494247883e-08
CORRECTED_LAB_ENERGY_LINE=+1.816149178959216e+01
CORRECTED_LAB_P_PARALLEL=+8.174987184620576e+00
CORRECTED_LAB_MOMENTUM_LINE=-1.316746631618362e+01
CORRECTED_LAB_ACTIVE_LINE=+2.633647897421273e+01

=== TOPOLOGY / MORPHOLOGY ===
LOCAL_ONE_WALL_CONTRAST=7.034733938038715e-02
GAUGE_INVARIANT_PHASE_LOCK_COS=9.958440901771288e-01
FUNDAMENTAL_PATCH_FLUX_ANGLE=-2.981248685445010e+00
CONTINUUM_MATCHED_PATCH_FLUX_ANGLE=-2.981248685445010e+00
PATCH_FLUX_OVER_PI=-9.489609297495767e-01
PATCH_FLUX_CONTINUUM_MATCH_RELERR=0.000000000000000e+00
FINITE_PATCH_EXPECTED_TO_ENCLOSE_FULL_PI_FLUX=NO
PHI_CONDENSATE_RETAINED_FRACTION=1.001530431963079e+00
SIGMA_CONDENSATE_RETAINED_FRACTION=1.001523088855174e+00
FULL_LOCAL_JUNCTION_TOPOLOGY_AND_CARRIER_HEALTH=PASS

=== 018B-0F STATIONARY/GRAVITY CARRY-FORWARD DIAGNOSTIC ===
OLD_INTEGER_LOOP_RADIUS=1.451526693075155e+04
OLD_H_OVER_R=1.650533740840104e-01
CORRECTED_WALL_LOAD=+8.161574807783730e+00
CORRECTED_WALL_BALANCE_RELERR=1.640660288994609e-03
CORRECTED_ADVERSE_WALL_OUTWARD=+4.239795872280418e+01
CORRECTED_ADVERSE_RIM_INWARD=+2.633047853707540e+01
CORRECTED_ADVERSE_FINITE_PAYLOAD_OUTWARD=+1.606748018572878e+01
CORRECTED_ACTIVE_MASS_PER_R=+1.398366341045920e+02
CORRECTED_PROJECTED_C_PREFLIGHT=3.192732768749669e+02
POSITIVE_STATIONARY_RIM_PRESSURE_AFTER_JUNCTION=PASS
FINITE_PAYLOAD_REPULSION_AFTER_LOCAL_JUNCTION=PASS
POSITIVE_ACTIVE_MASS_AFTER_LOCAL_JUNCTION=PASS
OLD_018B0F_INTEGER_PAIR_REOPTIMIZED_AFTER_JUNCTION=NO
OLD_018B0F_BALANCE_USED_AS_PROMOTION_CRITERION=NO

=== DECISION ===
018B0G2_FULLY_COUPLED_TWO_CURRENT_2D_STRING_WALL_JUNCTION=GREEN
FULLY_COUPLED_LOCAL_TWO_CURRENT_KLS_JUNCTION=SUPPORTED_WITH_FINE_CORE_PLUS_MATCHED_PLANAR_OUTER_SOLUTION
MANDATORY_NEW_JUNCTION_ENERGY=INCLUDED_LOCALLY
CURRENT_CARRIER_BACKREACTION=INCLUDED_LOCALLY
TRANSVERSE_GAUGE_BACKREACTION=INCLUDED_LOCALLY
SOURCE_LEVEL_GRAVITY_SIGN_SURVIVES_LOCAL_JUNCTION=YES
NEXT=018B0H_COMPLETE_SOURCE_GRAVITY_REVALIDATION_WITH_CORRECTED_JUNCTION_EOS
NEXT_AFTER_018B0H_GREEN=TRUE_018B_GLOBAL_TOROIDAL_EULER_LAGRANGE_SOLVE
CURRENT_HEURISTIC=APPROXIMATELY_66_PERCENT_NOT_A_PROBABILITY
HEURISTIC_INCREASE_FROM_THIS_GATE=NO_LOCAL_JUNCTION_GATE_ONLY
PROJECTED_C_STATUS=NOT_VALIDATED
GLOBAL_TOROIDAL_FIELD_SOLUTION=NOT_YET_RUN
FULL_COMPOSITE_STABILITY=NOT_ESTABLISHED
FRAME_DRAGGING=NOT_INCLUDED
NONLINEAR_EINSTEIN_MATTER=NOT_ESTABLISHED
PRACTICAL_ANTIGRAVITY_DEVICE=NO
NEW_PHYSICS_DISCOVERY=NO
CLAIM_CLASSIFICATION=PROJECT_DERIVED_018B0G2_FULLY_COUPLED_MATCHED_TWO_CURRENT_KLS_JUNCTION_CLOSEOUT
