=== 018B-0A3 — GLOBAL FIXED-N REACHABLE-INTERVAL CLOSEOUT ===
MU_J=+3.522771254323334e-03
MU_SOURCE=018b0_exhaustive_architecture_pareto_campaign.log:ONE_COPY_JUNCTION_REDUCED_ENERGY=
PROMOTED_MU_LOG_RECONSTRUCTION=PASS
OLD_LOCKED_CHI=4.749476873922067e-03
OLD_LOCK_SOURCE=018b0a2_fixed_n_interior_robustness_gate.log
OLD_LOCK_LOG_RECONSTRUCTION=PASS

=== ALGEBRA / SUPPORT CROSSCHECK ===
SIMPLIFIED_VS_DIRECT_MAX_RELERR=2.478080259417780e-16
MIN_CONTROL_RADIAL_SUPPORT=+3.990622492714374e-01
SCALED_WINDING_ALGEBRA=PASS
F_CUBED_COMMON_SCALING_REDUCTION=PASS
NOMINAL_F_INTERSECTION_DEPENDENCE=NONE_WITHIN_018B0_F3_MODEL

=== MONOTONICITY / CONVERGENCE ===
DERIVATIVE_GRID=1025 MIN_DW_DCHI=+1.435580488950165e+01 NONMONOTONIC_CASES=0/243
DERIVATIVE_GRID=4097 MIN_DW_DCHI=+1.435580488950165e+01 NONMONOTONIC_CASES=0/243
DERIVATIVE_GRID=16385 MIN_DW_DCHI=+1.435580488950165e+01 NONMONOTONIC_CASES=0/243
ALL_243_REACHABLE_CURVES_STRICTLY_INCREASING=PASS

=== GLOBAL COMMON INTERVAL ===
COMMON_SCALED_LOWER=9.241303456688195e-01
COMMON_SCALED_UPPER=9.223505524682797e-01
COMMON_SCALED_SEPARATION_LOWER_MINUS_UPPER=+1.779793200539781e-03
LOWER_CONTROLLER=(0.995, 0.9, 1.01, 0.999, 1.001)
UPPER_CONTROLLER=(1.005, 1.1, 0.99, 1.001, 0.999)
REFERENCE_F=0.038400000
REFERENCE_COMMON_N_LOWER=12242.992937248524
REFERENCE_COMMON_N_UPPER=12219.414017146944
REFERENCE_INTEGER_WINDING_GAP=+23.578920101580

=== NOMINAL-MU SENSITIVITY ===
MU_CALIBRATION_FACTOR=0.900 LOWER_MINUS_UPPER=+1.646667527385848e-03 INTERSECTION=EMPTY
MU_CALIBRATION_FACTOR=1.000 LOWER_MINUS_UPPER=+1.779793200539781e-03 INTERSECTION=EMPTY
MU_CALIBRATION_FACTOR=1.100 LOWER_MINUS_UPPER=+1.912918873693825e-03 INTERSECTION=EMPTY

=== DECISION ===
GLOBAL_FIXED_N_CONTINUOUS_INTERSECTION=EMPTY
GLOBAL_FIXED_N_INTEGER_INTERSECTION=EMPTY
SINGLE_VORTON_FIXED_N_ROBUSTNESS=REJECTED_WITHIN_CURRENT_VERIFIED_EOS
018B0A3_GLOBAL_INTERVAL_GATE=GREEN_NEGATIVE_RESULT
SINGLE_VORTON_SIMPLIFICATION=DO_NOT_PROMOTE
NEXT=TRUE_018B_GLOBAL_TOROIDAL_SOLVE_USING_VALIDATED_TWO_COPY_018A8_SOURCE
CURRENT_HEURISTIC=APPROXIMATELY_66_PERCENT_NOT_A_PROBABILITY
HEURISTIC_INCREASE_FROM_THIS_GATE=NO_TOPOLOGY_CLOSEOUT_ONLY
TRUE_018B_GREEN_TARGET=APPROXIMATELY_68_PERCENT
018C_FULL_STABILITY_GREEN_TARGET=APPROXIMATELY_71_TO_72_PERCENT
CURRENT_VALIDATED_C=1.774169582609975e+06
CURRENT_VALIDATED_ONE_G_ONE_M_ENERGY_J=2.342887778715687e+34
PRACTICAL_ANTIGRAVITY_DEVICE=NO
NEW_PHYSICS_DISCOVERY=NO
CLAIM_CLASSIFICATION=PROJECT_DERIVED_018B0A3_GLOBAL_FIXED_N_REACHABLE_INTERVAL_GATE
