=== 018C-1 — FIXED-CHARGE RADIAL + MICROSCOPIC M2 STABILITY GATE ===

=== UPSTREAM ARTIFACT AUDIT ===
018B1A_SOURCE_SHA256=43a48f8b2cbe1cb66095095739a0dba5eba5549dc3e675eb9e46dbcec2c5a2ff
018B1B_SOURCE_SHA256=c18d61e1b74e5d90e2cdf2a7d66a09da1f05280539df353d01ae53d323ad41e0
018B1B_FIELD_ARTIFACT_SHA256=5e4b88dc33e38e5e6faed73d84aafd41a99c3bad9c4ff78dd24d8db4b4f4da5c

=== PROMOTED 018B STATE ===
R_EQ=1.610976099162808e+04
N_PHI=-9792
N_SIGMA=-22224
OMEGA_PHI=+6.207220699741571e-01
OMEGA_SIGMA=+1.386390648080941e+00
Q_PHI_PROMOTED=+5.124928816462382e+05
Q_SIGMA_PROMOTED=+8.364436234565492e+05
WALL_TENSION=+5.622752126342387e-04

=== FIXED-CHARGE RADIAL SCHUR-COMPLEMENT STABILITY ===
RADIAL_RESOLUTION_N=25 FIELD_GRAD_RMS=1.166e-07 F_RR_FIXED_OMEGA=-2.705008104658670e-01 CHARGE_CONSTRAINT_CORRECTION=+2.901762386547339e-01 E_RR_FIXED_Q=+1.967542818886686e-02 Q_R_PHI=+4.788764400061504e+02 Q_R_SIGMA=+3.196807683381814e+03 QOMEGA_MIN_EIG=+1.136877789492714e+07 QOMEGA_CONDITION=3.275954e+00 QOMEGA_ASYMMETRY=1.328219e-03
RADIAL_RESOLUTION_N=33 FIELD_GRAD_RMS=1.311e-07 F_RR_FIXED_OMEGA=-2.734104685620432e-01 CHARGE_CONSTRAINT_CORRECTION=+2.908653865360183e-01 E_RR_FIXED_Q=+1.745491797397514e-02 Q_R_PHI=+4.791748336282008e+02 Q_R_SIGMA=+3.205393029808261e+03 QOMEGA_MIN_EIG=+1.139193924906191e+07 QOMEGA_CONDITION=3.278833e+00 QOMEGA_ASYMMETRY=1.928638e-04
FIXED_CHARGE_RADIAL_CURVATURE_REL_SPREAD=1.128570211319811e-01
CHARGE_SUSCEPTIBILITY_HEALTH=PASS
FIXED_OMEGA_NEGATIVE_CURVATURE_INTERPRETATION=ENSEMBLE_DEPENDENT
FIXED_CHARGE_RADIAL_STABILITY=PASS

=== MICROSCOPIC CURVATURE-RIGIDITY RECONSTRUCTION ===
RIGIDITY_RECOMPUTE_STAGE=4/1 N=33 R=6.443904396651231e+04 ACTION=+4.843835502745811e+00 GRAD_RMS=3.837e-07 GRAD_MAX=2.350e-06
RIGIDITY_RECOMPUTE_STAGE=2/1 N=33 R=3.221952198325616e+04 ACTION=+4.843832510084771e+00 GRAD_RMS=6.130e-07 GRAD_MAX=3.716e-06
RIGIDITY_RECOMPUTE_STAGE=3/2 N=33 R=2.416464148744212e+04 ACTION=+4.843829358110607e+00 GRAD_RMS=3.209e-07 GRAD_MAX=1.782e-06
RIGIDITY_RECOMPUTE_STAGE=5/4 N=33 R=2.013720123953510e+04 ACTION=+4.843826170153626e+00 GRAD_RMS=1.705e-07 GRAD_MAX=9.538e-07
RIGIDITY_RECOMPUTE_STAGE=1/1 N=33 R=1.610976099162808e+04 ACTION=+4.843820277473582e+00 GRAD_RMS=5.159e-07 GRAD_MAX=3.426e-06
BENDING_FIT_SOURCE=N41_EXECUTED_018B1A DEGREE=2 B_EFF=-8.170119920991914e+03 MAX_ACTION_FIT_RESIDUAL=3.527e-11
BENDING_FIT_SOURCE=N41_EXECUTED_018B1A DEGREE=3 B_EFF=-8.167936220358895e+03 MAX_ACTION_FIT_RESIDUAL=2.016e-13
BENDING_FIT_SOURCE=N41_EXECUTED_018B1A DEGREE=4 B_EFF=-8.167805664949934e+03 MAX_ACTION_FIT_RESIDUAL=3.553e-15
BENDING_FIT_SOURCE=N33_FRESH_018C1 DEGREE=2 B_EFF=-8.647192587921516e+03 MAX_ACTION_FIT_RESIDUAL=3.349e-11
BENDING_FIT_SOURCE=N33_FRESH_018C1 DEGREE=3 B_EFF=-8.645186322824073e+03 MAX_ACTION_FIT_RESIDUAL=5.711e-12
BENDING_FIT_SOURCE=N33_FRESH_018C1 DEGREE=4 B_EFF=-8.648991042922664e+03 MAX_ACTION_FIT_RESIDUAL=1.776e-15
BENDING_ESTIMATE_REL_SPREAD=5.563485678095093e-02
B_EFF_MIN=-8.648991042922664e+03
B_EFF_MAX=-8.167805664949934e+03
B_EFF_CONSERVATIVE_UPPER=-7.205434909004474e+03
B_CRIT_M2=+7.836009886405334e+08
B_UPPER_OVER_SIGMA_R3=-3.065095209363785e-06
B_CRIT_OVER_ABS_B_UPPER=1.087513798315331e+05
MICROSCOPIC_BENDING_FIT_CONVERGENCE=PASS

=== NONAXISYMMETRIC SHAPE SPECTRUM M=2..12 ===
SHAPE_MODE_M=2 DELTA_E_OVER_EPS2=-6.876576171339726e+05 STABLE=NO
SHAPE_MODE_M=3 DELTA_E_OVER_EPS2=-1.833781748579752e+06 STABLE=NO
SHAPE_MODE_M=4 DELTA_E_OVER_EPS2=-3.438414548671077e+06 STABLE=NO
SHAPE_MODE_M=5 DELTA_E_OVER_EPS2=-5.501615033475180e+06 STABLE=NO
SHAPE_MODE_M=6 DELTA_E_OVER_EPS2=-8.023459080792790e+06 STABLE=NO
SHAPE_MODE_M=7 DELTA_E_OVER_EPS2=-1.100403943015813e+07 STABLE=NO
SHAPE_MODE_M=8 DELTA_E_OVER_EPS2=-1.444346568283892e+07 STABLE=NO
SHAPE_MODE_M=9 DELTA_E_OVER_EPS2=-1.834186430183638e+07 STABLE=NO
SHAPE_MODE_M=10 DELTA_E_OVER_EPS2=-2.269937861188520e+07 STABLE=NO
SHAPE_MODE_M=11 DELTA_E_OVER_EPS2=-2.751616879945361e+07 STABLE=NO
SHAPE_MODE_M=12 DELTA_E_OVER_EPS2=-3.279241191274329e+07 STABLE=NO

=== DIRECT FINITE-AMPLITUDE M2 GEOMETRY CHECK ===
M2_FINITE_EPSILON=1.000000e-04 DELTA_E=-6.876576114951165e-03 DELTA_E_OVER_EPS2=-6.876576114951165e+05 RATIO_TO_ANALYTIC=+9.999999917999075e-01
M2_FINITE_EPSILON=3.000000e-04 DELTA_E=-6.188918179511260e-02 DELTA_E_OVER_EPS2=-6.876575755012512e+05 RATIO_TO_ANALYTIC=+9.999999394571945e-01
M2_FINITE_EPSILON=1.000000e-03 DELTA_E=-6.876571587351417e-01 DELTA_E_OVER_EPS2=-6.876571587351417e+05 RATIO_TO_ANALYTIC=+9.999993333908919e-01
SHAPE_NUMERIC_ANALYTIC_CROSSCHECK=PASS
M2_ELLIPTIC_MODE=UNSTABLE
HIGHER_M_LOCAL_SHAPE_MODES=UNSTABLE_PRESENT
M2_RIGIDITY_MARGIN_CLASS=WRONG_SIGN

=== 018C-1 DECISION ===
018C1_CHARGE_CONSTRAINED_RADIAL_AND_M2_STABILITY_GATE=GREEN_NEGATIVE_RESULT
AXISYMMETRIC_RADIAL_MODE=STABLE_AT_FIXED_CHARGES
FIXED_OMEGA_RADIAL_WARNING=RESOLVED_AS_ENSEMBLE_ARTIFACT
FIELD_DERIVED_M2_SHAPE_MODE=UNSTABLE
FULL_COMPOSITE_STABILITY=NOT_ESTABLISHED_M2_OBSTRUCTION
STABLE_FIELD_THEORETICAL_CANDIDATE=NO
NEXT=018C2_DIRECT_FULL_FIELD_M2_EIGENMODE_CONFIRMATION_BEFORE_BRANCH_DEMOTION
CURRENT_HEURISTIC=APPROXIMATELY_68_PERCENT_NOT_A_PROBABILITY
HEURISTIC_INCREASE=NO_M2_STABILITY_FALSIFIER
FIELD_THEORETICAL_CANDIDATE_FROM_018B=RETAINED
FRAME_DRAGGING=NOT_INCLUDED
NONLINEAR_EINSTEIN_MATTER=NOT_ESTABLISHED
PRACTICAL_ANTIGRAVITY_DEVICE=NO
NEW_PHYSICS_DISCOVERY=NO
CLAIM_CLASSIFICATION=PROJECT_DERIVED_018C1_FIXED_CHARGE_RADIAL_AND_MICROSCOPIC_M2_STABILITY_GATE
