=== 018C-2 — DIRECT FULL-FIELD FIXED-CHARGE M2 HESSIAN CONFIRMATION ===

=== UPSTREAM ARTIFACT AUDIT ===
018B0G2_SOURCE_SHA256=74405e5d018ae08625f1b9ecbd23743a92e48a9a69d9632508c40b051dae92d2
018B1A_SOURCE_SHA256=43a48f8b2cbe1cb66095095739a0dba5eba5549dc3e675eb9e46dbcec2c5a2ff
018B1B_SOURCE_SHA256=c18d61e1b74e5d90e2cdf2a7d66a09da1f05280539df353d01ae53d323ad41e0
018C1_SOURCE_SHA256=797c3bf1fddb1dd1219c812cddbdaacb7f70d708346ccf226825f2ffb09c9de6
018B1B_FIELD_ARTIFACT_SHA256=5e4b88dc33e38e5e6faed73d84aafd41a99c3bad9c4ff78dd24d8db4b4f4da5c

=== PROMOTED 018B STATE ===
R_EQ=1.610976099162808e+04
N_PHI=-9792
N_SIGMA=-22224
OMEGA_PHI=+6.207220699741571e-01
OMEGA_SIGMA=+1.386390648080941e+00
Q_PHI_PROMOTED=+5.124928816462382e+05
Q_SIGMA_PROMOTED=+8.364436234565492e+05
WALL_ENERGY_PER_AREA=+5.622752123899139e-04
M2_CROSS_SECTION_TRANSPORT=FRENET_NORMAL_TUBULAR_COORDINATES
FIXED_CHARGE_IMPLEMENTATION=EXACT_TWO_CHARGE_LEGENDRE_TRANSFORM
FITTED_BENDING_RIGIDITY_USED_IN_DECISION=NO

=== DIRECT FULL-FIELD M2 — LARGE-TAIL PRIMARY ===
FULL_FIELD_M2_N=33 TAIL=241x120 EPS=1.000000e-04 C_TRAP=-3.758605103939772e+05 C_GAUSS=-3.758601844310760e+05 QUAD_RELERR=8.672e-07 OMEGA_PHI_REL_SHIFT=1.000e-08 OMEGA_SIGMA_REL_SHIFT=1.000e-08
FULL_FIELD_M2_N=33 TAIL=241x120 EPS=3.000000e-04 C_TRAP=-3.758600861248043e+05 C_GAUSS=-3.758600447326899e+05 QUAD_RELERR=1.101e-07 OMEGA_PHI_REL_SHIFT=9.000e-08 OMEGA_SIGMA_REL_SHIFT=9.000e-08
FULL_FIELD_M2_N=33 TAIL=241x120 EPS=1.000000e-03 C_TRAP=-3.758585276082158e+05 C_GAUSS=-3.758585248142481e+05 QUAD_RELERR=7.434e-09 OMEGA_PHI_REL_SHIFT=1.000e-06 OMEGA_SIGMA_REL_SHIFT=1.000e-06
FULL_FIELD_BASELINE_N=33 TAIL=241x120 GRAD_RMS=1.311e-07 GRAD_MAX=7.325e-07 DIRECT_GLOBAL_E=+2.410205661410602e+06 FIXED_Q_E0=+2.410205661410601e+06 ENERGY_RELERR=9.660e-16 QPHI_RELERR=2.281e-16 QSIGMA_RELERR=4.193e-16
FULL_FIELD_M2_N=41 TAIL=241x120 EPS=1.000000e-04 C_TRAP=-3.806403372436762e+05 C_GAUSS=-3.806396387517452e+05 QUAD_RELERR=1.835e-06 OMEGA_PHI_REL_SHIFT=1.000e-08 OMEGA_SIGMA_REL_SHIFT=1.000e-08
FULL_FIELD_M2_N=41 TAIL=241x120 EPS=3.000000e-04 C_TRAP=-3.806396697958311e+05 C_GAUSS=-3.806395973596309e+05 QUAD_RELERR=1.903e-07 OMEGA_PHI_REL_SHIFT=9.000e-08 OMEGA_SIGMA_REL_SHIFT=9.000e-08
FULL_FIELD_M2_N=41 TAIL=241x120 EPS=1.000000e-03 C_TRAP=-3.806380811147392e+05 C_GAUSS=-3.806380741298199e+05 QUAD_RELERR=1.835e-08 OMEGA_PHI_REL_SHIFT=1.000e-06 OMEGA_SIGMA_REL_SHIFT=1.000e-06
FULL_FIELD_BASELINE_N=41 TAIL=241x120 GRAD_RMS=1.264e-07 GRAD_MAX=7.150e-07 DIRECT_GLOBAL_E=+2.416246670336216e+06 FIXED_Q_E0=+2.416246670336215e+06 ENERGY_RELERR=2.120e-15 QPHI_RELERR=9.086e-16 QSIGMA_RELERR=1.392e-16

=== REFERENCE-TAIL INDEPENDENCE ===
FULL_FIELD_M2_N=41 TAIL=161x80 EPS=1.000000e-04 C_TRAP=-3.806391730904579e+05 C_GAUSS=-3.806392662227154e+05 QUAD_RELERR=2.447e-07 OMEGA_PHI_REL_SHIFT=1.000e-08 OMEGA_SIGMA_REL_SHIFT=1.000e-08
FULL_FIELD_M2_N=41 TAIL=161x80 EPS=3.000000e-04 C_TRAP=-3.806391730904580e+05 C_GAUSS=-3.806391782644723e+05 QUAD_RELERR=1.359e-08 OMEGA_PHI_REL_SHIFT=9.000e-08 OMEGA_SIGMA_REL_SHIFT=9.000e-08
FULL_FIELD_M2_N=41 TAIL=161x80 EPS=1.000000e-03 C_TRAP=-3.806376475840807e+05 C_GAUSS=-3.806376503780484e+05 QUAD_RELERR=7.340e-09 OMEGA_PHI_REL_SHIFT=1.000e-06 OMEGA_SIGMA_REL_SHIFT=1.000e-06
FULL_FIELD_BASELINE_N=41 TAIL=161x80 GRAD_RMS=1.264e-07 GRAD_MAX=7.150e-07 DIRECT_GLOBAL_E=+2.416247091105469e+06 FIXED_Q_E0=+2.416247091105469e+06 ENERGY_RELERR=9.636e-16 QPHI_RELERR=5.679e-16 QSIGMA_RELERR=1.392e-16
M2_TAIL_COEFFICIENT_MAX_REL_SHIFT=1.113266906939842e-06
M2_REFERENCE_TAIL_CONVERGENCE=PASS

=== FULL-FIELD CONSTRAINED HESSIAN AUDIT ===
M2_FULL_FIELD_MEAN_QUADRATIC_COEFFICIENT=-3.782494397083712e+05
M2_FULL_FIELD_MOST_FAVORABLE_COEFFICIENT=-3.758585262112319e+05
M2_FULL_FIELD_MOST_NEGATIVE_COEFFICIENT=-3.806399879977107e+05
M2_EPSILON_MAX_REL_SPREAD=5.018855796029133e-06
M2_RESOLUTION_REL_SPREAD=1.263607083927715e-02
M2_QUADRATURE_MAX_RELERR=1.835044430707438e-06
M2_BASELINE_ENERGY_MAX_RELERR=2.119930147559134e-15
M2_BASELINE_CHARGE_MAX_RELERR=9.086200103207551e-16
M2_MAX_REQUIRED_OMEGA_REL_SHIFT=9.999980459423569e-07
FULL_FIELD_M2_NUMERICAL_CONTROL=PASS
FIXED_Q_PHI_Q_SIGMA_ENFORCED=YES_EXACTLY_BY_CONJUGATE_FREQUENCY_ADJUSTMENT
FIXED_INTEGER_WINDINGS=YES
FIXED_CARRIER_ANGULAR_MOMENTA=YES_VIA_J_I_EQUALS_N_I_Q_I

=== RAYLEIGH-RITZ DECISION ===
018C2_DIRECT_FULL_FIELD_M2_HESSIAN_CONFIRMATION=GREEN_NEGATIVE_RESULT
FULL_FIELD_M2_NEGATIVE_HESSIAN_DIRECTION=CONFIRMED
CONSTRAINED_HESSIAN_HAS_NEGATIVE_EIGENVALUE=YES_BY_RAYLEIGH_RITZ
M2_GROWING_MODE_STATIC_SPECTRAL_SIGNATURE=CONFIRMED_WITHIN_SELECTED_MATTER_MODEL
018C1_EFFECTIVE_RIGIDITY_FALSIFIER=INDEPENDENTLY_CONFIRMED
AXISYMMETRIC_FIXED_CHARGE_RADIAL_STABILITY=RETAINED_FROM_018C1
FULL_COMPOSITE_STABILITY=FAIL_M2
STABLE_FIELD_THEORETICAL_CANDIDATE=NO
FIELD_THEORETICAL_CANDIDATE_FROM_018B=RETAINED_AS_EXISTENCE_RESULT
PRESENT_TWO_CURRENT_KLS_WALL_RIM_ARCHITECTURE=DEMOTE_FOR_STABILITY
ARBITRARY_RIGIDITY_STABILIZER_AUTHORIZED=NO
NEXT=GLOBAL_RERANK_AFTER_CONFIRMED_018C_M2_INSTABILITY
CURRENT_HEURISTIC=APPROXIMATELY_68_PERCENT_KNOWLEDGE_MILESTONE_NOT_STABLE_CANDIDATE
HEURISTIC_CHANGE=NO_FURTHER_PROMOTION_RERANK_REQUIRED
FRAME_DRAGGING=NOT_INCLUDED
NONLINEAR_EINSTEIN_MATTER=NOT_ESTABLISHED
PRACTICAL_ANTIGRAVITY_DEVICE=NO
NEW_PHYSICS_DISCOVERY=NO
CLAIM_CLASSIFICATION=PROJECT_DERIVED_018C2_DIRECT_FULL_FIELD_M2_CONSTRAINED_HESSIAN_CONFIRMATION
