=== 019A — WILSON-LINE SEQUESTERED PAIR-SCALAR UV PROTECTION GATE ===

=== INHERITED LOW-ENERGY TARGET ===
TARGET_C_PHI_EV_MINUS3=9.536416387852626e-20
TARGET_M_PHI_EV=3.946539608000000e-11
TARGET_RANGE_M=5.000000000000000e+03
EARTH_PHI_EV=1.690631280830914e+10
MAXIMUM_PORTAL_LEAKAGE_FRACTION=5.772961445324848e-07
MATERIAL_EFT_CUTOFF_EV=6.577566000000000e+02

=== EXACT MATRIX / SPECTRAL PROPAGATOR AUDIT ===
PROPAGATOR_THETA=+0.000000 G_RELERR=1.433e-15 GP_RELERR=3.538e-16
PROPAGATOR_THETA=+0.173000 G_RELERR=1.503e-15 GP_RELERR=1.156e-16
PROPAGATOR_THETA=-0.287000 G_RELERR=1.605e-15 GP_RELERR=4.677e-17
PROPAGATOR_THETA=+0.411000 G_RELERR=8.202e-16 GP_RELERR=1.397e-16
MAX_G_MATRIX_SPECTRAL_RELERR=1.604766868118091e-15
MAX_GP_MATRIX_SPECTRAL_RELERR=3.538280455987250e-16
EXACT_PROPAGATOR_RECONSTRUCTION=PASS

=== WILSON SYMMETRY / LOCAL UV PROTECTION ===
TREE_CROSS_LINEAR_RESPONSE=9.416862469648971e-04
TREE_LOCAL_LINEAR_RESPONSE_ANALYTIC=0.000000000000000e+00
TREE_LOCAL_LINEAR_RESPONSE_FD=2.312964634635743e-14
LOCAL_TO_CROSS_LINEAR_RATIO_AT_ZERO=0.000000000000000e+00
Z4_RELATIVE_ENDPOINT_PHASE=0.500000_PI
PROTECTION_MECHANISM=LOCAL_WILSON_EVENNESS_PLUS_DISCRETE_Z4_CROSS_PHASE
TREE_ONE_BODY_LINEAR_WILSON_RESPONSE=FORBIDDEN_AT_SYMMETRY_POINT
MAX_LOCAL_TRACE_INVARIANT_REL_SHIFT=0.000000000000000e+00
THETA_DEPENDENT_ONE_LOOP_LOCAL_DIVERGENCE=ABSENT_IN_THIS_MESSENGER_SECTOR

=== COLEMAN-WEINBERG NATURALNESS RECONSTRUCTION ===
CW_KAPPA_ANALYTIC=3.840968505435784e-09
CW_KAPPA_INDEPENDENT=3.840968505435784e-09
CW_KAPPA_RECONSTRUCTION_RELERR=0.000000000000000e+00
WILSON_LINE_ONE_LOOP_MASS_CURVATURE=POSITIVE
ULTRALIGHT_WILSON_NATURALNESS_PREFLIGHT=PASS

=== SELECTED OPERATING-POINT SOLUTION ===
SELECTED_N=9
SELECTED_RHO=3.000000000000000e+00
SELECTED_SEPARATION=1
SELECTED_Y_PRODUCT=9.424777960769379e+00
SELECTED_Y_ENDPOINT=3.069980123839466e+00
SELECTED_YUKAWA_SQ_OVER_4PI=7.500000000000000e-01
SELECTED_KAPPA_CW=3.840968505435784e-09
SELECTED_MU_EV=1.104648408081985e+03
SELECTED_F_EV=7.624514411276227e+10
SELECTED_F_GEV=7.624514411276226e+01
SELECTED_THETA_EARTH=2.217362561910258e-01
SELECTED_MESSENGER_MIN_MASS_EV=3.313945224245955e+03
SELECTED_MESSENGER_OVER_MATERIAL_EFT=5.038254613098455e+00
SELECTED_D_CROSS_ZERO=9.416862469648971e-04
SELECTED_D_CROSS_EARTH=9.414004675186988e-04
SELECTED_D_SELF_EARTH=1.859455534561566e-11
SELECTED_LOCAL_RESPONSE_LEAKAGE_PROXY=1.975201413977025e-08
SELECTED_LEAKAGE_MARGIN=2.922720389158246e+01
SELECTED_PAIR_RESPONSE_NONLINEARITY=3.034762874782881e-04
SELECTED_C_PHI_MATCH_RELERR=1.221245327087672e-15
SELECTED_M_PHI_MATCH_RELERR=0.000000000000000e+00
PAIR_NR_MATCH_AT_EARTH=PASS
ULTRALIGHT_MASS_MATCH=PASS
MESSENGER_ABOVE_MATERIAL_EFT=PASS
PERTURBATIVE_ENDPOINT_YUKAWAS=PASS
EARTH_WILSON_EXCURSION=CONTROLLED
EARTH_LOCAL_RESPONSE_PROXY=PASS
EARTH_PAIR_RESPONSE_LINEARITY=PASS

=== MICROSCOPIC PARAMETER-BASIN SCAN ===
MICROSCOPIC_SCAN_TOTAL=840
MICROSCOPIC_SCAN_SOLVED=840
MICROSCOPIC_SCAN_PASS=56
MICROSCOPIC_SCAN_PASS_FRACTION=6.666666666666667e-02
BEST_LEAKAGE_MARGIN_N=14
BEST_LEAKAGE_MARGIN_RHO=2.000000000000000e+00
BEST_LEAKAGE_MARGIN_SEPARATION=1
BEST_LEAKAGE_MARGIN_Y_PRODUCT=1.256637061435917e+01
BEST_LEAKAGE_MARGIN_Y_ENDPOINT=3.544907701811032e+00
BEST_LEAKAGE_MARGIN_YUKAWA_SQ_OVER_4PI=9.999999999999999e-01
BEST_LEAKAGE_MARGIN_KAPPA_CW=1.590827494258058e-11
BEST_LEAKAGE_MARGIN_MU_EV=2.902249464468040e+03
BEST_LEAKAGE_MARGIN_F_EV=3.387074101419285e+10
BEST_LEAKAGE_MARGIN_F_GEV=3.387074101419284e+01
BEST_LEAKAGE_MARGIN_THETA_EARTH=4.991421002931377e-01
BEST_LEAKAGE_MARGIN_MESSENGER_MIN_MASS_EV=5.804498928936079e+03
BEST_LEAKAGE_MARGIN_MESSENGER_OVER_MATERIAL_EFT=8.824691274760418e+00
BEST_LEAKAGE_MARGIN_D_CROSS_ZERO=2.166434688718453e-03
BEST_LEAKAGE_MARGIN_D_CROSS_EARTH=2.165057918843182e-03
BEST_LEAKAGE_MARGIN_D_SELF_EARTH=3.241710898874888e-12
BEST_LEAKAGE_MARGIN_LOCAL_RESPONSE_LEAKAGE_PROXY=1.497285994365904e-09
BEST_LEAKAGE_MARGIN_LEAKAGE_MARGIN=3.855617074525352e+02
BEST_LEAKAGE_MARGIN_PAIR_RESPONSE_NONLINEARITY=6.355002910729546e-04
BEST_LEAKAGE_MARGIN_C_PHI_MATCH_RELERR=1.110223024625157e-15
BEST_LEAKAGE_MARGIN_M_PHI_MATCH_RELERR=2.220446049250313e-16
LOWEST_COUPLING_PASSER_N=9
LOWEST_COUPLING_PASSER_RHO=3.000000000000000e+00
LOWEST_COUPLING_PASSER_SEPARATION=1
LOWEST_COUPLING_PASSER_Y_PRODUCT=3.141592653589793e+00
LOWEST_COUPLING_PASSER_Y_ENDPOINT=1.772453850905516e+00
LOWEST_COUPLING_PASSER_YUKAWA_SQ_OVER_4PI=2.500000000000000e-01
LOWEST_COUPLING_PASSER_KAPPA_CW=3.840968505435784e-09
LOWEST_COUPLING_PASSER_MU_EV=8.392237543762096e+02
LOWEST_COUPLING_PASSER_F_EV=4.400677915833525e+10
LOWEST_COUPLING_PASSER_F_GEV=4.400677915833525e+01
LOWEST_COUPLING_PASSER_THETA_EARTH=3.841751914513140e-01
LOWEST_COUPLING_PASSER_MESSENGER_MIN_MASS_EV=2.517671263128629e+03
LOWEST_COUPLING_PASSER_MESSENGER_OVER_MATERIAL_EFT=3.827664006911719e+00
LOWEST_COUPLING_PASSER_D_CROSS_ZERO=9.416862469648971e-04
LOWEST_COUPLING_PASSER_D_CROSS_EARTH=9.408284741076688e-04
LOWEST_COUPLING_PASSER_D_SELF_EARTH=3.168889246331092e-11
LOWEST_COUPLING_PASSER_LOCAL_RESPONSE_LEAKAGE_PROXY=3.368190199958216e-08
LOWEST_COUPLING_PASSER_LEAKAGE_MARGIN=1.713965394649169e+01
LOWEST_COUPLING_PASSER_PAIR_RESPONSE_NONLINEARITY=9.108902885572867e-04
LOWEST_COUPLING_PASSER_C_PHI_MATCH_RELERR=1.110223024625157e-15
LOWEST_COUPLING_PASSER_M_PHI_MATCH_RELERR=0.000000000000000e+00
LARGEST_EFT_MARGIN_PASSER_N=14
LARGEST_EFT_MARGIN_PASSER_RHO=2.000000000000000e+00
LARGEST_EFT_MARGIN_PASSER_SEPARATION=1
LARGEST_EFT_MARGIN_PASSER_Y_PRODUCT=1.256637061435917e+01
LARGEST_EFT_MARGIN_PASSER_Y_ENDPOINT=3.544907701811032e+00
LARGEST_EFT_MARGIN_PASSER_YUKAWA_SQ_OVER_4PI=9.999999999999999e-01
LARGEST_EFT_MARGIN_PASSER_KAPPA_CW=1.590827494258058e-11
LARGEST_EFT_MARGIN_PASSER_MU_EV=2.902249464468040e+03
LARGEST_EFT_MARGIN_PASSER_F_EV=3.387074101419285e+10
LARGEST_EFT_MARGIN_PASSER_F_GEV=3.387074101419284e+01
LARGEST_EFT_MARGIN_PASSER_THETA_EARTH=4.991421002931377e-01
LARGEST_EFT_MARGIN_PASSER_MESSENGER_MIN_MASS_EV=5.804498928936079e+03
LARGEST_EFT_MARGIN_PASSER_MESSENGER_OVER_MATERIAL_EFT=8.824691274760418e+00
LARGEST_EFT_MARGIN_PASSER_D_CROSS_ZERO=2.166434688718453e-03
LARGEST_EFT_MARGIN_PASSER_D_CROSS_EARTH=2.165057918843182e-03
LARGEST_EFT_MARGIN_PASSER_D_SELF_EARTH=3.241710898874888e-12
LARGEST_EFT_MARGIN_PASSER_LOCAL_RESPONSE_LEAKAGE_PROXY=1.497285994365904e-09
LARGEST_EFT_MARGIN_PASSER_LEAKAGE_MARGIN=3.855617074525352e+02
LARGEST_EFT_MARGIN_PASSER_PAIR_RESPONSE_NONLINEARITY=6.355002910729546e-04
LARGEST_EFT_MARGIN_PASSER_C_PHI_MATCH_RELERR=1.110223024625157e-15
LARGEST_EFT_MARGIN_PASSER_M_PHI_MATCH_RELERR=2.220446049250313e-16
PERTURBATIVE_PARAMETER_BASIN=PASS

=== SELECTED LOCAL ROBUSTNESS ===
LOCAL_ROBUST_RHO_FACTOR=0.900 Y_FACTOR=0.750 PASS=YES
LOCAL_ROBUST_RHO_FACTOR=0.900 Y_FACTOR=1.000 PASS=YES
LOCAL_ROBUST_RHO_FACTOR=0.900 Y_FACTOR=1.250 PASS=YES
LOCAL_ROBUST_RHO_FACTOR=1.000 Y_FACTOR=0.750 PASS=YES
LOCAL_ROBUST_RHO_FACTOR=1.000 Y_FACTOR=1.000 PASS=YES
LOCAL_ROBUST_RHO_FACTOR=1.000 Y_FACTOR=1.250 PASS=YES
LOCAL_ROBUST_RHO_FACTOR=1.100 Y_FACTOR=0.750 PASS=YES
LOCAL_ROBUST_RHO_FACTOR=1.100 Y_FACTOR=1.000 PASS=YES
LOCAL_ROBUST_RHO_FACTOR=1.100 Y_FACTOR=1.250 PASS=YES
SELECTED_LOCAL_ROBUSTNESS_PASS=9/9
SELECTED_LOCAL_ROBUSTNESS=PASS

=== BLIND WILDCARD RHO DIAGNOSTIC — NOT EVIDENCE ===
WILDCARD_RHO_FACTOR=0.625000 RHO=1.875000000e+00 PASS=NO
WILDCARD_RHO_FACTOR=1.600000 RHO=4.800000000e+00 PASS=NO
WILDCARD_RHO_FACTOR=1.875000 RHO=5.625000000e+00 PASS=NO
WILDCARD_RHO_FACTOR=3.125000 RHO=9.375000000e+00 PASS=NO
WILDCARD_RHO_FACTOR=5.000000 RHO=1.500000000e+01 PASS=NO
WILDCARD_VALUES_USED_AS_EVIDENCE=NO

=== 019A DECISION ===
019A_WILSON_LINE_SEQUESTERED_PAIR_SCALAR_UV_PROTECTION_GATE=GREEN
RELATIVISTIC_THEORY_SPACE_OPERATOR_WITNESS=SUPPORTED
NONLOCAL_WILSON_PROTECTION=PASS
PAIR_NR_MATCH=PASS
TREE_LINEAR_LOCAL_RESPONSE=SYMMETRY_FORBIDDEN_AT_THETA_ZERO
EARTH_BACKGROUND_LOCAL_RESPONSE_PROXY=PASS
ULTRALIGHT_MASS_NATURALNESS=PASS_WITHIN_DECONSTRUCTED_MESSENGER_SECTOR
PERTURBATIVE_PARAMETER_BASIN=YES
INDEPENDENT_RECONSTRUCTION=PASS
PROTECTED_SCALAR_BRANCH=RETAIN_AND_ESCALATE
NEXT=019B_ANOMALY_FREE_SM_MATERIAL_ENDPOINT_AND_ONE_BODY_OPERATOR_MIXING_GATE
NEXT_AFTER_019B_GREEN=019C_EXACT_5KM_EXPERIMENTAL_BOUND_THEN_STELLAR_COSMOLOGY
STANDARD_MODEL_MATERIAL_ENDPOINT_EMBEDDING=NOT_ESTABLISHED
COMPLETE_ONE_BODY_OPERATOR_MIXING=NOT_YET_019B
EXACT_2026_5KM_FIFTH_FORCE_BOUND=NOT_YET_019C
STELLAR_COSMOLOGICAL_COMPLETION=NOT_ESTABLISHED
REAL_ANTIGRAVITY_MATERIAL=NO
PRACTICAL_ANTIGRAVITY_DEVICE=NO
NEW_PHYSICS_DISCOVERY=NO
018B_FIELD_EXISTENCE_RESULT=RETAINED
018C_M2_STABILITY_FALSIFICATION=RETAINED
CURRENT_KNOWLEDGE_HEURISTIC=APPROXIMATELY_68_PERCENT_NOT_A_PROBABILITY
HEURISTIC_INCREASE_FROM_019A=NO_UNLESS_019B_CLOSES_REAL_MATERIAL_ONE_BODY_MIXING
CLAIM_CLASSIFICATION=PROJECT_DERIVED_019A_WILSON_LINE_SEQUESTERED_PAIR_SCALAR_UV_PROTECTION_GATE
