=== 019B — ANOMALY-FREE SM/MATERIAL ENDPOINT + ONE-BODY MIXING GATE ===

=== UPSTREAM 019A AUDIT ===
019A_SOURCE_SHA256=27514c58298ccf9ecaa5543a3dc6d4368df7174ae2c55cb1a547adb922b756e7
019A_EXPECTED_SHA256=27514c58298ccf9ecaa5543a3dc6d4368df7174ae2c55cb1a547adb922b756e7
019A_SOURCE_HASH_MATCH=PASS
019A_SELECTED_MU_EV=1.104648408081985e+03
019A_SELECTED_F_EV=7.624514411276227e+10
019A_SELECTED_MESSENGER_MIN_MASS_EV=3.313945224245955e+03
019A_SELECTED_Y_ENDPOINT=3.069980123839466e+00
019A_SELECTED_LOCAL_WILSON_PROXY=1.975201413977025e-08
019A_SELECTED_THETA_EARTH=2.217362561910258e-01
019A_INDEPENDENT_MU_RELERR=0.000000000000000e+00
019A_INDEPENDENT_F_RELERR=0.000000000000000e+00
019A_INDEPENDENT_OPERATING_POINT_RECONSTRUCTION=PASS

=== EXPLICIT ANOMALY-FREE U(1)_B x U(1)_L MATERIAL CURRENT COMPLETION ===
ANOMALY_SU3_SU3_B=0/1
ANOMALY_SU2_SU2_B=0/1
ANOMALY_Y_Y_B=0/1
ANOMALY_Y_B_B=0/1
ANOMALY_B_B_B=0/1
ANOMALY_GRAV_GRAV_B=0/1
ANOMALY_SU3_SU3_L=0/1
ANOMALY_SU2_SU2_L=0/1
ANOMALY_Y_Y_L=0/1
ANOMALY_Y_L_L=0/1
ANOMALY_L_L_L=0/1
ANOMALY_GRAV_GRAV_L=0/1
ANOMALY_B_B_L=0/1
ANOMALY_B_L_L=0/1
ANOMALY_Y_B_L=0/1
ANOMALY_COMPLETION_REFERENCE=DUERR_FILEVIEZ_PEREZ_WISE_ARXIV_1304_0576_N1
EXOTICS_VECTORLIKE_UNDER_SM=YES
RIGHT_HANDED_NEUTRINOS_INCLUDED=YES
ANOMALY_FREE_U1B_X_U1L_COMPLETION=PASS

=== INDEPENDENT NR PAIR MATCH NORMALIZATION ===
PAIR_RADIUS_EVINV=1.520319215303819e-03
PAIR_CONTACT_PSI0_SQ_EV3=9.058280678908798e+07
PAIR_CONTACT_SCALAR_CHARGE=8.638353631211468e-12
TARGET_C_PHI_EV_MINUS3=9.536416387852626e-20
MAX_TARGET_EQUIVALENT_LEAKAGE_FRACTION=5.772961445324848e-07
MAX_ORDINARY_ONE_BODY_G=3.470636550308009e-20

=== DIRECT SCALAR-DENSITY ENDPOINT ONE-BODY NATURALNESS ===
SCALAR_MIXING_CUTOFF=6.577566000000000e+02 I_E=4.639280571523152e+03 I_N=2.524895804965328e+00 G_N_FROM_E_CLOSURE=4.424211127011968e-16 G_E_FROM_N_CLOSURE=2.407845773209170e-19 NUCLEON_EXCESS=1.274754951399141e+04 ELECTRON_EXCESS=6.937764119943590e+00 LOW_CUTOFF_E_RELERR=1.105e-06 LOW_CUTOFF_N_RELERR=3.268e-13
SCALAR_MIXING_CUTOFF=1.104648408081985e+03 I_E=3.690499841202161e+04 I_N=2.008532607764975e+01 G_N_FROM_E_CLOSURE=3.519414316500780e-15 G_E_FROM_N_CLOSURE=1.915420327622628e-18 NUCLEON_EXCESS=1.014054414942539e+05 ELECTRON_EXCESS=5.518930893102708e+01 LOW_CUTOFF_E_RELERR=3.115e-06 LOW_CUTOFF_N_RELERR=9.226e-13
SCALAR_MIXING_CUTOFF=3.313945224245955e+03 I_E=2.989230370186064e+06 I_N=1.626911412277619e+03 G_N_FROM_E_CLOSURE=2.850654548930916e-13 G_E_FROM_N_CLOSURE=1.551490465362875e-16 NUCLEON_EXCESS=8.213636050936905e+06 ELECTRON_EXCESS=4.470334023380191e+03 LOW_CUTOFF_E_RELERR=2.804e-05 LOW_CUTOFF_N_RELERR=8.305e-12
SCALAR_TADPOLE_ASYMPTOTIC_MAX_RELERR=2.803869876855103e-05
SCALAR_ONE_BODY_BEST_CASE_EXCESS=1.274754951399141e+04
SCALAR_ONE_BODY_WORST_CASE_EXCESS=8.213636050936905e+06
SCALAR_REQUIRED_COUNTERTERM_FRACTION_BEST_CASE=7.844644956290805e-05
SCALAR_TADPOLE_COEFFICIENT_SCHEME_INDEPENDENT=NO
SCALAR_ONE_BODY_COUNTERTERM_SYMMETRY_FORBIDDEN=NO
DIRECT_SCALAR_DENSITY_SM_ENDPOINT=REJECTED_BY_ONE_BODY_NATURALNESS

=== PSEUDOSCALAR ENDPOINT COHERENCE / PERTURBATIVITY ===
PSEUDOSCALAR_MAX_Q_EV=6.577566000000000e+02
PSEUDOSCALAR_ELECTRON_NR_SUPPRESSION=6.435987784319322e-04
PSEUDOSCALAR_NUCLEON_NR_SUPPRESSION=3.502737193237323e-07
PSEUDOSCALAR_PAIR_SUPPRESSION=2.254357378735636e-10
PSEUDOSCALAR_REQUIRED_Y_PRODUCT=4.180693819741792e+10
PSEUDOSCALAR_REQUIRED_Y_ENDPOINT=2.044674502149863e+05
PSEUDOSCALAR_REQUIRED_Y_SQ_OVER_4PI=3.326890434828217e+09
PSEUDOSCALAR_COHERENT_Q_TO_ZERO_RESPONSE=ZERO_FOR_UNPOLARIZED_MATTER
DIRECT_PSEUDOSCALAR_SM_ENDPOINT=REJECTED_BY_COHERENCE_AND_NONPERTURBATIVE_MATCH

=== RENORMALIZABLE DIRAC BILINEAR ENDPOINT CLASSIFICATION ===
BILINEAR=SCALAR RENORMALIZABLE_SCALAR_X_COUPLING=YES COHERENT_SPIN_INDEPENDENT=YES VACUUM_ONE_POINT_SAFE=NO DECISION=FAIL_ONE_BODY_NATURALNESS
BILINEAR=PSEUDOSCALAR RENORMALIZABLE_SCALAR_X_COUPLING=YES COHERENT_SPIN_INDEPENDENT=NO VACUUM_ONE_POINT_SAFE=YES DECISION=FAIL_COHERENCE
BILINEAR=VECTOR RENORMALIZABLE_SCALAR_X_COUPLING=NO_SCALAR_MESSENGER_INDEX_MISMATCH COHERENT_SPIN_INDEPENDENT=YES VACUUM_ONE_POINT_SAFE=YES DECISION=REQUIRES_VECTOR_PORTAL
BILINEAR=AXIAL_VECTOR RENORMALIZABLE_SCALAR_X_COUPLING=NO_SCALAR_MESSENGER_INDEX_MISMATCH COHERENT_SPIN_INDEPENDENT=NO_UNPOLARIZED VACUUM_ONE_POINT_SAFE=YES DECISION=FAIL_COHERENCE
BILINEAR=TENSOR RENORMALIZABLE_SCALAR_X_COUPLING=NO_WITHOUT_EXTRA_TENSOR COHERENT_SPIN_INDEPENDENT=NO_UNPOLARIZED VACUUM_ONE_POINT_SAFE=YES DECISION=FAIL_COHERENCE
DIRECT_019A_SCALAR_MESSENGER_SM_BILINEAR_BASIS=EMPTY_UNDER_TESTED_RENORMALIZABLE_DIRAC_BILINEARS

=== CONSERVED VECTOR-CURRENT MATERIAL ESCAPE PREFLIGHT ===
VECTOR_PAIR_OPERATOR=C_PHI_PHI_JB_MU_JL_MU
VECTOR_NR_LIMIT=PHI_TIMES_BARYON_DENSITY_TIMES_LEPTON_DENSITY
VECTOR_TREE_ONE_CURRENT_VACUUM_EXPECTATION=ZERO_BY_LORENTZ_INVARIANCE
VECTOR_DERIVATIVE_CURRENT_OPERATOR=TOTAL_DERIVATIVE_FOR_EXACT_CONSERVED_CURRENT_UP_TO_GAUGE_EOM_MIXING
VECTOR_CURRENT_RENORMALIZATION_CAVEAT=CAN_MIX_WITH_FIELD_STRENGTH_DIVERGENCE_NOT_SCALAR_MONOPOLE
VECTOR_QED_ELECTRON_VACUUM_POLARIZATION_FACTOR=2.565751617640462e-10
VECTOR_QED_OUTER_LOOP_FACTOR=5.807048664429298e-04
VECTOR_QED_ONE_BODY_MIXING_FRACTION_BOUND=2.995711065461230e-11
VECTOR_WEAK_ONE_BODY_MIXING_FRACTION_BOUND=9.817704578876618e-20
VECTOR_HADRONIC_ONE_BODY_MIXING_FRACTION_BOUND=4.015626901649148e-16
VECTOR_TOTAL_ONE_BODY_MIXING_FRACTION_PREFLIGHT=2.995751231547952e-11
VECTOR_ONE_BODY_MIXING_MARGIN=1.927049677733711e+04
VECTOR_CHANNEL_MULTIPLICITY_INFLATION=64.0
COMPLETE_ALL_ORDER_SM_OPERATOR_MIXING=NOT_CLAIMED
VECTOR_CURRENT_WILSON_PORTAL_LORENTZ_COMPLETION=NOT_ESTABLISHED
VECTOR_CURRENT_ONE_BODY_MIXING_PREFLIGHT=PASS
VECTOR_CURRENT_ENDPOINT_ESCAPE=RETAIN_AS_NEXT_MICROSCOPIC_PORTAL_CLASS

=== BLIND WILDCARD CHANNEL-MULTIPLIER DIAGNOSTIC — NOT EVIDENCE ===
WILDCARD_CHANNEL_FACTOR=0.625000 EFFECTIVE_CHANNELS=40.000000 MIXING_FRACTION=1.872344519717470e-11 MARGIN=3.083279484373937e+04 PASS=YES
WILDCARD_CHANNEL_FACTOR=1.600000 EFFECTIVE_CHANNELS=102.400000 MIXING_FRACTION=4.793201970476723e-11 MARGIN=1.204406048583569e+04 PASS=YES
WILDCARD_CHANNEL_FACTOR=1.875000 EFFECTIVE_CHANNELS=120.000000 MIXING_FRACTION=5.617033559152409e-11 MARGIN=1.027759828124646e+04 PASS=YES
WILDCARD_CHANNEL_FACTOR=3.125000 EFFECTIVE_CHANNELS=200.000000 MIXING_FRACTION=9.361722598587348e-11 MARGIN=6.166558968747875e+03 PASS=YES
WILDCARD_CHANNEL_FACTOR=5.000000 EFFECTIVE_CHANNELS=320.000000 MIXING_FRACTION=1.497875615773976e-10 MARGIN=3.854099355467421e+03 PASS=YES
WILDCARD_VALUES_USED_AS_EVIDENCE=NO

=== 019B DECISION ===
019B_ANOMALY_FREE_SM_MATERIAL_ENDPOINT_AND_ONE_BODY_OPERATOR_MIXING_GATE=GREEN_NEGATIVE_RESULT
ANOMALY_FREE_SM_MATERIAL_CURRENT_COMPLETION=PASS
DIRECT_019A_SCALAR_MESSENGER_SM_EMBEDDING=REJECTED
SCALAR_DENSITY_ENDPOINT=REJECTED_BY_ONE_BODY_COUNTERTERM_NATURALNESS
PSEUDOSCALAR_ENDPOINT=REJECTED_BY_COHERENCE_AND_PERTURBATIVITY
VECTOR_CURRENT_ENDPOINT_ESCAPE=SUPPORTED_AT_RELATIVISTIC_CURRENT_EFT_LEVEL
PROTECTED_SCALAR_BRANCH=RETAIN_BUT_REFORMULATE_WITH_VECTOR_CURRENT_PORTAL
NEXT=DOCUMENT_SESSION_THEN_019C_VECTOR_WILSON_PORTAL_UV_CONSTRUCTION_BEFORE_EXPERIMENTAL_BOUND
STANDARD_MODEL_GAUGE_ANOMALY_CANCELLATION=EXPLICITLY_RECONSTRUCTED
REAL_ORDINARY_BARYON_AND_LEPTON_CURRENTS=AVAILABLE
DIRECT_SCALAR_DENSITY_ONE_BODY_ZERO=NOT_TECHNICALLY_NATURAL
COMPLETE_ONE_BODY_OPERATOR_MIXING_FOR_DIRECT_SCALAR_ENDPOINT=FAILS_BEFORE_FULL_ADM_NEEDED
VECTOR_CURRENT_COMPLETE_RENORMALIZABLE_WILSON_UV=NOT_YET_ESTABLISHED
EXACT_2026_5KM_FIFTH_FORCE_BOUND=DEFER_UNTIL_VECTOR_PORTAL_EXISTS
STELLAR_COSMOLOGICAL_COMPLETION=NOT_ESTABLISHED
REAL_ANTIGRAVITY_MATERIAL=NO
PRACTICAL_ANTIGRAVITY_DEVICE=NO
NEW_PHYSICS_DISCOVERY=NO
018B_FIELD_EXISTENCE_RESULT=RETAINED
018C_M2_STABILITY_FALSIFICATION=RETAINED
019A_WILSON_LINE_UV_PROTECTION_WITNESS=RETAINED
CURRENT_KNOWLEDGE_HEURISTIC=APPROXIMATELY_68_PERCENT_NOT_A_PROBABILITY
HEURISTIC_INCREASE_FROM_019B=NO_DIRECT_REAL_MATERIAL_EMBEDDING_NOT_CLOSED
CLAIM_CLASSIFICATION=PROJECT_DERIVED_019B_ANOMALY_FREE_SM_MATERIAL_ENDPOINT_AND_ONE_BODY_MIXING_GATE
