=== 019C — MINIMAL ABELIAN VECTOR WILSON UV CONSTRUCTION GATE ===

=== UPSTREAM ARTIFACT AUDIT ===
019A_SOURCE_SHA256=27514c58298ccf9ecaa5543a3dc6d4368df7174ae2c55cb1a547adb922b756e7
019A_SOURCE_HASH_MATCH=PASS
019B_SOURCE_SHA256=0812ced28d18a53297e7599d5b508eaff3b4377ebcf955e129c38e8ce2497e74
019B_SOURCE_HASH_MATCH=PASS
019B_VECTOR_ONE_BODY_MIXING_FRACTION=2.995751231547952e-11
019B_VECTOR_ONE_BODY_MIXING_MARGIN=1.927049677733711e+04
ANOMALY_FREE_MATERIAL_CURRENTS=RETAINED_FROM_019B

=== INDEPENDENT WILSON DERIVATIVE / BOUND-STATE KERNEL AUDIT ===
DLOGDET_MATRIX_DOUBLE=+2.011308679947986e-10
DLOGDET_MATRIX_MP=+2.011308680607443e-10
DLOGDET_SPECTRAL_MP=+2.011308680607443e-10
DLOGDET_CLOSED_MP=+2.011308680607443e-10
DLOGDET_HIGH_PRECISION_MAX_RELERR=1.285202733499626e-16
DLOGDET_DOUBLE_ABSERR=6.594565601668887e-20
PAIR_KERNEL_ANALYTIC=6.542825923239690e+00
PAIR_KERNEL_NUMERIC=6.542825923239686e+00
PAIR_KERNEL_RELERR=5.429937645416325e-16
VECTOR_PORTAL_INDEPENDENT_RECONSTRUCTION=PASS

=== CLASS K — LOOP-INDUCED WILSON KINETIC MIXING ===
KINETIC_SCAN_TOTAL=1116
KINETIC_MARGIN=1.0 BEST_N=14 BEST_RHO=1.250000 REQUIRED_G=7.785901319e+01 REQUIRED_G_SQ_OVER_4PI=4.824006964e+02
KINETIC_MARGIN=1.5 BEST_N=15 BEST_RHO=1.250000 REQUIRED_G=1.257526719e+02 REQUIRED_G_SQ_OVER_4PI=1.258417006e+03
KINETIC_MARGIN=2.0 BEST_N=16 BEST_RHO=1.250000 REQUIRED_G=1.789747406e+02 REQUIRED_G_SQ_OVER_4PI=2.549022208e+03
KINETIC_MARGIN=3.0 BEST_N=16 BEST_RHO=1.250000 REQUIRED_G=3.151056257e+02 REQUIRED_G_SQ_OVER_4PI=7.901370918e+03
KINETIC_GLOBAL_BEST_N=14
KINETIC_GLOBAL_BEST_RHO=1.250000000000000e+00
KINETIC_GLOBAL_BEST_SCALE_MARGIN=1.000000
KINETIC_GLOBAL_BEST_MU_EV=5.262052800000000e+02
KINETIC_GLOBAL_BEST_F_EV=3.472969395642252e+10
KINETIC_GLOBAL_BEST_THETA_EARTH=4.867970569945859e-01
KINETIC_GLOBAL_BEST_DLOGDET=6.234415907829804e-08
KINETIC_GLOBAL_BEST_VECTOR_MASS_EV=6.577566000000000e+02
KINETIC_GLOBAL_BEST_MESSENGER_OVER_EFT=1.000000000000000e+00
KINETIC_GLOBAL_BEST_PAIR_KERNEL_EV=1.550892069121951e+01
KINETIC_GLOBAL_BEST_REQUIRED_G_ENDPOINT=7.785901319062359e+01
KINETIC_GLOBAL_BEST_REQUIRED_G_SQ_OVER_4PI=4.824006963546677e+02
KINETIC_PERTURBATIVE_PASSERS=0
LOOP_INDUCED_KINETIC_MIXING_PORTAL=REJECTED_NONPERTURBATIVE

=== CLASS M0 — EXACT RENORMALIZABLE HIGGS/VECTOR MEDIATOR ALGEBRA ===
HIGGS_BRIDGE_G=1.000000000000000e+00
HIGGS_BRIDGE_VECTOR_MASS_EV=1.315513200000000e+03
HIGGS_BRIDGE_VECTOR_OVER_EFT=2.000000000000000e+00
HIGGS_BRIDGE_VEV_EV=9.302083044604150e+02
HIGGS_BRIDGE_ETA=1.289859644381804e-02
HIGGS_BRIDGE_D_EARTH=2.836707071266020e-03
HIGGS_BRIDGE_SELF_PAIR_TO_CROSS_DERIVATIVE_RATIO=5.673368489463383e-03
HIGGS_BRIDGE_C_RECONSTRUCTED=9.536416387852626e-20
HIGGS_BRIDGE_C_MATCH_RELERR=0.000000000000000e+00
RENORMALIZABLE_VECTOR_HIGGS_MEDIATOR_SECTOR=PASS
SAME_SECTOR_PAIR_RESPONSE=NONZERO_DEFER_TO_EXPERIMENTAL_OPERATOR_BOUND_IF_UV_SEED_SURVIVES

=== CLASS M1 — MINIMAL LOOP-SEEDED WILSON HIGGS BRIDGE ===
BRIDGE_LOOP_SCAN_TOTAL=1120
BRIDGE_MARGIN=1.0 BEST_N=3 BEST_RHO=0.250000 MAX_TARGET_FRACTION=1.230123102e-01 DEFICIT=8.129267697e+00
BRIDGE_MARGIN=1.5 BEST_N=3 BEST_RHO=0.250000 MAX_TARGET_FRACTION=2.429872795e-02 DEFICIT=4.115441772e+01
BRIDGE_MARGIN=2.0 BEST_N=3 BEST_RHO=0.250000 MAX_TARGET_FRACTION=7.688269390e-03 DEFICIT=1.300682832e+02
BRIDGE_MARGIN=3.0 BEST_N=3 BEST_RHO=0.250000 MAX_TARGET_FRACTION=1.518670497e-03 DEFICIT=6.584706835e+02
BRIDGE_GLOBAL_OPTIMISTIC_BEST_N=3
BRIDGE_GLOBAL_OPTIMISTIC_BEST_RHO=2.500000000000000e-01
BRIDGE_GLOBAL_OPTIMISTIC_BEST_SCALE_MARGIN=1.000000
BRIDGE_GLOBAL_OPTIMISTIC_BEST_MU_EV=2.631026400000000e+03
BRIDGE_GLOBAL_OPTIMISTIC_BEST_F_EV=7.725069645344929e+15
BRIDGE_GLOBAL_OPTIMISTIC_BEST_THETA_EARTH=2.188499726794924e-06
BRIDGE_GLOBAL_OPTIMISTIC_BEST_CW_SECOND_EARTH=1.225227213937475e+00
BRIDGE_GLOBAL_OPTIMISTIC_BEST_VECTOR_MASS_EV=6.577566000000000e+02
BRIDGE_GLOBAL_OPTIMISTIC_BEST_BRIDGE_VEV_EV=1.312034589765465e+02
BRIDGE_GLOBAL_OPTIMISTIC_BEST_P_MASS_EV=6.577566000000000e+02
BRIDGE_GLOBAL_OPTIMISTIC_BEST_LAMBDA_S=1.256637061435917e+01
BRIDGE_GLOBAL_OPTIMISTIC_BEST_C_UPPER_EV_MINUS3=1.173096611301415e-20
BRIDGE_GLOBAL_OPTIMISTIC_BEST_FRACTION_OF_TARGET=1.230123102422092e-01
BRIDGE_GLOBAL_OPTIMISTIC_BEST_TARGET_DEFICIT_FACTOR=8.129267697119229e+00
BRIDGE_TWO_EFT_MARGIN_BEST_N=3
BRIDGE_TWO_EFT_MARGIN_BEST_RHO=2.500000000000000e-01
BRIDGE_TWO_EFT_MARGIN_BEST_SCALE_MARGIN=2.000000
BRIDGE_TWO_EFT_MARGIN_BEST_MU_EV=5.262052800000000e+03
BRIDGE_TWO_EFT_MARGIN_BEST_F_EV=3.090027858137972e+16
BRIDGE_TWO_EFT_MARGIN_BEST_THETA_EARTH=5.471249316987311e-07
BRIDGE_TWO_EFT_MARGIN_BEST_CW_SECOND_EARTH=1.225227213941128e+00
BRIDGE_TWO_EFT_MARGIN_BEST_VECTOR_MASS_EV=1.315513200000000e+03
BRIDGE_TWO_EFT_MARGIN_BEST_BRIDGE_VEV_EV=2.624069179530930e+02
BRIDGE_TWO_EFT_MARGIN_BEST_P_MASS_EV=1.315513200000000e+03
BRIDGE_TWO_EFT_MARGIN_BEST_LAMBDA_S=1.256637061435917e+01
BRIDGE_TWO_EFT_MARGIN_BEST_C_UPPER_EV_MINUS3=7.331853820655703e-22
BRIDGE_TWO_EFT_MARGIN_BEST_FRACTION_OF_TARGET=7.688269390160995e-03
BRIDGE_TWO_EFT_MARGIN_BEST_TARGET_DEFICIT_FACTOR=1.300682831535199e+02
BRIDGE_TWO_EFT_MARGIN_PASSERS=0
MINIMAL_LOOP_SEEDED_HIGGS_MASS_MIXING_PORTAL=REJECTED_NATURALNESS_RESPONSE_BOUND

=== BLIND WILDCARD SCALE DIAGNOSTIC — NOT EVIDENCE ===
WILDCARD_RESPONSE_FACTOR=0.625000 SCALED_TARGET_FRACTION=4.805168368850622e-03 REACHES_TARGET=NO
WILDCARD_RESPONSE_FACTOR=1.600000 SCALED_TARGET_FRACTION=1.230123102425759e-02 REACHES_TARGET=NO
WILDCARD_RESPONSE_FACTOR=1.875000 SCALED_TARGET_FRACTION=1.441550510655186e-02 REACHES_TARGET=NO
WILDCARD_RESPONSE_FACTOR=3.125000 SCALED_TARGET_FRACTION=2.402584184425311e-02 REACHES_TARGET=NO
WILDCARD_RESPONSE_FACTOR=5.000000 SCALED_TARGET_FRACTION=3.844134695080498e-02 REACHES_TARGET=NO
WILDCARD_VALUES_USED_AS_EVIDENCE=NO

=== 019C DECISION ===
019C_MINIMAL_ABELIAN_VECTOR_WILSON_UV_CONSTRUCTION_GATE=GREEN_NEGATIVE_RESULT
COMPLETE_RENORMALIZABLE_VECTOR_WILSON_UV_WITNESS=NO_IN_TWO_MINIMAL_CLASSES
LOOP_INDUCED_KINETIC_MIXING_PORTAL=REJECTED_NONPERTURBATIVE
RENORMALIZABLE_VECTOR_HIGGS_MEDIATOR_SECTOR=SUPPORTED_IF_PROTECTED_ODD_WILSON_SEED_EXISTS
MINIMAL_LOOP_SEEDED_ODD_WILSON_SOURCE=INSUFFICIENT
VECTOR_CURRENT_EFT_ESCAPE_FROM_019B=RETAINED
PROTECTED_SCALAR_BRANCH=RETAIN_ONLY_FOR_NEW_NONABELIAN_OR_COLLECTIVE_TREE_VECTOR_PORTAL
NEXT=DOCUMENT_SESSION_AND_RERANK_NONABELIAN_CHARGED_VECTOR_OR_COLLECTIVE_TREE_WILSON_PORTAL
CURRENT_KNOWLEDGE_HEURISTIC=APPROXIMATELY_68_PERCENT_NOT_A_PROBABILITY
HEURISTIC_CHANGE=NO_COMPLETE_MICROSCOPIC_VECTOR_PORTAL_YET
ANOMALY_FREE_SM_MATERIAL_CURRENTS=RETAINED
ONE_BODY_VECTOR_MIXING_PREFLIGHT=RETAINED_FROM_019B
EXACT_2026_5KM_FIFTH_FORCE_BOUND=DEFER_UNTIL_COMPLETE_PORTAL_EXISTS
STELLAR_COSMOLOGICAL_COMPLETION=NOT_ESTABLISHED
REAL_ANTIGRAVITY_MATERIAL=NO
PRACTICAL_ANTIGRAVITY_DEVICE=NO
NEW_PHYSICS_DISCOVERY=NO
018B_FIELD_EXISTENCE_RESULT=RETAINED
018C_M2_STABILITY_FALSIFICATION=RETAINED
019A_WILSON_LINE_UV_PROTECTION_WITNESS=RETAINED
019B_DIRECT_SCALAR_MATERIAL_EMBEDDING_FALSIFICATION=RETAINED
CLAIM_CLASSIFICATION=PROJECT_DERIVED_019C_MINIMAL_ABELIAN_VECTOR_WILSON_UV_CONSTRUCTION_GATE
