=== 020A2 — NON-ABELIAN ISOSPECTRAL B/L CURRENT EMBEDDING + NATURALNESS GATE ===

=== UPSTREAM AUDIT ===
020A1_SOURCE_SHA256=9700f2ff39a3ce89d86a6973a0e17bcb2440106211eeaad63d9899572afcc194
SELECTED_F_EV=7.624514411276227e+10
SELECTED_THETA_EARTH=2.217362561910258e-01
019A_WILSON_PROTECTION=RETAINED
019B_ANOMALY_FREE_B_L_CURRENT_ENDPOINT=RETAINED
019C_VECTOR_HIGGS_MEDIATOR_ALGEBRA=RETAINED
020A1_SU2_ISOSPECTRAL_REPRESENTATION=RETAINED

=== A — FULL RENORMALIZABLE 5x5 ISOSPECTRAL MASS MATRIX ===
BENCH_U_EV=3.010217306468724e+03
BENCH_V_EV=3.010217306468724e+03
BENCH_VECTOR_MASSES_EV=1.315513200000e+03,2.502254802265e+03,3.444058270249e+03,3.686748207872e+03,4.048733318577e+03
BENCH_MIN_VECTOR_OVER_EFT=2.000000000000000e+00
FULL5X5_MAX_EIGENVALUE_REL_DRIFT=3.767105210700349e-15
FULL5X5_MAX_TR_M2_REL_DRIFT=1.494967429912415e-16
FULL5X5_MAX_TR_M4_REL_DRIFT=1.964341162717127e-16
FULL5X5_MAX_TR_M6_REL_DRIFT=1.186804557185171e-16
RENORMALIZABLE_FULL5X5_ISOSPECTRAL_VECTOR_WITNESS=PASS

=== B — PHYSICAL RELATIVE-ANGLE / GAUGE-INVARIANT AUDIT ===
N_B_DOT_N_L=0.000000000000000e+00
BETA_A_NPHI_DOT_NB=1.721383376125954e-01
BETA_A_NPHI_DOT_NL=9.850727854955552e-01
BETA_B_NPHI_DOT_NB=3.995262493497386e-01
BETA_B_NPHI_DOT_NL=9.167217549946823e-01
SU2_ISOSPECTRAL_ROTATION_IS_PHYSICAL_RELATIVE_ORIENTATION=PASS

=== C — TARGET C_PHI MATCH ===
BENCH_KAPPA=8.448276926557781e-02
BENCH_BETA_EARTH=1.857976331143064e-02
BENCH_DMINV_BL_DBETA_MATRIX=8.822555069795889e-08
BENCH_DMINV_BL_DBETA_FD=8.822555069258678e-08
BENCH_KERNEL_DERIVATIVE_RELERR=6.089061391075762e-11
BENCH_C_PHI_RECONSTRUCTED=9.536416387838369e-20
BENCH_C_PHI_MATCH_RELERR=1.494974195074632e-12
TARGET_C_PHI_MATCH=PASS

=== D — B/L EXCHANGE-BREAKING FINITE CW STRUCTURE ===
EXCHANGE_BREAK_EPSILON_CHECK=1.000000000000000e-02
EXCHANGE_BREAK_MAX_EIGENVALUE_REL_DRIFT=2.085466685175064e-02
EXCHANGE_BREAK_MAX_TR_M2_REL_DRIFT=1.494913069437163e-16
EXCHANGE_BREAK_MAX_TR_M4_REL_DRIFT=3.928023421046147e-16
EXCHANGE_BREAK_MAX_TR_M6_REL_DRIFT=1.785951966372265e-03
EXCHANGE_BREAK_THETA_CW_IS_FINITE_AT_ONE_LOOP=PASS
REASON=TR_M2_AND_TR_M4_THETA_INDEPENDENT_WHILE_FULL_SPECTRUM_CHANGES
CW_CURVATURE_Q1=-4.064070638020834e+07
CW_CURVATURE_Q2=-4.064265950520834e+07
CW_CURVATURE_Q_RELERR=4.805603333486845e-05

=== E — ROBUST PARAMETER REGION NATURALNESS SCAN ===
SCAN_SURVIVING_TARGET_MATCH_POINTS=500
SCAN_BEST_GX=3.500000000000000e+00
SCAN_BEST_G=1.196544283021847e+00
SCAN_BEST_V_OVER_U=2.464036146070594e+00
SCAN_BEST_U_EV=1.653059507717487e+03
SCAN_BEST_V_EV=4.073198378621549e+03
SCAN_BEST_KAPPA=2.120716449672731e-02
SCAN_BEST_MIN_VECTOR_EV=1.315513199999985e+03
SCAN_BEST_MAX_VECTOR_EV=1.483670155257482e+04
SCAN_BEST_EPSILON_ALLOWED_EST=4.210686518847274e-07
SCAN_BEST_GENERIC_LOOP_PROXY=9.066461551097230e-03
SCAN_BEST_ULTRAOPTIMISTIC_PROXY=9.066461551097230e-07
SCAN_BEST_GENERIC_NATURALNESS_DEFICIT=2.153202692842421e+04
SCAN_BEST_ULTRAOPTIMISTIC_DEFICIT=2.153202692842421e+00

=== F — HIGH-PRECISION BEST-POINT RECONSTRUCTION ===
HP_EPSILON=1.000000000000000e-04
HP_DM2_OVER_MPHI2=2.515459876553708e+04
HP_EPSILON_ALLOWED=3.975416222380953e-09
HP_GENERIC_LOOP_PROXY=9.066461551097230e-03
HP_ULTRAOPTIMISTIC_PROXY=9.066461551097230e-07
HP_GENERIC_NATURALNESS_DEFICIT=2.280632025410198e+06
HP_ULTRAOPTIMISTIC_DEFICIT=2.280632025410198e+02
HP_SMALL_EPSILON_LINEARITY_RELSPREAD=4.053062537215083e-06

=== BLIND WILDCARD RATIO DIAGNOSTICS — NOT EVIDENCE ===
WILDCARD_RATIO=1.600000 KAPPA=7.417469145441805e-02 U_EV=3.010217306468724e+03 V_EV=4.816347690349958e+03
WILDCARD_RATIO=1.875000 KAPPA=7.237904675383158e-02 U_EV=3.010217306468724e+03 V_EV=5.644157449628857e+03
WILDCARD_RATIO=3.125000 KAPPA=6.930076340653638e-02 U_EV=3.010217306468724e+03 V_EV=9.406929082714762e+03
WILDCARD_RATIO=0.625000 KAPPA=1.108967754727390e-01 U_EV=3.010217306468724e+03 V_EV=1.881385816542952e+03
WILDCARD_RATIO=5.000000 KAPPA=6.824569830942993e-02 U_EV=3.010217306468724e+03 V_EV=1.505108653234362e+04
BLIND_WILDCARD_VALUES_USED_AS_EVIDENCE=NO

=== 020A2 DECISION ===
020A2_NONABELIAN_ISOSPECTRAL_CURRENT_EMBEDDING_GATE=GREEN_NEGATIVE_RESULT
RENORMALIZABLE_FULL5X5_ISOSPECTRAL_CURRENT_RESPONSE=SUPPORTED
PHYSICAL_RELATIVE_ORIENTATION=SUPPORTED
TARGET_PAIR_RESPONSE=SUPPORTED
PURE_VECTOR_SYMMETRIC_CW_THETA_DEPENDENCE=ZERO_BY_ISOSPECTRALITY
B_L_EXCHANGE_BREAKING_CW=FINITE_BUT_FATAL
MINIMAL_B_L_EXCHANGE_SYMMETRIC_SU2_PORTAL=REJECTED_BY_NATURALNESS
EXACT_B_L_MATTER_EXCHANGE_SYMMETRY_REQUIRED_FOR_RESCUE=YES
ADDING_MIRROR_MATTER_SOLELY_TO_ENFORCE_EXCHANGE_SYMMETRY=BLOCKED_BY_ANTI_COMPLEXITY_STOP_RULE
COMPLETE_MICROSCOPIC_VECTOR_WILSON_UV_WITNESS=NO
020A_MINIMAL_COLLECTIVE_TREE_CLASS=STRUCTURALLY_EXHAUSTED
020A2_SMALL_SU2_NONABELIAN_GATE=FAILS_MINIMAL_NATURALNESS
GLOBAL_RERANK=REQUIRED
NEXT=GLOBAL_RERANK_WITH_PRIORITY_ON_NEW_STRUCTURAL_SCALING_NOT_LARGER_QUIVER
019A_WILSON_LINE_UV_PROTECTION_WITNESS=RETAINED
019B_ANOMALY_FREE_VECTOR_CURRENT_ENDPOINT=RETAINED
019C_VECTOR_HIGGS_MEDIATOR_ALGEBRA=RETAINED
020A1_ISOSPECTRAL_REPRESENTATION_RESULT=RETAINED
018B_FIELD_EXISTENCE_RESULT=RETAINED
018C_M2_STABILITY_FALSIFICATION=RETAINED
CURRENT_KNOWLEDGE_HEURISTIC=APPROXIMATELY_68_PERCENT_NOT_A_PROBABILITY
HEURISTIC_CHANGE=NONE_UNLESS_COMPLETE_PORTAL_SURVIVES
EXACT_2026_5KM_EXPERIMENTAL_BOUND=DEFER_UNTIL_COMPLETE_PORTAL_EXISTS
REAL_ANTIGRAVITY_MATERIAL=NO
PRACTICAL_ANTIGRAVITY_DEVICE=NO
NEW_PHYSICS_DISCOVERY=NO
CLAIM_CLASSIFICATION=PROJECT_DERIVED_020A2_NONABELIAN_ISOSPECTRAL_CURRENT_EMBEDDING_NATURALNESS_GATE
