=== 020A2R — EXACT B/L RUNNING + HIGH-PRECISION GLOBAL NATURALNESS CLOSEOUT ===

=== UPSTREAM SOURCE AUDIT ===
020A2_SOURCE_SHA256=8478124e69426fd43edc41e62b2f0a09594c68155a428abbacdea33c4cf62f7d
020A2_EXPECTED_SHA256=8478124e69426fd43edc41e62b2f0a09594c68155a428abbacdea33c4cf62f7d
020A2_SOURCE_HASH_MATCH=PASS
SELECTED_F_EV=7.624514411276227e+10
SELECTED_THETA_EARTH=2.217362561910258e-01

=== A — EXACT 019B B/L ONE-LOOP CHARGE-SQUARE AUDIT ===
019B_WEYL_SUM_B2=22/1
019B_WEYL_SUM_L2=30/1
019B_FERMION_BETA_B=44/3
019B_FERMION_BETA_L=20/1
019B_FERMION_DELTA_BETA_L_MINUS_B=16/3
019B_ANOMALY_EXOTICS_CANCEL_B_L_BETA_DIFFERENCE=NO
CONSERVATIVE_ONE_LIGHT_WEYL_DELTA_BETA=6.666666666666666e-01
ACTUAL_THREE_ACTIVE_NEUTRINO_DELTA_BETA=2.000000000000000e+00

=== B — HIGH-PRECISION GLOBAL 020A2 GRID RECONSTRUCTION ===
GLOBAL_HP_TARGET_MATCH_POINTS=500
GLOBAL_HP_PROVISIONAL_BEST_GX=3.500000000000000e+00
GLOBAL_HP_PROVISIONAL_BEST_G=3.500000000000000e+00
GLOBAL_HP_PROVISIONAL_BEST_V_OVER_U=6.052895757819993e-01
GLOBAL_HP_PROVISIONAL_BEST_KAPPA=9.275657397167569e-03
GLOBAL_HP_PROVISIONAL_EPSILON_ALLOWED_EST=4.207864650034006e-07
GLOBAL_HP_PROVISIONAL_ONE_WEYL_DEFICIT_EST=3.099524805788615e+04

=== C — EXACT HP ALLOWED-EPSILON ROOTS FOR TOP CANDIDATES ===
TOP01_GX=3.500000000e+00 G=3.500000000e+00 R=6.052895758e-01 KAPPA=9.275657397e-03 MASS_RATIO=2.743635939e+00 EPS_ALLOWED=4.207864624e-07 ONE_WEYL_FLOOR=1.304238086e-02 ONE_WEYL_DEFICIT=3.099524825e+04
TOP02_GX=3.500000000e+00 G=3.500000000e+00 R=4.261301124e-01 KAPPA=1.310427862e-02 MASS_RATIO=2.673948254e+00 EPS_ALLOWED=3.963269497e-07 ONE_WEYL_FLOOR=1.271024060e-02 ONE_WEYL_DEFICIT=3.207008912e+04
TOP03_GX=3.500000000e+00 G=3.500000000e+00 R=8.597737166e-01 KAPPA=7.378107068e-03 MASS_RATIO=2.924760929e+00 EPS_ALLOWED=3.697385367e-07 ONE_WEYL_FLOOR=1.386756999e-02 ONE_WEYL_DEFICIT=3.750642308e+04
TOP04_GX=3.500000000e+00 G=3.500000000e+00 R=3.000000000e-01 KAPPA=2.082940008e-02 MASS_RATIO=2.644278822e+00 EPS_ALLOWED=3.039662210e-07 ONE_WEYL_FLOOR=1.256618909e-02 ONE_WEYL_DEFICIT=4.134074190e+04
TOP05_GX=3.500000000e+00 G=3.500000000e+00 R=1.221251569e+00 KAPPA=6.437629133e-03 MASS_RATIO=3.393877867e+00 EPS_ALLOWED=2.857004163e-07 ONE_WEYL_FLOOR=1.578708876e-02 ONE_WEYL_DEFICIT=5.525749302e+04
TOP06_GX=3.500000000e+00 G=3.500000000e+00 R=1.734706894e+00 KAPPA=5.971500800e-03 MASS_RATIO=4.344757809e+00 EPS_ALLOWED=2.082373174e-07 ONE_WEYL_FLOOR=1.897182311e-02 ONE_WEYL_DEFICIT=9.110673988e+04
TOP07_GX=3.500000000e+00 G=2.447306075e+00 R=6.052895758e-01 KAPPA=1.223393204e-02 MASS_RATIO=2.724621825e+00 EPS_ALLOWED=1.976184877e-07 ONE_WEYL_FLOOR=6.335251765e-03 ONE_WEYL_DEFICIT=3.205799134e+04
TOP08_GX=3.500000000e+00 G=2.447306075e+00 R=4.261301124e-01 KAPPA=1.728371694e-02 MASS_RATIO=2.558544532e+00 EPS_ALLOWED=1.833401263e-07 ONE_WEYL_FLOOR=5.937833842e-03 ONE_WEYL_DEFICIT=3.238698458e+04
GLOBAL_HP_MAX_EPSILON_ALLOWED_EXACT=4.207864624024100e-07
GLOBAL_HP_MAX_ALLOWED_GX=3.500000000000000e+00
GLOBAL_HP_MAX_ALLOWED_G=3.500000000000000e+00
GLOBAL_HP_MAX_ALLOWED_V_OVER_U=6.052895757819993e-01
GLOBAL_HP_MAX_ALLOWED_KAPPA=9.275657397167569e-03
GLOBAL_HP_MAX_ALLOWED_MIN_VECTOR_EV=1.315513200000000e+03
GLOBAL_HP_MAX_ALLOWED_MAX_VECTOR_EV=3.609289293571564e+03
GLOBAL_MIN_ONE_WEYL_DEFICIT_EST_ALL_POINTS=3.099524805788615e+04
GLOBAL_MIN_ONE_WEYL_DEFICIT_EXACT_TOP_SET=3.099524824947584e+04
GLOBAL_MIN_DEFICIT_GX=3.500000000000000e+00
GLOBAL_MIN_DEFICIT_G=3.500000000000000e+00
GLOBAL_MIN_DEFICIT_V_OVER_U=6.052895757819993e-01
GLOBAL_MIN_DEFICIT_EPS_ALLOWED=4.207864624024100e-07
GLOBAL_MIN_DEFICIT_ONE_WEYL_RG_FLOOR=1.304238086218143e-02
GLOBAL_MIN_DEFICIT_ONE_WEYL_FACTOR=3.099524824947584e+04
GLOBAL_MIN_DEFICIT_THREE_NEUTRINO_FACTOR=9.261022797104377e+04

=== D — HIGH-PRECISION SMALL-EPSILON LINEARITY ===
GLOBAL_HP_LINEARITY_RELSPREAD=1.600784185299379e-08
GLOBAL_HP_LINEARITY=PASS

=== E — INDEPENDENT RG MINIMAX VALIDATION ===
RG_MINIMAX_ANALYTIC_FLOOR=1.304238086218143e-02
RG_MINIMAX_BRUTE_FLOOR=1.304238547622185e-02
RG_MINIMAX_RELERR=3.537727375491073e-07
RG_ONE_LOOP_DENOMINATOR_AT_HIGH_END=9.009144610662934e-01
RG_MINIMAX_VALIDATION=PASS

=== BLIND WILDCARD V/U DIAGNOSTICS — NOT EVIDENCE ===
WILDCARD_TARGET_R=1.600000 NEAREST_GRID_R=1.734706894e+00 GX=3.500000000e+00 G=3.500000000e+00 EPS_ALLOWED_EST=2.082373207e-07 ONE_WEYL_DEFICIT_EST=9.110673842e+04
WILDCARD_TARGET_R=1.875000 NEAREST_GRID_R=1.734706894e+00 GX=3.500000000e+00 G=3.500000000e+00 EPS_ALLOWED_EST=2.082373207e-07 ONE_WEYL_DEFICIT_EST=9.110673842e+04
WILDCARD_TARGET_R=3.125000 NEAREST_GRID_R=3.500000000e+00 GX=3.500000000e+00 G=3.500000000e+00 EPS_ALLOWED_EST=1.116794347e-07 ONE_WEYL_DEFICIT_EST=2.427390035e+05
WILDCARD_TARGET_R=0.625000 NEAREST_GRID_R=6.052895758e-01 GX=3.500000000e+00 G=3.500000000e+00 EPS_ALLOWED_EST=4.207864650e-07 ONE_WEYL_DEFICIT_EST=3.099524806e+04
WILDCARD_TARGET_R=5.000000 NEAREST_GRID_R=3.500000000e+00 GX=3.500000000e+00 G=3.500000000e+00 EPS_ALLOWED_EST=1.116794347e-07 ONE_WEYL_DEFICIT_EST=2.427390035e+05
BLIND_WILDCARD_VALUES_USED_AS_EVIDENCE=NO

=== 020A2R DECISION ===
020A2R_EXACT_BL_RUNNING_AND_HP_GLOBAL_NATURALNESS_CLOSEOUT=GREEN_NEGATIVE_RESULT
HIGH_PRECISION_GLOBAL_NATURALNESS_ENVELOPE=RECONSTRUCTED
ONE_LIGHT_WEYL_LEPTON_RUNNING_ALONE_EXCEEDS_ALLOWED_SPLITTING=YES
THREE_ACTIVE_NEUTRINO_RUNNING_EXCEEDS_ALLOWED_SPLITTING=YES
MINIMAL_B_L_EXCHANGE_SYMMETRIC_SU2_PORTAL=CLOSED_BY_PHYSICAL_RG_NATURALNESS
020A_MINIMAL_COLLECTIVE_TREE_CLASS=CLOSED_IN_TESTED_CLASSES
020A_SMALL_SU2_NONABELIAN_GATE=CLOSED_IN_TESTED_MINIMAL_CLASS
LARGER_QUIVER_OR_MIRROR_MATTER_RESCUE=DO_NOT_ESCALATE_WITHOUT_NEW_INDEPENDENT_PROTECTION_PRINCIPLE
GLOBAL_RERANK=REQUIRED
NEXT=GLOBAL_RERANK_FOR_NEW_STRUCTURAL_SCALING_MECHANISM
006D_CONSTRUCTIVE_LINEARIZED_GR_RESULT=RETAINED
018B_FIELD_EXISTENCE_RESULT=RETAINED
018C_M2_STABILITY_FALSIFICATION=RETAINED
019A_WILSON_LINE_UV_PROTECTION_WITNESS=RETAINED
019B_ANOMALY_FREE_VECTOR_CURRENT_ENDPOINT=RETAINED
019C_VECTOR_HIGGS_MEDIATOR_ALGEBRA=RETAINED
020A1_ISOSPECTRAL_REPRESENTATION_RESULT=RETAINED
020A2_RENORMALIZABLE_ISOSPECTRAL_CURRENT_RESPONSE=RETAINED
COMPLETE_MICROSCOPIC_VECTOR_WILSON_UV_WITNESS=NO
CURRENT_KNOWLEDGE_HEURISTIC=APPROXIMATELY_68_PERCENT_NOT_A_PROBABILITY
HEURISTIC_CHANGE=NONE_NEGATIVE_CLOSEOUT_INCREASES_KNOWLEDGE_NOT_DEVICE_MATURITY
REAL_ANTIGRAVITY_MATERIAL=NO
PRACTICAL_ANTIGRAVITY_DEVICE=NO
NEW_PHYSICS_DISCOVERY=NO
CLAIM_CLASSIFICATION=PROJECT_DERIVED_020A2R_EXACT_BL_RUNNING_AND_HP_GLOBAL_NATURALNESS_CLOSEOUT
