=== 020A1 — COLLECTIVE / ISOSPECTRAL VECTOR REPRESENTATION GATE ===

=== UPSTREAM SCIENTIFIC AUDIT ===
019A_SOURCE_SHA256=27514c58298ccf9ecaa5543a3dc6d4368df7174ae2c55cb1a547adb922b756e7
019B_SOURCE_SHA256=0812ced28d18a53297e7599d5b508eaff3b4377ebcf955e129c38e8ce2497e74
019C_SOURCE_SHA256=dfc97a9b9563bdd7bd92b03b679f89e2f0ebfa20bca4e8f94ffdab7c7ea98514
019A_WILSON_PROTECTION=RETAINED
019B_ANOMALY_FREE_VECTOR_CURRENT_ENDPOINT=RETAINED
019C_VECTOR_HIGGS_MEDIATOR_ALGEBRA=RETAINED
SELECTED_F_EV=7.624514411276227e+10
SELECTED_THETA_EARTH=2.217362561910258e-01

=== A — PURE ABELIAN LINK PHASE-BLINDNESS ===
ABELIAN_CANONICAL_MASS_FORM=sum_i(v_i^2*g_a*g_b*q_ia*q_ib)
ABELIAN_PHASE_SCAN_MAX_MATRIX_DRIFT=0.000000000000000e+00
PURE_ABELIAN_LINK_VECTOR_MASS_PHASE_BLINDNESS=PASS
PURE_ABELIAN_PHASE_ONLY_TREE_MTHETA=ZERO

=== B — CONVENTIONAL EIGENVALUE-SPLITTING NATURALNESS ===
SPLIT_MARGIN_1P0_DM2_PER_LOG_OVER_TARGET_MPHI2=4.922332988605079e+01
SPLIT_MARGIN_1P5_DM2_PER_LOG_OVER_TARGET_MPHI2=1.261540106962418e+03
SPLIT_MARGIN_2P0_DM2_PER_LOG_OVER_TARGET_MPHI2=1.260117245082900e+04
SPLIT_MARGIN_3P0_DM2_PER_LOG_OVER_TARGET_MPHI2=3.229542673823790e+05
CONVENTIONAL_COLLECTIVE_SPLIT_NATURALNESS_AT_2X=FAIL

=== C — IDEAL ISOSPECTRAL ROTATION TARGET MATCH ===
ISOSPECTRAL_M1_EV=1.315513200000000e+03
ISOSPECTRAL_M2_EV=2.631026400000000e+03
ISOSPECTRAL_KAPPA=1.719903590761070e-02
ISOSPECTRAL_BETA_EARTH=3.782475635282053e-03
ISOSPECTRAL_C_RECONSTRUCTED=9.536416387852626e-20
ISOSPECTRAL_C_MATCH_RELERR=0.000000000000000e+00
ISOSPECTRAL_DMINV_ANALYTIC=7.271054418111312e-09
ISOSPECTRAL_DMINV_FINITE_DIFFERENCE=7.271054417974588e-09
ISOSPECTRAL_DERIVATIVE_RELERR=1.880396921639390e-11
ISOSPECTRAL_MAX_EIGENVALUE_REL_DRIFT=4.036184154321803e-16
ISOSPECTRAL_MAX_TR_M2_REL_DRIFT=2.152631548971628e-16
ISOSPECTRAL_MAX_TR_M4_REL_DRIFT=3.068953186755178e-16
IDEAL_ISOSPECTRAL_VECTOR_RESPONSE=PASS
PURE_VECTOR_CW_THETA_DEPENDENCE_FOR_IDEAL_ISOSPECTRAL_SECTOR=ZERO_BY_SPECTRUM

=== BLIND WILDCARD MASS-RATIO DIAGNOSTICS — NOT EVIDENCE ===
WILDCARD_RATIO=1.600000 KAPPA=2.116835604475470e-02 C_RELERR=1.262220698306849e-16 M2_OVER_EFT=3.200000
WILDCARD_RATIO=1.875000 KAPPA=1.802699066991293e-02 C_RELERR=1.262220698306849e-16 M2_OVER_EFT=3.750000
WILDCARD_RATIO=3.125000 KAPPA=1.437072807038752e-02 C_RELERR=2.524441396613699e-16 M2_OVER_EFT=6.250000
WILDCARD_RATIO=0.625000 KAPPA=8.268585344755502e-03 C_RELERR=1.262220698306849e-16 M2_OVER_EFT=1.250000
WILDCARD_RATIO=5.000000 KAPPA=1.343659698317501e-02 C_RELERR=1.262220698306849e-16 M2_OVER_EFT=10.000000
BLIND_WILDCARD_VALUES_USED_AS_EVIDENCE=NO

=== D — ACTUAL 019C BRIDGE CHARGE / ROTATOR AUDIT ===
S_PLUS_CHARGE_B_L=(1, 1)
S_MINUS_CHARGE_B_L=(1, -1)
SPLUS_DAGGER_SMINUS_CHARGE_B_L=(0, -2)
REQUIRED_ROTATOR_CHARGE_B_L=(0, 2)
GAUGE_NEUTRAL_CONTINUOUS_ROTATOR_CAN_MIX_SPLUS_SMINUS=NO
ADDITIONAL_CHARGED_SPURION_REQUIRED=YES
MINIMAL_ABELIAN_PHASE_ONLY_NEUTRAL_ROTATOR_CLASS=STRUCTURALLY_REJECTED

=== E — MINIMAL RENORMALIZABLE SU2 ISOSPECTRAL REPRESENTATION ===
SU2_PHI_SQUARED_IDENTITY_MAX_ABS_ERROR=4.441436381656173e-16
SU2_H_DAGGER_PHI_H=ODD_UNDER_PHI_TO_MINUS_PHI
SU2_H_DAGGER_PHI2_H=ORIENTATION_INDEPENDENT
SU2_EXACT_PHI_Z2_FORBIDS_ORIENTATION_CUBIC=YES
SU2_VECTOR_SPECTRUM_MAX_REL_DRIFT=1.026880976794019e-15
SU2_RENORMALIZABLE_ISOSPECTRAL_REPRESENTATION=PASS

=== F — DIRECT SU2 PNGB / CURRENT TWO-SCALE BOUND ===
EARTH_EXCURSION_F_REL_MIN_EV=3.381262561661828e+10
DIRECT_SU2_C_PHI_ABSOLUTE_UPPER_EV_MINUS3=2.586802740194336e-32
DIRECT_SU2_TARGET_DEFICIT_FACTOR=3.686564978331588e+12
DIRECT_SU2_RELATIVE_ANGLE_AS_5KM_SCALAR=REJECTED_BY_SCALING
BOUND_SCOPE=DIRECT_SU2_CURRENT_COUPLING_WITH_SAME_RELATIVE_ANGLE_AS_ULTRALIGHT_SCALAR

=== 020A1 DECISION ===
020A1_COLLECTIVE_ISOSPECTRAL_VECTOR_REPRESENTATION_GATE=GREEN_NEGATIVE_RESULT
IDEAL_ISOSPECTRAL_CURRENT_KERNEL=SUPPORTED
MINIMAL_ABELIAN_PHASE_ONLY_TREE_SEED=STRUCTURALLY_REJECTED
CONVENTIONAL_EIGENVALUE_SPLIT=REJECTED_BY_ULTRALIGHT_NATURALNESS
MINIMAL_SU2_ISOSPECTRAL_VECTOR_REPRESENTATION=SUPPORTED
DIRECT_SU2_PNGB_CURRENT_PORTAL=REJECTED_BY_TWO_SCALE_SCALING
COMPLETE_MICROSCOPIC_VECTOR_WILSON_UV_WITNESS=NO
CURRENT_KNOWLEDGE_HEURISTIC=APPROXIMATELY_68_PERCENT_NOT_A_PROBABILITY
HEURISTIC_CHANGE=NONE
NEXT=020A2_EXTERNAL_WILSON_TO_SU2_ISOSPECTRAL_ROTATION_COLLECTIVE_TRANSFER_GATE
019A_WILSON_LINE_UV_PROTECTION_WITNESS=RETAINED
019B_ANOMALY_FREE_VECTOR_CURRENT_ENDPOINT=RETAINED
019C_RENORMALIZABLE_VECTOR_HIGGS_MEDIATOR_SECTOR=RETAINED
EXACT_2026_5KM_EXPERIMENTAL_BOUND=DEFER_UNTIL_COMPLETE_PORTAL_EXISTS
REAL_ANTIGRAVITY_MATERIAL=NO
PRACTICAL_ANTIGRAVITY_DEVICE=NO
NEW_PHYSICS_DISCOVERY=NO
CLAIM_CLASSIFICATION=PROJECT_DERIVED_020A1_COLLECTIVE_ISOSPECTRAL_VECTOR_REPRESENTATION_GATE
