=== 021A — SHORT-RANGE ISOTOPE-SIGN WILSON/VECTOR PORTAL PROMOTION GATE ===

=== UPSTREAM SOURCE AUDIT ===
019A_SOURCE_SHA256=27514c58298ccf9ecaa5543a3dc6d4368df7174ae2c55cb1a547adb922b756e7
019A_SOURCE_HASH_MATCH=PASS
019B_SOURCE_SHA256=0812ced28d18a53297e7599d5b508eaff3b4377ebcf955e129c38e8ce2497e74
019B_SOURCE_HASH_MATCH=PASS
019C_SOURCE_SHA256=dfc97a9b9563bdd7bd92b03b679f89e2f0ebfa20bca4e8f94ffdab7c7ea98514
019C_SOURCE_HASH_MATCH=PASS

=== A — ANOMALY-FREE ISOTOPE-SIGN CURRENT ===
BX_ANOMALY_B_B_B=0/1
BX_ANOMALY_B_B_L=0/1
BX_ANOMALY_B_L_L=0/1
BX_ANOMALY_GRAV_GRAV_B=0/1
BX_ANOMALY_GRAV_GRAV_L=0/1
BX_ANOMALY_L_L_L=0/1
BX_ANOMALY_SU2_SU2_B=0/1
BX_ANOMALY_SU2_SU2_L=0/1
BX_ANOMALY_SU3_SU3_B=0/1
BX_ANOMALY_SU3_SU3_L=0/1
BX_ANOMALY_Y_B_B=0/1
BX_ANOMALY_Y_B_L=0/1
BX_ANOMALY_Y_L_L=0/1
BX_ANOMALY_Y_Y_B=0/1
BX_ANOMALY_Y_Y_L=0/1
X_CURRENT_DEFINITION=J_L_MINUS_13_OVER_28_J_B
FE54_X_CHARGE=13/14
FE58_X_CHARGE=-13/14
FE_ISOTOPE_X_TO_OLD_L_MAGNITUDE=1/28
ANOMALY_FREE_B_X_CURRENT=PASS
FE54_FE58_OPPOSITE_SIGN_CURRENT=PASS
SOURCE_PAYLOAD_SCALAR_SIGN=OPPOSITE_REPULSIVE_BY_CONSTRUCTION

=== B — CONSERVED-CURRENT ONE-BODY PREFLIGHT ===
019B_VECTOR_MIXING_FRACTION=2.995751231547952e-11
BX_EXTRA_CHANNEL_INFLATION=4
BX_VECTOR_MIXING_FRACTION_PREFLIGHT=1.198300492619181e-10
BX_VECTOR_MIXING_MARGIN=4.817624194334277e+03
BX_VECTOR_CURRENT_ONE_BODY_MIXING_PREFLIGHT=PASS
COMPLETE_ALL_ORDER_SM_OPERATOR_MIXING=NOT_CLAIMED

=== C — WILSON NONLOCAL CURVATURE BASIN ===
WILSON_POSITIVE_CW_POINTS=280
WILSON_CW_MAX_RECONSTRUCTION_RELERR=0.000000000000000e+00
WILSON_NONLOCAL_PROTECTION=PASS
OPERATING_BACKGROUND_THETA=0

=== D — FINITE-PAYLOAD + MICROSCOPIC PORTAL SCAN ===
GEOMETRY_SCAN_TOTAL=25
GEOMETRY_PRACTICAL_PREFLIGHT_PASSERS=25
PORTAL_SCAN_TOTAL_FINITE_POINTS=84000
PORTAL_FULL_GATE_PASSERS=2635

=== E — ROBUST PARAMETER BASIN ===
ROBUST_PASSER_COUNT=2635
ROBUST_DISTINCT_LAMBDAS=25
ROBUST_RANGE_MIN_M=1.000000000000000e-04
ROBUST_RANGE_MAX_M=1.000000000000000e-01
ROBUST_RANGE_SPAN=1.000000000000000e+03
ROBUST_DISTINCT_N=14
ROBUST_DISTINCT_RHO=20
ROBUST_DISTINCT_MARGINS=3
ROBUST_DISTINCT_G=4
ROBUST_PARAMETER_BASIN=YES

=== F — SELECTED INTERIOR SHORT-RANGE PORTAL POINT ===
SELECTED_RANGE_M=1.000000000000000e-04
SELECTED_M_PHI_EV=1.973269804000000e-03
SELECTED_PAYLOAD_MASS_KG=1.000000000000000e+00
SELECTED_PAYLOAD_THICKNESS_M=1.000000000000000e-04
SELECTED_PAYLOAD_RADIUS_M=1.030064538728505e+00
SELECTED_SOURCE_THICKNESS_M=5.000000000000000e-04
SELECTED_SOURCE_RADIUS_M=1.031064538728505e+00
SELECTED_GAP_M=1.000000000000000e-05
SELECTED_SOURCE_MASS_KG=5.009712841951757e+00
SELECTED_CONTROL_FREE_ENERGY_J=6.391667665953888e+05
SELECTED_RADIAL_TAIL_BOUND=4.993992273873334e-04
SELECTED_FORCE_FACTOR=5.678287405705085e-01
SELECTED_ALPHA_SOURCE_MAG=2.619891050503605e+05
SELECTED_ALPHA_PAYLOAD_MAG=2.619891050503605e+05
SELECTED_ALPHA_PRODUCT_SIGN=NEGATIVE_REPULSIVE
SELECTED_C_TARGET_EV_MINUS3=4.487274563195486e-18
SELECTED_N=3
SELECTED_RHO=2.500000000000000e-01
SELECTED_SCALE_MARGIN=2.500000000000000e+00
SELECTED_G_BRIDGE=7.500000000000000e-01
SELECTED_MU_EV=6.577566000000001e+03
SELECTED_F_EV=9.656337056681162e+08
SELECTED_MESSENGER_MASS_EV=1.644391500000000e+03
SELECTED_VECTOR_MASS_EV=1.644391500000000e+03
SELECTED_P_MASS_EV=1.644391500000000e+03
SELECTED_BRIDGE_VEV_EV=1.550347174100692e+03
SELECTED_LAMBDA_S=5.625000000000000e-01
SELECTED_Y_P=2.896463415833421e-01
SELECTED_KAPPA_P_OVER_M_P=2.896463415833421e-01
SELECTED_D_THETA=2.082969830360040e-02
SELECTED_C_RECONSTRUCTED=4.487274563195485e-18
SELECTED_C_MATCH_RELERR=3.433585205921947e-16
SELECTED_HESSIAN_MIN_FRACTION=4.538376205881166e-01
SELECTED_P_BACKREACTION_MASS2_RATIO=2.603712287950049e-03
SELECTED_VECTOR_HIGGS_BETA_MASS2_RATIO=4.426488475791550e-05
SELECTED_SOURCE_THETA_BOUND=3.672333513409460e-07
SELECTED_ONE_BODY_MIXING_MARGIN=4.817624194334277e+03
SELECTED_POINT_FULL_GATE=PASS

=== G — INDEPENDENT SELECTED-POINT RECONSTRUCTION ===
INDEPENDENT_PAYLOAD_ACCEL_M_S2=9.806649999999987e+00
INDEPENDENT_PAYLOAD_ACCEL_RELERR=1.267965908419466e-15
INDEPENDENT_C_PHI=4.487274563195487e-18
INDEPENDENT_C_PHI_RELERR=1.716792602960973e-16
INDEPENDENT_P_BACKREACTION_RATIO_MP=2.603712287950050e-03
INDEPENDENT_P_BACKREACTION_RELERR=3.331250315184759e-16
INDEPENDENT_VECTOR_HIGGS_BETA_RATIO=4.426448340905263e-05
INDEPENDENT_VECTOR_HIGGS_BETA_RELERR=9.066980859982174e-06
THETA0_LOCAL_WILSON_SELF_RESPONSE=0.000000000000000e+00
INDEPENDENT_RECONSTRUCTION=PASS

=== H — SELECTED-POINT LOCAL ROBUSTNESS ===
LOCAL_NEIGHBOR_TOTAL=12
LOCAL_NEIGHBOR_PASS=12
LOCAL_NEIGHBOR_PASS_FRACTION=1.000000000000000e+00
LOCAL_NEIGHBORHOOD_ROBUSTNESS=PASS

=== BLIND WILDCARD DIAGNOSTICS — NOT EVIDENCE ===
WILDCARD_FACTOR=1.600000 RANGE_M=1.600000000e-04 Y_P=3.257602151e-01 P_NAT=3.293464481e-03 VH_NAT=7.082381561e-05 FULL_GATE=PASS
WILDCARD_FACTOR=1.875000 RANGE_M=1.875000000e-04 Y_P=3.389365195e-01 P_NAT=3.565279883e-03 VH_NAT=8.299665892e-05 FULL_GATE=PASS
WILDCARD_FACTOR=3.125000 RANGE_M=3.125000000e-04 Y_P=3.851062375e-01 P_NAT=4.602756538e-03 VH_NAT=1.383277649e-04 FULL_GATE=PASS
WILDCARD_FACTOR=0.625000 RANGE_M=1.000000000e-04 Y_P=2.896463416e-01 P_NAT=2.603712288e-03 VH_NAT=4.426488476e-05 FULL_GATE=PASS
WILDCARD_FACTOR=5.000000 RANGE_M=5.000000000e-04 Y_P=4.331223039e-01 P_NAT=5.822077670e-03 VH_NAT=2.213244238e-04 FULL_GATE=FAIL
BLIND_WILDCARD_VALUES_USED_AS_EVIDENCE=NO

=== 021A DECISION ===
021A_SHORT_RANGE_ISOTOPE_SIGN_WILSON_VECTOR_PORTAL_GATE=GREEN
NEW_STRUCTURAL_SCALING_MECHANISM=SHORT_RANGE_DUAL_ACTIVATION_PLUS_ISOTOPE_SIGN_INVERSION
ANOMALY_FREE_COMPOSITION_CURRENT=PASS
OPPOSITE_SIGN_NORMAL_MATTER_SOURCE_AND_PAYLOAD=PASS_IN_DECLARED_ISOTOPE_CURRENT_MODEL
FINITE_SOURCE_FINITE_PAYLOAD_1G=PASS
GROUND_REACTION_MOMENTUM_ACCOUNTED=YES
RENORMALIZABLE_LOOP_SEEDED_VECTOR_HIGGS_PORTAL=PASS_AT_EXPLICIT_PARAMETER_POINT
WILSON_NONLOCAL_PROTECTION=PASS
WILSON_MASS_NATURALNESS=PASS
P_BRIDGE_BACKREACTION_NATURALNESS=PASS
VECTOR_HIGGS_CW_RUNNING_NATURALNESS=PASS
ALL_NEW_STATES_ABOVE_2X_MATERIAL_EFT=PASS
BALANCED_PERTURBATIVE_BRIDGE_COUPLINGS=PASS
BRIDGE_SCALAR_LOCAL_STABILITY=PASS
SOURCE_WILSON_EXCURSION=PASS
ONE_BODY_VECTOR_MIXING_PREFLIGHT=PASS
ROBUST_PARAMETER_BASIN=YES
COMPLETE_PROTECTED_MICROSCOPIC_PORTAL_PREFLIGHT=YES_IN_DECLARED_SHORT_RANGE_MODEL
CURRENT_KNOWLEDGE_HEURISTIC=APPROXIMATELY_70_PERCENT_NOT_A_PROBABILITY
HEURISTIC_CHANGE=APPROXIMATELY_68_TO_70_PERCENT_IF_CLAIM_AUDIT_ACCEPTS_021A
NEXT=021B_COMPLETE_OPERATOR_MIXING_SHORT_RANGE_EXPERIMENTAL_AND_ISOTOPE_MATERIAL_GATE
FE54_FE58_STABLE_ISOTOPES=LITERATURE_FACT_NOT_PORTAL_EVIDENCE
DINUCLEAR_FEII_SPIN_CROSSOVER_CLASS=LITERATURE_BACKED_HOST_CLASS
ISOTOPE_ENRICHED_SCO_PRESERVATION=NOT_ESTABLISHED
EXACT_PRESENT_SHORT_RANGE_EXPERIMENTAL_CLOSURE=NOT_YET
COMPLETE_ALL_ORDER_SM_OPERATOR_MIXING=NOT_YET
STELLAR_COSMOLOGICAL_COMPLETION=NOT_ESTABLISHED
REAL_MATERIAL_WITH_REQUIRED_PORTAL=NO
PRACTICAL_ANTIGRAVITY_DEVICE=NO
REACTIONLESS_PROPULSION=NO
NEW_PHYSICS_DISCOVERY=NO
006D_CONSTRUCTIVE_LINEARIZED_GR_RESULT=RETAINED
018B_FIELD_EXISTENCE_RESULT=RETAINED
018C_M2_STABILITY_FALSIFICATION=RETAINED
019A_WILSON_PROTECTION_RESULT=RETAINED
019B_VECTOR_CURRENT_RESULT=RETAINED
019C_5KM_LOOP_SEED_FAILURE=RETAINED_FOR_OLD_TARGET
020A2R_5KM_MINIMAL_CLASS_CLOSEOUT=RETAINED_FOR_OLD_TARGET
CLAIM_CLASSIFICATION=PROJECT_DERIVED_021A_SHORT_RANGE_ISOTOPE_SIGN_WILSON_VECTOR_PORTAL_PROMOTION_GATE
