=== 021B0 — CURRENT-KERNEL + DIRECT-VECTOR + NANORANGE RERANK GATE ===

=== UPSTREAM 021A SOURCE AUDIT ===
021A_SOURCE_SHA256=aedf8be83f17efc6e7e07f8f25630744a41b8ac7aa76909bc5f183f47565e372
021A_EXPECTED_SHA256=aedf8be83f17efc6e7e07f8f25630744a41b8ac7aa76909bc5f183f47565e372
021A_SOURCE_HASH_MATCH=PASS

=== A — REAL DINUCLEAR FORMULA-UNIT BOOKKEEPING ===
HOST_FORMULA=Fe2C40H30N16S4
FORMULA_ELECTRONS=498
FORMULA_BARYONS_FE54=970
FORMULA_BARYONS_FE58=978
FORMULA_C_OPPOSITE_INTEGRATED_CHARGE=249/487
FORMULA_RELATIVE_X_CHARGE=2/487
FORMULA_NORMALIZATION_PENALTY=2.435000000000000e+02
FORMULA_UNIT_RATIONAL_RECONSTRUCTION=PASS

=== B — FINITE-VECTOR COMPOSITE-KERNEL SIGN AUDIT ===
SELECTED_VECTOR_MASS_EV=1.644391500000000e+03
SELECTED_VECTOR_RANGE_FM=1.200000002432511e+05
FE54_BL_KERNEL_ABSOLUTE_UPPER=1.404000000000000e+03
FE54_BB_KERNEL_CONSERVATIVE_LOWER=2.861783654535200e+03
FE54_SCALAR_KERNEL_CHARGE_UPPER=-5.921176587117998e+01
FE58_BL_KERNEL_ABSOLUTE_UPPER=1.508000000000000e+03
FE58_BB_KERNEL_CONSERVATIVE_LOWER=3.305744067543998e+03
FE58_SCALAR_KERNEL_CHARGE_UPPER=-1.822058990112021e+02
FORMULA_CORRECTED_FE54_FE58_KERNEL_OPPOSITE_SIGN_POSSIBLE=NO
FORMULA_CORRECTED_FE_SITE_KERNELS_FORCED_SAME_NEGATIVE_SIGN=YES
OLD_021A_C_13_OVER_28_FE54_KERNEL_UPPER=7.531473182294303e+01
OLD_021A_C_13_OVER_28_FE58_KERNEL_UPPER=-2.680974564542771e+01
INTEGRATED_CHARGE_SIGN_ALONE_SUFFICIENT_FOR_MATERIAL_SCALAR_SIGN=NO

=== C — DIRECT VECTOR ORDINARY-MATTER PREFLIGHT ===
AE_PREFLIGHT_MAX=1.000000000000000e-06
SELECTED_AE_LOOP_INTEGRAL=9.901179338112375e-01
SELECTED_AE_SMALL_M_LIMIT_RELERR=9.882066188762528e-03
SELECTED_DELTA_AE_AT_G=7.053744445260499e-03
SELECTED_G_X_MAX_FROM_LOOSE_AE_PREFLIGHT=8.929998845745303e-03
SELECTED_G_B_MAX_FROM_100PCT_NUCLEAR_BINDING_PREFLIGHT=2.662389735210227e-01
SELECTED_G_MIN_MAX=8.929998845745303e-03
SELECTED_NUCLEAR_SELF_ENERGY_FRACTION_AT_G=7.935590820525612e+00
021A_SELECTED_DIRECT_X_VECTOR_AE_PREFLIGHT=FAIL
021A_SELECTED_DIRECT_B_VECTOR_NUCLEAR_PREFLIGHT=FAIL
DIRECT_VECTOR_AUDIT_BEST_G_MIN_MAX=2.130417072649595e+00
DIRECT_VECTOR_AUDIT_BEST_G_MIN_MASS_EV=1.000000000000000e+08

=== D — OPTIMISTIC WILSON CURVATURE ENVELOPE ===
WILSON_KAPPA_CW_MAX=1.225227213941372e+00
WILSON_KAPPA_CW_MAX_N=3
WILSON_KAPPA_CW_MAX_RHO=2.500000000000000e-01
WILSON_CAPACITY_USES_MAXIMUM_CURVATURE=YES_OPTIMISTIC_UPPER_BOUND

=== E — OLD 021A RANGE ASYMMETRIC-COUPLING CAPACITY ===
OLD_RANGE_BEST_021A_ASSUMPTION_RANGE_M=1.000000000000000e-04
OLD_RANGE_BEST_021A_ASSUMPTION_DEFICIT=7.295228654769960e-06
OLD_RANGE_BEST_FORMULA_RANGE_M=1.000000000000000e-04
OLD_RANGE_BEST_FORMULA_DEFICIT=6.344243490844591e-05
OLD_RANGE_BEST_ORACLE_RANGE_M=1.000000000000000e-04
OLD_RANGE_BEST_ORACLE_DEFICIT=4.855590500739746e-06
021A_100UM_TO_10CM_DIRECT_VECTOR_PORTAL=RETAINS_CAPACITY_POINT

=== F — NANOLAMELLAR CAPACITY ORACLE ===
NANO_BEST_ORACLE_RANGE_M=2.500000000000000e-10
NANO_BEST_ORACLE_DEFICIT=1.213897625184937e-11
NANO_BEST_FORMULA_RANGE_M=2.500000000000000e-10
NANO_BEST_FORMULA_DEFICIT=1.586060872711148e-10
NANO_DEFICIT_POWER_LAW_SLOPE=9.999999999999996e-01
NANO_CROSSING_021A_ASSUMPTION_M=NONE_IN_SCAN
NANO_CROSSING_FORMULA_NORMALIZATION_M=NONE_IN_SCAN
NANO_CROSSING_OPTIMISTIC_ORACLE_M=NONE_IN_SCAN
NANOLAMELLAR_SCALING_ESCAPE=SUPPORTED_AS_CAPACITY_PREFLIGHT

=== G — BEST NANORANGE ORACLE DETAIL ===
BEST_NANO_RANGE_M=2.500000000000000e-10
BEST_NANO_M_PHI_EV=7.893079215999999e+02
BEST_NANO_ALPHA_REQUIRED=1.656964588216524e+08
BEST_NANO_C_TARGET_ORACLE=1.888929650505296e-15
BEST_NANO_C_MAX_OPTIMISTIC=1.556086453515813e-04
BEST_NANO_DEFICIT_ORACLE=1.213897625184937e-11
BEST_NANO_G_X_MAX=8.921236625189288e-03
BEST_NANO_G_B_MAX=2.662369363414828e-01
BEST_NANO_G_MIN_MAX=8.921236625189288e-03
BEST_NANO_LAYER_COUNT=1.333333333333333e+06
BEST_NANO_STACK_HEIGHT_M=5.333333333333333e-03

=== BLIND WILDCARD DIAGNOSTICS — NOT EVIDENCE ===
WILDCARD_FACTOR=1.600000 RANGE_M=4.000000000e-10 ORACLE_DEFICIT=1.942236200e-11 FORMULA_DEFICIT=2.537697396e-10 LAYERS=8.333333333e+05
WILDCARD_FACTOR=1.875000 RANGE_M=4.687500000e-10 ORACLE_DEFICIT=2.276058047e-11 FORMULA_DEFICIT=2.973864136e-10 LAYERS=7.111111111e+05
WILDCARD_FACTOR=3.125000 RANGE_M=7.812500000e-10 ORACLE_DEFICIT=3.793430079e-11 FORMULA_DEFICIT=4.956440227e-10 LAYERS=4.266666667e+05
WILDCARD_FACTOR=0.625000 RANGE_M=2.500000000e-10 ORACLE_DEFICIT=1.213897625e-11 FORMULA_DEFICIT=1.586060873e-10 LAYERS=1.333333333e+06
WILDCARD_FACTOR=5.000000 RANGE_M=1.250000000e-09 ORACLE_DEFICIT=6.069488126e-11 FORMULA_DEFICIT=7.930304364e-10 LAYERS=2.666666667e+05
BLIND_WILDCARD_VALUES_USED_AS_EVIDENCE=NO

=== 021B0 DECISION ===
021B0_CURRENT_KERNEL_DIRECT_VECTOR_AND_NANORANGE_RERANK_GATE=INCOMPLETE_OR_SURVIVING_021A_ASSUMPTION
NEXT=INSPECT_SURVIVING_CONDITION_BEFORE_ESCALATION
CURRENT_KNOWLEDGE_HEURISTIC=APPROXIMATELY_68_PERCENT_NOT_A_PROBABILITY
NANOLAMELLAR_REAL_MATERIAL=NOT_ESTABLISHED
EXACT_2026_DIRECT_VECTOR_EXPERIMENTAL_CLOSURE=NOT_ESTABLISHED_BY_THIS_PREFLIGHT
COMPLETE_MOLECULAR_KERNEL=NOT_ESTABLISHED
COMPLETE_MICROSCOPIC_NANOLAMELLAR_PORTAL=NO
REAL_ANTIGRAVITY_MATERIAL=NO
PRACTICAL_ANTIGRAVITY_DEVICE=NO
REACTIONLESS_PROPULSION=NO
NEW_PHYSICS_DISCOVERY=NO
006D_CONSTRUCTIVE_LINEARIZED_GR_RESULT=RETAINED
018B_FIELD_EXISTENCE_RESULT=RETAINED
018C_M2_STABILITY_FALSIFICATION=RETAINED
019A_WILSON_PROTECTION_RESULT=RETAINED
019B_ANOMALY_FREE_VECTOR_CURRENT_RESULT=RETAINED
019C_VECTOR_HIGGS_MEDIATOR_ALGEBRA=RETAINED
020A2R_5KM_CLOSEOUT=RETAINED
021A_SHORT_RANGE_SCALING_INSIGHT=RETAINED_BUT_PROMOTION_REAUDITED
CLAIM_CLASSIFICATION=PROJECT_DERIVED_021B0_CURRENT_KERNEL_DIRECT_VECTOR_AND_NANORANGE_RERANK_GATE
