=== 022A — ASYMMETRIC VECTOR + MATERIAL SELECTOR + FULL NATURALNESS CLOSEOUT ===

=== UPSTREAM SOURCE AUDIT ===
019A_SOURCE_SHA256=27514c58298ccf9ecaa5543a3dc6d4368df7174ae2c55cb1a547adb922b756e7
019A_SOURCE_HASH_MATCH=PASS
021B0_SOURCE_SHA256=1a4ad7e154ac478789d4ea539d2f3e171dbc6f0cc65039a2d67310c49f96fe9a
021B0_SOURCE_HASH_MATCH=PASS

=== A — EXACT MATERIAL SELECTOR VS CONSERVED-CURRENT ENDPOINT ===
LS_FE_N_ANGSTROM=1.970000000000000e+00
HS_FE_N_ANGSTROM=2.220000000000000e+00
SPIN_CROSSOVER_DELTA_R_ANGSTROM=2.500000000000002e-01
PHONON_HBAR_OMEGA_EV=8.640445276497724e-02
TEMPERATURE_K=7.700000000000000e+01
FE_N_ZERO_POINT_RMS_ANGSTROM=4.647699771727382e-02
FE_N_THERMAL_EXTRA_RMS_ANGSTROM=9.774530512850603e-05
FE_N_TOTAL_RMS_ANGSTROM=4.647710050074285e-02
RMS_TO_SPIN_CROSSOVER_DISPLACEMENT_RATIO=1.859084020029712e-01
LEAKAGE_1P000eM02_MINIMUM_ZERO_ORDER=3
LEAKAGE_1P000eM02_MINIMUM_DISTINCT_KERNEL_SECTORS=4
LEAKAGE_1P000eM04_MINIMUM_ZERO_ORDER=6
LEAKAGE_1P000eM04_MINIMUM_DISTINCT_KERNEL_SECTORS=7
LEAKAGE_5P773eM07_MINIMUM_ZERO_ORDER=9
LEAKAGE_5P773eM07_MINIMUM_DISTINCT_KERNEL_SECTORS=10
Q0_CONSERVED_BARYON_NUMBER_LS_EQUALS_HS=YES
Q0_CONSERVED_LEPTON_NUMBER_LS_EQUALS_HS=YES
BARE_JB_JL_Q0_RESPONSE_IS_STATE_SELECTIVE=NO
010E_EXACT_SELECTOR=B_MATERIAL_TIMES_P_HS1_TIMES_P_HS2
BARE_CONSERVED_CURRENT_ENDPOINT_REPRODUCES_010E_EXACT_SELECTOR=NO
SMOOTH_KERNEL_NODE_REQUIRES_HIGH_MULTISECTOR_ORDER=YES
SMOOTH_KERNEL_NODE_COUNTS_AS_PROTECTED_SELECTOR=NO_WITHOUT_NEW_EXACT_SYMMETRY

=== B — MAXIMUM INHERITED WILSON CURVATURE ===
WILSON_KAPPA_CW_MAX=1.225227213941372e+00
WILSON_KAPPA_CW_MAX_N=3
WILSON_KAPPA_CW_MAX_RHO=2.500000000000000e-01
WILSON_SCAN_CHOICE=MAXIMUM_CURVATURE_OPTIMISTIC_FOR_PORTAL

=== C — ACTUAL ASYMMETRIC 019C PORTAL SCANS ===
IDEAL_LAMBDA_SCALED_FINITE_POINTS=116640
IDEAL_LAMBDA_SCALED_MANDATORY_NATURALNESS_PASSERS=4817
IDEAL_LAMBDA_SCALED_PREFERRED_NATURALNESS_PASSERS=1035
IDEAL_LAMBDA_SCALED_BEST_MAX_NATURALNESS_RATIO=1.096854797601685e-02
IDEAL_LAMBDA_SCALED_BEST_RANGE_M=9.999999999999999e-12
IDEAL_LAMBDA_SCALED_BEST_P_BACKREACTION_RATIO=1.096854797601685e-02
IDEAL_LAMBDA_SCALED_BEST_VECTOR_HIGGS_RATIO=1.734307722321381e-06
IDEAL_LAMBDA_SCALED_BEST_Y_P=4.735467250815034e-13
IDEAL_LAMBDA_SCALED_BEST_R_P=5.112308929257726e-03
IDEAL_LAMBDA_SCALED_BEST_G_X=8.475174793929823e-03
IDEAL_LAMBDA_SCALED_BEST_G_B=5.324738726829656e-02
ATOMIC_OPTIMISTIC_FINITE_POINTS=116640
ATOMIC_OPTIMISTIC_MANDATORY_NATURALNESS_PASSERS=864
ATOMIC_OPTIMISTIC_PREFERRED_NATURALNESS_PASSERS=0
ATOMIC_OPTIMISTIC_BEST_MAX_NATURALNESS_RATIO=3.237834452969533e-01
ATOMIC_OPTIMISTIC_BEST_RANGE_M=1.813121744207744e-10
ATOMIC_OPTIMISTIC_BEST_P_BACKREACTION_RATIO=3.237834452969533e-01
ATOMIC_OPTIMISTIC_BEST_VECTOR_HIGGS_RATIO=5.119548464994251e-05
ATOMIC_OPTIMISTIC_BEST_Y_P=1.095542098874433e-11
ATOMIC_OPTIMISTIC_BEST_R_P=5.112308929257726e-03
ATOMIC_OPTIMISTIC_BEST_G_X=8.475174793929823e-03
ATOMIC_OPTIMISTIC_BEST_G_B=5.324738726829656e-02
MOLECULAR_OPTIMISTIC_FINITE_POINTS=116640
MOLECULAR_OPTIMISTIC_MANDATORY_NATURALNESS_PASSERS=0
MOLECULAR_OPTIMISTIC_PREFERRED_NATURALNESS_PASSERS=0
MOLECULAR_OPTIMISTIC_BEST_MAX_NATURALNESS_RATIO=1.267972011703799e+00
MOLECULAR_OPTIMISTIC_BEST_RANGE_M=6.441525999493224e-10
MOLECULAR_OPTIMISTIC_BEST_P_BACKREACTION_RATIO=1.267972011703799e+00
MOLECULAR_OPTIMISTIC_BEST_VECTOR_HIGGS_RATIO=2.004872163930533e-04
MOLECULAR_OPTIMISTIC_BEST_Y_P=4.086368084057692e-11
MOLECULAR_OPTIMISTIC_BEST_R_P=5.112308929257726e-03
MOLECULAR_OPTIMISTIC_BEST_G_X=8.475174793929823e-03
MOLECULAR_OPTIMISTIC_BEST_G_B=5.324738726829656e-02

=== D — LEAST-BAD MOLECULAR-OPTIMISTIC POINT ===
MOLECULAR_BEST_GEOMETRY=MOLECULAR_OPTIMISTIC
MOLECULAR_BEST_RANGE_M=6.441525999493224e-10
MOLECULAR_BEST_M_PHI_EV=3.063357664247949e+02
MOLECULAR_BEST_FORCE_FACTOR=3.164066527462724e-01
MOLECULAR_BEST_ALPHA_REQUIRED=1.382848908957416e+08
MOLECULAR_BEST_C_TARGET=8.458943267772330e-17
MOLECULAR_BEST_G_X=8.475174793929823e-03
MOLECULAR_BEST_G_B=5.324738726829656e-02
MOLECULAR_BEST_G_X_CEILING_ACTUAL=8.921236625189288e-03
MOLECULAR_BEST_G_B_CEILING_ACTUAL=2.662799872814686e-01
MOLECULAR_BEST_V_EV=1.097568282752892e+05
MOLECULAR_BEST_M_X_EV=1.315513200000000e+03
MOLECULAR_BEST_M_B_EV=8.265037892448698e+03
MOLECULAR_BEST_LAMBDA_S=7.182858778766344e-05
MOLECULAR_BEST_M_RADIAL_EV=1.315513200000000e+03
MOLECULAR_BEST_M_P_EV=6.577566000000001e+03
MOLECULAR_BEST_MU_EV=4.115419461936460e+15
MOLECULAR_BEST_F_EV=2.435000000000000e+27
MOLECULAR_BEST_R_P_MAX_HESSIAN=5.163948413391642e-03
MOLECULAR_BEST_R_P=5.112308929257726e-03
MOLECULAR_BEST_Y_P=4.086368084057692e-11
MOLECULAR_BEST_D_THETA=4.962587420085628e+21
MOLECULAR_BEST_HESSIAN_MIN_FRACTION=2.644942679923381e-01
MOLECULAR_BEST_P_BACKREACTION_RATIO=1.267972011703799e+00
MOLECULAR_BEST_VECTOR_HIGGS_RATIO=2.004872163930533e-04
MOLECULAR_BEST_MAX_NATURALNESS_RATIO=1.267972011703799e+00
MOLECULAR_BEST_DIRECT_BOUNDS_PASS=YES
MOLECULAR_BEST_PERTURBATIVITY_PASS=YES
MOLECULAR_BEST_MANDATORY_NATURALNESS_PASS=NO
MOLECULAR_BEST_PREFERRED_NATURALNESS_PASS=NO

=== E — LEAST-BAD ATOMIC-OPTIMISTIC POINT ===
ATOMIC_BEST_GEOMETRY=ATOMIC_OPTIMISTIC
ATOMIC_BEST_RANGE_M=1.813121744207744e-10
ATOMIC_BEST_M_PHI_EV=1.088327251219545e+03
ATOMIC_BEST_FORCE_FACTOR=3.487697708450532e-01
ATOMIC_BEST_ALPHA_REQUIRED=2.482612944190834e+08
ATOMIC_BEST_C_TARGET=1.518624479848665e-16
ATOMIC_BEST_G_X=8.475174793929823e-03
ATOMIC_BEST_G_B=5.324738726829656e-02
ATOMIC_BEST_G_X_CEILING_ACTUAL=8.921236625189288e-03
ATOMIC_BEST_G_B_CEILING_ACTUAL=2.662799872814686e-01
ATOMIC_BEST_V_EV=1.097568282752892e+05
ATOMIC_BEST_M_X_EV=1.315513200000000e+03
ATOMIC_BEST_M_B_EV=8.265037892448698e+03
ATOMIC_BEST_LAMBDA_S=7.182858778766344e-05
ATOMIC_BEST_M_RADIAL_EV=1.315513200000000e+03
ATOMIC_BEST_M_P_EV=6.577566000000001e+03
ATOMIC_BEST_MU_EV=7.757021691868664e+15
ATOMIC_BEST_F_EV=2.435000000000000e+27
ATOMIC_BEST_R_P_MAX_HESSIAN=5.163948413391642e-03
ATOMIC_BEST_R_P=5.112308929257726e-03
ATOMIC_BEST_Y_P=1.095542098874433e-11
ATOMIC_BEST_D_THETA=8.909276845777638e+21
ATOMIC_BEST_HESSIAN_MIN_FRACTION=2.644942679923381e-01
ATOMIC_BEST_P_BACKREACTION_RATIO=3.237834452969533e-01
ATOMIC_BEST_VECTOR_HIGGS_RATIO=5.119548464994251e-05
ATOMIC_BEST_MAX_NATURALNESS_RATIO=3.237834452969533e-01
ATOMIC_BEST_DIRECT_BOUNDS_PASS=YES
ATOMIC_BEST_PERTURBATIVITY_PASS=YES
ATOMIC_BEST_MANDATORY_NATURALNESS_PASS=YES
ATOMIC_BEST_PREFERRED_NATURALNESS_PASS=NO

=== F — RANGE SCALING DIAGNOSTIC ===
IDEAL_LAMBDA_SCALED_RANGE_ENVELOPE_MIN_RATIO=1.096854797601685e-02
IDEAL_LAMBDA_SCALED_RANGE_ENVELOPE_MIN_AT_M=9.999999999999999e-12
IDEAL_LAMBDA_SCALED_NATURALNESS_POWER_LAW_SLOPE=9.999999999999981e-01
ATOMIC_OPTIMISTIC_RANGE_ENVELOPE_MIN_RATIO=3.237834452969533e-01
ATOMIC_OPTIMISTIC_RANGE_ENVELOPE_MIN_AT_M=1.813121744207744e-10
ATOMIC_OPTIMISTIC_NATURALNESS_POWER_LAW_SLOPE=9.999999999999981e-01
MOLECULAR_OPTIMISTIC_RANGE_ENVELOPE_MIN_RATIO=1.267972011703799e+00
MOLECULAR_OPTIMISTIC_RANGE_ENVELOPE_MIN_AT_M=6.441525999493224e-10
MOLECULAR_OPTIMISTIC_NATURALNESS_POWER_LAW_SLOPE=9.781668304763751e-01

=== BLIND WILDCARD DIAGNOSTICS — NOT EVIDENCE ===
WILDCARD_FACTOR=1.600000 RANGE_M=1.109031343e-09 MAX_NAT=1.442590003e+00 P_BACK=1.442590003e+00 VH=2.280971910e-04 MANDATORY=FAIL
WILDCARD_FACTOR=1.875000 RANGE_M=1.109031343e-09 MAX_NAT=1.442590003e+00 P_BACK=1.442590003e+00 VH=2.280971910e-04 MANDATORY=FAIL
WILDCARD_FACTOR=3.125000 RANGE_M=1.909408609e-09 MAX_NAT=2.217448223e+00 P_BACK=2.217448223e+00 VH=3.506150116e-04 MANDATORY=FAIL
WILDCARD_FACTOR=0.625000 RANGE_M=3.741396261e-10 MAX_NAT=1.502560065e+00 P_BACK=1.502560065e+00 VH=2.375794435e-04 MANDATORY=FAIL
WILDCARD_FACTOR=5.000000 RANGE_M=3.287410459e-09 MAX_NAT=3.605811934e+00 P_BACK=3.605811934e+00 VH=5.701381346e-04 MANDATORY=FAIL
BLIND_WILDCARD_VALUES_USED_AS_EVIDENCE=NO

=== H — INDEPENDENT ALGEBRA CHECKS ===
INDEPENDENT_C_RECONSTRUCTED=8.458943267772330e-17
INDEPENDENT_C_MATCH_RELERR=0.000000000000000e+00
INDEPENDENT_P_BACKREACTION_RATIO=1.267972011703798e+00
INDEPENDENT_P_BACKREACTION_RELERR=1.751179070795621e-16
INDEPENDENT_RECONSTRUCTION=PASS

=== 022A DECISION ===
022A_ASYMMETRIC_VECTOR_MATERIAL_SELECTOR_AND_NATURALNESS_CLOSEOUT=GREEN_NEGATIVE_RESULT
BARE_CONSERVED_CURRENT_MATERIAL_SELECTOR=REJECTED_AS_010E_SELECTOR_UV_COMPLETION
REASON_SELECTOR=Q0_UNIVERSALITY_PLUS_HIGH_ORDER_FLUCTUATION_SENSITIVE_KERNEL_NODE
ASYMMETRIC_019C_SHORT_RANGE_MICROSCOPIC_PORTAL=REJECTED_IN_MOLECULAR_OPTIMISTIC_GEOMETRY
REASON_PORTAL=P_BACKREACTION_OR_OTHER_MANDATORY_NATURALNESS_BEFORE_MATERIAL_SCALE
021B0_OPTIMISTIC_CAPACITY_SURPLUS=NOT_A_REALIZED_PORTAL_AFTER_MANDATORY_BACKREACTION
PROTECTED_VECTOR_CURRENT_PRACTICALITY_BRANCH=CLOSED_IN_TESTED_SHORT_RANGE_CLASSES
GLOBAL_RERANK=REQUIRED
NEXT=023A_INTRINSICALLY_STABLE_SOLITON_TOPOLOGY_AND_NANOSTANDOFF_GR_GATE
CURRENT_KNOWLEDGE_HEURISTIC=APPROXIMATELY_68_PERCENT_NOT_A_PROBABILITY
HEURISTIC_CHANGE=NONE_NEGATIVE_CLOSEOUT_INCREASES_INFORMATION_NOT_DEVICE_MATURITY
EXACT_2026_DIRECT_VECTOR_EXPERIMENTAL_FIT=NOT_DONE_BY_THIS_GATE
REAL_MATERIAL_WITH_NEW_FORCE=NO
PRACTICAL_ANTIGRAVITY_DEVICE=NO
REACTIONLESS_PROPULSION=NO
NEW_PHYSICS_DISCOVERY=NO
006D_CONSTRUCTIVE_LINEARIZED_GR_RESULT=RETAINED
018B_FIELD_EXISTENCE_RESULT=RETAINED
018C_M2_STABILITY_FALSIFICATION=RETAINED
019A_WILSON_PROTECTION_RESULT=RETAINED
019B_VECTOR_CURRENT_EFT_ESCAPE=RETAINED_AS_EFT_RESULT_NOT_MATERIAL_SELECTOR
019C_VECTOR_HIGGS_MEDIATOR_ALGEBRA=RETAINED
020A2R_5KM_CLOSEOUT=RETAINED
021A_SHORT_RANGE_SCALING_INSIGHT=RETAINED_AS_SCALING_INSIGHT_NOT_PROMOTION
021B0_CAPACITY_RESULT=RETAINED_AS_OPTIMISTIC_UPPER_BOUND
CLAIM_CLASSIFICATION=PROJECT_DERIVED_022A_ASYMMETRIC_VECTOR_MATERIAL_SELECTOR_AND_NATURALNESS_CLOSEOUT
