=== 023A — TOPOLOGICAL FALSE-CORE MULTISKYRMION GR-REPULSION GATE ===

=== UPSTREAM FRONTIER AUDIT ===
022A_SOURCE_SHA256=fbdc971e6c61bde7a36ac84360adec208222aa10d3bfbc4bd9659039cefb66dc
022A_SOURCE_HASH_MATCH=PASS
018B_FIELD_EXISTENCE_RESULT=RETAINED
018C_M2_STABILITY_FALSIFICATION=RETAINED
022A_PROTECTED_VECTOR_BRANCH_CLOSEOUT=RETAINED

=== A — ACTIVE-SOURCE DERIVATIVE-ORDER THEOREM ===
ACTIVE_SOURCE_GENERAL_FORM=S_N_EQUALS_N_MINUS_2_TIMES_E_N
SIGMA_MODEL_QUADRATIC_ACTIVE_SOURCE=ZERO
SKYRME_QUARTIC_ACTIVE_SOURCE=PLUS_2_E4
NONNEGATIVE_POTENTIAL_ACTIVE_SOURCE=MINUS_2_V
ACTIVE_SOURCE_DERIVATIVE_ORDER_THEOREM=PASS_ANALYTIC

=== B — FALSE-CORE POTENTIAL ANALYTIC AUDIT ===
TRUE_VACUUM_F_EQUALS_0=PASS
POSITIVE_FALSE_VACUUM_F_EQUALS_PI=PASS
POTENTIAL_NONNEGATIVE_ON_0_TO_PI=PASS
FALSE_CORE_POTENTIAL=PASS
POTENTIAL_EQUIVALENT_TWO_MASS_MAPPING=M2SQ_EQUALS_ETA_M_SQUARED_AND_M1SQ_EQUALS_2_ONE_MINUS_ETA_M_SQUARED

=== C — B<=8 RATIONAL-MAP EULER-LAGRANGE SCAN ===
RATIONAL_MAP_TOTAL_BVP_PROFILES=160
RATIONAL_MAP_CONVERGED_PROFILES=160
NEGATIVE_ACTIVE_CORE_CANDIDATES=19
FULL_023A_CAPACITY_PASSERS=19
B1_BEST_MIN_ENCLOSED_ACTIVE_FRACTION=-1.075162203541793e-14
B1_BEST_ETA=3.600000000000000e-01
B1_BEST_M=8.000000000000000e+00
B2_BEST_MIN_ENCLOSED_ACTIVE_FRACTION=-1.513775480262272e-04
B2_BEST_ETA=3.600000000000000e-01
B2_BEST_M=8.000000000000000e+00
B3_BEST_MIN_ENCLOSED_ACTIVE_FRACTION=-1.852239385424845e-03
B3_BEST_ETA=3.600000000000000e-01
B3_BEST_M=8.000000000000000e+00
B4_BEST_MIN_ENCLOSED_ACTIVE_FRACTION=-5.421111610324776e-03
B4_BEST_ETA=3.600000000000000e-01
B4_BEST_M=8.000000000000000e+00
B5_BEST_MIN_ENCLOSED_ACTIVE_FRACTION=-1.010847172844587e-02
B5_BEST_ETA=3.600000000000000e-01
B5_BEST_M=8.000000000000000e+00
B6_BEST_MIN_ENCLOSED_ACTIVE_FRACTION=-1.533492215907200e-02
B6_BEST_ETA=3.600000000000000e-01
B6_BEST_M=8.000000000000000e+00
B7_BEST_MIN_ENCLOSED_ACTIVE_FRACTION=-2.076305928092766e-02
B7_BEST_ETA=3.600000000000000e-01
B7_BEST_M=8.000000000000000e+00
B8_BEST_MIN_ENCLOSED_ACTIVE_FRACTION=-2.620594985376379e-02
B8_BEST_ETA=3.600000000000000e-01
B8_BEST_M=8.000000000000000e+00

=== D — SELECTED TOPOLOGICAL FALSE-CORE POINT ===
SELECTED_B=8
SELECTED_ETA=4.000000000000000e-01
SELECTED_M=8.000000000000000e+00
SELECTED_I=8.192000000000000e+01
SELECTED_I_OVER_B2=1.280000000000000e+00
SELECTED_M1_SQUARED_MAPPING=7.680000000000000e+01
SELECTED_M2_SQUARED_MAPPING=2.560000000000000e+01
SELECTED_TRUE_VACUUM_CURVATURE=8.959999999999999e+01
SELECTED_FALSE_VACUUM_ENERGY=7.680000000000000e+01
SELECTED_FALSE_VACUUM_CURVATURE=1.280000000000001e+01
SELECTED_FALSE_VACUUM_DIMENSIONLESS_MARGIN=2.000000000000002e-01
SELECTED_BVP_SUCCESS=YES
SELECTED_BVP_MESSAGE=The_algorithm_converged_to_the_desired_accuracy.
SELECTED_BVP_MAX_RMS_RESIDUAL=1.969753925521402e-05
SELECTED_TOPOLOGICAL_CHARGE=8.000000000000000e+00
SELECTED_TOPOLOGICAL_CHARGE_RELERR=0.000000000000000e+00
SELECTED_E2=1.532853592767438e+01
SELECTED_E4=1.177137139802415e+02
SELECTED_E0=3.412839772338313e+01
SELECTED_TOTAL_ENERGY=1.671706476312990e+02
SELECTED_VIRIAL_RELERR=9.043203752304155e-08
SELECTED_TOTAL_ACTIVE_TO_ENERGY_RELERR=8.573256362609527e-07
SELECTED_MIN_ENCLOSED_ACTIVE_FRACTION=-2.469538451517482e-02
SELECTED_MIN_ENCLOSED_ACTIVE_RADIUS=4.932886926128898e-01
SELECTED_NEGATIVE_ACTIVE_OUTER_RADIUS=5.998240096121761e-01
SELECTED_SHELL_RADIUS_F_PI_OVER_2=8.911288434903769e-01
SELECTED_MIN_BINARY_FISSION_MARGIN=3.891033792516657e-03
SELECTED_PAYLOAD_CENTER=4.462766613579414e-01
SELECTED_PAYLOAD_RADIUS=1.782257686980754e-02
SELECTED_PAYLOAD_RADIUS_OVER_SHELL=2.000000000000000e-02
SELECTED_FINITE_PAYLOAD_OUTWARD_KERNEL=1.124947427679500e-01
SELECTED_MONOPOLE_PAYLOAD_C=4.463334359981422e+01
SELECTED_MONOPOLE_POINT_C=4.454632713832876e+01
SELECTED_FINITE_PAYLOAD_MONOPOLE_OUTWARD=YES

=== E — INDEPENDENT VARIATIONAL SIGN RECONSTRUCTION ===
TRIAL_R=8.584677745735788e-01
TRIAL_P=3.392013429169860e+00
TRIAL_ENERGY=1.743218889512812e+02
BVP_ENERGY=1.671706476312990e+02
BVP_ENERGY_NOT_ABOVE_VARIATIONAL_TRIAL=PASS
TRIAL_MIN_ENCLOSED_ACTIVE_FRACTION=-3.445826821756664e-02
TRIAL_VIRIAL_RELERR=1.158370607014801e-05
VARIATIONAL_AND_BVP_NEGATIVE_ACTIVE_SIGN_AGREE=PASS
VARIATIONAL_INDEPENDENT_SIGN_RECONSTRUCTION=PASS

=== F — ROBUSTNESS AUDIT ===
ROBUSTNESS_PASS_COUNT=14
ROBUSTNESS_TOTAL_COUNT=17
ROBUSTNESS_PASS_FRACTION=8.235294117647058e-01
ROBUSTNESS_WORST_BINARY_FISSION_MARGIN=5.313568236614681e-04
ROBUST_PARAMETER_BASIN=YES

=== BLIND WILDCARD MASS DIAGNOSTICS — NOT EVIDENCE ===
WILDCARD_FACTOR=1.600000 M=1.280000000e+01 SUCCESS=YES MIN_ACTIVE_FRACTION=-2.710876810e-02 VIRIAL=1.519340595e-08
WILDCARD_FACTOR=1.875000 M=1.500000000e+01 SUCCESS=YES MIN_ACTIVE_FRACTION=-2.775030553e-02 VIRIAL=2.905108143e-08
WILDCARD_FACTOR=3.125000 M=2.000000000e+01 SUCCESS=YES MIN_ACTIVE_FRACTION=-2.872485108e-02 VIRIAL=1.752463441e-08
WILDCARD_FACTOR=0.625000 M=5.000000000e+00 SUCCESS=YES MIN_ACTIVE_FRACTION=-2.140759989e-02 VIRIAL=7.646571852e-09
WILDCARD_FACTOR=5.000000 M=2.000000000e+01 SUCCESS=YES MIN_ACTIVE_FRACTION=-2.872485108e-02 VIRIAL=1.752463441e-08
BLIND_WILDCARD_VALUES_USED_AS_EVIDENCE=NO

=== 023A DECISION ===
TOPOLOGICAL_CHARGE=PASS
RATIONAL_MAP_BVP=PASS
DERRICK_VIRIAL=PASS
BINARY_FISSION_PREFLIGHT=PASS
NEGATIVE_ENCLOSED_ACTIVE_MASS=PASS
POSITIVE_FAR_ACTIVE_MASS=PASS
FINITE_PAYLOAD_MONOPOLE_OUTWARD=PASS
023A_TOPOLOGICAL_FALSE_CORE_MULTISKYRMION_GR_REPULSION_GATE=GREEN
TOPOLOGICALLY_STABILIZED_REPULSIVE_MONOPOLE_CAPACITY_PREFLIGHT=SUPPORTED
INTRINSIC_STABILITY_PRINCIPLE=TOPOLOGICAL_CHARGE_PLUS_SKYRME_DERRICK_STABILIZATION
SPATIAL_ACTIVE_STRESS_SEGREGATION=FALSE_CORE_NEGATIVE_ACTIVE_PLUS_SKYRME_SHELL_POSITIVE_ACTIVE
B_LE_8_BOUND_MULTISKYRMION_PREFLIGHT=SUPPORTED
FULL_3D_STABILITY=NOT_YET
FULL_3D_FINITE_PAYLOAD_GRAVITY=NOT_YET
NEXT=023B_FULL_3D_FALSE_CORE_MULTISKYRMION_T_MUNU_GRAVITY_STABILITY_GATE
CURRENT_KNOWLEDGE_HEURISTIC=APPROXIMATELY_68_PERCENT_NOT_A_PROBABILITY
HEURISTIC_CHANGE=NONE_UNTIL_FULL_3D_TOPOLOGICAL_FIELD_AND_GRAVITY_RECONSTRUCTION
SKYRME_MODEL_DEC=LITERATURE_SUPPORTED_FOR_STANDARD_POSITIVE_SIGN_L2_L4
NONNEGATIVE_POTENTIAL_DEC=PASS_ANALYTIC
POINTWISE_3D_DEC_RECONSTRUCTION=DEFER_TO_023B
EXTERIOR_REPULSIVE_FIELD=NO_POSITIVE_TOTAL_ACTIVE_MASS_IMPLIES_ATTRACTIVE_MONOPOLE_FAR_FIELD
PAYLOAD_LOCATION=INTERIOR_TO_TOPOLOGICAL_FIELD_CONFIGURATION
PAYLOAD_DIRECT_NON_GRAVITATIONAL_COUPLING=NOT_TESTED_TEST_BODY_ASSUMPTION
NONLINEAR_EINSTEIN_MATTER=NOT_ESTABLISHED
PRACTICAL_ENERGY_SCALING=STILL_CATASTROPHIC_IN_PURE_GR
REAL_MATERIAL=NO
PRACTICAL_ANTIGRAVITY_DEVICE=NO
NEW_PHYSICS_DISCOVERY=NO
006D_CONSTRUCTIVE_LINEARIZED_GR_RESULT=RETAINED
018B_FIELD_EXISTENCE_RESULT=RETAINED
018C_KLS_M2_STABILITY_FAILURE=RETAINED
022A_PROTECTED_VECTOR_CLOSEOUT=RETAINED
CLAIM_CLASSIFICATION=PROJECT_DERIVED_023A_TOPOLOGICAL_FALSE_CORE_MULTISKYRMION_GR_REPULSION_GATE
