=== 023BR — PROMOTION-GRADE EXACT-MAP ROBUSTNESS REPAIR ===

=== A — UPSTREAM 023A/023B SOURCE + LOG AUDIT ===
023A_SOURCE_SHA256=0087a5d2b4f93667308cabf4c3c498200ed29381e9493acf21714df7d8e11c9b
023A_EXPECTED_SHA256=0087a5d2b4f93667308cabf4c3c498200ed29381e9493acf21714df7d8e11c9b
023B_SOURCE_SHA256=6bf99785e67cfe1b2dfcb460bc3145a24115e25949e112f8480a89c880a2803c
023B_EXPECTED_SHA256=6bf99785e67cfe1b2dfcb460bc3145a24115e25949e112f8480a89c880a2803c
UPSTREAM_023B_SOURCE_AUDIT=PASS

=== B — EXACT-I ALL-PASSER MAXIMIN ROBUSTNESS RERANK ===
EXACT_I_PROMOTION_PASSERS_RECONSTRUCTED=10
BVP_PROFILE_CACHE_ENTRIES_AFTER_BASIN=160
EXACT_I_BASIN=PASS
BVP_PROFILE_CACHE_CLEARED_AFTER_BASIN=YES
CENTRAL_MAXIMIN_BOUND_1=B=7 ETA=4.000000000e-01 M=8.000000000e+00 CENTRAL_ACTIVE=-1.852723831e-02 CENTRAL_FISSION=3.355363352e-02 ROBUST_MAXIMIN_UPPER_BOUND=1.852723831e+00
CENTRAL_MAXIMIN_BOUND_2=B=7 ETA=4.000000000e-01 M=5.000000000e+00 CENTRAL_ACTIVE=-1.593874258e-02 CENTRAL_FISSION=3.642094363e-02 ROBUST_MAXIMIN_UPPER_BOUND=1.593874258e+00
CENTRAL_MAXIMIN_BOUND_3=B=7 ETA=5.000000000e-01 M=8.000000000e+00 CENTRAL_ACTIVE=-1.541554825e-02 CENTRAL_FISSION=3.648469494e-02 ROBUST_MAXIMIN_UPPER_BOUND=1.541554825e+00
CENTRAL_MAXIMIN_BOUND_4=B=6 ETA=4.000000000e-01 M=5.000000000e+00 CENTRAL_ACTIVE=-1.455040428e-02 CENTRAL_FISSION=4.924726044e-03 ROBUST_MAXIMIN_UPPER_BOUND=1.455040428e+00
CENTRAL_MAXIMIN_BOUND_5=B=6 ETA=5.000000000e-01 M=8.000000000e+00 CENTRAL_ACTIVE=-1.419942682e-02 CENTRAL_FISSION=4.213301910e-03 ROBUST_MAXIMIN_UPPER_BOUND=1.419942682e+00
CENTRAL_MAXIMIN_BOUND_6=B=7 ETA=5.000000000e-01 M=5.000000000e+00 CENTRAL_ACTIVE=-1.316633804e-02 CENTRAL_FISSION=3.917106453e-02 ROBUST_MAXIMIN_UPPER_BOUND=1.316633804e+00
CENTRAL_MAXIMIN_BOUND_7=B=7 ETA=4.000000000e-01 M=3.000000000e+00 CENTRAL_ACTIVE=-1.239073002e-02 CENTRAL_FISSION=3.985133531e-02 ROBUST_MAXIMIN_UPPER_BOUND=1.239073002e+00
CENTRAL_MAXIMIN_BOUND_8=B=6 ETA=5.000000000e-01 M=5.000000000e+00 CENTRAL_ACTIVE=-1.195476900e-02 CENTRAL_FISSION=7.807484155e-03 ROBUST_MAXIMIN_UPPER_BOUND=1.195476900e+00
CENTRAL_MAXIMIN_BOUND_9=B=6 ETA=4.000000000e-01 M=3.000000000e+00 CENTRAL_ACTIVE=-1.108912013e-02 CENTRAL_FISSION=9.688779467e-03 ROBUST_MAXIMIN_UPPER_BOUND=1.108912013e+00
CENTRAL_MAXIMIN_BOUND_10=B=7 ETA=5.000000000e-01 M=3.000000000e+00 CENTRAL_ACTIVE=-1.013233103e-02 CENTRAL_FISSION=4.120303607e-02 ROBUST_MAXIMIN_UPPER_BOUND=1.013233103e+00
MAXIMIN_FULL_ROBUSTNESS_EVALUATIONS=1
MAXIMIN_RIGOROUSLY_PRUNED_CANDIDATES=9
BVP_PROFILE_CACHE_ENTRIES_AFTER_MAXIMIN=120
MAXIMIN_EVALUATED_1=B=7 ETA=4.000000000e-01 M=8.000000000e+00 WORST_ACTIVE=-1.620907900e-02 WORST_FISSION=3.142055829e-02 PAYLOAD_ALL=YES ACTIVE_RATIO=1.620907900e+00 FISSION_RATIO=1.571027915e+01 MAXIMIN=1.620907900e+00
MAXIMIN_PRUNED_1=B=7 ETA=4.000000000e-01 M=5.000000000e+00 CENTRAL_UPPER_BOUND=1.593874258e+00 CANNOT_BEAT_SELECTED_SCORE=YES
MAXIMIN_PRUNED_2=B=7 ETA=5.000000000e-01 M=8.000000000e+00 CENTRAL_UPPER_BOUND=1.541554825e+00 CANNOT_BEAT_SELECTED_SCORE=YES
MAXIMIN_PRUNED_3=B=6 ETA=4.000000000e-01 M=5.000000000e+00 CENTRAL_UPPER_BOUND=1.455040428e+00 CANNOT_BEAT_SELECTED_SCORE=YES
MAXIMIN_PRUNED_4=B=6 ETA=5.000000000e-01 M=8.000000000e+00 CENTRAL_UPPER_BOUND=1.419942682e+00 CANNOT_BEAT_SELECTED_SCORE=YES
MAXIMIN_PRUNED_5=B=7 ETA=5.000000000e-01 M=5.000000000e+00 CENTRAL_UPPER_BOUND=1.316633804e+00 CANNOT_BEAT_SELECTED_SCORE=YES
MAXIMIN_PRUNED_6=B=7 ETA=4.000000000e-01 M=3.000000000e+00 CENTRAL_UPPER_BOUND=1.239073002e+00 CANNOT_BEAT_SELECTED_SCORE=YES
MAXIMIN_PRUNED_7=B=6 ETA=5.000000000e-01 M=5.000000000e+00 CENTRAL_UPPER_BOUND=1.195476900e+00 CANNOT_BEAT_SELECTED_SCORE=YES
MAXIMIN_PRUNED_8=B=6 ETA=4.000000000e-01 M=3.000000000e+00 CENTRAL_UPPER_BOUND=1.108912013e+00 CANNOT_BEAT_SELECTED_SCORE=YES
MAXIMIN_PRUNED_9=B=7 ETA=5.000000000e-01 M=3.000000000e+00 CENTRAL_UPPER_BOUND=1.013233103e+00 CANNOT_BEAT_SELECTED_SCORE=YES
MAXIMIN_BRANCH_AND_BOUND_PROOF=PASS
MAXIMIN_SELECTED_B=7
MAXIMIN_SELECTED_ETA=4.000000000000000e-01
MAXIMIN_SELECTED_M=8.000000000000000e+00
MAXIMIN_SELECTED_SCORE=1.620907899959348e+00
ROBUST_WORST_ACTIVE_FRACTION=-1.620907899959349e-02
ROBUST_WORST_FISSION_MARGIN=3.142055829320160e-02
ROBUST_CASE_PASS_COUNT=17
ROBUST_CASE_TOTAL_COUNT=17
ROBUST_PAYLOAD_ALL_CASES=PASS
MAXIMIN_SELECTED_CANDIDATE=FOUND
ROBUST_ACTIVE_STRENGTH_THRESHOLD=PASS
ROBUST_FISSION_THRESHOLD=PASS
MAXIMIN_SELECTED_B7=PASS

=== C — EXACT B7 MAP + DIRECT-I PROFILE ===
B7_MAP_DEGREE=6.999999999999997e+00
B7_MAP_DEGREE_RELERR=3.806478941571965e-16
B7_MAP_I_DIRECT=6.086804239712510e+01
B7_MAP_I_LITERATURE=6.087000000000000e+01
B7_MAP_I_RELERR=3.216038894193806e-05
EXACT_B7_MAP_DEGREE=PASS
EXACT_B7_MAP_I=PASS

=== D — FULL 3D ENERGY / DEC / ACTIVE-TRACE RECONSTRUCTION ===
FULL3D_MAX_ENERGY_RELERR=9.413768424856010e-07
FULL3D_ACTIVE_INTEGRAL_RELERR=7.485236062288497e-16
FULL3D_MIN_DEC_MARGIN=0.000000000000000e+00
FULL3D_MIN_RHO=5.214642495951228e-78
TRACE_GLOBAL_PEAK_SCALE=9.648747724530565e+02
TRACE_EPSILON_SCALE=1.371169520969398e-11
MAX_ABSOLUTE_TRACE_RESIDUAL=4.547473508864641e-13
MAX_ABSOLUTE_RESIDUAL_OVER_GLOBAL_PEAK_ENERGY=4.713019387275862e-16
MAX_SCALED_TRACE_RESIDUAL=1.933437686931748e-16
FLOAT_MACHINE_EPS=2.220446049250313e-16
LONG_DOUBLE_MACHINE_EPS=1.084202172485504e-19
MAX_LONG_DOUBLE_SCALED_TRACE_RESIDUAL=0.000000000000000e+00
ARBITRARY_PRECISION_DPS=90
ARBITRARY_PRECISION_MAX_ABS_TRACE_RESIDUAL=0.0
HIGH_PRECISION_TRACE_SPOT_COUNT=8
FULL_3D_ENERGY_RECONSTRUCTION=PASS
FULL_3D_ACTIVE_INTEGRAL_RECONSTRUCTION=PASS
POINTWISE_3D_DEC=PASS
ACTIVE_TRACE_FLOAT_SCALED=PASS
ACTIVE_TRACE_LONG_DOUBLE_SPOTCHECK=PASS
ACTIVE_TRACE_ARBITRARY_PRECISION_SPOTCHECK=PASS
POINTWISE_ACTIVE_TRACE=PASS_SCALED_AND_HIGH_PRECISION

=== E — DENSE 3D FINITE-PAYLOAD ORIENTATION SPHERE ===
DENSE_ORIENTATION_COUNT=320
DENSE_ORIENTATION_SCHEME=DETERMINISTIC_FIBONACCI_SPHERE
ANALYTIC_SPHERICAL_PAYLOAD_AVERAGE=PASS_THEOREM
LOW_SOURCE_QUADRATURE=NR52_NMU24_NPHI48
LOW_SOURCE_NODE_COUNT=59904
LOW_MIN_RADIAL_OUTWARD=1.580735952985884e+01
LOW_MAX_RADIAL_OUTWARD=3.197539007617403e+02
LOW_MEAN_RADIAL_OUTWARD=1.990127008464052e+02
LOW_MAX_TRANSVERSE_MAGNITUDE=1.743601899375802e+02
LOW_MAX_TRANSVERSE_OVER_RADIAL=3.633163955224545e+00
LOW_WORST_RADIAL_ORIENTATION=(-8.311592410794e-01,5.545483976564e-01,-4.062500000000e-02)
PRIMARY_SOURCE_QUADRATURE=NR68_NMU32_NPHI64
PRIMARY_SOURCE_NODE_COUNT=139264
PRIMARY_MIN_RADIAL_OUTWARD=1.761139951292479e+01
PRIMARY_MAX_RADIAL_OUTWARD=3.217123658971281e+02
PRIMARY_MEAN_RADIAL_OUTWARD=2.016514555421253e+02
PRIMARY_MAX_TRANSVERSE_MAGNITUDE=1.561280349738967e+02
PRIMARY_MAX_TRANSVERSE_OVER_RADIAL=2.341611813043226e+00
PRIMARY_WORST_RADIAL_ORIENTATION=(-8.550584027732e-01,-5.180700842762e-01,2.187500000000e-02)
HIGH_SOURCE_QUADRATURE=NR84_NMU40_NPHI80
HIGH_SOURCE_NODE_COUNT=268800
HIGH_MIN_RADIAL_OUTWARD=1.837348697935556e+01
HIGH_MAX_RADIAL_OUTWARD=3.227106682496709e+02
HIGH_MEAN_RADIAL_OUTWARD=2.018827620490436e+02
HIGH_MAX_TRANSVERSE_MAGNITUDE=1.532620321619039e+02
HIGH_MAX_TRANSVERSE_OVER_RADIAL=2.118564271485464e+00
HIGH_WORST_RADIAL_ORIENTATION=(-8.550584027732e-01,-5.180700842762e-01,2.187500000000e-02)
LOW_PRIMARY_RADIAL_LINF_OVER_MEAN=3.331159061658886e-02
PRIMARY_HIGH_RADIAL_LINF_OVER_MEAN=1.923660619548866e-02
DENSE_ORIENTATION_FINITE_PAYLOAD_OUTWARD=PASS
SOURCE_QUADRATURE_CONVERGENCE=PASS

=== F — ANALYTIC PAYLOAD THEOREM IMPLEMENTATION CHECK ===
PAYLOAD_THEOREM_OUTSIDE_RELERR=3.112618423678077e-14
PAYLOAD_THEOREM_INSIDE_RELERR=1.027681446684777e-02
PAYLOAD_THEOREM_CENTER_SCALED_RESIDUAL=7.833496473225092e-17
ANALYTIC_PAYLOAD_THEOREM_IMPLEMENTATION_CHECK=PASS

=== G — RATIONAL-MAP SHAPE CURVATURE ===
MAP_EPS=1.000000000e-02 I_MINUS=6.087477183e+01 I_CENTER=6.086804240e+01 I_PLUS=6.087469047e+01 E_MINUS=1.450399476e+02 E_CENTER=1.450359585e+02 E_PLUS=1.450398994e+02 CURVATURE=7.929978182e+01
MAP_EPS=2.000000000e-02 I_MINUS=6.089512571e+01 I_CENTER=6.086804240e+01 I_PLUS=6.089447478e+01 E_MINUS=1.450520116e+02 E_CENTER=1.450359585e+02 E_PLUS=1.450516258e+02 CURVATURE=7.930097919e+01
MAP_EPS=4.000000000e-02 I_MINUS=6.097772298e+01 I_CENTER=6.086804240e+01 I_PLUS=6.097251502e+01 E_MINUS=1.451009452e+02 E_CENTER=1.450359585e+02 E_PLUS=1.450978609e+02 CURVATURE=7.930572024e+01
MIN_RATIONAL_MAP_SHAPE_CURVATURE=7.929978182119157e+01
RATIONAL_MAP_SHAPE_CURVATURE=PASS

=== H — BLIND WILDCARD DIAGNOSTICS — NOT EVIDENCE ===
WILDCARD_FACTOR=1.600000 M=1.280000000e+01 FISSION=3.121604437e-02 MIN_ACTIVE=-2.044467044e-02 PAYLOAD=YES
WILDCARD_FACTOR=1.875000 M=1.500000000e+01 FISSION=3.055757466e-02 MIN_ACTIVE=-2.095710195e-02 PAYLOAD=YES
WILDCARD_FACTOR=3.125000 M=2.000000000e+01 FISSION=2.952324799e-02 MIN_ACTIVE=-2.173723973e-02 PAYLOAD=YES
WILDCARD_FACTOR=0.625000 M=5.000000000e+00 FISSION=3.642094363e-02 MIN_ACTIVE=-1.593874258e-02 PAYLOAD=YES
WILDCARD_FACTOR=5.000000 M=2.000000000e+01 FISSION=2.952324799e-02 MIN_ACTIVE=-2.173723973e-02 PAYLOAD=YES
BLIND_WILDCARD_VALUES_USED_AS_EVIDENCE=NO

=== I — 023BR DECISION ===
023BR_PROMOTION_GRADE_EXACT_MAP_ROBUSTNESS_REPAIR=GREEN
PROMOTION_GRADE_RATIONAL_MAP_STABLE_FIELD_PREFLIGHT=SUPPORTED
ANISOTROPIC_DENSE_FINITE_PAYLOAD_REPULSION=SUPPORTED
HEURISTIC_PROMOTION_ELIGIBILITY=APPROXIMATELY_70_TO_71_PERCENT_AFTER_CLAIM_AUDIT
CURRENT_KNOWLEDGE_HEURISTIC=APPROXIMATELY_68_PERCENT_PENDING_CLAIM_AUDIT
NEXT=023C_UNRESTRICTED_CARTESIAN_3D_RELAXATION_AND_FULL_PHYSICAL_HESSIAN
UNRESTRICTED_CARTESIAN_3D_STABILITY=NOT_YET
NONLINEAR_EINSTEIN_SKYRME=NOT_ESTABLISHED
PRACTICAL_ENERGY_SCALING=STILL_CATASTROPHIC_IN_PURE_GR
REAL_MATERIAL=NO
PRACTICAL_ANTIGRAVITY_DEVICE=NO
NEW_PHYSICS_DISCOVERY=NO
006D_CONSTRUCTIVE_LINEARIZED_GR_RESULT=RETAINED
018B_FIELD_EXISTENCE_RESULT=RETAINED
018C_KLS_M2_STABILITY_FAILURE=RETAINED
023A_TOPOLOGICAL_MONOPOLE_CAPACITY_RESULT=RETAINED
023B_EXACT_MAP_FULL3D_RESULT=RETAINED_WITH_FORMAL_BLOCKERS_REPAIRED_ONLY_IF_GREEN
CLAIM_CLASSIFICATION=PROJECT_DERIVED_023BR_PROMOTION_GRADE_EXACT_MAP_ROBUSTNESS_REPAIR
