=== 023B — EXACT RATIONAL-MAP + FULL-3D T_MUNU/GRAVITY PROMOTION GATE ===

=== UPSTREAM SOURCE AUDIT ===
023A_SOURCE_SHA256=0087a5d2b4f93667308cabf4c3c498200ed29381e9493acf21714df7d8e11c9b
023A_EXPECTED_SHA256=0087a5d2b4f93667308cabf4c3c498200ed29381e9493acf21714df7d8e11c9b
023A_SOURCE_HASH_MATCH=PASS

=== A — EXACT LITERATURE RATIONAL-MAP I TABLE ===
LITERATURE_I_B1=1.000000000000000e+00
LITERATURE_I_B2=5.810000000000000e+00
LITERATURE_I_B3=1.358000000000000e+01
LITERATURE_I_B4=2.065000000000000e+01
LITERATURE_I_B5=3.575000000000000e+01
LITERATURE_I_B6=5.076000000000000e+01
LITERATURE_I_B7=6.087000000000000e+01
LITERATURE_I_B8=8.563000000000000e+01
EXACT_LITERATURE_I_TABLE=PASS

=== B — EXACT-I B<=8 RADIAL + FISSION RECONSTRUCTION ===
EXACT_I_TOTAL_CANDIDATES=140
EXACT_I_PROMOTION_PASSERS=10
SELECTED_B=7
SELECTED_ETA=5.000000000000000e-01
SELECTED_M=3.000000000000000e+00
SELECTED_EXACT_I=6.086999999999999e+01
SELECTED_MIN_ENCLOSED_ACTIVE_FRACTION=-1.013233102572921e-02
SELECTED_EXACT_BINARY_FISSION_MARGIN=4.120303607325355e-02
SELECTED_VIRIAL_RELERR=6.856818346464294e-09
SELECTED_TOTAL_ACTIVE_TO_ENERGY_RELERR=9.485430165767639e-07
SELECTED_TOPOLOGICAL_CHARGE=7.000000000000001e+00
SELECTED_TOPOLOGICAL_CHARGE_RELERR=2.220446049250313e-16
SELECTED_PAYLOAD_CENTER=5.739893781568729e-01
SELECTED_PAYLOAD_RADIUS=2.584809670373504e-02
SELECTED_MONOPOLE_PAYLOAD_C=1.088691745920122e+02

=== C — EXACT B7 ICOSAHEDRAL RATIONAL MAP AUDIT ===
B7_MAP_B_PARAMETER=3.130495168499706e+00
B7_MAP_DEGREE_INTEGRAL=6.999999999999997e+00
B7_MAP_DEGREE_RELERR=3.806478941571965e-16
B7_MAP_I_DIRECT=6.086804239712510e+01
B7_MAP_I_LITERATURE=6.087000000000000e+01
B7_MAP_I_RELERR=3.216038894193806e-05
EXACT_B7_MAP_DEGREE=PASS
EXACT_B7_MAP_I=PASS
DIRECT_I_PROFILE_ENERGY_RELERR=7.267770411312213e-06

=== D — FULL 3D T_MUNU / DEC RECONSTRUCTION ===
FULL3D_E2_3D=2.582003247985019e+02
FULL3D_E4_3D=8.304474177964580e+02
FULL3D_E0_3D=1.907490339217127e+02
FULL3D_A3D=1.279396767749491e+03
FULL3D_E2_EXPECTED=2.582000781226018e+02
FULL3D_E4_EXPECTED=8.304466243881892e+02
FULL3D_E0_EXPECTED=1.907488516805945e+02
FULL3D_A_EXPECTED=1.279396767749490e+03
FULL3D_MAX_ENERGY_RELERR=9.553985620311906e-07
FULL3D_ACTIVE_RELERR=5.331583161098443e-16
FULL3D_MIN_DEC_MARGIN=0.000000000000000e+00
FULL3D_MIN_RHO=7.133424650302065e-34
FULL3D_TRACE_RELERR=9.560958911937787e-10
FULL_3D_ENERGY_RECONSTRUCTION=PASS
FULL_3D_ACTIVE_TRACE_RECONSTRUCTION=FAIL
POINTWISE_3D_DEC=PASS

=== E — ACTUAL ANISOTROPIC FULL-3D FINITE-PAYLOAD GRAVITY ===
ORIENTATION_1_VECTOR=(0.0, 0.0, 1.0)
ORIENTATION_1_OUTWARD_KERNEL=4.949427723491336e+01
ORIENTATION_1_TRANSVERSE_KERNEL=3.156519029643053e-14
ORIENTATION_2_VECTOR=(1.0, 0.0, 0.0)
ORIENTATION_2_OUTWARD_KERNEL=4.956303451047471e+01
ORIENTATION_2_TRANSVERSE_KERNEL=1.484679940503385e-14
ORIENTATION_3_VECTOR=(1.0, 1.0, 1.0)
ORIENTATION_3_OUTWARD_KERNEL=6.386731661229568e+01
ORIENTATION_3_TRANSVERSE_KERNEL=1.608698663249981e-01
ORIENTATION_4_VECTOR=(1.0, 1.0, 0.0)
ORIENTATION_4_OUTWARD_KERNEL=1.224405801445756e+01
ORIENTATION_4_TRANSVERSE_KERNEL=2.987041247945917e+01
ORIENTATION_5_VECTOR=(1.0, 2.0, 3.0)
ORIENTATION_5_OUTWARD_KERNEL=4.869506441133505e+01
ORIENTATION_5_TRANSVERSE_KERNEL=1.001449541196183e+01
ORIENTATION_6_VECTOR=(2.0, -1.0, 1.0)
ORIENTATION_6_OUTWARD_KERNEL=4.247379899882656e+01
ORIENTATION_6_TRANSVERSE_KERNEL=2.198303522864582e+01
FULL3D_PAYLOAD_MIN_OUTWARD_KERNEL=1.224405801445756e+01
FULL3D_PAYLOAD_MAX_OUTWARD_KERNEL=6.386731661229568e+01
FULL3D_PAYLOAD_MEAN_OUTWARD_KERNEL=4.438959163038381e+01
FULL3D_PAYLOAD_ORIENTATION_ANISOTROPY=1.162958628402948e+00
FULL_3D_FINITE_PAYLOAD_OUTWARD_ALL_ORIENTATIONS=PASS

=== F — EXACT-I PROMOTION-GRADE FISSION ROBUSTNESS ===
ROBUST_1_TYPE=PARAM ETA=4.600000000e-01 M=2.400000000e+00 I_SCALE=1.000000000e+00 TOL=2.000000000e-05 DOMAIN=1.000000000e+00 FISSION=4.136880341e-02 MIN_ACTIVE=-9.478556994e-03 PAYLOAD=YES
ROBUST_2_TYPE=PARAM ETA=4.600000000e-01 M=3.000000000e+00 I_SCALE=1.000000000e+00 TOL=2.000000000e-05 DOMAIN=1.000000000e+00 FISSION=4.074753852e-02 MIN_ACTIVE=-1.103787794e-02 PAYLOAD=YES
ROBUST_3_TYPE=PARAM ETA=4.600000000e-01 M=3.600000000e+00 I_SCALE=1.000000000e+00 TOL=2.000000000e-05 DOMAIN=1.000000000e+00 FISSION=4.014864060e-02 MIN_ACTIVE=-1.226083279e-02 PAYLOAD=YES
ROBUST_4_TYPE=PARAM ETA=5.000000000e-01 M=2.400000000e+00 I_SCALE=1.000000000e+00 TOL=2.000000000e-05 DOMAIN=1.000000000e+00 FISSION=4.179099391e-02 MIN_ACTIVE=-8.682560601e-03 PAYLOAD=YES
ROBUST_5_TYPE=PARAM ETA=5.000000000e-01 M=3.000000000e+00 I_SCALE=1.000000000e+00 TOL=2.000000000e-05 DOMAIN=1.000000000e+00 FISSION=4.120303607e-02 MIN_ACTIVE=-1.013233103e-02 PAYLOAD=YES
ROBUST_6_TYPE=PARAM ETA=5.000000000e-01 M=3.600000000e+00 I_SCALE=1.000000000e+00 TOL=2.000000000e-05 DOMAIN=1.000000000e+00 FISSION=4.064903834e-02 MIN_ACTIVE=-1.127306736e-02 PAYLOAD=YES
ROBUST_7_TYPE=PARAM ETA=5.400000000e-01 M=2.400000000e+00 I_SCALE=1.000000000e+00 TOL=2.000000000e-05 DOMAIN=1.000000000e+00 FISSION=4.221560063e-02 MIN_ACTIVE=-7.887636112e-03 PAYLOAD=YES
ROBUST_8_TYPE=PARAM ETA=5.400000000e-01 M=3.000000000e+00 I_SCALE=1.000000000e+00 TOL=2.000000000e-05 DOMAIN=1.000000000e+00 FISSION=4.166194548e-02 MIN_ACTIVE=-9.224722968e-03 PAYLOAD=YES
ROBUST_9_TYPE=PARAM ETA=5.400000000e-01 M=3.600000000e+00 I_SCALE=1.000000000e+00 TOL=2.000000000e-05 DOMAIN=1.000000000e+00 FISSION=4.113179568e-02 MIN_ACTIVE=-1.028060289e-02 PAYLOAD=YES
ROBUST_10_TYPE=I_SCALE ETA=5.000000000e-01 M=3.000000000e+00 I_SCALE=9.985000000e-01 TOL=2.000000000e-05 DOMAIN=1.000000000e+00 FISSION=4.125304162e-02 MIN_ACTIVE=-1.010609263e-02 PAYLOAD=YES
ROBUST_11_TYPE=I_SCALE ETA=5.000000000e-01 M=3.000000000e+00 I_SCALE=1.001500000e+00 TOL=2.000000000e-05 DOMAIN=1.000000000e+00 FISSION=4.115310479e-02 MIN_ACTIVE=-1.015855642e-02 PAYLOAD=YES
ROBUST_12_TYPE=TOL ETA=5.000000000e-01 M=3.000000000e+00 I_SCALE=1.000000000e+00 TOL=1.000000000e-04 DOMAIN=1.000000000e+00 FISSION=4.120303676e-02 MIN_ACTIVE=-1.013137843e-02 PAYLOAD=YES
ROBUST_13_TYPE=TOL ETA=5.000000000e-01 M=3.000000000e+00 I_SCALE=1.000000000e+00 TOL=2.000000000e-05 DOMAIN=1.000000000e+00 FISSION=4.120303607e-02 MIN_ACTIVE=-1.013233103e-02 PAYLOAD=YES
ROBUST_14_TYPE=TOL ETA=5.000000000e-01 M=3.000000000e+00 I_SCALE=1.000000000e+00 TOL=5.000000000e-06 DOMAIN=1.000000000e+00 FISSION=4.120303882e-02 MIN_ACTIVE=-1.013233031e-02 PAYLOAD=YES
ROBUST_15_TYPE=DOMAIN ETA=5.000000000e-01 M=3.000000000e+00 I_SCALE=1.000000000e+00 TOL=2.000000000e-05 DOMAIN=8.000000000e-01 FISSION=4.120303952e-02 MIN_ACTIVE=-1.013233434e-02 PAYLOAD=YES
ROBUST_16_TYPE=DOMAIN ETA=5.000000000e-01 M=3.000000000e+00 I_SCALE=1.000000000e+00 TOL=2.000000000e-05 DOMAIN=1.000000000e+00 FISSION=4.120303607e-02 MIN_ACTIVE=-1.013233103e-02 PAYLOAD=YES
ROBUST_17_TYPE=DOMAIN ETA=5.000000000e-01 M=3.000000000e+00 I_SCALE=1.000000000e+00 TOL=2.000000000e-05 DOMAIN=1.300000000e+00 FISSION=4.120304010e-02 MIN_ACTIVE=-1.013234605e-02 PAYLOAD=YES
ROBUST_FISSION_PASS_COUNT=13
ROBUST_FISSION_TOTAL_COUNT=17
ROBUST_FISSION_PASS_FRACTION=7.647058823529411e-01
ROBUST_WORST_BINARY_FISSION_MARGIN=4.014864059521969e-02
ROBUST_WORST_MIN_ACTIVE_FRACTION=-7.887636111799235e-03
ROBUST_BINARY_FISSION_MARGIN=FAIL

=== G — B7 RATIONAL-MAP SHAPE CURVATURE ===
MAP_EPS=1.000000000e-02 I_MINUS=6.087477183e+01 I_CENTER=6.086804240e+01 I_PLUS=6.087469047e+01 E_MINUS=1.018136069e+02 E_CENTER=1.018110633e+02 E_PLUS=1.018135761e+02 CURVATURE=5.056395647e+01
MAP_EPS=2.000000000e-02 I_MINUS=6.089512571e+01 I_CENTER=6.086804240e+01 I_PLUS=6.089447478e+01 E_MINUS=1.018212993e+02 E_CENTER=1.018110633e+02 E_PLUS=1.018210533e+02 CURVATURE=5.056485580e+01
MAP_EPS=4.000000000e-02 I_MINUS=6.097772298e+01 I_CENTER=6.086804240e+01 I_PLUS=6.097251502e+01 E_MINUS=1.018525014e+02 E_CENTER=1.018110633e+02 E_PLUS=1.018505347e+02 CURVATURE=5.056842258e+01
MIN_RATIONAL_MAP_SHAPE_CURVATURE=5.056395647130785e+01
RATIONAL_MAP_SHAPE_CURVATURE=PASS

=== BLIND WILDCARD DIAGNOSTICS — NOT EVIDENCE ===
WILDCARD_FACTOR=1.600000 M=4.800000000e+00 FISSION=3.941870850e-02 MIN_ACTIVE=-1.294444122e-02 PAYLOAD=YES
WILDCARD_FACTOR=1.875000 M=5.625000000e+00 FISSION=3.846596856e-02 MIN_ACTIVE=-1.378349651e-02 PAYLOAD=YES
WILDCARD_FACTOR=3.125000 M=9.375000000e+00 FISSION=3.567387595e-02 MIN_ACTIVE=-1.604511256e-02 PAYLOAD=YES
WILDCARD_FACTOR=0.625000 M=1.875000000e+00 FISSION=4.227928329e-02 MIN_ACTIVE=-7.063990386e-03 PAYLOAD=YES
WILDCARD_FACTOR=5.000000 M=1.500000000e+01 FISSION=3.361832988e-02 MIN_ACTIVE=-1.755477266e-02 PAYLOAD=YES
BLIND_WILDCARD_VALUES_USED_AS_EVIDENCE=NO

=== 023B DECISION ===
RATIONAL_MAP_BVP=PASS
TOPOLOGICAL_CHARGE=PASS
DERRICK_VIRIAL=PASS
EXACT_BINARY_FISSION_MARGIN=PASS
NEGATIVE_ENCLOSED_ACTIVE_MASS=PASS
POSITIVE_TOTAL_ACTIVE_MASS=PASS
INDEPENDENT_RECONSTRUCTION=FAIL
023B_EXACT_RATIONAL_MAP_FULL3D_T_MUNU_GRAVITY_PROMOTION_GATE=GREEN_NEGATIVE_OR_INCOMPLETE_RESULT
FULL_3D_RATIONAL_MAP_STABLE_FIELD_THEORY_PREFLIGHT=NOT_ESTABLISHED
HEURISTIC_PROMOTION_ELIGIBILITY=NO
CURRENT_KNOWLEDGE_HEURISTIC=APPROXIMATELY_68_PERCENT_NOT_A_PROBABILITY
NEXT=INSPECT_FAILED_023B_GATE_BEFORE_ESCALATION
UNRESTRICTED_CARTESIAN_3D_EULER_LAGRANGE=NOT_YET
COMPLETE_UNRESTRICTED_3D_HESSIAN=NOT_YET
NONLINEAR_EINSTEIN_MATTER=NOT_ESTABLISHED
PRACTICAL_ENERGY_SCALING=STILL_CATASTROPHIC_IN_PURE_GR
REAL_MATERIAL=NO
PRACTICAL_ANTIGRAVITY_DEVICE=NO
NEW_PHYSICS_DISCOVERY=NO
006D_CONSTRUCTIVE_LINEARIZED_GR_RESULT=RETAINED
018B_FIELD_EXISTENCE_RESULT=RETAINED
018C_KLS_M2_STABILITY_FAILURE=RETAINED
023A_TOPOLOGICAL_MONOPOLE_CAPACITY_RESULT=RETAINED
CLAIM_CLASSIFICATION=PROJECT_DERIVED_023B_EXACT_RATIONAL_MAP_FULL3D_T_MUNU_GRAVITY_PROMOTION_GATE
