=== 023C2AQS2R3 — TRUE-RESIDUAL N73 NEWTON + LOCALIZATION ===

=== A — FAIL-CLOSED UPSTREAM AUDIT ===
023C2AQS2R2_SOURCE_SHA256=3f2378f9d7f8a4b77cf2d5a40582b2a00aea4fe1725426a3021167be7d67a773
UPSTREAM_023C2AQS2R2_AUDIT=PASS

=== B — LOAD LATEST N73 STATE ===
NK3_START_SOURCE=results/data/023c2aqs2r3_n73_true_residual_newton_checkpoint.npz
NK3_START_ACCEPTED_TOTAL=411
NK3_START_NEWTON_ACCEPTED_TOTAL=11
NK3_START_HISTORY_LENGTH=20
NK3_START_HISTORY_DISCARDED=0
NK3_START_NORM_MAXERR=2.220446049250313e-16
NK3_START_ENERGY=1.767349917425998e+03
NK3_START_GRAD_RMS=4.264906405378198e-03
NK3_START_GRAD_MAX=2.074272755513399e-02
NK3_START_STATIONARITY_MERIT=2.843270936918799e+00
NK3_START_STRICT_STATIONARITY=FAIL
NK3_START_TOPOLOGY4=6.979144416026814e+00
NK3_START_GEOMETRIC_DEGREES=-7,-7,-7

=== C — START RESIDUAL LOCALIZATION ===
RESIDUAL_MAX_INDEX=(np.int64(20), np.int64(36), np.int64(43))
RESIDUAL_MAX_COORD=(-1.424904673884e+00,0.000000000000e+00,6.233957948244e-01)
RESIDUAL_MAX_RADIUS=1.555305644129735e+00
RESIDUAL_MAX_BOUNDARY_DISTANCE_CELLS=20
RESIDUAL_L2_FRACTION_BOUNDARY_4=2.114098014052106e-02
RESIDUAL_L2_FRACTION_CORE_R_LT_0P30=2.268606677003368e-04
RESIDUAL_L2_FRACTION_WALL_R_0P30_TO_1P60=4.769475929909039e-01
RESIDUAL_L2_FRACTION_TAIL_R_GE_1P60=5.228255463413957e-01
NK3_START_RESIDUAL_GAUSSIAN_LOW_L2_FRACTION=7.145860375830524e-01
NK3_START_RESIDUAL_GAUSSIAN_HIGH_L2_FRACTION=7.819761170002082e-02
NK3_START_RESIDUAL_NEIGHBOR_ROUGHNESS_RATIO=4.859845971119915e-01

=== D — TRUE-RESIDUAL-CERTIFIED NEWTON SLICE ===
NK3_OUTER=1 NDOF=1073733 GRAD_RMS=4.264906405378198e-03 GRAD_MAX=2.074272755513399e-02 STATIONARITY_MERIT=2.843270936918799e+00 TRUE_FORCING_ETA=5.224500071243226e-02
NK_HVP_STEP_POINT_ANGLE=1.000000000000000e-04 RAYLEIGH=2.907240414229843e+02 MATVECS=1
NK_HVP_STEP_POINT_ANGLE=2.000000000000000e-04 RAYLEIGH=2.907240458106967e+02 MATVECS=1
NK_HVP_STEP_POINT_ANGLE=4.000000000000000e-04 RAYLEIGH=2.907240633615401e+02 MATVECS=1
NK_HVP_STEP_RELCHANGE_FINE_PRIMARY=1.974470934004104e-08
NK_HVP_STEP_RELCHANGE_PRIMARY_COARSE=7.897782504270857e-08
NK_HVP_STEP_CONVERGENCE=PASS
NK_HESSIAN_BILINEAR_UHV=-1.073430842049141e+00
NK_HESSIAN_BILINEAR_HUW=-1.073430843663926e+00
NK_HESSIAN_BILINEAR_RELASYM=1.504322211452599e-09
NK_HESSIAN_SELF_ADJOINTNESS=PASS
NK3_PRECONDITIONER_USABLE_PAIRS=20
NK3_SECANT_CURVATURE_SCALE=2.560962400625623e+05
NK3_GRADIENT_RAYLEIGH=4.591592130876804e+02
NK3_SMOOTH_RAYLEIGH=2.985570526946502e+02
NK3_GRADIENT_TO_SMOOTH_CURVATURE_RATIO=1.537927873227253e+00
NK3_LOCAL_DAMPING_SCALE=4.591592130876804e+02
NK3_LINEAR_OUTER_1_DAMP_2.400000e+00_REFINE=0 MINRES_INFO=0 MINRES_ITERS=41 INNER_RTOL=5.000000000e-03 TRUE_SHIFTED_RELRES=2.384556248451282e-01 TRUE_RELRES_REDUCTION=4.193652385635602e+00 ETA_TARGET=5.224500071243226e-02
NK3_LINEAR_OUTER_1_DAMP_2.400000e+00_REFINE=1 MINRES_INFO=56 MINRES_ITERS=56 INNER_RTOL=1.567350021e-03 TRUE_SHIFTED_RELRES=8.037267238736575e-03 TRUE_RELRES_REDUCTION=2.966874408453942e+01 ETA_TARGET=5.224500071243226e-02
NK3_LINEAR_CERTIFICATE_OUTER=1 DAMP_MULT=2.400000e+00 MU=1.101982111410433e+03 TRUE_SHIFTED_RELRES=8.037267238736575e-03 ETA_TARGET=5.224500071243226e-02 CERTIFIED=YES
NK3_LINEAR_DIRECTION_DESCENT=YES
NK3_DIRECTION_OUTER=1 DAMP_MULT=2.400000e+00 MAX_POINT=1.642665051568679e-05 TRUST_ANGLE=1.492717241882369e-03 ALPHA0=1.000000000000000e+00
NK3_LINESEARCH_TRIAL_OUTER=1 DAMP_MULT=2.400000e+00 LS=0 ALPHA=1.000000000000000e+00 ENERGY=1.767349914160805e+03 GRAD_RMS=3.629139493340430e-03 GRAD_MAX=1.812620815016332e-02 STATIONARITY_MERIT=2.419426328893620e+00 MERIT_ACCEPT=YES
NK3_NEWTON_STEP_ACCEPTED=YES OUTER=1 DAMP_MULT=2.400000e+00 MU=1.101982111410433e+03 ALPHA=1.000000000000000e+00 TRUE_SHIFTED_RELRES=8.037267238736575e-03 MERIT_REDUCTION_FACTOR=1.175183928092160e+00 ENERGY=1.767349914160805e+03 GRAD_RMS=3.629139493340430e-03 GRAD_MAX=1.812620815016332e-02 STATIONARITY_MERIT=2.419426328893620e+00 TOPOLOGY4=6.979144571129705e+00 GEOMETRIC_DEGREES=-7,-7,-7 MAX_NEIGHBOR_ANGLE=4.057001865236963e-01
NK3_CHECKPOINT_WRITTEN=results/data/023c2aqs2r3_n73_true_residual_newton_checkpoint.npz NEWTON_ACCEPTED_TOTAL=12 HISTORY_LENGTH=20
NK3_OUTER=2 NDOF=1073733 GRAD_RMS=3.629139493340430e-03 GRAD_MAX=1.812620815016332e-02 STATIONARITY_MERIT=2.419426328893620e+00 TRUE_FORCING_ETA=4.819387176537984e-02
NK3_PRECONDITIONER_USABLE_PAIRS=20
NK3_SECANT_CURVATURE_SCALE=2.560962400704279e+05
NK3_GRADIENT_RAYLEIGH=2.074122922584113e+02
NK3_SMOOTH_RAYLEIGH=2.922050037435670e+02
NK3_GRADIENT_TO_SMOOTH_CURVATURE_RATIO=7.098177293378315e-01
NK3_LOCAL_DAMPING_SCALE=2.074122922584113e+02
NK3_LINEAR_OUTER_2_DAMP_2.400000e+00_REFINE=0 MINRES_INFO=0 MINRES_ITERS=44 INNER_RTOL=5.000000000e-03 TRUE_SHIFTED_RELRES=4.332172429561789e-01 TRUE_RELRES_REDUCTION=2.308310706139535e+00 ETA_TARGET=4.819387176537984e-02
NK3_LINEAR_OUTER_2_DAMP_2.400000e+00_REFINE=1 MINRES_INFO=56 MINRES_ITERS=56 INNER_RTOL=1.445816153e-03 TRUE_SHIFTED_RELRES=4.170842168651703e-02 TRUE_RELRES_REDUCTION=1.038680500097236e+01 ETA_TARGET=4.819387176537984e-02
NK3_LINEAR_CERTIFICATE_OUTER=2 DAMP_MULT=2.400000e+00 MU=4.977895014201871e+02 TRUE_SHIFTED_RELRES=4.170842168651703e-02 ETA_TARGET=4.819387176537984e-02 CERTIFIED=YES
NK3_LINEAR_DIRECTION_DESCENT=YES
NK3_DIRECTION_OUTER=2 DAMP_MULT=2.400000e+00 MAX_POINT=2.796048333568603e-05 TRUST_ANGLE=1.270198822669150e-03 ALPHA0=1.000000000000000e+00
NK3_LINESEARCH_TRIAL_OUTER=2 DAMP_MULT=2.400000e+00 LS=0 ALPHA=1.000000000000000e+00 ENERGY=1.767349909640220e+03 GRAD_RMS=2.806238990849157e-03 GRAD_MAX=1.404977107986432e-02 STATIONARITY_MERIT=1.870825993899438e+00 MERIT_ACCEPT=YES
NK3_NEWTON_STEP_ACCEPTED=YES OUTER=2 DAMP_MULT=2.400000e+00 MU=4.977895014201871e+02 ALPHA=1.000000000000000e+00 TRUE_SHIFTED_RELRES=4.170842168651703e-02 MERIT_REDUCTION_FACTOR=1.293239636814492e+00 ENERGY=1.767349909640220e+03 GRAD_RMS=2.806238990849157e-03 GRAD_MAX=1.404977107986432e-02 STATIONARITY_MERIT=1.870825993899438e+00 TOPOLOGY4=6.979144812527811e+00 GEOMETRIC_DEGREES=-7,-7,-7 MAX_NEIGHBOR_ANGLE=4.056962345267227e-01
NK3_CHECKPOINT_WRITTEN=results/data/023c2aqs2r3_n73_true_residual_newton_checkpoint.npz NEWTON_ACCEPTED_TOTAL=13 HISTORY_LENGTH=20
NK3_OUTER=3 NDOF=1073733 GRAD_RMS=2.806238990849157e-03 GRAD_MAX=1.404977107986432e-02 STATIONARITY_MERIT=1.870825993899438e+00 TRUE_FORCING_ETA=4.237915707212050e-02
NK3_PRECONDITIONER_USABLE_PAIRS=20
NK3_SECANT_CURVATURE_SCALE=2.560962400911791e+05
NK3_GRADIENT_RAYLEIGH=1.705182846952125e+03
NK3_SMOOTH_RAYLEIGH=2.879387366459447e+02
NK3_GRADIENT_TO_SMOOTH_CURVATURE_RATIO=5.922033508985117e+00
NK3_LOCAL_DAMPING_SCALE=1.705182846952125e+03
NK3_LINEAR_OUTER_3_DAMP_2.400000e+00_REFINE=0 MINRES_INFO=0 MINRES_ITERS=34 INNER_RTOL=5.000000000e-03 TRUE_SHIFTED_RELRES=6.153917789210221e-02 TRUE_RELRES_REDUCTION=1.624981084006872e+01 ETA_TARGET=4.237915707212050e-02
NK3_LINEAR_OUTER_3_DAMP_2.400000e+00_REFINE=1 MINRES_INFO=0 MINRES_ITERS=50 INNER_RTOL=1.271374712e-03 TRUE_SHIFTED_RELRES=7.337327800736397e-04 TRUE_RELRES_REDUCTION=8.387137601502000e+01 ETA_TARGET=4.237915707212050e-02
NK3_LINEAR_CERTIFICATE_OUTER=3 DAMP_MULT=2.400000e+00 MU=4.092438832685101e+03 TRUE_SHIFTED_RELRES=7.337327800736397e-04 ETA_TARGET=4.237915707212050e-02 CERTIFIED=YES
NK3_LINEAR_DIRECTION_DESCENT=YES
NK3_DIRECTION_OUTER=3 DAMP_MULT=2.400000e+00 MAX_POINT=3.298006622248363e-06 TRUST_ANGLE=1.000000000000000e-03 ALPHA0=1.000000000000000e+00
NK3_LINESEARCH_TRIAL_OUTER=3 DAMP_MULT=2.400000e+00 LS=0 ALPHA=1.000000000000000e+00 ENERGY=1.767349909177874e+03 GRAD_RMS=2.713457224143426e-03 GRAD_MAX=1.349766300017228e-02 STATIONARITY_MERIT=1.808971482762284e+00 MERIT_ACCEPT=YES
NK3_NEWTON_STEP_ACCEPTED=YES OUTER=3 DAMP_MULT=2.400000e+00 MU=4.092438832685101e+03 ALPHA=1.000000000000000e+00 TRUE_SHIFTED_RELRES=7.337327800736397e-04 MERIT_REDUCTION_FACTOR=1.034193193052829e+00 ENERGY=1.767349909177874e+03 GRAD_RMS=2.713457224143426e-03 GRAD_MAX=1.349766300017228e-02 STATIONARITY_MERIT=1.808971482762284e+00 TOPOLOGY4=6.979144840229565e+00 GEOMETRIC_DEGREES=-7,-7,-7 MAX_NEIGHBOR_ANGLE=4.056957558938755e-01
NK3_CHECKPOINT_WRITTEN=results/data/023c2aqs2r3_n73_true_residual_newton_checkpoint.npz NEWTON_ACCEPTED_TOTAL=14 HISTORY_LENGTH=20

=== E — END-OF-SLICE AUDIT ===
NK3_OUTER_ATTEMPTED=3
NK3_OUTER_ACCEPTED=3
NK3_HVP_MATVEC_CALLS=293
NK3_MINRES_TOTAL_ITERATIONS=281
NK3_LINEAR_CERT_FAILURES=0
NK3_LINESEARCH_REJECTS=0
NK3_FINAL_ENERGY=1.767349909177874e+03
NK3_FINAL_GRAD_RMS=2.713457224143426e-03
NK3_FINAL_GRAD_MAX=1.349766300017228e-02
NK3_FINAL_STATIONARITY_MERIT=1.808971482762284e+00
NK3_FINAL_STRICT_STATIONARITY=FAIL
NK3_FINAL_TOPOLOGY4=6.979144840229565e+00
NK3_FINAL_GEOMETRIC_DEGREES=-7,-7,-7
NK3_FINAL_MAX_NEIGHBOR_ANGLE=4.056957558938755e-01

=== F — FINAL RESIDUAL LOCALIZATION ===
RESIDUAL_MAX_INDEX=(np.int64(36), np.int64(29), np.int64(51))
RESIDUAL_MAX_COORD=(0.000000000000e+00,-6.233957948244e-01,1.335848131766e+00)
RESIDUAL_MAX_RADIUS=1.474148075380707e+00
RESIDUAL_MAX_BOUNDARY_DISTANCE_CELLS=21
RESIDUAL_L2_FRACTION_BOUNDARY_4=1.658717366132958e-03
RESIDUAL_L2_FRACTION_CORE_R_LT_0P30=8.614433656813580e-05
RESIDUAL_L2_FRACTION_WALL_R_0P30_TO_1P60=5.924519196825643e-01
RESIDUAL_L2_FRACTION_TAIL_R_GE_1P60=4.074619359808678e-01
NK3_FINAL_RESIDUAL_GAUSSIAN_LOW_L2_FRACTION=8.257423450438222e-01
NK3_FINAL_RESIDUAL_GAUSSIAN_HIGH_L2_FRACTION=2.206002758687020e-02
NK3_FINAL_RESIDUAL_NEIGHBOR_ROUGHNESS_RATIO=2.201976188351437e-01
NK3_CHECKPOINT_WRITTEN=results/data/023c2aqs2r3_n73_true_residual_newton_checkpoint.npz NEWTON_ACCEPTED_TOTAL=14 HISTORY_LENGTH=20

=== G — BOUNDED INCOMPLETE DECISION ===
023C2AQS2R3_TRUE_RESIDUAL_NEWTON=INCOMPLETE_SHORT_TRUE_RESIDUAL_SLICE
N73_ACTUAL_FINE_STRICT_STATIONARITY=NOT_YET
TRUE_RESIDUAL_NEWTON_LOCAL_ACCELERATION=SUPPORTED
NEXT=RERUN_SAME_023C2AQS2R3_FROM_TRUE_RESIDUAL_CHECKPOINT
N73_CONTINUOUS_FORCE=NOT_RUN_BEFORE_STATIONARITY
FULL_PHYSICAL_HESSIAN=DEFERRED_OPERATIONAL_FORCE_AND_FINE_FIELD_UNRESOLVED
CURRENT_KNOWLEDGE_HEURISTIC=APPROXIMATELY_70_TO_71_PERCENT_FROM_023BR_NOT_A_PROBABILITY
NONLINEAR_EINSTEIN_SKYRME=NOT_AUTHORIZED
PRACTICAL_ANTIGRAVITY_DEVICE=NO
