=== 023C2AQS2R3 — TRUE-RESIDUAL N73 NEWTON + LOCALIZATION ===

=== A — FAIL-CLOSED UPSTREAM AUDIT ===
023C2AQS2R2_SOURCE_SHA256=3f2378f9d7f8a4b77cf2d5a40582b2a00aea4fe1725426a3021167be7d67a773
UPSTREAM_023C2AQS2R2_AUDIT=PASS

=== B — LOAD LATEST N73 STATE ===
NK3_START_SOURCE=results/data/023c2aqs2r3_n73_true_residual_newton_checkpoint.npz
NK3_START_ACCEPTED_TOTAL=414
NK3_START_NEWTON_ACCEPTED_TOTAL=14
NK3_START_HISTORY_LENGTH=20
NK3_START_HISTORY_DISCARDED=0
NK3_START_NORM_MAXERR=2.220446049250313e-16
NK3_START_ENERGY=1.767349909177874e+03
NK3_START_GRAD_RMS=2.713457224143426e-03
NK3_START_GRAD_MAX=1.349766300017228e-02
NK3_START_STATIONARITY_MERIT=1.808971482762284e+00
NK3_START_STRICT_STATIONARITY=FAIL
NK3_START_TOPOLOGY4=6.979144840229565e+00
NK3_START_GEOMETRIC_DEGREES=-7,-7,-7

=== C — START RESIDUAL LOCALIZATION ===
RESIDUAL_MAX_INDEX=(np.int64(36), np.int64(29), np.int64(51))
RESIDUAL_MAX_COORD=(0.000000000000e+00,-6.233957948244e-01,1.335848131766e+00)
RESIDUAL_MAX_RADIUS=1.474148075380707e+00
RESIDUAL_MAX_BOUNDARY_DISTANCE_CELLS=21
RESIDUAL_L2_FRACTION_BOUNDARY_4=1.658717366132958e-03
RESIDUAL_L2_FRACTION_CORE_R_LT_0P30=8.614433656813580e-05
RESIDUAL_L2_FRACTION_WALL_R_0P30_TO_1P60=5.924519196825643e-01
RESIDUAL_L2_FRACTION_TAIL_R_GE_1P60=4.074619359808678e-01
NK3_START_RESIDUAL_GAUSSIAN_LOW_L2_FRACTION=8.257423450438222e-01
NK3_START_RESIDUAL_GAUSSIAN_HIGH_L2_FRACTION=2.206002758687020e-02
NK3_START_RESIDUAL_NEIGHBOR_ROUGHNESS_RATIO=2.201976188351437e-01

=== D — TRUE-RESIDUAL-CERTIFIED NEWTON SLICE ===
NK3_OUTER=1 NDOF=1073733 GRAD_RMS=2.713457224143426e-03 GRAD_MAX=1.349766300017228e-02 STATIONARITY_MERIT=1.808971482762284e+00 TRUE_FORCING_ETA=4.167268438020033e-02
NK_HVP_STEP_POINT_ANGLE=1.000000000000000e-04 RAYLEIGH=2.907239794596249e+02 MATVECS=1
NK_HVP_STEP_POINT_ANGLE=2.000000000000000e-04 RAYLEIGH=2.907239838473295e+02 MATVECS=1
NK_HVP_STEP_POINT_ANGLE=4.000000000000000e-04 RAYLEIGH=2.907240013981743e+02 MATVECS=1
NK_HVP_STEP_RELCHANGE_FINE_PRIMARY=1.974461081222162e-08
NK_HVP_STEP_RELCHANGE_PRIMARY_COARSE=7.897795597250053e-08
NK_HVP_STEP_CONVERGENCE=PASS
NK_HESSIAN_BILINEAR_UHV=-1.073447582394951e+00
NK_HESSIAN_BILINEAR_HUW=-1.073447584013610e+00
NK_HESSIAN_BILINEAR_RELASYM=1.507907281939852e-09
NK_HESSIAN_SELF_ADJOINTNESS=PASS
NK3_PRECONDITIONER_USABLE_PAIRS=20
NK3_SECANT_CURVATURE_SCALE=2.560962400943736e+05
NK3_GRADIENT_RAYLEIGH=1.367834422217599e+02
NK3_SMOOTH_RAYLEIGH=2.985570649211232e+02
NK3_GRADIENT_TO_SMOOTH_CURVATURE_RATIO=4.581484020748168e-01
NK3_LOCAL_DAMPING_SCALE=1.367834422217599e+02
NK3_LINEAR_OUTER_1_DAMP_4.000000e-01_REFINE=0 MINRES_INFO=0 MINRES_ITERS=44 INNER_RTOL=5.000000000e-03 TRUE_SHIFTED_RELRES=8.227222932436762e-01 TRUE_RELRES_REDUCTION=1.215476969825853e+00 ETA_TARGET=4.167268438020033e-02
NK3_LINEAR_OUTER_1_DAMP_4.000000e-01_REFINE=1 MINRES_INFO=64 MINRES_ITERS=64 INNER_RTOL=1.250180531e-03 TRUE_SHIFTED_RELRES=2.106674065595304e-01 TRUE_RELRES_REDUCTION=3.905313625300606e+00 ETA_TARGET=4.167268438020033e-02
NK3_LINEAR_CERTIFICATE_OUTER=1 DAMP_MULT=4.000000e-01 MU=5.471337688870397e+01 TRUE_SHIFTED_RELRES=2.106674065595304e-01 ETA_TARGET=4.167268438020033e-02 CERTIFIED=NO
NK3_LINEAR_OUTER_1_DAMP_8.000000e-01_REFINE=0 MINRES_INFO=0 MINRES_ITERS=44 INNER_RTOL=5.000000000e-03 TRUE_SHIFTED_RELRES=6.640778882465003e-01 TRUE_RELRES_REDUCTION=1.505847458105409e+00 ETA_TARGET=4.167268438020033e-02
NK3_LINEAR_OUTER_1_DAMP_8.000000e-01_REFINE=1 MINRES_INFO=64 MINRES_ITERS=64 INNER_RTOL=1.250180531e-03 TRUE_SHIFTED_RELRES=1.568146924096681e-01 TRUE_RELRES_REDUCTION=4.234793806894322e+00 ETA_TARGET=4.167268438020033e-02
NK3_LINEAR_CERTIFICATE_OUTER=1 DAMP_MULT=8.000000e-01 MU=1.094267537774079e+02 TRUE_SHIFTED_RELRES=1.568146924096681e-01 ETA_TARGET=4.167268438020033e-02 CERTIFIED=NO
NK3_LINEAR_OUTER_1_DAMP_1.600000e+00_REFINE=0 MINRES_INFO=0 MINRES_ITERS=45 INNER_RTOL=5.000000000e-03 TRUE_SHIFTED_RELRES=6.248733677737753e-01 TRUE_RELRES_REDUCTION=1.600324244194758e+00 ETA_TARGET=4.167268438020033e-02
NK3_LINEAR_OUTER_1_DAMP_1.600000e+00_REFINE=1 MINRES_INFO=64 MINRES_ITERS=64 INNER_RTOL=1.250180531e-03 TRUE_SHIFTED_RELRES=9.666000049388805e-02 TRUE_RELRES_REDUCTION=6.464653057944966e+00 ETA_TARGET=4.167268438020033e-02
NK3_LINEAR_CERTIFICATE_OUTER=1 DAMP_MULT=1.600000e+00 MU=2.188535075548159e+02 TRUE_SHIFTED_RELRES=9.666000049388805e-02 ETA_TARGET=4.167268438020033e-02 CERTIFIED=NO
NK3_LINEAR_OUTER_1_DAMP_2.400000e+00_REFINE=0 MINRES_INFO=0 MINRES_ITERS=45 INNER_RTOL=5.000000000e-03 TRUE_SHIFTED_RELRES=5.642148593554606e-01 TRUE_RELRES_REDUCTION=1.772374448170977e+00 ETA_TARGET=4.167268438020033e-02
NK3_LINEAR_OUTER_1_DAMP_2.400000e+00_REFINE=1 MINRES_INFO=64 MINRES_ITERS=64 INNER_RTOL=1.250180531e-03 TRUE_SHIFTED_RELRES=6.111739451312203e-02 TRUE_RELRES_REDUCTION=9.231657596829042e+00 ETA_TARGET=4.167268438020033e-02
NK3_LINEAR_CERTIFICATE_OUTER=1 DAMP_MULT=2.400000e+00 MU=3.282802613322238e+02 TRUE_SHIFTED_RELRES=6.111739451312203e-02 ETA_TARGET=4.167268438020033e-02 CERTIFIED=NO
NK3_NEWTON_STEP_ACCEPTED=NO

=== E — END-OF-SLICE AUDIT ===
NK3_OUTER_ATTEMPTED=1
NK3_OUTER_ACCEPTED=0
NK3_HVP_MATVEC_CALLS=444
NK3_MINRES_TOTAL_ITERATIONS=434
NK3_LINEAR_CERT_FAILURES=4
NK3_LINESEARCH_REJECTS=0
NK3_FINAL_ENERGY=1.767349909177874e+03
NK3_FINAL_GRAD_RMS=2.713457224143426e-03
NK3_FINAL_GRAD_MAX=1.349766300017228e-02
NK3_FINAL_STATIONARITY_MERIT=1.808971482762284e+00
NK3_FINAL_STRICT_STATIONARITY=FAIL
NK3_FINAL_TOPOLOGY4=6.979144840229565e+00
NK3_FINAL_GEOMETRIC_DEGREES=-7,-7,-7
NK3_FINAL_MAX_NEIGHBOR_ANGLE=4.056957558938755e-01

=== F — FINAL RESIDUAL LOCALIZATION ===
RESIDUAL_MAX_INDEX=(np.int64(36), np.int64(29), np.int64(51))
RESIDUAL_MAX_COORD=(0.000000000000e+00,-6.233957948244e-01,1.335848131766e+00)
RESIDUAL_MAX_RADIUS=1.474148075380707e+00
RESIDUAL_MAX_BOUNDARY_DISTANCE_CELLS=21
RESIDUAL_L2_FRACTION_BOUNDARY_4=1.658717366132958e-03
RESIDUAL_L2_FRACTION_CORE_R_LT_0P30=8.614433656813580e-05
RESIDUAL_L2_FRACTION_WALL_R_0P30_TO_1P60=5.924519196825643e-01
RESIDUAL_L2_FRACTION_TAIL_R_GE_1P60=4.074619359808678e-01
NK3_FINAL_RESIDUAL_GAUSSIAN_LOW_L2_FRACTION=8.257423450438222e-01
NK3_FINAL_RESIDUAL_GAUSSIAN_HIGH_L2_FRACTION=2.206002758687020e-02
NK3_FINAL_RESIDUAL_NEIGHBOR_ROUGHNESS_RATIO=2.201976188351437e-01
NK3_CHECKPOINT_WRITTEN=results/data/023c2aqs2r3_n73_true_residual_newton_checkpoint.npz NEWTON_ACCEPTED_TOTAL=14 HISTORY_LENGTH=20

=== G — BOUNDED INCOMPLETE DECISION ===
023C2AQS2R3_TRUE_RESIDUAL_NEWTON=INCOMPLETE_SHORT_TRUE_RESIDUAL_SLICE
N73_ACTUAL_FINE_STRICT_STATIONARITY=NOT_YET
TRUE_RESIDUAL_NEWTON_LOCAL_ACCELERATION=NOT_ESTABLISHED
NEXT=USE_REPORTED_RESIDUAL_LOCALIZATION_FOR_TARGETED_PRECONDITIONER_OR_MULTIGRID_GATE
N73_CONTINUOUS_FORCE=NOT_RUN_BEFORE_STATIONARITY
FULL_PHYSICAL_HESSIAN=DEFERRED_OPERATIONAL_FORCE_AND_FINE_FIELD_UNRESOLVED
CURRENT_KNOWLEDGE_HEURISTIC=APPROXIMATELY_70_TO_71_PERCENT_FROM_023BR_NOT_A_PROBABILITY
NONLINEAR_EINSTEIN_SKYRME=NOT_AUTHORIZED
PRACTICAL_ANTIGRAVITY_DEVICE=NO
