=== 023C2AQR — ANALYTIC PRISM + EXACT CAP PAYLOAD OPERATOR ===

=== A — UPSTREAM AUDIT ===
023C2AQ_SOURCE_SHA256=48d1bb68246726ba0a12bce09d08a194eb686f2ed607670a210db3411cd88002
UPSTREAM_023C2AQ_AUDIT=PASS

=== B — ANALYTIC FORMULA VALIDATION ===
PRISM_VALIDATION_CASE_0_RELERR=1.690544831492376e-14
PRISM_VALIDATION_CASE_1_RELERR=1.849051454803849e-13
PRISM_VALIDATION_CASE_2_RELERR=8.740329467397351e-14
PRISM_VALIDATION_CASE_3_RELERR=1.121292515757142e-13
PRISM_VALIDATION_CASE_4_RELERR=1.807939345959305e-13
PRISM_VALIDATION_CASE_5_RELERR=8.327568845166656e-14
PRISM_VALIDATION_MAX_RELERR=1.849051454803849e-13
ANALYTIC_PRISM_VALIDATION=PASS
CAP_VALIDATION_D_OVER_R=0.000000 ANALYTIC=-3.948359325158377e-02 NUMERIC=-3.948359325158377e-02 ABSERR=0.000000000000000e+00
CAP_VALIDATION_D_OVER_R=0.170000 ANALYTIC=-2.385552363683412e-02 NUMERIC=-2.385552363683412e-02 ABSERR=0.000000000000000e+00
CAP_VALIDATION_D_OVER_R=0.410000 ANALYTIC=-9.217344687867352e-03 NUMERIC=-9.217344687867356e-03 ABSERR=3.469446951953614e-18
CAP_VALIDATION_D_OVER_R=0.730000 ANALYTIC=-9.662634203571871e-04 NUMERIC=-9.662634203571835e-04 ABSERR=3.577867169202165e-18
CAP_VALIDATION_D_OVER_R=0.930000 ANALYTIC=-1.774116295574834e-05 NUMERIC=-1.774116295573439e-05 ABSERR=1.394893857538382e-17
CAP_VALIDATION_MAX_ABSERR=1.394893857538382e-17
ANALYTIC_CAP_VALIDATION=PASS

=== C — LOAD PROJECT STATES ===
N65_SOURCE=results/data/023cr4r_strict_stationary_b7_n65.npz
N73_SOURCE=results/data/023c2ar_n73_persistent_rlbfgs_checkpoint.npz
N73_ACCEPTED_TOTAL=240
PAYLOAD_CENTER_RADIUS=3.870161274564900e-01
PAYLOAD_RADIUS=1.675735743205162e-02
KNOWN_WORST_DIRECTION=-4.543501844637980e-01,1.878880658050992e-02,8.906249999999961e-01

=== D — NATIVE CLOSED-FORM P0 FORCE ===

=== N65_NATIVE — CLOSED-FORM P0 PAYLOAD OPERATOR ===
N65_NATIVE_DX=1.001886098824851e-01
N65_NATIVE_PAYLOAD_RADIUS_OVER_DX=1.672581089976888e-01
N65_NATIVE_MIDPOINT_RADIAL=5.601853299488312e+00
N65_NATIVE_ANALYTIC_PRISM_POINT_RADIAL=1.742956179356270e-01
N65_NATIVE_PAYLOAD_CUT_FACE_COUNT=1
N65_NATIVE_CUT_0_AXIS=Z SIGNED_DISTANCE=5.973896072762608e-03 DISTANCE_OVER_R=3.564939219674577e-01
CAP_CUT_AXIS=Z
CAP_CUT_SIGNED_DISTANCE=5.973896072762608e-03
CAP_CUT_DISTANCE_OVER_R=3.564939219674577e-01
CAP_BASE_SOURCE=-1.540886711614964e+02
CAP_ADJACENT_SOURCE=-1.310327393244319e+02
CAP_SOURCE_JUMP=2.305593183706452e+01
CAP_AXIS_KERNEL_INTEGRAL=-1.177170145735501e-02
CAP_RADIAL_CORRECTION=-2.417223460187779e-01
N65_NATIVE_EXACT_CAP_CORRECTION=-2.417223460187779e-01
N65_NATIVE_EXACT_P0_PAYLOAD_RADIAL=-6.742672808314865e-02
N65_NATIVE_EXACT_P0_OUTWARD_CONTRIB=1.012076047790748e+03
N65_NATIVE_EXACT_P0_INWARD_CONTRIB=-1.012143474518831e+03
N65_NATIVE_EXACT_P0_CONTRIB_L1=2.024219522309579e+03
N65_NATIVE_EXACT_P0_CANCELLATION_FACTOR=3.002102548730189e+04
N65_NATIVE_MIDPOINT_MINUS_EXACT=5.669280027571460e+00
N65_NATIVE_MIDPOINT_SIGN_CHANGED=YES

=== N73_NATIVE — CLOSED-FORM P0 PAYLOAD OPERATOR ===
N73_NATIVE_DX=8.905654211776426e-02
N73_NATIVE_PAYLOAD_RADIUS_OVER_DX=1.881653726224005e-01
N73_NATIVE_MIDPOINT_RADIAL=-2.296974284513950e+02
N73_NATIVE_ANALYTIC_PRISM_POINT_RADIAL=-2.331671877669521e+00
N73_NATIVE_PAYLOAD_CUT_FACE_COUNT=0
N73_NATIVE_EXACT_CAP_CORRECTION=0.000000000000000e+00
N73_NATIVE_EXACT_P0_PAYLOAD_RADIAL=-2.331671877669521e+00
N73_NATIVE_EXACT_P0_OUTWARD_CONTRIB=1.003556778962874e+03
N73_NATIVE_EXACT_P0_INWARD_CONTRIB=-1.005888450840544e+03
N73_NATIVE_EXACT_P0_CONTRIB_L1=2.009445229803418e+03
N73_NATIVE_EXACT_P0_CANCELLATION_FACTOR=8.618044627324813e+02
N73_NATIVE_MIDPOINT_MINUS_EXACT=-2.273657565737255e+02
N73_NATIVE_MIDPOINT_SIGN_CHANGED=NO
N65_MIDPOINT_REFERENCE_RELERR=2.323562229293745e-12
N73_MIDPOINT_REFERENCE_RELERR=7.139534147989868e-14
MIDPOINT_REFERENCE_REPRODUCTION=PASS

=== E — CROSS-GRID CLOSED-FORM P0 DIAGNOSTICS ===

=== N65_FIELD_ON_N73 — CLOSED-FORM P0 PAYLOAD OPERATOR ===
N65_FIELD_ON_N73_DX=8.905654211776426e-02
N65_FIELD_ON_N73_PAYLOAD_RADIUS_OVER_DX=1.881653726224005e-01
N65_FIELD_ON_N73_MIDPOINT_RADIAL=-2.332801055966364e+02
N65_FIELD_ON_N73_ANALYTIC_PRISM_POINT_RADIAL=2.519195795615587e-01
N65_FIELD_ON_N73_PAYLOAD_CUT_FACE_COUNT=0
N65_FIELD_ON_N73_EXACT_CAP_CORRECTION=0.000000000000000e+00
N65_FIELD_ON_N73_EXACT_P0_PAYLOAD_RADIAL=2.519195795615587e-01
N65_FIELD_ON_N73_EXACT_P0_OUTWARD_CONTRIB=1.010061253430713e+03
N65_FIELD_ON_N73_EXACT_P0_INWARD_CONTRIB=-1.009809333851151e+03
N65_FIELD_ON_N73_EXACT_P0_CONTRIB_L1=2.019870587281863e+03
N65_FIELD_ON_N73_EXACT_P0_CANCELLATION_FACTOR=8.017918221351629e+03
N65_FIELD_ON_N73_MIDPOINT_MINUS_EXACT=-2.335320251761979e+02
N65_FIELD_ON_N73_MIDPOINT_SIGN_CHANGED=YES

=== N65_FIELD_ON_N81 — CLOSED-FORM P0 PAYLOAD OPERATOR ===
N65_FIELD_ON_N81_DX=8.015088790598801e-02
N65_FIELD_ON_N81_PAYLOAD_RADIUS_OVER_DX=2.090726362471113e-01
N65_FIELD_ON_N81_MIDPOINT_RADIAL=7.702697026738571e+01
N65_FIELD_ON_N81_ANALYTIC_PRISM_POINT_RADIAL=8.817003955893540e+00
N65_FIELD_ON_N81_PAYLOAD_CUT_FACE_COUNT=1
N65_FIELD_ON_N81_CUT_0_AXIS=Z SIGNED_DISTANCE=1.599275706101116e-02 DISTANCE_OVER_R=9.543722586248585e-01
CAP_CUT_AXIS=Z
CAP_CUT_SIGNED_DISTANCE=1.599275706101116e-02
CAP_CUT_DISTANCE_OVER_R=9.543722586248585e-01
CAP_BASE_SOURCE=-1.492571548896272e+02
CAP_ADJACENT_SOURCE=-9.450300132955860e+01
CAP_SOURCE_JUMP=5.475415356006857e+01
CAP_AXIS_KERNEL_INTEGRAL=-4.943788455112505e-06
CAP_RADIAL_CORRECTION=-2.410859105885034e-04
N65_FIELD_ON_N81_EXACT_CAP_CORRECTION=-2.410859105885034e-04
N65_FIELD_ON_N81_EXACT_P0_PAYLOAD_RADIAL=8.816762869982938e+00
N65_FIELD_ON_N81_EXACT_P0_OUTWARD_CONTRIB=1.024285876776933e+03
N65_FIELD_ON_N81_EXACT_P0_INWARD_CONTRIB=-1.015469113906951e+03
N65_FIELD_ON_N81_EXACT_P0_CONTRIB_L1=2.039754990683884e+03
N65_FIELD_ON_N81_EXACT_P0_CANCELLATION_FACTOR=2.313496484779375e+02
N65_FIELD_ON_N81_MIDPOINT_MINUS_EXACT=6.821020739740277e+01
N65_FIELD_ON_N81_MIDPOINT_SIGN_CHANGED=NO

=== N73_FIELD_ON_N65 — CLOSED-FORM P0 PAYLOAD OPERATOR ===
N73_FIELD_ON_N65_DX=1.001886098824851e-01
N73_FIELD_ON_N65_PAYLOAD_RADIUS_OVER_DX=1.672581089976888e-01
N73_FIELD_ON_N65_MIDPOINT_RADIAL=4.132092430063153e+00
N73_FIELD_ON_N65_ANALYTIC_PRISM_POINT_RADIAL=-1.148499646100561e+00
N73_FIELD_ON_N65_PAYLOAD_CUT_FACE_COUNT=1
N73_FIELD_ON_N65_CUT_0_AXIS=Z SIGNED_DISTANCE=5.973896072762608e-03 DISTANCE_OVER_R=3.564939219674577e-01
CAP_CUT_AXIS=Z
CAP_CUT_SIGNED_DISTANCE=5.973896072762608e-03
CAP_CUT_DISTANCE_OVER_R=3.564939219674577e-01
CAP_BASE_SOURCE=-1.543146998874957e+02
CAP_ADJACENT_SOURCE=-1.338184741779688e+02
CAP_SOURCE_JUMP=2.049622570952695e+01
CAP_AXIS_KERNEL_INTEGRAL=-1.177170145735501e-02
CAP_RADIAL_CORRECTION=-2.148859477053364e-01
N73_FIELD_ON_N65_EXACT_CAP_CORRECTION=-2.148859477053364e-01
N73_FIELD_ON_N65_EXACT_P0_PAYLOAD_RADIAL=-1.363385593805958e+00
N73_FIELD_ON_N65_EXACT_P0_OUTWARD_CONTRIB=1.020341127125796e+03
N73_FIELD_ON_N65_EXACT_P0_INWARD_CONTRIB=-1.021704512719602e+03
N73_FIELD_ON_N65_EXACT_P0_CONTRIB_L1=2.042045639845398e+03
N73_FIELD_ON_N65_EXACT_P0_CANCELLATION_FACTOR=1.497775573632787e+03
N73_FIELD_ON_N65_MIDPOINT_MINUS_EXACT=5.495478023869111e+00
N73_FIELD_ON_N65_MIDPOINT_SIGN_CHANGED=YES

=== N73_FIELD_ON_N81 — CLOSED-FORM P0 PAYLOAD OPERATOR ===
N73_FIELD_ON_N81_DX=8.015088790598801e-02
N73_FIELD_ON_N81_PAYLOAD_RADIUS_OVER_DX=2.090726362471113e-01
N73_FIELD_ON_N81_MIDPOINT_RADIAL=6.916002762817186e+01
N73_FIELD_ON_N81_ANALYTIC_PRISM_POINT_RADIAL=1.881321944728654e+00
N73_FIELD_ON_N81_PAYLOAD_CUT_FACE_COUNT=1
N73_FIELD_ON_N81_CUT_0_AXIS=Z SIGNED_DISTANCE=1.599275706101116e-02 DISTANCE_OVER_R=9.543722586248585e-01
CAP_CUT_AXIS=Z
CAP_CUT_SIGNED_DISTANCE=1.599275706101116e-02
CAP_CUT_DISTANCE_OVER_R=9.543722586248585e-01
CAP_BASE_SOURCE=-1.471432803105621e+02
CAP_ADJACENT_SOURCE=-8.598323117252170e+01
CAP_SOURCE_JUMP=6.116004913804045e+01
CAP_AXIS_KERNEL_INTEGRAL=-4.943788455112505e-06
CAP_RADIAL_CORRECTION=-2.692914633755800e-04
N73_FIELD_ON_N81_EXACT_CAP_CORRECTION=-2.692914633755800e-04
N73_FIELD_ON_N81_EXACT_P0_PAYLOAD_RADIAL=1.881052653265272e+00
N73_FIELD_ON_N81_EXACT_P0_OUTWARD_CONTRIB=1.019489311679556e+03
N73_FIELD_ON_N81_EXACT_P0_INWARD_CONTRIB=-1.017608259026291e+03
N73_FIELD_ON_N81_EXACT_P0_CONTRIB_L1=2.037097570705847e+03
N73_FIELD_ON_N81_EXACT_P0_CANCELLATION_FACTOR=1.082956166681300e+03
N73_FIELD_ON_N81_MIDPOINT_MINUS_EXACT=6.727897497490659e+01
N73_FIELD_ON_N81_MIDPOINT_SIGN_CHANGED=NO
CROSS_GRID_TRANSFERS_USED_AS_PROMOTION_EVIDENCE=NO

=== F — DECISION ===
N65_EXACT_P0_SENTINEL=-6.742672808314865e-02
N65_EXACT_P0_SENTINEL_SIGN=INWARD
N73_EXACT_P0_SENTINEL=-2.331671877669521e+00
N73_EXACT_P0_SENTINEL_SIGN=INWARD
N65_EXACT_P0_TRANSFER_VALUES=-6.742672808314865e-02,2.519195795615587e-01,8.816762869982938e+00
N73_EXACT_P0_TRANSFER_VALUES=-1.363385593805958e+00,-2.331671877669521e+00,1.881052653265272e+00
N65_TRANSFER_SIGN_STABLE_DIAGNOSTIC=NO
N73_TRANSFER_SIGN_STABLE_DIAGNOSTIC=NO
023C2AQR_ANALYTIC_PRISM_EXACT_CAP_PAYLOAD_OPERATOR=ANALYTIC_P0_KERNEL_REPAIRED_BUT_SOURCE_GRID_SIGN_UNSTABLE
P0_KERNEL_INTEGRATION=ANALYTICALLY_RESOLVED_FOR_TESTED_GEOMETRY
CONTINUUM_SOURCE_RESOLUTION_ESTABLISHED=NO
N73_INTERMEDIATE_STATE_USED_AS_PHYSICAL_FALSIFICATION=NO
FULL_PHYSICAL_HESSIAN=DEFERRED_UNTIL_OPERATIONAL_FORCE_IS_RESOLVED
CURRENT_KNOWLEDGE_HEURISTIC=APPROXIMATELY_70_TO_71_PERCENT
NEXT=023C2AQS_HIGHER_ORDER_CONTINUOUS_ACTIVE_SOURCE_FORCE_INTEGRATION
NONLINEAR_EINSTEIN_SKYRME=NOT_AUTHORIZED
PRACTICAL_ANTIGRAVITY_DEVICE=NO
NEW_PHYSICS_DISCOVERY=NO
CLAIM_CLASSIFICATION=PROJECT_DERIVED_023C2AQR_ANALYTIC_PRISM_EXACT_CAP_PAYLOAD_OPERATOR
