=== 023CR — CHECKERBOARD-FREE LINK-LATTICE TOPOLOGY REPAIR ===

=== A — UPSTREAM 023C AUDIT ===
023A_SOURCE_SHA256=0087a5d2b4f93667308cabf4c3c498200ed29381e9493acf21714df7d8e11c9b
023B_SOURCE_SHA256=6bf99785e67cfe1b2dfcb460bc3145a24115e25949e112f8480a89c880a2803c
023BR_SOURCE_SHA256=e72d56767ae9a0ec8accdbfc95034425ecd30f81013d2cb4682f7555dd61a7c1
023C_SOURCE_SHA256=9fd323a2f845c0373f7926af11f09c563138386b18c8fa3c091acb114318a675
UPSTREAM_023C_AUDIT=PASS

=== B — CHECKERBOARD NULL-MODE DIAGNOSIS ===
CHECKERBOARD_CENTRAL_DERIVATIVE_RMS=0.000000000000000e+00
CHECKERBOARD_LINK_DERIVATIVE_RMS=3.464101615137754e+00
CHECKERBOARD_NULL_MODE_DIAGNOSIS=PASS

=== C — LINK-ACTION GRADIENT SELFCHECK ===
LINK_ACTION_GRADIENT_DIRECTIONAL_RELERR=4.642911633290598e-09
LINK_ACTION_GRADIENT_SELFCHECK=PASS

=== D — CONTINUUM RECONSTRUCTION + COMPACT DOMAIN ===
DIRECT_MAP_DEGREE=6.999999999999997e+00
DIRECT_MAP_I=6.086804239712510e+01
CONTINUUM_ENERGY=1.822575606996537e+03
CONTINUUM_E2=1.701484365984302e+02
CONTINUUM_E4=1.281857454360621e+03
CONTINUUM_E0=3.705697160374863e+02
COMPACT_R_TAIL=2.716979251050441e+00
COMPACT_HALF_DOMAIN=3.206035516239520e+00
PROFILE_F_AT_CARTESIAN_FACE=2.911152911652299e-07
COMPACT_DOMAIN_TAIL=PASS

=== E — PRE-RELAXATION RESOLUTION SCAN ===
N53_DX=1.233090583169045e-01
N53_LINK_ENERGY=1.724714404969294e+03
N53_LINK_E2=1.666209938433910e+02
N53_LINK_E4=1.187522534262283e+03
N53_LINK_E0=3.705708768636193e+02
N53_ENERGY_RELERR=5.369390529071721e-02
N53_E2_RELERR=2.073156136817374e-02
N53_E4_RELERR=7.359236378228259e-02
N53_E0_RELERR=3.132534706524493e-06
N53_TOPOLOGY_CENTRAL2=6.125114152288289e+00
N53_TOPOLOGY_CENTRAL4=6.910505073066056e+00
N53_TOPOLOGY4_RELERR=1.278498956199203e-02
N53_TOPOLOGY_ESTIMATOR_DISAGREEMENT=1.121987029682524e-01
N53_MAX_NEIGHBOR_ANGLE=5.308887470213431e-01
N53_INITIAL_RECONSTRUCTION=FAIL
N65_DX=1.001886098824851e-01
N65_LINK_ENERGY=1.756964354812237e+03
N65_LINK_E2=1.678038076533567e+02
N65_LINK_E4=1.218589748147561e+03
N65_LINK_E0=3.705707990113196e+02
N65_ENERGY_RELERR=3.599919363149089e-02
N65_E2_RELERR=1.377990295971454e-02
N65_E4_RELERR=4.935627280384131e-02
N65_E0_RELERR=2.922447845735646e-06
N65_TOPOLOGY_CENTRAL2=6.409062119442616e+00
N65_TOPOLOGY_CENTRAL4=6.959263606140870e+00
N65_TOPOLOGY4_RELERR=5.819484837018551e-03
N65_TOPOLOGY_ESTIMATOR_DISAGREEMENT=7.860021238546480e-02
N65_MAX_NEIGHBOR_ANGLE=4.369935489064868e-01
N65_INITIAL_RECONSTRUCTION=FAIL
PAIR_N53_N65_ENERGY_RELCHANGE=1.835549466590608e-02
PAIR_N53_N65_TOPOLOGY_ABSCHANGE=6.965504724973418e-03
PAIR_N53_N65_CONVERGENCE=FAIL
N81_DX=8.015088790598801e-02
N81_LINK_ENERGY=1.780124837509752e+03
N81_LINK_E2=1.686407761439717e+02
N81_LINK_E4=1.240913244278268e+03
N81_LINK_E0=3.705708170875123e+02
N81_ENERGY_RELERR=2.329163702390434e-02
N81_E2_RELERR=8.860853996659377e-03
N81_E4_RELERR=3.194131293075457e-02
N81_E0_RELERR=2.971227023810172e-06
N81_TOPOLOGY_CENTRAL2=6.615630477677779e+00
N81_TOPOLOGY_CENTRAL4=6.982792471038059e+00
N81_TOPOLOGY4_RELERR=2.458218423134428e-03
N81_TOPOLOGY_ESTIMATOR_DISAGREEMENT=5.245171333718281e-02
N81_MAX_NEIGHBOR_ANGLE=3.539197281638175e-01
N81_INITIAL_RECONSTRUCTION=FAIL
PAIR_N65_N81_ENERGY_RELCHANGE=1.301059465577398e-02
PAIR_N65_N81_TOPOLOGY_ABSCHANGE=3.361266413884171e-03
PAIR_N65_N81_CONVERGENCE=FAIL
N97_DX=6.679240658832342e-02
N97_LINK_ENERGY=1.792920506072993e+03
N97_LINK_E2=1.690987757500672e+02
N97_LINK_E4=1.253250965458997e+03
N97_LINK_E0=3.705707648639289e+02
N97_ENERGY_RELERR=1.627098530766214e-02
N97_E2_RELERR=6.169088998686035e-03
N97_E4_RELERR=2.231643526689361e-02
N97_E0_RELERR=2.830300018285141e-06
N97_TOPOLOGY_CENTRAL2=6.730703919513615e+00
N97_TOPOLOGY_CENTRAL4=6.991560650308863e+00
N97_TOPOLOGY4_RELERR=1.205621384448130e-03
N97_TOPOLOGY_ESTIMATOR_DISAGREEMENT=3.726524725646411e-02
N97_MAX_NEIGHBOR_ANGLE=2.978239579483870e-01
N97_INITIAL_RECONSTRUCTION=FAIL
PAIR_N81_N97_ENERGY_RELCHANGE=7.136774062151571e-03
PAIR_N81_N97_TOPOLOGY_ABSCHANGE=1.252597038686330e-03
PAIR_N81_N97_CONVERGENCE=FAIL
N113_DX=5.725063421856280e-02
N113_LINK_ENERGY=1.800709970631070e+03
N113_LINK_E2=1.693760338320108e+02
N113_LINK_E4=1.260763156292874e+03
N113_LINK_E0=3.705707805061853e+02
N113_ENERGY_RELERR=1.199710798362989e-02
N113_E2_RELERR=4.539581919535051e-03
N113_E4_RELERR=1.645604040916431e-02
N113_E0_RELERR=2.872511150161500e-06
N113_TOPOLOGY_CENTRAL2=6.801087023181167e+00
N113_TOPOLOGY_CENTRAL4=6.995398007429317e+00
N113_TOPOLOGY4_RELERR=6.574275100976745e-04
N113_TOPOLOGY_ESTIMATOR_DISAGREEMENT=2.775871203544992e-02
N113_MAX_NEIGHBOR_ANGLE=2.544243707751470e-01
N113_INITIAL_RECONSTRUCTION=FAIL
PAIR_N97_N113_ENERGY_RELCHANGE=4.325774103059445e-03
PAIR_N97_N113_TOPOLOGY_ABSCHANGE=5.481938743504397e-04
PAIR_N97_N113_CONVERGENCE=FAIL
INITIAL_RESOLUTION_PAIR=NOT_FOUND
INITIAL_LINK_ENERGY_RECONSTRUCTION=FAIL_OR_UNRESOLVED
INITIAL_CARTESIAN_TOPOLOGY_RECONSTRUCTION=FAIL_OR_UNRESOLVED
023CR_CHECKERBOARD_FREE_LINK_LATTICE_TOPOLOGY_REPAIR=INCOMPLETE_NUMERICAL_GATE
UNRESTRICTED_CARTESIAN_3D_STABILITY=NOT_YET_RESOLVED
NEXT=GEOMETRIC_TOPOLOGY_OR_ADAPTIVE_CARTESIAN_DISCRETIZATION
CURRENT_KNOWLEDGE_HEURISTIC=APPROXIMATELY_70_TO_71_PERCENT_FROM_023BR
NONLINEAR_EINSTEIN_SKYRME=NOT_ESTABLISHED
PRACTICAL_ANTIGRAVITY_DEVICE=NO
