=== 023C — UNRESTRICTED CARTESIAN 3D RELAXATION + FULL PHYSICAL HESSIAN ===

=== A — UPSTREAM 023BR AUDIT ===
023A_SOURCE_SHA256=0087a5d2b4f93667308cabf4c3c498200ed29381e9493acf21714df7d8e11c9b
023B_SOURCE_SHA256=6bf99785e67cfe1b2dfcb460bc3145a24115e25949e112f8480a89c880a2803c
023BR_SOURCE_SHA256=e72d56767ae9a0ec8accdbfc95034425ecd30f81013d2cb4682f7555dd61a7c1
UPSTREAM_023BR_AUDIT=PASS

=== B — CONTINUUM SELECTED-CANDIDATE RECONSTRUCTION ===
SELECTED_B=7
SELECTED_ETA=4.000000000000000e-01
SELECTED_M=8.000000000000000e+00
DIRECT_MAP_DEGREE=6.999999999999997e+00
DIRECT_MAP_I=6.086804239712510e+01
CONTINUUM_PROFILE_ENERGY_4PI=1.822575606996537e+03
PAYLOAD_CENTER=3.870161274564900e-01
PAYLOAD_RADIUS=1.675735743205162e-02
CARTESIAN_R90=4.012376495393672e-01
CARTESIAN_R10=1.304882734420355e+00
CARTESIAN_WALL_WIDTH=9.036450848809876e-01
CARTESIAN_R_TAIL=2.716979251050441e+00
CARTESIAN_HALF_DOMAIN=5.356093296007518e+00
CARTESIAN_LOW_N=43
CARTESIAN_PRIMARY_N=53
CARTESIAN_HESSIAN_N=43
CARTESIAN_LOW_PPW=3.542982867129300e+00
CARTESIAN_PRIMARY_PPW=4.386550216445800e+00
CARTESIAN_HESSIAN_PPW=3.542982867129300e+00
CARTESIAN_GRID_RESOLUTION=PASS

=== C — DISCRETE GRADIENT SELFCHECK ===
DISCRETE_GRADIENT_DIRECTIONAL_RELERR=1.380189443294282e-09
DISCRETE_GRADIENT_SELFCHECK=PASS

=== D — LOW CARTESIAN RELAXATION + OFF-ANSATZ BASIN TEST ===
LOW_INITIAL_ENERGY=1.094895667245505e+03
LOW_INITIAL_E2=1.227164623553832e+02
LOW_INITIAL_E4=6.016278099383014e+02
LOW_INITIAL_E0=3.705513949518200e+02
LOW_INITIAL_ACTIVE_TOTAL=4.621528299729625e+02
LOW_INITIAL_ACTIVE_TO_ENERGY=4.220975968748039e-01
LOW_INITIAL_MIN_ACTIVE_FRACTION=-5.303107490859595e-02
LOW_INITIAL_TOPOLOGY_SIGNED=3.965210197284334e+00
LOW_INITIAL_TOPOLOGY_ABS=3.965210197284334e+00
LOW_INITIAL_TOPOLOGY_RELERR=4.335414003879522e-01
LOW_INITIAL_MAX_NEIGHBOR_ANGLE=1.045980018683836e+00
LOW_INITIAL_MIN_DEC_MARGIN=8.680914129004047e-48
LOW_INITIAL_MAX_ACTIVE_TRACE_SCALED=3.661574645515819e-16
LOW_INITIAL_STRESS_DIVERGENCE_SCALED=7.150203791262042e-01
LOW_INITIAL_ENERGY_RELERR=3.992591237134971e-01
LOW_RELAX_INITIAL_GRAD_RMS=7.736661086472884e+00
LOW_RELAX_FINAL_GRAD_RMS=5.131708446722809e-04
LOW_RELAX_FINAL_GRAD_MAX=1.662035303709240e-02
LOW_RELAX_ITERATIONS=65
LOW_RELAX_ACCEPTED_STEPS=65
LOW_RELAX_CONVERGED=YES
LOW_RELAX_LINE_SEARCH_FAILED=NO
LOW_RELAXED_ENERGY=1.674857303573638e+02
LOW_RELAXED_E2=6.427311919994168e+01
LOW_RELAXED_E4=7.032337653202589e-07
LOW_RELAXED_E0=1.032126104541884e+02
LOW_RELAXED_ACTIVE_TOTAL=-2.064252195019093e+02
LOW_RELAXED_ACTIVE_TO_ENERGY=-1.232494368693144e+00
LOW_RELAXED_MIN_ACTIVE_FRACTION=-1.232494368693102e+00
LOW_RELAXED_TOPOLOGY_SIGNED=8.335273201240451e-13
LOW_RELAXED_TOPOLOGY_ABS=8.335273201240451e-13
LOW_RELAXED_TOPOLOGY_RELERR=9.999999999998810e-01
LOW_RELAXED_MAX_NEIGHBOR_ANGLE=3.141547448840109e+00
LOW_RELAXED_MIN_DEC_MARGIN=8.680914129004047e-48
LOW_RELAXED_MAX_ACTIVE_TRACE_SCALED=1.219456615557537e-15
LOW_RELAXED_STRESS_DIVERGENCE_SCALED=7.012890754852047e-01
OFF_ANSATZ_PERTURB_AMPLITUDE_RAD=4.500000000000000e-02
OFF_ANSATZ_FINAL_ENERGY=2.721049157673141e-06
OFF_ANSATZ_BASIN_ENERGY_RELERR=9.999999837535464e-01
OFF_ANSATZ_FINAL_TOPOLOGY_ABS=5.413693058539734e-22
OFF_ANSATZ_FINAL_GRAD_RMS=7.102367748912205e-04
OFF_ANSATZ_BASIN_RETURN=FAIL

=== E — PRIMARY UNRESTRICTED CARTESIAN RELAXATION ===
PRIMARY_INITIAL_ENERGY=1.281090340224412e+03
PRIMARY_INITIAL_E2=1.366129434534277e+02
PRIMARY_INITIAL_E4=7.739100266245415e+02
PRIMARY_INITIAL_E0=3.705673701464430e+02
PRIMARY_INITIAL_ACTIVE_TOTAL=8.066853129561969e+02
PRIMARY_INITIAL_ACTIVE_TO_ENERGY=6.296865159524093e-01
PRIMARY_INITIAL_MIN_ACTIVE_FRACTION=-3.964575706499709e-02
PRIMARY_INITIAL_TOPOLOGY_SIGNED=4.826694773422100e+00
PRIMARY_INITIAL_TOPOLOGY_ABS=4.826694773422100e+00
PRIMARY_INITIAL_TOPOLOGY_RELERR=3.104721752254142e-01
PRIMARY_INITIAL_MAX_NEIGHBOR_ANGLE=8.382773016717532e-01
PRIMARY_INITIAL_MIN_DEC_MARGIN=1.854669847134619e-48
PRIMARY_INITIAL_MAX_ACTIVE_TRACE_SCALED=4.341584765399723e-16
PRIMARY_INITIAL_STRESS_DIVERGENCE_SCALED=7.478667186066493e-01
PRIMARY_INITIAL_ENERGY_RELERR=2.970989322437221e-01
INITIAL_CARTESIAN_ENERGY_RECONSTRUCTION=FAIL
INITIAL_CARTESIAN_TOPOLOGY=FAIL
PRIMARY_RELAX_INITIAL_GRAD_RMS=6.742818101187134e+00
PRIMARY_RELAX_FINAL_GRAD_RMS=6.294773064244769e-04
PRIMARY_RELAX_FINAL_GRAD_MAX=2.526558578986900e-02
PRIMARY_RELAX_ITERATIONS=109
PRIMARY_RELAX_ACCEPTED_STEPS=109
PRIMARY_RELAX_CONVERGED=YES
PRIMARY_RELAX_LINE_SEARCH_FAILED=NO
PRIMARY_RELAXED_ENERGY=2.062761145270011e+02
PRIMARY_RELAXED_E2=9.146559295530565e+01
PRIMARY_RELAXED_E4=1.313370738773742e-07
PRIMARY_RELAXED_E0=1.148105214403584e+02
PRIMARY_RELAXED_ACTIVE_TOTAL=-2.296210426180426e+02
PRIMARY_RELAXED_ACTIVE_TO_ENERGY=-1.113173200613034e+00
PRIMARY_RELAXED_MIN_ACTIVE_FRACTION=-1.113173200612943e+00
PRIMARY_RELAXED_TOPOLOGY_SIGNED=9.657154744843749e-14
PRIMARY_RELAXED_TOPOLOGY_ABS=9.657154744843749e-14
PRIMARY_RELAXED_TOPOLOGY_RELERR=9.999999999999861e-01
PRIMARY_RELAXED_MAX_NEIGHBOR_ANGLE=3.141575972393730e+00
PRIMARY_RELAXED_MIN_DEC_MARGIN=1.854669847134619e-48
PRIMARY_RELAXED_MAX_ACTIVE_TRACE_SCALED=4.808075228393736e-15
PRIMARY_RELAXED_STRESS_DIVERGENCE_SCALED=6.731331281011267e-01
UNRESTRICTED_PRIMARY_RELAXATION=PASS
RELAXED_CARTESIAN_TOPOLOGY=FAIL
RELAXED_POINTWISE_DEC=PASS
RELAXED_ACTIVE_TRACE_IDENTITY=PASS
RELAXED_NEGATIVE_ENCLOSED_ACTIVE_MASS=PASS
RELAXED_POSITIVE_TOTAL_ACTIVE_MASS=FAIL

=== F — RELAXED DENSE FINITE-PAYLOAD GRAVITY ===
RELAXED_DENSE_ORIENTATION_COUNT=320
RELAXED_MIN_RADIAL_OUTWARD=-1.493036122866722e+03
RELAXED_MAX_RADIAL_OUTWARD=1.674069027303842e+03
RELAXED_MEAN_RADIAL_OUTWARD=2.428605674855910e+02
RELAXED_MAX_TRANSVERSE=7.235108978617733e+02
RELAXED_MAX_TRANSVERSE_OVER_RADIAL=7.235108978617733e+302
RELAXED_WORST_RADIAL_ORIENTATION=(-9.997180958498e-01,2.181371599235e-02,-9.375000000000e-03)
RELAXED_DENSE_FINITE_PAYLOAD_OUTWARD=FAIL

=== G — LOW/PRIMARY CARTESIAN CONVERGENCE ===
RELAXED_ENERGY_LOW_PRIMARY_RELERR=1.880507796968401e-01
RELAXED_ACTIVE_FRACTION_LOW_PRIMARY_ABS=1.193211680801591e-01
RELAXED_LOW_PRIMARY_CONVERGENCE=FAIL

=== H — FULL PHYSICAL CARTESIAN HESSIAN ===
HESSIAN_GRID_RELAX_FINAL_GRAD_RMS=5.131708446722809e-04
HESSIAN_GRID_RELAX_FINAL_GRAD_MAX=1.662035303709240e-02
HESSIAN_GRID_TOPOLOGY_RELERR=9.999999999998810e-01
HESSIAN_GRID_MAX_NEIGHBOR_ANGLE=3.141547448840109e+00
HESSIAN_GRID_RESOLUTION=FAIL
FULL_TANGENT_HESSIAN_DOF=206763
HESSIAN_EIGENSOLVER_CONVERGED=NO
HESSIAN_BILINEAR_ASYMMETRY=inf
HESSIAN_LOWEST_EIGENVALUES=
HESSIAN_LAMBDA_MIN=nan
HESSIAN_SPECTRAL_SCALE=nan
HESSIAN_LOW_MODE_ISOROTATION_OVERLAPS=
LOWEST_MODE_DIRECT_RAYLEIGH=
FULL_TANGENT_HESSIAN_SELF_ADJOINTNESS=FAIL
FULL_PHYSICAL_HESSIAN=FAIL_OR_UNRESOLVED
LOWEST_MODE_DIRECT_CURVATURE=FAIL

=== I — BLIND WILDCARD DIAGNOSTICS — NOT EVIDENCE ===
WILDCARD_FACTOR=1.600000 PERTURB_RAD=7.200000000e-02 ENERGY_RATIO=2.865883850e+00
WILDCARD_FACTOR=1.875000 PERTURB_RAD=8.000000000e-02 ENERGY_RATIO=3.302053109e+00
WILDCARD_FACTOR=3.125000 PERTURB_RAD=8.000000000e-02 ENERGY_RATIO=3.297081528e+00
WILDCARD_FACTOR=0.625000 PERTURB_RAD=2.812500000e-02 ENERGY_RATIO=1.285001737e+00
WILDCARD_FACTOR=5.000000 PERTURB_RAD=8.000000000e-02 ENERGY_RATIO=3.301147184e+00
BLIND_WILDCARD_VALUES_USED_AS_EVIDENCE=NO

=== J — 023C DECISION ===
023C_UNRESTRICTED_CARTESIAN_3D_RELAXATION_AND_FULL_PHYSICAL_HESSIAN=GREEN_NEGATIVE_OR_INCOMPLETE_RESULT
UNRESTRICTED_CARTESIAN_3D_STABILITY=NOT_PROMOTED
NEXT=INSPECT_FAILED_PHYSICAL_GATE_BEFORE_ANY_ESCALATION
CURRENT_KNOWLEDGE_HEURISTIC=APPROXIMATELY_70_TO_71_PERCENT_FROM_023BR
NONLINEAR_EINSTEIN_SKYRME=NOT_ESTABLISHED
PRACTICAL_ENERGY_SCALING=STILL_CATASTROPHIC_IN_PURE_GR
REAL_MATERIAL=NO
PRACTICAL_ANTIGRAVITY_DEVICE=NO
NEW_PHYSICS_DISCOVERY=NO
006D_CONSTRUCTIVE_LINEARIZED_GR_RESULT=RETAINED
018B_FIELD_EXISTENCE_RESULT=RETAINED
018C_KLS_M2_STABILITY_FAILURE=RETAINED
023BR_PROMOTION_GRADE_EXACT_MAP_PREFLIGHT=RETAINED
CLAIM_CLASSIFICATION=PROJECT_DERIVED_023C_UNRESTRICTED_CARTESIAN_3D_RELAXATION_AND_FULL_PHYSICAL_HESSIAN
RELAXED_FIELD_ARTIFACT=results/data/023c_unrestricted_cartesian_relaxed_b7.npz
