=== 023CR2 — HIGH-ORDER GEOMETRIC-TOPOLOGY PREFLIGHT ===

=== A — UPSTREAM 023CR AUDIT ===
023A_SOURCE_SHA256=0087a5d2b4f93667308cabf4c3c498200ed29381e9493acf21714df7d8e11c9b
023B_SOURCE_SHA256=6bf99785e67cfe1b2dfcb460bc3145a24115e25949e112f8480a89c880a2803c
023C_SOURCE_SHA256=9fd323a2f845c0373f7926af11f09c563138386b18c8fa3c091acb114318a675
023CR_SOURCE_SHA256=925c61407aa21a97198be98fe930155e338bb02cf8e0ea8bbf062cbf9c24d327
UPSTREAM_023CR_AUDIT=PASS

=== B — OBSERVED 023CR CONVERGENCE ===
OBSERVED_LINK_ENERGY_CONVERGENCE_ORDER=1.971590715233398e+00
OBSERVED_TOPOLOGY4_CONVERGENCE_ORDER=3.919298958296908e+00
OBSERVED_LINK_ACTION_CONVERGENCE=PASS

=== C — HIGH-ORDER SYMBOL AUDIT ===
HIGH_ORDER_SYMBOL_MIN_ABS_OVER_THETA=9.830186439972489e-01
HIGH_ORDER_NYQUIST_SYMBOL_ABS=1.066666666666667e+01
HIGH_ORDER_SYMBOL_NO_SPURIOUS_UNIT_CIRCLE_ZERO=PASS

=== D — CONTINUUM B7 RECONSTRUCTION ===
DIRECT_MAP_DEGREE=6.999999999999997e+00
DIRECT_MAP_I=6.086804239712510e+01
CONTINUUM_ENERGY=1.822575606996537e+03
CONTINUUM_E2=1.701484365984302e+02
CONTINUUM_E4=1.281857454360621e+03
CONTINUUM_E0=3.705697160374863e+02
HALF_DOMAIN=3.206035516239520e+00
R_TAIL=2.716979251050441e+00
PROFILE_F_AT_FACE=2.911152911652299e-07

=== E — HIGH-ORDER + GEOMETRIC-DEGREE RESOLUTION SCAN ===
N53_DX=1.233090583169045e-01
N53_HIGH_ORDER_ENERGY=1.840715885316107e+03
N53_HIGH_ORDER_E2=1.707118018449289e+02
N53_HIGH_ORDER_E4=1.299433206607581e+03
N53_HIGH_ORDER_E0=3.705708768635967e+02
N53_ENERGY_RELERR=9.855012641700663e-03
N53_E2_RELERR=3.300095484965091e-03
N53_E4_RELERR=1.352570656005102e-02
N53_E0_RELERR=3.132534645473797e-06
N53_TOPOLOGY4=6.910505073066056e+00
N53_TOPOLOGY4_RELERR=1.278498956199203e-02
N53_GEOMETRIC_DEGREES=-7,-7,-7
N53_MAX_NEIGHBOR_ANGLE=5.308887470213431e-01
N53_INITIAL_HIGH_ORDER_RECONSTRUCTION=FAIL
N57_DX=1.145012684371256e-01
N57_HIGH_ORDER_ENERGY=1.826552443921281e+03
N57_HIGH_ORDER_E2=1.701128591066025e+02
N57_HIGH_ORDER_E4=1.285868803824691e+03
N57_HIGH_ORDER_E0=3.705707809899882e+02
N57_ENERGY_RELERR=2.177236650378478e-03
N57_E2_RELERR=2.090967894798750e-04
N57_E4_RELERR=3.119563560557802e-03
N57_E0_RELERR=2.873816708001495e-06
N57_TOPOLOGY4=6.932285391327588e+00
N57_TOPOLOGY4_RELERR=9.673515524630250e-03
N57_GEOMETRIC_DEGREES=-7,-7,-7
N57_MAX_NEIGHBOR_ANGLE=4.973809987619269e-01
N57_INITIAL_HIGH_ORDER_RECONSTRUCTION=PASS
PAIR_N53_N57_ENERGY_RELCHANGE=7.694528801436065e-03
PAIR_N53_N57_E4_RELCHANGE=1.043870721012525e-02
PAIR_N53_N57_TOPOLOGY_ABSCHANGE=3.111474037361767e-03
PAIR_N53_N57_CONVERGENCE=FAIL
N65_DX=1.001886098824851e-01
N65_HIGH_ORDER_ENERGY=1.814360461291545e+03
N65_HIGH_ORDER_E2=1.696451551869168e+02
N65_HIGH_ORDER_E4=1.274144507093322e+03
N65_HIGH_ORDER_E0=3.705707990113062e+02
N65_ENERGY_RELERR=4.507437536997757e-03
N65_E2_RELERR=2.957896185089261e-03
N65_E4_RELERR=6.017008553534130e-03
N65_E0_RELERR=2.922447809534715e-06
N65_TOPOLOGY4=6.959263606140870e+00
N65_TOPOLOGY4_RELERR=5.819484837018551e-03
N65_GEOMETRIC_DEGREES=-7,-7,-7
N65_MAX_NEIGHBOR_ANGLE=4.369935489064868e-01
N65_INITIAL_HIGH_ORDER_RECONSTRUCTION=PASS
PAIR_N57_N65_ENERGY_RELCHANGE=6.674860429171392e-03
PAIR_N57_N65_E4_RELCHANGE=9.117801673464761e-03
PAIR_N57_N65_TOPOLOGY_ABSCHANGE=3.854030687611650e-03
PAIR_N57_N65_CONVERGENCE=PASS

=== F — 023CR2 DECISION ===
INITIAL_HIGH_ORDER_RESOLUTION_PAIR=N57_N65
INITIAL_HIGH_ORDER_ENERGY_RECONSTRUCTION=PASS
INITIAL_DERIVATIVE_TOPOLOGY_RECONSTRUCTION=PASS
INITIAL_GEOMETRIC_B7_DEGREE=PASS
023CR2_HIGH_ORDER_GEOMETRIC_TOPOLOGY_PREFLIGHT=GREEN_NUMERICAL_REPRESENTATION_REPAIR
CARTESIAN_B7_REPRESENTATION=PROMOTION_GRADE_FOR_RELAXATION
HEURISTIC_PROMOTION_FROM_023CR2=NO_NUMERICAL_REPAIR_ONLY
CURRENT_KNOWLEDGE_HEURISTIC=APPROXIMATELY_70_TO_71_PERCENT_FROM_023BR
NEXT=023CR3_GEOMETRIC_DEGREE_GUARDED_UNRESTRICTED_RELAXATION
UNRESTRICTED_CARTESIAN_3D_STABILITY=NOT_YET_RESOLVED
NONLINEAR_EINSTEIN_SKYRME=NOT_ESTABLISHED
PRACTICAL_ANTIGRAVITY_DEVICE=NO
NEW_PHYSICS_DISCOVERY=NO
CLAIM_CLASSIFICATION=PROJECT_DERIVED_023CR2_HIGH_ORDER_GEOMETRIC_TOPOLOGY_PREFLIGHT
