=== 023C2AQ — PAYLOAD VOXEL-QUADRATURE RESOLUTION AUDIT ===

=== A — UPSTREAM AUDIT ===
023cr3_geometric_degree_guarded_unrestricted_relaxation.py_SHA256=350868726af644d1a8bb2970b559c92e1febc4ea261f409ab38c1dca64ac97da
023cr3r_stationarity_continuation_and_optimizer_crosscheck.py_SHA256=545770186fca2b319e37e3882a4f280eb40093a11fe59f95f40ab6eaefab9306
023cr4r_rlbfgs_stationarity_closure_gradient_audit_repair.py_SHA256=eda4d558c258a45e986b7fe6f9fe47e5a371349380f8df509612c66bde515cb3
023c2a_n73_resolution_and_full_tangent_hessian.py_SHA256=0862560521ef4088744879435c193824f75a032a2040ee3475e005ad54147a51
023c2ar_n73_persistent_rlbfgs_stationarity_sentinel.py_SHA256=50ce682704f0786b49c8460a9a588f8245460db5b34a9118d85aef0a5412267a
UPSTREAM_023C2AR_AUDIT=PASS

=== B — LOAD FIELDS ===
N65_SOURCE=results/data/023cr4r_strict_stationary_b7_n65.npz
N73_SOURCE=results/data/023c2ar_n73_persistent_rlbfgs_checkpoint.npz
N73_ACCEPTED_TOTAL=240
PAYLOAD_CENTER=3.870161274564900e-01
PAYLOAD_RADIUS=1.675735743205162e-02
KNOWN_WORST_DIRECTION=-4.543501844637980e-01,1.878880658050992e-02,8.906249999999960e-01

=== N65_NATIVE — NATIVE VOXEL QUADRATURE ===
N65_NATIVE_DX=1.001886098824851e-01
N65_NATIVE_PAYLOAD_RADIUS_OVER_DX=1.672581089976888e-01
N65_NATIVE_TOPOLOGY4=6.967481864276875e+00
N65_NATIVE_ACTIVE_TOTAL_MIDPOINT=1.851388016175421e+03
N65_NATIVE_Q1_RADIAL=5.601853299488255e+00 OUTWARD_CONTRIB=1.023566671381749e+03 INWARD_CONTRIB=-1.017964818082260e+03 CONTRIB_L1=2.041531489464009e+03 CANCELLATION_FACTOR=3.644385849323310e+02 NEAR_2.50DX_CONTRIB=1.102117445041732e+02 MAX_ABS_CELL=3.430533020956082e+01
N65_NATIVE_Q2_RADIAL=7.091242772181943e+00 OUTWARD_CONTRIB=1.014719893640210e+03 INWARD_CONTRIB=-1.007628650868028e+03 CONTRIB_L1=2.022348544508238e+03 CANCELLATION_FACTOR=2.851895795249964e+02 NEAR_2.50DX_CONTRIB=1.116953913676500e+02 MAX_ABS_CELL=2.575396379147024e+01
N65_NATIVE_Q3_RADIAL=3.195666151829130e+00 OUTWARD_CONTRIB=1.013264804712426e+03 INWARD_CONTRIB=-1.010069138560596e+03 CONTRIB_L1=2.023333943273022e+03 CANCELLATION_FACTOR=6.331493488814248e+02 NEAR_2.50DX_CONTRIB=1.078022566758111e+02 MAX_ABS_CELL=2.645630632935899e+01
N65_NATIVE_Q4_RADIAL=-4.420662611141097e+00 OUTWARD_CONTRIB=1.007775581014945e+03 INWARD_CONTRIB=-1.012196243626086e+03 CONTRIB_L1=2.019971824641030e+03 CANCELLATION_FACTOR=4.569386995402527e+02 NEAR_2.50DX_CONTRIB=1.001858767760653e+02 MAX_ABS_CELL=2.858289510752317e+01
N65_NATIVE_NEAR_CELL_COUNT=64
N65_NATIVE_Q3_NEAR_Q6_RADIAL=-5.469077884015405e-03 OUTWARD_CONTRIB=1.010637795110439e+03 INWARD_CONTRIB=-1.010643264188323e+03 CONTRIB_L1=2.021281059298762e+03 CANCELLATION_FACTOR=3.695835206893661e+05 NEAR_2.50DX_CONTRIB=1.046011214460980e+02 MAX_ABS_CELL=2.702990855062995e+01
N65_NATIVE_Q3_NEAR_Q10_RADIAL=-1.981061372345039e-01 OUTWARD_CONTRIB=1.010240760260561e+03 INWARD_CONTRIB=-1.010438866397795e+03 CONTRIB_L1=2.020679626658356e+03 CANCELLATION_FACTOR=1.019998499221869e+04 NEAR_2.50DX_CONTRIB=1.044084843867475e+02 MAX_ABS_CELL=2.682550989900408e+01
N65_NATIVE_Q3_NEAR_Q14_RADIAL=-7.710702756401133e-02 OUTWARD_CONTRIB=1.010462070863894e+03 INWARD_CONTRIB=-1.010539177891459e+03 CONTRIB_L1=2.021001248755353e+03 CANCELLATION_FACTOR=2.621033792383702e+04 NEAR_2.50DX_CONTRIB=1.045294834964179e+02 MAX_ABS_CELL=2.692582139267347e+01
N65_NATIVE_NEAR_Q10_Q14_ABSCHANGE=1.209991096704925e-01
N65_NATIVE_NEAR_Q10_Q14_RELCHANGE=1.209991096704925e-01
N65_NATIVE_VOXEL_QUADRATURE_CONVERGED=FAIL
N65_NATIVE_MIDPOINT_AND_REFINED_SIGN_AGREE=NO

=== N73_NATIVE — NATIVE VOXEL QUADRATURE ===
N73_NATIVE_DX=8.905654211776426e-02
N73_NATIVE_PAYLOAD_RADIUS_OVER_DX=1.881653726224005e-01
N73_NATIVE_TOPOLOGY4=6.979054221081895e+00
N73_NATIVE_ACTIVE_TOTAL_MIDPOINT=1.853935496002481e+03
N73_NATIVE_Q1_RADIAL=-2.296974284513951e+02 OUTWARD_CONTRIB=1.004823860772219e+03 INWARD_CONTRIB=-1.234521289223614e+03 CONTRIB_L1=2.239345149995834e+03 CANCELLATION_FACTOR=9.749108490649421e+00 NEAR_2.50DX_CONTRIB=-1.423766671710403e+02 MAX_ABS_CELL=2.345551769905316e+02
N73_NATIVE_Q2_RADIAL=3.572953949431906e+00 OUTWARD_CONTRIB=1.002678508863130e+03 INWARD_CONTRIB=-9.991055549136983e+02 CONTRIB_L1=2.001784063776828e+03 CANCELLATION_FACTOR=5.602602474333902e+02 NEAR_2.50DX_CONTRIB=9.087658973797588e+01 MAX_ABS_CELL=1.353150398347195e+01
N73_NATIVE_Q3_RADIAL=-1.602938655924794e+01 OUTWARD_CONTRIB=1.003723809344659e+03 INWARD_CONTRIB=-1.019753195903907e+03 CONTRIB_L1=2.023477005248565e+03 CANCELLATION_FACTOR=1.262354612117796e+02 NEAR_2.50DX_CONTRIB=7.128118112300820e+01 MAX_ABS_CELL=2.036199427568797e+01
N73_NATIVE_Q4_RADIAL=1.415480165737620e+00 OUTWARD_CONTRIB=1.003531502719191e+03 INWARD_CONTRIB=-1.002116022553453e+03 CONTRIB_L1=2.005647525272644e+03 CANCELLATION_FACTOR=1.416937922424001e+03 NEAR_2.50DX_CONTRIB=8.872602165588103e+01 MAX_ABS_CELL=1.436804084236701e+01
N73_NATIVE_NEAR_CELL_COUNT=73
N73_NATIVE_Q3_NEAR_Q6_RADIAL=-2.103061458601758e+00 OUTWARD_CONTRIB=1.003556201692038e+03 INWARD_CONTRIB=-1.005659263150640e+03 CONTRIB_L1=2.009215464842679e+03 CANCELLATION_FACTOR=9.553764853731504e+02 NEAR_2.50DX_CONTRIB=8.520750622365439e+01 MAX_ABS_CELL=1.439344398078458e+01
N73_NATIVE_Q3_NEAR_Q10_RADIAL=-2.254850881057962e+00 OUTWARD_CONTRIB=1.003556754808530e+03 INWARD_CONTRIB=-1.005811605689588e+03 CONTRIB_L1=2.009368360498117e+03 CANCELLATION_FACTOR=8.911313725346371e+02 NEAR_2.50DX_CONTRIB=8.505571680119823e+01 MAX_ABS_CELL=1.439404235200166e+01
N73_NATIVE_Q3_NEAR_Q14_RADIAL=-2.372775406283438e+00 OUTWARD_CONTRIB=1.003556753518349e+03 INWARD_CONTRIB=-1.005929528924632e+03 CONTRIB_L1=2.009486282442981e+03 CANCELLATION_FACTOR=8.468927472535256e+02 NEAR_2.50DX_CONTRIB=8.493779227597278e+01 MAX_ABS_CELL=1.439404106849328e+01
N73_NATIVE_NEAR_Q10_Q14_ABSCHANGE=1.179245252254759e-01
N73_NATIVE_NEAR_Q10_Q14_RELCHANGE=4.969898327216114e-02
N73_NATIVE_VOXEL_QUADRATURE_CONVERGED=FAIL
N73_NATIVE_MIDPOINT_AND_REFINED_SIGN_AGREE=YES

=== C — MIDPOINT REPRODUCTION CHECK ===
N65_MIDPOINT_REFERENCE_RELERR=2.313414976973497e-12
N73_MIDPOINT_REFERENCE_RELERR=7.102413519837407e-14
MIDPOINT_REFERENCE_REPRODUCTION=PASS

=== D — CROSS-GRID FIELD TRANSFER MIDPOINT MATRIX ===
N65_FIELD_ON_N73_GRID_Q1_RADIAL=-2.332801055966366e+02 OUTWARD_CONTRIB=1.011335053436635e+03 INWARD_CONTRIB=-1.244615159033271e+03 CONTRIB_L1=2.255950212469906e+03 CANCELLATION_FACTOR=9.670564091610355e+00 NEAR_2.50DX_CONTRIB=-1.573138544849469e+02 MAX_ABS_CELL=2.407928928262338e+02
N65_FIELD_ON_N73_GRID_TOPOLOGY4=6.978913258827288e+00
N73_FIELD_ON_N65_GRID_Q1_RADIAL=4.132092430063040e+00 OUTWARD_CONTRIB=1.031830972424747e+03 INWARD_CONTRIB=-1.027698879994684e+03 CONTRIB_L1=2.059529852419431e+03 CANCELLATION_FACTOR=4.984229872098991e+02 NEAR_2.50DX_CONTRIB=1.078309911203995e+02 MAX_ABS_CELL=3.503465598355879e+01
N73_FIELD_ON_N65_GRID_TOPOLOGY4=6.965949003706823e+00
N65_FIELD_ON_N81_GRID_Q1_RADIAL=7.702697026738593e+01 OUTWARD_CONTRIB=1.092515605720794e+03 INWARD_CONTRIB=-1.015488635453408e+03 CONTRIB_L1=2.108004241174202e+03 CANCELLATION_FACTOR=2.736709277096874e+01 NEAR_2.50DX_CONTRIB=1.179045656591653e+02 MAX_ABS_CELL=8.515582904799798e+01
N65_FIELD_ON_N81_GRID_TOPOLOGY4=6.986074745229323e+00
N73_FIELD_ON_N81_GRID_Q1_RADIAL=6.916002762817197e+01 OUTWARD_CONTRIB=1.086734218530510e+03 INWARD_CONTRIB=-1.017574190902338e+03 CONTRIB_L1=2.104308409432849e+03 CANCELLATION_FACTOR=3.042665657605477e+01 NEAR_2.50DX_CONTRIB=1.178203263145175e+02 MAX_ABS_CELL=8.394979813834489e+01
N73_FIELD_ON_N81_GRID_TOPOLOGY4=6.985858919821383e+00

=== E — DECISION ===
N65_REFINED_SENTINEL=-7.710702756401133e-02
N73_REFINED_SENTINEL=-2.372775406283438e+00
N65_REFINED_SENTINEL_OUTWARD=NO
N73_REFINED_SENTINEL_OUTWARD=NO
N65_POINT_QUADRATURE_SIGN_CHANGED=YES
N73_POINT_QUADRATURE_SIGN_CHANGED=NO
N65_FIELD_ON_N73_GRID_MIDPOINT=-2.332801055966366e+02
N73_FIELD_ON_N65_GRID_MIDPOINT=4.132092430063040e+00
N65_FIELD_ON_N81_GRID_MIDPOINT=7.702697026738593e+01
N73_FIELD_ON_N81_GRID_MIDPOINT=6.916002762817197e+01
023C2AQ_PAYLOAD_VOXEL_QUADRATURE_RESOLUTION_AUDIT=INCOMPLETE_KERNEL_QUADRATURE_NOT_CONVERGED
N73_INTERMEDIATE_STATE_USED_AS_PHYSICAL_FALSIFICATION=NO
FULL_PHYSICAL_HESSIAN=DEFERRED_UNTIL_PAYLOAD_OPERATOR_AND_N73_STATIONARITY_ARE_RESOLVED
CURRENT_KNOWLEDGE_HEURISTIC=APPROXIMATELY_70_TO_71_PERCENT
NEXT=ADAPTIVE_CELL_KERNEL_INTEGRATION_OR_ANALYTIC_VOXEL_KERNEL
NONLINEAR_EINSTEIN_SKYRME=NOT_AUTHORIZED
PRACTICAL_ANTIGRAVITY_DEVICE=NO
NEW_PHYSICS_DISCOVERY=NO
CLAIM_CLASSIFICATION=PROJECT_DERIVED_023C2AQ_PAYLOAD_VOXEL_QUADRATURE_RESOLUTION_AUDIT
