=== 023CR3 — GEOMETRIC-DEGREE-GUARDED UNRESTRICTED RELAXATION ===

=== A — UPSTREAM 023CR2 AUDIT ===
023A_SOURCE_SHA256=0087a5d2b4f93667308cabf4c3c498200ed29381e9493acf21714df7d8e11c9b
023B_SOURCE_SHA256=6bf99785e67cfe1b2dfcb460bc3145a24115e25949e112f8480a89c880a2803c
023C_SOURCE_SHA256=9fd323a2f845c0373f7926af11f09c563138386b18c8fa3c091acb114318a675
023CR2_SOURCE_SHA256=6affc28547b7849140f1eacf6992c9541ea9ba9a7c306e69121ca60ef76ad1db
UPSTREAM_023CR2_AUDIT=PASS

=== B — HIGH-ORDER ACTION GRADIENT SELFCHECK ===
HIGH_ORDER_ACTION_GRADIENT_DIRECTIONAL_RELERR=1.336135904896501e-08
HIGH_ORDER_ACTION_GRADIENT_SELFCHECK=PASS

=== C — CONTINUUM SELECTED-CANDIDATE RECONSTRUCTION ===
DIRECT_MAP_DEGREE=6.999999999999997e+00
DIRECT_MAP_I=6.086804239712510e+01
CONTINUUM_ENERGY=1.822575606996537e+03
CONTINUUM_E4=1.281857454360621e+03
PAYLOAD_CENTER=3.870161274564900e-01
PAYLOAD_RADIUS=1.675735743205162e-02
HALF_DOMAIN=3.206035516239520e+00
R_TAIL=2.716979251050441e+00
PROFILE_F_AT_FACE=2.911152911652299e-07

=== D57 — N=57 INITIAL RECONSTRUCTION + UNRESTRICTED RELAXATION ===
N57_DX=1.145012684371256e-01
N57_INITIAL_HIGH_ORDER_ENERGY=1.826552443921281e+03
N57_INITIAL_HIGH_ORDER_E2=1.701128591066025e+02
N57_INITIAL_HIGH_ORDER_E4=1.285868803824690e+03
N57_INITIAL_HIGH_ORDER_E0=3.705707809899882e+02
N57_INITIAL_ENERGY_RELERR=2.177236650378230e-03
N57_INITIAL_E4_RELERR=3.119563560557450e-03
N57_INITIAL_TOPOLOGY4=6.932285391327588e+00
N57_INITIAL_TOPOLOGY4_RELERR=9.673515524630250e-03
N57_INITIAL_GEOMETRIC_DEGREES=-7,-7,-7
N57_INITIAL_MAX_NEIGHBOR_ANGLE=4.973809987619269e-01
N57_INITIAL_RECONSTRUCTION=PASS
N57_RELAX_INITIAL_ENERGY=1.826552443921281e+03
N57_RELAX_FINAL_ENERGY=1.755379665438839e+03
N57_RELAX_ENERGY_DROP_FRACTION=3.896563644767135e-02
N57_RELAX_INITIAL_GRAD_RMS=1.107421634805873e+02
N57_RELAX_FINAL_GRAD_RMS=1.767874000487182e+00
N57_RELAX_FINAL_GRAD_MAX=4.290334489260111e+01
N57_RELAX_ACCEPTED_STEPS=180
N57_RELAX_REJECTED_ENERGY_TRIALS=71
N57_RELAX_REJECTED_TOPOLOGY_TRIALS=0
N57_RELAX_REJECTED_SMOOTHNESS_TRIALS=0
N57_RELAX_LINE_SEARCH_FAILED=NO
N57_RELAX_CONVERGED=NO
N57_RELAX_FINAL_TOPOLOGY4=6.950448886743300e+00
N57_RELAX_FINAL_GEOMETRIC_DEGREES=-7,-7,-7
N57_RELAX_FINAL_MAX_NEIGHBOR_ANGLE=5.058637599401181e-01
N57_RELAXED_CONTINUUM_ENERGY=1.777264275120998e+03
N57_RELAXED_CONTINUUM_E2=1.709485709168958e+02
N57_RELAXED_CONTINUUM_E4=1.246798138260653e+03
N57_RELAXED_CONTINUUM_E0=3.595175659434498e+02
N57_RELAXED_ACTIVE_TOTAL=1.774561144634406e+03
N57_RELAXED_ACTIVE_TO_ENERGY=9.984790497820544e-01
N57_RELAXED_MIN_ACTIVE_FRACTION=-1.638629699367022e-02
N57_RELAXED_TOPOLOGY4=6.950448886743300e+00
N57_RELAXED_TOPOLOGY4_RELERR=7.078730465242877e-03
N57_RELAXED_GEOMETRIC_DEGREES=-7,-7,-7
N57_RELAXED_MAX_NEIGHBOR_ANGLE=5.058637599401181e-01
N57_RELAXED_MIN_DEC_SCALED_MARGIN=3.987903171856722e-15
N57_RELAXED_MAX_ACTIVE_TRACE_SCALED=5.683738940821938e-16
N57_RELAXED_ENERGY_CENTROID_NORM=1.223833879843580e-16
N57_RELAXED_DENSE_ORIENTATION_COUNT=320
N57_RELAXED_MIN_RADIAL_OUTWARD=-1.656658953375428e+02
N57_RELAXED_MAX_RADIAL_OUTWARD=3.954867937035871e+02
N57_RELAXED_MEAN_RADIAL_OUTWARD=1.822089283554286e+02
N57_RELAXED_MAX_TRANSVERSE=2.067674705847971e+02
N57_RELAXED_MAX_TRANSVERSE_OVER_RADIAL=1.763059055744762e+302
N57_RELAXED_WORST_RADIAL_ORIENTATION=(-8.311592410794e-01,5.545483976564e-01,-4.062500000000e-02)
N57_RELAXED_DENSE_FINITE_PAYLOAD_OUTWARD=FAIL

=== D65 — N=65 INITIAL RECONSTRUCTION + UNRESTRICTED RELAXATION ===
N65_DX=1.001886098824851e-01
N65_INITIAL_HIGH_ORDER_ENERGY=1.814360461291545e+03
N65_INITIAL_HIGH_ORDER_E2=1.696451551869168e+02
N65_INITIAL_HIGH_ORDER_E4=1.274144507093322e+03
N65_INITIAL_HIGH_ORDER_E0=3.705707990113062e+02
N65_INITIAL_ENERGY_RELERR=4.507437536997757e-03
N65_INITIAL_E4_RELERR=6.017008553534130e-03
N65_INITIAL_TOPOLOGY4=6.959263606140870e+00
N65_INITIAL_TOPOLOGY4_RELERR=5.819484837018551e-03
N65_INITIAL_GEOMETRIC_DEGREES=-7,-7,-7
N65_INITIAL_MAX_NEIGHBOR_ANGLE=4.369935489064862e-01
N65_INITIAL_RECONSTRUCTION=PASS
N65_RELAX_INITIAL_ENERGY=1.814360461291545e+03
N65_RELAX_FINAL_ENERGY=1.762220736778564e+03
N65_RELAX_ENERGY_DROP_FRACTION=2.873724688415311e-02
N65_RELAX_INITIAL_GRAD_RMS=8.176131175134255e+01
N65_RELAX_FINAL_GRAD_RMS=4.625183833777814e+00
N65_RELAX_FINAL_GRAD_MAX=1.112215126182604e+02
N65_RELAX_ACCEPTED_STEPS=180
N65_RELAX_REJECTED_ENERGY_TRIALS=72
N65_RELAX_REJECTED_TOPOLOGY_TRIALS=0
N65_RELAX_REJECTED_SMOOTHNESS_TRIALS=0
N65_RELAX_LINE_SEARCH_FAILED=NO
N65_RELAX_CONVERGED=NO
N65_RELAX_FINAL_TOPOLOGY4=6.969774506582035e+00
N65_RELAX_FINAL_GEOMETRIC_DEGREES=-7,-7,-7
N65_RELAX_FINAL_MAX_NEIGHBOR_ANGLE=4.482727604253252e-01
N65_RELAXED_CONTINUUM_ENERGY=1.780282078306745e+03
N65_RELAXED_CONTINUUM_E2=1.714229790359520e+02
N65_RELAXED_CONTINUUM_E4=1.244336378473350e+03
N65_RELAXED_CONTINUUM_E0=3.645227207974434e+02
N65_RELAXED_ACTIVE_TOTAL=1.759627315351813e+03
N65_RELAXED_ACTIVE_TO_ENERGY=9.883980391609754e-01
N65_RELAXED_MIN_ACTIVE_FRACTION=-1.603011933139859e-02
N65_RELAXED_TOPOLOGY4=6.969774506582035e+00
N65_RELAXED_TOPOLOGY4_RELERR=4.317927631137808e-03
N65_RELAXED_GEOMETRIC_DEGREES=-7,-7,-7
N65_RELAXED_MAX_NEIGHBOR_ANGLE=4.482727604253252e-01
N65_RELAXED_MIN_DEC_SCALED_MARGIN=2.416348455143929e-13
N65_RELAXED_MAX_ACTIVE_TRACE_SCALED=6.040784837008638e-16
N65_RELAXED_ENERGY_CENTROID_NORM=3.264254494804161e-17
N65_RELAXED_DENSE_ORIENTATION_COUNT=320
N65_RELAXED_MIN_RADIAL_OUTWARD=4.145180244235742e+01
N65_RELAXED_MAX_RADIAL_OUTWARD=3.609809056185168e+02
N65_RELAXED_MEAN_RADIAL_OUTWARD=1.880369389113390e+02
N65_RELAXED_MAX_TRANSVERSE=2.417929538235274e+02
N65_RELAXED_MAX_TRANSVERSE_OVER_RADIAL=2.079493861220293e+00
N65_RELAXED_WORST_RADIAL_ORIENTATION=(-4.543501844638e-01,1.878880658051e-02,8.906250000000e-01)
N65_RELAXED_DENSE_FINITE_PAYLOAD_OUTWARD=PASS

=== E — TWO-RESOLUTION RELAXED CONVERGENCE ===
RELAXED_N57_N65_ENERGY_RELCHANGE=1.695126419863207e-03
RELAXED_N57_N65_ACTIVE_FRACTION_ABSCHANGE=3.561776622716291e-04
RELAXED_N57_N65_MIN_PAYLOAD_RELCHANGE=1.250213252147641e+00
RELAXED_N57_N65_TOPOLOGY_ABSCHANGE=2.760802834105038e-03
RELAXED_N57_N65_CONVERGENCE=FAIL

=== F — PHYSICAL PROMOTION CHECKS ===
N57_UNRESTRICTED_STATIONARITY=FAIL
N57_GEOMETRIC_B7_DEGREE=PASS
N57_DERIVATIVE_TOPOLOGY=PASS
N57_LATTICE_SMOOTHNESS=PASS
N57_POSITIVE_TOTAL_ACTIVE_MASS=PASS
N57_NEGATIVE_ENCLOSED_ACTIVE_MASS=PASS
N57_POINTWISE_DEC=PASS
N57_ACTIVE_TRACE_IDENTITY=PASS
N57_DENSE_FINITE_PAYLOAD_OUTWARD=FAIL
N57_PHYSICAL_RELAXATION_GATE=FAIL
N65_UNRESTRICTED_STATIONARITY=FAIL
N65_GEOMETRIC_B7_DEGREE=PASS
N65_DERIVATIVE_TOPOLOGY=PASS
N65_LATTICE_SMOOTHNESS=PASS
N65_POSITIVE_TOTAL_ACTIVE_MASS=PASS
N65_NEGATIVE_ENCLOSED_ACTIVE_MASS=PASS
N65_POINTWISE_DEC=PASS
N65_ACTIVE_TRACE_IDENTITY=PASS
N65_DENSE_FINITE_PAYLOAD_OUTWARD=PASS
N65_PHYSICAL_RELAXATION_GATE=FAIL
RELAXED_FIELD_ARTIFACT=results/data/023cr3_unrestricted_relaxed_b7_n65.npz

=== G — 023CR3 DECISION ===
023CR3_GEOMETRIC_DEGREE_GUARDED_UNRESTRICTED_RELAXATION=INCOMPLETE_NUMERICAL_OR_STATIONARITY_GATE
UNRESTRICTED_CARTESIAN_STATIONARY_B7_FIELD=NOT_YET_ESTABLISHED
NEXT=INSPECT_FIRST_FAILED_GATE_BEFORE_HESSIAN
CURRENT_KNOWLEDGE_HEURISTIC=APPROXIMATELY_70_TO_71_PERCENT_FROM_023BR
UNRESTRICTED_CARTESIAN_3D_STABILITY=NOT_YET_ESTABLISHED_UNTIL_HESSIAN
NONLINEAR_EINSTEIN_SKYRME=NOT_ESTABLISHED
PRACTICAL_ENERGY_SCALING=STILL_CATASTROPHIC_IN_PURE_GR
REAL_MATERIAL=NO
PRACTICAL_ANTIGRAVITY_DEVICE=NO
NEW_PHYSICS_DISCOVERY=NO
CLAIM_CLASSIFICATION=PROJECT_DERIVED_023CR3_GEOMETRIC_DEGREE_GUARDED_UNRESTRICTED_RELAXATION
