=== 023C2AQS2R3 — TRUE-RESIDUAL N73 NEWTON + LOCALIZATION ===

=== A — FAIL-CLOSED UPSTREAM AUDIT ===
023C2AQS2R2_SOURCE_SHA256=3f2378f9d7f8a4b77cf2d5a40582b2a00aea4fe1725426a3021167be7d67a773
UPSTREAM_023C2AQS2R2_AUDIT=PASS

=== B — LOAD LATEST N73 STATE ===
NK3_START_SOURCE=results/data/023c2aqs2r2_n73_adaptive_newton_checkpoint.npz
NK3_START_ACCEPTED_TOTAL=409
NK3_START_NEWTON_ACCEPTED_TOTAL=9
NK3_START_HISTORY_LENGTH=20
NK3_START_HISTORY_DISCARDED=0
NK3_START_NORM_MAXERR=2.220446049250313e-16
NK3_START_ENERGY=1.767349928738799e+03
NK3_START_GRAD_RMS=9.794114315427918e-03
NK3_START_GRAD_MAX=1.867636563734954e-01
NK3_START_STATIONARITY_MERIT=6.529409543618612e+00
NK3_START_STRICT_STATIONARITY=FAIL
NK3_START_TOPOLOGY4=6.979143998532878e+00
NK3_START_GEOMETRIC_DEGREES=-7,-7,-7

=== C — START RESIDUAL LOCALIZATION ===
RESIDUAL_MAX_INDEX=(np.int64(30), np.int64(33), np.int64(40))
RESIDUAL_MAX_COORD=(-5.343392527066e-01,-2.671696263533e-01,3.562261684711e-01)
RESIDUAL_MAX_RADIUS=6.955538292126374e-01
RESIDUAL_MAX_BOUNDARY_DISTANCE_CELLS=30
RESIDUAL_L2_FRACTION_BOUNDARY_4=7.640784281235348e-02
RESIDUAL_L2_FRACTION_CORE_R_LT_0P30=4.057615906520412e-03
RESIDUAL_L2_FRACTION_WALL_R_0P30_TO_1P60=4.927550639502775e-01
RESIDUAL_L2_FRACTION_TAIL_R_GE_1P60=5.031873201432019e-01
NK3_START_RESIDUAL_GAUSSIAN_LOW_L2_FRACTION=2.649066840533428e-01
NK3_START_RESIDUAL_GAUSSIAN_HIGH_L2_FRACTION=5.399862880517581e-01
NK3_START_RESIDUAL_NEIGHBOR_ROUGHNESS_RATIO=3.839674144010538e+00

=== D — TRUE-RESIDUAL-CERTIFIED NEWTON SLICE ===
NK3_OUTER=1 NDOF=1073733 GRAD_RMS=9.794114315427918e-03 GRAD_MAX=1.867636563734954e-01 STATIONARITY_MERIT=6.529409543618612e+00 TRUE_FORCING_ETA=7.917217416412074e-02
NK_HVP_STEP_POINT_ANGLE=1.000000000000000e-04 RAYLEIGH=2.907240727599528e+02 MATVECS=1
NK_HVP_STEP_POINT_ANGLE=2.000000000000000e-04 RAYLEIGH=2.907240771476667e+02 MATVECS=1
NK_HVP_STEP_POINT_ANGLE=4.000000000000000e-04 RAYLEIGH=2.907240946985119e+02 MATVECS=1
NK_HVP_STEP_RELCHANGE_FINE_PRIMARY=1.974476783133257e-08
NK_HVP_STEP_RELCHANGE_PRIMARY_COARSE=7.897755982745548e-08
NK_HVP_STEP_CONVERGENCE=PASS
NK_HESSIAN_BILINEAR_UHV=-1.073427575066847e+00
NK_HESSIAN_BILINEAR_HUW=-1.073427576690042e+00
NK_HESSIAN_BILINEAR_RELASYM=1.512160414935160e-09
NK_HESSIAN_SELF_ADJOINTNESS=PASS
NK3_PRECONDITIONER_USABLE_PAIRS=20
NK3_SECANT_CURVATURE_SCALE=2.560962400548226e+05
NK3_GRADIENT_RAYLEIGH=2.388961806021853e+05
NK3_SMOOTH_RAYLEIGH=2.985570360802540e+02
NK3_GRADIENT_TO_SMOOTH_CURVATURE_RATIO=8.001693202030871e+02
NK3_LOCAL_DAMPING_SCALE=2.388961806021853e+05
NK3_LINEAR_OUTER_1_DAMP_0.000000e+00_REFINE=0 MINRES_INFO=26 MINRES_ITERS=26 INNER_RTOL=5.000000000e-03 TRUE_SHIFTED_RELRES=6.039403889987283e-01 TRUE_RELRES_REDUCTION=1.655792555384312e+00 ETA_TARGET=7.917217416412074e-02
NK3_LINEAR_OUTER_1_DAMP_0.000000e+00_REFINE=1 MINRES_INFO=26 MINRES_ITERS=26 INNER_RTOL=2.375165225e-03 TRUE_SHIFTED_RELRES=3.877212228131235e-01 TRUE_RELRES_REDUCTION=1.557666574496025e+00 ETA_TARGET=7.917217416412074e-02
NK3_LINEAR_OUTER_1_DAMP_0.000000e+00_REFINE=2 MINRES_INFO=26 MINRES_ITERS=26 INNER_RTOL=5.937913062e-04 TRUE_SHIFTED_RELRES=3.086599120518442e-01 TRUE_RELRES_REDUCTION=1.256143761059582e+00 ETA_TARGET=7.917217416412074e-02
NK3_LINEAR_CERTIFICATE_OUTER=1 DAMP_MULT=0.000000e+00 MU=0.000000000000000e+00 TRUE_SHIFTED_RELRES=3.086599120518442e-01 ETA_TARGET=7.917217416412074e-02 CERTIFIED=NO
NK3_LINEAR_OUTER_1_DAMP_5.000000e-03_REFINE=0 MINRES_INFO=26 MINRES_ITERS=26 INNER_RTOL=5.000000000e-03 TRUE_SHIFTED_RELRES=2.071805808086859e-01 TRUE_RELRES_REDUCTION=4.826707194741465e+00 ETA_TARGET=7.917217416412074e-02
NK3_LINEAR_OUTER_1_DAMP_5.000000e-03_REFINE=1 MINRES_INFO=26 MINRES_ITERS=26 INNER_RTOL=2.375165225e-03 TRUE_SHIFTED_RELRES=3.805995086083280e-02 TRUE_RELRES_REDUCTION=5.443532535453005e+00 ETA_TARGET=7.917217416412074e-02
NK3_LINEAR_CERTIFICATE_OUTER=1 DAMP_MULT=5.000000e-03 MU=1.194480903010927e+03 TRUE_SHIFTED_RELRES=3.805995086083280e-02 ETA_TARGET=7.917217416412074e-02 CERTIFIED=YES
NK3_LINEAR_DIRECTION_DESCENT=YES
NK3_DIRECTION_OUTER=1 DAMP_MULT=5.000000e-03 MAX_POINT=2.170505466321165e-05 TRUST_ANGLE=3.427940010399771e-03 ALPHA0=1.000000000000000e+00
NK3_LINESEARCH_TRIAL_OUTER=1 DAMP_MULT=5.000000e-03 LS=0 ALPHA=1.000000000000000e+00 ENERGY=1.767349921615226e+03 GRAD_RMS=5.292554799397772e-03 GRAD_MAX=2.535428689652307e-02 STATIONARITY_MERIT=3.528369866265181e+00 MERIT_ACCEPT=YES
NK3_NEWTON_STEP_ACCEPTED=YES OUTER=1 DAMP_MULT=5.000000e-03 MU=1.194480903010927e+03 ALPHA=1.000000000000000e+00 TRUE_SHIFTED_RELRES=3.805995086083280e-02 MERIT_REDUCTION_FACTOR=1.850545660205987e+00 ENERGY=1.767349921615226e+03 GRAD_RMS=5.292554799397772e-03 GRAD_MAX=2.535428689652307e-02 STATIONARITY_MERIT=3.528369866265181e+00 TOPOLOGY4=6.979144235785169e+00 GEOMETRIC_DEGREES=-7,-7,-7 MAX_NEIGHBOR_ANGLE=4.057046563520211e-01
NK3_CHECKPOINT_WRITTEN=results/data/023c2aqs2r3_n73_true_residual_newton_checkpoint.npz NEWTON_ACCEPTED_TOTAL=10 HISTORY_LENGTH=20
NK3_OUTER=2 NDOF=1073733 GRAD_RMS=5.292554799397772e-03 GRAD_MAX=2.535428689652307e-02 STATIONARITY_MERIT=3.528369866265181e+00 TRUE_FORCING_ETA=5.819995765990363e-02
NK3_PRECONDITIONER_USABLE_PAIRS=20
NK3_SECANT_CURVATURE_SCALE=2.560962400572796e+05
NK3_GRADIENT_RAYLEIGH=3.022187814332530e+03
NK3_SMOOTH_RAYLEIGH=2.922050930538430e+02
NK3_GRADIENT_TO_SMOOTH_CURVATURE_RATIO=1.034269383448306e+01
NK3_LOCAL_DAMPING_SCALE=3.022187814332530e+03
NK3_LINEAR_OUTER_2_DAMP_0.000000e+00_REFINE=0 MINRES_INFO=26 MINRES_ITERS=26 INNER_RTOL=5.000000000e-03 TRUE_SHIFTED_RELRES=1.016518755238533e+00 TRUE_RELRES_REDUCTION=9.837496798230181e-01 ETA_TARGET=5.819995765990363e-02
NK3_LINEAR_OUTER_2_DAMP_0.000000e+00_REFINE=1 MINRES_INFO=26 MINRES_ITERS=26 INNER_RTOL=1.745998730e-03 TRUE_SHIFTED_RELRES=7.163163259998899e-01 TRUE_RELRES_REDUCTION=1.419091982609216e+00 ETA_TARGET=5.819995765990363e-02
NK3_LINEAR_OUTER_2_DAMP_0.000000e+00_REFINE=2 MINRES_INFO=26 MINRES_ITERS=26 INNER_RTOL=4.364996824e-04 TRUE_SHIFTED_RELRES=5.486693892313593e-01 TRUE_RELRES_REDUCTION=1.305551831501645e+00 ETA_TARGET=5.819995765990363e-02
NK3_LINEAR_CERTIFICATE_OUTER=2 DAMP_MULT=0.000000e+00 MU=0.000000000000000e+00 TRUE_SHIFTED_RELRES=5.486693892313593e-01 ETA_TARGET=5.819995765990363e-02 CERTIFIED=NO
NK3_LINEAR_OUTER_2_DAMP_5.000000e-03_REFINE=0 MINRES_INFO=26 MINRES_ITERS=26 INNER_RTOL=5.000000000e-03 TRUE_SHIFTED_RELRES=1.013481101066839e+00 TRUE_RELRES_REDUCTION=9.866982215527770e-01 ETA_TARGET=5.819995765990363e-02
NK3_LINEAR_OUTER_2_DAMP_5.000000e-03_REFINE=1 MINRES_INFO=26 MINRES_ITERS=26 INNER_RTOL=1.745998730e-03 TRUE_SHIFTED_RELRES=7.292278527299574e-01 TRUE_RELRES_REDUCTION=1.389800317243428e+00 ETA_TARGET=5.819995765990363e-02
NK3_LINEAR_OUTER_2_DAMP_5.000000e-03_REFINE=2 MINRES_INFO=26 MINRES_ITERS=26 INNER_RTOL=4.364996824e-04 TRUE_SHIFTED_RELRES=5.151180538884912e-01 TRUE_RELRES_REDUCTION=1.415651901977047e+00 ETA_TARGET=5.819995765990363e-02
NK3_LINEAR_CERTIFICATE_OUTER=2 DAMP_MULT=5.000000e-03 MU=1.511093907166265e+01 TRUE_SHIFTED_RELRES=5.151180538884912e-01 ETA_TARGET=5.819995765990363e-02 CERTIFIED=NO
NK3_LINEAR_OUTER_2_DAMP_2.000000e-02_REFINE=0 MINRES_INFO=26 MINRES_ITERS=26 INNER_RTOL=5.000000000e-03 TRUE_SHIFTED_RELRES=9.567027518280502e-01 TRUE_RELRES_REDUCTION=1.045256740496688e+00 ETA_TARGET=5.819995765990363e-02
NK3_LINEAR_OUTER_2_DAMP_2.000000e-02_REFINE=1 MINRES_INFO=26 MINRES_ITERS=26 INNER_RTOL=1.745998730e-03 TRUE_SHIFTED_RELRES=6.458848091110402e-01 TRUE_RELRES_REDUCTION=1.481228135934645e+00 ETA_TARGET=5.819995765990363e-02
NK3_LINEAR_OUTER_2_DAMP_2.000000e-02_REFINE=2 MINRES_INFO=26 MINRES_ITERS=26 INNER_RTOL=4.364996824e-04 TRUE_SHIFTED_RELRES=4.400253333302710e-01 TRUE_RELRES_REDUCTION=1.467835508975700e+00 ETA_TARGET=5.819995765990363e-02
NK3_LINEAR_CERTIFICATE_OUTER=2 DAMP_MULT=2.000000e-02 MU=6.044375628665060e+01 TRUE_SHIFTED_RELRES=4.400253333302710e-01 ETA_TARGET=5.819995765990363e-02 CERTIFIED=NO
NK3_LINEAR_OUTER_2_DAMP_1.000000e-01_REFINE=0 MINRES_INFO=26 MINRES_ITERS=26 INNER_RTOL=5.000000000e-03 TRUE_SHIFTED_RELRES=6.139518899060198e-01 TRUE_RELRES_REDUCTION=1.628792119449415e+00 ETA_TARGET=5.819995765990363e-02
NK3_LINEAR_OUTER_2_DAMP_1.000000e-01_REFINE=1 MINRES_INFO=26 MINRES_ITERS=26 INNER_RTOL=1.745998730e-03 TRUE_SHIFTED_RELRES=3.177247507117477e-01 TRUE_RELRES_REDUCTION=1.932338883044780e+00 ETA_TARGET=5.819995765990363e-02
NK3_LINEAR_OUTER_2_DAMP_1.000000e-01_REFINE=2 MINRES_INFO=26 MINRES_ITERS=26 INNER_RTOL=4.364996824e-04 TRUE_SHIFTED_RELRES=1.724177326345341e-01 TRUE_RELRES_REDUCTION=1.842761448355281e+00 ETA_TARGET=5.819995765990363e-02
NK3_LINEAR_CERTIFICATE_OUTER=2 DAMP_MULT=1.000000e-01 MU=3.022187814332530e+02 TRUE_SHIFTED_RELRES=1.724177326345341e-01 ETA_TARGET=5.819995765990363e-02 CERTIFIED=NO
NK3_NEWTON_STEP_ACCEPTED=NO

=== E — END-OF-SLICE AUDIT ===
NK3_OUTER_ATTEMPTED=2
NK3_OUTER_ACCEPTED=1
NK3_HVP_MATVEC_CALLS=463
NK3_MINRES_TOTAL_ITERATIONS=442
NK3_LINEAR_CERT_FAILURES=5
NK3_LINESEARCH_REJECTS=0
NK3_FINAL_ENERGY=1.767349921615226e+03
NK3_FINAL_GRAD_RMS=5.292554799397772e-03
NK3_FINAL_GRAD_MAX=2.535428689652307e-02
NK3_FINAL_STATIONARITY_MERIT=3.528369866265181e+00
NK3_FINAL_STRICT_STATIONARITY=FAIL
NK3_FINAL_TOPOLOGY4=6.979144235785169e+00
NK3_FINAL_GEOMETRIC_DEGREES=-7,-7,-7
NK3_FINAL_MAX_NEIGHBOR_ANGLE=4.057046563520211e-01

=== F — FINAL RESIDUAL LOCALIZATION ===
RESIDUAL_MAX_INDEX=(np.int64(36), np.int64(29), np.int64(52))
RESIDUAL_MAX_COORD=(0.000000000000e+00,-6.233957948244e-01,1.424904673884e+00)
RESIDUAL_MAX_RADIUS=1.555305644129735e+00
RESIDUAL_MAX_BOUNDARY_DISTANCE_CELLS=20
RESIDUAL_L2_FRACTION_BOUNDARY_4=4.936106329300504e-02
RESIDUAL_L2_FRACTION_CORE_R_LT_0P30=8.956909841165594e-04
RESIDUAL_L2_FRACTION_WALL_R_0P30_TO_1P60=3.967377657188707e-01
RESIDUAL_L2_FRACTION_TAIL_R_GE_1P60=6.023665432970128e-01
NK3_FINAL_RESIDUAL_GAUSSIAN_LOW_L2_FRACTION=6.057268406029569e-01
NK3_FINAL_RESIDUAL_GAUSSIAN_HIGH_L2_FRACTION=1.549602093050539e-01
NK3_FINAL_RESIDUAL_NEIGHBOR_ROUGHNESS_RATIO=8.433860368281078e-01
NK3_CHECKPOINT_WRITTEN=results/data/023c2aqs2r3_n73_true_residual_newton_checkpoint.npz NEWTON_ACCEPTED_TOTAL=10 HISTORY_LENGTH=20

=== G — BOUNDED INCOMPLETE DECISION ===
023C2AQS2R3_TRUE_RESIDUAL_NEWTON=INCOMPLETE_SHORT_TRUE_RESIDUAL_SLICE
N73_ACTUAL_FINE_STRICT_STATIONARITY=NOT_YET
TRUE_RESIDUAL_NEWTON_LOCAL_ACCELERATION=SUPPORTED
NEXT=RERUN_SAME_023C2AQS2R3_FROM_TRUE_RESIDUAL_CHECKPOINT
N73_CONTINUOUS_FORCE=NOT_RUN_BEFORE_STATIONARITY
FULL_PHYSICAL_HESSIAN=DEFERRED_OPERATIONAL_FORCE_AND_FINE_FIELD_UNRESOLVED
CURRENT_KNOWLEDGE_HEURISTIC=APPROXIMATELY_70_TO_71_PERCENT_FROM_023BR_NOT_A_PROBABILITY
NONLINEAR_EINSTEIN_SKYRME=NOT_AUTHORIZED
PRACTICAL_ANTIGRAVITY_DEVICE=NO
