=== 023CR4 — RLBFGS STATIONARITY CLOSURE ===

=== A — UPSTREAM AUDIT ===
023CR2_SOURCE_SHA256=6affc28547b7849140f1eacf6992c9541ea9ba9a7c306e69121ca60ef76ad1db
023CR3_SOURCE_SHA256=350868726af644d1a8bb2970b559c92e1febc4ea261f409ab38c1dca64ac97da
023CR3R_SOURCE_SHA256=545770186fca2b319e37e3882a4f280eb40093a11fe59f95f40ab6eaefab9306
UPSTREAM_023CR3R_AUDIT=PASS

=== B — EXACT DISCRETE GRADIENT RECHECK ===
HIGH_ORDER_ACTION_GRADIENT_DIRECTIONAL_RELERR=1.336135904896501e-08
HIGH_ORDER_ACTION_GRADIENT_SELFCHECK=PASS

=== C — LOAD / LOCALIZE SAVED RESIDUAL ===
START_FIELD=results/data/023cr3r_stationary_b7_n65.npz
START_FIELD_SHAPE=(65, 65, 65, 4)
START_DX=1.001886098824851e-01
START_ACCEPTED_TOTAL=0
START_SOURCE_TAG=023CR3R_N65
START_TOPOLOGY4=6.967514627176904e+00
START_GEOMETRIC_DEGREES=-7,-7,-7
START_MAX_NEIGHBOR_ANGLE=4.554732729875847e-01
SAVED_FIELD_AUDIT=PASS
START_ENERGY=1.761107493507171e+03
START_GRAD_RMS=1.025325034208835e-02
START_GRAD_MAX=6.564345447229475e-02
START_STRICT_STATIONARITY=FAIL
RESIDUAL_MAX_INDEX=(np.int64(41), np.int64(26), np.int64(32))
RESIDUAL_MAX_COORD=(9.016974889424e-01,-6.011316592949e-01,0.000000000000e+00)
RESIDUAL_MAX_RADIUS=1.083705510446274e+00
RESIDUAL_MAX_BOUNDARY_DISTANCE_CELLS=23
RESIDUAL_L2_FRACTION_BOUNDARY_4=4.401292433510540e-04
RESIDUAL_L2_FRACTION_CORE_R_LT_0P30=2.314971594089238e-04
RESIDUAL_L2_FRACTION_WALL_R_0P30_TO_1P60=9.757455439992810e-01
RESIDUAL_L2_FRACTION_TAIL_R_GE_1P60=2.402295884131004e-02
SAVED_FIELD_DIRECTIONAL_FINITE=5.741185304941610e-05
SAVED_FIELD_DIRECTIONAL_ANALYTIC=5.774795751479047e-05
SAVED_FIELD_DIRECTIONAL_RELERR=5.820196589434143e-03
SAVED_FIELD_DIRECTIONAL_GRADIENT_CHECK=FAIL
Traceback (most recent call last):
  File "/Users/mymac/Desktop/antigravity_research/simulations/023cr4_rlbfgs_stationarity_closure.py", line 761, in <module>
    main()
    ~~~~^^
  File "/Users/mymac/Desktop/antigravity_research/simulations/023cr4_rlbfgs_stationarity_closure.py", line 672, in main
    raise RuntimeError("Directional gradient check failed at saved N65 field")
RuntimeError: Directional gradient check failed at saved N65 field
