=== 023C2AQS2R — N73 RIEMANNIAN NEWTON-KRYLOV STATIONARITY CLOSURE ===

=== A — FAIL-CLOSED UPSTREAM AUDIT ===
023c2aqs2_n73_stationarity_and_continuous_force_resolution.py_SHA256=99e716b4af2c00aca5aa32874bbbb772013d849419683b2ee75200e5c5c7ab1d
023c2a_n73_resolution_and_full_tangent_hessian.py_SHA256=0862560521ef4088744879435c193824f75a032a2040ee3475e005ad54147a51
UPSTREAM_023C2AQS2_C2A_AUDIT=PASS

=== B — LOAD N73 STATE ===
NK_START_SOURCE=results/data/023c2aqs2_n73_stationarity_checkpoint.npz
NK_START_ACCEPTED_TOTAL=400
NK_START_NEWTON_ACCEPTED_TOTAL=0
NK_START_HISTORY_LENGTH=20
NK_START_HISTORY_DISCARDED=0
NK_START_NORM_MAXERR=2.220446049250313e-16
NK_START_ENERGY=1.767350007845979e+03
NK_START_GRAD_RMS=9.948083916600872e-02
NK_START_GRAD_MAX=4.509035639677077e+00
NK_START_STRICT_STATIONARITY=FAIL
NK_START_TOPOLOGY4=6.979140584361323e+00
NK_START_GEOMETRIC_DEGREES=-7,-7,-7

=== C — MATRIX-FREE RIEMANNIAN NEWTON-KRYLOV ===
NK_OUTER=1 NDOF=1073733 GRAD_RMS=9.948083916600872e-02 GRAD_MAX=4.509035639677077e+00
NK_EXACT_ISOROTATION_ZERO_MODE_COUNT=3
NK_SPATIAL_SYMMETRY_GRAD_OVERLAPS=1.524733725e-07,3.127290387e-08,3.006546196e-07,7.024448385e-04,7.024936120e-04,7.025582419e-04
NK_SPATIAL_SYMMETRY_COMBINED_GRAD_FRACTION=1.216763832406983e-03
NK_HVP_STEP_POINT_ANGLE=1.000000000000000e-04 RAYLEIGH=2.907251721663506e+02 MATVECS=1
NK_HVP_STEP_POINT_ANGLE=2.000000000000000e-04 RAYLEIGH=2.907251765540597e+02 MATVECS=1
NK_HVP_STEP_POINT_ANGLE=4.000000000000000e-04 RAYLEIGH=2.907251941049179e+02 MATVECS=1
NK_HVP_STEP_RELCHANGE_FINE_PRIMARY=1.974415307301076e-08
NK_HVP_STEP_RELCHANGE_PRIMARY_COARSE=7.897576148341328e-08
NK_HVP_STEP_CONVERGENCE=PASS
NK_HESSIAN_BILINEAR_UHV=-1.073565087459640e+00
NK_HESSIAN_BILINEAR_HUW=-1.073565089072674e+00
NK_HESSIAN_BILINEAR_RELASYM=1.502501805412830e-09
NK_HESSIAN_SELF_ADJOINTNESS=PASS
NK_PRECONDITIONER_USABLE_PAIRS=20
NK_SECANT_CURVATURE_SCALE=6.242000245514843e+05
NK_LINEAR_SOLVE_OUTER=1 DAMP_FACTOR=2.000000e-02 MU=1.248400049102968e+04 MINRES_INFO=0 MINRES_ITERS=3 RTOL=1.500000000e-01 G_DOT_DELTA=-6.616775112527947e-06 DELTA_NORM2=4.558239546385624e-11 MAX_POINT=5.442538768711863e-06 TRUST_ANGLE=9.948083916600873e-03 ALPHA0=1.000000000000000e+00
NK_LINEAR_DIRECTION_DESCENT=YES
NK_LINESEARCH_TRIAL_OUTER=1 LS=0 ALPHA=1.000000000000000e+00 ENERGY=1.767350003122554e+03 GRAD_RMS=5.530720535251249e-02 GRAD_MAX=7.425889967081359e-01 RESIDUAL_ACCEPT=YES
NK_NEWTON_STEP_ACCEPTED=YES OUTER=1 ALPHA=1.000000000000000e+00 RMS_REDUCTION_FACTOR=1.798695821492805e+00 ENERGY=1.767350003122554e+03 GRAD_RMS=5.530720535251249e-02 GRAD_MAX=7.425889967081359e-01 TOPOLOGY4=6.979140597643458e+00 GEOMETRIC_DEGREES=-7,-7,-7 MAX_NEIGHBOR_ANGLE=4.057417034523208e-01
NK_CHECKPOINT_WRITTEN=results/data/023c2aqs2r_n73_newton_krylov_checkpoint.npz NEWTON_ACCEPTED_TOTAL=1 HISTORY_LENGTH=20
NK_OUTER=2 NDOF=1073733 GRAD_RMS=5.530720535251249e-02 GRAD_MAX=7.425889967081359e-01
NK_EXACT_ISOROTATION_ZERO_MODE_COUNT=3
NK_SPATIAL_SYMMETRY_GRAD_OVERLAPS=9.053044688e-09,3.819202748e-08,8.861801983e-08,1.256716643e-03,1.256906053e-03,1.257083113e-03
NK_SPATIAL_SYMMETRY_COMBINED_GRAD_FRACTION=2.177018031374453e-03
NK_PRECONDITIONER_USABLE_PAIRS=20
NK_SECANT_CURVATURE_SCALE=6.208096323963823e+05
NK_LINEAR_SOLVE_OUTER=2 DAMP_FACTOR=2.000000e-02 MU=1.241619264792765e+04 MINRES_INFO=0 MINRES_ITERS=3 RTOL=1.175874200e-01 G_DOT_DELTA=-5.827313444237648e-06 DELTA_NORM2=1.042125423217159e-10 MAX_POINT=7.060306867730816e-06 TRUST_ANGLE=5.530720535251249e-03 ALPHA0=1.000000000000000e+00
NK_LINEAR_DIRECTION_DESCENT=YES
NK_LINESEARCH_TRIAL_OUTER=2 LS=0 ALPHA=1.000000000000000e+00 ENERGY=1.767349998723038e+03 GRAD_RMS=4.951683814883996e-02 GRAD_MAX=1.336971959976872e+00 RESIDUAL_ACCEPT=NO
NK_LINESEARCH_TRIAL_OUTER=2 LS=1 ALPHA=5.000000000000000e-01 ENERGY=1.767350000565846e+03 GRAD_RMS=4.810338739790784e-02 GRAD_MAX=5.902788269963122e-01 RESIDUAL_ACCEPT=YES
NK_NEWTON_STEP_ACCEPTED=YES OUTER=2 ALPHA=5.000000000000000e-01 RMS_REDUCTION_FACTOR=1.149756978547377e+00 ENERGY=1.767350000565846e+03 GRAD_RMS=4.810338739790784e-02 GRAD_MAX=5.902788269963122e-01 TOPOLOGY4=6.979140608104860e+00 GEOMETRIC_DEGREES=-7,-7,-7 MAX_NEIGHBOR_ANGLE=4.057413408985481e-01
NK_CHECKPOINT_WRITTEN=results/data/023c2aqs2r_n73_newton_krylov_checkpoint.npz NEWTON_ACCEPTED_TOTAL=2 HISTORY_LENGTH=20
NK_OUTER=3 NDOF=1073733 GRAD_RMS=4.810338739790784e-02 GRAD_MAX=5.902788269963122e-01
NK_EXACT_ISOROTATION_ZERO_MODE_COUNT=3
NK_SPATIAL_SYMMETRY_GRAD_OVERLAPS=4.311181333e-08,2.465999459e-08,1.697265546e-07,1.439901843e-03,1.440175064e-03,1.440327739e-03
NK_SPATIAL_SYMMETRY_COMBINED_GRAD_FRACTION=2.494386810462592e-03
NK_PRECONDITIONER_USABLE_PAIRS=20
NK_SECANT_CURVATURE_SCALE=6.208096323963800e+05
NK_LINEAR_SOLVE_OUTER=3 DAMP_FACTOR=2.000000e-02 MU=1.241619264792760e+04 MINRES_INFO=0 MINRES_ITERS=4 RTOL=1.096624222e-01 G_DOT_DELTA=-8.015383764150575e-06 DELTA_NORM2=2.470021428257179e-10 MAX_POINT=9.162697137264470e-06 TRUST_ANGLE=4.810338739790785e-03 ALPHA0=1.000000000000000e+00
NK_LINEAR_DIRECTION_DESCENT=YES
NK_LINESEARCH_TRIAL_OUTER=3 LS=0 ALPHA=1.000000000000000e+00 ENERGY=1.767349994310065e+03 GRAD_RMS=3.976316965392269e-02 GRAD_MAX=8.802933603692871e-01 RESIDUAL_ACCEPT=NO
NK_LINESEARCH_TRIAL_OUTER=3 LS=1 ALPHA=5.000000000000000e-01 ENERGY=1.767349996998055e+03 GRAD_RMS=4.049924500583657e-02 GRAD_MAX=7.160002370663998e-01 RESIDUAL_ACCEPT=YES
NK_NEWTON_STEP_ACCEPTED=YES OUTER=3 ALPHA=5.000000000000000e-01 RMS_REDUCTION_FACTOR=1.187760102465500e+00 ENERGY=1.767349996998055e+03 GRAD_RMS=4.049924500583657e-02 GRAD_MAX=7.160002370663998e-01 TOPOLOGY4=6.979140626421583e+00 GEOMETRIC_DEGREES=-7,-7,-7 MAX_NEIGHBOR_ANGLE=4.057408021263464e-01
NK_CHECKPOINT_WRITTEN=results/data/023c2aqs2r_n73_newton_krylov_checkpoint.npz NEWTON_ACCEPTED_TOTAL=3 HISTORY_LENGTH=20

=== D — END-OF-SLICE AUDIT ===
NK_OUTER_ATTEMPTED=3
NK_OUTER_ACCEPTED=3
NK_HVP_MATVEC_CALLS=10
NK_MINRES_TOTAL_ITERATIONS=10
NK_DAMPING_RETRIES=0
NK_LINESEARCH_REJECTS=2
NK_FINAL_ENERGY=1.767349996998055e+03
NK_FINAL_GRAD_RMS=4.049924500583657e-02
NK_FINAL_GRAD_MAX=7.160002370663998e-01
NK_FINAL_STRICT_STATIONARITY=FAIL
NK_FINAL_TOPOLOGY4=6.979140626421583e+00
NK_FINAL_GEOMETRIC_DEGREES=-7,-7,-7
NK_FINAL_MAX_NEIGHBOR_ANGLE=4.057408021263464e-01
NK_CHECKPOINT_WRITTEN=results/data/023c2aqs2r_n73_newton_krylov_checkpoint.npz NEWTON_ACCEPTED_TOTAL=3 HISTORY_LENGTH=20

=== E — BOUNDED INCOMPLETE DECISION ===
023C2AQS2R_N73_NEWTON_KRYLOV_STATIONARITY=INCOMPLETE_SHORT_SECOND_ORDER_SLICE
N73_ACTUAL_FINE_STRICT_STATIONARITY=NOT_YET
NEWTON_KRYLOV_LOCAL_ACCELERATION=SUPPORTED
NEXT=RERUN_SAME_023C2AQS2R_FROM_NEWTON_KRYLOV_CHECKPOINT
N73_CONTINUOUS_FORCE=NOT_RUN_BEFORE_STATIONARITY
FULL_PHYSICAL_HESSIAN=DEFERRED_OPERATIONAL_FORCE_AND_FINE_FIELD_UNRESOLVED
CURRENT_KNOWLEDGE_HEURISTIC=APPROXIMATELY_70_TO_71_PERCENT_FROM_023BR_NOT_A_PROBABILITY
NONLINEAR_EINSTEIN_SKYRME=NOT_AUTHORIZED
PRACTICAL_ANTIGRAVITY_DEVICE=NO
