=== 023CR3R — STATIONARITY CONTINUATION + OPTIMIZER CROSS-CHECK ===

=== A — UPSTREAM 023CR3 AUDIT ===
023CR3_SOURCE_SHA256=350868726af644d1a8bb2970b559c92e1febc4ea261f409ab38c1dca64ac97da
023CR2_SOURCE_SHA256=6affc28547b7849140f1eacf6992c9541ea9ba9a7c306e69121ca60ef76ad1db
UPSTREAM_023CR3_AUDIT=PASS

=== B — DISCRETE GRADIENT RECHECK ===
HIGH_ORDER_ACTION_GRADIENT_DIRECTIONAL_RELERR=1.336135904896501e-08
HIGH_ORDER_ACTION_GRADIENT_SELFCHECK=PASS

=== C — LOAD SAVED N=65 FIELD ===
N65_ARTIFACT_SHAPE=(65, 65, 65, 4)
N65_ARTIFACT_DX=1.001886098824851e-01
N65_ARTIFACT_B=7
N65_ARTIFACT_ETA=4.000000000000000e-01
N65_ARTIFACT_M=8.000000000000000e+00
N65_ARTIFACT_AUDIT=PASS
N65_RESUME_INITIAL_GRAD_RMS=4.625183833777814e+00
N65_RESUME_INITIAL_GRAD_MAX=1.112215126182604e+02
N65_RESUME_INITIAL_STATIONARITY=FAIL
N65_RESUME_INITIAL_GEOMETRIC_DEGREES=-7,-7,-7
N65_RESUME_INITIAL_MIN_ACTIVE_FRACTION=-1.603011933139859e-02
N65_RESUME_INITIAL_ACTIVE_TOTAL=1.759627315351813e+03
N65_RESUME_INITIAL_PAYLOAD_MIN_RADIAL=4.145180244235742e+01

=== N65 — RESTARTED NCG CONTINUATION ===
N65_NCG_RELAX_INITIAL_ENERGY=1.762220736778564e+03
N65_NCG_RELAX_FINAL_ENERGY=1.761238136507885e+03
N65_NCG_RELAX_ENERGY_DROP_FRACTION=5.575920485848630e-04
N65_NCG_RELAX_INITIAL_GRAD_RMS=4.625183833777802e+00
N65_NCG_RELAX_FINAL_GRAD_RMS=2.459095477926140e-01
N65_NCG_RELAX_FINAL_GRAD_MAX=1.594716065139272e+00
N65_NCG_RELAX_ACCEPTED_STEPS=420
N65_NCG_RELAX_REJECTED_ENERGY_TRIALS=166
N65_NCG_RELAX_REJECTED_TOPOLOGY_TRIALS=0
N65_NCG_RELAX_REJECTED_SMOOTHNESS_TRIALS=0
N65_NCG_RELAX_LINE_SEARCH_FAILED=NO
N65_NCG_RELAX_CONVERGED=NO
N65_NCG_RELAX_FINAL_TOPOLOGY4=6.968272460853849e+00
N65_NCG_RELAX_FINAL_GEOMETRIC_DEGREES=-7,-7,-7
N65_NCG_RELAX_FINAL_MAX_NEIGHBOR_ANGLE=4.526786671083530e-01
N65_NCG_STRICT_GRAD_RMS=2.459095477926140e-01
N65_NCG_STRICT_GRAD_MAX=1.594716065139272e+00
N65_NCG_STRICT_STATIONARITY=FAIL

=== N65 — INDEPENDENT BB CONTINUATION ===
BB_PROGRESS_ACCEPTED=100 ENERGY=1.761198354455682e+03 GRAD_RMS=3.355165318762772e-01 GRAD_MAX=1.546567842717647e+01 STEP_GUESS=8.127718314459025e-07
BB_PROGRESS_ACCEPTED=200 ENERGY=1.761155157386384e+03 GRAD_RMS=1.489576099340824e-01 GRAD_MAX=1.272019397989535e+00 STEP_GUESS=1.065683163601193e-06
BB_PROGRESS_ACCEPTED=300 ENERGY=1.761121047385378e+03 GRAD_RMS=8.205421270595839e-02 GRAD_MAX=6.083536390768208e-01 STEP_GUESS=4.043015558144351e-06
BB_PROGRESS_ACCEPTED=400 ENERGY=1.761115760116948e+03 GRAD_RMS=1.819356457050925e-01 GRAD_MAX=4.379707897324810e+00 STEP_GUESS=1.000608954102063e-06
BB_PROGRESS_ACCEPTED=500 ENERGY=1.761113305295469e+03 GRAD_RMS=6.979464901904644e-01 GRAD_MAX=4.174721104594272e+01 STEP_GUESS=8.154162126834760e-07
BB_PROGRESS_ACCEPTED=600 ENERGY=1.761110873725728e+03 GRAD_RMS=8.549203666511530e-02 GRAD_MAX=1.468308463584125e+00 STEP_GUESS=5.022041426323369e-06
BB_PROGRESS_ACCEPTED=700 ENERGY=1.761109037450762e+03 GRAD_RMS=2.895778527010936e-02 GRAD_MAX=1.891287096222753e-01 STEP_GUESS=9.879459857225154e-07
BB_PROGRESS_ACCEPTED=800 ENERGY=1.761107622220296e+03 GRAD_RMS=2.817741999905025e-01 GRAD_MAX=1.673402161842306e+01 STEP_GUESS=8.904473973900294e-07
BB_PROGRESS_ACCEPTED=900 ENERGY=1.761107493507171e+03 GRAD_RMS=1.025325034209064e-02 GRAD_MAX=6.564345447161112e-02 STEP_GUESS=8.885222449488028e-06
N65_BB_INITIAL_ENERGY=1.761238136507884e+03
N65_BB_FINAL_ENERGY=1.761107493507171e+03
N65_BB_ENERGY_DROP_FRACTION=7.417679529284073e-05
N65_BB_INITIAL_GRAD_RMS=2.459095477926133e-01
N65_BB_INITIAL_GRAD_MAX=1.594716065139025e+00
N65_BB_FINAL_GRAD_RMS=1.025325034209064e-02
N65_BB_FINAL_GRAD_MAX=6.564345447161112e-02
N65_BB_ACCEPTED_STEPS=900
N65_BB_REJECTED_ENERGY_TRIALS=152
N65_BB_REJECTED_TOPOLOGY_TRIALS=0
N65_BB_REJECTED_SMOOTHNESS_TRIALS=0
N65_BB_LINE_SEARCH_FAILED=NO
N65_BB_CONVERGED=NO
N65_BB_FINAL_TOPOLOGY4=6.967514627176904e+00
N65_BB_FINAL_GEOMETRIC_DEGREES=-7,-7,-7
N65_BB_FINAL_MAX_NEIGHBOR_ANGLE=4.554732729875847e-01

=== N65 — FINAL STATIONARY/PHYSICAL AUDIT ===
N65_FINAL_METHOD=RESTARTED_NCG_PLUS_BB
N65_FINAL_GRAD_RMS=1.025325034209064e-02
N65_FINAL_GRAD_MAX=6.564345447161112e-02
N65_FINAL_STRICT_STATIONARITY=FAIL
N65_FINAL_CONTINUUM_ENERGY=1.780214922744784e+03
N65_FINAL_CONTINUUM_E2=1.683471201303741e+02
N65_FINAL_CONTINUUM_E4=1.268430253290418e+03
N65_FINAL_CONTINUUM_E0=3.434375493239920e+02
N65_FINAL_ACTIVE_TOTAL=1.849985407932852e+03
N65_FINAL_ACTIVE_TO_ENERGY=1.039192169606406e+00
N65_FINAL_MIN_ACTIVE_FRACTION=-1.473002202606793e-02
N65_FINAL_TOPOLOGY4=6.967514627176904e+00
N65_FINAL_TOPOLOGY4_RELERR=4.640767546156610e-03
N65_FINAL_GEOMETRIC_DEGREES=-7,-7,-7
N65_FINAL_MAX_NEIGHBOR_ANGLE=4.554732729875847e-01
N65_FINAL_MIN_DEC_SCALED_MARGIN=2.841587643874230e-12
N65_FINAL_MAX_ACTIVE_TRACE_SCALED=5.985400117271228e-16
N65_FINAL_ENERGY_CENTROID_NORM=3.976242416510767e-16
N65_FINAL_DENSE_ORIENTATION_COUNT=320
N65_FINAL_MIN_RADIAL_OUTWARD=6.147014431111820e+00
N65_FINAL_MAX_RADIAL_OUTWARD=3.693418958656564e+02
N65_FINAL_MEAN_RADIAL_OUTWARD=1.729098869049205e+02
N65_FINAL_MAX_TRANSVERSE=2.446072538100800e+02
N65_FINAL_MAX_TRANSVERSE_OVER_RADIAL=1.427725474825939e+01
N65_FINAL_WORST_RADIAL_ORIENTATION=(-4.543501844638e-01,1.878880658051e-02,8.906250000000e-01)
N65_FINAL_DENSE_FINITE_PAYLOAD_OUTWARD=PASS
N65_GEOMETRIC_B7=PASS
N65_DERIVATIVE_TOPOLOGY=PASS
N65_LATTICE_SMOOTHNESS=PASS
N65_POSITIVE_TOTAL_ACTIVE_MASS=PASS
N65_NEGATIVE_ENCLOSED_ACTIVE_MASS=PASS
N65_POINTWISE_DEC=PASS
N65_ACTIVE_TRACE_IDENTITY=PASS
N65_DENSE_FINITE_PAYLOAD_OUTWARD=PASS
N65_PHYSICAL_GATE=PASS
N65_STATIONARY_FIELD_ARTIFACT=results/data/023cr3r_stationary_b7_n65.npz

=== F — 023CR3R DECISION ===
023CR3R_STATIONARITY_CONTINUATION_AND_OPTIMIZER_CROSSCHECK=INCOMPLETE_PRIMARY_STATIONARITY_GATE
UNRESTRICTED_CARTESIAN_STATIONARY_B7_FIELD=NOT_YET_ESTABLISHED
PHYSICAL_FALSIFICATION=NO_PRIMARY_FIELD_NOT_STATIONARY
CURRENT_KNOWLEDGE_HEURISTIC=APPROXIMATELY_70_TO_71_PERCENT_FROM_023BR
NEXT=INSPECT_RESIDUAL_GRADIENT_LOCALIZATION_OR_USE_NEWTON_KRYLOV_PRECONDITIONER
FULL_PHYSICAL_HESSIAN=NOT_AUTHORIZED
NONLINEAR_EINSTEIN_SKYRME=NOT_ESTABLISHED
PRACTICAL_ANTIGRAVITY_DEVICE=NO
