=== 023C2AR — PERSISTENT-HISTORY N73 STATIONARITY + SENTINEL ===

=== A — UPSTREAM AUDIT ===
023cr2_high_order_geometric_topology_preflight.py_SHA256=6affc28547b7849140f1eacf6992c9541ea9ba9a7c306e69121ca60ef76ad1db
023cr3_geometric_degree_guarded_unrestricted_relaxation.py_SHA256=350868726af644d1a8bb2970b559c92e1febc4ea261f409ab38c1dca64ac97da
023cr3r_stationarity_continuation_and_optimizer_crosscheck.py_SHA256=545770186fca2b319e37e3882a4f280eb40093a11fe59f95f40ab6eaefab9306
023cr4r_rlbfgs_stationarity_closure_gradient_audit_repair.py_SHA256=eda4d558c258a45e986b7fe6f9fe47e5a371349380f8df509612c66bde515cb3
023c2a_n73_resolution_and_full_tangent_hessian.py_SHA256=0862560521ef4088744879435c193824f75a032a2040ee3475e005ad54147a51
UPSTREAM_023C2A_AUDIT=PASS

=== B — LOAD N73 STATE + PERSISTED CURVATURE HISTORY ===
START_SOURCE=results/data/023c2a_n73_rlbfgs_checkpoint.npz
START_ACCEPTED_TOTAL=160
START_HISTORY_LENGTH=0
START_HISTORY_DISCARDED=0
START_ENERGY=1.767361619586553e+03
START_GRAD_RMS=7.503874276635869e-01
START_GRAD_MAX=2.637891521246428e+01
START_STRICT_STATIONARITY=FAIL
START_TOPOLOGY4=6.978989580260049e+00
START_GEOMETRIC_DEGREES=-7,-7,-7
START_MAX_NEIGHBOR_ANGLE=4.060196144468129e-01
START_WORST_DIRECTION_SENTINEL=-2.313564264869859e+02

=== C — PERSISTENT R-LBFGS CONTINUATION ===
PERSISTENT_RLBFGS_PROGRESS_THIS_RUN=10 ACCEPTED_TOTAL=170 ENERGY=1.767360767463681e+03 GRAD_RMS=3.810720244565230e-01 GRAD_MAX=8.899428431601104e+00 TOPOLOGY4=6.978990366774315e+00 SENTINEL=-2.313759219135320e+02 HISTORY=7 ALPHA=1.000000000000000e+00
PERSISTENT_RLBFGS_PROGRESS_THIS_RUN=20 ACCEPTED_TOTAL=180 ENERGY=1.767359976111224e+03 GRAD_RMS=1.120989036112496e+00 GRAD_MAX=3.850059184431267e+01 TOPOLOGY4=6.978996602298801e+00 SENTINEL=-2.312368827117582e+02 HISTORY=7 ALPHA=1.000000000000000e+00
PERSISTENT_RLBFGS_PROGRESS_THIS_RUN=30 ACCEPTED_TOTAL=190 ENERGY=1.767358901388950e+03 GRAD_RMS=4.603086022876703e-01 GRAD_MAX=8.902811560537980e+00 TOPOLOGY4=6.979008781720574e+00 SENTINEL=-2.308906807725818e+02 HISTORY=7 ALPHA=1.000000000000000e+00
PERSISTENT_RLBFGS_PROGRESS_THIS_RUN=40 ACCEPTED_TOTAL=200 ENERGY=1.767357530133179e+03 GRAD_RMS=5.429189616772084e-01 GRAD_MAX=2.161585106344035e+01 TOPOLOGY4=6.979028128153017e+00 SENTINEL=-2.304767917837591e+02 HISTORY=7 ALPHA=1.000000000000000e+00
PERSISTENT_CHECKPOINT_WRITTEN=results/data/023c2ar_n73_persistent_rlbfgs_checkpoint.npz HISTORY_LENGTH=7
PERSISTENT_RLBFGS_PROGRESS_THIS_RUN=50 ACCEPTED_TOTAL=210 ENERGY=1.767356628194379e+03 GRAD_RMS=4.354754150501018e-01 GRAD_MAX=2.072496295980754e+01 TOPOLOGY4=6.979039791855237e+00 SENTINEL=-2.301527171733676e+02 HISTORY=7 ALPHA=1.000000000000000e+00
PERSISTENT_RLBFGS_PROGRESS_THIS_RUN=60 ACCEPTED_TOTAL=220 ENERGY=1.767356012724992e+03 GRAD_RMS=8.459605528374218e-01 GRAD_MAX=5.510570253143342e+01 TOPOLOGY4=6.979047870870759e+00 SENTINEL=-2.298685430853050e+02 HISTORY=7 ALPHA=1.000000000000000e+00
PERSISTENT_RLBFGS_PROGRESS_THIS_RUN=70 ACCEPTED_TOTAL=230 ENERGY=1.767355443881418e+03 GRAD_RMS=3.465827242023953e-01 GRAD_MAX=1.065842935003794e+01 TOPOLOGY4=6.979049985574623e+00 SENTINEL=-2.298106509904844e+02 HISTORY=7 ALPHA=1.000000000000000e+00
PERSISTENT_RLBFGS_PROGRESS_THIS_RUN=80 ACCEPTED_TOTAL=240 ENERGY=1.767354909255906e+03 GRAD_RMS=6.134218104199572e-01 GRAD_MAX=3.485307059896559e+01 TOPOLOGY4=6.979054221081895e+00 SENTINEL=-2.296974284514114e+02 HISTORY=7 ALPHA=1.000000000000000e+00
PERSISTENT_CHECKPOINT_WRITTEN=results/data/023c2ar_n73_persistent_rlbfgs_checkpoint.npz HISTORY_LENGTH=7
PERSISTENT_CHECKPOINT_WRITTEN=results/data/023c2ar_n73_persistent_rlbfgs_checkpoint.npz HISTORY_LENGTH=7

=== D — END-OF-SLICE AUDIT ===
FINAL_ACCEPTED_THIS_RUN=80
FINAL_ACCEPTED_TOTAL=240
FINAL_HISTORY_LENGTH=7
FINAL_HISTORY_RESETS=0
FINAL_SECANT_REJECTS=0
FINAL_REJECTED_ENERGY_TRIALS=13
FINAL_REJECTED_TOPOLOGY_TRIALS=0
FINAL_REJECTED_SMOOTHNESS_TRIALS=0
FINAL_ENERGY=1.767354909255906e+03
FINAL_GRAD_RMS=6.134218104199572e-01
FINAL_GRAD_MAX=3.485307059896559e+01
FINAL_STRICT_STATIONARITY=FAIL
FINAL_TOPOLOGY4=6.979054221081895e+00
FINAL_GEOMETRIC_DEGREES=-7,-7,-7
FINAL_GEOMETRIC_B7=PASS
FINAL_MAX_NEIGHBOR_ANGLE=4.058830763061199e-01
FINAL_WORST_DIRECTION_SENTINEL=-2.296974284514114e+02

=== E — INCOMPLETE STATIONARITY SLICE ===
023C2AR_PERSISTENT_N73_STATIONARITY_SENTINEL=INCOMPLETE_CONTINUE_FROM_PERSISTENT_HISTORY
N73_STRICT_STATIONARITY=NOT_YET
N73_INTERMEDIATE_SENTINEL_USED_AS_PHYSICAL_FALSIFICATION=NO
FULL_PHYSICAL_HESSIAN=DEFERRED_UNTIL_N73_STATIONARY
CURRENT_KNOWLEDGE_HEURISTIC=APPROXIMATELY_70_TO_71_PERCENT
NEXT=RERUN_SAME_023C2AR_FROM_PERSISTENT_HISTORY_CHECKPOINT
NONLINEAR_EINSTEIN_SKYRME=NOT_AUTHORIZED
PRACTICAL_ANTIGRAVITY_DEVICE=NO
NEW_PHYSICS_DISCOVERY=NO
CLAIM_CLASSIFICATION=PROJECT_DERIVED_023C2AR_PERSISTENT_N73_STATIONARITY_SENTINEL_GATE
