=== 023C2AQS2R3 — TRUE-RESIDUAL N73 NEWTON + LOCALIZATION ===

=== A — FAIL-CLOSED UPSTREAM AUDIT ===
023C2AQS2R2_SOURCE_SHA256=3f2378f9d7f8a4b77cf2d5a40582b2a00aea4fe1725426a3021167be7d67a773
UPSTREAM_023C2AQS2R2_AUDIT=PASS

=== B — LOAD LATEST N73 STATE ===
NK3_START_SOURCE=results/data/023c2aqs2r3_n73_true_residual_newton_checkpoint.npz
NK3_START_ACCEPTED_TOTAL=410
NK3_START_NEWTON_ACCEPTED_TOTAL=10
NK3_START_HISTORY_LENGTH=20
NK3_START_HISTORY_DISCARDED=0
NK3_START_NORM_MAXERR=2.220446049250313e-16
NK3_START_ENERGY=1.767349921615226e+03
NK3_START_GRAD_RMS=5.292554799397772e-03
NK3_START_GRAD_MAX=2.535428689652307e-02
NK3_START_STATIONARITY_MERIT=3.528369866265181e+00
NK3_START_STRICT_STATIONARITY=FAIL
NK3_START_TOPOLOGY4=6.979144235785169e+00
NK3_START_GEOMETRIC_DEGREES=-7,-7,-7

=== C — START RESIDUAL LOCALIZATION ===
RESIDUAL_MAX_INDEX=(np.int64(36), np.int64(29), np.int64(52))
RESIDUAL_MAX_COORD=(0.000000000000e+00,-6.233957948244e-01,1.424904673884e+00)
RESIDUAL_MAX_RADIUS=1.555305644129735e+00
RESIDUAL_MAX_BOUNDARY_DISTANCE_CELLS=20
RESIDUAL_L2_FRACTION_BOUNDARY_4=4.936106329300504e-02
RESIDUAL_L2_FRACTION_CORE_R_LT_0P30=8.956909841165594e-04
RESIDUAL_L2_FRACTION_WALL_R_0P30_TO_1P60=3.967377657188707e-01
RESIDUAL_L2_FRACTION_TAIL_R_GE_1P60=6.023665432970128e-01
NK3_START_RESIDUAL_GAUSSIAN_LOW_L2_FRACTION=6.057268406029569e-01
NK3_START_RESIDUAL_GAUSSIAN_HIGH_L2_FRACTION=1.549602093050539e-01
NK3_START_RESIDUAL_NEIGHBOR_ROUGHNESS_RATIO=8.433860368281078e-01

=== D — TRUE-RESIDUAL-CERTIFIED NEWTON SLICE ===
NK3_OUTER=1 NDOF=1073733 GRAD_RMS=5.292554799397772e-03 GRAD_MAX=2.535428689652307e-02 STATIONARITY_MERIT=3.528369866265181e+00 TRUE_FORCING_ETA=5.819995765990363e-02
NK_HVP_STEP_POINT_ANGLE=1.000000000000000e-04 RAYLEIGH=2.907240589804435e+02 MATVECS=1
NK_HVP_STEP_POINT_ANGLE=2.000000000000000e-04 RAYLEIGH=2.907240633681574e+02 MATVECS=1
NK_HVP_STEP_POINT_ANGLE=4.000000000000000e-04 RAYLEIGH=2.907240809190002e+02 MATVECS=1
NK_HVP_STEP_RELCHANGE_FINE_PRIMARY=1.974474345183273e-08
NK_HVP_STEP_RELCHANGE_PRIMARY_COARSE=7.897769308544007e-08
NK_HVP_STEP_CONVERGENCE=PASS
NK_HESSIAN_BILINEAR_UHV=-1.073427909074653e+00
NK_HESSIAN_BILINEAR_HUW=-1.073427910693029e+00
NK_HESSIAN_BILINEAR_RELASYM=1.507670970427925e-09
NK_HESSIAN_SELF_ADJOINTNESS=PASS
NK3_PRECONDITIONER_USABLE_PAIRS=20
NK3_SECANT_CURVATURE_SCALE=2.560962400572796e+05
NK3_GRADIENT_RAYLEIGH=3.022187814332530e+03
NK3_SMOOTH_RAYLEIGH=2.985570444176575e+02
NK3_GRADIENT_TO_SMOOTH_CURVATURE_RATIO=1.012264781836710e+01
NK3_LOCAL_DAMPING_SCALE=3.022187814332530e+03
NK3_LINEAR_OUTER_1_DAMP_4.000000e-01_REFINE=0 MINRES_INFO=0 MINRES_ITERS=39 INNER_RTOL=5.000000000e-03 TRUE_SHIFTED_RELRES=2.233227134547825e-01 TRUE_RELRES_REDUCTION=4.477824868460933e+00 ETA_TARGET=5.819995765990363e-02
NK3_LINEAR_OUTER_1_DAMP_4.000000e-01_REFINE=1 MINRES_INFO=40 MINRES_ITERS=40 INNER_RTOL=1.745998730e-03 TRUE_SHIFTED_RELRES=1.756360575630172e-02 TRUE_RELRES_REDUCTION=1.271508348305163e+01 ETA_TARGET=5.819995765990363e-02
NK3_LINEAR_CERTIFICATE_OUTER=1 DAMP_MULT=4.000000e-01 MU=1.208875125733012e+03 TRUE_SHIFTED_RELRES=1.756360575630172e-02 ETA_TARGET=5.819995765990363e-02 CERTIFIED=YES
NK3_LINEAR_DIRECTION_DESCENT=YES
NK3_DIRECTION_OUTER=1 DAMP_MULT=4.000000e-01 MAX_POINT=1.720851373967437e-05 TRUST_ANGLE=1.852394179789220e-03 ALPHA0=1.000000000000000e+00
NK3_LINESEARCH_TRIAL_OUTER=1 DAMP_MULT=4.000000e-01 LS=0 ALPHA=1.000000000000000e+00 ENERGY=1.767349917425998e+03 GRAD_RMS=4.264906405378198e-03 GRAD_MAX=2.074272755513399e-02 STATIONARITY_MERIT=2.843270936918799e+00 MERIT_ACCEPT=YES
NK3_NEWTON_STEP_ACCEPTED=YES OUTER=1 DAMP_MULT=4.000000e-01 MU=1.208875125733012e+03 ALPHA=1.000000000000000e+00 TRUE_SHIFTED_RELRES=1.756360575630172e-02 MERIT_REDUCTION_FACTOR=1.240954500835862e+00 ENERGY=1.767349917425998e+03 GRAD_RMS=4.264906405378198e-03 GRAD_MAX=2.074272755513399e-02 STATIONARITY_MERIT=2.843270936918799e+00 TOPOLOGY4=6.979144416026814e+00 GEOMETRIC_DEGREES=-7,-7,-7 MAX_NEIGHBOR_ANGLE=4.057023998374954e-01
NK3_CHECKPOINT_WRITTEN=results/data/023c2aqs2r3_n73_true_residual_newton_checkpoint.npz NEWTON_ACCEPTED_TOTAL=11 HISTORY_LENGTH=20
NK3_OUTER=2 NDOF=1073733 GRAD_RMS=4.264906405378198e-03 GRAD_MAX=2.074272755513399e-02 STATIONARITY_MERIT=2.843270936918799e+00 TRUE_FORCING_ETA=5.224500071243226e-02
NK3_PRECONDITIONER_USABLE_PAIRS=20
NK3_SECANT_CURVATURE_SCALE=2.560962400625623e+05
NK3_GRADIENT_RAYLEIGH=4.591592130876804e+02
NK3_SMOOTH_RAYLEIGH=2.922050471555292e+02
NK3_GRADIENT_TO_SMOOTH_CURVATURE_RATIO=1.571359624200085e+00
NK3_LOCAL_DAMPING_SCALE=4.591592130876804e+02
NK3_LINEAR_OUTER_2_DAMP_4.000000e-01_REFINE=0 MINRES_INFO=40 MINRES_ITERS=40 INNER_RTOL=5.000000000e-03 TRUE_SHIFTED_RELRES=6.516991247497449e-01 TRUE_RELRES_REDUCTION=1.534450426619806e+00 ETA_TARGET=5.224500071243226e-02
NK3_LINEAR_OUTER_2_DAMP_4.000000e-01_REFINE=1 MINRES_INFO=40 MINRES_ITERS=40 INNER_RTOL=1.567350021e-03 TRUE_SHIFTED_RELRES=2.403264714224620e-01 TRUE_RELRES_REDUCTION=2.711724267794639e+00 ETA_TARGET=5.224500071243226e-02
NK3_LINEAR_CERTIFICATE_OUTER=2 DAMP_MULT=4.000000e-01 MU=1.836636852350722e+02 TRUE_SHIFTED_RELRES=2.403264714224620e-01 ETA_TARGET=5.224500071243226e-02 CERTIFIED=NO
NK3_LINEAR_OUTER_2_DAMP_8.000000e-01_REFINE=0 MINRES_INFO=40 MINRES_ITERS=40 INNER_RTOL=5.000000000e-03 TRUE_SHIFTED_RELRES=4.983525300003690e-01 TRUE_RELRES_REDUCTION=2.006611665038120e+00 ETA_TARGET=5.224500071243226e-02
NK3_LINEAR_OUTER_2_DAMP_8.000000e-01_REFINE=1 MINRES_INFO=40 MINRES_ITERS=40 INNER_RTOL=1.567350021e-03 TRUE_SHIFTED_RELRES=1.480236698774809e-01 TRUE_RELRES_REDUCTION=3.366708381253180e+00 ETA_TARGET=5.224500071243226e-02
NK3_LINEAR_CERTIFICATE_OUTER=2 DAMP_MULT=8.000000e-01 MU=3.673273704701443e+02 TRUE_SHIFTED_RELRES=1.480236698774809e-01 ETA_TARGET=5.224500071243226e-02 CERTIFIED=NO
NK3_LINEAR_OUTER_2_DAMP_1.600000e+00_REFINE=0 MINRES_INFO=40 MINRES_ITERS=40 INNER_RTOL=5.000000000e-03 TRUE_SHIFTED_RELRES=3.419528683875447e-01 TRUE_RELRES_REDUCTION=2.924379622008821e+00 ETA_TARGET=5.224500071243226e-02
NK3_LINEAR_OUTER_2_DAMP_1.600000e+00_REFINE=1 MINRES_INFO=40 MINRES_ITERS=40 INNER_RTOL=1.567350021e-03 TRUE_SHIFTED_RELRES=7.268313645213594e-02 TRUE_RELRES_REDUCTION=4.704707103727301e+00 ETA_TARGET=5.224500071243226e-02
NK3_LINEAR_CERTIFICATE_OUTER=2 DAMP_MULT=1.600000e+00 MU=7.346547409402887e+02 TRUE_SHIFTED_RELRES=7.268313645213594e-02 ETA_TARGET=5.224500071243226e-02 CERTIFIED=NO
NK3_NEWTON_STEP_ACCEPTED=NO

=== E — END-OF-SLICE AUDIT ===
NK3_OUTER_ATTEMPTED=2
NK3_OUTER_ACCEPTED=1
NK3_HVP_MATVEC_CALLS=331
NK3_MINRES_TOTAL_ITERATIONS=319
NK3_LINEAR_CERT_FAILURES=3
NK3_LINESEARCH_REJECTS=0
NK3_FINAL_ENERGY=1.767349917425998e+03
NK3_FINAL_GRAD_RMS=4.264906405378198e-03
NK3_FINAL_GRAD_MAX=2.074272755513399e-02
NK3_FINAL_STATIONARITY_MERIT=2.843270936918799e+00
NK3_FINAL_STRICT_STATIONARITY=FAIL
NK3_FINAL_TOPOLOGY4=6.979144416026814e+00
NK3_FINAL_GEOMETRIC_DEGREES=-7,-7,-7
NK3_FINAL_MAX_NEIGHBOR_ANGLE=4.057023998374954e-01

=== F — FINAL RESIDUAL LOCALIZATION ===
RESIDUAL_MAX_INDEX=(np.int64(20), np.int64(36), np.int64(43))
RESIDUAL_MAX_COORD=(-1.424904673884e+00,0.000000000000e+00,6.233957948244e-01)
RESIDUAL_MAX_RADIUS=1.555305644129735e+00
RESIDUAL_MAX_BOUNDARY_DISTANCE_CELLS=20
RESIDUAL_L2_FRACTION_BOUNDARY_4=2.114098014052106e-02
RESIDUAL_L2_FRACTION_CORE_R_LT_0P30=2.268606677003368e-04
RESIDUAL_L2_FRACTION_WALL_R_0P30_TO_1P60=4.769475929909039e-01
RESIDUAL_L2_FRACTION_TAIL_R_GE_1P60=5.228255463413957e-01
NK3_FINAL_RESIDUAL_GAUSSIAN_LOW_L2_FRACTION=7.145860375830524e-01
NK3_FINAL_RESIDUAL_GAUSSIAN_HIGH_L2_FRACTION=7.819761170002082e-02
NK3_FINAL_RESIDUAL_NEIGHBOR_ROUGHNESS_RATIO=4.859845971119915e-01
NK3_CHECKPOINT_WRITTEN=results/data/023c2aqs2r3_n73_true_residual_newton_checkpoint.npz NEWTON_ACCEPTED_TOTAL=11 HISTORY_LENGTH=20

=== G — BOUNDED INCOMPLETE DECISION ===
023C2AQS2R3_TRUE_RESIDUAL_NEWTON=INCOMPLETE_SHORT_TRUE_RESIDUAL_SLICE
N73_ACTUAL_FINE_STRICT_STATIONARITY=NOT_YET
TRUE_RESIDUAL_NEWTON_LOCAL_ACCELERATION=SUPPORTED
NEXT=RERUN_SAME_023C2AQS2R3_FROM_TRUE_RESIDUAL_CHECKPOINT
N73_CONTINUOUS_FORCE=NOT_RUN_BEFORE_STATIONARITY
FULL_PHYSICAL_HESSIAN=DEFERRED_OPERATIONAL_FORCE_AND_FINE_FIELD_UNRESOLVED
CURRENT_KNOWLEDGE_HEURISTIC=APPROXIMATELY_70_TO_71_PERCENT_FROM_023BR_NOT_A_PROBABILITY
NONLINEAR_EINSTEIN_SKYRME=NOT_AUTHORIZED
PRACTICAL_ANTIGRAVITY_DEVICE=NO
