=== 023C2AQS2 — N73 STATIONARITY + CONTINUOUS FORCE RESOLUTION ===

=== A — FAIL-CLOSED UPSTREAM AUDIT ===
023c2ar_n73_persistent_rlbfgs_stationarity_sentinel.py_SHA256=50ce682704f0786b49c8460a9a588f8245460db5b34a9118d85aef0a5412267a
023c2aqs_continuous_field_active_source_force_integration.py_SHA256=e6d6131d7b26c1a140f1b214cec8f73d129d4288be4960cace124fc3a8250434
UPSTREAM_023C2AR_023C2AQS_AUDIT=PASS

=== B — LOAD ACTUAL N73 FIELD + CURVATURE HISTORY ===
N73_FINE_START_SOURCE=results/data/023c2ar_n73_persistent_rlbfgs_checkpoint.npz
N73_FINE_START_ACCEPTED_TOTAL=240
N73_FINE_START_HISTORY_LENGTH=7
N73_FINE_START_HISTORY_DISCARDED=0
N73_FINE_START_NORM_MAXERR=2.220446049250313e-16
N73_FINE_START_ENERGY=1.767354909255906e+03
N73_FINE_START_GRAD_RMS=6.134218104199572e-01
N73_FINE_START_GRAD_MAX=3.485307059896559e+01
N73_FINE_START_STRICT_STATIONARITY=FAIL
N73_FINE_START_TOPOLOGY4=6.979054221081895e+00
N73_FINE_START_GEOMETRIC_DEGREES=-7,-7,-7

=== C — STABILIZED PERSISTENT R-LBFGS ===
N73_FINE_PROGRESS_THIS_RUN=10 ACCEPTED_TOTAL=250 ENERGY=1.767353656994138e+03 GRAD_RMS=4.941698850127315e-01 GRAD_MAX=2.262518267503805e+01 TOPOLOGY4=6.979072092936149e+00 HISTORY=17 TRUST_ROTATION=2.000000000e-02 ALPHA=1.000000000000000e+00
N73_FINE_PROGRESS_THIS_RUN=20 ACCEPTED_TOTAL=260 ENERGY=1.767352261923148e+03 GRAD_RMS=4.130849803636717e-01 GRAD_MAX=7.837596000735837e+00 TOPOLOGY4=6.979096344911450e+00 HISTORY=20 TRUST_ROTATION=2.000000000e-02 ALPHA=1.000000000000000e+00
N73_FINE_CHECKPOINT_WRITTEN=results/data/023c2aqs2_n73_stationarity_checkpoint.npz HISTORY_LENGTH=20
N73_FINE_PROGRESS_THIS_RUN=30 ACCEPTED_TOTAL=270 ENERGY=1.767351694294544e+03 GRAD_RMS=2.318078103170638e-01 GRAD_MAX=7.046026024147642e+00 TOPOLOGY4=6.979107108610257e+00 HISTORY=20 TRUST_ROTATION=2.000000000e-02 ALPHA=1.000000000000000e+00
N73_FINE_PROGRESS_THIS_RUN=40 ACCEPTED_TOTAL=280 ENERGY=1.767351417657262e+03 GRAD_RMS=2.352797868428292e-01 GRAD_MAX=6.945461472020517e+00 TOPOLOGY4=6.979112871862505e+00 HISTORY=20 TRUST_ROTATION=2.000000000e-02 ALPHA=1.000000000000000e+00
N73_FINE_CHECKPOINT_WRITTEN=results/data/023c2aqs2_n73_stationarity_checkpoint.npz HISTORY_LENGTH=20
N73_FINE_PROGRESS_THIS_RUN=50 ACCEPTED_TOTAL=290 ENERGY=1.767351167256295e+03 GRAD_RMS=2.197313182696216e-01 GRAD_MAX=6.332908698885028e+00 TOPOLOGY4=6.979118192376607e+00 HISTORY=20 TRUST_ROTATION=2.000000000e-02 ALPHA=1.000000000000000e+00
N73_FINE_PROGRESS_THIS_RUN=60 ACCEPTED_TOTAL=300 ENERGY=1.767350925868508e+03 GRAD_RMS=2.119824137822989e-01 GRAD_MAX=8.657618446683033e+00 TOPOLOGY4=6.979122319322473e+00 HISTORY=20 TRUST_ROTATION=2.000000000e-02 ALPHA=5.000000000000000e-01
N73_FINE_CHECKPOINT_WRITTEN=results/data/023c2aqs2_n73_stationarity_checkpoint.npz HISTORY_LENGTH=20
N73_FINE_PROGRESS_THIS_RUN=70 ACCEPTED_TOTAL=310 ENERGY=1.767350710627730e+03 GRAD_RMS=1.413156492663895e-01 GRAD_MAX=3.803567241302119e+00 TOPOLOGY4=6.979126019412599e+00 HISTORY=20 TRUST_ROTATION=2.000000000e-02 ALPHA=1.000000000000000e+00
N73_FINE_PROGRESS_THIS_RUN=80 ACCEPTED_TOTAL=320 ENERGY=1.767350576349869e+03 GRAD_RMS=1.736850788510973e-01 GRAD_MAX=5.534725689350863e+00 TOPOLOGY4=6.979128826511082e+00 HISTORY=20 TRUST_ROTATION=2.000000000e-02 ALPHA=1.000000000000000e+00
N73_FINE_CHECKPOINT_WRITTEN=results/data/023c2aqs2_n73_stationarity_checkpoint.npz HISTORY_LENGTH=20
N73_FINE_PROGRESS_THIS_RUN=90 ACCEPTED_TOTAL=330 ENERGY=1.767350492848693e+03 GRAD_RMS=1.251694528824575e-01 GRAD_MAX=3.984410387359605e+00 TOPOLOGY4=6.979131073422015e+00 HISTORY=20 TRUST_ROTATION=2.000000000e-02 ALPHA=1.000000000000000e+00
N73_FINE_PROGRESS_THIS_RUN=100 ACCEPTED_TOTAL=340 ENERGY=1.767350418151764e+03 GRAD_RMS=1.537840839364108e-01 GRAD_MAX=5.747745938440596e+00 TOPOLOGY4=6.979132399711991e+00 HISTORY=20 TRUST_ROTATION=2.000000000e-02 ALPHA=1.000000000000000e+00
N73_FINE_CHECKPOINT_WRITTEN=results/data/023c2aqs2_n73_stationarity_checkpoint.npz HISTORY_LENGTH=20
N73_FINE_PROGRESS_THIS_RUN=110 ACCEPTED_TOTAL=350 ENERGY=1.767350324629364e+03 GRAD_RMS=1.647230344298134e-01 GRAD_MAX=6.504042399089021e+00 TOPOLOGY4=6.979133689373239e+00 HISTORY=20 TRUST_ROTATION=2.000000000e-02 ALPHA=1.000000000000000e+00
N73_FINE_PROGRESS_THIS_RUN=120 ACCEPTED_TOTAL=360 ENERGY=1.767350216982449e+03 GRAD_RMS=2.530298453941567e-01 GRAD_MAX=9.828106967202636e+00 TOPOLOGY4=6.979135797280867e+00 HISTORY=20 TRUST_ROTATION=2.000000000e-02 ALPHA=5.000000000000000e-01
N73_FINE_CHECKPOINT_WRITTEN=results/data/023c2aqs2_n73_stationarity_checkpoint.npz HISTORY_LENGTH=20
N73_FINE_PROGRESS_THIS_RUN=130 ACCEPTED_TOTAL=370 ENERGY=1.767350131530585e+03 GRAD_RMS=1.099498432895731e-01 GRAD_MAX=4.316183804822632e+00 TOPOLOGY4=6.979137940252493e+00 HISTORY=20 TRUST_ROTATION=2.000000000e-02 ALPHA=5.000000000000000e-01
N73_FINE_PROGRESS_THIS_RUN=140 ACCEPTED_TOTAL=380 ENERGY=1.767350088456372e+03 GRAD_RMS=1.351235657134601e-01 GRAD_MAX=6.283310221783386e+00 TOPOLOGY4=6.979138554427987e+00 HISTORY=20 TRUST_ROTATION=2.000000000e-02 ALPHA=1.000000000000000e+00
N73_FINE_CHECKPOINT_WRITTEN=results/data/023c2aqs2_n73_stationarity_checkpoint.npz HISTORY_LENGTH=20
N73_FINE_PROGRESS_THIS_RUN=150 ACCEPTED_TOTAL=390 ENERGY=1.767350048249551e+03 GRAD_RMS=9.043030395069485e-02 GRAD_MAX=3.207962105088108e+00 TOPOLOGY4=6.979139295715592e+00 HISTORY=20 TRUST_ROTATION=1.000000000e-02 ALPHA=1.000000000000000e+00
N73_FINE_PROGRESS_THIS_RUN=160 ACCEPTED_TOTAL=400 ENERGY=1.767350007845979e+03 GRAD_RMS=9.948083916600872e-02 GRAD_MAX=4.509035639677077e+00 TOPOLOGY4=6.979140584361323e+00 HISTORY=20 TRUST_ROTATION=1.000000000e-02 ALPHA=1.000000000000000e+00
N73_FINE_CHECKPOINT_WRITTEN=results/data/023c2aqs2_n73_stationarity_checkpoint.npz HISTORY_LENGTH=20
N73_FINE_CHECKPOINT_WRITTEN=results/data/023c2aqs2_n73_stationarity_checkpoint.npz HISTORY_LENGTH=20

=== D — END-OF-STATIONARITY-SLICE AUDIT ===
N73_FINE_FINAL_ACCEPTED_THIS_RUN=160
N73_FINE_FINAL_ACCEPTED_TOTAL=400
N73_FINE_FINAL_HISTORY_LENGTH=20
N73_FINE_REJECTED_ENERGY_TRIALS=1
N73_FINE_REJECTED_GRADIENT_GROWTH_TRIALS=39
N73_FINE_REJECTED_TOPOLOGY_TRIALS=0
N73_FINE_REJECTED_SMOOTHNESS_TRIALS=0
N73_FINE_HISTORY_RESETS=0
N73_FINE_SECANT_REJECTS=0
N73_FINE_FALLBACK_STEPS=0
N73_FINE_FINAL_ENERGY=1.767350007845979e+03
N73_FINE_FINAL_GRAD_RMS=9.948083916600872e-02
N73_FINE_FINAL_GRAD_MAX=4.509035639677077e+00
N73_FINE_FINAL_STRICT_STATIONARITY=FAIL
N73_FINE_FINAL_TOPOLOGY4=6.979140584361323e+00
N73_FINE_FINAL_GEOMETRIC_DEGREES=-7,-7,-7
N73_FINE_FINAL_MAX_NEIGHBOR_ANGLE=4.057420901369585e-01

=== E — BOUNDED INCOMPLETE DECISION ===
023C2AQS2_N73_STATIONARITY_AND_CONTINUOUS_FORCE=INCOMPLETE_CONTINUE_N73_CHECKPOINT
N73_ACTUAL_FINE_STRICT_STATIONARITY=NOT_YET
N73_CONTINUOUS_FORCE=NOT_RUN_BEFORE_STATIONARITY
FULL_PHYSICAL_HESSIAN=DEFERRED_OPERATIONAL_FORCE_AND_FINE_FIELD_UNRESOLVED
CURRENT_KNOWLEDGE_HEURISTIC=APPROXIMATELY_70_TO_71_PERCENT_FROM_023BR_NOT_A_PROBABILITY
NEXT=RERUN_SAME_023C2AQS2_FROM_PERSISTENT_HISTORY
NONLINEAR_EINSTEIN_SKYRME=NOT_AUTHORIZED
PRACTICAL_ANTIGRAVITY_DEVICE=NO
