=== 023C2AQS2R4 — RESIDUAL-INFORMED COARSE-GALERKIN N73 CLOSURE ===

=== A — FAIL-CLOSED UPSTREAM AUDIT ===
023C2AQS2R3_SOURCE_SHA256=8d2419c5a3fe4fa52788b636bb7081fa6efde51e79e248d2cad0d29fe321d8f4
UPSTREAM_023C2AQS2R3_AUDIT=PASS

=== B — LOAD LATEST N73 FIELD ===
CG4_START_SOURCE=results/data/023c2aqs2r3_n73_true_residual_newton_checkpoint.npz
CG4_START_ACCEPTED_TOTAL=414
CG4_START_NEWTON_ACCEPTED_TOTAL=14
CG4_START_COARSE_ACCEPTED_TOTAL=0
CG4_START_HISTORY_LENGTH=20
CG4_START_HISTORY_DISCARDED=0
CG4_START_NORM_MAXERR=2.220446049250313e-16
CG4_START_ENERGY=1.767349909177874e+03
CG4_START_GRAD_RMS=2.713457224143426e-03
CG4_START_GRAD_MAX=1.349766300017228e-02
CG4_START_STATIONARITY_MERIT=1.808971482762284e+00
CG4_START_STRICT_STATIONARITY=FAIL
CG4_START_TOPOLOGY4=6.979144840229565e+00
CG4_START_GEOMETRIC_DEGREES=-7,-7,-7

=== C — START RESIDUAL LOCALIZATION ===
RESIDUAL_MAX_INDEX=(np.int64(36), np.int64(29), np.int64(51))
RESIDUAL_MAX_COORD=(0.000000000000e+00,-6.233957948244e-01,1.335848131766e+00)
RESIDUAL_MAX_RADIUS=1.474148075380707e+00
RESIDUAL_MAX_BOUNDARY_DISTANCE_CELLS=21
RESIDUAL_L2_FRACTION_BOUNDARY_4=1.658717366132958e-03
RESIDUAL_L2_FRACTION_CORE_R_LT_0P30=8.614433656813580e-05
RESIDUAL_L2_FRACTION_WALL_R_0P30_TO_1P60=5.924519196825643e-01
RESIDUAL_L2_FRACTION_TAIL_R_GE_1P60=4.074619359808678e-01
CG4_START_RESIDUAL_GAUSSIAN_LOW_L2_FRACTION=8.257423450438222e-01
CG4_START_RESIDUAL_GAUSSIAN_HIGH_L2_FRACTION=2.206002758687020e-02
CG4_START_RESIDUAL_NEIGHBOR_ROUGHNESS_RATIO=2.201976188351437e-01

=== D — COARSE-GALERKIN STATIONARITY SLICE ===
CG4_OUTER=1 NDOF=1073733 GRAD_RMS=2.713457224143426e-03 GRAD_MAX=1.349766300017228e-02 STATIONARITY_MERIT=1.808971482762284e+00
NK_HVP_STEP_POINT_ANGLE=1.000000000000000e-04 RAYLEIGH=2.907239794596249e+02 MATVECS=1
NK_HVP_STEP_POINT_ANGLE=2.000000000000000e-04 RAYLEIGH=2.907239838473295e+02 MATVECS=1
NK_HVP_STEP_POINT_ANGLE=4.000000000000000e-04 RAYLEIGH=2.907240013981743e+02 MATVECS=1
NK_HVP_STEP_RELCHANGE_FINE_PRIMARY=1.974461081222162e-08
NK_HVP_STEP_RELCHANGE_PRIMARY_COARSE=7.897795597250053e-08
NK_HVP_STEP_CONVERGENCE=PASS
NK_HESSIAN_BILINEAR_UHV=-1.073447582394951e+00
NK_HESSIAN_BILINEAR_HUW=-1.073447584013610e+00
NK_HESSIAN_BILINEAR_RELASYM=1.507907281939852e-09
NK_HESSIAN_SELF_ADJOINTNESS=PASS
CG4_COARSE_CANDIDATE_DROPPED=COMP_2_SIGMA_2 NORM=1.808440326581884e-16
CG4_COARSE_BASIS_DIM=13
CG4_COARSE_BASIS_NAMES=FULL_SIGMA_1,FULL_SIGMA_2,FULL_SIGMA_4,FULL_SIGMA_8,COMP_0_SIGMA_2,COMP_1_SIGMA_2,X_MOD_SIGMA_4,Y_MOD_SIGMA_4,Z_MOD_SIGMA_4,WALL_SIGMA_2,WALL_SIGMA_4,TAIL_SIGMA_2,TAIL_SIGMA_4
CG4_COARSE_ORTHONORMALITY_MAXERR=3.974598428158060e-14
CG4_COARSE_GRADIENT_CAPTURE_FRACTION=9.990182147281784e-01
CG4_COARSE_ORTHOGONAL_RESIDUAL_FRACTION=4.430131647447214e-02
CG4_COARSE_CAPTURE_GATE=PASS
CG4_COARSE_HVP_PROGRESS=1/13
CG4_COARSE_HVP_PROGRESS=2/13
CG4_COARSE_HVP_PROGRESS=3/13
CG4_COARSE_HVP_PROGRESS=4/13
CG4_COARSE_HVP_PROGRESS=5/13
CG4_COARSE_HVP_PROGRESS=6/13
CG4_COARSE_HVP_PROGRESS=7/13
CG4_COARSE_HVP_PROGRESS=8/13
CG4_COARSE_HVP_PROGRESS=9/13
CG4_COARSE_HVP_PROGRESS=10/13
CG4_COARSE_HVP_PROGRESS=11/13
CG4_COARSE_HVP_PROGRESS=12/13
CG4_COARSE_HVP_PROGRESS=13/13
CG4_COARSE_GALERKIN_RELASYM=1.545229759690254e-08
CG4_COARSE_EIGENVALUES=1.105164657e+02,1.328006935e+02,1.397649763e+02,1.397649851e+02,1.426564558e+02,1.571641582e+02,2.002456138e+02,2.306550798e+02,2.306551177e+02,2.458148706e+02,2.677645933e+02,4.043623793e+02,4.538986263e+02
CG4_COARSE_EIG_MIN=1.105164657078779e+02
CG4_COARSE_EIG_MAX=4.538986262707153e+02
CG4_COARSE_EIG_SCALE=2.002456137711730e+02
CG4_COARSE_POSITIVITY_SHIFT_FLOOR=0.000000000000000e+00
CG4_COARSE_SOLVE_DAMP=0.000000e+00 MU=0.000000000000000e+00 COARSE_LINEAR_RELRES=1.417879028692821e-16 G_DOT_DELTA=-1.499440233471303e-05
CG4_COARSE_DIRECTION_DESCENT=YES
CG4_DIRECTION_OUTER=1 DAMP_MULT=0.000000e+00 MAX_POINT=1.176351848089958e-04 TRUST_ANGLE=1.085382889657371e-03 ALPHA0=1.000000000000000e+00
CG4_LINESEARCH_TRIAL_OUTER=1 DAMP_MULT=0.000000e+00 LS=0 ALPHA=1.000000000000000e+00 ENERGY=1.767349901680579e+03 GRAD_RMS=4.346117860599854e-03 GRAD_MAX=9.599555941375292e-02 STATIONARITY_MERIT=2.897411907066569e+00 MERIT_ACCEPT=NO
CG4_LINESEARCH_TRIAL_OUTER=1 DAMP_MULT=0.000000e+00 LS=1 ALPHA=5.000000000000000e-01 ENERGY=1.767349903554962e+03 GRAD_RMS=2.569168802550352e-03 GRAD_MAX=4.700227071376951e-02 STATIONARITY_MERIT=1.712779201700235e+00 MERIT_ACCEPT=YES
CG4_COARSE_STEP_ACCEPTED=YES OUTER=1 DAMP_MULT=0.000000e+00 MU=0.000000000000000e+00 ALPHA=5.000000000000000e-01 MERIT_REDUCTION_FACTOR=1.056161518639742e+00 ENERGY=1.767349903554962e+03 GRAD_RMS=2.569168802550352e-03 GRAD_MAX=4.700227071376951e-02 STATIONARITY_MERIT=1.712779201700235e+00 TOPOLOGY4=6.979145347977738e+00 GEOMETRIC_DEGREES=-7,-7,-7 MAX_NEIGHBOR_ANGLE=4.056873535677494e-01
CG4_CHECKPOINT_WRITTEN=results/data/023c2aqs2r4_n73_coarse_galerkin_checkpoint.npz COARSE_ACCEPTED_TOTAL=1 HISTORY_LENGTH=20
CG4_OUTER=2 NDOF=1073733 GRAD_RMS=2.569168802550352e-03 GRAD_MAX=4.700227071376951e-02 STATIONARITY_MERIT=1.712779201700235e+00
CG4_COARSE_CANDIDATE_DROPPED=COMP_2_SIGMA_2 NORM=1.364905596566571e-16
CG4_COARSE_BASIS_DIM=13
CG4_COARSE_BASIS_NAMES=FULL_SIGMA_1,FULL_SIGMA_2,FULL_SIGMA_4,FULL_SIGMA_8,COMP_0_SIGMA_2,COMP_1_SIGMA_2,X_MOD_SIGMA_4,Y_MOD_SIGMA_4,Z_MOD_SIGMA_4,WALL_SIGMA_2,WALL_SIGMA_4,TAIL_SIGMA_2,TAIL_SIGMA_4
CG4_COARSE_ORTHONORMALITY_MAXERR=2.375877272697835e-14
CG4_COARSE_GRADIENT_CAPTURE_FRACTION=8.480418877815816e-01
CG4_COARSE_ORTHOGONAL_RESIDUAL_FRACTION=5.299291995803239e-01
CG4_COARSE_CAPTURE_GATE=PASS
CG4_COARSE_HVP_PROGRESS=1/13
CG4_COARSE_HVP_PROGRESS=2/13
CG4_COARSE_HVP_PROGRESS=3/13
CG4_COARSE_HVP_PROGRESS=4/13
CG4_COARSE_HVP_PROGRESS=5/13
CG4_COARSE_HVP_PROGRESS=6/13
CG4_COARSE_HVP_PROGRESS=7/13
CG4_COARSE_HVP_PROGRESS=8/13
CG4_COARSE_HVP_PROGRESS=9/13
CG4_COARSE_HVP_PROGRESS=10/13
CG4_COARSE_HVP_PROGRESS=11/13
CG4_COARSE_HVP_PROGRESS=12/13
CG4_COARSE_HVP_PROGRESS=13/13
CG4_COARSE_GALERKIN_RELASYM=9.910575441141947e-07
CG4_COARSE_EIGENVALUES=1.317660684e+02,1.982332162e+02,2.304741623e+02,2.905824916e+02,7.384537827e+02,9.930783235e+02,9.930788389e+02,1.031529847e+03,1.448971128e+03,1.448971346e+03,1.511215534e+03,3.808090758e+03,1.445922824e+04
CG4_COARSE_EIG_MIN=1.317660684101251e+02
CG4_COARSE_EIG_MAX=1.445922823521119e+04
CG4_COARSE_EIG_SCALE=9.930788388527895e+02
CG4_COARSE_POSITIVITY_SHIFT_FLOOR=0.000000000000000e+00
CG4_COARSE_SOLVE_DAMP=0.000000e+00 MU=0.000000000000000e+00 COARSE_LINEAR_RELRES=2.371775896170547e-15 G_DOT_DELTA=-2.839692994231292e-06
CG4_COARSE_DIRECTION_DESCENT=YES
CG4_DIRECTION_OUTER=2 DAMP_MULT=0.000000e+00 MAX_POINT=5.428955414192598e-05 TRUST_ANGLE=1.027667521020141e-03 ALPHA0=1.000000000000000e+00
CG4_LINESEARCH_TRIAL_OUTER=2 DAMP_MULT=0.000000e+00 LS=0 ALPHA=1.000000000000000e+00 ENERGY=1.767349902135113e+03 GRAD_RMS=6.223544315491119e-03 GRAD_MAX=1.011132079154618e-01 STATIONARITY_MERIT=4.149029543660745e+00 MERIT_ACCEPT=NO
CG4_LINESEARCH_TRIAL_OUTER=2 DAMP_MULT=0.000000e+00 LS=1 ALPHA=5.000000000000000e-01 ENERGY=1.767349902490076e+03 GRAD_RMS=3.570663196268680e-03 GRAD_MAX=7.111906145417413e-02 STATIONARITY_MERIT=2.380442130845787e+00 MERIT_ACCEPT=NO
CG4_LINESEARCH_TRIAL_OUTER=2 DAMP_MULT=0.000000e+00 LS=2 ALPHA=2.500000000000000e-01 ENERGY=1.767349902933778e+03 GRAD_RMS=2.682517918766112e-03 GRAD_MAX=5.831855847610984e-02 STATIONARITY_MERIT=1.788345279177408e+00 MERIT_ACCEPT=NO
CG4_LINESEARCH_TRIAL_OUTER=2 DAMP_MULT=0.000000e+00 LS=3 ALPHA=1.250000000000000e-01 ENERGY=1.767349903222185e+03 GRAD_RMS=2.505685201816207e-03 GRAD_MAX=5.206251732554328e-02 STATIONARITY_MERIT=1.670456801210805e+00 MERIT_ACCEPT=YES
CG4_COARSE_STEP_ACCEPTED=YES OUTER=2 DAMP_MULT=0.000000e+00 MU=0.000000000000000e+00 ALPHA=1.250000000000000e-01 MERIT_REDUCTION_FACTOR=1.025335824583284e+00 ENERGY=1.767349903222185e+03 GRAD_RMS=2.505685201816207e-03 GRAD_MAX=5.206251732554328e-02 STATIONARITY_MERIT=1.670456801210805e+00 TOPOLOGY4=6.979145378940532e+00 GEOMETRIC_DEGREES=-7,-7,-7 MAX_NEIGHBOR_ANGLE=4.056865367850632e-01
CG4_CHECKPOINT_WRITTEN=results/data/023c2aqs2r4_n73_coarse_galerkin_checkpoint.npz COARSE_ACCEPTED_TOTAL=2 HISTORY_LENGTH=20
CG4_OUTER=3 NDOF=1073733 GRAD_RMS=2.505685201816207e-03 GRAD_MAX=5.206251732554328e-02 STATIONARITY_MERIT=1.670456801210805e+00
CG4_COARSE_CANDIDATE_DROPPED=COMP_2_SIGMA_2 NORM=8.788531626559046e-17
CG4_COARSE_BASIS_DIM=13
CG4_COARSE_BASIS_NAMES=FULL_SIGMA_1,FULL_SIGMA_2,FULL_SIGMA_4,FULL_SIGMA_8,COMP_0_SIGMA_2,COMP_1_SIGMA_2,X_MOD_SIGMA_4,Y_MOD_SIGMA_4,Z_MOD_SIGMA_4,WALL_SIGMA_2,WALL_SIGMA_4,TAIL_SIGMA_2,TAIL_SIGMA_4
CG4_COARSE_ORTHONORMALITY_MAXERR=8.215650382226158e-15
CG4_COARSE_GRADIENT_CAPTURE_FRACTION=8.314862114006464e-01
CG4_COARSE_ORTHOGONAL_RESIDUAL_FRACTION=5.555453899102838e-01
CG4_COARSE_CAPTURE_GATE=PASS
CG4_COARSE_HVP_PROGRESS=1/13
CG4_COARSE_HVP_PROGRESS=2/13
CG4_COARSE_HVP_PROGRESS=3/13
CG4_COARSE_HVP_PROGRESS=4/13
CG4_COARSE_HVP_PROGRESS=5/13
CG4_COARSE_HVP_PROGRESS=6/13
CG4_COARSE_HVP_PROGRESS=7/13
CG4_COARSE_HVP_PROGRESS=8/13
CG4_COARSE_HVP_PROGRESS=9/13
CG4_COARSE_HVP_PROGRESS=10/13
CG4_COARSE_HVP_PROGRESS=11/13
CG4_COARSE_HVP_PROGRESS=12/13
CG4_COARSE_HVP_PROGRESS=13/13
CG4_COARSE_GALERKIN_RELASYM=6.798900883921471e-07
CG4_COARSE_EIGENVALUES=1.082601382e+02,1.845457754e+02,2.436133288e+02,4.027620532e+02,5.730924668e+02,7.761514626e+02,8.835859948e+02,8.835864499e+02,1.238674499e+03,1.238674761e+03,1.314885527e+03,3.314022870e+03,1.984487962e+04
CG4_COARSE_EIG_MIN=1.082601381706690e+02
CG4_COARSE_EIG_MAX=1.984487962170233e+04
CG4_COARSE_EIG_SCALE=8.835859948275344e+02
CG4_COARSE_POSITIVITY_SHIFT_FLOOR=0.000000000000000e+00
CG4_COARSE_SOLVE_DAMP=0.000000e+00 MU=0.000000000000000e+00 COARSE_LINEAR_RELRES=7.087348851912496e-15 G_DOT_DELTA=-2.756724063334582e-06
CG4_COARSE_DIRECTION_DESCENT=YES
CG4_DIRECTION_OUTER=3 DAMP_MULT=0.000000e+00 MAX_POINT=6.447297632613844e-05 TRUST_ANGLE=1.002274080726483e-03 ALPHA0=1.000000000000000e+00
CG4_LINESEARCH_TRIAL_OUTER=3 DAMP_MULT=0.000000e+00 LS=0 ALPHA=1.000000000000000e+00 ENERGY=1.767349901843814e+03 GRAD_RMS=5.151879266600163e-03 GRAD_MAX=8.400260260665476e-02 STATIONARITY_MERIT=3.434586177733442e+00 MERIT_ACCEPT=NO
CG4_LINESEARCH_TRIAL_OUTER=3 DAMP_MULT=0.000000e+00 LS=1 ALPHA=5.000000000000000e-01 ENERGY=1.767349902188412e+03 GRAD_RMS=3.030751974093715e-03 GRAD_MAX=6.742370317834835e-02 STATIONARITY_MERIT=2.020501316062477e+00 MERIT_ACCEPT=NO
CG4_LINESEARCH_TRIAL_OUTER=3 DAMP_MULT=0.000000e+00 LS=2 ALPHA=2.500000000000000e-01 ENERGY=1.767349902619151e+03 GRAD_RMS=2.434289690290571e-03 GRAD_MAX=5.953019684137033e-02 STATIONARITY_MERIT=1.622859793527047e+00 MERIT_ACCEPT=YES
CG4_COARSE_STEP_ACCEPTED=YES OUTER=3 DAMP_MULT=0.000000e+00 MU=0.000000000000000e+00 ALPHA=2.500000000000000e-01 MERIT_REDUCTION_FACTOR=1.029329094154408e+00 ENERGY=1.767349902619151e+03 GRAD_RMS=2.434289690290571e-03 GRAD_MAX=5.953019684137033e-02 STATIONARITY_MERIT=1.622859793527047e+00 TOPOLOGY4=6.979145457395888e+00 GEOMETRIC_DEGREES=-7,-7,-7 MAX_NEIGHBOR_ANGLE=4.056837564401232e-01
CG4_CHECKPOINT_WRITTEN=results/data/023c2aqs2r4_n73_coarse_galerkin_checkpoint.npz COARSE_ACCEPTED_TOTAL=3 HISTORY_LENGTH=20

=== E — END-OF-SLICE AUDIT ===
CG4_OUTER_ATTEMPTED=3
CG4_OUTER_ACCEPTED=3
CG4_HVP_MATVEC_CALLS=39
CG4_LINESEARCH_REJECTS=6
CG4_CAPTURE_FAILURES=0
CG4_FINAL_ENERGY=1.767349902619151e+03
CG4_FINAL_GRAD_RMS=2.434289690290571e-03
CG4_FINAL_GRAD_MAX=5.953019684137033e-02
CG4_FINAL_STATIONARITY_MERIT=1.622859793527047e+00
CG4_FINAL_STRICT_STATIONARITY=FAIL
CG4_FINAL_TOPOLOGY4=6.979145457395888e+00
CG4_FINAL_GEOMETRIC_DEGREES=-7,-7,-7
CG4_FINAL_MAX_NEIGHBOR_ANGLE=4.056837564401232e-01

=== F — FINAL RESIDUAL LOCALIZATION ===
RESIDUAL_MAX_INDEX=(np.int64(40), np.int64(37), np.int64(30))
RESIDUAL_MAX_COORD=(3.562261684711e-01,8.905654211776e-02,-5.343392527066e-01)
RESIDUAL_MAX_RADIUS=6.483414129766641e-01
RESIDUAL_MAX_BOUNDARY_DISTANCE_CELLS=30
RESIDUAL_L2_FRACTION_BOUNDARY_4=1.980035228602452e-01
RESIDUAL_L2_FRACTION_CORE_R_LT_0P30=7.146429592259745e-03
RESIDUAL_L2_FRACTION_WALL_R_0P30_TO_1P60=5.675744504367851e-01
RESIDUAL_L2_FRACTION_TAIL_R_GE_1P60=4.252791199709551e-01
CG4_FINAL_RESIDUAL_GAUSSIAN_LOW_L2_FRACTION=2.334854648708730e-01
CG4_FINAL_RESIDUAL_GAUSSIAN_HIGH_L2_FRACTION=5.777597855735220e-01
CG4_FINAL_RESIDUAL_NEIGHBOR_ROUGHNESS_RATIO=2.925102549253297e+00
CG4_CHECKPOINT_WRITTEN=results/data/023c2aqs2r4_n73_coarse_galerkin_checkpoint.npz COARSE_ACCEPTED_TOTAL=3 HISTORY_LENGTH=20

=== G — BOUNDED INCOMPLETE DECISION ===
023C2AQS2R4_COARSE_GALERKIN=INCOMPLETE_N73_STATIONARITY
N73_ACTUAL_FINE_STRICT_STATIONARITY=NOT_YET
CG4_SLICE_MERIT_REDUCTION_FACTOR=1.114681311335436e+00
COARSE_GALERKIN_LOCAL_ACCELERATION=SUPPORTED
NEXT=RERUN_SAME_023C2AQS2R4_FROM_COARSE_CHECKPOINT
N73_CONTINUOUS_FORCE=NOT_RUN_BEFORE_STATIONARITY
FULL_PHYSICAL_HESSIAN=DEFERRED_OPERATIONAL_FORCE_AND_FINE_FIELD_UNRESOLVED
CURRENT_KNOWLEDGE_HEURISTIC=APPROXIMATELY_70_TO_71_PERCENT_FROM_023BR_NOT_A_PROBABILITY
NONLINEAR_EINSTEIN_SKYRME=NOT_AUTHORIZED
PRACTICAL_ANTIGRAVITY_DEVICE=NO
