=== 023C2AQS — CONTINUOUS-FIELD ACTIVE-SOURCE FORCE INTEGRATION ===

=== A — UPSTREAM AUDIT ===
023C2AQR_SOURCE_SHA256=99ffe598cfa40b03d5af29cf9ec0c5d8753b549e6ed9f140e7d5393b4efb706b
UPSTREAM_023C2AQR_AUDIT=PASS

=== B — ANALYTIC FORMULA VALIDATION ===
PRISM_VALIDATION_CASE_0_RELERR=1.690544831492376e-14
PRISM_VALIDATION_CASE_1_RELERR=1.849051454803849e-13
PRISM_VALIDATION_CASE_2_RELERR=8.740329467397351e-14
PRISM_VALIDATION_CASE_3_RELERR=1.121292515757142e-13
PRISM_VALIDATION_CASE_4_RELERR=1.807939345959305e-13
PRISM_VALIDATION_CASE_5_RELERR=8.327568845166656e-14
PRISM_VALIDATION_MAX_RELERR=1.849051454803849e-13
ANALYTIC_PRISM_VALIDATION=PASS
CAP_VALIDATION_D_OVER_R=0.000000 ANALYTIC=-3.948359325158377e-02 NUMERIC=-3.948359325158377e-02 ABSERR=0.000000000000000e+00
CAP_VALIDATION_D_OVER_R=0.170000 ANALYTIC=-2.385552363683412e-02 NUMERIC=-2.385552363683412e-02 ABSERR=0.000000000000000e+00
CAP_VALIDATION_D_OVER_R=0.410000 ANALYTIC=-9.217344687867352e-03 NUMERIC=-9.217344687867356e-03 ABSERR=3.469446951953614e-18
CAP_VALIDATION_D_OVER_R=0.730000 ANALYTIC=-9.662634203571871e-04 NUMERIC=-9.662634203571835e-04 ABSERR=3.577867169202165e-18
CAP_VALIDATION_D_OVER_R=0.930000 ANALYTIC=-1.774116295574834e-05 NUMERIC=-1.774116295573439e-05 ABSERR=1.394893857538382e-17
CAP_VALIDATION_MAX_ABSERR=1.394893857538382e-17
ANALYTIC_CAP_VALIDATION=PASS
UPSTREAM_ANALYTIC_KERNEL_VALIDATION=PASS

=== B — LOAD STRICT-STATIONARY N65 FIELD ===
N65_ARTIFACT_NORM_MAXERR=4.440892098500626e-16
N65_DX=1.001886098824851e-01
PAYLOAD_CENTER_RADIUS=3.870161274564900e-01
PAYLOAD_RADIUS=1.675735743205162e-02
PAYLOAD_RADIUS_OVER_DX=1.672581089976888e-01
KNOWN_WORST_DIRECTION=-4.543501844637980e-01,1.878880658050992e-02,8.906249999999961e-01

=== C — CELL PARTITION / QUADRATURE PRECOMPUTE ===
TOTAL_FIELD_CELLS=262144
NEAR_FIELD_CELLS=86
FAR_FIELD_CELLS=262058
NEAR_RADIUS_DX=2.00000000
NEAR_COARSE_SUBDIV=6
NEAR_FINE_SUBDIV=10
NEAR_GAUSS_ORDER=4

=== D — INDEPENDENT CONSTANT-SOURCE KERNEL/CUBATURE VALIDATION ===
CONSTANT_SOURCE_ANALYTIC_PRISM_RADIAL=-1.622167182034815e+00
CONSTANT_SOURCE_CONTINUOUS_CUBATURE_RADIAL=-1.622159409746195e+00
CONSTANT_SOURCE_CUBATURE_RELERR=4.791299384003290e-06
CONSTANT_SOURCE_CUBATURE_VALIDATION=PASS

=== E — BUILD / VALIDATE CONTINUOUS FIELD SPLINES ===
BUILDING_CUBIC_TENSOR_SPLINE=START
BUILDING_CUBIC_TENSOR_SPLINE=DONE
CUBIC_NODAL_REPRO_MAX_ABSERR=9.501510689347015e-12
CUBIC_NODAL_REPRODUCTION=PASS
CUBIC_NORMALIZED_DERIV_AXIS_0_BEST_RELERR=7.974680901889972e-13
CUBIC_NORMALIZED_DERIV_AXIS_1_BEST_RELERR=6.555308530201914e-13
CUBIC_NORMALIZED_DERIV_AXIS_2_BEST_RELERR=4.435421843824829e-13
CUBIC_NORMALIZED_DERIVATIVE_MAX_RELERR=7.974680901889972e-13
CUBIC_NORMALIZED_DERIVATIVE_CHECK=PASS
CUBIC_SOURCE_NODE_L2_RELCHANGE=7.008989765807311e-03
CUBIC_SOURCE_NODE_MAX_ABSCHANGE=9.886611234087013e+00
CENTRAL4_NATIVE_ACTIVE_MASS=1.851388016175421e+03
CUBIC_SPLINE_NODE_ACTIVE_MASS=1.864766282244024e+03
CUBIC_SPLINE_NODE_RAW_NORM_MIN=9.999999999703161e-01
CENTRAL4_OUTER_3_SOURCE_L1_FRACTION=4.846623652856352e-13
BUILDING_QUINTIC_TENSOR_SPLINE=START
BUILDING_QUINTIC_TENSOR_SPLINE=DONE
QUINTIC_NODAL_REPRO_MAX_ABSERR=8.687717212296775e-12
QUINTIC_NODAL_REPRODUCTION=PASS
QUINTIC_NORMALIZED_DERIV_AXIS_0_BEST_RELERR=6.478743887611690e-13
QUINTIC_NORMALIZED_DERIV_AXIS_1_BEST_RELERR=7.009717544879131e-13
QUINTIC_NORMALIZED_DERIV_AXIS_2_BEST_RELERR=9.311743962375773e-13
QUINTIC_NORMALIZED_DERIVATIVE_MAX_RELERR=9.311743962375773e-13
QUINTIC_NORMALIZED_DERIVATIVE_CHECK=PASS
QUINTIC_SOURCE_NODE_L2_RELCHANGE=8.729620429670234e-03
QUINTIC_SOURCE_NODE_MAX_ABSCHANGE=1.286823540876287e+01
CENTRAL4_NATIVE_ACTIVE_MASS=1.851388016175421e+03
QUINTIC_SPLINE_NODE_ACTIVE_MASS=1.867584492758198e+03
QUINTIC_SPLINE_NODE_RAW_NORM_MIN=9.999999999819552e-01
CENTRAL4_OUTER_3_SOURCE_L1_FRACTION=4.846623652856352e-13

=== F — CHEAP CONTINUOUS FORCE PASS ===

=== CUBIC CONTINUOUS FIELD FORCE ===
CUBIC_FAR_Q2_PROGRESS_CELLS=15000/262058 PERCENT=5
CUBIC_FAR_Q2_PROGRESS_CELLS=60000/262058 PERCENT=22
CUBIC_FAR_Q2_PROGRESS_CELLS=105000/262058 PERCENT=40
CUBIC_FAR_Q2_PROGRESS_CELLS=165000/262058 PERCENT=62
CUBIC_FAR_Q2_PROGRESS_CELLS=210000/262058 PERCENT=80
CUBIC_FAR_Q2_PROGRESS_CELLS=262058/262058 PERCENT=100
CUBIC_FAR_Q3_PROGRESS_CELLS=4444/262058 PERCENT=1
CUBIC_FAR_Q3_PROGRESS_CELLS=53328/262058 PERCENT=20
CUBIC_FAR_Q3_PROGRESS_CELLS=106656/262058 PERCENT=40
CUBIC_FAR_Q3_PROGRESS_CELLS=159984/262058 PERCENT=61
CUBIC_FAR_Q3_PROGRESS_CELLS=213312/262058 PERCENT=81
CUBIC_FAR_Q3_PROGRESS_CELLS=262058/262058 PERCENT=100
CUBIC_NEAR_COARSE_PROGRESS_CELLS=8/86 PERCENT=9
CUBIC_NEAR_COARSE_PROGRESS_CELLS=24/86 PERCENT=27
CUBIC_NEAR_COARSE_PROGRESS_CELLS=40/86 PERCENT=46
CUBIC_NEAR_COARSE_PROGRESS_CELLS=56/86 PERCENT=65
CUBIC_NEAR_COARSE_PROGRESS_CELLS=72/86 PERCENT=83
CUBIC_NEAR_COARSE_PROGRESS_CELLS=86/86 PERCENT=100
CUBIC_NEAR_FINE_PROGRESS_CELLS=1/86 PERCENT=1
CUBIC_NEAR_FINE_PROGRESS_CELLS=18/86 PERCENT=20
CUBIC_NEAR_FINE_PROGRESS_CELLS=35/86 PERCENT=40
CUBIC_NEAR_FINE_PROGRESS_CELLS=52/86 PERCENT=60
CUBIC_NEAR_FINE_PROGRESS_CELLS=69/86 PERCENT=80
CUBIC_NEAR_FINE_PROGRESS_CELLS=86/86 PERCENT=100
CUBIC_Q2_NEAR_FINE_FORCE=1.844950203300755e-01
CUBIC_Q2_NEAR_FINE_OUTWARD=1.026932170995062e+03
CUBIC_Q2_NEAR_FINE_INWARD=-1.026747675974732e+03
CUBIC_Q2_NEAR_FINE_L1=2.053679846969794e+03
CUBIC_Q2_NEAR_FINE_CANCELLATION_FACTOR=1.113135651734993e+04
CUBIC_Q2_NEAR_FINE_ACTIVE_MASS=1.867191952798099e+03
CUBIC_Q2_NEAR_FINE_SOURCE_MIN=-1.567598615251086e+02
CUBIC_Q2_NEAR_FINE_SOURCE_MAX=1.068463652270212e+03
CUBIC_Q2_NEAR_FINE_RAW_NORM_MIN=9.992361044987613e-01
CUBIC_Q2_NEAR_FINE_RAW_NORM_MAX=1.000828693090182e+00
CUBIC_Q3_NEAR_FINE_FORCE=9.044424669329487e-02
CUBIC_Q3_NEAR_FINE_OUTWARD=1.027455291268523e+03
CUBIC_Q3_NEAR_FINE_INWARD=-1.027364847021830e+03
CUBIC_Q3_NEAR_FINE_L1=2.054820138290353e+03
CUBIC_Q3_NEAR_FINE_CANCELLATION_FACTOR=2.271919125224676e+04
CUBIC_Q3_NEAR_FINE_ACTIVE_MASS=1.867674247994550e+03
CUBIC_Q3_NEAR_FINE_SOURCE_MIN=-1.567598615251086e+02
CUBIC_Q3_NEAR_FINE_SOURCE_MAX=1.076509574130853e+03
CUBIC_Q3_NEAR_FINE_RAW_NORM_MIN=9.992361044987613e-01
CUBIC_Q3_NEAR_FINE_RAW_NORM_MAX=1.000828693090182e+00
CUBIC_QUADRATURE_ERROR_ESTIMATE=9.405077363678060e-02
CUBIC_NEAR_REFINEMENT_ERROR_ESTIMATE=3.263630700595854e-02
CUBIC_INTERNAL_ERROR_ESTIMATE=1.266870806427391e-01
CUBIC_BEST_FORCE=9.044424669329487e-02

=== QUINTIC CONTINUOUS FIELD FORCE ===
QUINTIC_FAR_Q2_PROGRESS_CELLS=15000/262058 PERCENT=5
QUINTIC_FAR_Q2_PROGRESS_CELLS=60000/262058 PERCENT=22
QUINTIC_FAR_Q2_PROGRESS_CELLS=105000/262058 PERCENT=40
QUINTIC_FAR_Q2_PROGRESS_CELLS=165000/262058 PERCENT=62
QUINTIC_FAR_Q2_PROGRESS_CELLS=210000/262058 PERCENT=80
QUINTIC_FAR_Q2_PROGRESS_CELLS=262058/262058 PERCENT=100
QUINTIC_FAR_Q3_PROGRESS_CELLS=4444/262058 PERCENT=1
QUINTIC_FAR_Q3_PROGRESS_CELLS=53328/262058 PERCENT=20
QUINTIC_FAR_Q3_PROGRESS_CELLS=106656/262058 PERCENT=40
QUINTIC_FAR_Q3_PROGRESS_CELLS=159984/262058 PERCENT=61
QUINTIC_FAR_Q3_PROGRESS_CELLS=213312/262058 PERCENT=81
QUINTIC_FAR_Q3_PROGRESS_CELLS=262058/262058 PERCENT=100
QUINTIC_NEAR_COARSE_PROGRESS_CELLS=8/86 PERCENT=9
QUINTIC_NEAR_COARSE_PROGRESS_CELLS=24/86 PERCENT=27
QUINTIC_NEAR_COARSE_PROGRESS_CELLS=40/86 PERCENT=46
QUINTIC_NEAR_COARSE_PROGRESS_CELLS=56/86 PERCENT=65
QUINTIC_NEAR_COARSE_PROGRESS_CELLS=72/86 PERCENT=83
QUINTIC_NEAR_COARSE_PROGRESS_CELLS=86/86 PERCENT=100
QUINTIC_NEAR_FINE_PROGRESS_CELLS=1/86 PERCENT=1
QUINTIC_NEAR_FINE_PROGRESS_CELLS=18/86 PERCENT=20
QUINTIC_NEAR_FINE_PROGRESS_CELLS=35/86 PERCENT=40
QUINTIC_NEAR_FINE_PROGRESS_CELLS=52/86 PERCENT=60
QUINTIC_NEAR_FINE_PROGRESS_CELLS=69/86 PERCENT=80
QUINTIC_NEAR_FINE_PROGRESS_CELLS=86/86 PERCENT=100
QUINTIC_Q2_NEAR_FINE_FORCE=2.831962318327328e-01
QUINTIC_Q2_NEAR_FINE_OUTWARD=1.026893082684837e+03
QUINTIC_Q2_NEAR_FINE_INWARD=-1.026609886453005e+03
QUINTIC_Q2_NEAR_FINE_L1=2.053502969137843e+03
QUINTIC_Q2_NEAR_FINE_CANCELLATION_FACTOR=7.251166287942438e+03
QUINTIC_Q2_NEAR_FINE_ACTIVE_MASS=1.867574157888947e+03
QUINTIC_Q2_NEAR_FINE_SOURCE_MIN=-1.567742679803047e+02
QUINTIC_Q2_NEAR_FINE_SOURCE_MAX=1.069109893189035e+03
QUINTIC_Q2_NEAR_FINE_RAW_NORM_MIN=9.997115508802222e-01
QUINTIC_Q2_NEAR_FINE_RAW_NORM_MAX=1.000329850624387e+00
QUINTIC_Q3_NEAR_FINE_FORCE=2.894563338722094e-01
QUINTIC_Q3_NEAR_FINE_OUTWARD=1.027270927098240e+03
QUINTIC_Q3_NEAR_FINE_INWARD=-1.026981470764368e+03
QUINTIC_Q3_NEAR_FINE_L1=2.054252397862608e+03
QUINTIC_Q3_NEAR_FINE_CANCELLATION_FACTOR=7.096933656216104e+03
QUINTIC_Q3_NEAR_FINE_ACTIVE_MASS=1.867573923632724e+03
QUINTIC_Q3_NEAR_FINE_SOURCE_MIN=-1.567742679803047e+02
QUINTIC_Q3_NEAR_FINE_SOURCE_MAX=1.076103924615307e+03
QUINTIC_Q3_NEAR_FINE_RAW_NORM_MIN=9.996643327791889e-01
QUINTIC_Q3_NEAR_FINE_RAW_NORM_MAX=1.000329850624387e+00
QUINTIC_QUADRATURE_ERROR_ESTIMATE=6.260102039476578e-03
QUINTIC_NEAR_REFINEMENT_ERROR_ESTIMATE=3.261187581037461e-02
QUINTIC_INTERNAL_ERROR_ESTIMATE=3.887197784985119e-02
QUINTIC_BEST_FORCE=2.894563338722094e-01
PRELIM_CUBIC_QUINTIC_SPREAD=1.990120871789145e-01
PRELIM_ERROR_BOUND=1.990120871789145e-01
PRELIM_SIGN_MARGIN=9.044424669329487e-02
PRELIM_SIGN_CERTIFIED=NO
GLOBAL_Q4_TRIGGERED=YES

=== G — HEAVY GLOBAL Q4 RESOLUTION PASS ===
CUBIC_FAR_Q4_PROGRESS_CELLS=1875/262058 PERCENT=0
CUBIC_FAR_Q4_PROGRESS_CELLS=52500/262058 PERCENT=20
CUBIC_FAR_Q4_PROGRESS_CELLS=105000/262058 PERCENT=40
CUBIC_FAR_Q4_PROGRESS_CELLS=157500/262058 PERCENT=60
CUBIC_FAR_Q4_PROGRESS_CELLS=210000/262058 PERCENT=80
CUBIC_FAR_Q4_PROGRESS_CELLS=262058/262058 PERCENT=100
CUBIC_Q4_NEAR_FINE_FORCE=8.978233569672511e-02
CUBIC_Q4_NEAR_FINE_OUTWARD=1.027412871955959e+03
CUBIC_Q4_NEAR_FINE_INWARD=-1.027323089620261e+03
CUBIC_Q4_NEAR_FINE_L1=2.054735961576219e+03
CUBIC_Q4_NEAR_FINE_CANCELLATION_FACTOR=2.288574857883952e+04
CUBIC_Q4_NEAR_FINE_ACTIVE_MASS=1.867674083844362e+03
CUBIC_Q4_NEAR_FINE_SOURCE_MIN=-1.567598615251086e+02
CUBIC_Q4_NEAR_FINE_SOURCE_MAX=1.074676563260080e+03
CUBIC_Q4_NEAR_FINE_RAW_NORM_MIN=9.992361044987613e-01
CUBIC_Q4_NEAR_FINE_RAW_NORM_MAX=1.000828693090182e+00
CUBIC_Q4_QUADRATURE_ERROR_ESTIMATE=6.619109965697589e-04
CUBIC_Q4_INTERNAL_ERROR_ESTIMATE=3.329821800252830e-02
CUBIC_Q4_BEST_FORCE=8.978233569672511e-02
QUINTIC_FAR_Q4_PROGRESS_CELLS=1875/262058 PERCENT=0
QUINTIC_FAR_Q4_PROGRESS_CELLS=52500/262058 PERCENT=20
QUINTIC_FAR_Q4_PROGRESS_CELLS=105000/262058 PERCENT=40
QUINTIC_FAR_Q4_PROGRESS_CELLS=157500/262058 PERCENT=60
QUINTIC_FAR_Q4_PROGRESS_CELLS=210000/262058 PERCENT=80
QUINTIC_FAR_Q4_PROGRESS_CELLS=262058/262058 PERCENT=100
QUINTIC_Q4_NEAR_FINE_FORCE=2.887313371821563e-01
QUINTIC_Q4_NEAR_FINE_OUTWARD=1.027214516510342e+03
QUINTIC_Q4_NEAR_FINE_INWARD=-1.026925785173160e+03
QUINTIC_Q4_NEAR_FINE_L1=2.054140301683502e+03
QUINTIC_Q4_NEAR_FINE_CANCELLATION_FACTOR=7.114365630453113e+03
QUINTIC_Q4_NEAR_FINE_ACTIVE_MASS=1.867574232516288e+03
QUINTIC_Q4_NEAR_FINE_SOURCE_MIN=-1.567742679803047e+02
QUINTIC_Q4_NEAR_FINE_SOURCE_MAX=1.076464500365571e+03
QUINTIC_Q4_NEAR_FINE_RAW_NORM_MIN=9.996591895552016e-01
QUINTIC_Q4_NEAR_FINE_RAW_NORM_MAX=1.000329850624387e+00
QUINTIC_Q4_QUADRATURE_ERROR_ESTIMATE=7.249966900531035e-04
QUINTIC_Q4_INTERNAL_ERROR_ESTIMATE=3.333687250042772e-02
QUINTIC_Q4_BEST_FORCE=2.887313371821563e-01

=== H — CONTINUOUS-SOURCE SIGN CERTIFICATE ===
CUBIC_CONTINUOUS_BEST_FORCE=8.978233569672511e-02
QUINTIC_CONTINUOUS_BEST_FORCE=2.887313371821563e-01
CONTINUOUS_REPRESENTATION_SPREAD=1.989490014854312e-01
CONTINUOUS_FORCE_ERROR_BOUND=1.989490014854312e-01
CONTINUOUS_FORCE_SIGN_MARGIN=8.978233569672511e-02
CONTINUOUS_FORCE_SIGN_SAFETY_FACTOR=5.00000000
CUBIC_QUINTIC_SAME_SIGN=YES
N65_CONTINUOUS_FORCE_SIGN_CERTIFIED=NO
N65_CONTINUOUS_FORCE_SIGN=UNRESOLVED
N65_CONTINUOUS_FORCE_CANCELLATION_FACTOR=1.085686520092342e+04

=== I — 023C2AQS DECISION ===
023C2AQS_CONTINUOUS_FIELD_ACTIVE_SOURCE_FORCE_INTEGRATION=INCOMPLETE_CONTINUOUS_SOURCE_SIGN_NOT_CERTIFIED
FULL_PHYSICAL_HESSIAN=DEFERRED_OPERATIONAL_FORCE_UNRESOLVED
N65_STRICT_STATIONARY_FIELD=RETAINED
N65_TOPOLOGY_AND_MATTER_DIAGNOSTICS=RETAINED
OLD_MIDPOINT_PAYLOAD_SIGN=PROMOTION_STATUS_WITHDRAWN_PENDING_OR_SUPERSEDED_BY_CONTINUOUS_OPERATOR
CURRENT_KNOWLEDGE_HEURISTIC=APPROXIMATELY_70_TO_71_PERCENT_FROM_023BR_NOT_A_PROBABILITY
NEXT=023C2AQS2_ACTUAL_FINE_FIELD_RESOLUTION_OR_STRONGER_ADAPTIVE_CUBATURE
NONLINEAR_EINSTEIN_SKYRME=NOT_AUTHORIZED_UNTIL_023C_COMPLETE
PRACTICAL_ANTIGRAVITY_DEVICE=NO
NEW_PHYSICS_DISCOVERY=NO
CLAIM_CLASSIFICATION=PROJECT_DERIVED_023C2AQS_CONTINUOUS_FIELD_ACTIVE_SOURCE_FORCE_INTEGRATION
