=== 023C2AQS2R2 — N73 ADAPTIVE-DAMPING INEXACT NEWTON CLOSURE ===

=== A — FAIL-CLOSED UPSTREAM AUDIT ===
023C2AQS2R_SOURCE_SHA256=46fce3c29bb030ab6d4dbb890f1605f0ee95971fd5d5d28cc1c246110ff5dd14
UPSTREAM_023C2AQS2R_AUDIT=PASS

=== B — LOAD N73 NEWTON CHECKPOINT ===
NK2_START_SOURCE=results/data/023c2aqs2r_n73_newton_krylov_checkpoint.npz
NK2_START_ACCEPTED_TOTAL=403
NK2_START_NEWTON_ACCEPTED_TOTAL=3
NK2_START_HISTORY_LENGTH=20
NK2_START_HISTORY_DISCARDED=0
NK2_START_NORM_MAXERR=2.220446049250313e-16
NK2_START_ENERGY=1.767349996998055e+03
NK2_START_GRAD_RMS=4.049924500583657e-02
NK2_START_GRAD_MAX=7.160002370663998e-01
NK2_START_STRICT_STATIONARITY=FAIL
NK2_START_TOPOLOGY4=6.979140626421583e+00
NK2_START_GEOMETRIC_DEGREES=-7,-7,-7

=== C — ADAPTIVE-DAMPING MATRIX-FREE NEWTON-KRYLOV ===
NK2_OUTER=1 NDOF=1073733 GRAD_RMS=4.049924500583657e-02 GRAD_MAX=7.160002370663998e-01
NK2_EXACT_ISOROTATION_ZERO_MODE_COUNT=3
NK2_SPATIAL_SYMMETRY_GRAD_OVERLAPS=1.220219609e-07,9.488055432e-08,2.531883260e-07,1.703569979e-03,1.703806648e-03,1.703990040e-03
NK2_SPATIAL_SYMMETRY_COMBINED_GRAD_FRACTION=2.951048951300086e-03
NK_HVP_STEP_POINT_ANGLE=1.000000000000000e-04 RAYLEIGH=2.907251405718554e+02 MATVECS=1
NK_HVP_STEP_POINT_ANGLE=2.000000000000000e-04 RAYLEIGH=2.907251449595643e+02 MATVECS=1
NK_HVP_STEP_POINT_ANGLE=4.000000000000000e-04 RAYLEIGH=2.907251625104212e+02 MATVECS=1
NK_HVP_STEP_RELCHANGE_FINE_PRIMARY=1.974423767162628e-08
NK_HVP_STEP_RELCHANGE_PRIMARY_COARSE=7.897579675823801e-08
NK_HVP_STEP_CONVERGENCE=PASS
NK_HESSIAN_BILINEAR_UHV=-1.073586692526779e+00
NK_HESSIAN_BILINEAR_HUW=-1.073586694147088e+00
NK_HESSIAN_BILINEAR_RELASYM=1.509249018316050e-09
NK_HESSIAN_SELF_ADJOINTNESS=PASS
NK2_PRECONDITIONER_USABLE_PAIRS=20
NK2_SECANT_CURVATURE_SCALE=5.498520171255616e+05
NK2_GRADIENT_RAYLEIGH=1.957890271658082e+05
NK2_SMOOTH_RAYLEIGH=2.864730786711676e+02
NK2_LOCAL_DAMPING_SCALE=1.957890271658082e+05
NK2_SECANT_TO_LOCAL_SCALE_RATIO=2.808390363265392e+00
NK2_LINEAR_SOLVE_OUTER=1 DAMP_MULT=0.000000e+00 MU=0.000000000000000e+00 MINRES_INFO=0 MINRES_ITERS=10 RTOL=5.031106054e-02 LINEAR_MODEL_RELRES=6.536044858699233e-01 SHIFTED_RELRES=6.536044858699233e-01 G_DOT_DELTA=-4.421751303814291e-05 DELTA_NORM2=6.635306559181297e-08 MAX_POINT=1.163038654660722e-04 TRUST_ANGLE=1.012481125145914e-02 ALPHA0=1.000000000000000e+00
NK2_LINEAR_DIRECTION_DESCENT=YES
NK2_LINESEARCH_TRIAL_OUTER=1 DAMP_MULT=0.000000e+00 LS=0 ALPHA=1.000000000000000e+00 ENERGY=1.767349969311033e+03 GRAD_RMS=2.647066872632573e-02 GRAD_MAX=4.838670908022714e-01 RESIDUAL_ACCEPT=YES
NK2_NEWTON_STEP_ACCEPTED=YES OUTER=1 DAMP_MULT=0.000000e+00 MU=0.000000000000000e+00 ALPHA=1.000000000000000e+00 LINEAR_MODEL_RELRES=6.536044858699233e-01 RMS_REDUCTION_FACTOR=1.529966825717519e+00 GMAX_REDUCTION_FACTOR=1.479745679498976e+00 ENERGY=1.767349969311033e+03 GRAD_RMS=2.647066872632573e-02 GRAD_MAX=4.838670908022714e-01 TOPOLOGY4=6.979141755056987e+00 GEOMETRIC_DEGREES=-7,-7,-7 MAX_NEIGHBOR_ANGLE=4.057246907820470e-01
NK2_CHECKPOINT_WRITTEN=results/data/023c2aqs2r2_n73_adaptive_newton_checkpoint.npz NEWTON_ACCEPTED_TOTAL=4 HISTORY_LENGTH=20
NK2_OUTER=2 NDOF=1073733 GRAD_RMS=2.647066872632573e-02 GRAD_MAX=4.838670908022714e-01
NK2_EXACT_ISOROTATION_ZERO_MODE_COUNT=3
NK2_SPATIAL_SYMMETRY_GRAD_OVERLAPS=2.537534355e-08,2.501927003e-08,1.136617372e-08,2.587299777e-03,2.587675073e-03,2.587889408e-03
NK2_SPATIAL_SYMMETRY_COMBINED_GRAD_FRACTION=4.481891788983192e-03
NK2_PRECONDITIONER_USABLE_PAIRS=20
NK2_SECANT_CURVATURE_SCALE=5.096681579834354e+05
NK2_GRADIENT_RAYLEIGH=1.269677684565580e+05
NK2_SMOOTH_RAYLEIGH=2.885119801431173e+02
NK2_LOCAL_DAMPING_SCALE=1.269677684565580e+05
NK2_SECANT_TO_LOCAL_SCALE_RATIO=4.014153861086549e+00
NK2_LINEAR_SOLVE_OUTER=2 DAMP_MULT=0.000000e+00 MU=0.000000000000000e+00 MINRES_INFO=0 MINRES_ITERS=7 RTOL=4.067452268e-02 LINEAR_MODEL_RELRES=1.288995597905583e+00 SHIFTED_RELRES=1.288995597905583e+00 G_DOT_DELTA=-1.553644956148308e-05 DELTA_NORM2=1.372957934505525e-08 MAX_POINT=5.768651531533519e-05 TRUST_ANGLE=6.617667181581432e-03 ALPHA0=1.000000000000000e+00
NK2_LINEAR_DIRECTION_DESCENT=YES
NK2_LINESEARCH_TRIAL_OUTER=2 DAMP_MULT=0.000000e+00 LS=0 ALPHA=1.000000000000000e+00 ENERGY=1.767349957822687e+03 GRAD_RMS=3.412049859433943e-02 GRAD_MAX=8.294090416079626e-01 RESIDUAL_ACCEPT=NO
NK2_LINESEARCH_TRIAL_OUTER=2 DAMP_MULT=0.000000e+00 LS=1 ALPHA=5.000000000000000e-01 ENERGY=1.767349962554833e+03 GRAD_RMS=2.736587199973859e-02 GRAD_MAX=5.654575194509588e-01 RESIDUAL_ACCEPT=NO
NK2_LINESEARCH_TRIAL_OUTER=2 DAMP_MULT=0.000000e+00 LS=2 ALPHA=2.500000000000000e-01 ENERGY=1.767349965679927e+03 GRAD_RMS=2.605576876578490e-02 GRAD_MAX=5.142041126180205e-01 RESIDUAL_ACCEPT=NO
NK2_LINESEARCH_TRIAL_OUTER=2 DAMP_MULT=0.000000e+00 LS=3 ALPHA=1.250000000000000e-01 ENERGY=1.767349967432228e+03 GRAD_RMS=2.604471224294018e-02 GRAD_MAX=4.989457060532499e-01 RESIDUAL_ACCEPT=NO
NK2_LINESEARCH_TRIAL_OUTER=2 DAMP_MULT=0.000000e+00 LS=4 ALPHA=6.250000000000000e-02 ENERGY=1.767349968355818e+03 GRAD_RMS=2.620388333326688e-02 GRAD_MAX=4.913828858966481e-01 RESIDUAL_ACCEPT=NO
NK2_LINESEARCH_TRIAL_OUTER=2 DAMP_MULT=0.000000e+00 LS=5 ALPHA=3.125000000000000e-02 ENERGY=1.767349968829472e+03 GRAD_RMS=2.632399779704956e-02 GRAD_MAX=4.876189741231210e-01 RESIDUAL_ACCEPT=NO
NK2_LINESEARCH_TRIAL_OUTER=2 DAMP_MULT=0.000000e+00 LS=6 ALPHA=1.562500000000000e-02 ENERGY=1.767349969069264e+03 GRAD_RMS=2.639403949399800e-02 GRAD_MAX=4.857415114697979e-01 RESIDUAL_ACCEPT=NO
NK2_LINESEARCH_TRIAL_OUTER=2 DAMP_MULT=0.000000e+00 LS=7 ALPHA=7.812500000000000e-03 ENERGY=1.767349969189901e+03 GRAD_RMS=2.643153413361869e-02 GRAD_MAX=4.848039186514486e-01 RESIDUAL_ACCEPT=NO
NK2_LINEAR_SOLVE_OUTER=2 DAMP_MULT=2.000000e-02 MU=2.539355369131161e+03 MINRES_INFO=0 MINRES_ITERS=17 RTOL=4.067452268e-02 LINEAR_MODEL_RELRES=6.649541756320859e-01 SHIFTED_RELRES=5.200490747519774e-01 G_DOT_DELTA=-1.789700169818622e-05 DELTA_NORM2=3.057407907803196e-09 MAX_POINT=2.015860101324402e-05 TRUST_ANGLE=6.617667181581432e-03 ALPHA0=1.000000000000000e+00
NK2_LINEAR_DIRECTION_DESCENT=YES
NK2_LINESEARCH_TRIAL_OUTER=2 DAMP_MULT=2.000000e-02 LS=0 ALPHA=1.000000000000000e+00 ENERGY=1.767349955427078e+03 GRAD_RMS=1.760177021408008e-02 GRAD_MAX=4.380304436481137e-01 RESIDUAL_ACCEPT=YES
NK2_NEWTON_STEP_ACCEPTED=YES OUTER=2 DAMP_MULT=2.000000e-02 MU=2.539355369131161e+03 ALPHA=1.000000000000000e+00 LINEAR_MODEL_RELRES=6.649541756320859e-01 RMS_REDUCTION_FACTOR=1.503864009379648e+00 GMAX_REDUCTION_FACTOR=1.104642606053610e+00 ENERGY=1.767349955427078e+03 GRAD_RMS=1.760177021408008e-02 GRAD_MAX=4.380304436481137e-01 TOPOLOGY4=6.979142009632244e+00 GEOMETRIC_DEGREES=-7,-7,-7 MAX_NEIGHBOR_ANGLE=4.057253043100243e-01
NK2_CHECKPOINT_WRITTEN=results/data/023c2aqs2r2_n73_adaptive_newton_checkpoint.npz NEWTON_ACCEPTED_TOTAL=5 HISTORY_LENGTH=20
NK2_OUTER=3 NDOF=1073733 GRAD_RMS=1.760177021408008e-02 GRAD_MAX=4.380304436481137e-01
NK2_EXACT_ISOROTATION_ZERO_MODE_COUNT=3
NK2_SPATIAL_SYMMETRY_GRAD_OVERLAPS=1.161343667e-07,8.900039749e-08,2.692495937e-07,3.896197915e-03,3.896462476e-03,3.896822724e-03
NK2_SPATIAL_SYMMETRY_COMBINED_GRAD_FRACTION=6.748926245132572e-03
NK2_PRECONDITIONER_USABLE_PAIRS=20
NK2_SECANT_CURVATURE_SCALE=3.692787020686712e+05
NK2_GRADIENT_RAYLEIGH=5.118051479279556e+05
NK2_SMOOTH_RAYLEIGH=2.877547413473884e+02
NK2_LOCAL_DAMPING_SCALE=5.118051479279556e+05
NK2_SECANT_TO_LOCAL_SCALE_RATIO=7.215220549533293e-01
NK2_LINEAR_SOLVE_OUTER=3 DAMP_MULT=0.000000e+00 MU=0.000000000000000e+00 MINRES_INFO=0 MINRES_ITERS=9 RTOL=3.316791580e-02 LINEAR_MODEL_RELRES=1.400488786438820e+00 SHIFTED_RELRES=1.400488786438820e+00 G_DOT_DELTA=-3.015964615495612e-05 DELTA_NORM2=8.008923072369803e-08 MAX_POINT=1.390030727718525e-04 TRUST_ANGLE=4.400442553520020e-03 ALPHA0=1.000000000000000e+00
NK2_LINEAR_DIRECTION_DESCENT=YES
NK2_LINESEARCH_TRIAL_OUTER=3 DAMP_MULT=0.000000e+00 LS=0 ALPHA=1.000000000000000e+00 ENERGY=1.767349937764345e+03 GRAD_RMS=2.465075713331801e-02 GRAD_MAX=7.899804245626169e-01 RESIDUAL_ACCEPT=NO
NK2_LINESEARCH_TRIAL_OUTER=3 DAMP_MULT=0.000000e+00 LS=1 ALPHA=5.000000000000000e-01 ENERGY=1.767349943471479e+03 GRAD_RMS=1.654152807769725e-02 GRAD_MAX=4.835870618810578e-01 RESIDUAL_ACCEPT=YES
NK2_NEWTON_STEP_ACCEPTED=YES OUTER=3 DAMP_MULT=0.000000e+00 MU=0.000000000000000e+00 ALPHA=5.000000000000000e-01 LINEAR_MODEL_RELRES=1.400488786438820e+00 RMS_REDUCTION_FACTOR=1.064095779507356e+00 GMAX_REDUCTION_FACTOR=9.057943815623647e-01 ENERGY=1.767349943471479e+03 GRAD_RMS=1.654152807769725e-02 GRAD_MAX=4.835870618810578e-01 TOPOLOGY4=6.979142747487332e+00 GEOMETRIC_DEGREES=-7,-7,-7 MAX_NEIGHBOR_ANGLE=4.057185684706664e-01
NK2_CHECKPOINT_WRITTEN=results/data/023c2aqs2r2_n73_adaptive_newton_checkpoint.npz NEWTON_ACCEPTED_TOTAL=6 HISTORY_LENGTH=20
NK2_OUTER=4 NDOF=1073733 GRAD_RMS=1.654152807769725e-02 GRAD_MAX=4.835870618810578e-01
NK2_EXACT_ISOROTATION_ZERO_MODE_COUNT=3
NK2_SPATIAL_SYMMETRY_GRAD_OVERLAPS=1.162915828e-07,5.845676887e-08,1.938351494e-07,4.144158638e-03,4.144569106e-03,4.144850100e-03
NK2_SPATIAL_SYMMETRY_COMBINED_GRAD_FRACTION=7.178529535574256e-03
NK2_PRECONDITIONER_USABLE_PAIRS=20
NK2_SECANT_CURVATURE_SCALE=3.373612794264795e+05
NK2_GRADIENT_RAYLEIGH=6.662891889166526e+05
NK2_SMOOTH_RAYLEIGH=2.909945105350367e+02
NK2_LOCAL_DAMPING_SCALE=6.662891889166526e+05
NK2_SECANT_TO_LOCAL_SCALE_RATIO=5.063286108168876e-01
NK2_LINEAR_SOLVE_OUTER=4 DAMP_MULT=0.000000e+00 MU=0.000000000000000e+00 MINRES_INFO=0 MINRES_ITERS=9 RTOL=3.215346801e-02 LINEAR_MODEL_RELRES=1.176289835030510e+00 SHIFTED_RELRES=1.176289835030510e+00 G_DOT_DELTA=-1.647837588098546e-05 DELTA_NORM2=3.668303534189526e-08 MAX_POINT=9.061269115145689e-05 TRUST_ANGLE=4.135382019424313e-03 ALPHA0=1.000000000000000e+00
NK2_LINEAR_DIRECTION_DESCENT=YES
NK2_LINESEARCH_TRIAL_OUTER=4 DAMP_MULT=0.000000e+00 LS=0 ALPHA=1.000000000000000e+00 ENERGY=1.767349932485145e+03 GRAD_RMS=1.945738054105983e-02 GRAD_MAX=8.348617175555914e-01 RESIDUAL_ACCEPT=NO
NK2_LINESEARCH_TRIAL_OUTER=4 DAMP_MULT=0.000000e+00 LS=1 ALPHA=5.000000000000000e-01 ENERGY=1.767349936605301e+03 GRAD_RMS=1.178268153298688e-02 GRAD_MAX=3.298987957225826e-01 RESIDUAL_ACCEPT=YES
NK2_NEWTON_STEP_ACCEPTED=YES OUTER=4 DAMP_MULT=0.000000e+00 MU=0.000000000000000e+00 ALPHA=5.000000000000000e-01 LINEAR_MODEL_RELRES=1.176289835030510e+00 RMS_REDUCTION_FACTOR=1.403884848401229e+00 GMAX_REDUCTION_FACTOR=1.465864889933440e+00 ENERGY=1.767349936605301e+03 GRAD_RMS=1.178268153298688e-02 GRAD_MAX=3.298987957225826e-01 TOPOLOGY4=6.979143276495983e+00 GEOMETRIC_DEGREES=-7,-7,-7 MAX_NEIGHBOR_ANGLE=4.057138036623870e-01
NK2_CHECKPOINT_WRITTEN=results/data/023c2aqs2r2_n73_adaptive_newton_checkpoint.npz NEWTON_ACCEPTED_TOTAL=7 HISTORY_LENGTH=20
NK2_OUTER=5 NDOF=1073733 GRAD_RMS=1.178268153298688e-02 GRAD_MAX=3.298987957225826e-01
NK2_EXACT_ISOROTATION_ZERO_MODE_COUNT=3
NK2_SPATIAL_SYMMETRY_GRAD_OVERLAPS=3.425699035e-07,1.818066007e-07,3.588424050e-07,5.812571131e-03,5.813004639e-03,5.813775356e-03
NK2_SPATIAL_SYMMETRY_COMBINED_GRAD_FRACTION=1.006861411771619e-02
NK2_PRECONDITIONER_USABLE_PAIRS=20
NK2_SECANT_CURVATURE_SCALE=3.291077684127987e+05
NK2_GRADIENT_RAYLEIGH=3.248219441851024e+05
NK2_SMOOTH_RAYLEIGH=2.879873607539072e+02
NK2_LOCAL_DAMPING_SCALE=3.248219441851024e+05
NK2_SECANT_TO_LOCAL_SCALE_RATIO=1.013194380196351e+00
NK2_LINEAR_SOLVE_OUTER=5 DAMP_MULT=0.000000e+00 MU=0.000000000000000e+00 MINRES_INFO=0 MINRES_ITERS=13 RTOL=2.713701523e-02 LINEAR_MODEL_RELRES=9.822679871058760e-01 SHIFTED_RELRES=9.822679871058760e-01 G_DOT_DELTA=-1.643322900060362e-05 DELTA_NORM2=5.710335921102337e-08 MAX_POINT=1.074708056547298e-04 TRUST_ANGLE=2.945670383246721e-03 ALPHA0=1.000000000000000e+00
NK2_LINEAR_DIRECTION_DESCENT=YES
NK2_LINESEARCH_TRIAL_OUTER=5 DAMP_MULT=0.000000e+00 LS=0 ALPHA=1.000000000000000e+00 ENERGY=1.767349926886920e+03 GRAD_RMS=1.157371952619246e-02 GRAD_MAX=2.693247255259087e-01 RESIDUAL_ACCEPT=NO
NK2_LINESEARCH_TRIAL_OUTER=5 DAMP_MULT=0.000000e+00 LS=1 ALPHA=5.000000000000000e-01 ENERGY=1.767349930067397e+03 GRAD_RMS=1.021981403417517e-02 GRAD_MAX=1.686814241263617e-01 RESIDUAL_ACCEPT=YES
NK2_NEWTON_STEP_ACCEPTED=YES OUTER=5 DAMP_MULT=0.000000e+00 MU=0.000000000000000e+00 ALPHA=5.000000000000000e-01 LINEAR_MODEL_RELRES=9.822679871058760e-01 RMS_REDUCTION_FACTOR=1.152925238520532e+00 GMAX_REDUCTION_FACTOR=1.955750595723277e+00 ENERGY=1.767349930067397e+03 GRAD_RMS=1.021981403417517e-02 GRAD_MAX=1.686814241263617e-01 TOPOLOGY4=6.979143952550977e+00 GEOMETRIC_DEGREES=-7,-7,-7 MAX_NEIGHBOR_ANGLE=4.057077866780325e-01
NK2_CHECKPOINT_WRITTEN=results/data/023c2aqs2r2_n73_adaptive_newton_checkpoint.npz NEWTON_ACCEPTED_TOTAL=8 HISTORY_LENGTH=20
NK2_OUTER=6 NDOF=1073733 GRAD_RMS=1.021981403417517e-02 GRAD_MAX=1.686814241263617e-01
NK2_EXACT_ISOROTATION_ZERO_MODE_COUNT=3
NK2_SPATIAL_SYMMETRY_GRAD_OVERLAPS=1.589794970e-07,1.287304480e-07,3.118948727e-07,6.696399135e-03,6.697037956e-03,6.697733468e-03
NK2_SPATIAL_SYMMETRY_COMBINED_GRAD_FRACTION=1.159964277488942e-02
NK2_PRECONDITIONER_USABLE_PAIRS=20
NK2_SECANT_CURVATURE_SCALE=2.905938871926993e+05
NK2_GRADIENT_RAYLEIGH=2.029996741039488e+05
NK2_SMOOTH_RAYLEIGH=2.923187894339620e+02
NK2_LOCAL_DAMPING_SCALE=2.029996741039488e+05
NK2_SECANT_TO_LOCAL_SCALE_RATIO=1.431499279372718e+00
NK2_LINEAR_SOLVE_OUTER=6 DAMP_MULT=0.000000e+00 MU=0.000000000000000e+00 MINRES_INFO=0 MINRES_ITERS=11 RTOL=2.527327397e-02 LINEAR_MODEL_RELRES=2.284241880644368e+00 SHIFTED_RELRES=2.284241880644368e+00 G_DOT_DELTA=-7.550350605549282e-06 DELTA_NORM2=1.134746976214250e-08 MAX_POINT=4.234775941031636e-05 TRUST_ANGLE=2.554953508543792e-03 ALPHA0=1.000000000000000e+00
NK2_LINEAR_DIRECTION_DESCENT=YES
NK2_LINESEARCH_TRIAL_OUTER=6 DAMP_MULT=0.000000e+00 LS=0 ALPHA=1.000000000000000e+00 ENERGY=1.767349923934626e+03 GRAD_RMS=2.334441061427114e-02 GRAD_MAX=1.164181547374465e+00 RESIDUAL_ACCEPT=NO
NK2_LINESEARCH_TRIAL_OUTER=6 DAMP_MULT=0.000000e+00 LS=1 ALPHA=5.000000000000000e-01 ENERGY=1.767349926646616e+03 GRAD_RMS=1.436056900265245e-02 GRAD_MAX=6.563918143165363e-01 RESIDUAL_ACCEPT=NO
NK2_LINESEARCH_TRIAL_OUTER=6 DAMP_MULT=0.000000e+00 LS=2 ALPHA=2.500000000000000e-01 ENERGY=1.767349928268409e+03 GRAD_RMS=1.121230196375142e-02 GRAD_MAX=4.032095666226755e-01 RESIDUAL_ACCEPT=NO
NK2_LINESEARCH_TRIAL_OUTER=6 DAMP_MULT=0.000000e+00 LS=3 ALPHA=1.250000000000000e-01 ENERGY=1.767349929145753e+03 GRAD_RMS=1.037666775210006e-02 GRAD_MAX=2.773676103750551e-01 RESIDUAL_ACCEPT=NO
NK2_LINESEARCH_TRIAL_OUTER=6 DAMP_MULT=0.000000e+00 LS=4 ALPHA=6.250000000000000e-02 ENERGY=1.767349929601038e+03 GRAD_RMS=1.020826533074316e-02 GRAD_MAX=2.150186281575651e-01 RESIDUAL_ACCEPT=NO
NK2_LINESEARCH_TRIAL_OUTER=6 DAMP_MULT=0.000000e+00 LS=5 ALPHA=3.125000000000000e-02 ENERGY=1.767349929832833e+03 GRAD_RMS=1.019136058804520e-02 GRAD_MAX=1.858530863746896e-01 RESIDUAL_ACCEPT=NO
NK2_LINESEARCH_TRIAL_OUTER=6 DAMP_MULT=0.000000e+00 LS=6 ALPHA=1.562500000000000e-02 ENERGY=1.767349929949769e+03 GRAD_RMS=1.019992707622813e-02 GRAD_MAX=1.772656757144390e-01 RESIDUAL_ACCEPT=NO
NK2_LINESEARCH_TRIAL_OUTER=6 DAMP_MULT=0.000000e+00 LS=7 ALPHA=7.812500000000000e-03 ENERGY=1.767349930008497e+03 GRAD_RMS=1.020845874847739e-02 GRAD_MAX=1.729731256172293e-01 RESIDUAL_ACCEPT=NO
NK2_LINEAR_SOLVE_OUTER=6 DAMP_MULT=2.000000e-02 MU=4.059993482078975e+03 MINRES_INFO=0 MINRES_ITERS=19 RTOL=2.527327397e-02 LINEAR_MODEL_RELRES=9.960634606483065e-01 SHIFTED_RELRES=7.435218072256992e-01 G_DOT_DELTA=-2.744638216520162e-06 DELTA_NORM2=4.760408903790749e-10 MAX_POINT=7.901423376011967e-06 TRUST_ANGLE=2.554953508543792e-03 ALPHA0=1.000000000000000e+00
NK2_LINEAR_DIRECTION_DESCENT=YES
NK2_LINESEARCH_TRIAL_OUTER=6 DAMP_MULT=2.000000e-02 LS=0 ALPHA=1.000000000000000e+00 ENERGY=1.767349927497645e+03 GRAD_RMS=1.017958169239488e-02 GRAD_MAX=3.002223208308885e-01 RESIDUAL_ACCEPT=NO
NK2_LINESEARCH_TRIAL_OUTER=6 DAMP_MULT=2.000000e-02 LS=1 ALPHA=5.000000000000000e-01 ENERGY=1.767349928738799e+03 GRAD_RMS=9.794114315427918e-03 GRAD_MAX=1.867636563734954e-01 RESIDUAL_ACCEPT=YES
NK2_NEWTON_STEP_ACCEPTED=YES OUTER=6 DAMP_MULT=2.000000e-02 MU=4.059993482078975e+03 ALPHA=5.000000000000000e-01 LINEAR_MODEL_RELRES=9.960634606483065e-01 RMS_REDUCTION_FACTOR=1.043464850933655e+00 GMAX_REDUCTION_FACTOR=9.031812045327902e-01 ENERGY=1.767349928738799e+03 GRAD_RMS=9.794114315427918e-03 GRAD_MAX=1.867636563734954e-01 TOPOLOGY4=6.979143998532878e+00 GEOMETRIC_DEGREES=-7,-7,-7 MAX_NEIGHBOR_ANGLE=4.057074608614026e-01
NK2_CHECKPOINT_WRITTEN=results/data/023c2aqs2r2_n73_adaptive_newton_checkpoint.npz NEWTON_ACCEPTED_TOTAL=9 HISTORY_LENGTH=20

=== D — END-OF-SLICE AUDIT ===
NK2_OUTER_ATTEMPTED=6
NK2_OUTER_ACCEPTED=6
NK2_HVP_MATVEC_CALLS=115
NK2_MINRES_TOTAL_ITERATIONS=95
NK2_DAMPING_TRIALS=8
NK2_LINESEARCH_REJECTS=20
NK2_FINAL_ENERGY=1.767349928738799e+03
NK2_FINAL_GRAD_RMS=9.794114315427918e-03
NK2_FINAL_GRAD_MAX=1.867636563734954e-01
NK2_FINAL_STRICT_STATIONARITY=FAIL
NK2_FINAL_TOPOLOGY4=6.979143998532878e+00
NK2_FINAL_GEOMETRIC_DEGREES=-7,-7,-7
NK2_FINAL_MAX_NEIGHBOR_ANGLE=4.057074608614026e-01
NK2_CHECKPOINT_WRITTEN=results/data/023c2aqs2r2_n73_adaptive_newton_checkpoint.npz NEWTON_ACCEPTED_TOTAL=9 HISTORY_LENGTH=20

=== E — BOUNDED INCOMPLETE DECISION ===
023C2AQS2R2_N73_ADAPTIVE_NEWTON=INCOMPLETE_SHORT_ADAPTIVE_NEWTON_SLICE
N73_ACTUAL_FINE_STRICT_STATIONARITY=NOT_YET
ADAPTIVE_NEWTON_LOCAL_ACCELERATION=SUPPORTED
NEXT=RERUN_SAME_023C2AQS2R2_FROM_ADAPTIVE_NEWTON_CHECKPOINT
N73_CONTINUOUS_FORCE=NOT_RUN_BEFORE_STATIONARITY
FULL_PHYSICAL_HESSIAN=DEFERRED_OPERATIONAL_FORCE_AND_FINE_FIELD_UNRESOLVED
CURRENT_KNOWLEDGE_HEURISTIC=APPROXIMATELY_70_TO_71_PERCENT_FROM_023BR_NOT_A_PROBABILITY
NONLINEAR_EINSTEIN_SKYRME=NOT_AUTHORIZED
PRACTICAL_ANTIGRAVITY_DEVICE=NO
