=== 023C2A — N73 RESOLUTION + FULL-TANGENT N65 HESSIAN ===

=== A — UPSTREAM STRICT-STATIONARY AUDIT ===
023CR2_SOURCE_SHA256=6affc28547b7849140f1eacf6992c9541ea9ba9a7c306e69121ca60ef76ad1db
023CR3_SOURCE_SHA256=350868726af644d1a8bb2970b559c92e1febc4ea261f409ab38c1dca64ac97da
023CR3R_SOURCE_SHA256=545770186fca2b319e37e3882a4f280eb40093a11fe59f95f40ab6eaefab9306
023CR4R_SOURCE_SHA256=eda4d558c258a45e986b7fe6f9fe47e5a371349380f8df509612c66bde515cb3
UPSTREAM_023CR4R_AUDIT=PASS

=== B — LOAD STRICT-STATIONARY N65 FIELD ===
N65_DISCRETE_ENERGY=1.761107266504671e+03
N65_GRAD_RMS=1.357965394890431e-03
N65_GRAD_MAX=2.327594396679766e-02
N65_STRICT_STATIONARITY=PASS
N65_CONTINUUM_ENERGY=1.780230521772526e+03
N65_MIN_ACTIVE_FRACTION=-1.470929727289865e-02
N65_TOPOLOGY4=6.967481864276875e+00
N65_GEOMETRIC_DEGREES=-7,-7,-7

=== C — N73 COMPANION INTERPOLATION / R-LBFGS ===
N73_START_SOURCE=023C2A_N73_CHECKPOINT
N73_START_DX=8.905654211776426e-02
N73_START_ENERGY=1.767396602893422e+03
N73_START_GRAD_RMS=1.698468362226644e+00
N73_START_GRAD_MAX=4.002539152696855e+01
N73_START_STRICT_STATIONARITY=FAIL
N73_START_TOPOLOGY4=6.978977742625206e+00
N73_START_GEOMETRIC_DEGREES=-7,-7,-7
RLBFGS_INITIAL_ENERGY=1.767396602893422e+03
RLBFGS_INITIAL_GRAD_RMS=1.698468362226644e+00
RLBFGS_INITIAL_GRAD_MAX=4.002539152696855e+01
RLBFGS_INITIAL_STRICT_STATIONARITY=FAIL
RLBFGS_PROGRESS_ACCEPTED_THIS_RUN=5 ACCEPTED_TOTAL=85 ENERGY=1.767393385969571e+03 GRAD_RMS=1.739355586269377e+00 GRAD_MAX=5.769863292765584e+01 TOPOLOGY4=6.978981778517531e+00 WORST_DIRECTION_SENTINEL=NOT_EVALUATED_THIS_STEP HISTORY=5 ALPHA=1.000000000000000e+00
RLBFGS_PROGRESS_ACCEPTED_THIS_RUN=10 ACCEPTED_TOTAL=90 ENERGY=1.767390175219579e+03 GRAD_RMS=1.699346686272541e+00 GRAD_MAX=7.229180105398379e+01 TOPOLOGY4=6.978987777616600e+00 WORST_DIRECTION_SENTINEL=-2.325853884975232e+02 HISTORY=7 ALPHA=1.000000000000000e+00
CHECKPOINT_WRITTEN=results/data/023c2a_n73_rlbfgs_checkpoint.npz
RLBFGS_PROGRESS_ACCEPTED_THIS_RUN=15 ACCEPTED_TOTAL=95 ENERGY=1.767388286302201e+03 GRAD_RMS=8.573463093843271e-01 GRAD_MAX=3.789039305371207e+01 TOPOLOGY4=6.978991273137342e+00 WORST_DIRECTION_SENTINEL=NOT_EVALUATED_THIS_STEP HISTORY=7 ALPHA=1.000000000000000e+00
RLBFGS_PROGRESS_ACCEPTED_THIS_RUN=20 ACCEPTED_TOTAL=100 ENERGY=1.767386394062547e+03 GRAD_RMS=9.147128771071315e-01 GRAD_MAX=2.415507925105550e+01 TOPOLOGY4=6.978994372580221e+00 WORST_DIRECTION_SENTINEL=-2.323310803664764e+02 HISTORY=7 ALPHA=1.000000000000000e+00
CHECKPOINT_WRITTEN=results/data/023c2a_n73_rlbfgs_checkpoint.npz
RLBFGS_PROGRESS_ACCEPTED_THIS_RUN=25 ACCEPTED_TOTAL=105 ENERGY=1.767383129606556e+03 GRAD_RMS=1.459256041659198e+00 GRAD_MAX=7.608194007231802e+01 TOPOLOGY4=6.978995603692490e+00 WORST_DIRECTION_SENTINEL=NOT_EVALUATED_THIS_STEP HISTORY=7 ALPHA=1.000000000000000e+00
RLBFGS_PROGRESS_ACCEPTED_THIS_RUN=30 ACCEPTED_TOTAL=110 ENERGY=1.767379841144154e+03 GRAD_RMS=2.290458738320183e+00 GRAD_MAX=7.025296126804942e+01 TOPOLOGY4=6.978993392850485e+00 WORST_DIRECTION_SENTINEL=-2.326524625969419e+02 HISTORY=7 ALPHA=1.000000000000000e+00
CHECKPOINT_WRITTEN=results/data/023c2a_n73_rlbfgs_checkpoint.npz
RLBFGS_PROGRESS_ACCEPTED_THIS_RUN=35 ACCEPTED_TOTAL=115 ENERGY=1.767377787666222e+03 GRAD_RMS=9.711673674263570e-01 GRAD_MAX=4.476992057350488e+01 TOPOLOGY4=6.978991554973830e+00 WORST_DIRECTION_SENTINEL=NOT_EVALUATED_THIS_STEP HISTORY=7 ALPHA=1.000000000000000e+00
RLBFGS_PROGRESS_ACCEPTED_THIS_RUN=40 ACCEPTED_TOTAL=120 ENERGY=1.767375187333065e+03 GRAD_RMS=1.350343332017740e+00 GRAD_MAX=4.354952547317217e+01 TOPOLOGY4=6.978988656805058e+00 WORST_DIRECTION_SENTINEL=-2.325311449629343e+02 HISTORY=7 ALPHA=1.000000000000000e+00
CHECKPOINT_WRITTEN=results/data/023c2a_n73_rlbfgs_checkpoint.npz
RLBFGS_PROGRESS_ACCEPTED_THIS_RUN=45 ACCEPTED_TOTAL=125 ENERGY=1.767370605540915e+03 GRAD_RMS=1.043457470758892e+00 GRAD_MAX=2.010276953657982e+01 TOPOLOGY4=6.978982819904310e+00 WORST_DIRECTION_SENTINEL=NOT_EVALUATED_THIS_STEP HISTORY=7 ALPHA=1.000000000000000e+00
RLBFGS_PROGRESS_ACCEPTED_THIS_RUN=50 ACCEPTED_TOTAL=130 ENERGY=1.767367957543449e+03 GRAD_RMS=2.663685343617468e+00 GRAD_MAX=1.572902928698489e+02 TOPOLOGY4=6.978975921428323e+00 WORST_DIRECTION_SENTINEL=-2.320672858864773e+02 HISTORY=7 ALPHA=1.000000000000000e+00
CHECKPOINT_WRITTEN=results/data/023c2a_n73_rlbfgs_checkpoint.npz
RLBFGS_PROGRESS_ACCEPTED_THIS_RUN=55 ACCEPTED_TOTAL=135 ENERGY=1.767365805619932e+03 GRAD_RMS=8.838991719110050e-01 GRAD_MAX=3.661417494786311e+01 TOPOLOGY4=6.978973450481626e+00 WORST_DIRECTION_SENTINEL=NOT_EVALUATED_THIS_STEP HISTORY=7 ALPHA=1.000000000000000e+00
RLBFGS_PROGRESS_ACCEPTED_THIS_RUN=60 ACCEPTED_TOTAL=140 ENERGY=1.767364802493044e+03 GRAD_RMS=5.183089314520631e-01 GRAD_MAX=1.426851364256049e+01 TOPOLOGY4=6.978973010064907e+00 WORST_DIRECTION_SENTINEL=-2.320181670283721e+02 HISTORY=7 ALPHA=1.000000000000000e+00
CHECKPOINT_WRITTEN=results/data/023c2a_n73_rlbfgs_checkpoint.npz
RLBFGS_PROGRESS_ACCEPTED_THIS_RUN=65 ACCEPTED_TOTAL=145 ENERGY=1.767364149061632e+03 GRAD_RMS=3.933575299840324e-01 GRAD_MAX=6.342346866384314e+00 TOPOLOGY4=6.978974196024462e+00 WORST_DIRECTION_SENTINEL=NOT_EVALUATED_THIS_STEP HISTORY=7 ALPHA=1.000000000000000e+00
RLBFGS_PROGRESS_ACCEPTED_THIS_RUN=70 ACCEPTED_TOTAL=150 ENERGY=1.767363444121472e+03 GRAD_RMS=4.299666552530753e-01 GRAD_MAX=9.550183821556585e+00 TOPOLOGY4=6.978976957426281e+00 WORST_DIRECTION_SENTINEL=-2.317729717047727e+02 HISTORY=7 ALPHA=1.000000000000000e+00
CHECKPOINT_WRITTEN=results/data/023c2a_n73_rlbfgs_checkpoint.npz
RLBFGS_PROGRESS_ACCEPTED_THIS_RUN=75 ACCEPTED_TOTAL=155 ENERGY=1.767362620977251e+03 GRAD_RMS=6.262532130853786e-01 GRAD_MAX=2.075553464108836e+01 TOPOLOGY4=6.978981784791791e+00 WORST_DIRECTION_SENTINEL=NOT_EVALUATED_THIS_STEP HISTORY=7 ALPHA=1.000000000000000e+00
RLBFGS_PROGRESS_ACCEPTED_THIS_RUN=80 ACCEPTED_TOTAL=160 ENERGY=1.767361619586553e+03 GRAD_RMS=7.503874276635869e-01 GRAD_MAX=2.637891521246428e+01 TOPOLOGY4=6.978989580260049e+00 WORST_DIRECTION_SENTINEL=-2.313564264869859e+02 HISTORY=7 ALPHA=1.000000000000000e+00
CHECKPOINT_WRITTEN=results/data/023c2a_n73_rlbfgs_checkpoint.npz
RLBFGS_ACCEPTED_THIS_RUN=80
RLBFGS_ACCEPTED_TOTAL=160
RLBFGS_REJECTED_ENERGY_TRIALS=13
RLBFGS_REJECTED_TOPOLOGY_TRIALS=0
RLBFGS_REJECTED_SMOOTHNESS_TRIALS=0
RLBFGS_HISTORY_RESETS=0
RLBFGS_SECANT_REJECTS=0
N73_FINAL_DISCRETE_ENERGY=1.767361619586553e+03
N73_FINAL_GRAD_RMS=7.503874276635869e-01
N73_FINAL_GRAD_MAX=2.637891521246428e+01
N73_FINAL_STRICT_STATIONARITY=FAIL
N73_CHECKPOINT=results/data/023c2a_n73_rlbfgs_checkpoint.npz

=== 023C2A EARLY DECISION ===
023C2A_N73_RESOLUTION_AND_FULL_TANGENT_HESSIAN=INCOMPLETE_CONTINUE_N73_CHECKPOINT
N73_STATIONARY_COMPANION=NOT_YET
FULL_PHYSICAL_HESSIAN=DEFERRED_UNTIL_N73_STATIONARY
CURRENT_KNOWLEDGE_HEURISTIC=APPROXIMATELY_70_TO_71_PERCENT_FROM_023BR
NEXT=RERUN_SAME_023C2A_FROM_N73_CHECKPOINT
NONLINEAR_EINSTEIN_SKYRME=NOT_YET_AUTHORIZED
PRACTICAL_ANTIGRAVITY_DEVICE=NO
