=== 023CR4R — GRADIENT-AUDIT REPAIR + RLBFGS STATIONARITY CLOSURE ===

=== A — UPSTREAM AUDIT ===
023CR2_SOURCE_SHA256=6affc28547b7849140f1eacf6992c9541ea9ba9a7c306e69121ca60ef76ad1db
023CR3_SOURCE_SHA256=350868726af644d1a8bb2970b559c92e1febc4ea261f409ab38c1dca64ac97da
023CR3R_SOURCE_SHA256=545770186fca2b319e37e3882a4f280eb40093a11fe59f95f40ab6eaefab9306
UPSTREAM_023CR3R_AUDIT=PASS

=== B — EXACT DISCRETE GRADIENT RECHECK ===
HIGH_ORDER_ACTION_GRADIENT_DIRECTIONAL_RELERR=1.336135904896501e-08
HIGH_ORDER_ACTION_GRADIENT_SELFCHECK=PASS

=== C — LOAD / LOCALIZE SAVED RESIDUAL ===
START_FIELD=results/data/023cr3r_stationary_b7_n65.npz
START_FIELD_SHAPE=(65, 65, 65, 4)
START_DX=1.001886098824851e-01
START_ACCEPTED_TOTAL=0
START_SOURCE_TAG=023CR3R_N65
START_TOPOLOGY4=6.967514627176904e+00
START_GEOMETRIC_DEGREES=-7,-7,-7
START_MAX_NEIGHBOR_ANGLE=4.554732729875847e-01
SAVED_FIELD_AUDIT=PASS
START_ENERGY=1.761107493507171e+03
START_GRAD_RMS=1.025325034208835e-02
START_GRAD_MAX=6.564345447229475e-02
START_STRICT_STATIONARITY=FAIL
RESIDUAL_MAX_INDEX=(np.int64(41), np.int64(26), np.int64(32))
RESIDUAL_MAX_COORD=(9.016974889424e-01,-6.011316592949e-01,0.000000000000e+00)
RESIDUAL_MAX_RADIUS=1.083705510446274e+00
RESIDUAL_MAX_BOUNDARY_DISTANCE_CELLS=23
RESIDUAL_L2_FRACTION_BOUNDARY_4=4.401292433510540e-04
RESIDUAL_L2_FRACTION_CORE_R_LT_0P30=2.314971594089238e-04
RESIDUAL_L2_FRACTION_WALL_R_0P30_TO_1P60=9.757455439992810e-01
RESIDUAL_L2_FRACTION_TAIL_R_GE_1P60=2.402295884131004e-02
SAVED_FIELD_EPS_SWEEP_H=2.000000000000000e-03 D2=-5.095182586956071e-05 D4=5.774787344610861e-05 D4_ANALYTIC_RELERR=1.455786238519712e-06 D2_D4_RELERR=1.882315188923968e+00 ROUND_OFF_DERIVATIVE_SCALE=6.257412936527248e-09 MAX_SITE_GEODESIC_STEP=4.277597311400644e-04
SAVED_FIELD_EPS_SWEEP_H=1.000000000000000e-03 D2=3.057300546061015e-05 D4=5.774791134172119e-05 D4_ANALYTIC_RELERR=7.995619457612430e-07 D2_D4_RELERR=4.705781603130980e-01 ROUND_OFF_DERIVATIVE_SCALE=1.251377246007960e-08 MAX_SITE_GEODESIC_STEP=2.138798655700322e-04
SAVED_FIELD_EPS_SWEEP_H=5.000000000000000e-04 D2=5.095466804050375e-05 D4=5.774863135836009e-05 D4_ANALYTIC_RELERR=1.166856345816230e-05 D2_D4_RELERR=1.176471746264651e-01 ROUND_OFF_DERIVATIVE_SCALE=2.502701827251765e-08 MAX_SITE_GEODESIC_STEP=1.069399327850161e-04
SAVED_FIELD_EPS_SWEEP_H=2.000000000000000e-04 D2=5.666151992045343e-05 D4=5.774836608907207e-05 D4_ANALYTIC_RELERR=7.075079509180094e-06 D2_D4_RELERR=1.882037955744535e-02 ROUND_OFF_DERIVATIVE_SCALE=6.256717703815881e-08 MAX_SITE_GEODESIC_STEP=4.277597311400644e-05
SAVED_FIELD_EPS_SWEEP_H=1.000000000000000e-04 D2=5.747551767854020e-05 D4=5.774666078650625e-05 D4_ANALYTIC_RELERR=2.245496360432656e-05 D2_D4_RELERR=4.695390248944158e-03 ROUND_OFF_DERIVATIVE_SCALE=1.251342487497908e-07 MAX_SITE_GEODESIC_STEP=2.138798655700322e-05
SAVED_FIELD_EPS_SWEEP_H=5.000000000000000e-05 D2=5.768242772319354e-05 D4=5.775026086970077e-05 D4_ANALYTIC_RELERR=3.988475334333530e-05 D2_D4_RELERR=1.174594633611702e-03 ROUND_OFF_DERIVATIVE_SCALE=2.502684448359356e-07 MAX_SITE_GEODESIC_STEP=1.069399327850161e-05
SAVED_FIELD_EPS_SWEEP_H=2.000000000000000e-05 D2=5.773586053692269e-05 D4=5.774817661100920e-05 D4_ANALYTIC_RELERR=3.793993708401120e-06 D2_D4_RELERR=2.132720859650171e-04 ROUND_OFF_DERIVATIVE_SCALE=6.256710752246303e-07 MAX_SITE_GEODESIC_STEP=4.277597311400644e-06
SAVED_FIELD_EPS_SWEEP_H=1.000000000000000e-05 D2=5.774154487880877e-05 D4=5.774533444006616e-05 D4_ANALYTIC_RELERR=4.542281384817412e-05 D2_D4_RELERR=6.562541015877439e-05 ROUND_OFF_DERIVATIVE_SCALE=1.251342139915874e-06 MAX_SITE_GEODESIC_STEP=2.138798655700322e-06
SAVED_FIELD_EPS_SWEEP_H=5.000000000000000e-06 D2=5.775291356258094e-05 D4=5.776049268509571e-05 D4_ANALYTIC_RELERR=2.170197954089557e-04 D2_D4_RELERR=1.312163758036221e-04 ROUND_OFF_DERIVATIVE_SCALE=2.502684274564645e-06 MAX_SITE_GEODESIC_STEP=1.069399327850161e-06
SAVED_FIELD_EPS_SWEEP_H=2.000000000000000e-06 D2=5.775291356258094e-05 D4=5.777186136886787e-05 D4_ANALYTIC_RELERR=4.137629204083365e-04 D2_D4_RELERR=3.279763857001514e-04 ROUND_OFF_DERIVATIVE_SCALE=6.256710682723983e-06 MAX_SITE_GEODESIC_STEP=4.277597311400644e-07
SAVED_FIELD_EPS_SWEEP_H=1.000000000000000e-06 D2=5.775291356258094e-05 D4=5.773396575629400e-05 D4_ANALYTIC_RELERR=2.422901016521292e-04 D2_D4_RELERR=3.280839895013515e-04 ROUND_OFF_DERIVATIVE_SCALE=1.251342136439389e-05 MAX_SITE_GEODESIC_STEP=2.138798655700322e-07
SAVED_FIELD_EPS_SWEEP_H=5.000000000000000e-07 D2=5.775291356258094e-05 D4=5.782870478772868e-05 D4_ANALYTIC_RELERR=1.396318199320124e-03 D2_D4_RELERR=1.310615989514994e-03 ROUND_OFF_DERIVATIVE_SCALE=2.502684272826033e-05 MAX_SITE_GEODESIC_STEP=1.069399327850161e-07
SAVED_FIELD_EPS_SWEEP_H=2.000000000000000e-07 D2=5.741185304941610e-05 D4=5.712763595511205e-05 D4_ANALYTIC_RELERR=1.074187878453595e-02 D2_D4_RELERR=4.950495049504951e-03 ROUND_OFF_DERIVATIVE_SCALE=6.256710682028095e-05 MAX_SITE_GEODESIC_STEP=4.277597311400644e-08
SAVED_FIELD_EPS_PLATEAU_PAIR_H0=2.000000000000000e-03 H1=1.000000000000000e-03 D4_ADJACENT_RELCHANGE=6.562248174508614e-07 FINER_D2_D4_RELERR=4.705781603130980e-01 PAIR_PASS=NO
SAVED_FIELD_EPS_PLATEAU_PAIR_H0=1.000000000000000e-03 H1=5.000000000000000e-04 D4_ADJACENT_RELCHANGE=1.246811607418424e-05 FINER_D2_D4_RELERR=1.176471746264651e-01 PAIR_PASS=NO
SAVED_FIELD_EPS_PLATEAU_PAIR_H0=5.000000000000000e-04 H1=2.000000000000000e-04 D4_ADJACENT_RELCHANGE=4.593516448476304e-06 FINER_D2_D4_RELERR=1.882037955744535e-02 PAIR_PASS=NO
SAVED_FIELD_EPS_PLATEAU_PAIR_H0=2.000000000000000e-04 H1=1.000000000000000e-04 D4_ADJACENT_RELCHANGE=2.952988424285377e-05 FINER_D2_D4_RELERR=4.695390248944158e-03 PAIR_PASS=NO
SAVED_FIELD_EPS_PLATEAU_PAIR_H0=1.000000000000000e-04 H1=5.000000000000000e-05 D4_ADJACENT_RELCHANGE=6.233882133697716e-05 FINER_D2_D4_RELERR=1.174594633611702e-03 PAIR_PASS=YES
SAVED_FIELD_EPS_PLATEAU_PAIR_H0=5.000000000000000e-05 H1=2.000000000000000e-05 D4_ADJACENT_RELCHANGE=3.609089656356867e-05 FINER_D2_D4_RELERR=2.132720859650171e-04 PAIR_PASS=YES
SAVED_FIELD_EPS_PLATEAU_PAIR_H0=2.000000000000000e-05 H1=1.000000000000000e-05 D4_ADJACENT_RELCHANGE=4.921663522270529e-05 FINER_D2_D4_RELERR=6.562541015877439e-05 PAIR_PASS=YES
SAVED_FIELD_EPS_PLATEAU_PAIR_H0=1.000000000000000e-05 H1=5.000000000000000e-06 D4_ADJACENT_RELCHANGE=2.624327516073615e-04 FINER_D2_D4_RELERR=1.312163758036221e-04 PAIR_PASS=YES
SAVED_FIELD_EPS_PLATEAU_PAIR_H0=5.000000000000000e-06 H1=2.000000000000000e-06 D4_ADJACENT_RELCHANGE=1.967858314202551e-04 FINER_D2_D4_RELERR=3.279763857001514e-04 PAIR_PASS=YES
SAVED_FIELD_EPS_PLATEAU_PAIR_H0=2.000000000000000e-06 H1=1.000000000000000e-06 D4_ADJACENT_RELCHANGE=6.559527714004201e-04 FINER_D2_D4_RELERR=3.280839895013515e-04 PAIR_PASS=NO
SAVED_FIELD_EPS_PLATEAU_PAIR_H0=1.000000000000000e-06 H1=5.000000000000000e-07 D4_ADJACENT_RELCHANGE=1.638269986893801e-03 FINER_D2_D4_RELERR=1.310615989514994e-03 PAIR_PASS=NO
SAVED_FIELD_EPS_PLATEAU_PAIR_H0=5.000000000000000e-07 H1=2.000000000000000e-07 D4_ADJACENT_RELCHANGE=1.212319790301434e-02 FINER_D2_D4_RELERR=4.950495049504951e-03 PAIR_PASS=NO
SAVED_FIELD_DIRECTIONAL_OLD_EPS=2.000000000000000e-07
SAVED_FIELD_DIRECTIONAL_OLD_D2=5.741185304941610e-05
SAVED_FIELD_DIRECTIONAL_OLD_D4=5.712763595511205e-05
SAVED_FIELD_DIRECTIONAL_ANALYTIC=5.774795751479047e-05
SAVED_FIELD_DIRECTIONAL_OLD_D4_RELERR=1.074187878453595e-02
SAVED_FIELD_DIRECTIONAL_OLD_D2_D4_RELERR=4.950495049504951e-03
SAVED_FIELD_DIRECTIONAL_VALIDATION_H_COARSE=5.000000000000000e-05
SAVED_FIELD_DIRECTIONAL_VALIDATION_H_FINE=2.000000000000000e-05
SAVED_FIELD_DIRECTIONAL_VALIDATION_D4_COARSE=5.775026086970077e-05
SAVED_FIELD_DIRECTIONAL_VALIDATION_D4_FINE=5.774817661100920e-05
SAVED_FIELD_DIRECTIONAL_VALIDATION_RELERR_COARSE=3.988475334333530e-05
SAVED_FIELD_DIRECTIONAL_VALIDATION_RELERR_FINE=3.793993708401120e-06
SAVED_FIELD_DIRECTIONAL_VALIDATION_ADJACENT_RELCHANGE=3.609089656356867e-05
SAVED_FIELD_DIRECTIONAL_GRADIENT_CHECK=PASS_EPSILON_PLATEAU
GRADIENT_VALIDATION_THRESHOLDS_WEAKENED=NO
START_WORST_DIRECTION_PAYLOAD_SENTINEL=6.147014431113913e+00
PAYLOAD_SENTINEL_USED_AS_PROMOTION_EVIDENCE=NO

=== D — R-LBFGS STATIONARITY CLOSURE ===
RLBFGS_MAX_ACCEPTED_THIS_RUN=30
RLBFGS_INITIAL_ENERGY=1.761107493507171e+03
RLBFGS_INITIAL_GRAD_RMS=1.025325034208835e-02
RLBFGS_INITIAL_GRAD_MAX=6.564345447229475e-02
RLBFGS_INITIAL_STRICT_STATIONARITY=FAIL
RLBFGS_PROGRESS_ACCEPTED_THIS_RUN=5 ACCEPTED_TOTAL=5 ENERGY=1.761107399911822e+03 GRAD_RMS=2.645668130723764e-01 GRAD_MAX=1.002281202034723e+01 TOPOLOGY4=6.967502536727601e+00 WORST_DIRECTION_SENTINEL=NOT_EVALUATED_THIS_STEP HISTORY=5 ALPHA=1.000000000000000e+00
RLBFGS_PROGRESS_ACCEPTED_THIS_RUN=10 ACCEPTED_TOTAL=10 ENERGY=1.761107277686126e+03 GRAD_RMS=7.720713463241166e-02 GRAD_MAX=1.539589338706969e+00 TOPOLOGY4=6.967484439061632e+00 WORST_DIRECTION_SENTINEL=5.644483614056703e+00 HISTORY=7 ALPHA=1.000000000000000e+00
CHECKPOINT_WRITTEN=results/data/023cr4r_n65_rlbfgs_checkpoint.npz
RLBFGS_PROGRESS_ACCEPTED_THIS_RUN=15 ACCEPTED_TOTAL=15 ENERGY=1.761107267009178e+03 GRAD_RMS=1.448734540438253e-02 GRAD_MAX=3.274124228312886e-01 TOPOLOGY4=6.967481383696372e+00 WORST_DIRECTION_SENTINEL=NOT_EVALUATED_THIS_STEP HISTORY=7 ALPHA=1.000000000000000e+00
RLBFGS_PROGRESS_ACCEPTED_THIS_RUN=20 ACCEPTED_TOTAL=20 ENERGY=1.761107266585522e+03 GRAD_RMS=5.752305316208579e-03 GRAD_MAX=1.428121510862579e-01 TOPOLOGY4=6.967481781944572e+00 WORST_DIRECTION_SENTINEL=5.600793243703090e+00 HISTORY=7 ALPHA=1.000000000000000e+00
CHECKPOINT_WRITTEN=results/data/023cr4r_n65_rlbfgs_checkpoint.npz
RLBFGS_PROGRESS_ACCEPTED_THIS_RUN=25 ACCEPTED_TOTAL=25 ENERGY=1.761107266509399e+03 GRAD_RMS=2.368278765300413e-03 GRAD_MAX=6.354504951852663e-02 TOPOLOGY4=6.967481855757078e+00 WORST_DIRECTION_SENTINEL=NOT_EVALUATED_THIS_STEP HISTORY=7 ALPHA=1.000000000000000e+00
RLBFGS_PROGRESS_ACCEPTED_THIS_RUN=28 ACCEPTED_TOTAL=28 ENERGY=1.761107266504671e+03 GRAD_RMS=1.357965394890431e-03 GRAD_MAX=2.327594396679766e-02 TOPOLOGY4=6.967481864276875e+00 WORST_DIRECTION_SENTINEL=5.601853299477184e+00 HISTORY=7 ALPHA=1.000000000000000e+00
CHECKPOINT_WRITTEN=results/data/023cr4r_n65_rlbfgs_checkpoint.npz
RLBFGS_ACCEPTED_THIS_RUN=28
RLBFGS_ACCEPTED_TOTAL=28
RLBFGS_REJECTED_ENERGY_TRIALS=10
RLBFGS_REJECTED_TOPOLOGY_TRIALS=0
RLBFGS_REJECTED_SMOOTHNESS_TRIALS=0
RLBFGS_HISTORY_RESETS=0
RLBFGS_SECANT_REJECTS=0
CHECKPOINT_WRITTEN=results/data/023cr4r_n65_rlbfgs_checkpoint.npz

=== E — FINAL STATIONARITY / TOPOLOGY ===
FINAL_ENERGY=1.761107266504671e+03
FINAL_GRAD_RMS=1.357965394890431e-03
FINAL_GRAD_MAX=2.327594396679766e-02
FINAL_STRICT_STATIONARITY=PASS
FINAL_TOPOLOGY4=6.967481864276875e+00
FINAL_GEOMETRIC_DEGREES=-7,-7,-7
FINAL_MAX_NEIGHBOR_ANGLE=4.555899742307105e-01
FINAL_WORST_DIRECTION_PAYLOAD_SENTINEL=5.601853299477184e+00

=== F — ONE-TIME STATIONARY PHYSICAL + 320-DIRECTION AUDIT ===
STATIONARY_CONTINUUM_ENERGY=1.780230521772526e+03
STATIONARY_ACTIVE_TOTAL=1.851388016175421e+03
STATIONARY_ACTIVE_TO_ENERGY=1.039970943949465e+00
STATIONARY_MIN_ACTIVE_FRACTION=-1.470929727289865e-02
STATIONARY_TOPOLOGY4=6.967481864276875e+00
STATIONARY_GEOMETRIC_DEGREES=-7,-7,-7
STATIONARY_MAX_NEIGHBOR_ANGLE=4.555899742307105e-01
STATIONARY_MIN_DEC_SCALED_MARGIN=3.295158769300471e-11
STATIONARY_MAX_ACTIVE_TRACE_SCALED=4.836191321365369e-16
STATIONARY_PAYLOAD_MIN_RADIAL=5.601853299475295e+00
STATIONARY_PAYLOAD_MAX_RADIAL=3.701310482023965e+02
STATIONARY_PAYLOAD_MEAN_RADIAL=1.726702076912939e+02
STATIONARY_PAYLOAD_MAX_TRANSVERSE_OVER_RADIAL=1.568383305529249e+01
STATIONARY_DENSE_FINITE_PAYLOAD_OUTWARD=PASS
STATIONARY_GEOMETRIC_B7=PASS
STATIONARY_DERIVATIVE_TOPOLOGY=PASS
STATIONARY_LATTICE_SMOOTHNESS=PASS
STATIONARY_POSITIVE_TOTAL_ACTIVE_MASS=PASS
STATIONARY_NEGATIVE_ENCLOSED_ACTIVE_MASS=PASS
STATIONARY_POINTWISE_DEC=PASS
STATIONARY_ACTIVE_TRACE_IDENTITY=PASS
STATIONARY_DENSE_FINITE_PAYLOAD_OUTWARD=PASS
STATIONARY_PHYSICAL_GATE=PASS
STRICT_STATIONARY_FIELD_ARTIFACT=results/data/023cr4r_strict_stationary_b7_n65.npz

=== G — 023CR4 DECISION ===
023CR4R_GRADIENT_AUDIT_AND_RLBFGS_STATIONARITY_CLOSURE=GREEN_STRICT_STATIONARY_N65
UNRESTRICTED_CARTESIAN_STATIONARY_B7_FIELD=SUPPORTED_AT_N65
FINITE_PAYLOAD_REPULSION_AT_STRICT_STATIONARITY=SUPPORTED_AT_N65
HEURISTIC_PROMOTION_FROM_023CR4=NO_HOLD_FOR_FULL_HESSIAN_AND_RESOLUTION
CURRENT_KNOWLEDGE_HEURISTIC=APPROXIMATELY_70_TO_71_PERCENT_FROM_023BR
NEXT=023C2_FULL_TANGENT_HESSIAN_RESOLUTION_AND_FISSION_CHALLENGE
FULL_PHYSICAL_HESSIAN=AUTHORIZED_NOT_YET_ESTABLISHED
NONLINEAR_EINSTEIN_SKYRME=NOT_YET_AUTHORIZED_UNTIL_023C2_GREEN
PRACTICAL_ANTIGRAVITY_DEVICE=NO
NEW_PHYSICS_DISCOVERY=NO
CLAIM_CLASSIFICATION=PROJECT_DERIVED_023CR4R_GRADIENT_AUDIT_AND_RLBFGS_STATIONARITY_CLOSURE
