=== 023C2AQS2R5 — TWO-LEVEL V-CYCLE N73 STATIONARITY CLOSURE ===

=== A — FAIL-CLOSED UPSTREAM AUDIT ===
023C2AQS2R4_SOURCE_SHA256=bc6673be817b838febdd786834f3ab63222f002fe8cd122121afce4017646002
UPSTREAM_023C2AQS2R4_AUDIT=PASS

=== B — LOAD LATEST N73 FIELD ===
V5_START_SOURCE=results/data/023c2aqs2r4_n73_coarse_galerkin_checkpoint.npz
V5_START_ACCEPTED_TOTAL=417
V5_START_NEWTON_ACCEPTED_TOTAL=14
V5_START_COARSE_ACCEPTED_TOTAL=3
V5_START_VCYCLE_ACCEPTED_TOTAL=0
V5_START_FINE_ACCEPTED_TOTAL=0
V5_START_HISTORY_LENGTH=20
V5_START_HISTORY_DISCARDED=0
V5_START_NORM_MAXERR=2.220446049250313e-16
V5_START_ENERGY=1.767349902619151e+03
V5_START_GRAD_RMS=2.434289690290571e-03
V5_START_GRAD_MAX=5.953019684137033e-02
V5_START_STATIONARITY_MERIT=1.622859793527047e+00
V5_START_STRICT_STATIONARITY=FAIL
V5_START_TOPOLOGY4=6.979145457395888e+00
V5_START_GEOMETRIC_DEGREES=-7,-7,-7

=== C — START RESIDUAL AUDIT ===
RESIDUAL_MAX_INDEX=(np.int64(40), np.int64(37), np.int64(30))
RESIDUAL_MAX_COORD=(3.562261684711e-01,8.905654211776e-02,-5.343392527066e-01)
RESIDUAL_MAX_RADIUS=6.483414129766641e-01
RESIDUAL_MAX_BOUNDARY_DISTANCE_CELLS=30
RESIDUAL_L2_FRACTION_BOUNDARY_4=1.980035228602452e-01
RESIDUAL_L2_FRACTION_CORE_R_LT_0P30=7.146429592259745e-03
RESIDUAL_L2_FRACTION_WALL_R_0P30_TO_1P60=5.675744504367851e-01
RESIDUAL_L2_FRACTION_TAIL_R_GE_1P60=4.252791199709551e-01
V5_START_RESIDUAL_GAUSSIAN_LOW_L2_FRACTION=2.334854648708730e-01
V5_START_RESIDUAL_GAUSSIAN_HIGH_L2_FRACTION=5.777597855735220e-01
V5_START_RESIDUAL_NEIGHBOR_ROUGHNESS_RATIO=2.925102549253297e+00

=== D — TWO-LEVEL V-CYCLE SLICE ===

=== V5 CYCLE 1 START ===
V5_CYCLE_START=1 GRAD_RMS=2.434289690290571e-03 GRAD_MAX=5.953019684137033e-02 STATIONARITY_MERIT=1.622859793527047e+00
V5_CYCLE_1_START_RESIDUAL_GAUSSIAN_LOW_L2_FRACTION=2.334854648708730e-01
V5_CYCLE_1_START_RESIDUAL_GAUSSIAN_HIGH_L2_FRACTION=5.777597855735220e-01
V5_CYCLE_1_START_RESIDUAL_NEIGHBOR_ROUGHNESS_RATIO=2.925102549253297e+00
NK_HVP_STEP_POINT_ANGLE=1.000000000000000e-04 RAYLEIGH=2.907238281626782e+02 MATVECS=1
NK_HVP_STEP_POINT_ANGLE=2.000000000000000e-04 RAYLEIGH=2.907238325503869e+02 MATVECS=1
NK_HVP_STEP_POINT_ANGLE=4.000000000000000e-04 RAYLEIGH=2.907238501012285e+02 MATVECS=1
NK_HVP_STEP_RELCHANGE_FINE_PRIMARY=1.974487723545947e-08
NK_HVP_STEP_RELCHANGE_PRIMARY_COARSE=7.897821881155330e-08
NK_HVP_STEP_CONVERGENCE=PASS
NK_HESSIAN_BILINEAR_UHV=-1.073485836975971e+00
NK_HESSIAN_BILINEAR_HUW=-1.073485838591737e+00
NK_HESSIAN_BILINEAR_RELASYM=1.505158156150196e-09
NK_HESSIAN_SELF_ADJOINTNESS=PASS
V5_FINE_SMOOTHER_TRIGGER=YES
V5_FINE_PRECONDITIONER_USABLE_PAIRS=20
V5_FINE_LBFGS_G_DOT_DELTA=-8.674668986233047e-07
V5_FINE_LBFGS_DESCENT=YES
V5_FINE_LBFGS_MAX_POINT=2.941956506821077e-05 TRUST_ANGLE=7.302869070871712e-04 ALPHA0=1.000000000000000e+00
V5_FINE_LBFGS_LS=0 ENERGY_ACCEPT=NO ALPHA=1.000000000000000e+00
V5_FINE_LBFGS_LS=1 ENERGY_ACCEPT=NO ALPHA=5.000000000000000e-01
V5_FINE_LBFGS_LS=2 ENERGY_ACCEPT=NO ALPHA=2.500000000000000e-01
V5_FINE_LBFGS_LS=3 ALPHA=1.250000000000000e-01 ENERGY=1.767349902567705e+03 GRAD_RMS=2.334208161437680e-02 GRAD_MAX=1.051363850490532e+00 STATIONARITY_MERIT=2.102727700981065e+01 HIGH_FRACTION=9.958094532199755e-01 ROUGHNESS=1.116178228092981e+01 MERIT_ACCEPT=NO FREQUENCY_ACCEPT=YES
V5_FINE_LBFGS_LS=4 ALPHA=6.250000000000000e-02 ENERGY=1.767349902579181e+03 GRAD_RMS=1.182043074395830e-02 GRAD_MAX=5.256208866764170e-01 STATIONARITY_MERIT=1.051241773352834e+01 HIGH_FRACTION=9.835320900885406e-01 ROUGHNESS=1.094456993914986e+01 MERIT_ACCEPT=NO FREQUENCY_ACCEPT=YES
V5_FINE_LBFGS_LS=5 ALPHA=3.125000000000000e-02 ENERGY=1.767349902595605e+03 GRAD_RMS=6.237585587929006e-03 GRAD_MAX=2.627515398895292e-01 STATIONARITY_MERIT=5.255030797790583e+00 HIGH_FRACTION=9.389110412236840e-01 ROUGHNESS=1.010637129012609e+01 MERIT_ACCEPT=NO FREQUENCY_ACCEPT=YES
V5_FINE_LBFGS_LS=6 ALPHA=1.562500000000000e-02 ENERGY=1.767349902606487e+03 GRAD_RMS=3.733288276619316e-03 GRAD_MAX=1.313219409903583e-01 STATIONARITY_MERIT=2.626438819807167e+00 HIGH_FRACTION=8.254445044980485e-01 ROUGHNESS=7.912258374479448e+00 MERIT_ACCEPT=NO FREQUENCY_ACCEPT=YES
V5_FINE_LBFGS_LS=7 ALPHA=7.812500000000000e-03 ENERGY=1.767349902612596e+03 GRAD_RMS=2.794961302352786e-03 GRAD_MAX=6.669252179169612e-02 STATIONARITY_MERIT=1.863307534901857e+00 HIGH_FRACTION=6.843358712285156e-01 ROUGHNESS=5.127298408313603e+00 MERIT_ACCEPT=NO FREQUENCY_ACCEPT=YES
V5_FINE_HIGHPASS_G_DOT_DELTA=-1.006873608602524e-03
V5_FINE_HIGHPASS_DESCENT=YES
V5_FINE_HIGHPASS_MAX_POINT=5.337566207286444e-02 TRUST_ANGLE=7.302869070871712e-04 ALPHA0=1.368202058253139e-02
V5_FINE_HIGHPASS_LS=0 ENERGY_ACCEPT=NO ALPHA=1.368202058253139e-02
V5_FINE_HIGHPASS_LS=1 ENERGY_ACCEPT=NO ALPHA=6.841010291265694e-03
V5_FINE_HIGHPASS_LS=2 ENERGY_ACCEPT=NO ALPHA=3.420505145632847e-03
V5_FINE_HIGHPASS_LS=3 ENERGY_ACCEPT=NO ALPHA=1.710252572816423e-03
V5_FINE_HIGHPASS_LS=4 ENERGY_ACCEPT=NO ALPHA=8.551262864082117e-04
V5_FINE_HIGHPASS_LS=5 ENERGY_ACCEPT=NO ALPHA=4.275631432041059e-04
V5_FINE_HIGHPASS_LS=6 ENERGY_ACCEPT=NO ALPHA=2.137815716020529e-04
V5_FINE_HIGHPASS_LS=7 ENERGY_ACCEPT=NO ALPHA=1.068907858010265e-04
V5_FINE_STEP=1 ACCEPTED=NO
V5_CYCLE_1_PRECOARSE_RESIDUAL_GAUSSIAN_LOW_L2_FRACTION=2.334854648708730e-01
V5_CYCLE_1_PRECOARSE_RESIDUAL_GAUSSIAN_HIGH_L2_FRACTION=5.777597855735220e-01
V5_CYCLE_1_PRECOARSE_RESIDUAL_NEIGHBOR_ROUGHNESS_RATIO=2.925102549253297e+00
V5_COARSE_TRIGGER=NO
V5_CYCLE_END=1 GRAD_RMS=2.434289690290571e-03 GRAD_MAX=5.953019684137033e-02 STATIONARITY_MERIT=1.622859793527047e+00 CYCLE_MERIT_REDUCTION_FACTOR=1.000000000000000e+00
V5_CYCLE_STAGNATION_STOP=YES

=== E — END-OF-SLICE AUDIT ===
V5_CYCLES_ATTEMPTED=1
V5_CYCLES_WITH_PROGRESS=0
V5_FINE_ACCEPTED=0
V5_COARSE_ACCEPTED=0
V5_HVP_MATVEC_CALLS=0
V5_TOTAL_MERIT_REDUCTION_FACTOR=1.000000000000000e+00
V5_FINAL_ENERGY=1.767349902619151e+03
V5_FINAL_GRAD_RMS=2.434289690290571e-03
V5_FINAL_GRAD_MAX=5.953019684137033e-02
V5_FINAL_STATIONARITY_MERIT=1.622859793527047e+00
V5_FINAL_STRICT_STATIONARITY=FAIL
V5_FINAL_TOPOLOGY4=6.979145457395888e+00
V5_FINAL_GEOMETRIC_DEGREES=-7,-7,-7
V5_FINAL_MAX_NEIGHBOR_ANGLE=4.056837564401232e-01

=== F — FINAL RESIDUAL AUDIT ===
RESIDUAL_MAX_INDEX=(np.int64(40), np.int64(37), np.int64(30))
RESIDUAL_MAX_COORD=(3.562261684711e-01,8.905654211776e-02,-5.343392527066e-01)
RESIDUAL_MAX_RADIUS=6.483414129766641e-01
RESIDUAL_MAX_BOUNDARY_DISTANCE_CELLS=30
RESIDUAL_L2_FRACTION_BOUNDARY_4=1.980035228602452e-01
RESIDUAL_L2_FRACTION_CORE_R_LT_0P30=7.146429592259745e-03
RESIDUAL_L2_FRACTION_WALL_R_0P30_TO_1P60=5.675744504367851e-01
RESIDUAL_L2_FRACTION_TAIL_R_GE_1P60=4.252791199709551e-01
V5_FINAL_RESIDUAL_GAUSSIAN_LOW_L2_FRACTION=2.334854648708730e-01
V5_FINAL_RESIDUAL_GAUSSIAN_HIGH_L2_FRACTION=5.777597855735220e-01
V5_FINAL_RESIDUAL_NEIGHBOR_ROUGHNESS_RATIO=2.925102549253297e+00
V5_CHECKPOINT_WRITTEN=results/data/023c2aqs2r5_n73_two_level_vcycle_checkpoint.npz VCYCLE_ACCEPTED_TOTAL=0 FINE_ACCEPTED_TOTAL=0 COARSE_ACCEPTED_TOTAL=3 HISTORY_LENGTH=20

=== G — BOUNDED INCOMPLETE DECISION ===
023C2AQS2R5_TWO_LEVEL_VCYCLE=INCOMPLETE_N73_STATIONARITY
N73_ACTUAL_FINE_STRICT_STATIONARITY=NOT_YET
TWO_LEVEL_VCYCLE_LOCAL_ACCELERATION=NOT_ESTABLISHED
NEXT=023C2AQS2R6_AUGMENTED_DEFLATED_FULL_MINRES_GATE
N73_CONTINUOUS_FORCE=NOT_RUN_BEFORE_STATIONARITY
FULL_PHYSICAL_HESSIAN=DEFERRED_OPERATIONAL_FORCE_AND_FINE_FIELD_UNRESOLVED
CURRENT_KNOWLEDGE_HEURISTIC=APPROXIMATELY_70_TO_71_PERCENT_FROM_023BR_NOT_A_PROBABILITY
NONLINEAR_EINSTEIN_SKYRME=NOT_AUTHORIZED
PRACTICAL_ANTIGRAVITY_DEVICE=NO
