=== 024A2 — EXPLICIT OMEGA/PROCA TEACHER-MATCH PREFILTER ===
N65_SOURCE=023CR4R_N65
N65_DX=1.001886098824851e-01
N65_TOPOLOGY4_REBUILT=6.967481864276875e+00
N65_E0=1.780230521772526e+03
PAYLOAD_CENTER_RADIUS=3.870161274564900e-01
PAYLOAD_RADIUS=1.675735743205162e-02
AXIS_SELECTION=BASELINE_MAX_FROM_024A1_BEFORE_OMEGA
AXIS_INDEX=238
AXIS_DIRECTION=7.295301735222595e-01,-4.765216000304519e-01,-4.906250000000001e-01
UPSTREAM_MIDPOINT_A_SELECTED=3.701310482023879e+02
TEACHER_TARGET_Q=2.649629139187884e+00
TEACHER_TARGET_FMASS=3.248145695939422e-01
TEACHER_TARGET_PPAR_OVER_RHO=-3.503708608121157e-01
PROCA_STATIC_DEC_ANALYTIC=PASS
WZ_COUPLING_DIRECT_TMUNU=ZERO_IN_STANDARD_OMEGA_SKYRME_FORMULATION
FIXED_FIELD_G_OMEGA_CANCELS_FROM_SPECIFIC_LEVERAGE=YES

=== A — REPAIRED BASELINE / LOCAL COMPARATORS ===
BASELINE_P0_POINT_PRISM=2.145316638019077e+02
BASELINE_P0_COMPACT_CORR_COARSE=1.113624252657951e-16
BASELINE_P0_COMPACT_CORR_FINE=3.876759319160692e-17
BASELINE_P0_COMPACT_CORR_ABSERR=7.259483207418816e-17
BASELINE_P0_FORCE=2.145316638019077e+02
BASELINE_P0_ETA=1.205078000731638e-01
LOCAL_B0SQ_P0_POINT_PRISM=6.316254532913881e-01
LOCAL_B0SQ_P0_COMPACT_CORR_COARSE=-1.586962409832200e-18
LOCAL_B0SQ_P0_COMPACT_CORR_FINE=-1.420006670564127e-18
LOCAL_B0SQ_P0_COMPACT_CORR_ABSERR=1.669557392680732e-19
LOCAL_B0SQ_P0_FORCE=6.316254532913881e-01
LOCAL_B0SQ_E=1.039991966699472e+01
LOCAL_B0SQ_ETA=6.073368578950860e-02
LOCAL_B0SQ_GAIN_VS_BASELINE=5.039813667881696e-01
L4_P0_POINT_PRISM=-3.549271026794702e+01
L4_P0_COMPACT_CORR_COARSE=-4.253894729092117e-16
L4_P0_COMPACT_CORR_FINE=3.992946266782888e-16
L4_P0_COMPACT_CORR_ABSERR=8.246840995875005e-16
L4_P0_FORCE=-3.549271026794702e+01
L4_E=1.268808764940125e+03
L4_ETA=-2.797325432223186e-02

=== B — INDEPENDENT CONTINUOUS BASELINE AXIS CHECK ===
CONSTANT_SOURCE_ANALYTIC_PRISM_RADIAL=-1.618132345054451e+00
CONSTANT_SOURCE_CONTINUOUS_CUBATURE_RADIAL=-1.618144261105422e+00
CONSTANT_SOURCE_CUBATURE_RELERR=7.364076867406255e-06
CONSTANT_SOURCE_CUBATURE_VALIDATION=PASS
024A2_BUILDING_CUBIC_BASELINE_SPLINE=START
CUBIC_NODAL_REPRO_MAX_ABSERR=9.501510689347015e-12
CUBIC_NODAL_REPRODUCTION=PASS
CUBIC_NORMALIZED_DERIV_AXIS_0_BEST_RELERR=7.974680901889972e-13
CUBIC_NORMALIZED_DERIV_AXIS_1_BEST_RELERR=6.555308530201914e-13
CUBIC_NORMALIZED_DERIV_AXIS_2_BEST_RELERR=4.435421843824830e-13
CUBIC_NORMALIZED_DERIVATIVE_MAX_RELERR=7.974680901889972e-13
CUBIC_NORMALIZED_DERIVATIVE_CHECK=PASS

=== CUBIC CONTINUOUS FIELD FORCE ===
CUBIC_FAR_Q2_PROGRESS_CELLS=15000/262068 PERCENT=5
CUBIC_FAR_Q2_PROGRESS_CELLS=60000/262068 PERCENT=22
CUBIC_FAR_Q2_PROGRESS_CELLS=105000/262068 PERCENT=40
CUBIC_FAR_Q2_PROGRESS_CELLS=165000/262068 PERCENT=62
CUBIC_FAR_Q2_PROGRESS_CELLS=210000/262068 PERCENT=80
CUBIC_FAR_Q2_PROGRESS_CELLS=262068/262068 PERCENT=100
CUBIC_FAR_Q3_PROGRESS_CELLS=4444/262068 PERCENT=1
CUBIC_FAR_Q3_PROGRESS_CELLS=53328/262068 PERCENT=20
CUBIC_FAR_Q3_PROGRESS_CELLS=106656/262068 PERCENT=40
CUBIC_FAR_Q3_PROGRESS_CELLS=159984/262068 PERCENT=61
CUBIC_FAR_Q3_PROGRESS_CELLS=213312/262068 PERCENT=81
CUBIC_FAR_Q3_PROGRESS_CELLS=262068/262068 PERCENT=100
CUBIC_NEAR_COARSE_PROGRESS_CELLS=8/76 PERCENT=10
CUBIC_NEAR_COARSE_PROGRESS_CELLS=16/76 PERCENT=21
CUBIC_NEAR_COARSE_PROGRESS_CELLS=32/76 PERCENT=42
CUBIC_NEAR_COARSE_PROGRESS_CELLS=48/76 PERCENT=63
CUBIC_NEAR_COARSE_PROGRESS_CELLS=64/76 PERCENT=84
CUBIC_NEAR_COARSE_PROGRESS_CELLS=76/76 PERCENT=100
CUBIC_NEAR_FINE_PROGRESS_CELLS=1/76 PERCENT=1
CUBIC_NEAR_FINE_PROGRESS_CELLS=16/76 PERCENT=21
CUBIC_NEAR_FINE_PROGRESS_CELLS=31/76 PERCENT=40
CUBIC_NEAR_FINE_PROGRESS_CELLS=46/76 PERCENT=60
CUBIC_NEAR_FINE_PROGRESS_CELLS=61/76 PERCENT=80
CUBIC_NEAR_FINE_PROGRESS_CELLS=76/76 PERCENT=100
CUBIC_Q2_NEAR_FINE_FORCE=2.341894699197051e+02
CUBIC_Q2_NEAR_FINE_OUTWARD=1.214399323985339e+03
CUBIC_Q2_NEAR_FINE_INWARD=-9.802098540656339e+02
CUBIC_Q2_NEAR_FINE_L1=2.194609178050973e+03
CUBIC_Q2_NEAR_FINE_CANCELLATION_FACTOR=9.371083929620848e+00
CUBIC_Q2_NEAR_FINE_ACTIVE_MASS=1.867193751526388e+03
CUBIC_Q2_NEAR_FINE_SOURCE_MIN=-1.567545456136833e+02
CUBIC_Q2_NEAR_FINE_SOURCE_MAX=1.074359308420620e+03
CUBIC_Q2_NEAR_FINE_RAW_NORM_MIN=9.992684735379828e-01
CUBIC_Q2_NEAR_FINE_RAW_NORM_MAX=1.000828693089263e+00
CUBIC_Q3_NEAR_FINE_FORCE=2.340769325018041e+02
CUBIC_Q3_NEAR_FINE_OUTWARD=1.214852307426039e+03
CUBIC_Q3_NEAR_FINE_INWARD=-9.807753749242346e+02
CUBIC_Q3_NEAR_FINE_L1=2.195627682350274e+03
CUBIC_Q3_NEAR_FINE_CANCELLATION_FACTOR=9.379940427634198e+00
CUBIC_Q3_NEAR_FINE_ACTIVE_MASS=1.867674211118049e+03
CUBIC_Q3_NEAR_FINE_SOURCE_MIN=-1.567545456136833e+02
CUBIC_Q3_NEAR_FINE_SOURCE_MAX=1.076509574130853e+03
CUBIC_Q3_NEAR_FINE_RAW_NORM_MIN=9.992558589955817e-01
CUBIC_Q3_NEAR_FINE_RAW_NORM_MAX=1.000828693089263e+00
CUBIC_QUADRATURE_ERROR_ESTIMATE=1.125374179009953e-01
CUBIC_NEAR_REFINEMENT_ERROR_ESTIMATE=5.731570827776977e-03
CUBIC_INTERNAL_ERROR_ESTIMATE=1.182689887287722e-01
CUBIC_BEST_FORCE=2.340769325018041e+02
024A2_BUILDING_QUINTIC_BASELINE_SPLINE=START
QUINTIC_NODAL_REPRO_MAX_ABSERR=8.687717212296775e-12
QUINTIC_NODAL_REPRODUCTION=PASS
QUINTIC_NORMALIZED_DERIV_AXIS_0_BEST_RELERR=6.478743887611690e-13
QUINTIC_NORMALIZED_DERIV_AXIS_1_BEST_RELERR=7.009717544879131e-13
QUINTIC_NORMALIZED_DERIV_AXIS_2_BEST_RELERR=9.311743962375773e-13
QUINTIC_NORMALIZED_DERIVATIVE_MAX_RELERR=9.311743962375773e-13
QUINTIC_NORMALIZED_DERIVATIVE_CHECK=PASS

=== QUINTIC CONTINUOUS FIELD FORCE ===
QUINTIC_FAR_Q2_PROGRESS_CELLS=15000/262068 PERCENT=5
QUINTIC_FAR_Q2_PROGRESS_CELLS=60000/262068 PERCENT=22
QUINTIC_FAR_Q2_PROGRESS_CELLS=105000/262068 PERCENT=40
QUINTIC_FAR_Q2_PROGRESS_CELLS=165000/262068 PERCENT=62
QUINTIC_FAR_Q2_PROGRESS_CELLS=210000/262068 PERCENT=80
QUINTIC_FAR_Q2_PROGRESS_CELLS=262068/262068 PERCENT=100
QUINTIC_FAR_Q3_PROGRESS_CELLS=4444/262068 PERCENT=1
QUINTIC_FAR_Q3_PROGRESS_CELLS=53328/262068 PERCENT=20
QUINTIC_FAR_Q3_PROGRESS_CELLS=106656/262068 PERCENT=40
QUINTIC_FAR_Q3_PROGRESS_CELLS=159984/262068 PERCENT=61
QUINTIC_FAR_Q3_PROGRESS_CELLS=213312/262068 PERCENT=81
QUINTIC_FAR_Q3_PROGRESS_CELLS=262068/262068 PERCENT=100
QUINTIC_NEAR_COARSE_PROGRESS_CELLS=8/76 PERCENT=10
QUINTIC_NEAR_COARSE_PROGRESS_CELLS=16/76 PERCENT=21
QUINTIC_NEAR_COARSE_PROGRESS_CELLS=32/76 PERCENT=42
QUINTIC_NEAR_COARSE_PROGRESS_CELLS=48/76 PERCENT=63
QUINTIC_NEAR_COARSE_PROGRESS_CELLS=64/76 PERCENT=84
QUINTIC_NEAR_COARSE_PROGRESS_CELLS=76/76 PERCENT=100
QUINTIC_NEAR_FINE_PROGRESS_CELLS=1/76 PERCENT=1
QUINTIC_NEAR_FINE_PROGRESS_CELLS=16/76 PERCENT=21
QUINTIC_NEAR_FINE_PROGRESS_CELLS=31/76 PERCENT=40
QUINTIC_NEAR_FINE_PROGRESS_CELLS=46/76 PERCENT=60
QUINTIC_NEAR_FINE_PROGRESS_CELLS=61/76 PERCENT=80
QUINTIC_NEAR_FINE_PROGRESS_CELLS=76/76 PERCENT=100
QUINTIC_Q2_NEAR_FINE_FORCE=2.336511887683456e+02
QUINTIC_Q2_NEAR_FINE_OUTWARD=1.213904164241731e+03
QUINTIC_Q2_NEAR_FINE_INWARD=-9.802529754733856e+02
QUINTIC_Q2_NEAR_FINE_L1=2.194157139715117e+03
QUINTIC_Q2_NEAR_FINE_CANCELLATION_FACTOR=9.390738182336076e+00
QUINTIC_Q2_NEAR_FINE_ACTIVE_MASS=1.867575527024632e+03
QUINTIC_Q2_NEAR_FINE_SOURCE_MIN=-1.567688051031613e+02
QUINTIC_Q2_NEAR_FINE_SOURCE_MAX=1.076454639017155e+03
QUINTIC_Q2_NEAR_FINE_RAW_NORM_MIN=9.997115508804153e-01
QUINTIC_Q2_NEAR_FINE_RAW_NORM_MAX=1.000318911745944e+00
QUINTIC_Q3_NEAR_FINE_FORCE=2.336604375425494e+02
QUINTIC_Q3_NEAR_FINE_OUTWARD=1.214244153025753e+03
QUINTIC_Q3_NEAR_FINE_INWARD=-9.805837154832036e+02
QUINTIC_Q3_NEAR_FINE_L1=2.194827868508957e+03
QUINTIC_Q3_NEAR_FINE_CANCELLATION_FACTOR=9.393237004913511e+00
QUINTIC_Q3_NEAR_FINE_ACTIVE_MASS=1.867573916870494e+03
QUINTIC_Q3_NEAR_FINE_SOURCE_MIN=-1.567688051031613e+02
QUINTIC_Q3_NEAR_FINE_SOURCE_MAX=1.076454639017155e+03
QUINTIC_Q3_NEAR_FINE_RAW_NORM_MIN=9.996643327791889e-01
QUINTIC_Q3_NEAR_FINE_RAW_NORM_MAX=1.000324247265004e+00
QUINTIC_QUADRATURE_ERROR_ESTIMATE=9.248774203797439e-03
QUINTIC_NEAR_REFINEMENT_ERROR_ESTIMATE=5.724408769594902e-03
QUINTIC_INTERNAL_ERROR_ESTIMATE=1.497318297339234e-02
QUINTIC_BEST_FORCE=2.336604375425494e+02
BASELINE_CONTINUOUS_CUBIC=2.340769325018041e+02
BASELINE_CONTINUOUS_QUINTIC=2.336604375425494e+02
BASELINE_CONTINUOUS_ERROR_BOUND=4.164949592546918e-01
BASELINE_CONTINUOUS_CERTIFIED=YES
BASELINE_CONTINUOUS_SIGN=OUTWARD

=== C — FINITE-RANGE OMEGA SCAN ===
OMEGA PAD=97 MU_H=2.500000e-01 MU_DX=6.471863e-02 RESOLVED=YES E=1.259232e+00 FMASS=2.450614e-01 QMED=2.656303e+00 ETA_MID=-3.618960e-02 G_BASE=-3.003092e-01 G_LOCAL=-5.958737e-01 F90E=1.286602e-01
OMEGA PAD=97 MU_H=3.500000e-01 MU_DX=9.060608e-02 RESOLVED=YES E=1.039017e+00 FMASS=3.280691e-01 QMED=3.292470e+00 ETA_MID=-5.615357e-02 G_BASE=-4.659746e-01 G_LOCAL=-9.245870e-01 F90E=1.162175e-01
OMEGA PAD=97 MU_H=5.000000e-01 MU_DX=1.294373e-01 RESOLVED=YES E=7.938471e-01 FMASS=4.286084e-01 QMED=3.796156e+00 ETA_MID=-7.660562e-02 G_BASE=-6.356901e-01 G_LOCAL=-1.261337e+00 F90E=1.026639e-01
OMEGA PAD=97 MU_H=6.250000e-01 MU_DX=1.617966e-01 RESOLVED=YES E=6.458169e-01 FMASS=4.966543e-01 QMED=3.935655e+00 ETA_MID=-8.044076e-02 G_BASE=-6.675150e-01 G_LOCAL=-1.324484e+00 F90E=9.506932e-02
OMEGA PAD=97 MU_H=7.000000e-01 MU_DX=1.812122e-01 RESOLVED=YES E=5.747688e-01 FMASS=5.317558e-01 QMED=3.944323e+00 ETA_MID=-7.648612e-02 G_BASE=-6.346985e-01 G_LOCAL=-1.259369e+00 F90E=9.175299e-02
OMEGA PAD=97 MU_H=1.000000e+00 MU_DX=2.588745e-01 RESOLVED=YES E=3.784150e-01 FMASS=6.384954e-01 QMED=3.881834e+00 ETA_MID=-2.100838e-02 G_BASE=-1.743321e-01 G_LOCAL=-3.459099e-01 F90E=8.479520e-02
OMEGA PAD=97 MU_H=1.400000e+00 MU_DX=3.624243e-01 RESOLVED=YES E=2.389347e-01 FMASS=7.250820e-01 QMED=3.795170e+00 ETA_MID=1.038949e-01 G_BASE=8.621429e-01 G_LOCAL=1.710664e+00 F90E=8.313916e-02
OMEGA PAD=97 MU_H=1.600000e+00 MU_DX=4.141992e-01 RESOLVED=YES E=1.960900e-01 FMASS=7.543652e-01 QMED=3.756560e+00 ETA_MID=1.677374e-01 G_BASE=1.391922e+00 G_LOCAL=2.761852e+00 F90E=8.374714e-02
OMEGA PAD=97 MU_H=1.875000e+00 MU_DX=4.853897e-01 RESOLVED=YES E=1.535814e-01 FMASS=7.856100e-01 QMED=3.711527e+00 ETA_MID=2.454680e-01 G_BASE=2.036947e+00 G_LOCAL=4.041711e+00 F90E=8.534270e-02
OMEGA PAD=97 MU_H=2.000000e+00 MU_DX=5.177490e-01 RESOLVED=NO E=1.386653e-01 FMASS=7.973512e-01 QMED=3.694355e+00 ETA_MID=2.758466e-01 G_BASE=2.289035e+00 G_LOCAL=4.541904e+00 F90E=8.596511e-02
OMEGA PAD=97 MU_H=2.800000e+00 MU_DX=7.248486e-01 RESOLVED=NO E=7.957288e-02 FMASS=8.515164e-01 QMED=3.744599e+00 ETA_MID=4.013641e-01 G_BASE=3.330607e+00 G_LOCAL=6.608591e+00 F90E=9.069723e-02
OMEGA PAD=97 MU_H=3.125000e+00 MU_DX=8.089828e-01 RESOLVED=NO E=6.588579e-02 FMASS=8.671427e-01 QMED=3.767296e+00 ETA_MID=4.271108e-01 G_BASE=3.544258e+00 G_LOCAL=7.032519e+00 F90E=9.226584e-02
OMEGA PAD=97 MU_H=4.000000e+00 MU_DX=1.035498e+00 RESOLVED=NO E=4.259489e-02 FMASS=8.990577e-01 QMED=3.819647e+00 ETA_MID=4.599326e-01 G_BASE=3.816621e+00 G_LOCAL=7.572940e+00 F90E=9.524388e-02
OMEGA PAD=97 MU_H=5.000000e+00 MU_DX=1.294373e+00 RESOLVED=NO E=2.835519e-02 FMASS=9.238640e-01 QMED=3.867246e+00 ETA_MID=4.687695e-01 G_BASE=3.889951e+00 G_LOCAL=7.718443e+00 F90E=9.738654e-02
OMEGA PAD=97 MU_H=5.600000e+00 MU_DX=1.449697e+00 RESOLVED=NO E=2.296893e-02 FMASS=9.348619e-01 QMED=3.888696e+00 ETA_MID=4.690234e-01 G_BASE=3.892059e+00 G_LOCAL=7.722624e+00 F90E=9.828540e-02
OMEGA PAD=97 MU_H=8.000000e+00 MU_DX=2.070996e+00 RESOLVED=NO E=1.166815e-02 FMASS=9.621828e-01 QMED=3.943515e+00 ETA_MID=4.628783e-01 G_BASE=3.841065e+00 G_LOCAL=7.621443e+00 F90E=1.004616e-01
OMEGA PAD=97 MU_H=1.200000e+01 MU_DX=3.106494e+00 RESOLVED=NO E=5.302306e-03 FMASS=9.811707e-01 QMED=3.971303e+00 ETA_MID=4.549338e-01 G_BASE=3.775140e+00 G_LOCAL=7.490634e+00 F90E=1.012383e-01
OMEGA PAD=97 MU_H=1.600000e+01 MU_DX=4.141992e+00 RESOLVED=NO E=3.007785e-03 FMASS=9.889139e-01 QMED=3.983051e+00 ETA_MID=4.511943e-01 G_BASE=3.744109e+00 G_LOCAL=7.429062e+00 F90E=1.016183e-01
OMEGA PAD=97 MU_H=2.400000e+01 MU_DX=6.212988e+00 RESOLVED=NO E=1.345197e-03 FMASS=9.948966e-01 QMED=3.992227e+00 ETA_MID=4.481773e-01 G_BASE=3.719073e+00 G_LOCAL=7.379386e+00 F90E=1.019021e-01
OMEGA PAD=129 MU_H=2.500000e-01 MU_DX=6.471863e-02 RESOLVED=YES E=1.261099e+00 FMASS=2.488727e-01 QMED=2.671994e+00 ETA_MID=-3.621906e-02 G_BASE=-3.005537e-01 G_LOCAL=-5.963587e-01 F90E=1.286786e-01
OMEGA PAD=129 MU_H=3.500000e-01 MU_DX=9.060608e-02 RESOLVED=YES E=1.039201e+00 FMASS=3.287411e-01 QMED=3.292638e+00 ETA_MID=-5.615833e-02 G_BASE=-4.660141e-01 G_LOCAL=-9.246653e-01 F90E=1.162990e-01
OMEGA PAD=129 MU_H=5.000000e-01 MU_DX=1.294373e-01 RESOLVED=YES E=7.938524e-01 FMASS=4.286450e-01 QMED=3.796158e+00 ETA_MID=-7.660581e-02 G_BASE=-6.356917e-01 G_LOCAL=-1.261340e+00 F90E=1.026637e-01
OMEGA PAD=129 MU_H=6.250000e-01 MU_DX=1.617966e-01 RESOLVED=YES E=6.458172e-01 FMASS=4.966573e-01 QMED=3.935655e+00 ETA_MID=-8.044077e-02 G_BASE=-6.675151e-01 G_LOCAL=-1.324484e+00 F90E=9.506931e-02
OMEGA PAD=129 MU_H=7.000000e-01 MU_DX=1.812122e-01 RESOLVED=YES E=5.747689e-01 FMASS=5.317564e-01 QMED=3.944323e+00 ETA_MID=-7.648612e-02 G_BASE=-6.346985e-01 G_LOCAL=-1.259369e+00 F90E=9.175299e-02
OMEGA PAD=129 MU_H=1.000000e+00 MU_DX=2.588745e-01 RESOLVED=YES E=3.784150e-01 FMASS=6.384954e-01 QMED=3.881834e+00 ETA_MID=-2.100838e-02 G_BASE=-1.743321e-01 G_LOCAL=-3.459099e-01 F90E=8.479520e-02
OMEGA PAD=129 MU_H=1.400000e+00 MU_DX=3.624243e-01 RESOLVED=YES E=2.389347e-01 FMASS=7.250820e-01 QMED=3.795170e+00 ETA_MID=1.038949e-01 G_BASE=8.621429e-01 G_LOCAL=1.710664e+00 F90E=8.313916e-02
OMEGA PAD=129 MU_H=1.600000e+00 MU_DX=4.141992e-01 RESOLVED=YES E=1.960900e-01 FMASS=7.543652e-01 QMED=3.756560e+00 ETA_MID=1.677374e-01 G_BASE=1.391922e+00 G_LOCAL=2.761852e+00 F90E=8.374714e-02
OMEGA PAD=129 MU_H=1.875000e+00 MU_DX=4.853897e-01 RESOLVED=YES E=1.535814e-01 FMASS=7.856100e-01 QMED=3.711527e+00 ETA_MID=2.454680e-01 G_BASE=2.036947e+00 G_LOCAL=4.041711e+00 F90E=8.534270e-02
OMEGA PAD=129 MU_H=2.000000e+00 MU_DX=5.177490e-01 RESOLVED=NO E=1.386653e-01 FMASS=7.973512e-01 QMED=3.694355e+00 ETA_MID=2.758466e-01 G_BASE=2.289035e+00 G_LOCAL=4.541904e+00 F90E=8.596511e-02
OMEGA PAD=129 MU_H=2.800000e+00 MU_DX=7.248486e-01 RESOLVED=NO E=7.957288e-02 FMASS=8.515164e-01 QMED=3.744599e+00 ETA_MID=4.013641e-01 G_BASE=3.330607e+00 G_LOCAL=6.608591e+00 F90E=9.069723e-02
OMEGA PAD=129 MU_H=3.125000e+00 MU_DX=8.089828e-01 RESOLVED=NO E=6.588579e-02 FMASS=8.671427e-01 QMED=3.767296e+00 ETA_MID=4.271108e-01 G_BASE=3.544258e+00 G_LOCAL=7.032519e+00 F90E=9.226584e-02
OMEGA PAD=129 MU_H=4.000000e+00 MU_DX=1.035498e+00 RESOLVED=NO E=4.259489e-02 FMASS=8.990577e-01 QMED=3.819647e+00 ETA_MID=4.599326e-01 G_BASE=3.816621e+00 G_LOCAL=7.572940e+00 F90E=9.524388e-02
OMEGA PAD=129 MU_H=5.000000e+00 MU_DX=1.294373e+00 RESOLVED=NO E=2.835519e-02 FMASS=9.238640e-01 QMED=3.867246e+00 ETA_MID=4.687695e-01 G_BASE=3.889951e+00 G_LOCAL=7.718443e+00 F90E=9.738654e-02
OMEGA PAD=129 MU_H=5.600000e+00 MU_DX=1.449697e+00 RESOLVED=NO E=2.296893e-02 FMASS=9.348619e-01 QMED=3.888696e+00 ETA_MID=4.690234e-01 G_BASE=3.892059e+00 G_LOCAL=7.722624e+00 F90E=9.828540e-02
OMEGA PAD=129 MU_H=8.000000e+00 MU_DX=2.070996e+00 RESOLVED=NO E=1.166815e-02 FMASS=9.621828e-01 QMED=3.943515e+00 ETA_MID=4.628783e-01 G_BASE=3.841065e+00 G_LOCAL=7.621443e+00 F90E=1.004616e-01
OMEGA PAD=129 MU_H=1.200000e+01 MU_DX=3.106494e+00 RESOLVED=NO E=5.302306e-03 FMASS=9.811707e-01 QMED=3.971303e+00 ETA_MID=4.549338e-01 G_BASE=3.775140e+00 G_LOCAL=7.490634e+00 F90E=1.012383e-01
OMEGA PAD=129 MU_H=1.600000e+01 MU_DX=4.141992e+00 RESOLVED=NO E=3.007785e-03 FMASS=9.889139e-01 QMED=3.983051e+00 ETA_MID=4.511943e-01 G_BASE=3.744109e+00 G_LOCAL=7.429062e+00 F90E=1.016183e-01
OMEGA PAD=129 MU_H=2.400000e+01 MU_DX=6.212988e+00 RESOLVED=NO E=1.345197e-03 FMASS=9.948966e-01 QMED=3.992227e+00 ETA_MID=4.481773e-01 G_BASE=3.719073e+00 G_LOCAL=7.379386e+00 F90E=1.019021e-01
OMEGA_PAD_CONVERGENCE MU_H=2.500000e-01 ETA_RELERR_97_129=8.134022e-04
OMEGA_PAD_CONVERGENCE MU_H=3.500000e-01 ETA_RELERR_97_129=8.475460e-05
OMEGA_PAD_CONVERGENCE MU_H=5.000000e-01 ETA_RELERR_97_129=2.444528e-06
OMEGA_PAD_CONVERGENCE MU_H=6.250000e-01 ETA_RELERR_97_129=1.206377e-07
OMEGA_PAD_CONVERGENCE MU_H=7.000000e-01 ETA_RELERR_97_129=1.992494e-08
OMEGA_PAD_CONVERGENCE MU_H=1.000000e+00 ETA_RELERR_97_129=9.225294e-11
OMEGA_PAD_CONVERGENCE MU_H=1.400000e+00 ETA_RELERR_97_129=2.177276e-14
OMEGA_PAD_CONVERGENCE MU_H=1.600000e+00 ETA_RELERR_97_129=1.323763e-15
OMEGA_PAD_CONVERGENCE MU_H=1.875000e+00 ETA_RELERR_97_129=5.088244e-15
OMEGA_PAD_CONVERGENCE MU_H=2.000000e+00 ETA_RELERR_97_129=1.408675e-15
OMEGA_PAD_CONVERGENCE MU_H=2.800000e+00 ETA_RELERR_97_129=4.010880e-15
OMEGA_PAD_CONVERGENCE MU_H=3.125000e+00 ETA_RELERR_97_129=1.039752e-15
OMEGA_PAD_CONVERGENCE MU_H=4.000000e+00 ETA_RELERR_97_129=2.051800e-15
OMEGA_PAD_CONVERGENCE MU_H=5.000000e+00 ETA_RELERR_97_129=1.065770e-15
OMEGA_PAD_CONVERGENCE MU_H=5.600000e+00 ETA_RELERR_97_129=1.183547e-16
OMEGA_PAD_CONVERGENCE MU_H=8.000000e+00 ETA_RELERR_97_129=4.797040e-16
OMEGA_PAD_CONVERGENCE MU_H=1.200000e+01 ETA_RELERR_97_129=1.952324e-15
OMEGA_PAD_CONVERGENCE MU_H=1.600000e+01 ETA_RELERR_97_129=1.845474e-15
OMEGA_PAD_CONVERGENCE MU_H=2.400000e+01 ETA_RELERR_97_129=1.238598e-15
SELECTED_MUH_FOR_REPAIRED_FORCE=1.875,1.6,1.4

=== D — REPAIRED FINITE-PAYLOAD OMEGA CERTIFICATION ===
OMEGA_MUH_1.875_PAD97_P0_POINT_PRISM=-1.032465247008916e-01
OMEGA_MUH_1.875_PAD97_P0_COMPACT_CORR_COARSE=1.532083709814746e-19
OMEGA_MUH_1.875_PAD97_P0_COMPACT_CORR_FINE=-3.541497351000421e-20
OMEGA_MUH_1.875_PAD97_P0_COMPACT_CORR_ABSERR=1.886233444914789e-19
OMEGA_MUH_1.875_PAD97_P0_FORCE=-1.032465247008916e-01
OMEGA_MUH_1.875_PAD129_P0_POINT_PRISM=-1.032465247008916e-01
OMEGA_MUH_1.875_PAD129_P0_COMPACT_CORR_COARSE=-6.885049525738770e-20
OMEGA_MUH_1.875_PAD129_P0_COMPACT_CORR_FINE=4.199978073581704e-20
OMEGA_MUH_1.875_PAD129_P0_COMPACT_CORR_ABSERR=1.108502759932047e-19
OMEGA_MUH_1.875_PAD129_P0_FORCE=-1.032465247008916e-01
OMEGA_MUH_1.875_PAD161_P0_POINT_PRISM=-1.032465247008916e-01
OMEGA_MUH_1.875_PAD161_P0_COMPACT_CORR_COARSE=-4.893782717308614e-20
OMEGA_MUH_1.875_PAD161_P0_COMPACT_CORR_FINE=1.581952519000302e-20
OMEGA_MUH_1.875_PAD161_P0_COMPACT_CORR_ABSERR=6.475735236308916e-20
OMEGA_MUH_1.875_PAD161_P0_FORCE=-1.032465247008916e-01
OMEGA_CERT MU_H=1.875000e+00 MU_DX=4.853897e-01 ETA=-6.722593705e-01 G_BASE=-5.578554833e+00 G_LOCAL=-1.106897040e+01 G_L4=2.403221887e+01 PAD_RELERR=1.651480e-16 QMED=3.711527e+00 QDIFF=1.061897e+00 STRONG=FAIL MAJOR=FAIL
OMEGA_MUH_1.6_PAD97_P0_POINT_PRISM=-1.507514361693853e-01
OMEGA_MUH_1.6_PAD97_P0_COMPACT_CORR_COARSE=-1.639320910697383e-19
OMEGA_MUH_1.6_PAD97_P0_COMPACT_CORR_FINE=-4.925517400969987e-20
OMEGA_MUH_1.6_PAD97_P0_COMPACT_CORR_ABSERR=1.146769170600384e-19
OMEGA_MUH_1.6_PAD97_P0_FORCE=-1.507514361693853e-01
OMEGA_MUH_1.6_PAD129_P0_POINT_PRISM=-1.507514361693852e-01
OMEGA_MUH_1.6_PAD129_P0_COMPACT_CORR_COARSE=-2.665896512043483e-19
OMEGA_MUH_1.6_PAD129_P0_COMPACT_CORR_FINE=5.269226484350094e-20
OMEGA_MUH_1.6_PAD129_P0_COMPACT_CORR_ABSERR=3.192819160478493e-19
OMEGA_MUH_1.6_PAD129_P0_FORCE=-1.507514361693852e-01
OMEGA_CERT MU_H=1.600000e+00 MU_DX=4.141992e-01 ETA=-7.687871219e-01 G_BASE=-6.379563160e+00 G_LOCAL=-1.265833140e+01 G_L4=2.748293470e+01 PAD_RELERR=1.010886e-15 QMED=3.756560e+00 QDIFF=1.106931e+00 STRONG=FAIL MAJOR=FAIL
OMEGA_MUH_1.4_PAD97_P0_POINT_PRISM=-1.979639543931186e-01
OMEGA_MUH_1.4_PAD97_P0_COMPACT_CORR_COARSE=2.207046249841087e-19
OMEGA_MUH_1.4_PAD97_P0_COMPACT_CORR_FINE=-7.278370224064761e-20
OMEGA_MUH_1.4_PAD97_P0_COMPACT_CORR_ABSERR=2.934883272247564e-19
OMEGA_MUH_1.4_PAD97_P0_FORCE=-1.979639543931186e-01
OMEGA_MUH_1.4_PAD129_P0_POINT_PRISM=-1.979639543931231e-01
OMEGA_MUH_1.4_PAD129_P0_COMPACT_CORR_COARSE=9.615224070655797e-20
OMEGA_MUH_1.4_PAD129_P0_COMPACT_CORR_FINE=7.662123631624428e-20
OMEGA_MUH_1.4_PAD129_P0_COMPACT_CORR_ABSERR=1.953100439031369e-20
OMEGA_MUH_1.4_PAD129_P0_FORCE=-1.979639543931231e-01
OMEGA_CERT MU_H=1.400000e+00 MU_DX=3.624243e-01 ETA=-8.285274964e-01 G_BASE=-6.875301814e+00 G_LOCAL=-1.364197621e+01 G_L4=2.961855946e+01 PAD_RELERR=7.771973e-15 QMED=3.795170e+00 QDIFF=1.145541e+00 STRONG=FAIL MAJOR=FAIL

=== E — HEAVY-LIMIT CONTROL ===
HEAVY_CONTROL_MU_H=2.400000000000000e+01
HEAVY_CONTROL_MU_DX=6.212988210549366e+00
HEAVY_CONTROL_ETA_MID=4.481773068742915e-01
LOCAL_B0SQ_ETA=6.073368578950860e-02
HEAVY_TO_LOCAL_ETA_RELERR_MID=8.644873694898084e-01
HEAVY_CONTROL_PROMOTION_ELIGIBLE=NO_UNDERRESOLVED_DIAGNOSTIC_ONLY

=== F — 024A2 DECISION ===
024A2_EXPLICIT_OMEGA_PROCA_TEACHER_MATCH_PREFILTER=RED_EXPLICIT_OMEGA_FIXED_FIELD_PREFILTER_NO_RESOLVED_BREAKTHROUGH
BEST_MU_H=1.875000000000000e+00
BEST_MU_DX=4.853897039491691e-01
BEST_GAIN_VS_BASELINE_REPAIRED=-5.578554832959360e+00
BEST_GAIN_VS_LOCAL_B0SQ_REPAIRED=-1.106897040363023e+01
BEST_GAIN_VS_L4_REPAIRED=2.403221887462581e+01
BEST_Q_OUTWARD_WEIGHTED_MEDIAN=3.711526585156407e+00
BEST_Q_TEACHER_ABSDIFF=1.061897445968523e+00
BEST_PAD_ETA_RELERR=1.651480177639050e-16
BASELINE_CONTINUOUS_AXIS_OK=YES
PROCA_STATIC_DEC=PASS_ANALYTIC
GENERALIZED_L2_L4_L6_V_CONSTITUTIVE_PREFLIGHT=RETAINED_AS_HEAVY_LIMIT_CONTEXT
PURE_BPS_L6_PLUS_V_STATIC_TEACHER_MATCH=DEMOTED
LARGE_3D_COUPLED_OMEGA_SKYRME_SCAN_AUTHORIZED=NO
NEXT=024A3_ALTERNATIVE_GEOMETRY_REORGANIZING_TOPOLOGICAL_OPERATOR_PREFILTER
CURRENT_KNOWLEDGE_HEURISTIC=APPROXIMATELY_70_TO_71_PERCENT_NOT_A_PROBABILITY
PRACTICAL_ANTIGRAVITY_DEVICE=NO
NEW_PHYSICS_DISCOVERY=NO
CLAIM_CLASSIFICATION=PROJECT_DERIVED_024A2_EXPLICIT_OMEGA_PROCA_TEACHER_MATCH_PREFILTER
SUMMARY_JSON=results/data/024a2_explicit_omega_proca_teacher_match_summary.json
MU_SCAN_CSV=results/data/024a2_explicit_omega_proca_mu_scan.csv
SELECTED_FIELD_NPZ=results/data/024a2_explicit_omega_proca_selected_field.npz
024A2_RUN_COMPLETE=YES
