=== 024A3 — ISOROTATION INERTIA TOMOGRAPHY + TEACHER MECHANISM AUDIT ===

=== B — ANALYTIC FORMULA VALIDATION ===
PRISM_VALIDATION_CASE_0_RELERR=1.690544831492376e-14
PRISM_VALIDATION_CASE_1_RELERR=1.849051454803849e-13
PRISM_VALIDATION_CASE_2_RELERR=8.740329467397351e-14
PRISM_VALIDATION_CASE_3_RELERR=1.121292515757142e-13
PRISM_VALIDATION_CASE_4_RELERR=1.807939345959305e-13
PRISM_VALIDATION_CASE_5_RELERR=8.327568845166656e-14
PRISM_VALIDATION_MAX_RELERR=1.849051454803849e-13
ANALYTIC_PRISM_VALIDATION=PASS
CAP_VALIDATION_D_OVER_R=0.000000 ANALYTIC=-3.948359325158377e-02 NUMERIC=-3.948359325158377e-02 ABSERR=0.000000000000000e+00
CAP_VALIDATION_D_OVER_R=0.170000 ANALYTIC=-2.385552363683412e-02 NUMERIC=-2.385552363683412e-02 ABSERR=0.000000000000000e+00
CAP_VALIDATION_D_OVER_R=0.410000 ANALYTIC=-9.217344687867352e-03 NUMERIC=-9.217344687867356e-03 ABSERR=3.469446951953614e-18
CAP_VALIDATION_D_OVER_R=0.730000 ANALYTIC=-9.662634203571871e-04 NUMERIC=-9.662634203571835e-04 ABSERR=3.577867169202165e-18
CAP_VALIDATION_D_OVER_R=0.930000 ANALYTIC=-1.774116295574834e-05 NUMERIC=-1.774116295573439e-05 ABSERR=1.394893857538382e-17
CAP_VALIDATION_MAX_ABSERR=1.394893857538382e-17
ANALYTIC_CAP_VALIDATION=PASS

=== A — INTROSPECTIVE TEACHER MECHANISM AUDIT ===
TEACHER_E=2.450446248126442e-02
TEACHER_A=1.000000000001593e+00
TEACHER_C=2.450446248122538e-02
TEACHER_GROSS_OUTWARD=1.029610949544636e+00
TEACHER_GROSS_OPPOSING=2.961094954304349e-02
TEACHER_CANCELLATION=1.059221899085993e+00
TEACHER_LEDGER_RELERR=0.000000000000000e+00
TEACHER_POSITIVE_ACTIVE_POSITIVE_KERNEL_FRACTION_OF_GROSS_OUTWARD=9.765040714686590e-01
TEACHER_NEGATIVE_ACTIVE_NEGATIVE_KERNEL_FRACTION_OF_GROSS_OUTWARD=2.349592853134097e-02
TEACHER_POSITIVE_ACTIVE_POSITIVE_KERNEL_FAR_OF_PAYLOAD_CENTER_FRACTION=1.000000000000000e+00
TEACHER_POSITIVE_ACTIVE_POSITIVE_KERNEL_FULLY_BEYOND_PAYLOAD_SPHERE_FRACTION=9.071862055151669e-01
TEACHER_POSITIVE_CHANNEL_CENTROID_R_OVER_H=4.716312149734195e-02
TEACHER_POSITIVE_CHANNEL_CENTROID_Z_OVER_H=1.080386673449115e+00
TEACHER_ENERGY_REFLECTION_RELERR=3.201138411400176e-16
TEACHER_ACTIVE_REFLECTION_RELERR=4.329132421687292e-16
TEACHER_LEDGER_SPOS_KPOS=1.005419284259049e+00
TEACHER_LEDGER_SPOS_KNEG=-7.497667407334653e-03
TEACHER_LEDGER_SNEG_KPOS=-2.211328213570884e-02
TEACHER_LEDGER_SNEG_KNEG=2.419166528558689e-02
TEACHER_OPERATIONAL_MECHANISM=POSITIVE_ACTIVE_FAR_KERNEL_ATTRACTION_DOMINATED
TEACHER_RAW_17230X_STATUS=DESIGN_DIAGNOSTIC_NOT_CONTINUUM_CERTIFIED

=== B — N65 / LOCAL ISOROTATION IDENTITIES ===
N65_DX=1.001886098824851e-01
PAYLOAD_AXIS_SELECTION=BASELINE_MAX_FROM_024A1_BEFORE_ISOROTATION
PAYLOAD_DIRECTION=7.295301735222595e-01,-4.765216000304519e-01,-4.906250000000001e-01
PAYLOAD_H=3.870161274564900e-01
PAYLOAD_RADIUS=1.675735743205162e-02
ISOROTATION_LOCAL_ME_MIN_EIG_SAMPLED=-9.333066788778980e-15
ISOROTATION_CONSTITUTIVE_IDENTITY_SCALED_ERR=2.783442917159535e-16
ISOROTATION_LOCAL_ENERGY_PSD=PASS
ISOROTATION_DS_MINUS_2K_EQUALS_2T=PASS
STANDARD_SKYRME_DEC_LITERATURE_THEOREM=RETAINED_WITH_DYNAMIC_HYPERBOLICITY_CAVEAT

=== C — CONTINUOUS FINITE-PAYLOAD MATRIX CUBATURE SETUP ===
CONSTANT_SOURCE_ANALYTIC_PRISM_RADIAL=-1.618132345054451e+00
CONSTANT_SOURCE_CONTINUOUS_CUBATURE_RADIAL=-1.618144261105422e+00
CONSTANT_SOURCE_CUBATURE_RELERR=7.364076867406255e-06
CONSTANT_SOURCE_CUBATURE_VALIDATION=PASS
CONSTANT_SOURCE_KERNEL_VALIDATION_RELERR=7.364076867406255e-06

=== D — CUBIC CONTINUOUS ISOROTATION TOMOGRAPHY ===
CUBIC_NODAL_REPRO_MAX_ABSERR=9.501510689347015e-12
CUBIC_NODAL_REPRODUCTION=PASS
CUBIC_NORMALIZED_DERIV_AXIS_0_BEST_RELERR=7.974680901889972e-13
CUBIC_NORMALIZED_DERIV_AXIS_1_BEST_RELERR=6.555308530201914e-13
CUBIC_NORMALIZED_DERIV_AXIS_2_BEST_RELERR=4.435421843824829e-13
CUBIC_NORMALIZED_DERIVATIVE_MAX_RELERR=7.974680901889972e-13
CUBIC_NORMALIZED_DERIVATIVE_CHECK=PASS
CUBIC_ISO_FAR_Q2_PROGRESS=15000/262068 PERCENT=5
CUBIC_ISO_FAR_Q2_PROGRESS=60000/262068 PERCENT=22
CUBIC_ISO_FAR_Q2_PROGRESS=105000/262068 PERCENT=40
CUBIC_ISO_FAR_Q2_PROGRESS=165000/262068 PERCENT=62
CUBIC_ISO_FAR_Q2_PROGRESS=210000/262068 PERCENT=80
CUBIC_ISO_FAR_Q2_PROGRESS=262068/262068 PERCENT=100
CUBIC_ISO_FAR_Q3_PROGRESS=4444/262068 PERCENT=1
CUBIC_ISO_FAR_Q3_PROGRESS=53328/262068 PERCENT=20
CUBIC_ISO_FAR_Q3_PROGRESS=106656/262068 PERCENT=40
CUBIC_ISO_FAR_Q3_PROGRESS=159984/262068 PERCENT=61
CUBIC_ISO_FAR_Q3_PROGRESS=213312/262068 PERCENT=81
CUBIC_ISO_FAR_Q3_PROGRESS=262068/262068 PERCENT=100
CUBIC_ISO_NEAR_COARSE_PROGRESS=8/76 PERCENT=10
CUBIC_ISO_NEAR_COARSE_PROGRESS=16/76 PERCENT=21
CUBIC_ISO_NEAR_COARSE_PROGRESS=32/76 PERCENT=42
CUBIC_ISO_NEAR_COARSE_PROGRESS=48/76 PERCENT=63
CUBIC_ISO_NEAR_COARSE_PROGRESS=64/76 PERCENT=84
CUBIC_ISO_NEAR_COARSE_PROGRESS=76/76 PERCENT=100
CUBIC_ISO_NEAR_FINE_PROGRESS=1/76 PERCENT=1
CUBIC_ISO_NEAR_FINE_PROGRESS=16/76 PERCENT=21
CUBIC_ISO_NEAR_FINE_PROGRESS=31/76 PERCENT=40
CUBIC_ISO_NEAR_FINE_PROGRESS=46/76 PERCENT=60
CUBIC_ISO_NEAR_FINE_PROGRESS=61/76 PERCENT=80
CUBIC_ISO_NEAR_FINE_PROGRESS=76/76 PERCENT=100
CUBIC_BASELINE_E=1.788982083119701e+03
CUBIC_BASELINE_A=2.340769325018041e+02
CUBIC_BASELINE_ETA=1.308436427119555e-01
CUBIC_ISO_ETA_OPT=9.479063347208330e-02
CUBIC_ISO_GAIN_OPT=7.244573103238897e-01
CUBIC_ISO_AXIS=-4.850329236934642e-01,1.835758066548888e-01,8.550105181483891e-01
CUBIC_INTERNAL_GAIN_ABSERR=6.137717590827263e-04
CUBIC_FIBONACCI_REL_GAP=1.340124925075297e-05
CUBIC_FIBONACCI_AXIS_ABSDOT=9.999954077598915e-01
CUBIC_Q4_USED=NO

=== D — QUINTIC CONTINUOUS ISOROTATION TOMOGRAPHY ===
QUINTIC_NODAL_REPRO_MAX_ABSERR=8.687717212296775e-12
QUINTIC_NODAL_REPRODUCTION=PASS
QUINTIC_NORMALIZED_DERIV_AXIS_0_BEST_RELERR=6.478743887611690e-13
QUINTIC_NORMALIZED_DERIV_AXIS_1_BEST_RELERR=7.009717544879131e-13
QUINTIC_NORMALIZED_DERIV_AXIS_2_BEST_RELERR=9.311743962375773e-13
QUINTIC_NORMALIZED_DERIVATIVE_MAX_RELERR=9.311743962375773e-13
QUINTIC_NORMALIZED_DERIVATIVE_CHECK=PASS
QUINTIC_ISO_FAR_Q2_PROGRESS=15000/262068 PERCENT=5
QUINTIC_ISO_FAR_Q2_PROGRESS=60000/262068 PERCENT=22
QUINTIC_ISO_FAR_Q2_PROGRESS=105000/262068 PERCENT=40
QUINTIC_ISO_FAR_Q2_PROGRESS=165000/262068 PERCENT=62
QUINTIC_ISO_FAR_Q2_PROGRESS=210000/262068 PERCENT=80
QUINTIC_ISO_FAR_Q2_PROGRESS=262068/262068 PERCENT=100
QUINTIC_ISO_FAR_Q3_PROGRESS=4444/262068 PERCENT=1
QUINTIC_ISO_FAR_Q3_PROGRESS=53328/262068 PERCENT=20
QUINTIC_ISO_FAR_Q3_PROGRESS=106656/262068 PERCENT=40
QUINTIC_ISO_FAR_Q3_PROGRESS=159984/262068 PERCENT=61
QUINTIC_ISO_FAR_Q3_PROGRESS=213312/262068 PERCENT=81
QUINTIC_ISO_FAR_Q3_PROGRESS=262068/262068 PERCENT=100
QUINTIC_ISO_NEAR_COARSE_PROGRESS=8/76 PERCENT=10
QUINTIC_ISO_NEAR_COARSE_PROGRESS=16/76 PERCENT=21
QUINTIC_ISO_NEAR_COARSE_PROGRESS=32/76 PERCENT=42
QUINTIC_ISO_NEAR_COARSE_PROGRESS=48/76 PERCENT=63
QUINTIC_ISO_NEAR_COARSE_PROGRESS=64/76 PERCENT=84
QUINTIC_ISO_NEAR_COARSE_PROGRESS=76/76 PERCENT=100
QUINTIC_ISO_NEAR_FINE_PROGRESS=1/76 PERCENT=1
QUINTIC_ISO_NEAR_FINE_PROGRESS=16/76 PERCENT=21
QUINTIC_ISO_NEAR_FINE_PROGRESS=31/76 PERCENT=40
QUINTIC_ISO_NEAR_FINE_PROGRESS=46/76 PERCENT=60
QUINTIC_ISO_NEAR_FINE_PROGRESS=61/76 PERCENT=80
QUINTIC_ISO_NEAR_FINE_PROGRESS=76/76 PERCENT=100
QUINTIC_BASELINE_E=1.788953205052805e+03
QUINTIC_BASELINE_A=2.336604375425493e+02
QUINTIC_BASELINE_ETA=1.306129399486737e-01
QUINTIC_ISO_ETA_OPT=9.478065190849755e-02
QUINTIC_ISO_GAIN_OPT=7.256605045850972e-01
QUINTIC_ISO_AXIS=-4.850200280894997e-01,1.836307795704308e-01,8.550060287193399e-01
QUINTIC_INTERNAL_GAIN_ABSERR=2.904369057965539e-05
QUINTIC_FIBONACCI_REL_GAP=1.376717346422978e-05
QUINTIC_FIBONACCI_AXIS_ABSDOT=9.999953236747995e-01
QUINTIC_Q4_USED=NO

=== E — CROSS-REPRESENTATION CERTIFICATE ===
CUBIC_BASELINE_FORCE_RELERR_VS_024A2=0.000000000000000e+00
QUINTIC_BASELINE_FORCE_RELERR_VS_024A2=2.432736130199913e-16
BASELINE_024A2_REPRODUCTION=PASS
CUBIC_QUINTIC_GAIN_ABS_SPREAD=1.203194261207519e-03
CUBIC_QUINTIC_GAIN_REL_SPREAD=1.203194261207519e-03
CUBIC_QUINTIC_AXIS_ABSDOT=9.999999983957634e-01
GAIN_ERROR_BOUND_ABS=1.203194261207519e-03
GAIN_FLOOR_RAW=7.244573103238897e-01
GAIN_FLOOR_CONSERVATIVE_5SIGMA_STYLE=7.184413390178521e-01
FIBONACCI_EIGEN_CROSSCHECK=PASS
CUBIC_QUINTIC_REPRESENTATION=PASS

=== F — FROZEN RIGID TOTAL-EFFICIENCY DIAGNOSTICS ===
FROZEN_EROT_OVER_E0=1.000000e-02 CONSERVATIVE_TOTAL_ETA_RATIO=9.972122904853253e-01
FROZEN_EROT_OVER_E0=5.000000e-02 CONSERVATIVE_TOTAL_ETA_RATIO=9.865924447151357e-01
FROZEN_EROT_OVER_E0=1.000000e-01 CONSERVATIVE_TOTAL_ETA_RATIO=9.744037580925320e-01
FROZEN_EROT_OVER_E0=2.500000e-01 CONSERVATIVE_TOTAL_ETA_RATIO=9.436882678035705e-01
FROZEN_EROT_OVER_E0=5.000000e-01 CONSERVATIVE_TOTAL_ETA_RATIO=9.061471130059507e-01
FROZEN_EROT_OVER_E0=1.000000e+00 CONSERVATIVE_TOTAL_ETA_RATIO=8.592206695089261e-01
FROZEN_RIGID_DIAGNOSTIC_IS_NOT_FREQUENCY_OR_STATIONARITY_CERTIFICATE=YES

=== G — 024A3 DECISION ===
024A3_ISOROTATION_INERTIA_TOMOGRAPHY=RED_RIGID_ISOROTATION_NO_CERTIFIED_EFFICIENCY_ADVANTAGE
TEACHER_OPERATIONAL_MECHANISM=POSITIVE_ACTIVE_FAR_KERNEL_ATTRACTION_DOMINATED
TEACHER_POSITIVE_ACTIVE_POSITIVE_KERNEL_GROSS_FRACTION=9.765040714686590e-01
TEACHER_NEGATIVE_ACTIVE_NEGATIVE_KERNEL_GROSS_FRACTION=2.349592853134097e-02
CUBIC_ISO_GAIN=7.244573103238897e-01
QUINTIC_ISO_GAIN=7.256605045850972e-01
CERTIFIED_CONSERVATIVE_GAIN_FLOOR=7.184413390178521e-01
OPTIMAL_AXIS_CUBIC=-4.850329236934642e-01,1.835758066548888e-01,8.550105181483891e-01
OPTIMAL_AXIS_QUINTIC=-4.850200280894997e-01,1.836307795704308e-01,8.550060287193399e-01
OPTIMAL_AXIS_ABSDOT=9.999999983957634e-01
STANDARD_SKYRME_DEC=SUPPORTED_BY_ESTABLISHED_THEOREM
FINITE_FREQUENCY_HYPERBOLICITY=UNRESOLVED_REQUIRES_024B
T0I_AND_REACTION_MOMENTUM=MANDATORY_IN_024B
RIGID_ISOROTATION_IS_NOT_COUPLED_STATIONARY_SOLUTION=YES
LARGE_COUPLED_ISOSPINNING_SOLVE_AUTHORIZED=NO
NEXT=024A4_ALTERNATIVE_DYNAMIC_OR_GEOMETRY_REORGANIZING_FIELD_PREFILTER
CURRENT_KNOWLEDGE_HEURISTIC=APPROXIMATELY_70_TO_71_PERCENT_NOT_A_PROBABILITY
PRACTICAL_ANTIGRAVITY_DEVICE=NO
NEW_PHYSICS_DISCOVERY=NO
CLAIM_CLASSIFICATION=PROJECT_DERIVED_024A3_ISOROTATION_INERTIA_TOMOGRAPHY_PREFILTER
SUMMARY_JSON=results/data/024a3_isorotation_inertia_tomography_summary.json
METRICS_CSV=results/data/024a3_isorotation_reconstruction_metrics.csv
MATRICES_NPZ=results/data/024a3_isorotation_inertia_matrices.npz
024A3_RUN_COMPLETE=YES
