=== 024A1 — FIXED-FIELD SEXTIC KERNEL-PLACEMENT GATE ===

=== A — EXACT B7 LOW/PRIMARY/HIGH SEXTIC LEVERAGE ===
EXACT_B7_DEGREE=6.999999999999997e+00
EXACT_B7_I=6.086804239712510e+01
PAYLOAD_CENTER_RADIUS=3.870161274564900e-01
PAYLOAD_RADIUS=1.675735743205162e-02

--- EXACT_LOW nr=52 nmu=24 nphi=48 ---
EXACT_LOW_E=1.822472727404738e+03
EXACT_LOW_E6_RAW=4.340807243860821e+03
EXACT_LOW_BASELINE_MIN_A=1.580735952985977e+01
EXACT_LOW_BASELINE_MAX_A=3.197539007617389e+02
EXACT_LOW_BASELINE_C_WORST_DENSE320=7.697391585925664e+02
EXACT_LOW_WORST_ORIENTATION_INDEX=166
EXACT_LOW_WORST_ORIENTATION=(-8.311592410794e-01,5.545483976564e-01,-4.062500000000e-02)
EXACT_LOW_WORST_DIRECTION_L6=-8.610249932368527e-02
EXACT_LOW_WORST_DIRECTION_GAIN_RATIO_G6=-3.970794906825110e+01
EXACT_LOW_GAIN_RATIO_MIN=-3.983905269409411e+01
EXACT_LOW_GAIN_RATIO_MEDIAN=7.107106066205965e-02
EXACT_LOW_GAIN_RATIO_MAX=1.125183955627352e+00
EXACT_LOW_FRACTION_ORIENTATIONS_G6_GT_1=6.250000000000000e-02
EXACT_LOW_FRACTION_ORIENTATIONS_L6_POSITIVE=5.187500000000000e-01
EXACT_LOW_LAMBDA_FIRST_ORIENTATION_REVERSAL=2.510099845190957e-02
EXACT_LOW_ONE_PERCENT_C_HEADROOM=5.969509993242467e-01
EXACT_LOW_ONE_PERCENT_ALL_320_OUTWARD=YES
EXACT_LOW_BEST_FROZEN_LAMBDA=0.000000000000000e+00
EXACT_LOW_BEST_FROZEN_HEADROOM=1.000000000000000e+00
EXACT_LOW_FORCE_WEIGHTED_MEDIAN_S_OVER_RHO_LAMBDA0=1.263609251720211e+00
EXACT_LOW_FORCE_WEIGHTED_MEDIAN_S_OVER_RHO_LAMBDA0P01=1.303362621344862e+00
EXACT_LOW_TEACHER_F90_OVERLAP_AVAILABLE=YES
EXACT_LOW_E6_ENERGY_IN_TEACHER_F90=1.470571321779054e-07
EXACT_LOW_E6_GROSS_OUTWARD_IN_TEACHER_F90=6.369951162964554e-05
EXACT_LOW_INFINITESIMAL_WORST_DIRECTION_IMPROVEMENT=FAIL
EXACT_LOW_FINITE_POSITIVE_LAMBDA_IMPROVEMENT=FAIL
EXACT_LOW_DIRECT_SEXTIC_GEOMETRY=FAIL

--- EXACT_PRIMARY nr=68 nmu=32 nphi=64 ---
EXACT_PRIMARY_E=1.822472700555285e+03
EXACT_PRIMARY_E6_RAW=4.340807229257614e+03
EXACT_PRIMARY_BASELINE_MIN_A=1.761139951292272e+01
EXACT_PRIMARY_BASELINE_MAX_A=3.217123658971319e+02
EXACT_PRIMARY_BASELINE_C_WORST_DENSE320=6.908902064199252e+02
EXACT_PRIMARY_WORST_ORIENTATION_INDEX=156
EXACT_PRIMARY_WORST_ORIENTATION=(-8.550584027732e-01,-5.180700842762e-01,2.187500000000e-02)
EXACT_PRIMARY_WORST_DIRECTION_L6=-8.775667594453269e-02
EXACT_PRIMARY_WORST_DIRECTION_GAIN_RATIO_G6=-3.632514181125302e+01
EXACT_PRIMARY_GAIN_RATIO_MIN=-3.632514181125302e+01
EXACT_PRIMARY_GAIN_RATIO_MEDIAN=7.203360358559852e-02
EXACT_PRIMARY_GAIN_RATIO_MAX=1.118284102052596e+00
EXACT_PRIMARY_FRACTION_ORIENTATIONS_G6_GT_1=5.937500000000000e-02
EXACT_PRIMARY_FRACTION_ORIENTATIONS_L6_POSITIVE=5.187500000000000e-01
EXACT_PRIMARY_LAMBDA_FIRST_ORIENTATION_REVERSAL=2.752914235534283e-02
EXACT_PRIMARY_ONE_PERCENT_C_HEADROOM=6.304441404826433e-01
EXACT_PRIMARY_ONE_PERCENT_ALL_320_OUTWARD=YES
EXACT_PRIMARY_BEST_FROZEN_LAMBDA=0.000000000000000e+00
EXACT_PRIMARY_BEST_FROZEN_HEADROOM=1.000000000000000e+00
EXACT_PRIMARY_FORCE_WEIGHTED_MEDIAN_S_OVER_RHO_LAMBDA0=1.260117506467363e+00
EXACT_PRIMARY_FORCE_WEIGHTED_MEDIAN_S_OVER_RHO_LAMBDA0P01=1.298512597273713e+00
EXACT_PRIMARY_TEACHER_F90_OVERLAP_AVAILABLE=YES
EXACT_PRIMARY_E6_ENERGY_IN_TEACHER_F90=1.322601375586752e-07
EXACT_PRIMARY_E6_GROSS_OUTWARD_IN_TEACHER_F90=6.794108957533794e-05
EXACT_PRIMARY_INFINITESIMAL_WORST_DIRECTION_IMPROVEMENT=FAIL
EXACT_PRIMARY_FINITE_POSITIVE_LAMBDA_IMPROVEMENT=FAIL
EXACT_PRIMARY_DIRECT_SEXTIC_GEOMETRY=FAIL

--- EXACT_HIGH nr=84 nmu=40 nphi=80 ---
EXACT_HIGH_E=1.822472725062167e+03
EXACT_HIGH_E6_RAW=4.340807360364925e+03
EXACT_HIGH_BASELINE_MIN_A=1.837348697935440e+01
EXACT_HIGH_BASELINE_MAX_A=3.227106682496701e+02
EXACT_HIGH_BASELINE_C_WORST_DENSE320=6.622337731600285e+02
EXACT_HIGH_WORST_ORIENTATION_INDEX=156
EXACT_HIGH_WORST_ORIENTATION=(-8.550584027732e-01,-5.180700842762e-01,2.187500000000e-02)
EXACT_HIGH_WORST_DIRECTION_L6=-8.775660570635228e-02
EXACT_HIGH_WORST_DIRECTION_GAIN_RATIO_G6=-3.481843604832852e+01
EXACT_HIGH_GAIN_RATIO_MIN=-3.481843604832852e+01
EXACT_HIGH_GAIN_RATIO_MEDIAN=7.376195563030756e-02
EXACT_HIGH_GAIN_RATIO_MAX=1.128222753402486e+00
EXACT_HIGH_FRACTION_ORIENTATIONS_G6_GT_1=5.937500000000000e-02
EXACT_HIGH_FRACTION_ORIENTATIONS_L6_POSITIVE=5.187500000000000e-01
EXACT_HIGH_LAMBDA_FIRST_ORIENTATION_REVERSAL=2.872041692544676e-02
EXACT_HIGH_ONE_PERCENT_C_HEADROOM=6.453620193234799e-01
EXACT_HIGH_ONE_PERCENT_ALL_320_OUTWARD=YES
EXACT_HIGH_BEST_FROZEN_LAMBDA=0.000000000000000e+00
EXACT_HIGH_BEST_FROZEN_HEADROOM=1.000000000000000e+00
EXACT_HIGH_FORCE_WEIGHTED_MEDIAN_S_OVER_RHO_LAMBDA0=1.258673361381414e+00
EXACT_HIGH_FORCE_WEIGHTED_MEDIAN_S_OVER_RHO_LAMBDA0P01=1.295318986196716e+00
EXACT_HIGH_TEACHER_F90_OVERLAP_AVAILABLE=YES
EXACT_HIGH_E6_ENERGY_IN_TEACHER_F90=9.316761184270922e-08
EXACT_HIGH_E6_GROSS_OUTWARD_IN_TEACHER_F90=5.171477493917671e-05
EXACT_HIGH_INFINITESIMAL_WORST_DIRECTION_IMPROVEMENT=FAIL
EXACT_HIGH_FINITE_POSITIVE_LAMBDA_IMPROVEMENT=FAIL
EXACT_HIGH_DIRECT_SEXTIC_GEOMETRY=FAIL

=== B — TRUSTED INT15 EXACT-MAP PROVENANCE ===
TRUSTED_INT15_REFERENCE_A_REBUILT=2.881787638114563e+01
TRUSTED_INT15_REFERENCE_A_EXPECTED=2.881787638114564e+01
TRUSTED_INT15_REFERENCE_A_RELERR=4.931263680657463e-16
TRUSTED_INT15_REFERENCE_REPRODUCTION=PASS
EXACT_PRIMARY_HIGH_WORST_G6_RELERR=4.147831743516390e-02
EXACT_PRIMARY_HIGH_MIN_A_RELERR=4.147756314781197e-02
EXACT_SEXTIC_LEVERAGE_CONVERGENCE=PASS

=== C — STRICT STATIONARY N65 SEXTIC LEVERAGE ===
N65_ARTIFACT_SOURCE=023CR4R_N65
N65_ARTIFACT_SHAPE=(65, 65, 65, 4)
N65_TOPOLOGY4_REBUILT=6.967481864276875e+00
N65_E=1.780230521772526e+03
N65_E6_RAW=1.039991966699472e+01
N65_BASELINE_MIN_A=5.601853299485973e+00
N65_BASELINE_MAX_A=3.701310482023879e+02
N65_BASELINE_C_WORST_DENSE320=2.121711768426323e+03
N65_WORST_ORIENTATION_INDEX=17
N65_WORST_ORIENTATION=(-4.543501844638e-01,1.878880658051e-02,8.906250000000e-01)
N65_WORST_DIRECTION_L6=-9.480063228267024e-02
N65_WORST_DIRECTION_GAIN_RATIO_G6=-1.205079605268702e+02
N65_GAIN_RATIO_MIN=-1.205079605268702e+02
N65_GAIN_RATIO_MEDIAN=-3.300024378576076e-01
N65_GAIN_RATIO_MAX=2.843180017666509e+00
N65_FRACTION_ORIENTATIONS_G6_GT_1=6.875000000000001e-02
N65_FRACTION_ORIENTATIONS_L6_POSITIVE=4.250000000000000e-01
N65_LAMBDA_FIRST_ORIENTATION_REVERSAL=8.298206986724541e-03
N65_ONE_PERCENT_C_HEADROOM=0.000000000000000e+00
N65_ONE_PERCENT_ALL_320_OUTWARD=NO
N65_BEST_FROZEN_LAMBDA=0.000000000000000e+00
N65_BEST_FROZEN_HEADROOM=1.000000000000000e+00
N65_FORCE_WEIGHTED_MEDIAN_S_OVER_RHO_LAMBDA0=1.236880132277585e+00
N65_FORCE_WEIGHTED_MEDIAN_S_OVER_RHO_LAMBDA0P01=1.274806627931864e+00
N65_TEACHER_F90_OVERLAP_AVAILABLE=YES
N65_E6_ENERGY_IN_TEACHER_F90=0.000000000000000e+00
N65_E6_GROSS_OUTWARD_IN_TEACHER_F90=0.000000000000000e+00
N65_INFINITESIMAL_WORST_DIRECTION_IMPROVEMENT=FAIL
N65_FINITE_POSITIVE_LAMBDA_IMPROVEMENT=FAIL
N65_DIRECT_SEXTIC_GEOMETRY=FAIL

=== D — FROZEN-FIELD LAMBDA SCAN ===
EXACT_HIGH LAMBDA=0.000000e+00 MIN_A=1.837348698e+01 ALL_OUTWARD=YES C_WORST=6.622337732e+02 HEADROOM=1.000000000e+00
EXACT_HIGH LAMBDA=1.000000e-04 MIN_A=1.830951337e+01 ALL_OUTWARD=YES C_WORST=6.646140788e+02 HEADROOM=9.964185145e-01
EXACT_HIGH LAMBDA=3.000000e-04 MIN_A=1.818156615e+01 ALL_OUTWARD=YES C_WORST=6.694249422e+02 HEADROOM=9.892576919e-01
EXACT_HIGH LAMBDA=1.000000e-03 MIN_A=1.773375090e+01 ALL_OUTWARD=YES C_WORST=6.868096446e+02 HEADROOM=9.642173466e-01
EXACT_HIGH LAMBDA=3.000000e-03 MIN_A=1.645427874e+01 ALL_OUTWARD=YES C_WORST=7.416943906e+02 HEADROOM=8.928660936e-01
EXACT_HIGH LAMBDA=1.000000e-02 MIN_A=1.197612617e+01 ALL_OUTWARD=YES C_WORST=1.026143085e+03 HEADROOM=6.453620193e-01
EXACT_HIGH LAMBDA=3.000000e-02 MIN_A=-8.185954619e-01 ALL_OUTWARD=NO C_WORST=inf HEADROOM=0.000000000e+00
EXACT_HIGH LAMBDA=1.000000e-01 MIN_A=-4.560012116e+01 ALL_OUTWARD=NO C_WORST=inf HEADROOM=0.000000000e+00
EXACT_HIGH LAMBDA=3.000000e-01 MIN_A=-1.735473374e+02 ALL_OUTWARD=NO C_WORST=inf HEADROOM=0.000000000e+00
EXACT_HIGH LAMBDA=1.000000e+00 MIN_A=-6.213625944e+02 ALL_OUTWARD=NO C_WORST=inf HEADROOM=0.000000000e+00
EXACT_HIGH LAMBDA=3.000000e+00 MIN_A=-1.900834757e+03 ALL_OUTWARD=NO C_WORST=inf HEADROOM=0.000000000e+00
N65 LAMBDA=0.000000e+00 MIN_A=5.601853299e+00 ALL_OUTWARD=YES C_WORST=2.121711768e+03 HEADROOM=1.000000000e+00
N65 LAMBDA=1.000000e-04 MIN_A=5.534346508e+00 ALL_OUTWARD=YES C_WORST=2.147806720e+03 HEADROOM=9.878504189e-01
N65 LAMBDA=3.000000e-04 MIN_A=5.399332925e+00 ALL_OUTWARD=YES C_WORST=2.201954184e+03 HEADROOM=9.635585443e-01
N65 LAMBDA=1.000000e-03 MIN_A=4.926785383e+00 ALL_OUTWARD=YES C_WORST=2.414841050e+03 HEADROOM=8.786134260e-01
N65 LAMBDA=3.000000e-03 MIN_A=3.576649551e+00 ALL_OUTWARD=YES C_WORST=3.333056386e+03 HEADROOM=6.365664192e-01
N65 LAMBDA=1.000000e-02 MIN_A=-1.148825863e+00 ALL_OUTWARD=NO C_WORST=inf HEADROOM=0.000000000e+00
N65 LAMBDA=3.000000e-02 MIN_A=-1.465018419e+01 ALL_OUTWARD=NO C_WORST=inf HEADROOM=0.000000000e+00
N65 LAMBDA=1.000000e-01 MIN_A=-6.190493833e+01 ALL_OUTWARD=NO C_WORST=inf HEADROOM=0.000000000e+00
N65 LAMBDA=3.000000e-01 MIN_A=-1.969185216e+02 ALL_OUTWARD=NO C_WORST=inf HEADROOM=0.000000000e+00
N65 LAMBDA=1.000000e+00 MIN_A=-6.694660630e+02 ALL_OUTWARD=NO C_WORST=inf HEADROOM=0.000000000e+00
N65 LAMBDA=3.000000e+00 MIN_A=-2.019601896e+03 ALL_OUTWARD=NO C_WORST=inf HEADROOM=0.000000000e+00

=== E — 024A1 DECISION ===
024A1_FIXED_FIELD_SEXTIC_KERNEL_PLACEMENT_GATE=RED_NAIVE_B0_SQUARED_SEXTIC_PLACEMENT_ON_CURRENT_GEOMETRIES
EXACT_MAP_DIRECT_SEXTIC_GEOMETRY=FAIL
N65_DIRECT_SEXTIC_GEOMETRY=FAIL
NEXT=024A2_GEOMETRY_REORGANIZING_HIGHER_ORDER_OR_ALTERNATIVE_TOPOLOGICAL_OPERATOR_PREFILTER
GENERALIZED_L2_L4_L6_V_CONSTITUTIVE_PREFLIGHT=RETAINED
PURE_BPS_L6_PLUS_V_STATIC_TEACHER_MATCH=DEMOTED
LARGE_GENERALIZED_3D_PDE_SCAN_AUTHORIZED=NO
CURRENT_KNOWLEDGE_HEURISTIC=APPROXIMATELY_70_TO_71_PERCENT_NOT_A_PROBABILITY
PRACTICAL_ANTIGRAVITY_DEVICE=NO
NEW_PHYSICS_DISCOVERY=NO
CLAIM_CLASSIFICATION=PROJECT_DERIVED_024A1_FIXED_FIELD_SEXTIC_KERNEL_PLACEMENT_GATE
SUMMARY_JSON=results/data/024a1_sextic_fixed_field_kernel_placement_summary.json
LAMBDA_SCAN_CSV=results/data/024a1_sextic_fixed_field_lambda_scan.csv
ORIENTATION_ARRAYS_NPZ=results/data/024a1_sextic_fixed_field_orientation_arrays.npz
024A1_RUN_COMPLETE=YES
