=== 024A4R — STAND-OFF FEASIBILITY DECOMPOSITION ===

=== A — ANCHORS / POSITIVE CONTROLS ===
CURRENT_B7_C=4.222220709083088e+02
006B_THIN_ANALYTIC_C=2.342671017539100e+01
006B_THIN_ANALYTIC_BETA=4.701437405300000e+00
006D_FINITE_C=2.359158629924900e+01
024A4_R99_OVER_H=3.353681771042527e+00
024A4_RHO_CAP=1.669855319420529e+00
024A4R_DIRECT=POSITIVE_CONTROL_006B_KNOWN_THIN20 STATUS=optimal GREEN=YES C=3.295475466694425e+01 HEADROOM_B7=1.281217460653181e+01 GAIN_VS_006D=7.158780739737349e-01 R=5.000000000e+00 DEPTH=1.250000000e-01
DIRECT_006B_POSITIVE_CONTROL_RELERR=0.000000000000000e+00
DIRECT_006B_POSITIVE_CONTROL=PASS
024A4R_DIAG=GENERALIZED_006B_POSITIVE_CONTROL STATUS=optimal GREEN=YES C=3.295475466695211e+01 HEADROOM_B7=1.281217460652875e+01 GAIN_VS_006D=7.158780739735642e-01 RHO_MAX=2.765881433034220e+01 LE_CELLS=5.152724103e+00 LF_CELLS=3.124645984e+00 CAP_MULT=UNCAPPED
GENERALIZED_006B_CONTROL_RELERR=2.384664288029891e-13
GENERALIZED_006B_POSITIVE_CONTROL=PASS

=== B — TRACK A: UNCAPPED RADIAL SUPPORT THRESHOLD ===
024A4R_DIRECT=RADIAL_R3P0 STATUS=optimal GREEN=YES C=4.071726410132416e+01 HEADROOM_B7=1.036960808215446e+01 GAIN_VS_006D=5.794000854414425e-01 R=3.000000000e+00 DEPTH=1.250000000e-01
024A4R_DIRECT=RADIAL_R3P353682 STATUS=optimal GREEN=YES C=3.495377856822228e+01 HEADROOM_B7=1.207943999771647e+01 GAIN_VS_006D=6.749366525053445e-01 R=3.353681771e+00 DEPTH=1.250000000e-01
024A4R_DIRECT=RADIAL_R3P75 STATUS=optimal GREEN=YES C=3.256869061380768e+01 HEADROOM_B7=1.296404807656914e+01 GAIN_VS_006D=7.243639782450207e-01 R=3.750000000e+00 DEPTH=1.250000000e-01
024A4R_DIRECT=RADIAL_R4P0 STATUS=optimal GREEN=YES C=3.195358735639181e+01 HEADROOM_B7=1.321360466351049e+01 GAIN_VS_006D=7.383079100359564e-01 R=4.000000000e+00 DEPTH=1.250000000e-01
024A4R_DIRECT=RADIAL_R4P25 STATUS=optimal GREEN=YES C=3.183712380201395e+01 HEADROOM_B7=1.326194142203260e+01 GAIN_VS_006D=7.410087181856748e-01 R=4.250000000e+00 DEPTH=1.250000000e-01
024A4R_DIRECT=RADIAL_R4P5 STATUS=optimal GREEN=YES C=3.220470642109565e+01 HEADROOM_B7=1.311057040506765e+01 GAIN_VS_006D=7.325508883942305e-01 R=4.500000000e+00 DEPTH=1.250000000e-01
024A4R_DIRECT=RADIAL_R4P701437 STATUS=optimal GREEN=YES C=3.237609818415572e+01 HEADROOM_B7=1.304116600174312e+01 GAIN_VS_006D=7.286729291794122e-01 R=4.701437405e+00 DEPTH=1.250000000e-01
024A4R_DIRECT=RADIAL_R5P0 STATUS=optimal GREEN=YES C=3.295475466694425e+01 HEADROOM_B7=1.281217460653181e+01 GAIN_VS_006D=7.158780739737349e-01 R=5.000000000e+00 DEPTH=1.250000000e-01
024A4R_DIRECT=RADIAL_R5P5 STATUS=optimal GREEN=YES C=3.473339867841094e+01 HEADROOM_B7=1.215608281866028e+01 GAIN_VS_006D=6.792190570717946e-01 R=5.500000000e+00 DEPTH=1.250000000e-01
024A4R_DIRECT=RADIAL_R6P0 STATUS=optimal GREEN=YES C=3.623812498368514e+01 HEADROOM_B7=1.165132222206305e+01 GAIN_VS_006D=6.510156447076174e-01 R=6.000000000e+00 DEPTH=1.250000000e-01
UNCAPPED_MIN_TESTED_FEASIBLE_R_OVER_H=3.000000000000000e+00
R99_BELOW_UNCAPPED_FEASIBILITY_THRESHOLD=NO

=== C — TRACK B: DENSITY-CAP CAPACITY AT KNOWN 006B GEOMETRY ===
024A4R_SOLVE_BEGIN=CAPACITY_R5_D0P125_M1P0 GRID=20x2 R=5.000000000e+00 DEPTH=1.250000000e-01 CAP=1.669855319e+00 SOLVER=DEFAULT
024A4R_DIAG=CAPACITY_R5_D0P125_M1P0 STATUS=infeasible GREEN=NO C=nan HEADROOM_B7=nan GAIN_VS_006D=nan RHO_MAX=nan LE_CELLS=nan LF_CELLS=nan CAP_MULT=1
024A4R_SOLVE_BEGIN=CAPACITY_R5_D0P125_M2P0 GRID=20x2 R=5.000000000e+00 DEPTH=1.250000000e-01 CAP=3.339710639e+00 SOLVER=DEFAULT
024A4R_DIAG=CAPACITY_R5_D0P125_M2P0 STATUS=infeasible GREEN=NO C=nan HEADROOM_B7=nan GAIN_VS_006D=nan RHO_MAX=nan LE_CELLS=nan LF_CELLS=nan CAP_MULT=2
024A4R_SOLVE_BEGIN=CAPACITY_R5_D0P125_M4P0 GRID=20x2 R=5.000000000e+00 DEPTH=1.250000000e-01 CAP=6.679421278e+00 SOLVER=DEFAULT
024A4R_DIAG=CAPACITY_R5_D0P125_M4P0 STATUS=optimal GREEN=YES C=4.285602730087692e+01 HEADROOM_B7=9.852104767995359e+00 GAIN_VS_006D=5.504846759038319e-01 RHO_MAX=6.679421279451956e+00 LE_CELLS=8.094749798e+00 LF_CELLS=4.543075424e+00 CAP_MULT=4
024A4R_SOLVE_BEGIN=CAPACITY_R5_D0P125_M8P0 GRID=20x2 R=5.000000000e+00 DEPTH=1.250000000e-01 CAP=1.335884256e+01 SOLVER=DEFAULT
024A4R_DIAG=CAPACITY_R5_D0P125_M8P0 STATUS=optimal GREEN=YES C=3.432928617915499e+01 HEADROOM_B7=1.229918002678090e+01 GAIN_VS_006D=6.872145892032556e-01 RHO_MAX=1.335884255460066e+01 LE_CELLS=6.786343664e+00 LF_CELLS=3.891682157e+00 CAP_MULT=8
024A4R_SOLVE_BEGIN=CAPACITY_R5_D0P125_M16P0 GRID=20x2 R=5.000000000e+00 DEPTH=1.250000000e-01 CAP=2.671768511e+01 SOLVER=DEFAULT
024A4R_DIAG=CAPACITY_R5_D0P125_M16P0 STATUS=optimal GREEN=YES C=3.296433488787734e+01 HEADROOM_B7=1.280845108340352e+01 GAIN_VS_006D=7.156700227531309e-01 RHO_MAX=2.671768452006325e+01 LE_CELLS=5.231853483e+00 LF_CELLS=3.124645974e+00 CAP_MULT=16
CAPACITY_BISECTION_BRACKET=2.000000000e+00,4.000000000e+00
024A4R_SOLVE_BEGIN=CAPACITY_BISECT_0_3P0 GRID=20x2 R=5.000000000e+00 DEPTH=1.250000000e-01 CAP=5.009565958e+00 SOLVER=DEFAULT
024A4R_DIAG=CAPACITY_BISECT_0_3P0 STATUS=infeasible GREEN=NO C=nan HEADROOM_B7=nan GAIN_VS_006D=nan RHO_MAX=nan LE_CELLS=nan LF_CELLS=nan CAP_MULT=3
024A4R_SOLVE_BEGIN=CAPACITY_BISECT_1_3P5 GRID=20x2 R=5.000000000e+00 DEPTH=1.250000000e-01 CAP=5.844493618e+00 SOLVER=DEFAULT
024A4R_DIAG=CAPACITY_BISECT_1_3P5 STATUS=infeasible GREEN=NO C=nan HEADROOM_B7=nan GAIN_VS_006D=nan RHO_MAX=nan LE_CELLS=nan LF_CELLS=nan CAP_MULT=3.5
024A4R_SOLVE_BEGIN=CAPACITY_BISECT_2_3P75 GRID=20x2 R=5.000000000e+00 DEPTH=1.250000000e-01 CAP=6.261957448e+00 SOLVER=DEFAULT
024A4R_DIAG=CAPACITY_BISECT_2_3P75 STATUS=optimal GREEN=YES C=4.817859302182229e+01 HEADROOM_B7=8.763686202232286e+00 GAIN_VS_006D=4.896694739209858e-01 RHO_MAX=6.261957448355160e+00 LE_CELLS=8.323786062e+00 LF_CELLS=4.732872931e+00 CAP_MULT=3.75
024A4R_SOLVE_BEGIN=CAPACITY_BISECT_3_3P625 GRID=20x2 R=5.000000000e+00 DEPTH=1.250000000e-01 CAP=6.053225533e+00 SOLVER=DEFAULT
024A4R_DIAG=CAPACITY_BISECT_3_3P625 STATUS=infeasible GREEN=NO C=nan HEADROOM_B7=nan GAIN_VS_006D=nan RHO_MAX=nan LE_CELLS=nan LF_CELLS=nan CAP_MULT=3.625
BASE_CAP_R5_THIN_FEASIBLE=NO
DENSITY_CAP_IS_A_FEASIBILITY_OBSTRUCTION=YES
CRITICAL_CAP_MULTIPLIER_LOWER=3.625000000000000e+00
CRITICAL_CAP_MULTIPLIER_UPPER=3.750000000000000e+00

=== D — TRACK C: BASE-CAP STRICT CYLINDRICAL GEOMETRY MATRIX ===
024A4R_SOLVE_BEGIN=BASECAP_R3P353682_D0P125 GRID=12x2 R=3.353681771e+00 DEPTH=1.250000000e-01 CAP=1.669855319e+00 SOLVER=DEFAULT
024A4R_DIAG=BASECAP_R3P353682_D0P125 STATUS=infeasible GREEN=NO C=nan HEADROOM_B7=nan GAIN_VS_006D=nan RHO_MAX=nan LE_CELLS=nan LF_CELLS=nan CAP_MULT=1
024A4R_SOLVE_BEGIN=BASECAP_R3P353682_D0P25 GRID=12x2 R=3.353681771e+00 DEPTH=2.500000000e-01 CAP=1.669855319e+00 SOLVER=DEFAULT
024A4R_DIAG=BASECAP_R3P353682_D0P25 STATUS=infeasible GREEN=NO C=nan HEADROOM_B7=nan GAIN_VS_006D=nan RHO_MAX=nan LE_CELLS=nan LF_CELLS=nan CAP_MULT=1
024A4R_SOLVE_BEGIN=BASECAP_R3P353682_D0P5 GRID=12x3 R=3.353681771e+00 DEPTH=5.000000000e-01 CAP=1.669855319e+00 SOLVER=DEFAULT
024A4R_DIAG=BASECAP_R3P353682_D0P5 STATUS=infeasible GREEN=NO C=nan HEADROOM_B7=nan GAIN_VS_006D=nan RHO_MAX=nan LE_CELLS=nan LF_CELLS=nan CAP_MULT=1
024A4R_SOLVE_BEGIN=BASECAP_R3P353682_D1P0 GRID=12x4 R=3.353681771e+00 DEPTH=1.000000000e+00 CAP=1.669855319e+00 SOLVER=DEFAULT
024A4R_DIAG=BASECAP_R3P353682_D1P0 STATUS=infeasible GREEN=NO C=nan HEADROOM_B7=nan GAIN_VS_006D=nan RHO_MAX=nan LE_CELLS=nan LF_CELLS=nan CAP_MULT=1
024A4R_SOLVE_BEGIN=BASECAP_R4P0_D0P125 GRID=12x2 R=4.000000000e+00 DEPTH=1.250000000e-01 CAP=1.669855319e+00 SOLVER=DEFAULT
024A4R_DIAG=BASECAP_R4P0_D0P125 STATUS=infeasible GREEN=NO C=nan HEADROOM_B7=nan GAIN_VS_006D=nan RHO_MAX=nan LE_CELLS=nan LF_CELLS=nan CAP_MULT=1
024A4R_SOLVE_BEGIN=BASECAP_R4P0_D0P25 GRID=12x2 R=4.000000000e+00 DEPTH=2.500000000e-01 CAP=1.669855319e+00 SOLVER=DEFAULT
024A4R_DIAG=BASECAP_R4P0_D0P25 STATUS=infeasible GREEN=NO C=nan HEADROOM_B7=nan GAIN_VS_006D=nan RHO_MAX=nan LE_CELLS=nan LF_CELLS=nan CAP_MULT=1
024A4R_SOLVE_BEGIN=BASECAP_R4P0_D0P5 GRID=12x3 R=4.000000000e+00 DEPTH=5.000000000e-01 CAP=1.669855319e+00 SOLVER=DEFAULT
024A4R_DIAG=BASECAP_R4P0_D0P5 STATUS=infeasible GREEN=NO C=nan HEADROOM_B7=nan GAIN_VS_006D=nan RHO_MAX=nan LE_CELLS=nan LF_CELLS=nan CAP_MULT=1
024A4R_SOLVE_BEGIN=BASECAP_R4P0_D1P0 GRID=12x4 R=4.000000000e+00 DEPTH=1.000000000e+00 CAP=1.669855319e+00 SOLVER=DEFAULT
024A4R_DIAG=BASECAP_R4P0_D1P0 STATUS=infeasible GREEN=NO C=nan HEADROOM_B7=nan GAIN_VS_006D=nan RHO_MAX=nan LE_CELLS=nan LF_CELLS=nan CAP_MULT=1
024A4R_SOLVE_BEGIN=BASECAP_R4P701437_D0P125 GRID=12x2 R=4.701437405e+00 DEPTH=1.250000000e-01 CAP=1.669855319e+00 SOLVER=DEFAULT
024A4R_DIAG=BASECAP_R4P701437_D0P125 STATUS=infeasible GREEN=NO C=nan HEADROOM_B7=nan GAIN_VS_006D=nan RHO_MAX=nan LE_CELLS=nan LF_CELLS=nan CAP_MULT=1
024A4R_SOLVE_BEGIN=BASECAP_R4P701437_D0P25 GRID=12x2 R=4.701437405e+00 DEPTH=2.500000000e-01 CAP=1.669855319e+00 SOLVER=DEFAULT
024A4R_DIAG=BASECAP_R4P701437_D0P25 STATUS=infeasible GREEN=NO C=nan HEADROOM_B7=nan GAIN_VS_006D=nan RHO_MAX=nan LE_CELLS=nan LF_CELLS=nan CAP_MULT=1
024A4R_SOLVE_BEGIN=BASECAP_R4P701437_D0P5 GRID=12x3 R=4.701437405e+00 DEPTH=5.000000000e-01 CAP=1.669855319e+00 SOLVER=DEFAULT
024A4R_DIAG=BASECAP_R4P701437_D0P5 STATUS=infeasible GREEN=NO C=nan HEADROOM_B7=nan GAIN_VS_006D=nan RHO_MAX=nan LE_CELLS=nan LF_CELLS=nan CAP_MULT=1
024A4R_SOLVE_BEGIN=BASECAP_R4P701437_D1P0 GRID=12x4 R=4.701437405e+00 DEPTH=1.000000000e+00 CAP=1.669855319e+00 SOLVER=DEFAULT
024A4R_DIAG=BASECAP_R4P701437_D1P0 STATUS=infeasible GREEN=NO C=nan HEADROOM_B7=nan GAIN_VS_006D=nan RHO_MAX=nan LE_CELLS=nan LF_CELLS=nan CAP_MULT=1
024A4R_SOLVE_BEGIN=BASECAP_R5P0_D0P125 GRID=12x2 R=5.000000000e+00 DEPTH=1.250000000e-01 CAP=1.669855319e+00 SOLVER=DEFAULT
024A4R_DIAG=BASECAP_R5P0_D0P125 STATUS=infeasible GREEN=NO C=nan HEADROOM_B7=nan GAIN_VS_006D=nan RHO_MAX=nan LE_CELLS=nan LF_CELLS=nan CAP_MULT=1
024A4R_SOLVE_BEGIN=BASECAP_R5P0_D0P25 GRID=12x2 R=5.000000000e+00 DEPTH=2.500000000e-01 CAP=1.669855319e+00 SOLVER=DEFAULT
024A4R_DIAG=BASECAP_R5P0_D0P25 STATUS=infeasible GREEN=NO C=nan HEADROOM_B7=nan GAIN_VS_006D=nan RHO_MAX=nan LE_CELLS=nan LF_CELLS=nan CAP_MULT=1
024A4R_SOLVE_BEGIN=BASECAP_R5P0_D0P5 GRID=12x3 R=5.000000000e+00 DEPTH=5.000000000e-01 CAP=1.669855319e+00 SOLVER=DEFAULT
024A4R_DIAG=BASECAP_R5P0_D0P5 STATUS=infeasible GREEN=NO C=nan HEADROOM_B7=nan GAIN_VS_006D=nan RHO_MAX=nan LE_CELLS=nan LF_CELLS=nan CAP_MULT=1
024A4R_SOLVE_BEGIN=BASECAP_R5P0_D1P0 GRID=12x4 R=5.000000000e+00 DEPTH=1.000000000e+00 CAP=1.669855319e+00 SOLVER=DEFAULT
024A4R_DIAG=BASECAP_R5P0_D1P0 STATUS=infeasible GREEN=NO C=nan HEADROOM_B7=nan GAIN_VS_006D=nan RHO_MAX=nan LE_CELLS=nan LF_CELLS=nan CAP_MULT=1
024A4R_SOLVE_BEGIN=BASECAP_R6P0_D0P125 GRID=12x2 R=6.000000000e+00 DEPTH=1.250000000e-01 CAP=1.669855319e+00 SOLVER=DEFAULT
024A4R_DIAG=BASECAP_R6P0_D0P125 STATUS=infeasible GREEN=NO C=nan HEADROOM_B7=nan GAIN_VS_006D=nan RHO_MAX=nan LE_CELLS=nan LF_CELLS=nan CAP_MULT=1
024A4R_SOLVE_BEGIN=BASECAP_R6P0_D0P25 GRID=12x2 R=6.000000000e+00 DEPTH=2.500000000e-01 CAP=1.669855319e+00 SOLVER=DEFAULT
024A4R_DIAG=BASECAP_R6P0_D0P25 STATUS=infeasible GREEN=NO C=nan HEADROOM_B7=nan GAIN_VS_006D=nan RHO_MAX=nan LE_CELLS=nan LF_CELLS=nan CAP_MULT=1
024A4R_SOLVE_BEGIN=BASECAP_R6P0_D0P5 GRID=12x3 R=6.000000000e+00 DEPTH=5.000000000e-01 CAP=1.669855319e+00 SOLVER=DEFAULT
024A4R_DIAG=BASECAP_R6P0_D0P5 STATUS=infeasible GREEN=NO C=nan HEADROOM_B7=nan GAIN_VS_006D=nan RHO_MAX=nan LE_CELLS=nan LF_CELLS=nan CAP_MULT=1
024A4R_SOLVE_BEGIN=BASECAP_R6P0_D1P0 GRID=12x4 R=6.000000000e+00 DEPTH=1.000000000e+00 CAP=1.669855319e+00 SOLVER=DEFAULT
024A4R_DIAG=BASECAP_R6P0_D1P0 STATUS=optimal GREEN=YES C=6.882797813030228e+01 HEADROOM_B7=6.134454074896336e+00 GAIN_VS_006D=3.427615766162182e-01 RHO_MAX=1.669855319531339e+00 LE_CELLS=7.487453428e+00 LF_CELLS=3.594587466e+00 CAP_MULT=1
BASECAP_BEST_SCOUT_FOUND=YES
BASECAP_BEST_SCOUT_R=6.000000000000000e+00
BASECAP_BEST_SCOUT_DEPTH=1.000000000000000e+00
BASECAP_BEST_SCOUT_C=6.882797813030228e+01
INCREASED_THICKNESS_RESTORES_BASE_CAP_FEASIBILITY=YES

=== E — TRACK D: SELECTED BASE-CAP REFINEMENT ===
024A4R_SOLVE_BEGIN=REFINE_N16_R6P000000_D1P000000 GRID=16x4 R=6.000000000e+00 DEPTH=1.000000000e+00 CAP=1.669855319e+00 SOLVER=DEFAULT
024A4R_DIAG=REFINE_N16_R6P000000_D1P000000 STATUS=optimal GREEN=YES C=4.993542295531682e+01 HEADROOM_B7=8.455361863783976e+00 GAIN_VS_006D=4.724419040239072e-01 RHO_MAX=1.669855320121952e+00 LE_CELLS=9.043863650e+00 LF_CELLS=4.344971677e+00 CAP_MULT=1
024A4R_SOLVE_BEGIN=REFINE_N24_R6P000000_D1P000000 GRID=24x4 R=6.000000000e+00 DEPTH=1.000000000e+00 CAP=1.669855319e+00 SOLVER=DEFAULT
024A4R_DIAG=REFINE_N24_R6P000000_D1P000000 STATUS=optimal GREEN=YES C=3.993001766294550e+01 HEADROOM_B7=1.057405169394966e+01 GAIN_VS_006D=5.908233374297167e-01 RHO_MAX=1.669855323450375e+00 LE_CELLS=1.257823687e+01 LF_CELLS=6.065032084e+00 CAP_MULT=1
024A4R_SOLVE_BEGIN=SELECTED_N12_SCS GRID=12x4 R=6.000000000e+00 DEPTH=1.000000000e+00 CAP=1.669855319e+00 SOLVER=SCS
024A4R_DIAG=SELECTED_N12_SCS STATUS=optimal GREEN=YES C=6.882798897991751e+01 HEADROOM_B7=6.134453107899228e+00 GAIN_VS_006D=3.427615225854195e-01 RHO_MAX=1.669855668445956e+00 LE_CELLS=7.487454673e+00 LF_CELLS=3.594588544e+00 CAP_MULT=1
REFINED_C16=4.993542295531682e+01
REFINED_C24=3.993001766294550e+01
REFINED_CONSERVATIVE_C=4.993542295531682e+01
REFINED_C_RELERR=2.003668878768554e-01
REFINED_N24_MIN_WIDTH_CELLS=6.065032084089470e+00
REFINED_INDEPENDENT_FORCE_RELERR=5.551115129333518e-16
REFINED_INDEPENDENT_FORCE=PASS
REFINED_SCS_RELERR=1.576337676436713e-07
REFINED_SCS_CROSSCHECK=PASS
REFINED_NUMERICAL_CERTIFICATE=FAIL

=== F — CAUSAL DIAGNOSIS ===
RADIAL_SUPPORT_OBSTRUCTION=NO
FROZEN_DENSITY_CAP_OBSTRUCTION=YES
THICKNESS_VOLUME_RESCUE=YES
024A4_INFEASIBILITY_DIAGNOSIS=FROZEN_DENSITY_CAP_PRIMARY

=== G — 024A4R DECISION ===
DIRECT_006B_POSITIVE_CONTROL=PASS
GENERALIZED_006B_POSITIVE_CONTROL=PASS
UNCAPPED_MIN_TESTED_FEASIBLE_R_OVER_H=3.000000000000000e+00
DENSITY_CAP_IS_A_FEASIBILITY_OBSTRUCTION=YES
CRITICAL_CAP_MULTIPLIER_BRACKET=3.625000000000000e+00,3.750000000000000e+00
INCREASED_THICKNESS_RESTORES_BASE_CAP_FEASIBILITY=YES
024A4_INFEASIBILITY_DIAGNOSIS=FROZEN_DENSITY_CAP_PRIMARY
REFINED_NUMERICAL_CERTIFICATE=FAIL
REFINED_CONSERVATIVE_C=4.993542295531682e+01
REFINED_HEADROOM_VS_B7=8.455361863783976e+00
REFINED_GAIN_VS_006D=4.724419040239072e-01
024A4R_STANDOFF_FEASIBILITY_DECOMPOSITION=YELLOW_024A4_INFEASIBILITY_CAUSE_IDENTIFIED_NO_NEW_CERTIFIED_STANDOFF_RECORD
NEXT=RERANK_006D_MICROSCOPIC_REALIZATION_VS_023C_023D_AND_ANALOGUE_ANTIGRAVITY
CURRENT_KNOWLEDGE_HEURISTIC=APPROXIMATELY_70_TO_71_PERCENT_NOT_A_PROBABILITY
PRACTICAL_ANTIGRAVITY_DEVICE=NO
NEW_PHYSICS_DISCOVERY=NO
CLAIM_CLASSIFICATION=PROJECT_DERIVED_024A4R_STANDOFF_FEASIBILITY_DECOMPOSITION
SUMMARY_JSON=results/data/024a4r_standoff_feasibility_decomposition_summary.json
CASES_CSV=results/data/024a4r_standoff_feasibility_cases.csv
BEST_ARRAYS_NPZ=results/data/024a4r_best_standoff_source_arrays.npz
024A4R_RUN_COMPLETE=YES
