=== 024A1R — ORIENTATION-CRITERION REPAIR ===
PAYLOAD_CENTER_RADIUS=3.870161274564900e-01
PAYLOAD_RADIUS=1.675735743205162e-02
DIRECTION_NORM_MAX_ERROR=2.220446049250313e-16

=== A — ANALYTIC POINT-PAYLOAD ORIENTATION AVERAGE ===
POINT_PAYLOAD_AVG_KERNEL_R_LT_H=-1_OVER_H_SQUARED
POINT_PAYLOAD_AVG_KERNEL_R_GT_H=ZERO
NONNEGATIVE_ADDED_ACTIVE_SOURCE_ALL_ORIENTATION_POSITIVE_INCREMENT=IMPOSSIBLE_POINT_PAYLOAD
FINITE_PAYLOAD_AVG_KERNEL_SCALED_MIN=-9.999999999999998e-01
FINITE_PAYLOAD_AVG_KERNEL_SCALED_MAX=-8.145757335782173e-14
FINITE_PAYLOAD_ORIENTATION_AVERAGE_NONPOSITIVE_NUMERIC=PASS
POINT_PAYLOAD_THEOREM_MAX_SCALED_ABSERR=8.570796750914545e-12
POINT_PAYLOAD_THEOREM_NUMERIC_CHECK=PASS

=== B — SAVED 024A1 AXIS REINTERPRETATION ===

--- EXACT_HIGH ---
EXACT_HIGH_MEAN_L6=-6.019287202530425e-03
EXACT_HIGH_MIN_G6=-3.481843604832852e+01
EXACT_HIGH_MEDIAN_G6=7.376195563030756e-02
EXACT_HIGH_MAX_G6=1.128222753402486e+00
EXACT_HIGH_FRACTION_G6_GT_1=5.937500000000000e-02
EXACT_HIGH_CORR_A0_L6=9.998406918509497e-01
EXACT_HIGH_CORR_A0_G6=7.757845566388950e-01
EXACT_HIGH_TRUSTED_AXIS_G6=-2.111647434610753e+01
EXACT_HIGH_BASELINE_MAX_AXIS_G6=1.122938965087550e+00
EXACT_HIGH_BASELINE_MIN_AXIS_G6=-3.481843604832852e+01
EXACT_HIGH_SEXTIC_SELECTED_MAX_G6=1.128222753402486e+00
EXACT_HIGH_SEXTIC_SELECTED_MAX_G6_BASELINE_FRACTION_OF_MAX=9.991480512702933e-01
EXACT_HIGH_TOP10_BASELINE_FRACTION_G6_GT_1=5.937500000000000e-01
EXACT_HIGH_TOP25_BASELINE_FRACTION_G6_GT_1=2.375000000000000e-01
EXACT_HIGH_FIXED_ORIENTATION_CLASSIFICATION=YELLOW_ONE_NON_SEXTIC_SELECTED_AXIS

--- N65 ---
N65_MEAN_L6=-1.326467966723848e-02
N65_MIN_G6=-1.205079605268702e+02
N65_MEDIAN_G6=-3.300024378576076e-01
N65_MAX_G6=2.843180017666509e+00
N65_FRACTION_G6_GT_1=6.875000000000001e-02
N65_CORR_A0_L6=9.117479741541874e-01
N65_CORR_A0_G6=5.809775397597646e-01
N65_TRUSTED_AXIS_G6=-1.205079605268702e+02
N65_BASELINE_MAX_AXIS_G6=2.142954955629833e+00
N65_BASELINE_MIN_AXIS_G6=-1.205079605268702e+02
N65_SEXTIC_SELECTED_MAX_G6=2.843180017666509e+00
N65_SEXTIC_SELECTED_MAX_G6_BASELINE_FRACTION_OF_MAX=9.652704887563749e-01
N65_TOP10_BASELINE_FRACTION_G6_GT_1=6.250000000000000e-01
N65_TOP25_BASELINE_FRACTION_G6_GT_1=2.750000000000000e-01
N65_FIXED_ORIENTATION_CLASSIFICATION=YELLOW_ONE_NON_SEXTIC_SELECTED_AXIS

=== C — AXIS DETAILS ===
EXACT_HIGH TRUSTED_INT15_AXIS INDEX=17 A0=2.869440892473e+01 L6=-8.311849357240e-02 G6=-2.111647434611e+01 IMPROVES=NO
EXACT_HIGH BASELINE_MAX_AXIS INDEX=251 A0=3.227106682497e+02 L6=4.971053597176e-02 G6=1.122938965088e+00 IMPROVES=YES
EXACT_HIGH BASELINE_MIN_AXIS INDEX=156 A0=1.837348697935e+01 L6=-8.775660570635e-02 G6=-3.481843604833e+01 IMPROVES=NO
EXACT_HIGH SEXTIC_MAX_GAIN_AXIS_EXPLORATORY INDEX=216 A0=3.224357353058e+02 L6=4.990188989929e-02 G6=1.128222753402e+00 IMPROVES=YES
N65 TRUSTED_INT15_AXIS INDEX=17 A0=5.601853299486e+00 L6=-9.480063228267e-02 G6=-1.205079605269e+02 IMPROVES=NO
N65 BASELINE_MAX_AXIS INDEX=238 A0=3.701310482024e+02 L6=1.113864404465e-01 G6=2.142954955630e+00 IMPROVES=YES
N65 BASELINE_MIN_AXIS INDEX=17 A0=5.601853299486e+00 L6=-9.480063228267e-02 G6=-1.205079605269e+02 IMPROVES=NO
N65 SEXTIC_MAX_GAIN_AXIS_EXPLORATORY INDEX=161 A0=3.572765778022e+02 L6=1.426502936508e-01 G6=2.843180017667e+00 IMPROVES=YES

=== D — 024A1R CORRECTED DECISION ===
024A1_WORST_DIRECTION_FIXED_FIELD_DETERIORATION=RETAINED
ALL_320_ADDITIVE_IMPROVEMENT_AS_POSITIVE_SECTOR_PROMOTION_GATE=RETIRED_STRUCTURALLY_OVER_STRONG
POINT_PAYLOAD_ORIENTATION_AVERAGE_THEOREM=PASS
FINITE_PAYLOAD_ORIENTATION_AVERAGE_NONPOSITIVE=PASS
024A1R_ORIENTATION_CRITERION_REPAIR=GREEN_ORIENTATION_LOCKED_SIGNAL_IN_BOTH_REFERENCES
NEXT=024A2_ORIENTATION_LOCKED_DIELECTRIC_SEXTIC_REDUCED_PREFILTER
LARGE_GENERALIZED_3D_PDE_SCAN_AUTHORIZED=NO
GENERALIZED_L2_L4_L6_V_CONSTITUTIVE_PREFLIGHT=RETAINED
CURRENT_KNOWLEDGE_HEURISTIC=APPROXIMATELY_70_TO_71_PERCENT_NOT_A_PROBABILITY
PRACTICAL_ANTIGRAVITY_DEVICE=NO
NEW_PHYSICS_DISCOVERY=NO
CLAIM_CLASSIFICATION=PROJECT_DERIVED_024A1R_ORIENTATION_CRITERION_REPAIR
SUMMARY_JSON=results/data/024a1r_orientation_criterion_repair_summary.json
AXIS_CSV=results/data/024a1r_orientation_axis_metrics.csv
024A1R_RUN_COMPLETE=YES
