=== 024B3 FREE OUTWARD ANNULAR WALL PULSE GATE ===
C_006D=23.591586299248998

=== PRIMARY LOW-DISCREPANCY SCAN ===
ANNULAR_REQUESTED_CASES=16384
ANNULAR_CLOSED_BEFORE_TURN_CASES=12301
ANNULAR_OUTER_TURN_BEFORE_CLOSURE_CASES=4077
ANNULAR_INVALID_MONOTONIC_CASES=6
ANNULAR_CLOSED_POSITIVE_ETA_CASES=0
ANNULAR_CLOSED_POSITIVE_INSTANTANEOUS_CASES=0
ANNULAR_CLOSED_GE10_POSITIVE_CASES=0
ANNULAR_MAX_ENERGY_CONSERVATION_REL=7.450e-15

=== CLOSEST-TO-ZERO CASES ===
ANNULAR_BEST_ETA=-5.954875290387008e-07
ANNULAR_BEST_ETA_MAX_OUTWARD=-2.850431839966818e-03
ANNULAR_BEST_INSTANTANEOUS=-1.133201559351798e-05
ANNULAR_BEST_INSTANTANEOUS_ETA=-5.937604536421673e-06

=== INDEPENDENT DIRECT-ODE AUDIT ===
REFINEMENT_PASS=YES
REFINED_BEST_ETA=-5.909631324842202e-07
REFINED_BEST_ETA_MAX_OUTWARD=-2.850441382647561e-03
REFINED_BEST_INSTANTANEOUS=-1.133238656041566e-05
REFINED_BEST_INSTANTANEOUS_ETA=-5.916103967884128e-06

=== BLIND WILDCARD X0 CHECK ===
WILDCARD_X=0.625000 ETA=-3.702368960919e-02 MAX_OUTWARD=-2.169053096227e-01
WILDCARD_X=1.600000 ETA=-2.225388520206e-02 MAX_OUTWARD=-3.278129800358e-01
WILDCARD_X=1.875000 ETA=-1.816128234534e-02 MAX_OUTWARD=-3.126710400769e-01
WILDCARD_X=3.125000 ETA=-8.132402581568e-03 MAX_OUTWARD=-2.319717542925e-01
WILDCARD_X=5.000000 ETA=-3.450860169985e-03 MAX_OUTWARD=-1.570906961576e-01
WILDCARDS_ARE_PHYSICS_PRIORS=NO

=== 024B3 DECISION ===
FREE_OUTWARD_ANNULAR_WALL_PULSE=RED_IN_TESTED_NAMBU_GOTO_CLASS
PURE_GR_DOMAIN_WALL_PULSE_FAMILY=PAUSE_CURRENT_PURE_GR_DOMAIN_WALL_PULSE_FAMILY
PULSE_MICROSCOPIC_PDE_AUTHORIZED=NO
STATIC_006D=KEEP_AS_STRONGEST_TRUE_STANDOFF_SOURCE
STATIC_023C=KEEP_AS_ACTUAL_FIELD_FALLBACK
ANALOGUE_ANTIGRAVITY=PRIMARY_RERANK_CANDIDATE_IN_TANDEM
NEXT=RERANK_006D_MICROSCOPIC_REALIZATION_VS_023C_023D_AND_ANALOGUE_ANTIGRAVITY
CURRENT_KNOWLEDGE_HEURISTIC=70_TO_71_PERCENT_RETAINED
PRACTICAL_ANTIGRAVITY_DEVICE=NO
SUMMARY_JSON=results/data/024b3_free_outward_annular_wall_pulse_summary.json
SCAN_CSV=results/data/024b3_free_outward_annular_wall_pulse_scan.csv
024B3_RUN_COMPLETE=YES
