=== 024B2 STATIONARY LOCAL-RIM SUPPORT NO-GO ===
C_006D=23.591586299248998
C_006B=23.426710175391001

=== LOCAL SUPPORT IDENTITY ===
STATIONARY_RING_BALANCE=P_LINE_EQUALS_SIGMA_R
DEC_REQUIRES=E_LINE_GE_ABS_P_LINE
MINIMUM_DEC_SUPPORT=E_LINE_EQUALS_P_LINE_EQUALS_SIGMA_R
MINIMUM_DEC_ACTIVE_LINE=2_SIGMA_R

=== 005B CROSS-ERA RECONSTRUCTION ===
SUPPORTED_DISK_X_OPT_INDEPENDENT=4.006149705631294
SUPPORTED_DISK_C_INDEPENDENT=79.753148116012227
SUPPORTED_DISK_X_OPT_PROJECT_LIBRARY=4.006149705482506
SUPPORTED_DISK_C_PROJECT_LIBRARY=79.753148116012284
SUPPORTED_DISK_MATCHES_005B=YES
SUPPORTED_DISK_C_OVER_006D=3.380575901272
LOCAL_STATIONARY_SUPPORTED_DISK_BEATS_006D=NO

=== 024B1 HELD-RIM PHYSICALIZATION ===
HELD_CASES=8405
HELD_SAME_ENERGY_DEC_PASS_CASES=0
HELD_MINIMUM_DEC_SUPPORT_INITIAL_OUTWARD_CASES=0
HELD_MINIMUM_DEC_SUPPORT_BEATS_006D_CASES=0
HELD_MINIMUM_DEC_SUPPORT_GE10X_CASES=0
HELD_MINIMUM_DEC_SUPPORT_POSITIVE_STAGE_IMPULSE_CASES=0
HELD_MINIMUM_REQUIRED_P_OVER_OLD_E=3.333333333333
HELD_MAXIMUM_REQUIRED_P_OVER_OLD_E=333.333333333333
HELD_MAX_CORRECTED_ETA=-0.238710313748549

=== FIXED 024B1 REFERENCE ===
REFERENCE_OLD_C=1.927342518006262
REFERENCE_OLD_ETA=0.243267740318441
REFERENCE_REQUIRED_P_OVER_OLD_E=5.555555555555555
REFERENCE_OUTER_ENERGY_MULTIPLIER=5.555555555555555
REFERENCE_MINIMUM_SUPPORT_ACTIVE_OVER_OLD_OUTER_E=11.111111111111111
REFERENCE_WALL_OUTWARD=+1.008714873793658
REFERENCE_MINIMUM_SUPPORT_INWARD=+3.217185344134147
REFERENCE_CORRECTED_INITIAL_OUTWARD=-2.208470470340489
REFERENCE_CORRECTED_ETA=-0.753550898402837
REFERENCE_PHYSICAL_LOCAL_SUPPORT_SIGN=INWARD

=== OPTIMISTIC ANNULAR-HOLE CHECK ===
ANNULAR_BEST_C=79.753234461190630
ANNULAR_BEST_X=4.008750000000000
ANNULAR_BEST_Y_OVER_X=0.000000000000000
ANNULAR_BEST_NONZERO_HOLE_C=79.962896808680256
ANNULAR_HOLE_BEATS_005B=NO
INNER_HOLE_STRING_ENERGY_IN_ANNULAR_BOUND=OMITTED_OPTIMISTICALLY

=== 024B2 DECISION ===
024B1_HELD_RIM_TARGET=RELAXED_ONLY
SAME_ENERGY_LOCAL_STATIONARY_SUPPORT=RED_DEC
LOCAL_STATIONARY_RIM_LOW_ACTIVE_SUPPORT=RED
GENERIC_VORTON_NO_GO=NO
PULSE_BRANCH=RED_LOCAL_STATIONARY_RIM_SUPPORT
NEXT_PULSE=024B3_OUTWARD_PROPAGATING_OR_REMOTE_SUPPORT_STRESS_FULL_CYCLE_PREFILTER
NEXT_STATIC=KEEP_006D_DISTRIBUTED_STRESS_TRANSFER_AS_STATIC_DESIGN_ANCHOR_AND_CONTINUE_GENUINELY_NEW_MICROSCOPIC_RERANK
ANALOGUE_ANTIGRAVITY=ACTIVE_IN_TANDEM
PRACTICAL_ANTIGRAVITY_DEVICE=NO
SUMMARY_JSON=results/data/024b2_stationary_rim_support_no_go_summary.json
SCAN_CSV=results/data/024b2_stationary_rim_support_corrected_scan.csv
024B2_RUN_COMPLETE=YES
