=== 024B SPATIOTEMPORAL VIRIAL / KERNEL RECTIFICATION RERANK ===
C_006D=23.591586299248998
C_B7=422.222070908308979
B7_TO_006D_HEADROOM=17.897146277177
STATIC_006D_ANCHOR=PASS

=== DYNAMIC CONSERVATION IDENTITY ===
VIRIAL_IDENTITY=I_DDOT_EQUALS_2_INTEGRAL_TII
TWO_PHASE_CYCLE_Q_OVER_E=0.000000000000e+00
TWO_PHASE_CYCLE_GLOBAL_ACTIVE_OVER_E=1.000000000000
CLOSED_CYCLE_REQUIRES_COMPENSATING_STRESS=YES
CANONICAL_SCALAR_ACTIVE_IDENTITY=S_EQUALS_2_PHIDOT2_MINUS_2V

=== EXACT Q-WALL CONSTITUTIVE AUDIT ===
QWALL_E_NUMERIC=2.400000000000000
QWALL_ACTIVE_NUMERIC=0.266666666666667
QWALL_ACTIVE_OVER_E=0.111111111111111
QWALL_GROSS_ACTIVE_POSITIVE=0.633333333422396
QWALL_GROSS_ACTIVE_NEGATIVE=-0.366666666755730
QWALL_DEC_VIOLATION=0.000e+00
QWALL_LARGE_Q_ACTIVE_OVER_E_INFERENCE=0.000000000000
QWALL_DIRECT_STANDOFF_REPULSION=NO
QWALL_LONG_LIFETIME_DOES_NOT_FIX_ACTIVE_SIGN=YES

=== TOPOLOGICAL DOMAIN-WALL COLLAPSE PULSE PREFILTER ===
WALL_THROUGHPUT_X_OPT=1.272019649514069
WALL_C_AT_X_OPT=2.118033988749895
WALL_C_OVER_X_OPT=1.665095338392781
WALL_PEAK_GAIN_VS_006D=11.138436127351
WALL_SOURCE_LEVEL_GE10X_VS_006D=YES
WALL_FINITE_BOUNDARY_SUPPORT_INCLUDED=NO
WALL_CLASSIFICATION=TRANSIENT_COLLAPSE_PREFILTER_ONLY

=== RELAXED SPATIOTEMPORAL RECTIFIER ===
RECTIFIER_OUTWARD_THRESHOLD_DELTA=0.414213562373095
RECTIFIER_DELTA1_C=2.000000000000000
RECTIFIER_DELTA1_GAIN_VS_006D=11.795793149624
RECTIFIER_GLOBAL_VIRIAL_CLOSED=YES
RECTIFIER_LOCAL_CONSERVATION_SOLVED=NO
RECTIFIER_TRANSPORT_T0I_INCLUDED=NO
RECTIFIER_RETARDED_GRAVITY_INCLUDED=NO
RECTIFIER_FIELD_SOLUTION=NO

=== ABSOLUTE ENERGY / LOSS LEDGER ===
COEFFICIENT_ONE_E_1G_1M_J=1.320554586033e+28
E_006D_1G_1M_J=3.115397747926e+29
E_WALL_OPT_1G_1M_J=2.796979497217e+28
WALL_OPT_TAU_1M_XI1_S=4.243000834644e-09
WALL_OPT_DELTA_V_PER_1G_PULSE=4.160962413506e-08
WALL_OPT_P_LOSS_1G_1M_ELL1_W=6.591984320106e+36
ELL_REQUIRED_1MW_1G_1M=1.516993899621e-31
ELL_REQUIRED_1GW_1G_1M=1.516993899621e-28
ELL_REQUIRED_1MW_1G_1CM=1.516993899621e-29
PULSE_REMOVES_1_OVER_G_SCALING=NO

=== 024B DECISION ===
QWALL_DIRECT_ROUTE=RED
TOPOLOGICAL_COLLAPSING_WALL_PULSE=YELLOW_PROMOTE_ONE_FOCUSED_DYNAMIC_FIELD_GATE
PULSE_FULL_CYCLE_CONSERVED_FIELD_SOLUTION=NO
STATIC_006D=KEEP_AS_STRONGEST_CERTIFIED_TRUE_STANDOFF_SOURCE
STATIC_023C=KEEP_AS_ACTUAL_FIELD_PROOF_STACK_FALLBACK
ANALOGUE_ANTIGRAVITY_RERANK=ACTIVATE_IN_TANDEM
NEXT_PULSE=024B1_CONSERVED_AXISYMMETRIC_STRING_BOUNDED_DOMAIN_WALL_COLLAPSE_WITH_RETARDED_LINEARIZED_GR
NEXT_STATIC=RERANK_ONLY_GENUINELY_NEW_006D_MICROSCOPIC_REALIZATION_ARCHITECTURES
PRACTICAL_ANTIGRAVITY_DEVICE=NO
SUMMARY_JSON=results/data/024b_spatiotemporal_virial_kernel_rectification_summary.json
SCAN_CSV=results/data/024b_spatiotemporal_virial_kernel_rectification_scan.csv
024B_RUN_COMPLETE=YES
