=== 024B1 DIRECTIONAL WALL RESET / SUPPORT GATE ===
C_006D=23.591586299248998
STATIC_006D_ANCHOR=PASS

=== RETARDED FULL-CYCLE IMPULSE IDENTITY ===
RETARDATION_CHANGES_WAVEFORM_NOT_COMPLETE_IMPULSE=YES
AXIAL_T0Z_FOR_IN_PLANE_AXISYMMETRIC_DEFECT=ZERO
FORMATION_RESET_STILL_MANDATORY=YES

=== NATURAL OUTER-EDGE COLLAPSE ===
COLLAPSE_ULTRA_ETA_EXACT_XOPT=-0.971736543513291
COLLAPSE_ULTRA_ETA_NUMERIC_XOPT=-0.971736576486089
COLLAPSE_ULTRA_IMPULSE_NEGATIVE_FOR_ALL_X_POSITIVE=YES
COLLAPSE_DENSE_CASES=2601
COLLAPSE_POSITIVE_ETA_CASES=0
COLLAPSE_GE10_CASES=1539
COLLAPSE_GE10_POSITIVE_ETA_CASES=0
COLLAPSE_XOPT_LAM1E5_C=2.118055169089783
COLLAPSE_XOPT_LAM1E5_GAIN=11.138324744103
COLLAPSE_XOPT_LAM1E5_ETA=-0.971739549262420
COLLAPSE_XOPT_LAM1E5_FINAL_STRING_ACTIVE_OVER_E=2.000000000000000
COLLAPSE_XOPT_LAM1E5_DV_1G_1M_M_PER_S=-6.732666761988e-08
NATURAL_INWARD_COLLAPSE=RED

=== HELD-RIM CENTER-OUT HOLE ===
HELD_HOLE_DENSE_CASES=8405
HELD_HOLE_POSITIVE_ETA_CASES=8405
HELD_HOLE_GE10_POSITIVE_ETA_CASES=4545
HELD_HOLE_GE10_SUPPORT20_POSITIVE_ETA_CASES=3457
HELD_REFERENCE_X=0.666666666666667
HELD_REFERENCE_Q=0.180000000000000
HELD_REFERENCE_KAPPA=1.020000000000000
HELD_REFERENCE_C=1.927342518006262
HELD_REFERENCE_GAIN=12.240474165253
HELD_REFERENCE_ETA=0.243267740318441
HELD_REFERENCE_EXTRA_INERT_SUPPORT_MARGIN_FOR_10X=0.224047416525
HELD_REFERENCE_CHI_MAX_GAIN10=0.637663461655
HELD_REFERENCE_CHI_MAX_POSITIVE_RESET=1.434413717294
HELD_REFERENCE_DV_1G_1M_M_PER_S=1.533710518041e-08
HELD_OUTER_RIM_PHYSICAL_STABILIZATION_INCLUDED=NO
HELD_RIM_OUTWARD_HOLE=YELLOW_SUPPORT_DEPENDENT_TARGET

=== FREE TWO-BOUNDARY ANNULUS ===
FREE_REFERENCE_C=1.927342518006263
FREE_REFERENCE_GAIN=12.240474165253
FREE_REFERENCE_ETA=-0.306011723962545
FREE_REFERENCE_TAU_MEET=0.551119672567876
FREE_ANNULUS_COARSE_CASES=675
FREE_ANNULUS_POSITIVE_ETA_CASES=0
FREE_ANNULUS_GE10_POSITIVE_ETA_CASES=0
FREE_TWO_BOUNDARY_HOLE_ANNIHILATION=RED_IN_TESTED_CLASS

=== 024B1 DECISION ===
PULSE_BRANCH=YELLOW_HELD_RIM_TARGET_ONLY
PULSE_EFFECTIVE_FIELD_PROMOTION=NO
NEXT_PULSE=024B2_LOW_ACTIVE_STABILIZED_RIM_EOS_AND_TRANSIENT_STABILITY_INTERSECTION
NEXT_STATIC=CONTINUE_GENUINELY_NEW_006D_MICROSCOPIC_REALIZATION_RERANK_IN_PARALLEL
PRACTICAL_ANTIGRAVITY_DEVICE=NO
SUMMARY_JSON=results/data/024b1_directional_wall_reset_support_summary.json
SCAN_CSV=results/data/024b1_directional_wall_reset_support_scan.csv
024B1_RUN_COMPLETE=YES
