=== 024C TEACHER-GUIDED PLANAR STRESS LENS ===

=== A — FIXED ANCHORS ===
C_006D=23.591586299248998
C_006B_THIN=23.426710175391001
B7_C=422.222070908308751
PAYLOAD_RADIUS_OVER_H=0.043298860805059
PRIMARY_WORKING_APERTURE_OVER_H=0.500000000000000
RAW_TEACHER_C_DIAGNOSTIC=2.450446248126442e-02
RAW_TEACHER_USED_AS_CERTIFIED_SOURCE=NO
SOURCE_STRICTLY_Z_LE_ZERO=YES
PLANAR_PERFECT_STATIC_CONFINEMENT_CLAIM=NO

=== B — INHERITED SOLVER POSITIVE CONTROL ===
RECOVERY_006B_C=3.295475466695211e+01
RECOVERY_006B_EXPECTED=3.295475466694425e+01
RECOVERY_006B_RELERR=2.384664288029891e-13
RECOVERY_006B=PASS

=== C — PHYSICAL PLANAR-STRESS-LENS GEOMETRY SCOUT ===
024C_SOLVE_BEGIN=024C_PHYSICAL_00_R2P500_D0P250 GRID=10x6 R=2.500000 D=0.250000
024C_CASE=024C_PHYSICAL_00_R2P500_D0P250 C=nan A=+nan GREEN=NO DEC=nan CONS=nan CANCEL=nan
024C_SOLVE_BEGIN=024C_PHYSICAL_01_R2P500_D0P625 GRID=10x6 R=2.500000 D=0.625000
024C_CASE=024C_PHYSICAL_01_R2P500_D0P625 C=nan A=+nan GREEN=NO DEC=nan CONS=nan CANCEL=nan
024C_SOLVE_BEGIN=024C_PHYSICAL_02_R3P125_D0P250 GRID=10x6 R=3.125000 D=0.250000
024C_CASE=024C_PHYSICAL_02_R3P125_D0P250 C=8.065050279626e+01 A=+1.000000000463e+00 GREEN=YES DEC=9.147e-10 CONS=1.097e-12 CANCEL=nan
024C_SOLVE_BEGIN=024C_PHYSICAL_03_R3P125_D0P625 GRID=10x6 R=3.125000 D=0.625000
024C_CASE=024C_PHYSICAL_03_R3P125_D0P625 C=9.211338387176e+01 A=+9.999999976769e-01 GREEN=YES DEC=1.463e-08 CONS=5.028e-15 CANCEL=nan
024C_SOLVE_BEGIN=024C_PHYSICAL_04_R3P125_D1P000 GRID=10x6 R=3.125000 D=1.000000
024C_CASE=024C_PHYSICAL_04_R3P125_D1P000 C=8.435682865129e+01 A=+9.999999992460e-01 GREEN=YES DEC=4.256e-09 CONS=1.262e-12 CANCEL=nan
024C_SOLVE_BEGIN=024C_PHYSICAL_05_R4P000_D0P250 GRID=10x6 R=4.000000 D=0.250000
024C_CASE=024C_PHYSICAL_05_R4P000_D0P250 C=5.578810301203e+01 A=+1.000000001143e+00 GREEN=YES DEC=2.029e-08 CONS=1.167e-12 CANCEL=nan
024C_SOLVE_BEGIN=024C_PHYSICAL_06_R4P000_D0P625 GRID=10x6 R=4.000000 D=0.625000
024C_CASE=024C_PHYSICAL_06_R4P000_D0P625 C=5.985717900485e+01 A=+9.999999997601e-01 GREEN=YES DEC=1.554e-09 CONS=3.697e-12 CANCEL=nan
024C_SOLVE_BEGIN=024C_PHYSICAL_07_R4P000_D1P000 GRID=10x6 R=4.000000 D=1.000000
024C_CASE=024C_PHYSICAL_07_R4P000_D1P000 C=5.346668914191e+01 A=+9.999999996985e-01 GREEN=YES DEC=1.449e-09 CONS=6.769e-13 CANCEL=nan
024C_SOLVE_BEGIN=024C_PHYSICAL_08_R4P000_D1P250 GRID=10x6 R=4.000000 D=1.250000
024C_CASE=024C_PHYSICAL_08_R4P000_D1P250 C=5.153374273348e+01 A=+9.999999989534e-01 GREEN=YES DEC=7.534e-09 CONS=1.140e-13 CANCEL=nan
024C_SOLVE_BEGIN=024C_PHYSICAL_09_R5P000_D0P625 GRID=10x6 R=5.000000 D=0.625000
024C_CASE=024C_PHYSICAL_09_R5P000_D0P625 C=6.314063256905e+01 A=+1.000000000000e+00 GREEN=YES DEC=2.194e-09 CONS=4.921e-13 CANCEL=nan
024C_SOLVE_BEGIN=024C_PHYSICAL_10_R5P000_D1P250 GRID=10x6 R=5.000000 D=1.250000
024C_CASE=024C_PHYSICAL_10_R5P000_D1P250 C=5.213872470659e+01 A=+9.999999983752e-01 GREEN=YES DEC=1.259e-08 CONS=9.620e-14 CANCEL=nan

=== D — BLIND WILDCARD DIAGNOSTICS ===
024C_WILDCARD_BEGIN=024C_WILDCARD_00_R1P875_D0P625 R=1.875000 D=0.625000
024C_CASE=024C_WILDCARD_00_R1P875_D0P625 C=nan A=+nan GREEN=NO DEC=nan CONS=nan CANCEL=nan
024C_WILDCARD_BEGIN=024C_WILDCARD_01_R3P125_D1P600 R=3.125000 D=1.600000
024C_CASE=024C_WILDCARD_01_R3P125_D1P600 C=8.878306580634e+01 A=+9.999999995926e-01 GREEN=YES DEC=2.205e-09 CONS=3.655e-13 CANCEL=nan
024C_WILDCARD_BEGIN=024C_WILDCARD_02_R5P000_D0P625 R=5.000000 D=0.625000
024C_CASE=024C_WILDCARD_02_R5P000_D0P625 C=6.314063256905e+01 A=+1.000000000000e+00 GREEN=YES DEC=2.194e-09 CONS=4.921e-13 CANCEL=nan
WILDCARDS_ARE_PHYSICS_PRIORS=NO

=== E — SELECTED PHYSICAL GEOMETRY ===
SELECTED_R_OVER_H=4.000000000000000
SELECTED_DEPTH_OVER_H=1.250000000000000
SELECTED_COARSE_C=5.153374273347752e+01
BEST_WILDCARD_C_DIAGNOSTIC=6.314063256905328e+01
BEST_WILDCARD_USED_FOR_PROMOTION=NO

=== F — SELECTED GEOMETRY REFINEMENT ===
024C_REFINEMENT_BEGIN=MEDIUM GRID=14x8
024C_CASE=MEDIUM C=3.832239108713e+01 A=+1.000000001484e+00 GREEN=YES DEC=3.926e-09 CONS=3.990e-14 CANCEL=nan
024C_REFINEMENT_BEGIN=HIGH GRID=18x10
024C_CASE=HIGH C=3.383325208417e+01 A=+1.000000000857e+00 GREEN=YES DEC=1.803e-08 CONS=1.396e-13 CANCEL=nan
REFINEMENT_C_MEDIUM=3.832239108713473e+01
REFINEMENT_C_HIGH=3.383325208416871e+01
REFINEMENT_C_CONSERVATIVE=3.832239108713473e+01
REFINEMENT_C_REL_DIFF=1.171414119948553e-01
HIGH_MIN_PARTICIPATION_WIDTH_CELLS=4.434601432006344e+00
IMPROVEMENT_VS_006D=6.156084114273591e-01
HEADROOM_VS_B7=1.101763378877613e+01

=== G — INDEPENDENT PLANAR VECTOR-FORCE AUDIT ===
INDEPENDENT_DISK_ACCELERATION=+1.000000000916138e+00
BASE_DISK_ACCELERATION=+1.000000000856818e+00
INDEPENDENT_FORCE_RELERR=5.932032637440112e-11
INDEPENDENT_FORCE_RECONSTRUCTION=PASS
PLANAR_SENTINEL_R=0.000000 AZ=+1.060986829626e+00 AR=-4.167978586907e-17
PLANAR_SENTINEL_R=0.062500 AZ=+1.059112832320e+00 AR=+6.783141227165e-02
PLANAR_SENTINEL_R=0.125000 AZ=+1.053481496109e+00 AR=+1.356216911958e-01
PLANAR_SENTINEL_R=0.187500 AZ=+1.044064901223e+00 AR=+2.033267537728e-01
PLANAR_SENTINEL_R=0.250000 AZ=+1.030816898448e+00 AR=+2.708965864203e-01
PLANAR_SENTINEL_R=0.312500 AZ=+1.013673708568e+00 AR=+3.382722023706e-01
PLANAR_SENTINEL_R=0.375000 AZ=+9.925548108180e-01 AR=+4.053825091711e-01
PLANAR_SENTINEL_R=0.437500 AZ=+9.673641730078e-01 AR=+4.721410623474e-01
PLANAR_SENTINEL_R=0.500000 AZ=+9.379918954574e-01 AR=+5.384426889310e-01
PLANAR_MIN_AXIAL=+9.379918954573712e-01
PLANAR_MAX_AXIAL=+1.060986829626245e+00
PLANAR_FLATNESS=1.208459237806390e-01
PLANAR_EDGE_TO_CENTER=8.840749661216798e-01
PLANAR_MAX_TRANSVERSE_FRACTION=5.740376772322424e-01
PLANAR_ALL_SENTINELS_OUTWARD=YES
PLANAR_WORKING_REGION_GATE=FAIL
FRONT_TO_BACK_ABS_RESPONSE_RATIO=1.365355041851068e+00
AXIAL_RESPONSE_AT_Z1P5_OVER_WORKING=1.543320972249098e-01

=== H — DISCOVERED STRESS ANATOMY ===
ANATOMY_A_RHO=-3.177780497219144e+00
ANATOMY_A_STRESS=+4.177780498135282e+00
ANATOMY_STRESS_FRACTION=+4.177780494307857e+00
ANATOMY_CANCELLATION=3.430057320675881e+00
ANATOMY_FORCE_WEIGHTED_MEDIAN_S_OVER_E=-1.000000002651236e+00
ANATOMY_MAX_DEC_SATURATION=1.216452402975686e+00
ANATOMY_F90_ENERGY_FRACTION=2.160816272674391e-01
ANATOMY_F90_R_MEAN_OVER_H=9.559906868266159e-01
ANATOMY_F90_Z_MEAN_OVER_H=-6.250003603417478e-02

=== I — BURIED STRESS-RETURN MECHANISM AUDIT ===
SAME_R_SHALLOW_DEPTH=2.500000000000000e-01
SAME_R_SHALLOW_C=5.578810301203331e+01
VERTICAL_ROUTING_GAIN_COARSE=1.082554847618162e+00
BURIED_STRESS_RETURN_HELPED_COARSE=YES

=== J — WORKING-PLANE APERTURE SENSITIVITY ===
APERTURE=0.25 A=+1.045934831018e+00 FLATNESS=2.872438662e-02 TRANSVERSE=2.627979681e-01 ALL_OUTWARD=YES
APERTURE=0.50 A=+1.000000000916e+00 FLATNESS=1.208459238e-01 TRANSVERSE=5.740376772e-01 ALL_OUTWARD=YES
APERTURE=0.75 A=+9.209835034864e-01 FLATNESS=2.961569384e-01 TRANSVERSE=1.025741786e+00 ALL_OUTWARD=YES

=== K — INDEPENDENT SOLVER CHECK ===
SCS_MEDIUM_C=3.832239331647489e+01
SCS_CLARABEL_C_REL_DIFF=5.817330204179552e-08
INDEPENDENT_SCS_CHECK=FAIL

=== L — 024C DECISION ===
NEW_ARCHITECTURE_IS_006D_PROFILE=NO
FULL_RZ_STRESS_ROUTING_USED=YES
STRICT_TRUE_STANDOFF_ZLE0=YES
POSITIVE_FAR_FIELD_ACTIVE_MASS=PASS_IF_GREEN_LAUE
C_CONVERGENCE_GATE=PASS
WIDTH_GATE=PASS
PLANAR_GATE=FAIL
BEATS_006D=NO
TEACHER_LIKE_NEAR_DEC_LOW_CANCELLATION=NO
MICROSCOPIC_FIELD_REALIZATION=NO
NONLINEAR_GR=NO
PERFECT_PLANAR_GRAVITY_BEAM=NO
024C_DECISION=RED_BURIED_PLANAR_STRESS_LENS_DID_NOT_BEAT_006D_IN_TESTED_CLASS
NEXT=STOP_024C_SOURCE_SEARCH_AND_RETURN_TO_MICROSCOPIC_STATIC_OR_ANALOGUE_RERANK
CURRENT_KNOWLEDGE_HEURISTIC=70_TO_71_PERCENT_RETAIN_UNLESS_RESULT_EARNS_PROMOTION
PRACTICAL_ANTIGRAVITY_DEVICE=NO
SUMMARY_JSON=results/data/024c_teacher_guided_planar_stress_lens_summary.json
CASES_CSV=results/data/024c_teacher_guided_planar_stress_lens_cases.csv
SELECTED_NPZ=results/data/024c_teacher_guided_planar_stress_lens_selected.npz
024C_RUN_COMPLETE=YES
