=== 024C1 INTUITIVE GUARDED STRESS SANDWICH ===

=== A — ANCHORS AND DESIGN TARGETS ===
C_006D=23.591586299248998
C_024C_CONSERVATIVE=38.322391087134733
024C_TRANSVERSE_FRACTION=0.574037677232242
024C_CANCELLATION=3.430057320675881
ARCHITECTURE=TOP_FACE_PLUS_GUARD_PLUS_BURIED_BACKPLANE
PLANAR_SENTINEL_RADII=0.000,0.125,0.250,0.375,0.500
PLANAR_AXIAL_RANGE=1.000_TO_1.100
PLANAR_RADIAL_ABS_MAX=0.150

=== B — PHYSICAL GEOMETRY SCOUT ===
024C1_CASE=024C1_PHYSICAL_A_POINT MODE=POINT GUIDED=NO C=nan GREEN=NO MIN_AZ=+nan MAX_AR=nan TRANS=nan CANCEL=nan DEC=nan CONS=nan
024C1_CASE=024C1_PHYSICAL_A_PLANAR MODE=PLANAR GUIDED=NO C=nan GREEN=NO MIN_AZ=+nan MAX_AR=nan TRANS=nan CANCEL=nan DEC=nan CONS=nan
024C1_CASE=024C1_PHYSICAL_B_POINT MODE=POINT GUIDED=NO C=nan GREEN=NO MIN_AZ=+nan MAX_AR=nan TRANS=nan CANCEL=nan DEC=nan CONS=nan
024C1_CASE=024C1_PHYSICAL_B_PLANAR MODE=PLANAR GUIDED=NO C=nan GREEN=NO MIN_AZ=+nan MAX_AR=nan TRANS=nan CANCEL=nan DEC=nan CONS=nan
024C1_CASE=024C1_PHYSICAL_C_POINT MODE=POINT GUIDED=NO C=7.508485999684e+01 GREEN=YES MIN_AZ=+3.065279e-01 MAX_AR=1.901512e+00 TRANS=6.203392e+00 CANCEL=1.257616e+01 DEC=5.355e-09 CONS=5.034e-12
024C1_CASE=024C1_PHYSICAL_C_PLANAR MODE=PLANAR GUIDED=NO C=nan GREEN=NO MIN_AZ=+nan MAX_AR=nan TRANS=nan CANCEL=nan DEC=nan CONS=nan
024C1_CASE=024C1_PHYSICAL_D_POINT MODE=POINT GUIDED=NO C=8.244856426590e+01 GREEN=YES MIN_AZ=+3.726245e-01 MAX_AR=1.894441e+00 TRANS=5.084047e+00 CANCEL=1.276675e+01 DEC=9.808e-09 CONS=5.891e-13
024C1_CASE=024C1_PHYSICAL_D_PLANAR MODE=PLANAR GUIDED=NO C=nan GREEN=NO MIN_AZ=+nan MAX_AR=nan TRANS=nan CANCEL=nan DEC=nan CONS=nan

=== C — BLIND WILDCARD DIAGNOSTICS ===
BLIND_WILDCARD_NOT_PHYSICS_PRIOR_VALUES=0.625,1.6,1.875,3.125,5.0
024C1_CASE=024C1_WILDCARD_TOPR_0P625 MODE=POINT GUIDED=NO C=nan GREEN=NO MIN_AZ=+nan MAX_AR=nan TRANS=nan CANCEL=nan DEC=nan CONS=nan
024C1_CASE=024C1_WILDCARD_TOPR_1P6 MODE=POINT GUIDED=NO C=nan GREEN=NO MIN_AZ=+nan MAX_AR=nan TRANS=nan CANCEL=nan DEC=nan CONS=nan
024C1_CASE=024C1_WILDCARD_TOPR_1P875 MODE=POINT GUIDED=NO C=nan GREEN=NO MIN_AZ=+nan MAX_AR=nan TRANS=nan CANCEL=nan DEC=nan CONS=nan
024C1_CASE=024C1_WILDCARD_TOPR_3P125 MODE=POINT GUIDED=NO C=5.895905386414e+01 GREEN=YES MIN_AZ=+7.095228e-01 MAX_AR=1.060208e+00 TRANS=1.494255e+00 CANCEL=7.592094e+00 DEC=2.155e-09 CONS=5.476e-14
024C1_CASE=024C1_WILDCARD_TOPR_5P0 MODE=POINT GUIDED=NO C=3.727396274830e+01 GREEN=YES MIN_AZ=+8.720220e-01 MAX_AR=5.037736e-01 TRANS=5.777074e-01 CANCEL=3.576460e+00 DEC=8.687e-09 CONS=4.558e-13
WILDCARDS_USED_FOR_SELECTION=NO

=== D — NO PLANAR FEASIBLE PHYSICAL SCOUT ===
PHYSICAL_PLANAR_FEASIBLE_CASES=0
024C1_DECISION=RED_INTUITIVE_SANDWICH_NO_PLANAR_FEASIBLE_SCOUT
PRACTICAL_ANTIGRAVITY_DEVICE=NO
SUMMARY_JSON=results/data/024c1_intuitive_guarded_stress_sandwich_summary.json
CASES_CSV=results/data/024c1_intuitive_guarded_stress_sandwich_cases.csv
024C1_RUN_COMPLETE=YES
