=== 024D1 INTERNAL TOROIDAL ORBIT + SPIN CAMPAIGN ===

=== A — FIXED SCIENTIFIC ANCHORS ===
C_006D=23.591586299248998
C_024D_SCALAR=6.610457607426174
PURE_COUNTERORBIT_WITHOUT_CONVERSION=RED_ANALYTIC
PURE_LINEAR_EM_ORBIT=RED_ANALYTIC
SPIN_RECEIVES_FREE_NEGATIVE_STRESS=NO
SPIN_ENERGY_AND_CONFINEMENT_INCLUDED=YES
TOTAL_CURVATURE_LOWER_BOUND=2_PI
CURVATURE_NORMALIZED_BY_FENCHEL_BOUND=YES
FINITE_PAYLOAD_RADIUS_OVER_H=0.043298860805059

=== B — BUILD 2^20 TORUS-ORBIT POPULATION ===
BASE_SOBOL_CASES=1048576
FAMILY_EVALUATIONS=6291456
WINDINGS=(1,0),(0,1),(1,1),(2,1),(3,1),(1,2),(2,3),(3,2),(5,2),(5,3)
GEOMETRY_FEATURE_BUILD=BEGIN
GEOMETRY_FEATURE_BUILD=PASS
CURVATURE_NORM_MIN=1.000000000000e+00
CURVATURE_NORM_MAX=4.998913220301e+00
CURVATURE_CONCENTRATION_MAX=1.874806161036e+00
MIN_PAYLOAD_DISTANCE_MIN=1.050318527864e+00

=== C — MULTI-FAMILY ORBIT / SPIN CAMPAIGN ===
FAMILY_BEGIN=IDEAL_DEC_ORBIT_SPIN_CEILING
IDEAL_DEC_ORBIT_SPIN_CEILING_COARSE_POSITIVE_CASES=0
IDEAL_DEC_ORBIT_SPIN_CEILING_COARSE_BEATS_006D_CASES=0
IDEAL_DEC_ORBIT_SPIN_CEILING_COARSE_BEATS_024D_SCALAR_CASES=0
IDEAL_DEC_ORBIT_SPIN_CEILING_BEST_COARSE_C=inf
IDEAL_DEC_ORBIT_SPIN_CEILING_BEST_COARSE_WINDING=-1,-1
WINDING_FAMILY=IDEAL_DEC_ORBIT_SPIN_CEILING P=1 Q=0 POSITIVE=0 BEAT006D=0 BEAT024D=0 BEST_C=inf
WINDING_FAMILY=IDEAL_DEC_ORBIT_SPIN_CEILING P=0 Q=1 POSITIVE=0 BEAT006D=0 BEAT024D=0 BEST_C=inf
WINDING_FAMILY=IDEAL_DEC_ORBIT_SPIN_CEILING P=1 Q=1 POSITIVE=0 BEAT006D=0 BEAT024D=0 BEST_C=inf
WINDING_FAMILY=IDEAL_DEC_ORBIT_SPIN_CEILING P=2 Q=1 POSITIVE=0 BEAT006D=0 BEAT024D=0 BEST_C=inf
WINDING_FAMILY=IDEAL_DEC_ORBIT_SPIN_CEILING P=3 Q=1 POSITIVE=0 BEAT006D=0 BEAT024D=0 BEST_C=inf
WINDING_FAMILY=IDEAL_DEC_ORBIT_SPIN_CEILING P=1 Q=2 POSITIVE=0 BEAT006D=0 BEAT024D=0 BEST_C=inf
WINDING_FAMILY=IDEAL_DEC_ORBIT_SPIN_CEILING P=2 Q=3 POSITIVE=0 BEAT006D=0 BEAT024D=0 BEST_C=inf
WINDING_FAMILY=IDEAL_DEC_ORBIT_SPIN_CEILING P=3 Q=2 POSITIVE=0 BEAT006D=0 BEAT024D=0 BEST_C=inf
WINDING_FAMILY=IDEAL_DEC_ORBIT_SPIN_CEILING P=5 Q=2 POSITIVE=0 BEAT006D=0 BEAT024D=0 BEST_C=inf
WINDING_FAMILY=IDEAL_DEC_ORBIT_SPIN_CEILING P=5 Q=3 POSITIVE=0 BEAT006D=0 BEAT024D=0 BEST_C=inf
FAMILY_END=IDEAL_DEC_ORBIT_SPIN_CEILING
FAMILY_BEGIN=ORBIT_SCALAR_NO_SPIN
ORBIT_SCALAR_NO_SPIN_COARSE_POSITIVE_CASES=0
ORBIT_SCALAR_NO_SPIN_COARSE_BEATS_006D_CASES=0
ORBIT_SCALAR_NO_SPIN_COARSE_BEATS_024D_SCALAR_CASES=0
ORBIT_SCALAR_NO_SPIN_BEST_COARSE_C=inf
ORBIT_SCALAR_NO_SPIN_BEST_COARSE_WINDING=-1,-1
WINDING_FAMILY=ORBIT_SCALAR_NO_SPIN P=1 Q=0 POSITIVE=0 BEAT006D=0 BEAT024D=0 BEST_C=inf
WINDING_FAMILY=ORBIT_SCALAR_NO_SPIN P=0 Q=1 POSITIVE=0 BEAT006D=0 BEAT024D=0 BEST_C=inf
WINDING_FAMILY=ORBIT_SCALAR_NO_SPIN P=1 Q=1 POSITIVE=0 BEAT006D=0 BEAT024D=0 BEST_C=inf
WINDING_FAMILY=ORBIT_SCALAR_NO_SPIN P=2 Q=1 POSITIVE=0 BEAT006D=0 BEAT024D=0 BEST_C=inf
WINDING_FAMILY=ORBIT_SCALAR_NO_SPIN P=3 Q=1 POSITIVE=0 BEAT006D=0 BEAT024D=0 BEST_C=inf
WINDING_FAMILY=ORBIT_SCALAR_NO_SPIN P=1 Q=2 POSITIVE=0 BEAT006D=0 BEAT024D=0 BEST_C=inf
WINDING_FAMILY=ORBIT_SCALAR_NO_SPIN P=2 Q=3 POSITIVE=0 BEAT006D=0 BEAT024D=0 BEST_C=inf
WINDING_FAMILY=ORBIT_SCALAR_NO_SPIN P=3 Q=2 POSITIVE=0 BEAT006D=0 BEAT024D=0 BEST_C=inf
WINDING_FAMILY=ORBIT_SCALAR_NO_SPIN P=5 Q=2 POSITIVE=0 BEAT006D=0 BEAT024D=0 BEST_C=inf
WINDING_FAMILY=ORBIT_SCALAR_NO_SPIN P=5 Q=3 POSITIVE=0 BEAT006D=0 BEAT024D=0 BEST_C=inf
FAMILY_END=ORBIT_SCALAR_NO_SPIN
FAMILY_BEGIN=ORBIT_KINETIC_LIMITED_NO_SPIN
ORBIT_KINETIC_LIMITED_NO_SPIN_COARSE_POSITIVE_CASES=0
ORBIT_KINETIC_LIMITED_NO_SPIN_COARSE_BEATS_006D_CASES=0
ORBIT_KINETIC_LIMITED_NO_SPIN_COARSE_BEATS_024D_SCALAR_CASES=0
ORBIT_KINETIC_LIMITED_NO_SPIN_BEST_COARSE_C=inf
ORBIT_KINETIC_LIMITED_NO_SPIN_BEST_COARSE_WINDING=-1,-1
WINDING_FAMILY=ORBIT_KINETIC_LIMITED_NO_SPIN P=1 Q=0 POSITIVE=0 BEAT006D=0 BEAT024D=0 BEST_C=inf
WINDING_FAMILY=ORBIT_KINETIC_LIMITED_NO_SPIN P=0 Q=1 POSITIVE=0 BEAT006D=0 BEAT024D=0 BEST_C=inf
WINDING_FAMILY=ORBIT_KINETIC_LIMITED_NO_SPIN P=1 Q=1 POSITIVE=0 BEAT006D=0 BEAT024D=0 BEST_C=inf
WINDING_FAMILY=ORBIT_KINETIC_LIMITED_NO_SPIN P=2 Q=1 POSITIVE=0 BEAT006D=0 BEAT024D=0 BEST_C=inf
WINDING_FAMILY=ORBIT_KINETIC_LIMITED_NO_SPIN P=3 Q=1 POSITIVE=0 BEAT006D=0 BEAT024D=0 BEST_C=inf
WINDING_FAMILY=ORBIT_KINETIC_LIMITED_NO_SPIN P=1 Q=2 POSITIVE=0 BEAT006D=0 BEAT024D=0 BEST_C=inf
WINDING_FAMILY=ORBIT_KINETIC_LIMITED_NO_SPIN P=2 Q=3 POSITIVE=0 BEAT006D=0 BEAT024D=0 BEST_C=inf
WINDING_FAMILY=ORBIT_KINETIC_LIMITED_NO_SPIN P=3 Q=2 POSITIVE=0 BEAT006D=0 BEAT024D=0 BEST_C=inf
WINDING_FAMILY=ORBIT_KINETIC_LIMITED_NO_SPIN P=5 Q=2 POSITIVE=0 BEAT006D=0 BEAT024D=0 BEST_C=inf
WINDING_FAMILY=ORBIT_KINETIC_LIMITED_NO_SPIN P=5 Q=3 POSITIVE=0 BEAT006D=0 BEAT024D=0 BEST_C=inf
FAMILY_END=ORBIT_KINETIC_LIMITED_NO_SPIN
FAMILY_BEGIN=ORBIT_PLUS_SPIN_SCALAR
ORBIT_PLUS_SPIN_SCALAR_COARSE_POSITIVE_CASES=0
ORBIT_PLUS_SPIN_SCALAR_COARSE_BEATS_006D_CASES=0
ORBIT_PLUS_SPIN_SCALAR_COARSE_BEATS_024D_SCALAR_CASES=0
ORBIT_PLUS_SPIN_SCALAR_BEST_COARSE_C=inf
ORBIT_PLUS_SPIN_SCALAR_BEST_COARSE_WINDING=-1,-1
WINDING_FAMILY=ORBIT_PLUS_SPIN_SCALAR P=1 Q=0 POSITIVE=0 BEAT006D=0 BEAT024D=0 BEST_C=inf
WINDING_FAMILY=ORBIT_PLUS_SPIN_SCALAR P=0 Q=1 POSITIVE=0 BEAT006D=0 BEAT024D=0 BEST_C=inf
WINDING_FAMILY=ORBIT_PLUS_SPIN_SCALAR P=1 Q=1 POSITIVE=0 BEAT006D=0 BEAT024D=0 BEST_C=inf
WINDING_FAMILY=ORBIT_PLUS_SPIN_SCALAR P=2 Q=1 POSITIVE=0 BEAT006D=0 BEAT024D=0 BEST_C=inf
WINDING_FAMILY=ORBIT_PLUS_SPIN_SCALAR P=3 Q=1 POSITIVE=0 BEAT006D=0 BEAT024D=0 BEST_C=inf
WINDING_FAMILY=ORBIT_PLUS_SPIN_SCALAR P=1 Q=2 POSITIVE=0 BEAT006D=0 BEAT024D=0 BEST_C=inf
WINDING_FAMILY=ORBIT_PLUS_SPIN_SCALAR P=2 Q=3 POSITIVE=0 BEAT006D=0 BEAT024D=0 BEST_C=inf
WINDING_FAMILY=ORBIT_PLUS_SPIN_SCALAR P=3 Q=2 POSITIVE=0 BEAT006D=0 BEAT024D=0 BEST_C=inf
WINDING_FAMILY=ORBIT_PLUS_SPIN_SCALAR P=5 Q=2 POSITIVE=0 BEAT006D=0 BEAT024D=0 BEST_C=inf
WINDING_FAMILY=ORBIT_PLUS_SPIN_SCALAR P=5 Q=3 POSITIVE=0 BEAT006D=0 BEAT024D=0 BEST_C=inf
FAMILY_END=ORBIT_PLUS_SPIN_SCALAR
FAMILY_BEGIN=ORBIT_PLUS_SPIN_KINETIC_LIMITED
ORBIT_PLUS_SPIN_KINETIC_LIMITED_COARSE_POSITIVE_CASES=0
ORBIT_PLUS_SPIN_KINETIC_LIMITED_COARSE_BEATS_006D_CASES=0
ORBIT_PLUS_SPIN_KINETIC_LIMITED_COARSE_BEATS_024D_SCALAR_CASES=0
ORBIT_PLUS_SPIN_KINETIC_LIMITED_BEST_COARSE_C=inf
ORBIT_PLUS_SPIN_KINETIC_LIMITED_BEST_COARSE_WINDING=-1,-1
WINDING_FAMILY=ORBIT_PLUS_SPIN_KINETIC_LIMITED P=1 Q=0 POSITIVE=0 BEAT006D=0 BEAT024D=0 BEST_C=inf
WINDING_FAMILY=ORBIT_PLUS_SPIN_KINETIC_LIMITED P=0 Q=1 POSITIVE=0 BEAT006D=0 BEAT024D=0 BEST_C=inf
WINDING_FAMILY=ORBIT_PLUS_SPIN_KINETIC_LIMITED P=1 Q=1 POSITIVE=0 BEAT006D=0 BEAT024D=0 BEST_C=inf
WINDING_FAMILY=ORBIT_PLUS_SPIN_KINETIC_LIMITED P=2 Q=1 POSITIVE=0 BEAT006D=0 BEAT024D=0 BEST_C=inf
WINDING_FAMILY=ORBIT_PLUS_SPIN_KINETIC_LIMITED P=3 Q=1 POSITIVE=0 BEAT006D=0 BEAT024D=0 BEST_C=inf
WINDING_FAMILY=ORBIT_PLUS_SPIN_KINETIC_LIMITED P=1 Q=2 POSITIVE=0 BEAT006D=0 BEAT024D=0 BEST_C=inf
WINDING_FAMILY=ORBIT_PLUS_SPIN_KINETIC_LIMITED P=2 Q=3 POSITIVE=0 BEAT006D=0 BEAT024D=0 BEST_C=inf
WINDING_FAMILY=ORBIT_PLUS_SPIN_KINETIC_LIMITED P=3 Q=2 POSITIVE=0 BEAT006D=0 BEAT024D=0 BEST_C=inf
WINDING_FAMILY=ORBIT_PLUS_SPIN_KINETIC_LIMITED P=5 Q=2 POSITIVE=0 BEAT006D=0 BEAT024D=0 BEST_C=inf
WINDING_FAMILY=ORBIT_PLUS_SPIN_KINETIC_LIMITED P=5 Q=3 POSITIVE=0 BEAT006D=0 BEAT024D=0 BEST_C=inf
FAMILY_END=ORBIT_PLUS_SPIN_KINETIC_LIMITED
FAMILY_BEGIN=ELASTIC_TORUS_KNOT_SCALAR
ELASTIC_TORUS_KNOT_SCALAR_COARSE_POSITIVE_CASES=0
ELASTIC_TORUS_KNOT_SCALAR_COARSE_BEATS_006D_CASES=0
ELASTIC_TORUS_KNOT_SCALAR_COARSE_BEATS_024D_SCALAR_CASES=0
ELASTIC_TORUS_KNOT_SCALAR_BEST_COARSE_C=inf
ELASTIC_TORUS_KNOT_SCALAR_BEST_COARSE_WINDING=-1,-1
WINDING_FAMILY=ELASTIC_TORUS_KNOT_SCALAR P=1 Q=0 POSITIVE=0 BEAT006D=0 BEAT024D=0 BEST_C=inf
WINDING_FAMILY=ELASTIC_TORUS_KNOT_SCALAR P=0 Q=1 POSITIVE=0 BEAT006D=0 BEAT024D=0 BEST_C=inf
WINDING_FAMILY=ELASTIC_TORUS_KNOT_SCALAR P=1 Q=1 POSITIVE=0 BEAT006D=0 BEAT024D=0 BEST_C=inf
WINDING_FAMILY=ELASTIC_TORUS_KNOT_SCALAR P=2 Q=1 POSITIVE=0 BEAT006D=0 BEAT024D=0 BEST_C=inf
WINDING_FAMILY=ELASTIC_TORUS_KNOT_SCALAR P=3 Q=1 POSITIVE=0 BEAT006D=0 BEAT024D=0 BEST_C=inf
WINDING_FAMILY=ELASTIC_TORUS_KNOT_SCALAR P=1 Q=2 POSITIVE=0 BEAT006D=0 BEAT024D=0 BEST_C=inf
WINDING_FAMILY=ELASTIC_TORUS_KNOT_SCALAR P=2 Q=3 POSITIVE=0 BEAT006D=0 BEAT024D=0 BEST_C=inf
WINDING_FAMILY=ELASTIC_TORUS_KNOT_SCALAR P=3 Q=2 POSITIVE=0 BEAT006D=0 BEAT024D=0 BEST_C=inf
WINDING_FAMILY=ELASTIC_TORUS_KNOT_SCALAR P=5 Q=2 POSITIVE=0 BEAT006D=0 BEAT024D=0 BEST_C=inf
WINDING_FAMILY=ELASTIC_TORUS_KNOT_SCALAR P=5 Q=3 POSITIVE=0 BEAT006D=0 BEAT024D=0 BEST_C=inf
FAMILY_END=ELASTIC_TORUS_KNOT_SCALAR

=== D — 32768-PHASE FINITE-RESET REFINEMENT ===
IDEAL_DEC_ORBIT_SPIN_CEILING_REFINED_POSITIVE_CASES=0
ORBIT_SCALAR_NO_SPIN_REFINED_POSITIVE_CASES=0
ORBIT_KINETIC_LIMITED_NO_SPIN_REFINED_POSITIVE_CASES=0
ORBIT_PLUS_SPIN_SCALAR_REFINED_POSITIVE_CASES=0
ORBIT_PLUS_SPIN_KINETIC_LIMITED_REFINED_POSITIVE_CASES=0
ELASTIC_TORUS_KNOT_SCALAR_REFINED_POSITIVE_CASES=0

=== E — REFINED WINDING TOPOLOGY RANKING ===
REFINED_WINDING_FAMILY=IDEAL_DEC_ORBIT_SPIN_CEILING P=1 Q=0 BEST_C=inf BEAT006D=NO BEAT024D=NO
REFINED_WINDING_FAMILY=IDEAL_DEC_ORBIT_SPIN_CEILING P=0 Q=1 BEST_C=inf BEAT006D=NO BEAT024D=NO
REFINED_WINDING_FAMILY=IDEAL_DEC_ORBIT_SPIN_CEILING P=1 Q=1 BEST_C=inf BEAT006D=NO BEAT024D=NO
REFINED_WINDING_FAMILY=IDEAL_DEC_ORBIT_SPIN_CEILING P=2 Q=1 BEST_C=inf BEAT006D=NO BEAT024D=NO
REFINED_WINDING_FAMILY=IDEAL_DEC_ORBIT_SPIN_CEILING P=3 Q=1 BEST_C=inf BEAT006D=NO BEAT024D=NO
REFINED_WINDING_FAMILY=IDEAL_DEC_ORBIT_SPIN_CEILING P=1 Q=2 BEST_C=inf BEAT006D=NO BEAT024D=NO
REFINED_WINDING_FAMILY=IDEAL_DEC_ORBIT_SPIN_CEILING P=2 Q=3 BEST_C=inf BEAT006D=NO BEAT024D=NO
REFINED_WINDING_FAMILY=IDEAL_DEC_ORBIT_SPIN_CEILING P=3 Q=2 BEST_C=inf BEAT006D=NO BEAT024D=NO
REFINED_WINDING_FAMILY=IDEAL_DEC_ORBIT_SPIN_CEILING P=5 Q=2 BEST_C=inf BEAT006D=NO BEAT024D=NO
REFINED_WINDING_FAMILY=IDEAL_DEC_ORBIT_SPIN_CEILING P=5 Q=3 BEST_C=inf BEAT006D=NO BEAT024D=NO
REFINED_WINDING_FAMILY=ORBIT_SCALAR_NO_SPIN P=1 Q=0 BEST_C=inf BEAT006D=NO BEAT024D=NO
REFINED_WINDING_FAMILY=ORBIT_SCALAR_NO_SPIN P=0 Q=1 BEST_C=inf BEAT006D=NO BEAT024D=NO
REFINED_WINDING_FAMILY=ORBIT_SCALAR_NO_SPIN P=1 Q=1 BEST_C=inf BEAT006D=NO BEAT024D=NO
REFINED_WINDING_FAMILY=ORBIT_SCALAR_NO_SPIN P=2 Q=1 BEST_C=inf BEAT006D=NO BEAT024D=NO
REFINED_WINDING_FAMILY=ORBIT_SCALAR_NO_SPIN P=3 Q=1 BEST_C=inf BEAT006D=NO BEAT024D=NO
REFINED_WINDING_FAMILY=ORBIT_SCALAR_NO_SPIN P=1 Q=2 BEST_C=inf BEAT006D=NO BEAT024D=NO
REFINED_WINDING_FAMILY=ORBIT_SCALAR_NO_SPIN P=2 Q=3 BEST_C=inf BEAT006D=NO BEAT024D=NO
REFINED_WINDING_FAMILY=ORBIT_SCALAR_NO_SPIN P=3 Q=2 BEST_C=inf BEAT006D=NO BEAT024D=NO
REFINED_WINDING_FAMILY=ORBIT_SCALAR_NO_SPIN P=5 Q=2 BEST_C=inf BEAT006D=NO BEAT024D=NO
REFINED_WINDING_FAMILY=ORBIT_SCALAR_NO_SPIN P=5 Q=3 BEST_C=inf BEAT006D=NO BEAT024D=NO
REFINED_WINDING_FAMILY=ORBIT_KINETIC_LIMITED_NO_SPIN P=1 Q=0 BEST_C=inf BEAT006D=NO BEAT024D=NO
REFINED_WINDING_FAMILY=ORBIT_KINETIC_LIMITED_NO_SPIN P=0 Q=1 BEST_C=inf BEAT006D=NO BEAT024D=NO
REFINED_WINDING_FAMILY=ORBIT_KINETIC_LIMITED_NO_SPIN P=1 Q=1 BEST_C=inf BEAT006D=NO BEAT024D=NO
REFINED_WINDING_FAMILY=ORBIT_KINETIC_LIMITED_NO_SPIN P=2 Q=1 BEST_C=inf BEAT006D=NO BEAT024D=NO
REFINED_WINDING_FAMILY=ORBIT_KINETIC_LIMITED_NO_SPIN P=3 Q=1 BEST_C=inf BEAT006D=NO BEAT024D=NO
REFINED_WINDING_FAMILY=ORBIT_KINETIC_LIMITED_NO_SPIN P=1 Q=2 BEST_C=inf BEAT006D=NO BEAT024D=NO
REFINED_WINDING_FAMILY=ORBIT_KINETIC_LIMITED_NO_SPIN P=2 Q=3 BEST_C=inf BEAT006D=NO BEAT024D=NO
REFINED_WINDING_FAMILY=ORBIT_KINETIC_LIMITED_NO_SPIN P=3 Q=2 BEST_C=inf BEAT006D=NO BEAT024D=NO
REFINED_WINDING_FAMILY=ORBIT_KINETIC_LIMITED_NO_SPIN P=5 Q=2 BEST_C=inf BEAT006D=NO BEAT024D=NO
REFINED_WINDING_FAMILY=ORBIT_KINETIC_LIMITED_NO_SPIN P=5 Q=3 BEST_C=inf BEAT006D=NO BEAT024D=NO
REFINED_WINDING_FAMILY=ORBIT_PLUS_SPIN_SCALAR P=1 Q=0 BEST_C=inf BEAT006D=NO BEAT024D=NO
REFINED_WINDING_FAMILY=ORBIT_PLUS_SPIN_SCALAR P=0 Q=1 BEST_C=inf BEAT006D=NO BEAT024D=NO
REFINED_WINDING_FAMILY=ORBIT_PLUS_SPIN_SCALAR P=1 Q=1 BEST_C=inf BEAT006D=NO BEAT024D=NO
REFINED_WINDING_FAMILY=ORBIT_PLUS_SPIN_SCALAR P=2 Q=1 BEST_C=inf BEAT006D=NO BEAT024D=NO
REFINED_WINDING_FAMILY=ORBIT_PLUS_SPIN_SCALAR P=3 Q=1 BEST_C=inf BEAT006D=NO BEAT024D=NO
REFINED_WINDING_FAMILY=ORBIT_PLUS_SPIN_SCALAR P=1 Q=2 BEST_C=inf BEAT006D=NO BEAT024D=NO
REFINED_WINDING_FAMILY=ORBIT_PLUS_SPIN_SCALAR P=2 Q=3 BEST_C=inf BEAT006D=NO BEAT024D=NO
REFINED_WINDING_FAMILY=ORBIT_PLUS_SPIN_SCALAR P=3 Q=2 BEST_C=inf BEAT006D=NO BEAT024D=NO
REFINED_WINDING_FAMILY=ORBIT_PLUS_SPIN_SCALAR P=5 Q=2 BEST_C=inf BEAT006D=NO BEAT024D=NO
REFINED_WINDING_FAMILY=ORBIT_PLUS_SPIN_SCALAR P=5 Q=3 BEST_C=inf BEAT006D=NO BEAT024D=NO
REFINED_WINDING_FAMILY=ORBIT_PLUS_SPIN_KINETIC_LIMITED P=1 Q=0 BEST_C=inf BEAT006D=NO BEAT024D=NO
REFINED_WINDING_FAMILY=ORBIT_PLUS_SPIN_KINETIC_LIMITED P=0 Q=1 BEST_C=inf BEAT006D=NO BEAT024D=NO
REFINED_WINDING_FAMILY=ORBIT_PLUS_SPIN_KINETIC_LIMITED P=1 Q=1 BEST_C=inf BEAT006D=NO BEAT024D=NO
REFINED_WINDING_FAMILY=ORBIT_PLUS_SPIN_KINETIC_LIMITED P=2 Q=1 BEST_C=inf BEAT006D=NO BEAT024D=NO
REFINED_WINDING_FAMILY=ORBIT_PLUS_SPIN_KINETIC_LIMITED P=3 Q=1 BEST_C=inf BEAT006D=NO BEAT024D=NO
REFINED_WINDING_FAMILY=ORBIT_PLUS_SPIN_KINETIC_LIMITED P=1 Q=2 BEST_C=inf BEAT006D=NO BEAT024D=NO
REFINED_WINDING_FAMILY=ORBIT_PLUS_SPIN_KINETIC_LIMITED P=2 Q=3 BEST_C=inf BEAT006D=NO BEAT024D=NO
REFINED_WINDING_FAMILY=ORBIT_PLUS_SPIN_KINETIC_LIMITED P=3 Q=2 BEST_C=inf BEAT006D=NO BEAT024D=NO
REFINED_WINDING_FAMILY=ORBIT_PLUS_SPIN_KINETIC_LIMITED P=5 Q=2 BEST_C=inf BEAT006D=NO BEAT024D=NO
REFINED_WINDING_FAMILY=ORBIT_PLUS_SPIN_KINETIC_LIMITED P=5 Q=3 BEST_C=inf BEAT006D=NO BEAT024D=NO
REFINED_WINDING_FAMILY=ELASTIC_TORUS_KNOT_SCALAR P=1 Q=0 BEST_C=inf BEAT006D=NO BEAT024D=NO
REFINED_WINDING_FAMILY=ELASTIC_TORUS_KNOT_SCALAR P=0 Q=1 BEST_C=inf BEAT006D=NO BEAT024D=NO
REFINED_WINDING_FAMILY=ELASTIC_TORUS_KNOT_SCALAR P=1 Q=1 BEST_C=inf BEAT006D=NO BEAT024D=NO
REFINED_WINDING_FAMILY=ELASTIC_TORUS_KNOT_SCALAR P=2 Q=1 BEST_C=inf BEAT006D=NO BEAT024D=NO
REFINED_WINDING_FAMILY=ELASTIC_TORUS_KNOT_SCALAR P=3 Q=1 BEST_C=inf BEAT006D=NO BEAT024D=NO
REFINED_WINDING_FAMILY=ELASTIC_TORUS_KNOT_SCALAR P=1 Q=2 BEST_C=inf BEAT006D=NO BEAT024D=NO
REFINED_WINDING_FAMILY=ELASTIC_TORUS_KNOT_SCALAR P=2 Q=3 BEST_C=inf BEAT006D=NO BEAT024D=NO
REFINED_WINDING_FAMILY=ELASTIC_TORUS_KNOT_SCALAR P=3 Q=2 BEST_C=inf BEAT006D=NO BEAT024D=NO
REFINED_WINDING_FAMILY=ELASTIC_TORUS_KNOT_SCALAR P=5 Q=2 BEST_C=inf BEAT006D=NO BEAT024D=NO
REFINED_WINDING_FAMILY=ELASTIC_TORUS_KNOT_SCALAR P=5 Q=3 BEST_C=inf BEAT006D=NO BEAT024D=NO

=== F — ORBIT-TYPE COMPARISON ===
PURE_TOROIDAL_BEST_SCALAR_C=inf
PURE_POLOIDAL_BEST_SCALAR_C=inf
BEST_HELICAL_SCALAR_C=inf

=== G — MULTI-ORBIT BUNDLE DIRECTIONAL AUDIT ===

=== H — FIXED-GEOMETRY SPIN ENERGY / SPEED AUDIT ===
SPIN_AUDIT_NOT_RUN_NO_SCALAR_ORBIT_SURVIVOR

=== I — BLIND WILDCARD MAJOR-RADIUS CHECK ===
WILDCARD_MAJOR_RADIUS_OVER_H=0.625000 ROLE=BLIND_WILDCARD_NOT_PHYSICS_PRIOR
WILDCARD_MAJOR_RADIUS_OVER_H=1.600000 ROLE=BLIND_WILDCARD_NOT_PHYSICS_PRIOR
WILDCARD_MAJOR_RADIUS_OVER_H=1.875000 ROLE=BLIND_WILDCARD_NOT_PHYSICS_PRIOR
WILDCARD_MAJOR_RADIUS_OVER_H=3.125000 ROLE=BLIND_WILDCARD_NOT_PHYSICS_PRIOR
WILDCARD_MAJOR_RADIUS_OVER_H=5.000000 ROLE=BLIND_WILDCARD_NOT_PHYSICS_PRIOR
WILDCARDS_USED_FOR_SELECTION=NO

=== J — 024D1 DECISION ===
BEST_SCALAR_INTERNAL_ORBIT_C=inf
INTERNAL_ORBIT_SCALAR_BEATS_024D_SCALAR=NO
PURE_TOROIDAL_CONTROL_BEATS_006D=NO
KINETIC_LIMITED_INTERNAL_ORBIT_BEATS_006D=NO
KINETIC_LIMITED_ORBIT_PLUS_SPIN_BEATS_006D=NO
SPIN_CONSTRAINED_IMPROVEMENT_FACTOR=0.000000000000000e+00
GENUINE_SPIN_PROMOTION=NO
ORBIT_SPIN_INTERPRETATION=NO_NEW_ORBITAL_OR_SPIN_LEVERAGE
024D1_DECISION=RED_INTERNAL_TOROIDAL_ORBIT_AND_SPIN_NO_USEFUL_SOURCE_ADVANCE
NEXT=CLOSE_ORBIT_SPIN_BRANCH_AND_RETURN_TO_MINIMAL_SCALAR_CONVERTER_OR_ANALOGUE_ANTIGRAVITY
MICROSCOPIC_FIELD_REALIZATION=NO
FULL_STABILITY=NO
NONLINEAR_GR=NO
REMOVES_1_OVER_G_SCALING=NO
CURRENT_KNOWLEDGE_HEURISTIC=70_TO_71_PERCENT_RETAIN_UNLESS_MICROSCOPIC_PROMOTION_IS_EARNED
PRACTICAL_ANTIGRAVITY_DEVICE=NO
SUMMARY_JSON=results/data/024d1_internal_toroidal_orbit_and_spin_summary.json
TOP_CSV=results/data/024d1_internal_toroidal_orbit_and_spin_top.csv
WINDING_CSV=results/data/024d1_internal_toroidal_winding_summary.csv
024D1_RUN_COMPLETE=YES
