=== 024D1R KERNEL-ADAPTIVE INTERNAL-ORBIT REPAIR ===

=== A — ANALYTIC / MODEL REPAIRS ===
C_006D=23.591586299248998
C_024D_SCALAR=6.610457607426174
PURE_TOROIDAL_CONSTANT_KERNEL_NO_GO=YES
ONAXIS_KERNEL_INDEPENDENT_OF_TOROIDAL_AZIMUTH=YES
GEOMETRIC_TOP_EQUALS_KERNEL_MAX_IN_GENERAL=NO
FENCHEL_TOTAL_CURVATURE_BOUND=KAPPA_INTEGRAL_GE_2PI
FENCHEL_BOUND_DIRECTLY_IMPLIES_LINEAR_SUPPORT_ENERGY_MULTIPLIER=NO
DEC_SUPPORT_FLOOR_AND_CURVATURE_PROXY_SEPARATED=YES
FULL_CYCLE_VIRIAL_RESET=MANDATORY
OLD_018B_KLS_REALIZATION_REOPENED=NO

=== B — REPAIR REGRESSION WITNESS ===
WITNESS_K_MAX=5.357006646928079e-01
WITNESS_K_MIN=1.236205397635253e-01
WITNESS_K_AVG=2.516331353857885e-01
WITNESS_KERNEL_MAX_U=2.278728460404120e+00
WITNESS_GEOMETRIC_TOP_U=1.570796326794897e+00
WITNESS_OLD_GEOMETRIC_BEST_C=inf
WITNESS_ADAPTIVE_BEST_C=1.406828269612325e+01
WITNESS_ADAPTIVE_BEST_A=+7.125958595332008e-02
WITNESS_KERNEL_ADAPTIVE_POSITIVE=PASS

=== C — BUILD 2^20 POINT-EXTREMA CAMPAIGN ===
BASE_SOBOL_CASES=1048576
FAMILY_POINT_BOUND_EVALUATIONS=6291456
GEOMETRY_FEATURE_BUILD=BEGIN
GEOMETRY_FEATURE_BUILD=PASS
CURVATURE_NORM_MIN=9.999999999999999e-01
CURVATURE_NORM_MAX=5.565792956637026e+00
CURVATURE_CONCENTRATION_MAX=2.722384718079017e+00
MIN_PAYLOAD_DISTANCE_MIN=1.026317645425785e+00

=== D — POINT-EXTREMA UPPER-BOUND FAMILY RESULTS ===
IDEAL_KERNEL_ADAPTIVE_DEC_FLOOR_POINT_BOUND_POSITIVE_CASES=515341
IDEAL_KERNEL_ADAPTIVE_DEC_FLOOR_POINT_BOUND_BEATS_006D_CASES=227347
IDEAL_KERNEL_ADAPTIVE_DEC_FLOOR_POINT_BOUND_BEATS_024D_SCALAR_CASES=40018
IDEAL_KERNEL_ADAPTIVE_DEC_FLOOR_BEST_POINT_BOUND_C=1.775947382299150e+00
IDEAL_KERNEL_ADAPTIVE_DEC_FLOOR_BEST_POINT_BOUND_WINDING=2,1
SCALAR_DEC_FLOOR_NO_SPIN_POINT_BOUND_POSITIVE_CASES=269018
SCALAR_DEC_FLOOR_NO_SPIN_POINT_BOUND_BEATS_006D_CASES=22856
SCALAR_DEC_FLOOR_NO_SPIN_POINT_BOUND_BEATS_024D_SCALAR_CASES=751
SCALAR_DEC_FLOOR_NO_SPIN_BEST_POINT_BOUND_C=2.667406811506652e+00
SCALAR_DEC_FLOOR_NO_SPIN_BEST_POINT_BOUND_WINDING=5,2
SCALAR_CURVATURE_PROXY_NO_SPIN_POINT_BOUND_POSITIVE_CASES=157580
SCALAR_CURVATURE_PROXY_NO_SPIN_POINT_BOUND_BEATS_006D_CASES=10068
SCALAR_CURVATURE_PROXY_NO_SPIN_POINT_BOUND_BEATS_024D_SCALAR_CASES=324
SCALAR_CURVATURE_PROXY_NO_SPIN_BEST_POINT_BOUND_C=2.728077731465580e+00
SCALAR_CURVATURE_PROXY_NO_SPIN_BEST_POINT_BOUND_WINDING=5,2
KINETIC_DEC_FLOOR_NO_SPIN_POINT_BOUND_POSITIVE_CASES=3793
KINETIC_DEC_FLOOR_NO_SPIN_POINT_BOUND_BEATS_006D_CASES=5
KINETIC_DEC_FLOOR_NO_SPIN_POINT_BOUND_BEATS_024D_SCALAR_CASES=0
KINETIC_DEC_FLOOR_NO_SPIN_BEST_POINT_BOUND_C=1.746375154498696e+01
KINETIC_DEC_FLOOR_NO_SPIN_BEST_POINT_BOUND_WINDING=5,3
KINETIC_DEC_FLOOR_WITH_SPIN_POINT_BOUND_POSITIVE_CASES=13134
KINETIC_DEC_FLOOR_WITH_SPIN_POINT_BOUND_BEATS_006D_CASES=50
KINETIC_DEC_FLOOR_WITH_SPIN_POINT_BOUND_BEATS_024D_SCALAR_CASES=0
KINETIC_DEC_FLOOR_WITH_SPIN_BEST_POINT_BOUND_C=1.221233553154800e+01
KINETIC_DEC_FLOOR_WITH_SPIN_BEST_POINT_BOUND_WINDING=5,2
ELASTIC_CURVATURE_PROXY_WITH_SPIN_POINT_BOUND_POSITIVE_CASES=75933
ELASTIC_CURVATURE_PROXY_WITH_SPIN_POINT_BOUND_BEATS_006D_CASES=2499
ELASTIC_CURVATURE_PROXY_WITH_SPIN_POINT_BOUND_BEATS_024D_SCALAR_CASES=45
ELASTIC_CURVATURE_PROXY_WITH_SPIN_BEST_POINT_BOUND_C=3.796521670857949e+00
ELASTIC_CURVATURE_PROXY_WITH_SPIN_BEST_POINT_BOUND_WINDING=2,1
MEDIUM_CANDIDATE_COUNT=221

=== E — 4096-PHASE OPTIMAL CONTIGUOUS WINDOWS ===
MEDIUM_REFINEMENT_PROGRESS=0/221
MEDIUM_REFINEMENT_PROGRESS=40/221
MEDIUM_REFINEMENT_PROGRESS=80/221
MEDIUM_REFINEMENT_PROGRESS=120/221
MEDIUM_REFINEMENT_PROGRESS=160/221
MEDIUM_REFINEMENT_PROGRESS=200/221
IDEAL_KERNEL_ADAPTIVE_DEC_FLOOR_MEDIUM_CONTIGUOUS_POSITIVE_CASES=21
IDEAL_KERNEL_ADAPTIVE_DEC_FLOOR_BEST_MEDIUM_CONTIGUOUS_C=8.517759449144402e+00
IDEAL_KERNEL_ADAPTIVE_DEC_FLOOR_BEST_MEDIUM_CONTIGUOUS_WINDING=0,1
IDEAL_KERNEL_ADAPTIVE_DEC_FLOOR_BEST_MEDIUM_INTERACTION_DUTY=4.974636806641724e-01
IDEAL_KERNEL_ADAPTIVE_DEC_FLOOR_BEST_MEDIUM_RESET_DUTY=4.975363193358274e-01
SCALAR_DEC_FLOOR_NO_SPIN_MEDIUM_CONTIGUOUS_POSITIVE_CASES=6
SCALAR_DEC_FLOOR_NO_SPIN_BEST_MEDIUM_CONTIGUOUS_C=1.904618001368143e+01
SCALAR_DEC_FLOOR_NO_SPIN_BEST_MEDIUM_CONTIGUOUS_WINDING=0,1
SCALAR_DEC_FLOOR_NO_SPIN_BEST_MEDIUM_INTERACTION_DUTY=5.411963911739601e-01
SCALAR_DEC_FLOOR_NO_SPIN_BEST_MEDIUM_RESET_DUTY=4.538036088260398e-01
SCALAR_CURVATURE_PROXY_NO_SPIN_MEDIUM_CONTIGUOUS_POSITIVE_CASES=9
SCALAR_CURVATURE_PROXY_NO_SPIN_BEST_MEDIUM_CONTIGUOUS_C=1.942612091931803e+01
SCALAR_CURVATURE_PROXY_NO_SPIN_BEST_MEDIUM_CONTIGUOUS_WINDING=0,1
SCALAR_CURVATURE_PROXY_NO_SPIN_BEST_MEDIUM_INTERACTION_DUTY=5.411963911739601e-01
SCALAR_CURVATURE_PROXY_NO_SPIN_BEST_MEDIUM_RESET_DUTY=4.538036088260398e-01
KINETIC_DEC_FLOOR_NO_SPIN_MEDIUM_CONTIGUOUS_POSITIVE_CASES=0
KINETIC_DEC_FLOOR_WITH_SPIN_MEDIUM_CONTIGUOUS_POSITIVE_CASES=0
ELASTIC_CURVATURE_PROXY_WITH_SPIN_MEDIUM_CONTIGUOUS_POSITIVE_CASES=2
ELASTIC_CURVATURE_PROXY_WITH_SPIN_BEST_MEDIUM_CONTIGUOUS_C=7.766456619602344e+01
ELASTIC_CURVATURE_PROXY_WITH_SPIN_BEST_MEDIUM_CONTIGUOUS_WINDING=0,1
ELASTIC_CURVATURE_PROXY_WITH_SPIN_BEST_MEDIUM_INTERACTION_DUTY=5.299956033762864e-01
ELASTIC_CURVATURE_PROXY_WITH_SPIN_BEST_MEDIUM_RESET_DUTY=4.477593668415682e-01
HIGH_CANDIDATE_COUNT=25

=== F — 16384-PHASE HIGH REFINEMENT ===
HIGH_REFINEMENT_PROGRESS=0/25
HIGH_REFINEMENT_PROGRESS=20/25
IDEAL_KERNEL_ADAPTIVE_DEC_FLOOR_HIGH_CONTIGUOUS_POSITIVE_CASES=9
IDEAL_KERNEL_ADAPTIVE_DEC_FLOOR_BEST_HIGH_C=8.517759134064704e+00
IDEAL_KERNEL_ADAPTIVE_DEC_FLOOR_BEST_HIGH_A=+1.174274824314043e-01
IDEAL_KERNEL_ADAPTIVE_DEC_FLOOR_BEST_HIGH_WINDING=0,1
IDEAL_KERNEL_ADAPTIVE_DEC_FLOOR_BEST_HIGH_MAJOR_R=1.144235805076626e+00
IDEAL_KERNEL_ADAPTIVE_DEC_FLOOR_BEST_HIGH_MINOR_R=1.016226594670524e+00
IDEAL_KERNEL_ADAPTIVE_DEC_FLOOR_BEST_HIGH_GAP=6.421934813261032e-06
IDEAL_KERNEL_ADAPTIVE_DEC_FLOOR_BEST_HIGH_BETA_ORBIT=1.479902261355892e-02
IDEAL_KERNEL_ADAPTIVE_DEC_FLOOR_BEST_HIGH_SPIN_FRACTION=0.000000000000000e+00
IDEAL_KERNEL_ADAPTIVE_DEC_FLOOR_BEST_HIGH_BETA_SPIN=0.000000000000000e+00
IDEAL_KERNEL_ADAPTIVE_DEC_FLOOR_BEST_HIGH_Q_SCALAR=2.000000000000000e+00
IDEAL_KERNEL_ADAPTIVE_DEC_FLOOR_BEST_HIGH_F=1.000000000000000e+00
IDEAL_KERNEL_ADAPTIVE_DEC_FLOOR_BEST_HIGH_INTERACTION_DUTY=4.974636806641726e-01
IDEAL_KERNEL_ADAPTIVE_DEC_FLOOR_BEST_HIGH_RESET_DUTY=4.975363193358276e-01
IDEAL_KERNEL_ADAPTIVE_DEC_FLOOR_BEST_HIGH_K_INTERACTION=2.937768399772762e-01
IDEAL_KERNEL_ADAPTIVE_DEC_FLOOR_BEST_HIGH_K_RESET=8.755837224850396e-02
IDEAL_KERNEL_ADAPTIVE_DEC_FLOOR_BEST_HIGH_CURVATURE_NORM=1.000000000000000e+00
IDEAL_KERNEL_ADAPTIVE_DEC_FLOOR_BEST_HIGH_MEDIUM_RELERR=3.699091284803425e-08
IDEAL_KERNEL_ADAPTIVE_DEC_FLOOR_BEST_HIGH_BEATS_006D=YES
IDEAL_KERNEL_ADAPTIVE_DEC_FLOOR_BEST_HIGH_BEATS_024D_SCALAR=NO
SCALAR_DEC_FLOOR_NO_SPIN_HIGH_CONTIGUOUS_POSITIVE_CASES=6
SCALAR_DEC_FLOOR_NO_SPIN_BEST_HIGH_C=1.904617807598028e+01
SCALAR_DEC_FLOOR_NO_SPIN_BEST_HIGH_A=+5.845716530220536e-02
SCALAR_DEC_FLOOR_NO_SPIN_BEST_HIGH_WINDING=0,1
SCALAR_DEC_FLOOR_NO_SPIN_BEST_HIGH_MAJOR_R=1.466823964691290e+00
SCALAR_DEC_FLOOR_NO_SPIN_BEST_HIGH_MINOR_R=1.182602698675522e+00
SCALAR_DEC_FLOOR_NO_SPIN_BEST_HIGH_GAP=3.645625244826078e-02
SCALAR_DEC_FLOOR_NO_SPIN_BEST_HIGH_BETA_ORBIT=6.782774370536208e-02
SCALAR_DEC_FLOOR_NO_SPIN_BEST_HIGH_SPIN_FRACTION=0.000000000000000e+00
SCALAR_DEC_FLOOR_NO_SPIN_BEST_HIGH_BETA_SPIN=0.000000000000000e+00
SCALAR_DEC_FLOOR_NO_SPIN_BEST_HIGH_Q_SCALAR=1.930514367297292e+00
SCALAR_DEC_FLOOR_NO_SPIN_BEST_HIGH_F=8.557416573166847e-01
SCALAR_DEC_FLOOR_NO_SPIN_BEST_HIGH_INTERACTION_DUTY=5.411963911739601e-01
SCALAR_DEC_FLOOR_NO_SPIN_BEST_HIGH_RESET_DUTY=4.538036088260398e-01
SCALAR_DEC_FLOOR_NO_SPIN_BEST_HIGH_K_INTERACTION=2.062859946921730e-01
SCALAR_DEC_FLOOR_NO_SPIN_BEST_HIGH_K_RESET=6.026861846557624e-02
SCALAR_DEC_FLOOR_NO_SPIN_BEST_HIGH_CURVATURE_NORM=1.000000000000000e+00
SCALAR_DEC_FLOOR_NO_SPIN_BEST_HIGH_MEDIUM_RELERR=1.017369965192426e-07
SCALAR_DEC_FLOOR_NO_SPIN_BEST_HIGH_BEATS_006D=YES
SCALAR_DEC_FLOOR_NO_SPIN_BEST_HIGH_BEATS_024D_SCALAR=NO
SCALAR_CURVATURE_PROXY_NO_SPIN_HIGH_CONTIGUOUS_POSITIVE_CASES=8
SCALAR_CURVATURE_PROXY_NO_SPIN_BEST_HIGH_C=1.942611891432499e+01
SCALAR_CURVATURE_PROXY_NO_SPIN_BEST_HIGH_A=+5.762220620536525e-02
SCALAR_CURVATURE_PROXY_NO_SPIN_BEST_HIGH_WINDING=0,1
SCALAR_CURVATURE_PROXY_NO_SPIN_BEST_HIGH_MAJOR_R=1.466823964691290e+00
SCALAR_CURVATURE_PROXY_NO_SPIN_BEST_HIGH_MINOR_R=1.182602698675522e+00
SCALAR_CURVATURE_PROXY_NO_SPIN_BEST_HIGH_GAP=3.645625244826078e-02
SCALAR_CURVATURE_PROXY_NO_SPIN_BEST_HIGH_BETA_ORBIT=6.782774370536208e-02
SCALAR_CURVATURE_PROXY_NO_SPIN_BEST_HIGH_SPIN_FRACTION=0.000000000000000e+00
SCALAR_CURVATURE_PROXY_NO_SPIN_BEST_HIGH_BETA_SPIN=0.000000000000000e+00
SCALAR_CURVATURE_PROXY_NO_SPIN_BEST_HIGH_Q_SCALAR=1.930514367297292e+00
SCALAR_CURVATURE_PROXY_NO_SPIN_BEST_HIGH_F=8.557416573166847e-01
SCALAR_CURVATURE_PROXY_NO_SPIN_BEST_HIGH_INTERACTION_DUTY=5.411963911739601e-01
SCALAR_CURVATURE_PROXY_NO_SPIN_BEST_HIGH_RESET_DUTY=4.538036088260398e-01
SCALAR_CURVATURE_PROXY_NO_SPIN_BEST_HIGH_K_INTERACTION=2.062859946921730e-01
SCALAR_CURVATURE_PROXY_NO_SPIN_BEST_HIGH_K_RESET=6.026861846557624e-02
SCALAR_CURVATURE_PROXY_NO_SPIN_BEST_HIGH_CURVATURE_NORM=1.000000000000000e+00
SCALAR_CURVATURE_PROXY_NO_SPIN_BEST_HIGH_MEDIUM_RELERR=1.032111890725939e-07
SCALAR_CURVATURE_PROXY_NO_SPIN_BEST_HIGH_BEATS_006D=YES
SCALAR_CURVATURE_PROXY_NO_SPIN_BEST_HIGH_BEATS_024D_SCALAR=NO
KINETIC_DEC_FLOOR_NO_SPIN_HIGH_CONTIGUOUS_POSITIVE_CASES=0
KINETIC_DEC_FLOOR_WITH_SPIN_HIGH_CONTIGUOUS_POSITIVE_CASES=0
ELASTIC_CURVATURE_PROXY_WITH_SPIN_HIGH_CONTIGUOUS_POSITIVE_CASES=2
ELASTIC_CURVATURE_PROXY_WITH_SPIN_BEST_HIGH_C=7.763948290137856e+01
ELASTIC_CURVATURE_PROXY_WITH_SPIN_BEST_HIGH_A=+3.558218636498314e-02
ELASTIC_CURVATURE_PROXY_WITH_SPIN_BEST_HIGH_WINDING=0,1
ELASTIC_CURVATURE_PROXY_WITH_SPIN_BEST_HIGH_MAJOR_R=1.466823964691290e+00
ELASTIC_CURVATURE_PROXY_WITH_SPIN_BEST_HIGH_MINOR_R=1.182602698675522e+00
ELASTIC_CURVATURE_PROXY_WITH_SPIN_BEST_HIGH_GAP=3.645625244826078e-02
ELASTIC_CURVATURE_PROXY_WITH_SPIN_BEST_HIGH_BETA_ORBIT=6.782774370536208e-02
ELASTIC_CURVATURE_PROXY_WITH_SPIN_BEST_HIGH_SPIN_FRACTION=1.070001527667046e+00
ELASTIC_CURVATURE_PROXY_WITH_SPIN_BEST_HIGH_BETA_SPIN=1.616331050628796e-01
ELASTIC_CURVATURE_PROXY_WITH_SPIN_BEST_HIGH_Q_SCALAR=1.930514367297292e+00
ELASTIC_CURVATURE_PROXY_WITH_SPIN_BEST_HIGH_F=8.557416573166847e-01
ELASTIC_CURVATURE_PROXY_WITH_SPIN_BEST_HIGH_INTERACTION_DUTY=5.273065302163989e-01
ELASTIC_CURVATURE_PROXY_WITH_SPIN_BEST_HIGH_RESET_DUTY=4.454875410230302e-01
ELASTIC_CURVATURE_PROXY_WITH_SPIN_BEST_HIGH_K_INTERACTION=2.095987031174665e-01
ELASTIC_CURVATURE_PROXY_WITH_SPIN_BEST_HIGH_K_RESET=5.993805773546124e-02
ELASTIC_CURVATURE_PROXY_WITH_SPIN_BEST_HIGH_CURVATURE_NORM=1.000000000000000e+00
ELASTIC_CURVATURE_PROXY_WITH_SPIN_BEST_HIGH_MEDIUM_RELERR=3.229696098678651e-04
ELASTIC_CURVATURE_PROXY_WITH_SPIN_BEST_HIGH_BEATS_006D=NO
ELASTIC_CURVATURE_PROXY_WITH_SPIN_BEST_HIGH_BEATS_024D_SCALAR=NO

=== G — BATHTUB RELAXED BOUNDS / LOCALIZATION PENALTY ===
IDEAL_KERNEL_ADAPTIVE_DEC_FLOOR_BEST_RELAXED_BATHTUB_C=8.517759079206062e+00
IDEAL_KERNEL_ADAPTIVE_DEC_FLOOR_LOCALIZATION_PENALTY=1.000000006440502e+00
SCALAR_DEC_FLOOR_NO_SPIN_BEST_RELAXED_BATHTUB_C=1.904617793245348e+01
SCALAR_DEC_FLOOR_NO_SPIN_LOCALIZATION_PENALTY=1.000000007535727e+00
SCALAR_CURVATURE_PROXY_NO_SPIN_BEST_RELAXED_BATHTUB_C=1.942611876581383e+01
SCALAR_CURVATURE_PROXY_NO_SPIN_LOCALIZATION_PENALTY=1.000000007644922e+00
ELASTIC_CURVATURE_PROXY_WITH_SPIN_BEST_RELAXED_BATHTUB_C=7.763948265583350e+01
ELASTIC_CURVATURE_PROXY_WITH_SPIN_LOCALIZATION_PENALTY=1.000000003162631e+00

=== H — 65536-PHASE INDEPENDENT FINAL RECONSTRUCTION ===
INDEPENDENT_FAMILY=SCALAR_DEC_FLOOR_NO_SPIN
INDEPENDENT_HIGH_C_REFERENCE=1.904617807598028e+01
INDEPENDENT_65536_C=1.904617786197023e+01
INDEPENDENT_RELATIVE_DIFFERENCE=1.123637769825134e-08
INDEPENDENT_RECONSTRUCTION=PASS

=== I — DIRECTIONAL BUNDLE AUDIT ===
BUNDLE_N=1 ALL_OUTWARD=YES FLATNESS=1.017647581354812e+00 TRANSVERSE=6.762289059836126e-01 ONAXIS_RELERR=3.561014530475798e-16
BUNDLE_N=2 ALL_OUTWARD=YES FLATNESS=2.784227185181907e-01 TRANSVERSE=6.249154362126088e-01 ONAXIS_RELERR=3.561014530475798e-16
BUNDLE_N=4 ALL_OUTWARD=YES FLATNESS=1.270697194145113e-01 TRANSVERSE=4.610222003237556e-01 ONAXIS_RELERR=3.561014530475798e-16
BUNDLE_N=8 ALL_OUTWARD=YES FLATNESS=1.225652312041870e-01 TRANSVERSE=4.499601210390252e-01 ONAXIS_RELERR=5.935024217459661e-16

=== J — FIXED-GEOMETRY SPIN AUDIT ===
SPIN_AUDIT_UNRESTRICTED_BEST_C=1.164937314514120e+01
SPIN_AUDIT_UNRESTRICTED_BEST_BETA_ORBIT=3.897804775927216e-02
SPIN_AUDIT_UNRESTRICTED_BEST_SPIN_FRACTION=1.361647845245898e+00
SPIN_AUDIT_UNRESTRICTED_BEST_BETA_SPIN=8.922093441244215e-02
SPIN_AUDIT_KINETIC_LIMITED_POSITIVE_CASES=0

=== K — BLIND WILDCARD DIAGNOSTICS ===
WILDCARD_MAJOR_RADIUS_OVER_H=0.625000 ROLE=BLIND_WILDCARD_NOT_PHYSICS_PRIOR
WILDCARD_MAJOR_RADIUS_OVER_H=1.600000 ROLE=BLIND_WILDCARD_NOT_PHYSICS_PRIOR
WILDCARD_MAJOR_RADIUS_OVER_H=1.875000 ROLE=BLIND_WILDCARD_NOT_PHYSICS_PRIOR
WILDCARD_MAJOR_RADIUS_OVER_H=3.125000 ROLE=BLIND_WILDCARD_NOT_PHYSICS_PRIOR
WILDCARD_MAJOR_RADIUS_OVER_H=5.000000 ROLE=BLIND_WILDCARD_NOT_PHYSICS_PRIOR
WILDCARDS_USED_FOR_SELECTION=NO

=== L — DECISION ===
024D1_GEOMETRIC_TOP_BOTTOM_INTERPRETATION=SUPERSEDED_BY_KERNEL_ADAPTIVE_REPAIR
PURE_TOROIDAL_ORBIT=RED_EXACT_CONSTANT_KERNEL
KERNEL_ADAPTIVE_IDEAL_POSITIVE=YES
KERNEL_ADAPTIVE_IDEAL_BEATS_006D=YES
SCALAR_DEC_FLOOR_BEATS_006D=YES
SCALAR_DEC_FLOOR_BEATS_024D_SCALAR=NO
CURVATURE_PROXY_SCALAR_BEATS_006D=YES
KINETIC_LIMITED_NO_SPIN_BEATS_006D=NO
KINETIC_LIMITED_WITH_SPIN_BEATS_006D=NO
SPIN_CONSTRAINED_IMPROVEMENT_FACTOR=0.000000000000000e+00
GENUINE_SPIN_PROMOTION=NO
BEST_NONIDEAL_CONVERGENCE=PASS
BEST_NONIDEAL_INDEPENDENT=PASS
024D1R_INTERPRETATION=STRESS_CONVERSION_PLUS_KERNEL_PLACEMENT_SURVIVES_SPIN_KINETICS_DO_NOT
024D1R_DECISION=YELLOW_KERNEL_ADAPTIVE_SCALAR_ORBIT_HEADROOM_KINETIC_DRIVER_NOT_PROMOTED
NEXT=024D2_MINIMAL_CANONICAL_SCALAR_POLoidal_TRANSPORT_FIELD_PREFLIGHT
MICROSCOPIC_FIELD_REALIZATION=NO
DYNAMIC_LOCAL_TMUNU_CONSERVATION=NOT_ESTABLISHED
FULL_STABILITY=NO
NONLINEAR_GR=NO
REMOVES_1_OVER_G_SCALING=NO
CURRENT_KNOWLEDGE_HEURISTIC=70_TO_71_PERCENT_RETAIN_UNLESS_LATER_MICROSCOPIC_PROMOTION_IS_EARNED
PRACTICAL_ANTIGRAVITY_DEVICE=NO
SUMMARY_JSON=results/data/024d1r_kernel_adaptive_internal_orbit_repair_summary.json
TOP_CSV=results/data/024d1r_kernel_adaptive_internal_orbit_repair_top.csv
WINDING_CSV=results/data/024d1r_kernel_adaptive_winding_summary.csv
SPIN_CSV=results/data/024d1r_kernel_adaptive_spin_audit.csv
BEST_PROFILES_NPZ=results/data/024d1r_kernel_adaptive_best_profiles.npz
024D1R_RUN_COMPLETE=YES
