=== 024D COUNTERROTATING TOROIDAL STRESS-CONVERSION CAMPAIGN ===

=== A — ANALYTIC STRESS IDENTITIES ===
C_006D=23.591586299248998
COUNTERROTATION_CANCELS_T0S=YES
COUNTERROTATION_CANCELS_TSS=NO
TWO_STREAM_TANGENTIAL_PRESSURE=BETA2_TIMES_PACKET_ENERGY
MINIMUM_DEC_GUIDE_ENERGY=BETA2_TIMES_PACKET_ENERGY
MINIMUM_SUPPORT_COUNTERFLOW_ACTIVE_OVER_TOTAL_ENERGY=1
CIRCULATION_ALONE_NEGATIVE_ACTIVE_SOURCE=NO
LINEAR_MAXWELL_ACTIVE_OVER_RHO=2
PURE_LINEAR_EM_COUNTERROTATION=RED
CANONICAL_SCALAR_ACTIVE_IDENTITY=S_EQUALS_2_PHIDOT2_MINUS_2V
DEC_NEGATIVE_ACTIVE_LIMIT_MINUS_S_OVER_RHO=2
DEC_POSITIVE_TRACE_LIMIT_TRACE_OVER_RHO=3
FULL_CYCLE_VIRIAL_COMPENSATION=MANDATORY
OLD_018B_KLS_REALIZATION_REOPENED=NO

=== B — BUILD 2^19 LOW-DISCREPANCY CAMPAIGN ===
BASE_SOBOL_CASES=524288
GEOMETRY_FEATURE_BUILD=BEGIN
GEOMETRY_FEATURE_BUILD=PASS
GEOMETRY_A_MIN=4.000013146e-01
GEOMETRY_A_MAX=7.999960851e+00
GEOMETRY_B_MIN=2.005690491e-01
GEOMETRY_B_MAX=3.185199753e+01
CURVATURE_CONCENTRATION_MAX=1.092235249e+01

=== C — MULTI-FAMILY STRESS-CONVERSION CAMPAIGN ===
FAMILY_BEGIN=IDEAL_DEC_SPINNING_CEILING
IDEAL_DEC_SPINNING_CEILING_COARSE_POSITIVE_CASES=131378
IDEAL_DEC_SPINNING_CEILING_COARSE_BEATS_006D_CASES=33757
IDEAL_DEC_SPINNING_CEILING_COARSE_SPIN_PULSELIKE_BEATS_006D_CASES=6535
IDEAL_DEC_SPINNING_CEILING_BEST_COARSE_C=1.248706477719900e+01
IDEAL_DEC_SPINNING_CEILING_BEST_COARSE_BETA=1.000000000000000e+00
IDEAL_DEC_SPINNING_CEILING_BEST_COARSE_DUTY=3.324026863330428e-01
FAMILY_END=IDEAL_DEC_SPINNING_CEILING
FAMILY_BEGIN=CANONICAL_SCALAR_TRANSPORT
CANONICAL_SCALAR_TRANSPORT_COARSE_POSITIVE_CASES=15624
CANONICAL_SCALAR_TRANSPORT_COARSE_BEATS_006D_CASES=908
CANONICAL_SCALAR_TRANSPORT_COARSE_SPIN_PULSELIKE_BEATS_006D_CASES=2
CANONICAL_SCALAR_TRANSPORT_BEST_COARSE_C=6.560112443232057e+00
CANONICAL_SCALAR_TRANSPORT_BEST_COARSE_BETA=1.158588056857698e-01
CANONICAL_SCALAR_TRANSPORT_BEST_COARSE_DUTY=3.388321208310684e-01
FAMILY_END=CANONICAL_SCALAR_TRANSPORT
FAMILY_BEGIN=MASSIVE_HEADON_COLLIDER
MASSIVE_HEADON_COLLIDER_COARSE_POSITIVE_CASES=0
MASSIVE_HEADON_COLLIDER_COARSE_BEATS_006D_CASES=0
MASSIVE_HEADON_COLLIDER_COARSE_SPIN_PULSELIKE_BEATS_006D_CASES=0
MASSIVE_HEADON_COLLIDER_BEST_COARSE_C=inf
MASSIVE_HEADON_COLLIDER_BEST_COARSE_BETA=nan
MASSIVE_HEADON_COLLIDER_BEST_COARSE_DUTY=nan
FAMILY_END=MASSIVE_HEADON_COLLIDER
FAMILY_BEGIN=MASSLESS_HYBRID_COLLIDER
MASSLESS_HYBRID_COLLIDER_COARSE_POSITIVE_CASES=176
MASSLESS_HYBRID_COLLIDER_COARSE_BEATS_006D_CASES=0
MASSLESS_HYBRID_COLLIDER_COARSE_SPIN_PULSELIKE_BEATS_006D_CASES=0
MASSLESS_HYBRID_COLLIDER_BEST_COARSE_C=4.186945203321724e+01
MASSLESS_HYBRID_COLLIDER_BEST_COARSE_BETA=1.000000000000000e+00
MASSLESS_HYBRID_COLLIDER_BEST_COARSE_DUTY=2.474572562627800e-01
FAMILY_END=MASSLESS_HYBRID_COLLIDER
FAMILY_BEGIN=ELASTIC_VORTON_CONVERTER
ELASTIC_VORTON_CONVERTER_COARSE_POSITIVE_CASES=2
ELASTIC_VORTON_CONVERTER_COARSE_BEATS_006D_CASES=0
ELASTIC_VORTON_CONVERTER_COARSE_SPIN_PULSELIKE_BEATS_006D_CASES=0
ELASTIC_VORTON_CONVERTER_BEST_COARSE_C=8.080624339830698e+01
ELASTIC_VORTON_CONVERTER_BEST_COARSE_BETA=9.945433511869051e-01
ELASTIC_VORTON_CONVERTER_BEST_COARSE_DUTY=3.501388453246696e-01
FAMILY_END=ELASTIC_VORTON_CONVERTER

=== D — HIGH-RESOLUTION FINITE-RESET-WINDOW REFINEMENT ===
IDEAL_DEC_SPINNING_CEILING_BEST_REFINED_C=1.504466443308904e+01
IDEAL_DEC_SPINNING_CEILING_BEST_REFINED_A=+1.329374948105340e-01
IDEAL_DEC_SPINNING_CEILING_BEST_REFINED_A_OVER_H=1.738031279561677e+00
IDEAL_DEC_SPINNING_CEILING_BEST_REFINED_B_OVER_H=2.612483514356434e+00
IDEAL_DEC_SPINNING_CEILING_BEST_REFINED_ASPECT=1.503128019085646e+00
IDEAL_DEC_SPINNING_CEILING_BEST_REFINED_BETA=1.000000000000000e+00
IDEAL_DEC_SPINNING_CEILING_BEST_REFINED_CROSSING_DEG=3.780662801116704e+01
IDEAL_DEC_SPINNING_CEILING_BEST_REFINED_Q=2.000000000000000e+00
IDEAL_DEC_SPINNING_CEILING_BEST_REFINED_F=1.000000000000000e+00
IDEAL_DEC_SPINNING_CEILING_BEST_REFINED_INTERACTION_DUTY=3.303759612555715e-01
IDEAL_DEC_SPINNING_CEILING_BEST_REFINED_RESET_DUTY=6.607519225111430e-01
IDEAL_DEC_SPINNING_CEILING_BEST_REFINED_DUTY_CLASS=BROAD_INTERACTION
IDEAL_DEC_SPINNING_CEILING_BEST_REFINED_INTERACTION_ARC_OVER_H=4.561151590075382e+00
IDEAL_DEC_SPINNING_CEILING_BEST_REFINED_CURVATURE_CONCENTRATION=1.900310553660830e+00
IDEAL_DEC_SPINNING_CEILING_BEST_REFINED_NEGATIVE_PACKET_AT_INTERACTION=YES
IDEAL_DEC_SPINNING_CEILING_BEST_REFINED_BEATS_006D=YES
IDEAL_DEC_SPINNING_CEILING_BEST_REFINED_C_AFTER_25PCT_LOSS=2.005955257745205e+01
CANONICAL_SCALAR_TRANSPORT_BEST_REFINED_C=6.610457607426174e+00
CANONICAL_SCALAR_TRANSPORT_BEST_REFINED_A=+1.548442338586440e-01
CANONICAL_SCALAR_TRANSPORT_BEST_REFINED_A_OVER_H=1.973478887530195e+00
CANONICAL_SCALAR_TRANSPORT_BEST_REFINED_B_OVER_H=1.789626718494484e+00
CANONICAL_SCALAR_TRANSPORT_BEST_REFINED_ASPECT=9.068385427392121e-01
CANONICAL_SCALAR_TRANSPORT_BEST_REFINED_BETA=1.158588056857698e-01
CANONICAL_SCALAR_TRANSPORT_BEST_REFINED_CROSSING_DEG=8.529518024995923e+01
CANONICAL_SCALAR_TRANSPORT_BEST_REFINED_Q=1.815037183463573e+00
CANONICAL_SCALAR_TRANSPORT_BEST_REFINED_F=9.429149525240064e-01
CANONICAL_SCALAR_TRANSPORT_BEST_REFINED_INTERACTION_DUTY=3.408269959758854e-01
CANONICAL_SCALAR_TRANSPORT_BEST_REFINED_RESET_DUTY=3.043567523820772e-01
CANONICAL_SCALAR_TRANSPORT_BEST_REFINED_DUTY_CLASS=BROAD_INTERACTION
CANONICAL_SCALAR_TRANSPORT_BEST_REFINED_INTERACTION_ARC_OVER_H=4.031710945956677e+00
CANONICAL_SCALAR_TRANSPORT_BEST_REFINED_CURVATURE_CONCENTRATION=1.160067092253838e+00
CANONICAL_SCALAR_TRANSPORT_BEST_REFINED_NEGATIVE_PACKET_AT_INTERACTION=YES
CANONICAL_SCALAR_TRANSPORT_BEST_REFINED_BEATS_006D=YES
CANONICAL_SCALAR_TRANSPORT_BEST_REFINED_C_AFTER_25PCT_LOSS=8.813943476568232e+00
MASSIVE_HEADON_COLLIDER_REFINED_POSITIVE_CASES=0
MASSLESS_HYBRID_COLLIDER_BEST_REFINED_C=4.207314007566449e+01
MASSLESS_HYBRID_COLLIDER_BEST_REFINED_A=+7.057756158470649e-02
MASSLESS_HYBRID_COLLIDER_BEST_REFINED_A_OVER_H=3.288102307522551e+00
MASSLESS_HYBRID_COLLIDER_BEST_REFINED_B_OVER_H=3.472906318931940e+00
MASSLESS_HYBRID_COLLIDER_BEST_REFINED_ASPECT=1.056203850770273e+00
MASSLESS_HYBRID_COLLIDER_BEST_REFINED_BETA=1.000000000000000e+00
MASSLESS_HYBRID_COLLIDER_BEST_REFINED_CROSSING_DEG=1.493665517494082e+02
MASSLESS_HYBRID_COLLIDER_BEST_REFINED_Q=1.957390930503607e+00
MASSLESS_HYBRID_COLLIDER_BEST_REFINED_F=9.440348120406270e-01
MASSLESS_HYBRID_COLLIDER_BEST_REFINED_INTERACTION_DUTY=1.899080584948660e-01
MASSLESS_HYBRID_COLLIDER_BEST_REFINED_RESET_DUTY=3.547401634936476e-01
MASSLESS_HYBRID_COLLIDER_BEST_REFINED_DUTY_CLASS=PULSE_LIKE
MASSLESS_HYBRID_COLLIDER_BEST_REFINED_INTERACTION_ARC_OVER_H=4.034464255731449e+00
MASSLESS_HYBRID_COLLIDER_BEST_REFINED_CURVATURE_CONCENTRATION=1.086088048100196e+00
MASSLESS_HYBRID_COLLIDER_BEST_REFINED_NEGATIVE_PACKET_AT_INTERACTION=YES
MASSLESS_HYBRID_COLLIDER_BEST_REFINED_BEATS_006D=NO
MASSLESS_HYBRID_COLLIDER_BEST_REFINED_C_AFTER_25PCT_LOSS=5.609752010088599e+01
ELASTIC_VORTON_CONVERTER_BEST_REFINED_C=8.523829161894024e+01
ELASTIC_VORTON_CONVERTER_BEST_REFINED_A=+3.983923430367989e-02
ELASTIC_VORTON_CONVERTER_BEST_REFINED_A_OVER_H=4.262145304531053e+00
ELASTIC_VORTON_CONVERTER_BEST_REFINED_B_OVER_H=3.660428611391704e+00
ELASTIC_VORTON_CONVERTER_BEST_REFINED_ASPECT=8.588230456386202e-01
ELASTIC_VORTON_CONVERTER_BEST_REFINED_BETA=9.945433511869051e-01
ELASTIC_VORTON_CONVERTER_BEST_REFINED_CROSSING_DEG=1.624388387147337e+02
ELASTIC_VORTON_CONVERTER_BEST_REFINED_Q=1.972396854311228e+00
ELASTIC_VORTON_CONVERTER_BEST_REFINED_F=8.670614771544933e-01
ELASTIC_VORTON_CONVERTER_BEST_REFINED_INTERACTION_DUTY=3.477631404762399e-01
ELASTIC_VORTON_CONVERTER_BEST_REFINED_RESET_DUTY=5.940289990797263e-01
ELASTIC_VORTON_CONVERTER_BEST_REFINED_DUTY_CLASS=BROAD_INTERACTION
ELASTIC_VORTON_CONVERTER_BEST_REFINED_INTERACTION_ARC_OVER_H=8.668137398867652e+00
ELASTIC_VORTON_CONVERTER_BEST_REFINED_CURVATURE_CONCENTRATION=1.261905223824785e+00
ELASTIC_VORTON_CONVERTER_BEST_REFINED_NEGATIVE_PACKET_AT_INTERACTION=YES
ELASTIC_VORTON_CONVERTER_BEST_REFINED_BEATS_006D=NO
ELASTIC_VORTON_CONVERTER_BEST_REFINED_C_AFTER_25PCT_LOSS=1.136510554919203e+02

=== E — FINITE-PAYLOAD / DIRECTIONAL VECTOR AUDIT ===
IDEAL_DEC_SPINNING_CEILING_VECTOR_ONAXIS_RELERR=5.290123960007107e-05
IDEAL_DEC_SPINNING_CEILING_VECTOR_ONAXIS_CONSISTENCY=PASS
IDEAL_DEC_SPINNING_CEILING_PLANE_ALL_AXIAL_OUTWARD=YES
IDEAL_DEC_SPINNING_CEILING_PLANE_AXIAL_FLATNESS=3.652327599013487e-01
IDEAL_DEC_SPINNING_CEILING_PLANE_MAX_TRANSVERSE_FRACTION=7.399645696377223e-01
CANONICAL_SCALAR_TRANSPORT_VECTOR_ONAXIS_RELERR=3.436940210043550e-05
CANONICAL_SCALAR_TRANSPORT_VECTOR_ONAXIS_CONSISTENCY=PASS
CANONICAL_SCALAR_TRANSPORT_PLANE_ALL_AXIAL_OUTWARD=YES
CANONICAL_SCALAR_TRANSPORT_PLANE_AXIAL_FLATNESS=2.436584153369640e-01
CANONICAL_SCALAR_TRANSPORT_PLANE_MAX_TRANSVERSE_FRACTION=4.928412421534685e-01
MASSLESS_HYBRID_COLLIDER_VECTOR_ONAXIS_RELERR=1.867733699487071e-04
MASSLESS_HYBRID_COLLIDER_VECTOR_ONAXIS_CONSISTENCY=PASS
MASSLESS_HYBRID_COLLIDER_PLANE_ALL_AXIAL_OUTWARD=YES
MASSLESS_HYBRID_COLLIDER_PLANE_AXIAL_FLATNESS=3.992728695095615e-01
MASSLESS_HYBRID_COLLIDER_PLANE_MAX_TRANSVERSE_FRACTION=8.542653263583062e-01
ELASTIC_VORTON_CONVERTER_VECTOR_ONAXIS_RELERR=3.091411720488439e-04
ELASTIC_VORTON_CONVERTER_VECTOR_ONAXIS_CONSISTENCY=PASS
ELASTIC_VORTON_CONVERTER_PLANE_ALL_AXIAL_OUTWARD=YES
ELASTIC_VORTON_CONVERTER_PLANE_AXIAL_FLATNESS=4.266879179494589e-01
ELASTIC_VORTON_CONVERTER_PLANE_MAX_TRANSVERSE_FRACTION=1.061914993746992e+00

=== F — BLIND WILDCARD GEOMETRY CHECK ===
WILDCARD_A_OVER_H=0.625000 A=-3.460474694640e-01 C=inf VIRIAL=YES
WILDCARD_A_OVER_H=1.600000 A=-6.545118270918e-03 C=inf VIRIAL=YES
WILDCARD_A_OVER_H=1.875000 A=+1.802983419381e-02 C=1.055195505155e+02 VIRIAL=YES
WILDCARD_A_OVER_H=3.125000 A=+5.261071372107e-02 C=3.616183597293e+01 VIRIAL=YES
WILDCARD_A_OVER_H=5.000000 A=+5.073231769548e-02 C=3.750075073289e+01 VIRIAL=YES
WILDCARDS_ARE_PHYSICS_PRIORS=NO

=== G — DOES MORE SPIN ACTUALLY HELP? ===
SPIN_SWEEP_UNRESTRICTED_BEST_BETA=5.000000000000000e-02
SPIN_SWEEP_UNRESTRICTED_BEST_C=6.475236081326344e+00
SPIN_SWEEP_KINETIC_LIMITED_BEST_BETA=9.990000000000000e-01
SPIN_SWEEP_KINETIC_LIMITED_BEST_C=5.784254556475891e+01

=== H — 024D DECISION ===
CIRCULATION_ALONE=RED_ANALYTIC
PURE_LINEAR_EM_COUNTERROTATION=RED_ANALYTIC
IDEAL_DEC_SPINNING_CEILING_BEATS_006D=YES
CANONICAL_SCALAR_TRANSPORT_BEATS_006D=YES
KINEMATICALLY_CONSTRAINED_FAMILY_BEATS_006D=NO
SPIN_BETA_GE0P5_PULSELIKE_CONSTRAINED_BEATS_006D=NO
SPIN_INTERPRETATION=STRESS_CONVERSION_IS_PROMISING_SPIN_IS_NOT_YET_THE_DRIVER
024D_DECISION=YELLOW_SCALAR_STRESS_CONVERSION_HEADROOM_COUNTERROTATION_NOT_YET_PROMOTED
NEXT=024D1_MINIMAL_CANONICAL_SCALAR_INTERACTION_ZONE_FIELD_PREFILTER_WITH_FULL_CONSERVATION
MICROSCOPIC_FIELD_REALIZATION=NO
FULL_STABILITY=NO
NONLINEAR_GR=NO
REMOVES_1_OVER_G_SCALING=NO
CURRENT_KNOWLEDGE_HEURISTIC=70_TO_71_PERCENT_RETAIN_UNLESS_A_LATER_MICROSCOPIC_PROMOTION_IS_EARNED
PRACTICAL_ANTIGRAVITY_DEVICE=NO
SUMMARY_JSON=results/data/024d_counterrotating_toroidal_stress_conversion_summary.json
TOP_CSV=results/data/024d_counterrotating_toroidal_stress_conversion_top.csv
BETA_SWEEP_CSV=results/data/024d_counterrotating_toroidal_beta_sweeps.csv
BEST_PROFILES_NPZ=results/data/024d_counterrotating_toroidal_best_profiles.npz
024D_RUN_COMPLETE=YES
