=== 024E1 TEACHER-GUIDED ANISOTROPIC CLOSE-PASS RESCUE ===

=== A — SCIENTIFIC ANCHORS ===
C_006D=2.359158629924900e+01
C_024D1R=1.904617786197023e+01
C_024D_SCALAR=6.610457607426174e+00
TEACHER_PRODUCTIVE_ENERGY_REFERENCE=1.970000000000000e-01
TEACHER_GROSS_OUTWARD_SHARE_REFERENCE=9.200000000000000e-01
TEACHER_CANCELLATION_REFERENCE=1.060000000000000e+00
PORTAL_NEGATIVE_ACTIVE_DEC_RATIO=MINUS_S_OVER_RHO_EQUALS_2
LOCAL_NEGATIVE_ACTIVE_CONSTITUTIVE_HEADROOM_LEFT=NONE_WITHIN_TYPE_I_DEC
PRIMARY_REMAINING_LEVER=PARTICIPATION_PLUS_KERNEL_PLACEMENT
ENERGY_COLLIDER_MODEL=NO
STRICT_HALF_AMPLITUDE_CORE_OVERLAP=FORBIDDEN
LOW_AMPLITUDE_FIELD_SUPPORT_OVERLAP=ALLOWED
LAB_LOCKED_ANISOTROPIC_SHAPE=OPTIMISTIC_PREFILTER_NOT_FIELD_REALIZATION

=== B — PROFILE TABLES ===
PROFILE_N=1.250000 C2=7.710628438352e-01 CG_AXIS=2.570213236137e+00 R_HALF=6.524192076430e-01
PROFILE_N=1.500000 C2=6.382918407294e-01 CG_AXIS=2.154234962462e+00 R_HALF=6.083087004577e-01
PROFILE_N=2.000000 C2=4.642122478032e-01 CG_AXIS=1.702111575278e+00 R_HALF=5.411961001462e-01
PROFILE_N=2.500000 C2=3.570863444640e-01 CG_AXIS=1.450663274385e+00 R_HALF=4.920789740934e-01
PROFILE_N=3.000000 C2=2.856690755712e-01 CG_AXIS=1.285510840070e+00 R_HALF=4.542020189474e-01
PROFILE_N=4.000000 C2=1.981110616964e-01 CG_AXIS=1.075460049209e+00 R_HALF=3.988779070672e-01
PROFILE_N=6.000000 C2=1.155032608151e-01 CG_AXIS=8.505240114569e-01 R_HALF=3.303048317232e-01
PROFILE_N=8.000000 C2=7.774190555016e-02 CG_AXIS=7.255911184682e-01 R_HALF=2.880901886482e-01

=== C — 024E SPHERICAL REGRESSION ===
SPHERICAL_024E_OLD_G006D=1.785714047414459e+04
SPHERICAL_024E_REBUILT_G006D=1.785024587955263e+04
SPHERICAL_024E_G006D_RELERR=3.860973486735628e-04
SPHERICAL_024E_REGRESSION=PASS

=== D — BUILD 2^19 MORPHOLOGY CAMPAIGN ===
BASE_SOBOL_CASES=2048
TOTAL_KINEMATIC_CASES=4096
SCAN_PROGRESS=0/2048

=== E — COARSE COUNTS ===
PARALLEL_AT_THROAT_STRICT=1053
PARALLEL_AT_THROAT_LOOSE=1682
PARALLEL_AT_THROAT_STRICT_ACTUAL_POSITIVE=0
PARALLEL_AT_THROAT_STRICT_ACTUAL_BEATS_006D=0
PARALLEL_AT_THROAT_STRICT_CEILING_POSITIVE=0
PARALLEL_AT_THROAT_STRICT_CEILING_BEATS_006D=0
PARALLEL_AT_THROAT_LOOSE_ACTUAL_BEATS_006D=0
ANTIPARALLEL_AT_THROAT_STRICT=1053
ANTIPARALLEL_AT_THROAT_LOOSE=1682
ANTIPARALLEL_AT_THROAT_STRICT_ACTUAL_POSITIVE=0
ANTIPARALLEL_AT_THROAT_STRICT_ACTUAL_BEATS_006D=0
ANTIPARALLEL_AT_THROAT_STRICT_CEILING_POSITIVE=0
ANTIPARALLEL_AT_THROAT_STRICT_CEILING_BEATS_006D=0
ANTIPARALLEL_AT_THROAT_LOOSE_ACTUAL_BEATS_006D=0
MAX_STRICT_PEAK_PORTAL_PARTICIPATION=1.027664782261959e-04
MAX_STRICT_CYCLE_PORTAL_PARTICIPATION=4.386407674470817e-06
PARTICIPATION_FACTOR_VS_024E_BEST=1.646423540268230e-02
PARTICIPATION_RATIO_VS_TEACHER_REFERENCE=5.216572498791669e-04
REFINEMENT_CANDIDATES=45

=== F — MEDIUM/HIGH REFINEMENT ===
REFINEMENT_PROGRESS=0/45
REFINEMENT_PROGRESS=30/45

=== G — BEST REFINED RESULTS ===
BEST_STRICT_ACTUAL_SURVIVOR=NO
BEST_STRICT_TEACHER_CEILING_SURVIVOR=NO
MIN_STRICT_G_ACTUAL_SURVIVOR=YES
MIN_STRICT_G_ACTUAL_G006D_ACTUAL=1.178290283547509e+07
MIN_STRICT_G_ACTUAL_DIRECTION_CLASS=PARALLEL_AT_THROAT
MIN_STRICT_G_ACTUAL_R=1.983455357820689e+00
MIN_STRICT_G_ACTUAL_AX=5.835603786441916e-01
MIN_STRICT_G_ACTUAL_AY=6.889634772641090e-01
MIN_STRICT_G_ACTUAL_AZ=3.310790425242918e-01
MIN_STRICT_G_ACTUAL_AY_RATIO=1.180620724910770e+00
MIN_STRICT_G_ACTUAL_AZ_RATIO=5.673432512561948e-01
MIN_STRICT_G_ACTUAL_CLEARANCE=6.993711553514004e-03
MIN_STRICT_G_ACTUAL_CORE_GAP_FACTOR=1.182846202515066e+00
MIN_STRICT_G_ACTUAL_D0=4.559938649777573e-01
MIN_STRICT_G_ACTUAL_EXPONENT=6.000000000000000e+00
MIN_STRICT_G_ACTUAL_BETA=3.025440956652165e-01
MIN_STRICT_G_ACTUAL_M=1.160257726188527e+00
MIN_STRICT_G_ACTUAL_OMEGA_RATIO=2.040112173184752e+00
MIN_STRICT_G_ACTUAL_GUIDE_MULTIPLIER=2.574367227032781e+00
MIN_STRICT_G_ACTUAL_GCAP=1.256637061435917e+01
MIN_STRICT_G_ACTUAL_PEAK_PARTICIPATION=1.047536873316428e-04
MIN_STRICT_G_ACTUAL_CYCLE_PARTICIPATION=4.386457758582921e-06
MIN_STRICT_G_ACTUAL_OVERLAP_DUTY=7.031250000000000e-02
MIN_STRICT_G_ACTUAL_KU=5.411572401327944e-01
MIN_STRICT_G_ACTUAL_KG=1.155763427996052e-01
MIN_STRICT_G_ACTUAL_KO=1.685962145527416e-02
MIN_STRICT_G_ACTUAL_CANCELLATION_ACTUAL=1.000088739696754e+00
MIN_STRICT_G_ACTUAL_G006D_ACTUAL=1.178290283547509e+07
MIN_STRICT_G_ACTUAL_G006D_TEACHER=4.574166507393247e+06
MIN_STRICT_G_ACTUAL_G19_ACTUAL=inf
MIN_STRICT_G_ACTUAL_G66_ACTUAL=inf
MIN_STRICT_G_ACTUAL_ACTUAL_MEDIUM_HIGH_RELERR=inf
MIN_STRICT_G_ACTUAL_CEILING_MEDIUM_HIGH_RELERR=inf
MIN_STRICT_G_TEACHER_CEILING_SURVIVOR=YES
MIN_STRICT_G_TEACHER_CEILING_G006D_TEACHER=4.574166507393247e+06
MIN_STRICT_G_TEACHER_CEILING_DIRECTION_CLASS=PARALLEL_AT_THROAT
MIN_STRICT_G_TEACHER_CEILING_R=1.983455357820689e+00
MIN_STRICT_G_TEACHER_CEILING_AX=5.835603786441916e-01
MIN_STRICT_G_TEACHER_CEILING_AY=6.889634772641090e-01
MIN_STRICT_G_TEACHER_CEILING_AZ=3.310790425242918e-01
MIN_STRICT_G_TEACHER_CEILING_AY_RATIO=1.180620724910770e+00
MIN_STRICT_G_TEACHER_CEILING_AZ_RATIO=5.673432512561948e-01
MIN_STRICT_G_TEACHER_CEILING_CLEARANCE=6.993711553514004e-03
MIN_STRICT_G_TEACHER_CEILING_CORE_GAP_FACTOR=1.182846202515066e+00
MIN_STRICT_G_TEACHER_CEILING_D0=4.559938649777573e-01
MIN_STRICT_G_TEACHER_CEILING_EXPONENT=6.000000000000000e+00
MIN_STRICT_G_TEACHER_CEILING_BETA=3.025440956652165e-01
MIN_STRICT_G_TEACHER_CEILING_M=1.160257726188527e+00
MIN_STRICT_G_TEACHER_CEILING_OMEGA_RATIO=2.040112173184752e+00
MIN_STRICT_G_TEACHER_CEILING_GUIDE_MULTIPLIER=2.574367227032781e+00
MIN_STRICT_G_TEACHER_CEILING_GCAP=1.256637061435917e+01
MIN_STRICT_G_TEACHER_CEILING_PEAK_PARTICIPATION=1.047536873316428e-04
MIN_STRICT_G_TEACHER_CEILING_CYCLE_PARTICIPATION=4.386457758582921e-06
MIN_STRICT_G_TEACHER_CEILING_OVERLAP_DUTY=7.031250000000000e-02
MIN_STRICT_G_TEACHER_CEILING_KU=5.411572401327944e-01
MIN_STRICT_G_TEACHER_CEILING_KG=1.155763427996052e-01
MIN_STRICT_G_TEACHER_CEILING_KO=1.685962145527416e-02
MIN_STRICT_G_TEACHER_CEILING_CANCELLATION_ACTUAL=1.000088739696754e+00
MIN_STRICT_G_TEACHER_CEILING_G006D_ACTUAL=1.178290283547509e+07
MIN_STRICT_G_TEACHER_CEILING_G006D_TEACHER=4.574166507393247e+06
MIN_STRICT_G_TEACHER_CEILING_G19_ACTUAL=inf
MIN_STRICT_G_TEACHER_CEILING_G66_ACTUAL=inf
MIN_STRICT_G_TEACHER_CEILING_ACTUAL_MEDIUM_HIGH_RELERR=inf
MIN_STRICT_G_TEACHER_CEILING_CEILING_MEDIUM_HIGH_RELERR=inf
BEST_LOOSE_CORE_OVERLAP_SURVIVOR=NO

=== H — INDEPENDENT 4-D FINITE-VOLUME CUBATURE ===
INDEPENDENT_SEED_DIRECTION=PARALLEL_AT_THROAT
INDEPENDENT_SEED_EXPONENT=6.00000000
INDEPENDENT_KG_VOLUME=1.151215671972022e-01
INDEPENDENT_KG_LINE=1.155763427996052e-01
INDEPENDENT_KO=1.687488890915208e-02
INDEPENDENT_KU=5.448858235191114e-01
INDEPENDENT_UA=1.130678623437081e-06
INDEPENDENT_U1=2.773641534049061e-05
INDEPENDENT_GCAP=1.256637061435917e+01
INDEPENDENT_UPEAK=3.485460746824021e-04
INDEPENDENT_INVENTORY=2.593137332865275e+00
INDEPENDENT_BASELINE=2.765123707797894e-01
INDEPENDENT_GAIN=1.500451484839661e-05
INDEPENDENT_A=-2.764973662649410e-01
INDEPENDENT_C=inf
INDEPENDENT_OVERLAP_UA_RELATIVE_ERROR=1.994701285214476e-01
INDEPENDENT_OVERLAP_KU_RELATIVE_ERROR=6.842870974759741e-03
INDEPENDENT_C_RELATIVE_ERROR=inf
INDEPENDENT_CUBATURE=FAIL

=== I — PROFILE-EXPONENT SUMMARY ===
PROFILE_EXPONENT=1.250000 BEST_ACTUAL_C=inf BEST_CEILING_C=inf
PROFILE_EXPONENT=1.500000 BEST_ACTUAL_C=inf BEST_CEILING_C=inf
PROFILE_EXPONENT=2.000000 BEST_ACTUAL_C=inf BEST_CEILING_C=inf
PROFILE_EXPONENT=2.500000 BEST_ACTUAL_C=inf BEST_CEILING_C=inf
PROFILE_EXPONENT=3.000000 BEST_ACTUAL_C=inf BEST_CEILING_C=inf
PROFILE_EXPONENT=4.000000 BEST_ACTUAL_C=inf BEST_CEILING_C=inf
PROFILE_EXPONENT=6.000000 BEST_ACTUAL_C=inf BEST_CEILING_C=inf
PROFILE_EXPONENT=8.000000 BEST_ACTUAL_C=inf BEST_CEILING_C=inf

=== J — 024E1 DECISION ===
STRICT_ACTUAL_BEATS_006D=NO
STRICT_ACTUAL_BEATS_024D1R=NO
STRICT_ACTUAL_BEATS_024D_SCALAR=NO
STRICT_TEACHER_ROUTING_CEILING_BEATS_006D=NO
STRICT_TEACHER_ROUTING_CEILING_BEATS_024D1R=NO
LOOSE_CORE_OVERLAP_BEATS_006D=NO
TEACHER_LIKE_GE10PCT_PEAK_PARTICIPATION=NO
024E1_INTERPRETATION=EVEN_INTROSPECTIVE_GUIDED_PROFILE_SHAPING_DOES_NOT_RESCUE_PERTURBATIVE_CLOSE_PASS_PORTAL
024E1_DECISION=RED_TEACHER_GUIDED_ANISOTROPIC_CLOSE_PASS_NO_STRICT_006D_ADVANCE
NEXT=CLOSE_024E_AND_024E1_PER_STOP_RULE_RETURN_TO_024D2_MINIMAL_POLOIDAL_SCALAR_TRANSPORT_PREFLIGHT
MICROSCOPIC_ANISOTROPIC_PACKET_FIELD=NO
SHAPE_ORIENTATION_DYNAMICS=NOT_ESTABLISHED
FULL_LOCAL_DYNAMIC_TMUNU_CONSERVATION=NOT_ESTABLISHED
FULL_STABILITY=NO
NONLINEAR_GR=NO
REMOVES_1_OVER_G_SCALING=NO
CURRENT_KNOWLEDGE_HEURISTIC=70_TO_71_PERCENT_RETAIN_UNLESS_LATER_MICROSCOPIC_PROMOTION_IS_EARNED
PRACTICAL_ANTIGRAVITY_DEVICE=NO
SUMMARY_JSON=results/data/024e1_teacher_guided_anisotropic_close_pass_summary.json
TOP_CSV=results/data/024e1_teacher_guided_anisotropic_close_pass_top.csv
SHAPE_CSV=results/data/024e1_teacher_guided_anisotropic_shape_summary.csv
BEST_PROFILE_NPZ=results/data/024e1_teacher_guided_anisotropic_best_profile.npz
024E1_RUN_COMPLETE=YES
