=== 024E1 TEACHER-GUIDED ANISOTROPIC CLOSE-PASS RESCUE ===

=== A — SCIENTIFIC ANCHORS ===
C_006D=2.359158629924900e+01
C_024D1R=1.904617786197023e+01
C_024D_SCALAR=6.610457607426174e+00
TEACHER_PRODUCTIVE_ENERGY_REFERENCE=1.970000000000000e-01
TEACHER_GROSS_OUTWARD_SHARE_REFERENCE=9.200000000000000e-01
TEACHER_CANCELLATION_REFERENCE=1.060000000000000e+00
PORTAL_NEGATIVE_ACTIVE_DEC_RATIO=MINUS_S_OVER_RHO_EQUALS_2
LOCAL_NEGATIVE_ACTIVE_CONSTITUTIVE_HEADROOM_LEFT=NONE_WITHIN_TYPE_I_DEC
PRIMARY_REMAINING_LEVER=PARTICIPATION_PLUS_KERNEL_PLACEMENT
ENERGY_COLLIDER_MODEL=NO
STRICT_HALF_AMPLITUDE_CORE_OVERLAP=FORBIDDEN
LOW_AMPLITUDE_FIELD_SUPPORT_OVERLAP=ALLOWED
LAB_LOCKED_ANISOTROPIC_SHAPE=OPTIMISTIC_PREFILTER_NOT_FIELD_REALIZATION

=== B — PROFILE TABLES ===
PROFILE_N=1.250000 C2=7.710628438351e-01 CG_AXIS=2.570209753493e+00 R_HALF=6.524192076430e-01
PROFILE_N=1.500000 C2=6.382918407294e-01 CG_AXIS=2.154234962462e+00 R_HALF=6.083087004577e-01
PROFILE_N=2.000000 C2=4.642122478032e-01 CG_AXIS=1.702111575278e+00 R_HALF=5.411961001462e-01
PROFILE_N=2.500000 C2=3.570863444640e-01 CG_AXIS=1.450663274385e+00 R_HALF=4.920789740934e-01
PROFILE_N=3.000000 C2=2.856690755712e-01 CG_AXIS=1.285510840070e+00 R_HALF=4.542020189474e-01
PROFILE_N=4.000000 C2=1.981110616964e-01 CG_AXIS=1.075460049209e+00 R_HALF=3.988779070672e-01
PROFILE_N=6.000000 C2=1.155032608151e-01 CG_AXIS=8.505240114569e-01 R_HALF=3.303048317232e-01
PROFILE_N=8.000000 C2=7.774190555016e-02 CG_AXIS=7.255911184682e-01 R_HALF=2.880901886482e-01

=== C — 024E SPHERICAL REGRESSION ===
SPHERICAL_024E_OLD_G006D=1.785714047414459e+04
SPHERICAL_024E_REBUILT_G006D=1.785731783449482e+04
SPHERICAL_024E_G006D_RELERR=9.932082291258308e-06
SPHERICAL_024E_REGRESSION=PASS

=== D — BUILD 2^19 MORPHOLOGY CAMPAIGN ===
BASE_SOBOL_CASES=524288
TOTAL_KINEMATIC_CASES=1048576
SCAN_PROGRESS=0/524288
SCAN_PROGRESS=40960/524288
SCAN_PROGRESS=81920/524288
SCAN_PROGRESS=122880/524288
SCAN_PROGRESS=163840/524288
SCAN_PROGRESS=204800/524288
SCAN_PROGRESS=245760/524288
SCAN_PROGRESS=286720/524288
SCAN_PROGRESS=327680/524288
SCAN_PROGRESS=368640/524288
SCAN_PROGRESS=409600/524288
SCAN_PROGRESS=450560/524288
SCAN_PROGRESS=491520/524288

=== E — COARSE COUNTS ===
PARALLEL_AT_THROAT_STRICT=268045
PARALLEL_AT_THROAT_LOOSE=429393
PARALLEL_AT_THROAT_STRICT_ACTUAL_POSITIVE=0
PARALLEL_AT_THROAT_STRICT_ACTUAL_BEATS_006D=0
PARALLEL_AT_THROAT_STRICT_CEILING_POSITIVE=0
PARALLEL_AT_THROAT_STRICT_CEILING_BEATS_006D=0
PARALLEL_AT_THROAT_LOOSE_ACTUAL_BEATS_006D=0
ANTIPARALLEL_AT_THROAT_STRICT=268045
ANTIPARALLEL_AT_THROAT_LOOSE=429393
ANTIPARALLEL_AT_THROAT_STRICT_ACTUAL_POSITIVE=0
ANTIPARALLEL_AT_THROAT_STRICT_ACTUAL_BEATS_006D=0
ANTIPARALLEL_AT_THROAT_STRICT_CEILING_POSITIVE=0
ANTIPARALLEL_AT_THROAT_STRICT_CEILING_BEATS_006D=0
ANTIPARALLEL_AT_THROAT_LOOSE_ACTUAL_BEATS_006D=0
MAX_STRICT_PEAK_PORTAL_PARTICIPATION=1.183879991143894e-03
MAX_STRICT_CYCLE_PORTAL_PARTICIPATION=5.358295466939757e-05
PARTICIPATION_FACTOR_VS_024E_BEST=1.896696198911869e-01
PARTICIPATION_RATIO_VS_TEACHER_REFERENCE=6.009543102253267e-03
REFINEMENT_CANDIDATES=250

=== F — MEDIUM/HIGH REFINEMENT ===
REFINEMENT_PROGRESS=0/250
REFINEMENT_PROGRESS=30/250
REFINEMENT_PROGRESS=60/250
REFINEMENT_PROGRESS=90/250
REFINEMENT_PROGRESS=120/250
REFINEMENT_PROGRESS=150/250
REFINEMENT_PROGRESS=180/250
REFINEMENT_PROGRESS=210/250
REFINEMENT_PROGRESS=240/250

=== G — BEST REFINED RESULTS ===
BEST_STRICT_ACTUAL_SURVIVOR=NO
BEST_STRICT_TEACHER_CEILING_SURVIVOR=NO
MIN_STRICT_G_ACTUAL_SURVIVOR=YES
MIN_STRICT_G_ACTUAL_G006D_ACTUAL=3.808820444290229e+05
MIN_STRICT_G_ACTUAL_DIRECTION_CLASS=PARALLEL_AT_THROAT
MIN_STRICT_G_ACTUAL_R=1.914501517257220e+00
MIN_STRICT_G_ACTUAL_AX=1.195776019279719e+00
MIN_STRICT_G_ACTUAL_AY=8.908790277365620e-01
MIN_STRICT_G_ACTUAL_AZ=3.013827187908742e-01
MIN_STRICT_G_ACTUAL_AY_RATIO=7.450216540328237e-01
MIN_STRICT_G_ACTUAL_AZ_RATIO=2.520394404400361e-01
MIN_STRICT_G_ACTUAL_CLEARANCE=1.868817452341318e-01
MIN_STRICT_G_ACTUAL_CORE_GAP_FACTOR=1.005780654260889e+00
MIN_STRICT_G_ACTUAL_D0=1.092526987098746e+00
MIN_STRICT_G_ACTUAL_EXPONENT=3.000000000000000e+00
MIN_STRICT_G_ACTUAL_BETA=2.614276781678200e-02
MIN_STRICT_G_ACTUAL_M=3.747955749234942e-01
MIN_STRICT_G_ACTUAL_OMEGA_RATIO=1.890987781807780e+00
MIN_STRICT_G_ACTUAL_GUIDE_MULTIPLIER=1.492424670606852e+00
MIN_STRICT_G_ACTUAL_GCAP=1.256637061435917e+01
MIN_STRICT_G_ACTUAL_PEAK_PARTICIPATION=2.605875070947176e-04
MIN_STRICT_G_ACTUAL_CYCLE_PARTICIPATION=1.900509127875319e-05
MIN_STRICT_G_ACTUAL_OVERLAP_DUTY=1.208496093750000e-01
MIN_STRICT_G_ACTUAL_KU=4.227140974974943e-01
MIN_STRICT_G_ACTUAL_KG=9.127086424633221e-02
MIN_STRICT_G_ACTUAL_KO=1.618201109375540e-02
MIN_STRICT_G_ACTUAL_CANCELLATION_ACTUAL=1.000352474679290e+00
MIN_STRICT_G_ACTUAL_G006D_ACTUAL=3.808820444290229e+05
MIN_STRICT_G_ACTUAL_G006D_TEACHER=1.669508394242681e+05
MIN_STRICT_G_ACTUAL_G19_ACTUAL=1.019765667487620e+06
MIN_STRICT_G_ACTUAL_G66_ACTUAL=inf
MIN_STRICT_G_ACTUAL_ACTUAL_MEDIUM_HIGH_RELERR=inf
MIN_STRICT_G_ACTUAL_CEILING_MEDIUM_HIGH_RELERR=inf
MIN_STRICT_G_TEACHER_CEILING_SURVIVOR=YES
MIN_STRICT_G_TEACHER_CEILING_G006D_TEACHER=1.669508394242681e+05
MIN_STRICT_G_TEACHER_CEILING_DIRECTION_CLASS=PARALLEL_AT_THROAT
MIN_STRICT_G_TEACHER_CEILING_R=1.914501517257220e+00
MIN_STRICT_G_TEACHER_CEILING_AX=1.195776019279719e+00
MIN_STRICT_G_TEACHER_CEILING_AY=8.908790277365620e-01
MIN_STRICT_G_TEACHER_CEILING_AZ=3.013827187908742e-01
MIN_STRICT_G_TEACHER_CEILING_AY_RATIO=7.450216540328237e-01
MIN_STRICT_G_TEACHER_CEILING_AZ_RATIO=2.520394404400361e-01
MIN_STRICT_G_TEACHER_CEILING_CLEARANCE=1.868817452341318e-01
MIN_STRICT_G_TEACHER_CEILING_CORE_GAP_FACTOR=1.005780654260889e+00
MIN_STRICT_G_TEACHER_CEILING_D0=1.092526987098746e+00
MIN_STRICT_G_TEACHER_CEILING_EXPONENT=3.000000000000000e+00
MIN_STRICT_G_TEACHER_CEILING_BETA=2.614276781678200e-02
MIN_STRICT_G_TEACHER_CEILING_M=3.747955749234942e-01
MIN_STRICT_G_TEACHER_CEILING_OMEGA_RATIO=1.890987781807780e+00
MIN_STRICT_G_TEACHER_CEILING_GUIDE_MULTIPLIER=1.492424670606852e+00
MIN_STRICT_G_TEACHER_CEILING_GCAP=1.256637061435917e+01
MIN_STRICT_G_TEACHER_CEILING_PEAK_PARTICIPATION=2.605875070947176e-04
MIN_STRICT_G_TEACHER_CEILING_CYCLE_PARTICIPATION=1.900509127875319e-05
MIN_STRICT_G_TEACHER_CEILING_OVERLAP_DUTY=1.208496093750000e-01
MIN_STRICT_G_TEACHER_CEILING_KU=4.227140974974943e-01
MIN_STRICT_G_TEACHER_CEILING_KG=9.127086424633221e-02
MIN_STRICT_G_TEACHER_CEILING_KO=1.618201109375540e-02
MIN_STRICT_G_TEACHER_CEILING_CANCELLATION_ACTUAL=1.000352474679290e+00
MIN_STRICT_G_TEACHER_CEILING_G006D_ACTUAL=3.808820444290229e+05
MIN_STRICT_G_TEACHER_CEILING_G006D_TEACHER=1.669508394242681e+05
MIN_STRICT_G_TEACHER_CEILING_G19_ACTUAL=1.019765667487620e+06
MIN_STRICT_G_TEACHER_CEILING_G66_ACTUAL=inf
MIN_STRICT_G_TEACHER_CEILING_ACTUAL_MEDIUM_HIGH_RELERR=inf
MIN_STRICT_G_TEACHER_CEILING_CEILING_MEDIUM_HIGH_RELERR=inf
BEST_LOOSE_CORE_OVERLAP_SURVIVOR=NO

=== H — INDEPENDENT 4-D FINITE-VOLUME CUBATURE ===
INDEPENDENT_SEED_DIRECTION=PARALLEL_AT_THROAT
INDEPENDENT_SEED_EXPONENT=3.00000000
INDEPENDENT_KG_VOLUME=9.032932416498775e-02
INDEPENDENT_KG_LINE=9.127086424633221e-02
INDEPENDENT_KO=1.618404489466379e-02
INDEPENDENT_KU=4.120896283515133e-01
INDEPENDENT_UA=2.905955789626742e-06
INDEPENDENT_U1=4.012246762070129e-05
INDEPENDENT_GCAP=1.256637061435917e+01
INDEPENDENT_UPEAK=5.041937980843580e-04
INDEPENDENT_INVENTORY=2.003228664388087e+00
INDEPENDENT_BASELINE=1.807818695354505e-01
INDEPENDENT_GAIN=2.891481973582689e-05
INDEPENDENT_A=-1.807529547157146e-01
INDEPENDENT_C=inf
INDEPENDENT_OVERLAP_UA_RELATIVE_ERROR=4.083236462732689e-02
INDEPENDENT_OVERLAP_KU_RELATIVE_ERROR=2.513393617312232e-02
INDEPENDENT_C_RELATIVE_ERROR=inf
INDEPENDENT_CUBATURE=PASS

=== I — PROFILE-EXPONENT SUMMARY ===
PROFILE_EXPONENT=1.250000 BEST_ACTUAL_C=inf BEST_CEILING_C=inf
PROFILE_EXPONENT=1.500000 BEST_ACTUAL_C=inf BEST_CEILING_C=inf
PROFILE_EXPONENT=2.000000 BEST_ACTUAL_C=inf BEST_CEILING_C=inf
PROFILE_EXPONENT=2.500000 BEST_ACTUAL_C=inf BEST_CEILING_C=inf
PROFILE_EXPONENT=3.000000 BEST_ACTUAL_C=inf BEST_CEILING_C=inf
PROFILE_EXPONENT=4.000000 BEST_ACTUAL_C=inf BEST_CEILING_C=inf
PROFILE_EXPONENT=6.000000 BEST_ACTUAL_C=inf BEST_CEILING_C=inf
PROFILE_EXPONENT=8.000000 BEST_ACTUAL_C=inf BEST_CEILING_C=inf

=== J — 024E1 DECISION ===
STRICT_ACTUAL_BEATS_006D=NO
STRICT_ACTUAL_BEATS_024D1R=NO
STRICT_ACTUAL_BEATS_024D_SCALAR=NO
STRICT_TEACHER_ROUTING_CEILING_BEATS_006D=NO
STRICT_TEACHER_ROUTING_CEILING_BEATS_024D1R=NO
LOOSE_CORE_OVERLAP_BEATS_006D=NO
TEACHER_LIKE_GE10PCT_PEAK_PARTICIPATION=NO
024E1_INTERPRETATION=EVEN_INTROSPECTIVE_GUIDED_PROFILE_SHAPING_DOES_NOT_RESCUE_PERTURBATIVE_CLOSE_PASS_PORTAL
024E1_DECISION=RED_TEACHER_GUIDED_ANISOTROPIC_CLOSE_PASS_NO_STRICT_006D_ADVANCE
NEXT=CLOSE_024E_AND_024E1_PER_STOP_RULE_RETURN_TO_024D2_MINIMAL_POLOIDAL_SCALAR_TRANSPORT_PREFLIGHT
MICROSCOPIC_ANISOTROPIC_PACKET_FIELD=NO
SHAPE_ORIENTATION_DYNAMICS=NOT_ESTABLISHED
FULL_LOCAL_DYNAMIC_TMUNU_CONSERVATION=NOT_ESTABLISHED
FULL_STABILITY=NO
NONLINEAR_GR=NO
REMOVES_1_OVER_G_SCALING=NO
CURRENT_KNOWLEDGE_HEURISTIC=70_TO_71_PERCENT_RETAIN_UNLESS_LATER_MICROSCOPIC_PROMOTION_IS_EARNED
PRACTICAL_ANTIGRAVITY_DEVICE=NO
SUMMARY_JSON=results/data/024e1_teacher_guided_anisotropic_close_pass_summary.json
TOP_CSV=results/data/024e1_teacher_guided_anisotropic_close_pass_top.csv
SHAPE_CSV=results/data/024e1_teacher_guided_anisotropic_shape_summary.csv
BEST_PROFILE_NPZ=results/data/024e1_teacher_guided_anisotropic_best_profile.npz
024E1_RUN_COMPLETE=YES
