=== 024E DUAL-TOROID NONCOLLIDING CLOSE-PASS STRESS PREFILTER ===
C_006D=23.591586299248998
C_024D1R=19.046177861970229
C_024D_SCALAR=6.610457607426174
ENERGY_COLLIDER_MODEL=NO
CENTERLINE_COLLISION=NO
FIELD_OVERLAP_INTERACTION=YES
PORTAL=G_ABS_PHI2_ABS_CHI2
PORTAL_ACTIVE_SOURCE=S_INT_EQUALS_MINUS_2_V_INT
PURE_LINEAR_MAXWELL_CLOSE_PASS_NEGATIVE_ACTIVE=NO
FREE_HARMONIC_SCALAR_CYCLE_AVG_NEGATIVE_ACTIVE=NO
PROFILE_C2=4.642122478032e-01 PROFILE_CGRAD=5.106334725835e+00
PARALLEL_REVERSE_RELERR=8.978647063049e-14
ANTIPARALLEL_REVERSE_RELERR=5.060134590921e-15
DIRECTION_REVERSAL_SYMMETRY=PASS
BASE_SOBOL_CASES=524288
TOTAL_DIRECTION_CASES=2097152
SCAN_PROGRESS=0/524288
SCAN_PROGRESS=61440/524288
SCAN_PROGRESS=122880/524288
SCAN_PROGRESS=184320/524288
SCAN_PROGRESS=245760/524288
SCAN_PROGRESS=307200/524288
SCAN_PROGRESS=368640/524288
SCAN_PROGRESS=430080/524288
SCAN_PROGRESS=491520/524288
=== COARSE COUNTS ===
L_CCW_R_CW_STRICT=524288
L_CCW_R_CW_OUTER_POS=0
L_CCW_R_CW_OUTER_006D=0
L_CCW_R_CW_UNIFORM_POS=0
L_CCW_R_CW_UNIFORM_006D=0
L_CCW_R_CW_GREQ_PERT=0
L_CW_R_CCW_STRICT=524288
L_CW_R_CCW_OUTER_POS=0
L_CW_R_CCW_OUTER_006D=0
L_CW_R_CCW_UNIFORM_POS=0
L_CW_R_CCW_UNIFORM_006D=0
L_CW_R_CCW_GREQ_PERT=0
L_CCW_R_CCW_STRICT=524288
L_CCW_R_CCW_OUTER_POS=0
L_CCW_R_CCW_OUTER_006D=0
L_CCW_R_CCW_UNIFORM_POS=0
L_CCW_R_CCW_UNIFORM_006D=0
L_CCW_R_CCW_GREQ_PERT=0
L_CW_R_CW_STRICT=524288
L_CW_R_CW_OUTER_POS=0
L_CW_R_CW_OUTER_006D=0
L_CW_R_CW_UNIFORM_POS=0
L_CW_R_CW_UNIFORM_006D=0
L_CW_R_CW_GREQ_PERT=0
REFINEMENT_CANDIDATES=100
REFINEMENT_PROGRESS=0/100
REFINEMENT_PROGRESS=25/100
REFINEMENT_PROGRESS=50/100
REFINEMENT_PROGRESS=75/100
BEST_OUTER_SURVIVOR=NO
BEST_UNIFORM_SURVIVOR=NO
MIN_REQUIRED_G_SURVIVOR=YES
MIN_REQUIRED_G_G6=1.785714047414459e+04
MIN_REQUIRED_G_DIRECTION=L_CCW_R_CW
MIN_REQUIRED_G_THROAT_CLASS=PARALLEL_AT_THROAT
MIN_REQUIRED_G_R=1.094638057470925e+00
MIN_REQUIRED_G_A=3.021991450627584e-01
MIN_REQUIRED_G_CLEAR=5.114459618926048e-03
MIN_REQUIRED_G_MINQ=5.206595727491592e-01
MIN_REQUIRED_G_BETA=8.023162908852101e-02
MIN_REQUIRED_G_M=8.804295953605509e-01
MIN_REQUIRED_G_OM=2.310840666759759e+00
MIN_REQUIRED_G_LAG=1.108351042494177e-02
MIN_REQUIRED_G_GM=1.591014452278614e+00
MIN_REQUIRED_G_GCAP=1.256637061435917e+01
MIN_REQUIRED_G_FRAC=6.241800831483099e-03
MIN_REQUIRED_G_DUTY=1.168212890625000e-01
MIN_REQUIRED_G_KU=5.690118305870858e-01
MIN_REQUIRED_G_KG=2.245372856854688e-01
MIN_REQUIRED_G_KO=7.735602812111797e-02
MIN_REQUIRED_G_G6=1.785714047414459e+04
MIN_REQUIRED_G_GU6=6.354563503434980e+04
MIN_REQUIRED_G_G19=2.785644068802701e+04
MIN_REQUIRED_G_G66=inf
MIN_REQUIRED_G_MU=5.922437178954528e+02
INDEPENDENT_RECONSTRUCTION=NOT_RUN_NO_SURVIVOR
=== DIRECTION COMPARISON ===
L_CCW_R_CW_BEST_OUTER_C=inf
L_CW_R_CCW_BEST_OUTER_C=inf
L_CCW_R_CCW_BEST_OUTER_C=inf
L_CW_R_CW_BEST_OUTER_C=inf
BEST_PARALLEL_C=inf
BEST_ANTIPARALLEL_C=inf
MIN_EXACT_G_REQUIRED_BEAT_006D=1.785714047414459e+04
PERTURBATIVE_G_LIMIT=1.256637061435917e+01
PORTAL_OUTER_BEATS_006D=NO
PORTAL_UNIFORM_BEATS_006D=NO
PORTAL_OUTER_BEATS_024D1R=NO
PORTAL_OUTER_BEATS_024D_SCALAR=NO
024E_DECISION=RED_DUAL_TOROID_CLOSE_PASS_PORTAL_NO_STRICT_006D_ADVANCE
NEXT=CLOSE_024E_AND_RETURN_TO_024D2_MINIMAL_POLOIDAL_SCALAR_TRANSPORT_PREFLIGHT
ENERGY_COLLISION_REQUIRED=NO
FIELD_OVERLAP_REQUIRED=YES
FULL_LOCAL_DYNAMIC_TMUNU_CONSERVATION=NOT_ESTABLISHED
MICROSCOPIC_GUIDE_FIELD=NO
FULL_STABILITY=NO
NONLINEAR_GR=NO
REMOVES_1_OVER_G_SCALING=NO
PRACTICAL_ANTIGRAVITY_DEVICE=NO
SUMMARY_JSON=results/data/024e_dual_toroid_close_pass_portal_summary.json
TOP_CSV=results/data/024e_dual_toroid_close_pass_portal_top.csv
DIRECTION_CSV=results/data/024e_dual_toroid_close_pass_direction_summary.csv
024E_RUN_COMPLETE=YES
