=== 025A SATURATING RELATIVISTIC HENCKY STRESS TRANSFORMER ===

=== A — EXACT CONSTITUTIVE MODEL ===
MODEL=SATURATING_RELATIVISTIC_HENCKY_SOLID
MATTER_DESCRIPTION=RELATIVISTIC_HYPERELASTIC_CONTINUUM_EFT
RHO_POSITIVE_BY_CONSTRUCTION=YES
PRESSURE_RATIO_IDENTITY=P_I_OVER_RHO_EQUALS_TANH_K_Y_I
GLOBAL_FINITE_STRAIN_DEC_IN_LOCAL_CONSTITUTIVE_MODEL=YES
GLOBAL_FINITE_STRAIN_NEC_STRICT_IN_LOCAL_CONSTITUTIVE_MODEL=YES
LOG_STRAIN_ENERGY_CONVEXITY=YES
PRINCIPAL_LONGITUDINAL_SPEED_IDENTITY=CL2_EQUALS_K_PLUS_ONE_MINUS_K_TIMES_P_OVER_RHO
REFERENCE_CT2_EQUALS_K_OVER_2=YES
FULL_FINITE_STRAIN_TRANSVERSE_CHARACTERISTIC_CONE=NOT_ESTABLISHED
RHO_STAR_MATERIAL_COORDINATE_GRADING=ALLOWED_AND_REPORTED
GLOBAL_ELASTIC_EULER_LAGRANGE_BVP=NOT_ESTABLISHED

=== B — 006B EXACT LIMIT REGRESSION ===
C_006B_REFERENCE=2.342671017539100e+01
C_006B_REBUILT=2.342671017539108e+01
C_006B_RELERR=3.488002113854115e-15
C_006B_LIMIT_REGRESSION=PASS
C_006D_FINITE_REFERENCE=2.359158629924900e+01

=== C — ANALYTIC SYMMETRIC STRAIN FRONTIER ===
STRAIN_CAP=1.000000 REFINED_C=1.041713298470e+02 K=0.94223020 T=0.73504639 Q=0.72858773 SUPPORT=0.72986756 MAX_STRAIN=0.99722695 GRADING=1.402925274553e-01
STRAIN_CAP=1.500000 REFINED_C=3.919275279577e+01 K=0.93108902 T=0.87947584 Q=0.87974785 SUPPORT=0.87169033 MAX_STRAIN=1.47639059 GRADING=5.219442682055e-02
STRAIN_CAP=2.000000 REFINED_C=2.878710884403e+01 K=0.92938241 T=0.95159522 Q=0.95193321 SUPPORT=0.93526103 MAX_STRAIN=1.99271255 GRADING=1.858486815268e-02
STRAIN_CAP=2.500000 REFINED_C=2.550822056752e+01 K=0.94078247 T=0.98164502 Q=0.96920882 SUPPORT=0.98133900 MAX_STRAIN=2.48823817 GRADING=1.202788133295e-02
STRAIN_CAP=3.000000 REFINED_C=2.421718223622e+01 K=0.94985680 T=0.99085261 Q=0.99194567 SUPPORT=0.98749521 MAX_STRAIN=2.90078300 GRADING=3.022978063608e-03
STRAIN_CAP=3.500000 REFINED_C=2.409492535293e+01 K=0.91378310 T=0.99543278 Q=0.99197028 SUPPORT=0.98882292 MAX_STRAIN=3.32667057 GRADING=2.395229620184e-03
STRAIN_CAP=4.000000 REFINED_C=2.407128836981e+01 K=0.74406040 T=0.99144385 Q=0.99461799 SUPPORT=0.99276421 MAX_STRAIN=3.97491012 GRADING=3.531082961285e-04
STRAIN_CAP=5.000000 REFINED_C=2.369598880369e+01 K=0.75915743 T=0.99793346 Q=0.99882029 SUPPORT=0.98683687 MAX_STRAIN=4.89690400 GRADING=5.581169358856e-05
STRAIN_CAP=6.000000 REFINED_C=2.351327179994e+01 K=0.69590760 T=0.99889880 Q=0.99951805 SUPPORT=0.99799371 MAX_STRAIN=5.98540373 GRADING=6.327932515711e-06

=== D — 2^20 GLOBAL SOBOL MATERIAL + GEOMETRY CAMPAIGN ===
BASE_SOBOL_CASES=4096
OUTWARD_CAUSAL_CASES=2020
CASES_BEATING_006D_FINITE_COEFFICIENT=1
CASES_BEATING_006B_THIN_COEFFICIENT=0
BEST_GLOBAL_SOBOL_SURVIVOR=YES
BEST_GLOBAL_SOBOL_C=2.351028881130110e+01
BEST_GLOBAL_SOBOL_F=2.454391738312005e-01
BEST_GLOBAL_SOBOL_MASS=1.154069172475731e+01
BEST_GLOBAL_SOBOL_K=6.048031103797257e-01
BEST_GLOBAL_SOBOL_T=9.998518509331639e-01
BEST_GLOBAL_SOBOL_Q=9.993584636331856e-01
BEST_GLOBAL_SOBOL_SUPPORT=9.984446439033513e-01
BEST_GLOBAL_SOBOL_A=1.483402638976606e+00
BEST_GLOBAL_SOBOL_R=4.547985164608402e+00
BEST_GLOBAL_SOBOL_R_OVER_A=3.065914165924662e+00
BEST_GLOBAL_SOBOL_MAX_LOG_STRAIN=7.862364232926718e+00
BEST_GLOBAL_SOBOL_Y_CORE=7.862364232926718e+00
BEST_GLOBAL_SOBOL_Y_ANN=6.650487495926105e+00
BEST_GLOBAL_SOBOL_Y_SUPPORT=5.917975482943690e+00
BEST_GLOBAL_SOBOL_RHO_STAR_ANN_OVER_CORE_AT_A=1.672322210183867e-06
BEST_GLOBAL_SOBOL_CORE_ENERGY_FACTOR=1.010745795236622e-01
BEST_GLOBAL_SOBOL_ANNULUS_ENERGY_FACTOR=6.046949555234994e+04
BEST_GLOBAL_SOBOL_SUPPORT_ENERGY_FACTOR=4.396576357511480e+04
BEST_GLOBAL_SOBOL_CL2_MIN=2.096647688098651e-01
BEST_GLOBAL_SOBOL_CL2_MAX=9.997464668232566e-01
BEST_GLOBAL_SOBOL_CT2_REFERENCE=3.024015551898628e-01
BEST_GLOBAL_SOBOL_DEC_MARGIN_RATIO=1.481490668361340e-04

=== E — STRAIN-CAPPED SOBOL FRONTIER ===
SOBOL_STRAIN_CAP=1.000000 SURVIVOR=NO
SOBOL_STRAIN_CAP=1.500000 C=4.251487372893e+01 K=0.91936627 T=0.86589141 Q=0.87075131 SUPPORT=0.81710079 MAX_STRAIN=1.45336906 GRADING=5.465709070944e-02
SOBOL_STRAIN_CAP=2.000000 C=4.251487372893e+01 K=0.91936627 T=0.86589141 Q=0.87075131 SUPPORT=0.81710079 MAX_STRAIN=1.45336906 GRADING=5.465709070944e-02
SOBOL_STRAIN_CAP=2.500000 C=3.004391568320e+01 K=0.89672297 T=0.97407768 Q=0.96928069 SUPPORT=0.96313987 MAX_STRAIN=2.41588105 GRADING=9.655796626224e-03
SOBOL_STRAIN_CAP=3.000000 C=2.987156579420e+01 K=0.91883670 T=0.94788226 Q=0.93040981 SUPPORT=0.98738443 MAX_STRAIN=2.75328727 GRADING=2.685269728229e-02
SOBOL_STRAIN_CAP=3.500000 C=2.534099237618e+01 K=0.88167797 T=0.98602598 Q=0.97457097 SUPPORT=0.99501346 MAX_STRAIN=3.39787516 GRADING=7.170910576149e-03
SOBOL_STRAIN_CAP=4.000000 C=2.481848771898e+01 K=0.72793040 T=0.98790370 Q=0.97884073 SUPPORT=0.98053480 MAX_STRAIN=3.50441223 GRADING=1.954326687111e-03
SOBOL_STRAIN_CAP=5.000000 C=2.380698182842e+01 K=0.89711088 T=0.99768775 Q=0.99910789 SUPPORT=0.98645861 MAX_STRAIN=4.29970609 GRADING=1.842438674408e-04
SOBOL_STRAIN_CAP=6.000000 C=2.360447569549e+01 K=0.86024931 T=0.99902321 Q=0.99971824 SUPPORT=0.99169384 MAX_STRAIN=5.15400097 GRADING=3.336880009015e-05

=== F — MATERIAL-GRADING TRADEOFF ===
GRADING_FLOOR=1.0e-01 BEST_C=3.882788330116e+01 STRAIN=3.42656393 ACTUAL_GRADING=1.046276712611e-01
GRADING_FLOOR=1.0e-02 BEST_C=2.681581610570e+01 STRAIN=3.16773176 ACTUAL_GRADING=2.519719340622e-02
GRADING_FLOOR=1.0e-03 BEST_C=2.481848771898e+01 STRAIN=3.50441223 ACTUAL_GRADING=1.954326687111e-03
GRADING_FLOOR=1.0e-04 BEST_C=2.481848771898e+01 STRAIN=3.50441223 ACTUAL_GRADING=1.954326687111e-03

=== G — BLIND WILDCARD STRAIN DIAGNOSTICS ===
WILDCARD_STRAIN_CAP=0.625000 BEST_C=inf ROLE=BLIND_WILDCARD_NOT_PHYSICS_PRIOR
WILDCARD_STRAIN_CAP=1.600000 BEST_C=4.251487372893e+01 ROLE=BLIND_WILDCARD_NOT_PHYSICS_PRIOR
WILDCARD_STRAIN_CAP=1.875000 BEST_C=4.251487372893e+01 ROLE=BLIND_WILDCARD_NOT_PHYSICS_PRIOR
WILDCARD_STRAIN_CAP=3.125000 BEST_C=2.782881118301e+01 ROLE=BLIND_WILDCARD_NOT_PHYSICS_PRIOR
WILDCARD_STRAIN_CAP=5.000000 BEST_C=2.380698182842e+01 ROLE=BLIND_WILDCARD_NOT_PHYSICS_PRIOR
WILDCARDS_USED_FOR_SELECTION=NO

=== H — INDEPENDENT DIFFERENTIAL-EVOLUTION REFINEMENT ===
REFINED_CAP_2P0_SURVIVOR=YES
REFINED_CAP_2P0_C=2.791914818113132e+01
REFINED_CAP_2P0_F=2.212546751029144e-01
REFINED_CAP_2P0_MASS=1.235448411993267e+01
REFINED_CAP_2P0_K=9.460536752667381e-01
REFINED_CAP_2P0_T=9.533345000332875e-01
REFINED_CAP_2P0_Q=9.542208887090369e-01
REFINED_CAP_2P0_SUPPORT=9.544895522180179e-01
REFINED_CAP_2P0_A=1.535158461345485e+00
REFINED_CAP_2P0_R=4.720973692256783e+00
REFINED_CAP_2P0_R_OVER_A=3.075235430822627e+00
REFINED_CAP_2P0_MAX_LOG_STRAIN=1.987171825889024e+00
REFINED_CAP_2P0_Y_CORE=1.973613208162418e+00
REFINED_CAP_2P0_Y_ANN=1.983988365035948e+00
REFINED_CAP_2P0_Y_SUPPORT=1.987171825889024e+00
REFINED_CAP_2P0_RHO_STAR_ANN_OVER_CORE_AT_A=1.891222053627576e-02
REFINED_CAP_2P0_CORE_ENERGY_FACTOR=2.428203897089468e-01
REFINED_CAP_2P0_ANNULUS_ENERGY_FACTOR=1.282741125522196e+01
REFINED_CAP_2P0_SUPPORT_ENERGY_FACTOR=2.620636110399105e+01
REFINED_CAP_2P0_CL2_MIN=8.945769653371787e-01
REFINED_CAP_2P0_CL2_MAX=9.975448786051970e-01
REFINED_CAP_2P0_CT2_REFERENCE=4.730268376333691e-01
REFINED_CAP_2P0_DEC_MARGIN_RATIO=4.551044778198210e-02
REFINED_CAP_3P0_SURVIVOR=YES
REFINED_CAP_3P0_C=2.451596713956399e+01
REFINED_CAP_3P0_F=2.592228647971481e-01
REFINED_CAP_3P0_MASS=1.271019847038104e+01
REFINED_CAP_3P0_K=8.990550543810359e-01
REFINED_CAP_3P0_T=9.892397511582507e-01
REFINED_CAP_3P0_Q=9.878858479790456e-01
REFINED_CAP_3P0_SUPPORT=9.888229053342823e-01
REFINED_CAP_3P0_A=1.545011482718957e+00
REFINED_CAP_3P0_R=4.929962418726308e+00
REFINED_CAP_3P0_R_OVER_A=3.190890471603755e+00
REFINED_CAP_3P0_MAX_LOG_STRAIN=2.902852891862979e+00
REFINED_CAP_3P0_Y_CORE=2.902852891862979e+00
REFINED_CAP_3P0_Y_ANN=2.836563001622938e+00
REFINED_CAP_3P0_Y_SUPPORT=2.881598656026493e+00
REFINED_CAP_3P0_RHO_STAR_ANN_OVER_CORE_AT_A=3.436605681711597e-03
REFINED_CAP_3P0_CORE_ENERGY_FACTOR=2.165475103571463e-01
REFINED_CAP_3P0_ANNULUS_ENERGY_FACTOR=6.309839127223049e+01
REFINED_CAP_3P0_SUPPORT_ENERGY_FACTOR=1.481844469152910e+02
REFINED_CAP_3P0_CL2_MIN=7.991963014962488e-01
REFINED_CAP_3P0_CL2_MAX=9.988717287867911e-01
REFINED_CAP_3P0_CT2_REFERENCE=4.495275271905180e-01
REFINED_CAP_3P0_DEC_MARGIN_RATIO=1.076024884174931e-02
REFINED_CAP_4P0_SURVIVOR=YES
REFINED_CAP_4P0_C=2.365841566529692e+01
REFINED_CAP_4P0_F=2.370167712579347e-01
REFINED_CAP_4P0_MASS=1.121488258813364e+01
REFINED_CAP_4P0_K=9.395243388139758e-01
REFINED_CAP_4P0_T=9.969847659667862e-01
REFINED_CAP_4P0_Q=9.970890133930261e-01
REFINED_CAP_4P0_SUPPORT=9.987118582280023e-01
REFINED_CAP_4P0_A=1.446681213007274e+00
REFINED_CAP_4P0_R=4.713405983759985e+00
REFINED_CAP_4P0_R_OVER_A=3.258081975062109e+00
REFINED_CAP_4P0_MAX_LOG_STRAIN=3.909987844155540e+00
REFINED_CAP_4P0_Y_CORE=3.456917498808105e+00
REFINED_CAP_4P0_Y_ANN=3.475670385667861e+00
REFINED_CAP_4P0_Y_SUPPORT=3.909987844155540e+00
REFINED_CAP_4P0_RHO_STAR_ANN_OVER_CORE_AT_A=9.573569895101213e-04
REFINED_CAP_4P0_CORE_ENERGY_FACTOR=2.293935608557376e-01
REFINED_CAP_4P0_ANNULUS_ENERGY_FACTOR=2.395862566054192e+02
REFINED_CAP_4P0_SUPPORT_ENERGY_FACTOR=1.191415643020835e+03
REFINED_CAP_4P0_CL2_MIN=8.792247214677120e-01
REFINED_CAP_4P0_CL2_MAX=9.999220987746371e-01
REFINED_CAP_4P0_CT2_REFERENCE=4.697621694069879e-01
REFINED_CAP_4P0_DEC_MARGIN_RATIO=1.288141771997653e-03
REFINED_CAP_6P0_SURVIVOR=YES
REFINED_CAP_6P0_C=2.351122777740890e+01
REFINED_CAP_6P0_F=2.527225962347209e-01
REFINED_CAP_6P0_MASS=1.188363704914533e+01
REFINED_CAP_6P0_K=7.555944425690719e-01
REFINED_CAP_6P0_T=9.996974026103429e-01
REFINED_CAP_6P0_Q=9.995411341401093e-01
REFINED_CAP_6P0_SUPPORT=9.990908140351793e-01
REFINED_CAP_6P0_A=1.485363178918133e+00
REFINED_CAP_6P0_R=4.893832091264986e+00
REFINED_CAP_6P0_R_OVER_A=3.294704056707141e+00
REFINED_CAP_6P0_MAX_LOG_STRAIN=5.820651104539116e+00
REFINED_CAP_6P0_Y_CORE=5.820651104539116e+00
REFINED_CAP_6P0_Y_ANN=5.545084693633360e+00
REFINED_CAP_6P0_Y_SUPPORT=5.092449701590526e+00
REFINED_CAP_6P0_RHO_STAR_ANN_OVER_CORE_AT_A=1.526084875703852e-05
REFINED_CAP_6P0_CORE_ENERGY_FACTOR=1.597242440730769e-01
REFINED_CAP_6P0_ANNULUS_ENERGY_FACTOR=1.046791157806120e+04
REFINED_CAP_6P0_SUPPORT_ENERGY_FACTOR=1.059510849102558e+04
REFINED_CAP_6P0_CL2_MIN=5.112628416218401e-01
REFINED_CAP_6P0_CL2_MAX=9.998878506337274e-01
REFINED_CAP_6P0_CT2_REFERENCE=3.777972212845360e-01
REFINED_CAP_6P0_DEC_MARGIN_RATIO=3.025973896570999e-04

=== I — INDEPENDENT GRADING-CONSTRAINED REFINEMENT ===
REFINED_GRADING_1eM02_SURVIVOR=YES
REFINED_GRADING_1eM02_C=2.455941694823621e+01
REFINED_GRADING_1eM02_F=2.440453485063364e-01
REFINED_GRADING_1eM02_MASS=1.198722293648946e+01
REFINED_GRADING_1eM02_K=9.413505812466181e-01
REFINED_GRADING_1eM02_T=9.983225424750316e-01
REFINED_GRADING_1eM02_Q=9.732333654287640e-01
REFINED_GRADING_1eM02_SUPPORT=9.799191129527773e-01
REFINED_GRADING_1eM02_A=1.514332577984633e+00
REFINED_GRADING_1eM02_R=4.403152003929849e+00
REFINED_GRADING_1eM02_R_OVER_A=2.907651904174071e+00
REFINED_GRADING_1eM02_MAX_LOG_STRAIN=3.762033110110365e+00
REFINED_GRADING_1eM02_Y_CORE=3.762033110110365e+00
REFINED_GRADING_1eM02_Y_ANN=2.284097301782628e+00
REFINED_GRADING_1eM02_Y_SUPPORT=2.438540376330300e+00
REFINED_GRADING_1eM02_RHO_STAR_ANN_OVER_CORE_AT_A=1.036225247895673e-02
REFINED_GRADING_1eM02_CORE_ENERGY_FACTOR=2.297226402165404e-01
REFINED_GRADING_1eM02_ANNULUS_ENERGY_FACTOR=2.274068369374017e+01
REFINED_GRADING_1eM02_SUPPORT_ENERGY_FACTOR=6.352718943380918e+01
REFINED_GRADING_1eM02_CL2_MIN=8.827995444020590e-01
REFINED_GRADING_1eM02_CL2_MAX=9.988222676466281e-01
REFINED_GRADING_1eM02_CT2_REFERENCE=4.706752906233090e-01
REFINED_GRADING_1eM02_DEC_MARGIN_RATIO=1.677457524968395e-03
REFINED_GRADING_1eM03_SURVIVOR=YES
REFINED_GRADING_1eM03_C=2.374075516229935e+01
REFINED_GRADING_1eM03_F=2.473772622467761e-01
REFINED_GRADING_1eM03_MASS=1.174584603144126e+01
REFINED_GRADING_1eM03_K=9.394847199566509e-01
REFINED_GRADING_1eM03_T=9.983252866262746e-01
REFINED_GRADING_1eM03_Q=9.968399318930309e-01
REFINED_GRADING_1eM03_SUPPORT=9.973986452625225e-01
REFINED_GRADING_1eM03_A=1.510458576393528e+00
REFINED_GRADING_1eM03_R=4.410791421002229e+00
REFINED_GRADING_1eM03_R_OVER_A=2.920167086960922e+00
REFINED_GRADING_1eM03_MAX_LOG_STRAIN=3.770376766709314e+00
REFINED_GRADING_1eM03_Y_CORE=3.770376766709314e+00
REFINED_GRADING_1eM03_Y_ANN=3.432055603847948e+00
REFINED_GRADING_1eM03_Y_SUPPORT=3.535751264620041e+00
REFINED_GRADING_1eM03_RHO_STAR_ANN_OVER_CORE_AT_A=1.044512303247464e-03
REFINED_GRADING_1eM03_CORE_ENERGY_FACTOR=2.290518742513834e-01
REFINED_GRADING_1eM03_ANNULUS_ENERGY_FACTOR=2.196174955151467e+02
REFINED_GRADING_1eM03_SUPPORT_ENERGY_FACTOR=5.640217607886658e+02
REFINED_GRADING_1eM03_CL2_MIN=8.790707856621053e-01
REFINED_GRADING_1eM03_CL2_MAX=9.998425782895695e-01
REFINED_GRADING_1eM03_CT2_REFERENCE=4.697423599783255e-01
REFINED_GRADING_1eM03_DEC_MARGIN_RATIO=1.674713373725378e-03
REFINED_GRADING_1eM04_SURVIVOR=YES
REFINED_GRADING_1eM04_C=2.364227375090373e+01
REFINED_GRADING_1eM04_F=2.396697686740389e-01
REFINED_GRADING_1eM04_MASS=1.133267656161480e+01
REFINED_GRADING_1eM04_K=9.196976568029451e-01
REFINED_GRADING_1eM04_T=9.978069494342254e-01
REFINED_GRADING_1eM04_Q=9.971912323118046e-01
REFINED_GRADING_1eM04_SUPPORT=9.966851103731893e-01
REFINED_GRADING_1eM04_A=1.457138960657773e+00
REFINED_GRADING_1eM04_R=4.680166920081564e+00
REFINED_GRADING_1eM04_R_OVER_A=3.211887847655154e+00
REFINED_GRADING_1eM04_MAX_LOG_STRAIN=3.704756533438101e+00
REFINED_GRADING_1eM04_Y_CORE=3.704756533438101e+00
REFINED_GRADING_1eM04_Y_ANN=3.570059789770299e+00
REFINED_GRADING_1eM04_Y_SUPPORT=3.479849744259508e+00
REFINED_GRADING_1eM04_RHO_STAR_ANN_OVER_CORE_AT_A=7.926152518020358e-04
REFINED_GRADING_1eM04_CORE_ENERGY_FACTOR=2.220281249035972e-01
REFINED_GRADING_1eM04_ANNULUS_ENERGY_FACTOR=2.802938953988714e+02
REFINED_GRADING_1eM04_SUPPORT_ENERGY_FACTOR=4.966247033957792e+02
REFINED_GRADING_1eM04_CL2_MIN=8.395714207050716e-01
REFINED_GRADING_1eM04_CL2_MAX=9.997744493731417e-01
REFINED_GRADING_1eM04_CT2_REFERENCE=4.598488284014726e-01
REFINED_GRADING_1eM04_DEC_MARGIN_RATIO=2.193050565774568e-03

=== J — FINITE SPHERICAL PAYLOAD AUDIT ===
PAYLOAD_PAYLOAD_RADIUS_OVER_H=4.329886080505922e-02
PAYLOAD_SAMPLE_COUNT=32
PAYLOAD_ANALYTIC_CENTER_F=2.370167712579347e-01
PAYLOAD_NUMERIC_CENTER_F=2.370167712579324e-01
PAYLOAD_CENTER_RELATIVE_ERROR=9.368307725506486e-15
PAYLOAD_MEAN_F=2.370315126789441e-01
PAYLOAD_MIN_F=2.204527597492804e-01
PAYLOAD_MAX_F=2.554958272063966e-01
PAYLOAD_ALL_OUTWARD=YES
PAYLOAD_FINITE_PAYLOAD_C=2.365694430538449e+01
FINITE_PAYLOAD_AUDIT=PASS

=== K — LIMITING / CONSISTENCY CHECKS ===
NEAR_DEC_LIMIT_EPS=1.000000000000e-07
NEAR_DEC_LIMIT_C=2.342671847708597e+01
NEAR_DEC_LIMIT_RELATIVE_TO_006B=1.000000354368791e+00
DEC_LIMIT_APPROACHES_006B=PASS
IDENTITY_MAX_ABS_PRESSURE_RATIO=9.989158599641508e-01
IDENTITY_MIN_CL2=1.964504393827882e-02
IDENTITY_MAX_CL2=9.999358538930749e-01
GLOBAL_CONSTITUTIVE_IDENTITY_MONTE_CARLO=PASS

=== L — DECISION ===
LOCAL_POSITIVE_ENERGY_HYPERELASTIC_LAGRANGIAN=YES
LOCAL_STRESS_STATE_REALIZATION=YES_EXACT_CONSTITUTIVE
LOCAL_FINITE_STRAIN_DEC=PASS_ANALYTIC
LOCAL_PRINCIPAL_LONGITUDINAL_CAUSALITY=PASS_ANALYTIC_IN_DECLARED_K_RANGE
REFERENCE_TRANSVERSE_CAUSALITY=PASS
GLOBAL_LOG_STRAIN_CONVEXITY=PASS_ANALYTIC
DISTRIBUTIONAL_THIN_SOURCE_CONSERVATION=PASS_BY_GENERALIZED_006B_IDENTITY
FINITE_PAYLOAD_OUTWARD=YES
MODERATE_STRAIN_C_LT_30_PREFLIGHT=YES
COEFFICIENT_BELOW_006D_FINITE=NO
COEFFICIENT_BELOW_006D_FINITE_CLAIM_WARNING=THIN_IDEALIZED_SOURCE_NOT_SAME_CLAIM_CLASS_AS_006D_FINITE
COEFFICIENT_BELOW_006B_THIN=NO
025A_DECISION=YELLOW_STRONG_HYPERELASTIC_CONSTITUTIVE_REALIZATION_PREFLIGHT
NEXT=025B_SOLVE_AXISYMMETRIC_GRADED_HYPERELASTIC_MATERIAL_COORDINATE_BVP_WITH_FINITE_COLLARS_AND_FULL_CHARACTERISTIC_CONE
GLOBAL_DEFORMATION_COMPATIBILITY=NOT_ESTABLISHED
GLOBAL_ELASTIC_EULER_LAGRANGE_SOLUTION=NO
FINITE_THICKNESS_COLLAR_REALIZATION=NO
FULL_FINITE_STRAIN_CHARACTERISTIC_CONE=NOT_ESTABLISHED
DYNAMIC_STABILITY=NOT_ESTABLISHED
MICROSCOPIC_PARTICLE_REALIZATION=NO
NONLINEAR_GR=NO
REMOVES_1_OVER_G_SCALING=NO
PRACTICAL_ANTIGRAVITY_DEVICE=NO
CURRENT_KNOWLEDGE_HEURISTIC=70_TO_71_PERCENT_RETAIN_UNTIL_BVP_OR_STRONGER_PROMOTION
SUMMARY_JSON=results/data/025a_saturating_relativistic_hencky_summary.json
TOP_CSV=results/data/025a_saturating_relativistic_hencky_top.csv
FRONTIER_CSV=results/data/025a_saturating_relativistic_hencky_frontier.csv
BEST_PROFILE_NPZ=results/data/025a_saturating_relativistic_hencky_best_profile.npz
025A_RUN_COMPLETE=YES
