=== 025A SATURATING RELATIVISTIC HENCKY STRESS TRANSFORMER ===

=== A — EXACT CONSTITUTIVE MODEL ===
MODEL=SATURATING_RELATIVISTIC_HENCKY_SOLID
MATTER_DESCRIPTION=RELATIVISTIC_HYPERELASTIC_CONTINUUM_EFT
RHO_POSITIVE_BY_CONSTRUCTION=YES
PRESSURE_RATIO_IDENTITY=P_I_OVER_RHO_EQUALS_TANH_K_Y_I
GLOBAL_FINITE_STRAIN_DEC_IN_LOCAL_CONSTITUTIVE_MODEL=YES
GLOBAL_FINITE_STRAIN_NEC_STRICT_IN_LOCAL_CONSTITUTIVE_MODEL=YES
LOG_STRAIN_ENERGY_CONVEXITY=YES
PRINCIPAL_LONGITUDINAL_SPEED_IDENTITY=CL2_EQUALS_K_PLUS_ONE_MINUS_K_TIMES_P_OVER_RHO
REFERENCE_CT2_EQUALS_K_OVER_2=YES
FULL_FINITE_STRAIN_TRANSVERSE_CHARACTERISTIC_CONE=NOT_ESTABLISHED
RHO_STAR_MATERIAL_COORDINATE_GRADING=ALLOWED_AND_REPORTED
GLOBAL_ELASTIC_EULER_LAGRANGE_BVP=NOT_ESTABLISHED

=== B — 006B EXACT LIMIT REGRESSION ===
C_006B_REFERENCE=2.342671017539100e+01
C_006B_REBUILT=2.342671017539108e+01
C_006B_RELERR=3.488002113854115e-15
C_006B_LIMIT_REGRESSION=PASS
C_006D_FINITE_REFERENCE=2.359158629924900e+01

=== C — ANALYTIC SYMMETRIC STRAIN FRONTIER ===
STRAIN_CAP=1.000000 REFINED_C=9.576282060149e+01 K=0.94998306 T=0.73977219 Q=0.73976989 SUPPORT=0.73973092 MAX_STRAIN=0.99999258 GRADING=1.353387824735e-01
STRAIN_CAP=1.500000 REFINED_C=3.671167545994e+01 K=0.94997196 T=0.89061978 Q=0.89060775 SUPPORT=0.89062513 MAX_STRAIN=1.49998196 GRADING=4.979767872907e-02
STRAIN_CAP=2.000000 REFINED_C=2.760187050646e+01 K=0.94995224 T=0.95622451 Q=0.95620755 SUPPORT=0.95617371 MAX_STRAIN=1.99994133 GRADING=1.832541679583e-02
STRAIN_CAP=2.500000 REFINED_C=2.492831541053e+01 K=0.94997867 T=0.98283486 Q=0.98283531 SUPPORT=0.98284171 MAX_STRAIN=2.49995355 GRADING=6.741244129029e-03
STRAIN_CAP=3.000000 REFINED_C=2.399208116197e+01 K=0.94993843 T=0.99332603 Q=0.99332694 SUPPORT=0.99331876 MAX_STRAIN=2.99992190 GRADING=2.479139515983e-03
STRAIN_CAP=3.500000 REFINED_C=2.364369830819e+01 K=0.94989191 T=0.99740243 Q=0.99741179 SUPPORT=0.99741283 MAX_STRAIN=3.49989476 GRADING=9.124594978100e-04
STRAIN_CAP=4.000000 REFINED_C=2.351009602136e+01 K=0.94992221 T=0.99899896 Q=0.99899833 SUPPORT=0.99899853 MAX_STRAIN=3.99999425 GRADING=3.356895997852e-04
STRAIN_CAP=5.000000 REFINED_C=2.343948592455e+01 K=0.94993946 T=0.99984907 Q=0.99984823 SUPPORT=0.99984643 MAX_STRAIN=4.99598206 GRADING=4.603399239610e-05
STRAIN_CAP=6.000000 REFINED_C=2.343086164151e+01 K=0.90502031 T=0.99995000 Q=0.99995000 SUPPORT=0.99995000 MAX_STRAIN=5.85434914 GRADING=8.221990054399e-06

=== D — 2^20 GLOBAL SOBOL MATERIAL + GEOMETRY CAMPAIGN ===
BASE_SOBOL_CASES=1048576
OUTWARD_CAUSAL_CASES=516453
CASES_BEATING_006D_FINITE_COEFFICIENT=284
CASES_BEATING_006B_THIN_COEFFICIENT=0
BEST_GLOBAL_SOBOL_SURVIVOR=YES
BEST_GLOBAL_SOBOL_C=2.343982848519055e+01
BEST_GLOBAL_SOBOL_F=2.373962035777331e-01
BEST_GLOBAL_SOBOL_MASS=1.112905258979488e+01
BEST_GLOBAL_SOBOL_K=7.198423895053565e-01
BEST_GLOBAL_SOBOL_T=9.999451582385217e-01
BEST_GLOBAL_SOBOL_Q=9.998849415391481e-01
BEST_GLOBAL_SOBOL_SUPPORT=9.998511856044323e-01
BEST_GLOBAL_SOBOL_A=1.446586922300324e+00
BEST_GLOBAL_SOBOL_R=4.609735398218698e+00
BEST_GLOBAL_SOBOL_R_OVER_A=3.186628696247592e+00
BEST_GLOBAL_SOBOL_MAX_LOG_STRAIN=7.296165449486935e+00
BEST_GLOBAL_SOBOL_Y_CORE=7.296165449486935e+00
BEST_GLOBAL_SOBOL_Y_ANN=6.781456604632022e+00
BEST_GLOBAL_SOBOL_Y_SUPPORT=6.602753328380709e+00
BEST_GLOBAL_SOBOL_RHO_STAR_ANN_OVER_CORE_AT_A=1.287334645135953e-06
BEST_GLOBAL_SOBOL_CORE_ENERGY_FACTOR=1.457657760684741e-01
BEST_GLOBAL_SOBOL_ANNULUS_ENERGY_FACTOR=1.132374982396604e+05
BEST_GLOBAL_SOBOL_SUPPORT_ENERGY_FACTOR=2.074602063523119e+05
BEST_GLOBAL_SOBOL_CL2_MIN=4.397001433475641e-01
BEST_GLOBAL_SOBOL_CL2_MAX=9.999677654965405e-01
BEST_GLOBAL_SOBOL_CT2_REFERENCE=3.599211947526783e-01
BEST_GLOBAL_SOBOL_DEC_MARGIN_RATIO=5.484176147829700e-05

=== E — STRAIN-CAPPED SOBOL FRONTIER ===
SOBOL_STRAIN_CAP=1.000000 C=2.043024658646e+02 K=0.93143232 T=0.72678239 Q=0.71493871 SUPPORT=0.49353171 MAX_STRAIN=0.98973723 GRADING=1.458941803467e-01
SOBOL_STRAIN_CAP=1.500000 C=4.251487372893e+01 K=0.91936627 T=0.86589141 Q=0.87075131 SUPPORT=0.81710079 MAX_STRAIN=1.45336906 GRADING=5.465709070944e-02
SOBOL_STRAIN_CAP=2.000000 C=3.076810928331e+01 K=0.91785143 T=0.94441412 Q=0.93690961 SUPPORT=0.86096664 MAX_STRAIN=1.93647179 GRADING=2.396394112356e-02
SOBOL_STRAIN_CAP=2.500000 C=2.618503946242e+01 K=0.93405869 T=0.98089538 Q=0.97008265 SUPPORT=0.92982079 MAX_STRAIN=2.48451955 GRADING=1.129220293904e-02
SOBOL_STRAIN_CAP=3.000000 C=2.481727031777e+01 K=0.89709706 T=0.98856683 Q=0.98229833 SUPPORT=0.96934291 MAX_STRAIN=2.87519104 GRADING=5.193969467527e-03
SOBOL_STRAIN_CAP=3.500000 C=2.396288294450e+01 K=0.90838456 T=0.99343968 Q=0.99346576 SUPPORT=0.99653028 MAX_STRAIN=3.49801791 GRADING=1.840860842561e-03
SOBOL_STRAIN_CAP=4.000000 C=2.374768533364e+01 K=0.93641307 T=0.99881520 Q=0.99836598 SUPPORT=0.99708859 MAX_STRAIN=3.96766103 GRADING=5.045652937399e-04
SOBOL_STRAIN_CAP=5.000000 C=2.347175512550e+01 K=0.90681735 T=0.99975622 Q=0.99971810 SUPPORT=0.99960602 MAX_STRAIN=4.96916885 GRADING=5.667935446370e-05
SOBOL_STRAIN_CAP=6.000000 C=2.345493844532e+01 K=0.92257545 T=0.99984351 Q=0.99984866 SUPPORT=0.99945453 MAX_STRAIN=5.14269326 GRADING=3.412821517644e-05

=== F — MATERIAL-GRADING TRADEOFF ===
GRADING_FLOOR=1.0e-01 BEST_C=3.146442269639e+01 STRAIN=3.09332115 ACTUAL_GRADING=1.000275759467e-01
GRADING_FLOOR=1.0e-02 BEST_C=2.467081144099e+01 STRAIN=3.48533044 ACTUAL_GRADING=1.087723217204e-02
GRADING_FLOOR=1.0e-03 BEST_C=2.378285312407e+01 STRAIN=3.97282499 ACTUAL_GRADING=2.328752325445e-03
GRADING_FLOOR=1.0e-04 BEST_C=2.374768533364e+01 STRAIN=3.96766103 ACTUAL_GRADING=5.045652937399e-04

=== G — BLIND WILDCARD STRAIN DIAGNOSTICS ===
WILDCARD_STRAIN_CAP=0.625000 BEST_C=inf ROLE=BLIND_WILDCARD_NOT_PHYSICS_PRIOR
WILDCARD_STRAIN_CAP=1.600000 BEST_C=4.117869121258e+01 ROLE=BLIND_WILDCARD_NOT_PHYSICS_PRIOR
WILDCARD_STRAIN_CAP=1.875000 BEST_C=3.248858880102e+01 ROLE=BLIND_WILDCARD_NOT_PHYSICS_PRIOR
WILDCARD_STRAIN_CAP=3.125000 BEST_C=2.441796116492e+01 ROLE=BLIND_WILDCARD_NOT_PHYSICS_PRIOR
WILDCARD_STRAIN_CAP=5.000000 BEST_C=2.347175512550e+01 ROLE=BLIND_WILDCARD_NOT_PHYSICS_PRIOR
WILDCARDS_USED_FOR_SELECTION=NO

=== H — INDEPENDENT DIFFERENTIAL-EVOLUTION REFINEMENT ===
REFINED_CAP_2P0_SURVIVOR=YES
REFINED_CAP_2P0_C=2.760180672362557e+01
REFINED_CAP_2P0_F=2.210478213367274e-01
REFINED_CAP_2P0_MASS=1.220263848242973e+01
REFINED_CAP_2P0_K=9.499779153225243e-01
REFINED_CAP_2P0_T=9.562156570829833e-01
REFINED_CAP_2P0_Q=9.562261893303827e-01
REFINED_CAP_2P0_SUPPORT=9.561752317114607e-01
REFINED_CAP_2P0_A=1.505709215412419e+00
REFINED_CAP_2P0_R=4.955050426412403e+00
REFINED_CAP_2P0_R_OVER_A=3.290841535465530e+00
REFINED_CAP_2P0_MAX_LOG_STRAIN=1.999907951914042e+00
REFINED_CAP_2P0_Y_CORE=1.999778495656966e+00
REFINED_CAP_2P0_Y_ANN=1.999907951914042e+00
REFINED_CAP_2P0_Y_SUPPORT=1.999281893022689e+00
REFINED_CAP_2P0_RHO_STAR_ANN_OVER_CORE_AT_A=1.831901690939138e-02
REFINED_CAP_2P0_CORE_ENERGY_FACTOR=2.434875898937651e-01
REFINED_CAP_2P0_ANNULUS_ENERGY_FACTOR=1.329137416221629e+01
REFINED_CAP_2P0_SUPPORT_ENERGY_FACTOR=2.690308295028462e+01
REFINED_CAP_2P0_CL2_MIN=9.021454879090199e-01
REFINED_CAP_2P0_CL2_MAX=9.978103427360286e-01
REFINED_CAP_2P0_CT2_REFERENCE=4.749889576612621e-01
REFINED_CAP_2P0_DEC_MARGIN_RATIO=4.377381066961727e-02
REFINED_CAP_3P0_SURVIVOR=YES
REFINED_CAP_3P0_C=2.399190531917530e+01
REFINED_CAP_3P0_F=2.347250074807989e-01
REFINED_CAP_3P0_MASS=1.126300031104408e+01
REFINED_CAP_3P0_K=9.499899821573938e-01
REFINED_CAP_3P0_T=9.933286935741780e-01
REFINED_CAP_3P0_Q=9.933248142433270e-01
REFINED_CAP_3P0_SUPPORT=9.933287292456006e-01
REFINED_CAP_3P0_A=1.448530783503973e+00
REFINED_CAP_3P0_R=4.732527855951382e+00
REFINED_CAP_3P0_R_OVER_A=3.267122735564841e+00
REFINED_CAP_3P0_MAX_LOG_STRAIN=2.999900523111144e+00
REFINED_CAP_3P0_Y_CORE=2.999897699448855e+00
REFINED_CAP_3P0_Y_ANN=2.999590710903973e+00
REFINED_CAP_3P0_Y_SUPPORT=2.999900523111144e+00
REFINED_CAP_3P0_RHO_STAR_ANN_OVER_CORE_AT_A=2.480781583954945e-03
REFINED_CAP_3P0_CORE_ENERGY_FACTOR=2.340458201684644e-01
REFINED_CAP_3P0_ANNULUS_ENERGY_FACTOR=9.434395019891832e+01
REFINED_CAP_3P0_SUPPORT_ENERGY_FACTOR=1.951330907322892e+02
REFINED_CAP_3P0_CL2_MIN=9.003135964681765e-01
REFINED_CAP_3P0_CL2_MAX=9.996663696305397e-01
REFINED_CAP_3P0_CT2_REFERENCE=4.749949910786969e-01
REFINED_CAP_3P0_DEC_MARGIN_RATIO=6.671270754399439e-03
REFINED_CAP_4P0_SURVIVOR=YES
REFINED_CAP_4P0_C=2.351038455027865e+01
REFINED_CAP_4P0_F=2.364671897366867e-01
REFINED_CAP_4P0_MASS=1.111886912846642e+01
REFINED_CAP_4P0_K=9.499420066335426e-01
REFINED_CAP_4P0_T=9.989983884680703e-01
REFINED_CAP_4P0_Q=9.989988644611685e-01
REFINED_CAP_4P0_SUPPORT=9.989836091139623e-01
REFINED_CAP_4P0_A=1.439946324473249e+00
REFINED_CAP_4P0_R=4.691939169741066e+00
REFINED_CAP_4P0_R_OVER_A=3.258412546354768e+00
REFINED_CAP_4P0_MAX_LOG_STRAIN=3.999858317026395e+00
REFINED_CAP_4P0_Y_CORE=3.999607997363208e+00
REFINED_CAP_4P0_Y_ANN=3.999858317026395e+00
REFINED_CAP_4P0_Y_SUPPORT=3.991894282200710e+00
REFINED_CAP_4P0_RHO_STAR_ANN_OVER_CORE_AT_A=3.355577083981627e-04
REFINED_CAP_4P0_CORE_ENERGY_FACTOR=2.326333540513643e-01
REFINED_CAP_4P0_ANNULUS_ENERGY_FACTOR=6.932734292382551e+02
REFINED_CAP_4P0_SUPPORT_ENERGY_FACTOR=1.414668519966504e+03
REFINED_CAP_4P0_CL2_MIN=8.999341281032469e-01
REFINED_CAP_4P0_CL2_MAX=9.999498851638382e-01
REFINED_CAP_4P0_CT2_REFERENCE=4.749710033167713e-01
REFINED_CAP_4P0_DEC_MARGIN_RATIO=1.001135538831521e-03
REFINED_CAP_6P0_SURVIVOR=YES
REFINED_CAP_6P0_C=2.343086164896717e+01
REFINED_CAP_6P0_F=2.368134652347350e-01
REFINED_CAP_6P0_MASS=1.109748708105514e+01
REFINED_CAP_6P0_K=9.159818200256989e-01
REFINED_CAP_6P0_T=9.999500000000000e-01
REFINED_CAP_6P0_Q=9.999500000000000e-01
REFINED_CAP_6P0_SUPPORT=9.999500000000000e-01
REFINED_CAP_6P0_A=1.437559396947285e+00
REFINED_CAP_6P0_R=4.701770723860850e+00
REFINED_CAP_6P0_R_OVER_A=3.270661882803068e+00
REFINED_CAP_6P0_MAX_LOG_STRAIN=5.784290419915964e+00
REFINED_CAP_6P0_Y_CORE=5.784290419915964e+00
REFINED_CAP_6P0_Y_ANN=5.784290419915964e+00
REFINED_CAP_6P0_Y_SUPPORT=5.784290419915964e+00
REFINED_CAP_6P0_RHO_STAR_ANN_OVER_CORE_AT_A=9.458650486016583e-06
REFINED_CAP_6P0_CORE_ENERGY_FACTOR=2.201607665675415e-01
REFINED_CAP_6P0_ANNULUS_ENERGY_FACTOR=2.327612875568468e+04
REFINED_CAP_6P0_SUPPORT_ENERGY_FACTOR=4.960675131357067e+04
REFINED_CAP_6P0_CL2_MIN=8.319678409603966e-01
REFINED_CAP_6P0_CL2_MAX=9.999957990910013e-01
REFINED_CAP_6P0_CT2_REFERENCE=4.579909100128495e-01
REFINED_CAP_6P0_DEC_MARGIN_RATIO=4.999999999999449e-05

=== I — INDEPENDENT GRADING-CONSTRAINED REFINEMENT ===
REFINED_GRADING_1eM02_SURVIVOR=YES
REFINED_GRADING_1eM02_C=2.414598017933199e+01
REFINED_GRADING_1eM02_F=2.393912880686964e-01
REFINED_GRADING_1eM02_MASS=1.156067459362299e+01
REFINED_GRADING_1eM02_K=9.499822402073512e-01
REFINED_GRADING_1eM02_T=9.989761850784158e-01
REFINED_GRADING_1eM02_Q=9.751055729471687e-01
REFINED_GRADING_1eM02_SUPPORT=9.989971675823232e-01
REFINED_GRADING_1eM02_A=1.464612298098721e+00
REFINED_GRADING_1eM02_R=4.700871455200314e+00
REFINED_GRADING_1eM02_R_OVER_A=3.209635383577432e+00
REFINED_GRADING_1eM02_MAX_LOG_STRAIN=3.998797125924955e+00
REFINED_GRADING_1eM02_Y_CORE=3.987892789299307e+00
REFINED_GRADING_1eM02_Y_ANN=2.302007858761265e+00
REFINED_GRADING_1eM02_Y_SUPPORT=3.998797125924955e+00
REFINED_GRADING_1eM02_RHO_STAR_ANN_OVER_CORE_AT_A=1.000048053541405e-02
REFINED_GRADING_1eM02_CORE_ENERGY_FACTOR=2.326531626293789e-01
REFINED_GRADING_1eM02_ANNULUS_ENERGY_FACTOR=2.383370657208229e+01
REFINED_GRADING_1eM02_SUPPORT_ENERGY_FACTOR=1.434368482142571e+03
REFINED_GRADING_1eM02_CL2_MIN=9.000156893435224e-01
REFINED_GRADING_1eM02_CL2_MAX=9.999498405690204e-01
REFINED_GRADING_1eM02_CT2_REFERENCE=4.749911201036756e-01
REFINED_GRADING_1eM02_DEC_MARGIN_RATIO=1.002832417676847e-03
REFINED_GRADING_1eM03_SURVIVOR=YES
REFINED_GRADING_1eM03_C=2.355741925077783e+01
REFINED_GRADING_1eM03_F=2.370529685406668e-01
REFINED_GRADING_1eM03_MASS=1.116871232910787e+01
REFINED_GRADING_1eM03_K=9.499702008552042e-01
REFINED_GRADING_1eM03_T=9.989963109254859e-01
REFINED_GRADING_1eM03_Q=9.971775573876791e-01
REFINED_GRADING_1eM03_SUPPORT=9.989890677355598e-01
REFINED_GRADING_1eM03_A=1.441737713077077e+00
REFINED_GRADING_1eM03_R=4.712726694381253e+00
REFINED_GRADING_1eM03_R_OVER_A=3.268782283792076e+00
REFINED_GRADING_1eM03_MAX_LOG_STRAIN=3.998398157980152e+00
REFINED_GRADING_1eM03_Y_CORE=3.998398157980152e+00
REFINED_GRADING_1eM03_Y_ANN=3.453733365003889e+00
REFINED_GRADING_1eM03_Y_SUPPORT=3.994611578114797e+00
REFINED_GRADING_1eM03_RHO_STAR_ANN_OVER_CORE_AT_A=1.000194437314900e-03
REFINED_GRADING_1eM03_CORE_ENERGY_FACTOR=2.326439318458208e-01
REFINED_GRADING_1eM03_ANNULUS_ENERGY_FACTOR=2.330229430822486e+02
REFINED_GRADING_1eM03_SUPPORT_ENERGY_FACTOR=1.422404286863838e+03
REFINED_GRADING_1eM03_CL2_MIN=8.999906160732102e-01
REFINED_GRADING_1eM03_CL2_MAX=9.999494232618611e-01
REFINED_GRADING_1eM03_CT2_REFERENCE=4.749851004276021e-01
REFINED_GRADING_1eM03_DEC_MARGIN_RATIO=1.003689074514091e-03
REFINED_GRADING_1eM04_SURVIVOR=YES
REFINED_GRADING_1eM04_C=2.351050704101870e+01
REFINED_GRADING_1eM04_F=2.366881312796474e-01
REFINED_GRADING_1eM04_MASS=1.112931595395142e+01
REFINED_GRADING_1eM04_K=9.499203555737160e-01
REFINED_GRADING_1eM04_T=9.989985788873397e-01
REFINED_GRADING_1eM04_Q=9.989879404327129e-01
REFINED_GRADING_1eM04_SUPPORT=9.989865115836408e-01
REFINED_GRADING_1eM04_A=1.439817286537530e+00
REFINED_GRADING_1eM04_R=4.705566414070680e+00
REFINED_GRADING_1eM04_R_OVER_A=3.268169133728501e+00
REFINED_GRADING_1eM04_MAX_LOG_STRAIN=3.999799285890382e+00
REFINED_GRADING_1eM04_Y_CORE=3.999799285890382e+00
REFINED_GRADING_1eM04_Y_ANN=3.994234267677295e+00
REFINED_GRADING_1eM04_Y_SUPPORT=3.993491288442531e+00
REFINED_GRADING_1eM04_RHO_STAR_ANN_OVER_CORE_AT_A=3.393532047289816e-04
REFINED_GRADING_1eM04_CORE_ENERGY_FACTOR=2.326255752311734e-01
REFINED_GRADING_1eM04_ANNULUS_ENERGY_FACTOR=6.855042158825157e+02
REFINED_GRADING_1eM04_SUPPORT_ENERGY_FACTOR=1.419168458142394e+03
REFINED_GRADING_1eM04_CL2_MIN=8.998908619606750e-01
REFINED_GRADING_1eM04_CL2_MAX=9.999493164167320e-01
REFINED_GRADING_1eM04_CT2_REFERENCE=4.749601777868580e-01
REFINED_GRADING_1eM04_DEC_MARGIN_RATIO=1.001421112660328e-03

=== J — FINITE SPHERICAL PAYLOAD AUDIT ===
PAYLOAD_PAYLOAD_RADIUS_OVER_H=4.329886080505922e-02
PAYLOAD_SAMPLE_COUNT=256
PAYLOAD_ANALYTIC_CENTER_F=2.364671897366867e-01
PAYLOAD_NUMERIC_CENTER_F=2.364671897366811e-01
PAYLOAD_CENTER_RELATIVE_ERROR=2.394470637509270e-14
PAYLOAD_MEAN_F=2.364652266445905e-01
PAYLOAD_MIN_F=2.177761992333636e-01
PAYLOAD_MAX_F=2.565409934176223e-01
PAYLOAD_ALL_OUTWARD=YES
PAYLOAD_FINITE_PAYLOAD_C=2.351057972929396e+01
FINITE_PAYLOAD_AUDIT=PASS

=== K — LIMITING / CONSISTENCY CHECKS ===
NEAR_DEC_LIMIT_EPS=1.000000000000e-07
NEAR_DEC_LIMIT_C=2.342671847708597e+01
NEAR_DEC_LIMIT_RELATIVE_TO_006B=1.000000354368791e+00
DEC_LIMIT_APPROACHES_006B=PASS
IDENTITY_MAX_ABS_PRESSURE_RATIO=9.989158599641508e-01
IDENTITY_MIN_CL2=1.964504393827882e-02
IDENTITY_MAX_CL2=9.999358538930749e-01
GLOBAL_CONSTITUTIVE_IDENTITY_MONTE_CARLO=PASS

=== L — DECISION ===
LOCAL_POSITIVE_ENERGY_HYPERELASTIC_LAGRANGIAN=YES
LOCAL_STRESS_STATE_REALIZATION=YES_EXACT_CONSTITUTIVE
LOCAL_FINITE_STRAIN_DEC=PASS_ANALYTIC
LOCAL_PRINCIPAL_LONGITUDINAL_CAUSALITY=PASS_ANALYTIC_IN_DECLARED_K_RANGE
REFERENCE_TRANSVERSE_CAUSALITY=PASS
GLOBAL_LOG_STRAIN_CONVEXITY=PASS_ANALYTIC
DISTRIBUTIONAL_THIN_SOURCE_CONSERVATION=PASS_BY_GENERALIZED_006B_IDENTITY
FINITE_PAYLOAD_OUTWARD=YES
MODERATE_STRAIN_C_LT_30_PREFLIGHT=YES
COEFFICIENT_BELOW_006D_FINITE=YES
COEFFICIENT_BELOW_006D_FINITE_CLAIM_WARNING=THIN_IDEALIZED_SOURCE_NOT_SAME_CLAIM_CLASS_AS_006D_FINITE
COEFFICIENT_BELOW_006B_THIN=NO
025A_DECISION=YELLOW_STRONG_HYPERELASTIC_CONSTITUTIVE_REALIZATION_PREFLIGHT
NEXT=025B_SOLVE_AXISYMMETRIC_GRADED_HYPERELASTIC_MATERIAL_COORDINATE_BVP_WITH_FINITE_COLLARS_AND_FULL_CHARACTERISTIC_CONE
GLOBAL_DEFORMATION_COMPATIBILITY=NOT_ESTABLISHED
GLOBAL_ELASTIC_EULER_LAGRANGE_SOLUTION=NO
FINITE_THICKNESS_COLLAR_REALIZATION=NO
FULL_FINITE_STRAIN_CHARACTERISTIC_CONE=NOT_ESTABLISHED
DYNAMIC_STABILITY=NOT_ESTABLISHED
MICROSCOPIC_PARTICLE_REALIZATION=NO
NONLINEAR_GR=NO
REMOVES_1_OVER_G_SCALING=NO
PRACTICAL_ANTIGRAVITY_DEVICE=NO
CURRENT_KNOWLEDGE_HEURISTIC=70_TO_71_PERCENT_RETAIN_UNTIL_BVP_OR_STRONGER_PROMOTION
SUMMARY_JSON=results/data/025a_saturating_relativistic_hencky_summary.json
TOP_CSV=results/data/025a_saturating_relativistic_hencky_top.csv
FRONTIER_CSV=results/data/025a_saturating_relativistic_hencky_frontier.csv
BEST_PROFILE_NPZ=results/data/025a_saturating_relativistic_hencky_best_profile.npz
025A_RUN_COMPLETE=YES
