=== 025B1 GEOMETRIC COMPATIBILITY + PRESTRAIN CLOSEOUT ===

=== A — PREDECESSOR ANCHORS ===
C_006B=2.342671017539100e+01
C_006D=2.359158629924900e+01
C_005B=7.975314811601200e+01
C_025A_SELECTED=2.351038455027865e+01
C_025B0_COMPATIBLE_CAP4=8.010544962507872e+01
025B0_FULL_ACOUSTIC_CONE=PASS

=== B — SELECTED 025A GEOMETRIC BURDEN ===
SELECTED_Y_CORE=3.999607997363208e+00
SELECTED_Y_ANN=3.999858317026395e+00
SELECTED_CORE_X_OVER_R=1.832282007490309e-02
SELECTED_ANN_X_OVER_R=5.459041495287174e+01
SELECTED_INTERFACE_JUMP_FACTOR=2.979367517102057e+03
SELECTED_CONE_EXCESS_FACTOR_CHI=2.980113404726722e+03
SELECTED_INTEGRATED_GAUSSIAN_CURVATURE=-1.871832157300069e+04
SELECTED_INTEGRATED_CURVATURE_OVER_4PI=-1.489556702363361e+03
SELECTED_OPTIMISTIC_AXISYMMETRIC_EMBEDDING_LOG_STRAIN_FLOOR=3.999858317026395e+00
SELECTED_DIRECT_SAME_Z_DELTA_X=2.561085223323764e+02
SELECTED_DIRECT_RADIAL_SPAN=3.251992845267818e+00
SELECTED_DIRECT_SAME_Z_SIGMA_MAX_LOWER_BOUND=7.875433142636101e+01
SELECTED_DIRECT_SAME_Z_LOG_STRAIN_LOWER_BOUND=4.366333278432680e+00
SELECTED_RHO_STAR_ANN_OVER_CORE=3.355577083981627e-04
SELECTED_INVERSE_GRADING=2.980113330650804e+03
SELECTED_GRADING_TIMES_CHI=1.000000024856745e+00
SELECTED_GRADING_GEOMETRY_IDENTITY_RHS=1.000000024856740e+00
SELECTED_GRADING_GEOMETRY_IDENTITY_RELERR=5.107025786331707e-15
SELECTED_AXISYMMETRIC_STRESS_FREE_ISOMETRIC_EMBEDDING=NO
GRADING_GEOMETRY_IDENTITY=PASS
GRADING_GEOMETRY_INTERPRETATION=THE_APPROXIMATELY_3000X_MATERIAL_GRADING_AND_INTRINSIC_METRIC_EXCESS_ARE_THE_SAME_LEADING_BURDEN

=== C — GENERAL 2-D EUCLIDEAN KINEMATIC DIAGNOSTIC ===
STRAIN_CAP=2.000000 DIRECT_SAME_Z_POSSIBLE=NO PATH_MULTIPLIER=1.065823974970e+01 STRAIGHT_VERTICAL_EXCURSION_OVER_H=3.450762449441e+01
STRAIN_CAP=3.000000 DIRECT_SAME_Z_POSSIBLE=NO PATH_MULTIPLIER=3.920947282990e+00 STRAIGHT_VERTICAL_EXCURSION_OVER_H=1.232922553773e+01
STRAIN_CAP=4.000000 DIRECT_SAME_Z_POSSIBLE=NO PATH_MULTIPLIER=1.442435895329e+00 STRAIGHT_VERTICAL_EXCURSION_OVER_H=3.380542075314e+00
STRAIN_CAP=5.000000 DIRECT_SAME_Z_POSSIBLE=YES PATH_MULTIPLIER=5.306425110992e-01 STRAIGHT_VERTICAL_EXCURSION_OVER_H=0.000000000000e+00
STRAIN_CAP=6.000000 DIRECT_SAME_Z_POSSIBLE=YES PATH_MULTIPLIER=1.952124704450e-01 STRAIGHT_VERTICAL_EXCURSION_OVER_H=0.000000000000e+00
WILDCARD_STRAIN_CAP=0.625000 PATH_MULTIPLIER=4.215415594133e+01 VERTICAL_EXCURSION_OVER_H=1.370464354669e+02 ROLE=BLIND_WILDCARD_NOT_PHYSICS_PRIOR
WILDCARD_STRAIN_CAP=1.600000 PATH_MULTIPLIER=1.590022529198e+01 VERTICAL_EXCURSION_OVER_H=5.160505508725e+01 ROLE=BLIND_WILDCARD_NOT_PHYSICS_PRIOR
WILDCARD_STRAIN_CAP=1.875000 PATH_MULTIPLIER=1.207736788478e+01 VERTICAL_EXCURSION_OVER_H=3.914065071825e+01 ROLE=BLIND_WILDCARD_NOT_PHYSICS_PRIOR
WILDCARD_STRAIN_CAP=3.125000 PATH_MULTIPLIER=3.460223832436e+00 VERTICAL_EXCURSION_OVER_H=1.077246815742e+01 ROLE=BLIND_WILDCARD_NOT_PHYSICS_PRIOR
WILDCARD_STRAIN_CAP=5.000000 PATH_MULTIPLIER=5.306425110992e-01 VERTICAL_EXCURSION_OVER_H=0.000000000000e+00 ROLE=BLIND_WILDCARD_NOT_PHYSICS_PRIOR
WILDCARDS_USED_FOR_SELECTION=NO
GENERAL_2D_EUCLIDEAN_SHEAR_UNIVERSALLY_RULED_OUT=NO
CAP4_DIRECT_RADIAL_TARGET_RULED_OUT=YES
CAP4_2D_DETOUR_REQUIRES_ADDITIONAL_PATH_LENGTH=YES

=== D — DETERMINISTIC NON-EUCLIDEAN TRANSITION CURVATURE ===
TRANSITION_WIDTH_FRACTION=0.020000 TOTAL_K=-1.873067559149e+04 EXPECTED_K=-1.871832157300e+04 RELERR=6.599960598618e-04 PEAK_ABS_K=1.621873970564e+08
TRANSITION_WIDTH_FRACTION=0.050000 TOTAL_K=-1.872358302034e+04 EXPECTED_K=-1.871832157300e+04 RELERR=2.810854230593e-04 PEAK_ABS_K=2.616118325751e+07
TRANSITION_WIDTH_FRACTION=0.100000 TOTAL_K=-1.872121882996e+04 EXPECTED_K=-1.871832157300e+04 RELERR=1.547818774758e-04 PEAK_ABS_K=6.621581795843e+06
TRANSITION_WIDTH_FRACTION=0.250000 TOTAL_K=-1.871980031573e+04 EXPECTED_K=-1.871832157300e+04 RELERR=7.899975010407e-05 PEAK_ABS_K=1.091959714256e+06
TRANSITION_WIDTH_FRACTION=0.500000 TOTAL_K=-1.871932747765e+04 EXPECTED_K=-1.871832157300e+04 RELERR=5.373904098146e-05 PEAK_ABS_K=2.827961430355e+05
TRANSITION_WIDTH_FRACTION=1.000000 TOTAL_K=-1.871909105861e+04 EXPECTED_K=-1.871832157300e+04 RELERR=4.110868642472e-05 PEAK_ABS_K=7.372073395351e+04
DETERMINISTIC_CURVATURE_INVARIANT_MAX_RELERR=6.599960598617907e-04
DETERMINISTIC_CURVATURE_INVARIANT=FAIL

=== E — RANDOMIZED MONOTONE TRANSITION INVARIANCE AUDIT ===
RANDOM_TRANSITION_CASES=64
RANDOM_CURVATURE_INVARIANT_MAX_RELERR=6.875853789621415e-03
RANDOM_PEAK_ABS_K_MIN=2.139433283771121e+05
RANDOM_PEAK_ABS_K_MAX=9.643676409647934e+08
RANDOMIZED_CURVATURE_INVARIANT=FAIL

=== F — 025A STRAIN FRONTIER GEOMETRIC BURDEN ===
FRONTIER_STRAIN_CAP=1.000000 C=9.576282060149e+01 CHI=7.388867456735e+00 INV_GRADING=7.388865052010e+00 DIRECT_LOG_BOUND=1.314919663241e+00
FRONTIER_STRAIN_CAP=1.500000 C=3.671167545994e+01 CHI=2.008125954647e+01 INV_GRADING=2.008125731002e+01 DIRECT_LOG_BOUND=1.849557122464e+00
FRONTIER_STRAIN_CAP=2.000000 C=2.760187050646e+01 CHI=5.456898986787e+01 INV_GRADING=5.456901805516e+01 DIRECT_LOG_BOUND=2.356522936483e+00
FRONTIER_STRAIN_CAP=2.500000 C=2.492831541053e+01 CHI=1.483405734387e+02 INV_GRADING=1.483405705030e+02 DIRECT_LOG_BOUND=2.863105738471e+00
FRONTIER_STRAIN_CAP=3.000000 C=2.399208116197e+01 CHI=4.033657801370e+02 INV_GRADING=4.033657620127e+02 DIRECT_LOG_BOUND=3.363541172815e+00
FRONTIER_STRAIN_CAP=3.500000 C=2.364369830819e+01 CHI=1.095939584157e+03 INV_GRADING=1.095939055268e+03 DIRECT_LOG_BOUND=3.864886592386e+00
FRONTIER_STRAIN_CAP=4.000000 C=2.351009602136e+01 CHI=2.978942355126e+03 INV_GRADING=2.978942453504e+03 DIRECT_LOG_BOUND=4.364655141833e+00
FRONTIER_STRAIN_CAP=5.000000 C=2.343948592455e+01 CHI=2.172307687891e+04 INV_GRADING=2.172307783769e+04 DIRECT_LOG_BOUND=5.356365154355e+00
FRONTIER_STRAIN_CAP=6.000000 C=2.343086164151e+01 CHI=1.216250559030e+05 INV_GRADING=1.216250559030e+05 DIRECT_LOG_BOUND=6.219280267707e+00

=== G — EXACT AXISYMMETRIC REFERENCE-METRIC EMBEDDING GATE ===
REFERENCE_METRIC_DBDU_ANNULUS=2.980113404726722e+03
AXISYMMETRIC_SURFACE_OF_REVOLUTION_REQUIRES_ABS_DBDU_LE_1=YES
TARGET_REFERENCE_METRIC_STRESS_FREE_AXISYMMETRIC_EMBEDDING=NO
NONAXISYMMETRIC_WRINKLED_ISOMETRIC_EMBEDDING_RULED_OUT=NO
REFERENCE_METRIC_PRESCRIPTION_COUNTS_AS_FREE_ENERGY=NO
PRESTRAIN_MANUFACTURING_SUPPORT_RESET_ENERGY_MODELLED=NO

=== H — FINAL BRANCH DECISION ===
Traceback (most recent call last):
  File "/Users/mymac/Desktop/antigravity_research/simulations/025b1_geometric_compatibility_prestrain_closeout.py", line 2521, in <module>
    main()
    ~~~~^^
  File "/Users/mymac/Desktop/antigravity_research/simulations/025b1_geometric_compatibility_prestrain_closeout.py", line 2062, in main
    raise RuntimeError(
        "Reference-metric curvature invariant failed numerical validation"
    )
RuntimeError: Reference-metric curvature invariant failed numerical validation
