=== 025B0 HYPERELASTIC COMPATIBILITY + FULL ACOUSTIC CONE ===

=== A — PREDECESSOR ANCHORS ===
C_006B=2.342671017539100e+01
C_006D=2.359158629924900e+01
C_005B=7.975314811601200e+01
C_025A_SELECTED=2.351038455027865e+01
K_025A_SELECTED=9.499420066335426e-01
T_025A_SELECTED=9.989983884680703e-01
Q_025A_SELECTED=9.989988644611685e-01
SUPPORT_025A_SELECTED=9.989836091139623e-01

=== B — EXACT RADIAL COMPATIBILITY AUDIT ===
TARGET_Y_CORE_MAGNITUDE=3.999607997363208e+00
TARGET_Y_ANNULUS_MAGNITUDE=3.999858317026395e+00
TARGET_CORE_X_OVER_R=1.832282007490309e-02
TARGET_ANNULUS_X_OVER_R=5.459041495287174e+01
TARGET_INTERFACE_X_OVER_R_JUMP_RATIO=2.979367517102056e+03
EXACT_PIECEWISE_025A_TARGET_CONTINUOUS_RADIAL_MAP=NO
SMOOTH_NEGATIVE_TO_POSITIVE_Y_PHI_CROSSING_PRESERVES_RADIAL_TENSION_EVERYWHERE=NO
COMPATIBILITY_REASON=Y_R_EQUALS_G_PLUS_LOG_ONE_PLUS_R_GPRIME
DIRECT_DIAGONAL_006B_STRESS_STATE_REALIZATION=INCOMPATIBLE_WITH_ORDINARY_EUCLIDEAN_REFERENCE_RADIAL_MAP

=== C — FULL RELATIVISTIC ACOUSTIC CONE ===
ACOUSTIC_ZERO_STRAIN_MAX_ERROR=1.388957641124122e-07
ACOUSTIC_ZERO_STRAIN_VALIDATION=PASS
ACOUSTIC_PRINCIPAL_LONGITUDINAL_MAX_ERROR=1.769641040018310e-03
ACOUSTIC_PRINCIPAL_LONGITUDINAL_VALIDATION=PASS
ACOUSTIC_CORE_MIN_V2=3.431903348267487e-01
ACOUSTIC_CORE_MAX_V2=9.993304090578070e-01
ACOUSTIC_CORE_MIN_STEP_DIFFERENCE=7.057396363822632e-04
ACOUSTIC_CORE_MAX_STEP_DIFFERENCE=6.951729463189338e-07
ACOUSTIC_CORE_NEGATIVE_DIRECTION_COUNT=0
ACOUSTIC_CORE_SUPERLUMINAL_DIRECTION_COUNT=0
ACOUSTIC_CORE_FULL_DIRECTION_GATE=PASS
ACOUSTIC_ANNULUS_MIN_V2=9.013686961560019e-03
ACOUSTIC_ANNULUS_MAX_V2=9.999582572065295e-01
ACOUSTIC_ANNULUS_MIN_STEP_DIFFERENCE=1.962282740519093e-04
ACOUSTIC_ANNULUS_MAX_STEP_DIFFERENCE=5.575787551670430e-07
ACOUSTIC_ANNULUS_NEGATIVE_DIRECTION_COUNT=0
ACOUSTIC_ANNULUS_SUPERLUMINAL_DIRECTION_COUNT=0
ACOUSTIC_ANNULUS_FULL_DIRECTION_GATE=PASS
ACOUSTIC_SUPPORT_MIN_V2=7.675386372491239e-03
ACOUSTIC_SUPPORT_MAX_V2=9.999387374898052e-01
ACOUSTIC_SUPPORT_MIN_STEP_DIFFERENCE=2.233825943482801e-07
ACOUSTIC_SUPPORT_MAX_STEP_DIFFERENCE=1.599710337529814e-07
ACOUSTIC_SUPPORT_NEGATIVE_DIRECTION_COUNT=0
ACOUSTIC_SUPPORT_SUPERLUMINAL_DIRECTION_COUNT=0
ACOUSTIC_SUPPORT_FULL_DIRECTION_GATE=PASS
FULL_SELECTED_STATE_ACOUSTIC_CONE=PASS

=== D — COMPATIBLE RADIAL-MAP SEARCH ===
COMPATIBLE_SEARCH_BEGIN_STRAIN_CAP=2.000000
COMPATIBLE_CAP_2P0_SURVIVOR=YES
COMPATIBLE_CAP_2P0_C=1.030523599231452e+02
COMPATIBLE_CAP_2P0_F=2.458926197002178e-01
COMPATIBLE_CAP_2P0_MASS=5.067962949558383e+01
COMPATIBLE_CAP_2P0_K=9.490000000000000e-01
COMPATIBLE_CAP_2P0_R=4.000000000000000e+00
COMPATIBLE_CAP_2P0_G0=-1.900000000000000e+00
COMPATIBLE_CAP_2P0_C2=0.000000000000000e+00
COMPATIBLE_CAP_2P0_C4=0.000000000000000e+00
COMPATIBLE_CAP_2P0_C6=0.000000000000000e+00
COMPATIBLE_CAP_2P0_C8=0.000000000000000e+00
COMPATIBLE_CAP_2P0_Y_SUPPORT=1.900000000000000e+00
COMPATIBLE_CAP_2P0_SUPPORT_RATIO=9.471261032834242e-01
COMPATIBLE_CAP_2P0_MAX_LOG_STRAIN=1.900000000000000e+00
COMPATIBLE_CAP_2P0_MIN_Y_R=-1.900000000000000e+00
COMPATIBLE_CAP_2P0_MAX_Y_R=-1.900000000000000e+00
COMPATIBLE_CAP_2P0_MIN_Y_PHI=-1.900000000000000e+00
COMPATIBLE_CAP_2P0_MAX_Y_PHI=-1.900000000000000e+00
COMPATIBLE_CAP_2P0_MIN_W_R=-9.471261032834242e-01
COMPATIBLE_CAP_2P0_MAX_W_R=-9.471261032834242e-01
COMPATIBLE_CAP_2P0_MIN_W_PHI=-9.471261032834242e-01
COMPATIBLE_CAP_2P0_MAX_W_PHI=-9.471261032834242e-01
COMPATIBLE_CAP_2P0_MIN_ORIENTATION_JACOBIAN=1.000000000000000e+00
COMPATIBLE_CAP_2P0_RHO_STAR_GRADING_CONTRAST=1.000000000000000e+00
COMPATIBLE_CAP_2P0_EQUILIBRIUM_RESIDUAL_RELATIVE=7.105427357601002e-03
COMPATIBLE_CAP_2P0_LAMBDA_LINE=4.223302457965319e+00
COMPATIBLE_SEARCH_BEGIN_STRAIN_CAP=3.000000
COMPATIBLE_CAP_3P0_SURVIVOR=YES
COMPATIBLE_CAP_3P0_C=8.291362301254736e+01
COMPATIBLE_CAP_3P0_F=2.920600210436678e-01
COMPATIBLE_CAP_3P0_MASS=4.843150896370264e+01
COMPATIBLE_CAP_3P0_K=9.490000000000000e-01
COMPATIBLE_CAP_3P0_R=4.000000000000000e+00
COMPATIBLE_CAP_3P0_G0=-2.850000000000000e+00
COMPATIBLE_CAP_3P0_C2=0.000000000000000e+00
COMPATIBLE_CAP_3P0_C4=0.000000000000000e+00
COMPATIBLE_CAP_3P0_C6=0.000000000000000e+00
COMPATIBLE_CAP_3P0_C8=0.000000000000000e+00
COMPATIBLE_CAP_3P0_Y_SUPPORT=2.850000000000000e+00
COMPATIBLE_CAP_3P0_SUPPORT_RATIO=9.910903258449774e-01
COMPATIBLE_CAP_3P0_MAX_LOG_STRAIN=2.850000000000000e+00
COMPATIBLE_CAP_3P0_MIN_Y_R=-2.850000000000000e+00
COMPATIBLE_CAP_3P0_MAX_Y_R=-2.850000000000000e+00
COMPATIBLE_CAP_3P0_MIN_Y_PHI=-2.850000000000000e+00
COMPATIBLE_CAP_3P0_MAX_Y_PHI=-2.850000000000000e+00
COMPATIBLE_CAP_3P0_MIN_W_R=-9.910903258449774e-01
COMPATIBLE_CAP_3P0_MAX_W_R=-9.910903258449774e-01
COMPATIBLE_CAP_3P0_MIN_W_PHI=-9.910903258449774e-01
COMPATIBLE_CAP_3P0_MAX_W_PHI=-9.910903258449774e-01
COMPATIBLE_CAP_3P0_MIN_ORIENTATION_JACOBIAN=1.000000000000000e+00
COMPATIBLE_CAP_3P0_RHO_STAR_GRADING_CONTRAST=1.000000000000000e+00
COMPATIBLE_CAP_3P0_EQUILIBRIUM_RESIDUAL_RELATIVE=1.418309913958637e-02
COMPATIBLE_CAP_3P0_LAMBDA_LINE=4.035959080308554e+00
COMPATIBLE_SEARCH_BEGIN_STRAIN_CAP=4.000000
COMPATIBLE_CAP_4P0_SURVIVOR=YES
COMPATIBLE_CAP_4P0_C=8.026074733505506e+01
COMPATIBLE_CAP_4P0_F=2.994666933882290e-01
COMPATIBLE_CAP_4P0_MASS=4.807084122659410e+01
COMPATIBLE_CAP_4P0_K=9.490000000000000e-01
COMPATIBLE_CAP_4P0_R=4.000000000000000e+00
COMPATIBLE_CAP_4P0_G0=-3.800000000000000e+00
COMPATIBLE_CAP_4P0_C2=0.000000000000000e+00
COMPATIBLE_CAP_4P0_C4=0.000000000000000e+00
COMPATIBLE_CAP_4P0_C6=0.000000000000000e+00
COMPATIBLE_CAP_4P0_C8=0.000000000000000e+00
COMPATIBLE_CAP_4P0_Y_SUPPORT=3.800000000000000e+00
COMPATIBLE_CAP_4P0_SUPPORT_RATIO=9.985263160621599e-01
COMPATIBLE_CAP_4P0_MAX_LOG_STRAIN=3.800000000000000e+00
COMPATIBLE_CAP_4P0_MIN_Y_R=-3.800000000000000e+00
COMPATIBLE_CAP_4P0_MAX_Y_R=-3.800000000000000e+00
COMPATIBLE_CAP_4P0_MIN_Y_PHI=-3.800000000000000e+00
COMPATIBLE_CAP_4P0_MAX_Y_PHI=-3.800000000000000e+00
COMPATIBLE_CAP_4P0_MIN_W_R=-9.985263160621598e-01
COMPATIBLE_CAP_4P0_MAX_W_R=-9.985263160621598e-01
COMPATIBLE_CAP_4P0_MIN_W_PHI=-9.985263160621598e-01
COMPATIBLE_CAP_4P0_MAX_W_PHI=-9.985263160621598e-01
COMPATIBLE_CAP_4P0_MIN_ORIENTATION_JACOBIAN=1.000000000000000e+00
COMPATIBLE_CAP_4P0_RHO_STAR_GRADING_CONTRAST=1.000000000000000e+00
COMPATIBLE_CAP_4P0_EQUILIBRIUM_RESIDUAL_RELATIVE=7.105427357601002e-03
COMPATIBLE_CAP_4P0_LAMBDA_LINE=4.005903435549508e+00
COMPATIBLE_SEARCH_BEGIN_STRAIN_CAP=5.000000
COMPATIBLE_CAP_5P0_SURVIVOR=YES
COMPATIBLE_CAP_5P0_C=7.991570972517798e+01
COMPATIBLE_CAP_5P0_F=2.940100206037079e-01
COMPATIBLE_CAP_5P0_MASS=4.699203892571903e+01
COMPATIBLE_CAP_5P0_K=9.478938515108511e-01
COMPATIBLE_CAP_5P0_R=3.957204283479676e+00
COMPATIBLE_CAP_5P0_G0=-4.422363065023235e+00
COMPATIBLE_CAP_5P0_C2=-1.748633291772225e-01
COMPATIBLE_CAP_5P0_C4=-2.659815977709381e-01
COMPATIBLE_CAP_5P0_C6=-1.017795794168309e-01
COMPATIBLE_CAP_5P0_C8=4.952867038023063e-01
COMPATIBLE_CAP_5P0_Y_SUPPORT=4.901711385819866e+00
COMPATIBLE_CAP_5P0_SUPPORT_RATIO=9.998158111719347e-01
COMPATIBLE_CAP_5P0_MAX_LOG_STRAIN=4.901711385819866e+00
COMPATIBLE_CAP_5P0_MIN_Y_R=-4.872745600697301e+00
COMPATIBLE_CAP_5P0_MAX_Y_R=-3.391984347952818e+00
COMPATIBLE_CAP_5P0_MIN_Y_PHI=-4.591165982865487e+00
COMPATIBLE_CAP_5P0_MAX_Y_PHI=-4.422363065023235e+00
COMPATIBLE_CAP_5P0_MIN_W_R=-9.998054149677122e-01
COMPATIBLE_CAP_5P0_MAX_W_R=-9.967818396779498e-01
COMPATIBLE_CAP_5P0_MIN_W_PHI=-9.996681723199851e-01
COMPATIBLE_CAP_5P0_MAX_W_PHI=-9.995430528576822e-01
COMPATIBLE_CAP_5P0_MIN_ORIENTATION_JACOBIAN=7.296876103157555e-01
COMPATIBLE_CAP_5P0_RHO_STAR_GRADING_CONTRAST=1.001511092133677e+00
COMPATIBLE_CAP_5P0_EQUILIBRIUM_RESIDUAL_RELATIVE=3.693568659361083e-04
COMPATIBLE_CAP_5P0_LAMBDA_LINE=3.957986400333653e+00
COMPATIBLE_SEARCH_BEGIN_STRAIN_CAP=6.000000
COMPATIBLE_CAP_6P0_SURVIVOR=YES
COMPATIBLE_CAP_6P0_C=7.978257598614958e+01
COMPATIBLE_CAP_6P0_F=3.016785235906549e-01
COMPATIBLE_CAP_6P0_MASS=4.813737946352168e+01
COMPATIBLE_CAP_6P0_K=9.500000000000000e-01
COMPATIBLE_CAP_6P0_R=4.005537454099481e+00
COMPATIBLE_CAP_6P0_G0=-5.372835259876881e+00
COMPATIBLE_CAP_6P0_C2=-8.060763523457593e-02
COMPATIBLE_CAP_6P0_C4=-3.391588592743369e-01
COMPATIBLE_CAP_6P0_C6=-1.755024993538869e-01
COMPATIBLE_CAP_6P0_C8=4.244725033535545e-01
COMPATIBLE_CAP_6P0_Y_SUPPORT=5.053503198954774e+00
COMPATIBLE_CAP_6P0_SUPPORT_RATIO=9.998647758129198e-01
COMPATIBLE_CAP_6P0_MAX_LOG_STRAIN=5.995332729933359e+00
COMPATIBLE_CAP_6P0_MIN_Y_R=-5.995332729933359e+00
COMPATIBLE_CAP_6P0_MAX_Y_R=-4.942098710679097e+00
COMPATIBLE_CAP_6P0_MIN_Y_PHI=-5.572600869861614e+00
COMPATIBLE_CAP_6P0_MAX_Y_PHI=-5.372835259876881e+00
COMPATIBLE_CAP_6P0_MIN_W_R=-9.999774098435404e-01
COMPATIBLE_CAP_6P0_MAX_W_R=-9.998329009692395e-01
COMPATIBLE_CAP_6P0_MIN_W_PHI=-9.999495647231451e-01
COMPATIBLE_CAP_6P0_MAX_W_PHI=-9.999262829669667e-01
COMPATIBLE_CAP_6P0_MIN_ORIENTATION_JACOBIAN=6.275292949230308e-01
COMPATIBLE_CAP_6P0_RHO_STAR_GRADING_CONTRAST=1.000069255621415e+00
COMPATIBLE_CAP_6P0_EQUILIBRIUM_RESIDUAL_RELATIVE=4.080931496301155e-04
COMPATIBLE_CAP_6P0_LAMBDA_LINE=4.006009637944393e+00

=== E — BLIND WILDCARD COMPATIBILITY DIAGNOSTICS ===
WILDCARD_COMPATIBLE_STRAIN_CAP=0.625000 BEST_C=inf ROLE=BLIND_WILDCARD_NOT_PHYSICS_PRIOR
WILDCARD_COMPATIBLE_STRAIN_CAP=1.600000 BEST_C=1.437762768070e+02 ROLE=BLIND_WILDCARD_NOT_PHYSICS_PRIOR
WILDCARD_COMPATIBLE_STRAIN_CAP=1.875000 BEST_C=1.109782536784e+02 ROLE=BLIND_WILDCARD_NOT_PHYSICS_PRIOR
WILDCARD_COMPATIBLE_STRAIN_CAP=3.125000 BEST_C=8.225857092353e+01 ROLE=BLIND_WILDCARD_NOT_PHYSICS_PRIOR
WILDCARD_COMPATIBLE_STRAIN_CAP=5.000000 BEST_C=7.991570972518e+01 ROLE=BLIND_WILDCARD_NOT_PHYSICS_PRIOR
WILDCARDS_USED_FOR_SELECTION=NO

=== F — CAP-4 HIGH-RESOLUTION RECONSTRUCTION ===
CAP4_LOW_C=8.026938234919930e+01
CAP4_HIGH_C=8.026074733505506e+01
CAP4_C_RELATIVE_DIFFERENCE=1.075870139633642e-04
CAP4_F_RELATIVE_DIFFERENCE=1.075754402428496e-04
CAP4_PROFILE_CONVERGENCE=PASS

=== G — FINITE PAYLOAD AUDIT OF BEST COMPATIBLE CAP-4 MAP ===
COMPATIBLE_PAYLOAD_SAMPLE_COUNT=16
COMPATIBLE_PAYLOAD_RADIUS_OVER_H=4.329886080505922e-02
COMPATIBLE_PAYLOAD_ANALYTIC_CENTER_F=2.994666933882290e-01
COMPATIBLE_PAYLOAD_NUMERIC_CENTER_F=2.994666933882289e-01
COMPATIBLE_PAYLOAD_CENTER_RELATIVE_ERROR=1.853666950511024e-16
COMPATIBLE_PAYLOAD_MEAN_F=2.994635789470695e-01
COMPATIBLE_PAYLOAD_MIN_F=2.802058302065979e-01
COMPATIBLE_PAYLOAD_MAX_F=3.227814373957462e-01
COMPATIBLE_PAYLOAD_ALL_OUTWARD=YES
COMPATIBLE_PAYLOAD_FINITE_PAYLOAD_C=8.026158205217115e+01
COMPATIBLE_FINITE_PAYLOAD_AUDIT=PASS

=== H — 025B0 DECISION ===
EXACT_025A_PIECEWISE_RADIAL_MAP_COMPATIBLE=NO
LOCAL_025A_FULL_ACOUSTIC_CONE_SURVIVES=YES
COMPATIBLE_CAP4_C_LT_30=NO
COMPATIBLE_CAP4_BEATS_006D=NO
COMPATIBLE_CAP4_REGRESSES_TOWARD_005B_SCALE=YES
025B0_INTERPRETATION=COMPATIBILITY_ERASES_THE_006B_STRESS_TRANSFER_ADVANTAGE_IN_TESTED_RADIAL_MAP_SUBCLASS
025B0_DECISION=YELLOW_LOCAL_LAW_SURVIVES_BUT_DIRECT_006B_MATERIAL_REALIZATION_DEMOTED_BY_COMPATIBILITY
NEXT=025B1_ANALYTIC_FULL_2D_AXISYMMETRIC_MAP_VS_NON_EUCLIDEAN_REFERENCE_METRIC_DECISION_GATE
ORDINARY_EUCLIDEAN_REFERENCE_RADIAL_MAP_TESTED=YES
GENERAL_2D_AXISYMMETRIC_MAP_TESTED=NO
NON_EUCLIDEAN_REFERENCE_METRIC_TESTED=NO
FINITE_THICKNESS_COLLAR_BVP=NO
NONLINEAR_GR=NO
REMOVES_1_OVER_G_SCALING=NO
PRACTICAL_ANTIGRAVITY_DEVICE=NO
CURRENT_KNOWLEDGE_HEURISTIC=70_TO_71_PERCENT_RETAIN_UNLESS_GLOBAL_MATERIAL_PROMOTION_IS_EARNED
SUMMARY_JSON=results/data/025b0_hyperelastic_compatibility_acoustic_cone_summary.json
FRONTIER_CSV=results/data/025b0_compatible_radial_map_frontier.csv
ACOUSTIC_CONE_CSV=results/data/025b0_full_acoustic_cone.csv
BEST_PROFILE_NPZ=results/data/025b0_best_compatible_radial_profile.npz
025B0_RUN_COMPLETE=YES
