=== 025B0 HYPERELASTIC COMPATIBILITY + FULL ACOUSTIC CONE ===

=== A — PREDECESSOR ANCHORS ===
C_006B=2.342671017539100e+01
C_006D=2.359158629924900e+01
C_005B=7.975314811601200e+01
C_025A_SELECTED=2.351038455027865e+01
K_025A_SELECTED=9.499420066335426e-01
T_025A_SELECTED=9.989983884680703e-01
Q_025A_SELECTED=9.989988644611685e-01
SUPPORT_025A_SELECTED=9.989836091139623e-01

=== B — EXACT RADIAL COMPATIBILITY AUDIT ===
TARGET_Y_CORE_MAGNITUDE=3.999607997363208e+00
TARGET_Y_ANNULUS_MAGNITUDE=3.999858317026395e+00
TARGET_CORE_X_OVER_R=1.832282007490309e-02
TARGET_ANNULUS_X_OVER_R=5.459041495287174e+01
TARGET_INTERFACE_X_OVER_R_JUMP_RATIO=2.979367517102056e+03
EXACT_PIECEWISE_025A_TARGET_CONTINUOUS_RADIAL_MAP=NO
SMOOTH_NEGATIVE_TO_POSITIVE_Y_PHI_CROSSING_PRESERVES_RADIAL_TENSION_EVERYWHERE=NO
COMPATIBILITY_REASON=Y_R_EQUALS_G_PLUS_LOG_ONE_PLUS_R_GPRIME
DIRECT_DIAGONAL_006B_STRESS_STATE_REALIZATION=INCOMPATIBLE_WITH_ORDINARY_EUCLIDEAN_REFERENCE_RADIAL_MAP

=== C — FULL RELATIVISTIC ACOUSTIC CONE ===
ACOUSTIC_ZERO_STRAIN_MAX_ERROR=1.388957641124122e-07
ACOUSTIC_ZERO_STRAIN_VALIDATION=PASS
ACOUSTIC_PRINCIPAL_LONGITUDINAL_MAX_ERROR=1.769641040018310e-03
ACOUSTIC_PRINCIPAL_LONGITUDINAL_VALIDATION=PASS
ACOUSTIC_CORE_MIN_V2=3.349168112325521e-01
ACOUSTIC_CORE_MAX_V2=9.993336963997425e-01
ACOUSTIC_CORE_MIN_STEP_DIFFERENCE=7.554986118866736e-04
ACOUSTIC_CORE_MAX_STEP_DIFFERENCE=3.425166217319031e-07
ACOUSTIC_CORE_NEGATIVE_DIRECTION_COUNT=0
ACOUSTIC_CORE_SUPERLUMINAL_DIRECTION_COUNT=0
ACOUSTIC_CORE_FULL_DIRECTION_GATE=PASS
ACOUSTIC_ANNULUS_MIN_V2=3.409636723986048e-04
ACOUSTIC_ANNULUS_MAX_V2=9.999593115134844e-01
ACOUSTIC_ANNULUS_MIN_STEP_DIFFERENCE=8.128344322664069e-05
ACOUSTIC_ANNULUS_MAX_STEP_DIFFERENCE=6.690869018832757e-07
ACOUSTIC_ANNULUS_NEGATIVE_DIRECTION_COUNT=0
ACOUSTIC_ANNULUS_SUPERLUMINAL_DIRECTION_COUNT=0
ACOUSTIC_ANNULUS_FULL_DIRECTION_GATE=PASS
ACOUSTIC_SUPPORT_MIN_V2=3.680499031188698e-04
ACOUSTIC_SUPPORT_MAX_V2=9.999495667396834e-01
ACOUSTIC_SUPPORT_MIN_STEP_DIFFERENCE=2.412547191865525e-07
ACOUSTIC_SUPPORT_MAX_STEP_DIFFERENCE=1.410707042293069e-07
ACOUSTIC_SUPPORT_NEGATIVE_DIRECTION_COUNT=0
ACOUSTIC_SUPPORT_SUPERLUMINAL_DIRECTION_COUNT=0
ACOUSTIC_SUPPORT_FULL_DIRECTION_GATE=PASS
FULL_SELECTED_STATE_ACOUSTIC_CONE=PASS

=== D — COMPATIBLE RADIAL-MAP SEARCH ===
COMPATIBLE_SEARCH_BEGIN_STRAIN_CAP=2.000000
COMPATIBLE_CAP_2P0_SURVIVOR=YES
COMPATIBLE_CAP_2P0_C=9.793978550875951e+01
COMPATIBLE_CAP_2P0_F=2.914264910385426e-01
COMPATIBLE_CAP_2P0_MASS=5.708449604777059e+01
COMPATIBLE_CAP_2P0_K=9.473043889989855e-01
COMPATIBLE_CAP_2P0_R=4.261959027732793e+00
COMPATIBLE_CAP_2P0_G0=-1.983872930617505e+00
COMPATIBLE_CAP_2P0_C2=-3.082960817290858e-02
COMPATIBLE_CAP_2P0_C4=2.313720201664289e-01
COMPATIBLE_CAP_2P0_C6=-3.858096614360064e-01
COMPATIBLE_CAP_2P0_C8=1.913661725579805e-01
COMPATIBLE_CAP_2P0_Y_SUPPORT=1.999573613407747e+00
COMPATIBLE_CAP_2P0_SUPPORT_RATIO=9.557385776676572e-01
COMPATIBLE_CAP_2P0_MAX_LOG_STRAIN=1.999573613407747e+00
COMPATIBLE_CAP_2P0_MIN_Y_R=-1.997083882629898e+00
COMPATIBLE_CAP_2P0_MAX_Y_R=-1.900905307510950e+00
COMPATIBLE_CAP_2P0_MIN_Y_PHI=-1.985049388162446e+00
COMPATIBLE_CAP_2P0_MAX_Y_PHI=-1.977513454315008e+00
COMPATIBLE_CAP_2P0_MIN_W_R=-9.555339532932688e-01
COMPATIBLE_CAP_2P0_MAX_W_R=-9.468821726054806e-01
COMPATIBLE_CAP_2P0_MIN_W_PHI=-9.545317653783134e-01
COMPATIBLE_CAP_2P0_MAX_W_PHI=-9.538930026941748e-01
COMPATIBLE_CAP_2P0_MIN_ORIENTATION_JACOBIAN=9.821536964950699e-01
COMPATIBLE_CAP_2P0_RHO_STAR_GRADING_CONTRAST=1.004489834380836e+00
COMPATIBLE_CAP_2P0_EQUILIBRIUM_RESIDUAL_RELATIVE=5.392275797198869e-06
COMPATIBLE_CAP_2P0_LAMBDA_LINE=4.461799200680164e+00
COMPATIBLE_SEARCH_BEGIN_STRAIN_CAP=3.000000
COMPATIBLE_CAP_3P0_SURVIVOR=YES
COMPATIBLE_CAP_3P0_C=8.216971814330562e+01
COMPATIBLE_CAP_3P0_F=3.089959365719592e-01
COMPATIBLE_CAP_3P0_MASS=5.078021803108926e+01
COMPATIBLE_CAP_3P0_K=9.499768512535962e-01
COMPATIBLE_CAP_3P0_R=4.100524656985479e+00
COMPATIBLE_CAP_3P0_G0=-2.975886484214972e+00
COMPATIBLE_CAP_3P0_C2=-1.078807341687491e-01
COMPATIBLE_CAP_3P0_C4=3.219892767863941e-01
COMPATIBLE_CAP_3P0_C6=-3.796834836463534e-01
COMPATIBLE_CAP_3P0_C8=1.536883228696686e-01
COMPATIBLE_CAP_3P0_Y_SUPPORT=2.991214587778264e+00
COMPATIBLE_CAP_3P0_SUPPORT_RATIO=9.932175645554331e-01
COMPATIBLE_CAP_3P0_MAX_LOG_STRAIN=2.998866219502834e+00
COMPATIBLE_CAP_3P0_MIN_Y_R=-2.998866219502834e+00
COMPATIBLE_CAP_3P0_MAX_Y_R=-2.964445987615205e+00
COMPATIBLE_CAP_3P0_MIN_Y_PHI=-2.988279708577203e+00
COMPATIBLE_CAP_3P0_MAX_Y_PHI=-2.975886484214972e+00
COMPATIBLE_CAP_3P0_MIN_W_R=-9.933151254347227e-01
COMPATIBLE_CAP_3P0_MAX_W_R=-9.928649559216904e-01
COMPATIBLE_CAP_3P0_MIN_W_PHI=-9.931797684721618e-01
COMPATIBLE_CAP_3P0_MAX_W_PHI=-9.930178371954078e-01
COMPATIBLE_CAP_3P0_MIN_ORIENTATION_JACOBIAN=9.888478599159446e-01
COMPATIBLE_CAP_3P0_RHO_STAR_GRADING_CONTRAST=1.000215575618139e+00
COMPATIBLE_CAP_3P0_EQUILIBRIUM_RESIDUAL_RELATIVE=6.113915992763206e-06
COMPATIBLE_CAP_3P0_LAMBDA_LINE=4.127883117325425e+00
COMPATIBLE_SEARCH_BEGIN_STRAIN_CAP=4.000000
COMPATIBLE_CAP_4P0_SURVIVOR=YES
COMPATIBLE_CAP_4P0_C=8.010544962507872e+01
COMPATIBLE_CAP_4P0_F=3.010732883924864e-01
COMPATIBLE_CAP_4P0_MASS=4.823522227356224e+01
COMPATIBLE_CAP_4P0_K=9.498345953531909e-01
COMPATIBLE_CAP_4P0_R=4.007725167040835e+00
COMPATIBLE_CAP_4P0_G0=-3.983415768997405e+00
COMPATIBLE_CAP_4P0_C2=-8.602282203461487e-04
COMPATIBLE_CAP_4P0_C4=-3.190218139352607e-02
COMPATIBLE_CAP_4P0_C6=3.153052079171026e-02
COMPATIBLE_CAP_4P0_C8=6.551118744188233e-03
COMPATIBLE_CAP_4P0_Y_SUPPORT=3.998445604404126e+00
COMPATIBLE_CAP_4P0_SUPPORT_RATIO=9.989953129857337e-01
COMPATIBLE_CAP_4P0_MAX_LOG_STRAIN=3.998445604404126e+00
COMPATIBLE_CAP_4P0_MIN_Y_R=-3.994486241356799e+00
COMPATIBLE_CAP_4P0_MAX_Y_R=-3.871699956899799e+00
COMPATIBLE_CAP_4P0_MIN_Y_PHI=-3.987759176600275e+00
COMPATIBLE_CAP_4P0_MAX_Y_PHI=-3.978096539075378e+00
COMPATIBLE_CAP_4P0_MIN_W_R=-9.989877316013008e-01
COMPATIBLE_CAP_4P0_MAX_W_R=-9.987219772971523e-01
COMPATIBLE_CAP_4P0_MIN_W_PHI=-9.989747192884766e-01
COMPATIBLE_CAP_4P0_MAX_W_PHI=-9.989557355541336e-01
COMPATIBLE_CAP_4P0_MIN_ORIENTATION_JACOBIAN=9.923435211051280e-01
COMPATIBLE_CAP_4P0_RHO_STAR_GRADING_CONTRAST=1.000134957244964e+00
COMPATIBLE_CAP_4P0_EQUILIBRIUM_RESIDUAL_RELATIVE=9.303454741334466e-07
COMPATIBLE_CAP_4P0_LAMBDA_LINE=4.011800135328853e+00
COMPATIBLE_SEARCH_BEGIN_STRAIN_CAP=5.000000
COMPATIBLE_CAP_5P0_SURVIVOR=YES
COMPATIBLE_CAP_5P0_C=7.980729374308075e+01
COMPATIBLE_CAP_5P0_F=3.030981823139750e-01
COMPATIBLE_CAP_5P0_MASS=4.837889133785049e+01
COMPATIBLE_CAP_5P0_K=9.487961020052134e-01
COMPATIBLE_CAP_5P0_R=4.015456207347357e+00
COMPATIBLE_CAP_5P0_G0=-4.960700138735630e+00
COMPATIBLE_CAP_5P0_C2=-1.751021835349977e-01
COMPATIBLE_CAP_5P0_C4=4.975815652813873e-01
COMPATIBLE_CAP_5P0_C6=-5.777138793263507e-01
COMPATIBLE_CAP_5P0_C8=2.346682383365159e-01
COMPATIBLE_CAP_5P0_Y_SUPPORT=4.988534058165466e+00
COMPATIBLE_CAP_5P0_SUPPORT_RATIO=9.998451623763437e-01
COMPATIBLE_CAP_5P0_MAX_LOG_STRAIN=4.996408742454889e+00
COMPATIBLE_CAP_5P0_MIN_Y_R=-4.996408742454889e+00
COMPATIBLE_CAP_5P0_MAX_Y_R=-4.931348750810331e+00
COMPATIBLE_CAP_5P0_MIN_Y_PHI=-4.982441839892243e+00
COMPATIBLE_CAP_5P0_MAX_Y_PHI=-4.960700138735630e+00
COMPATIBLE_CAP_5P0_MIN_W_R=-9.998474587292584e-01
COMPATIBLE_CAP_5P0_MAX_W_R=-9.998274162720483e-01
COMPATIBLE_CAP_5P0_MIN_W_PHI=-9.998433621231747e-01
COMPATIBLE_CAP_5P0_MAX_W_PHI=-9.998367651097381e-01
COMPATIBLE_CAP_5P0_MIN_ORIENTATION_JACOBIAN=9.810115002434374e-01
COMPATIBLE_CAP_5P0_RHO_STAR_GRADING_CONTRAST=1.000009291990074e+00
COMPATIBLE_CAP_5P0_EQUILIBRIUM_RESIDUAL_RELATIVE=6.131480339141104e-06
COMPATIBLE_CAP_5P0_LAMBDA_LINE=4.016053136546861e+00
COMPATIBLE_SEARCH_BEGIN_STRAIN_CAP=6.000000
COMPATIBLE_CAP_6P0_SURVIVOR=YES
COMPATIBLE_CAP_6P0_C=7.976149634663675e+01
COMPATIBLE_CAP_6P0_F=3.016428053866079e-01
COMPATIBLE_CAP_6P0_MASS=4.811896303966638e+01
COMPATIBLE_CAP_6P0_K=9.494701171223677e-01
COMPATIBLE_CAP_6P0_R=4.004905498339865e+00
COMPATIBLE_CAP_6P0_G0=-5.951189758077443e+00
COMPATIBLE_CAP_6P0_C2=5.510924552410753e-02
COMPATIBLE_CAP_6P0_C4=-1.584799552687302e-01
COMPATIBLE_CAP_6P0_C6=1.387446911554849e-01
COMPATIBLE_CAP_6P0_C8=-4.194039005982222e-02
COMPATIBLE_CAP_6P0_Y_SUPPORT=5.958839000863549e+00
COMPATIBLE_CAP_6P0_SUPPORT_RATIO=9.999756345431203e-01
COMPATIBLE_CAP_6P0_MAX_LOG_STRAIN=5.984876936066460e+00
COMPATIBLE_CAP_6P0_MIN_Y_R=-5.984876936066460e+00
COMPATIBLE_CAP_6P0_MAX_Y_R=-5.941061201900977e+00
COMPATIBLE_CAP_6P0_MIN_Y_PHI=-5.957756166726403e+00
COMPATIBLE_CAP_6P0_MAX_Y_PHI=-5.945311463901739e+00
COMPATIBLE_CAP_6P0_MIN_W_R=-9.999768099679682e-01
COMPATIBLE_CAP_6P0_MAX_W_R=-9.999747979589062e-01
COMPATIBLE_CAP_6P0_MIN_W_PHI=-9.999755843910257e-01
COMPATIBLE_CAP_6P0_MAX_W_PHI=-9.999750005432458e-01
COMPATIBLE_CAP_6P0_MIN_ORIENTATION_JACOBIAN=9.711096882957612e-01
COMPATIBLE_CAP_6P0_RHO_STAR_GRADING_CONTRAST=1.000001204672570e+00
COMPATIBLE_CAP_6P0_EQUILIBRIUM_RESIDUAL_RELATIVE=7.764532201221504e-07
COMPATIBLE_CAP_6P0_LAMBDA_LINE=4.005001881393251e+00

=== E — BLIND WILDCARD COMPATIBILITY DIAGNOSTICS ===
WILDCARD_COMPATIBLE_STRAIN_CAP=0.625000 BEST_C=inf ROLE=BLIND_WILDCARD_NOT_PHYSICS_PRIOR
WILDCARD_COMPATIBLE_STRAIN_CAP=1.600000 BEST_C=1.244573936830e+02 ROLE=BLIND_WILDCARD_NOT_PHYSICS_PRIOR
WILDCARD_COMPATIBLE_STRAIN_CAP=1.875000 BEST_C=1.032451581829e+02 ROLE=BLIND_WILDCARD_NOT_PHYSICS_PRIOR
WILDCARD_COMPATIBLE_STRAIN_CAP=3.125000 BEST_C=8.163420764447e+01 ROLE=BLIND_WILDCARD_NOT_PHYSICS_PRIOR
WILDCARD_COMPATIBLE_STRAIN_CAP=5.000000 BEST_C=7.980729374308e+01 ROLE=BLIND_WILDCARD_NOT_PHYSICS_PRIOR
WILDCARDS_USED_FOR_SELECTION=NO

=== F — CAP-4 HIGH-RESOLUTION RECONSTRUCTION ===
CAP4_LOW_C=8.010604832583998e+01
CAP4_HIGH_C=8.010544962507872e+01
CAP4_C_RELATIVE_DIFFERENCE=7.473908005772690e-06
CAP4_F_RELATIVE_DIFFERENCE=7.473364385485598e-06
CAP4_PROFILE_CONVERGENCE=PASS

=== G — FINITE PAYLOAD AUDIT OF BEST COMPATIBLE CAP-4 MAP ===
COMPATIBLE_PAYLOAD_SAMPLE_COUNT=128
COMPATIBLE_PAYLOAD_RADIUS_OVER_H=4.329886080505922e-02
COMPATIBLE_PAYLOAD_ANALYTIC_CENTER_F=3.010732883924864e-01
COMPATIBLE_PAYLOAD_NUMERIC_CENTER_F=3.010732883924864e-01
COMPATIBLE_PAYLOAD_CENTER_RELATIVE_ERROR=1.843775365381872e-16
COMPATIBLE_PAYLOAD_MEAN_F=3.010739774574135e-01
COMPATIBLE_PAYLOAD_MIN_F=2.780259761731045e-01
COMPATIBLE_PAYLOAD_MAX_F=3.246721603694447e-01
COMPATIBLE_PAYLOAD_ALL_OUTWARD=YES
COMPATIBLE_PAYLOAD_FINITE_PAYLOAD_C=8.010526628855700e+01
COMPATIBLE_FINITE_PAYLOAD_AUDIT=PASS

=== H — 025B0 DECISION ===
EXACT_025A_PIECEWISE_RADIAL_MAP_COMPATIBLE=NO
LOCAL_025A_FULL_ACOUSTIC_CONE_SURVIVES=YES
COMPATIBLE_CAP4_C_LT_30=NO
COMPATIBLE_CAP4_BEATS_006D=NO
COMPATIBLE_CAP4_REGRESSES_TOWARD_005B_SCALE=YES
025B0_INTERPRETATION=COMPATIBILITY_ERASES_THE_006B_STRESS_TRANSFER_ADVANTAGE_IN_TESTED_RADIAL_MAP_SUBCLASS
025B0_DECISION=YELLOW_LOCAL_LAW_SURVIVES_BUT_DIRECT_006B_MATERIAL_REALIZATION_DEMOTED_BY_COMPATIBILITY
NEXT=025B1_ANALYTIC_FULL_2D_AXISYMMETRIC_MAP_VS_NON_EUCLIDEAN_REFERENCE_METRIC_DECISION_GATE
ORDINARY_EUCLIDEAN_REFERENCE_RADIAL_MAP_TESTED=YES
GENERAL_2D_AXISYMMETRIC_MAP_TESTED=NO
NON_EUCLIDEAN_REFERENCE_METRIC_TESTED=NO
FINITE_THICKNESS_COLLAR_BVP=NO
NONLINEAR_GR=NO
REMOVES_1_OVER_G_SCALING=NO
PRACTICAL_ANTIGRAVITY_DEVICE=NO
CURRENT_KNOWLEDGE_HEURISTIC=70_TO_71_PERCENT_RETAIN_UNLESS_GLOBAL_MATERIAL_PROMOTION_IS_EARNED
SUMMARY_JSON=results/data/025b0_hyperelastic_compatibility_acoustic_cone_summary.json
FRONTIER_CSV=results/data/025b0_compatible_radial_map_frontier.csv
ACOUSTIC_CONE_CSV=results/data/025b0_full_acoustic_cone.csv
BEST_PROFILE_NPZ=results/data/025b0_best_compatible_radial_profile.npz
025B0_RUN_COMPLETE=YES
