=== 026A TRUE ANTIGRAVITY N73 AUGMENTED/DEFLATED MINRES ===
026A_UPSTREAM_R5_AUDIT=PASS
026A_START_SOURCE=results/data/023c2aqs2r5_n73_two_level_vcycle_checkpoint.npz
026A_START_HISTORY=20 DISCARDED=0 NORMERR=2.220446049250313e-16
026A_START_ENERGY=1.767349902619151e+03 GRAD_RMS=2.434289690290571e-03 GRAD_MAX=5.953019684137033e-02 MERIT=1.622859793527047e+00
026A_START_TOPOLOGY4=6.979145457395888e+00 DEGREES=-7,-7,-7
RESIDUAL_MAX_INDEX=(np.int64(40), np.int64(37), np.int64(30))
RESIDUAL_MAX_COORD=(3.562261684711e-01,8.905654211776e-02,-5.343392527066e-01)
RESIDUAL_MAX_RADIUS=6.483414129766641e-01
RESIDUAL_MAX_BOUNDARY_DISTANCE_CELLS=30
RESIDUAL_L2_FRACTION_BOUNDARY_4=1.980035228602452e-01
RESIDUAL_L2_FRACTION_CORE_R_LT_0P30=7.146429592259745e-03
RESIDUAL_L2_FRACTION_WALL_R_0P30_TO_1P60=5.675744504367851e-01
RESIDUAL_L2_FRACTION_TAIL_R_GE_1P60=4.252791199709551e-01
026A_START_RESIDUAL_GAUSSIAN_LOW_L2_FRACTION=2.334854648708730e-01
026A_START_RESIDUAL_GAUSSIAN_HIGH_L2_FRACTION=5.777597855735220e-01
026A_START_RESIDUAL_NEIGHBOR_ROUGHNESS_RATIO=2.925102549253297e+00

=== 026A OUTER 1 ===
NK_HVP_STEP_POINT_ANGLE=1.000000000000000e-04 RAYLEIGH=2.907238281626782e+02 MATVECS=1
NK_HVP_STEP_POINT_ANGLE=2.000000000000000e-04 RAYLEIGH=2.907238325503869e+02 MATVECS=1
NK_HVP_STEP_POINT_ANGLE=4.000000000000000e-04 RAYLEIGH=2.907238501012285e+02 MATVECS=1
NK_HVP_STEP_RELCHANGE_FINE_PRIMARY=1.974487723545947e-08
NK_HVP_STEP_RELCHANGE_PRIMARY_COARSE=7.897821881155330e-08
NK_HVP_STEP_CONVERGENCE=PASS
NK_HESSIAN_BILINEAR_UHV=-1.073485836975971e+00
NK_HESSIAN_BILINEAR_HUW=-1.073485838591737e+00
NK_HESSIAN_BILINEAR_RELASYM=1.505158156150196e-09
NK_HESSIAN_SELF_ADJOINTNESS=PASS
026A_AUGMENT_DIM=18
026A_AUGMENT_NAMES=R4_FULL_SIGMA_1,R4_FULL_SIGMA_2,R4_FULL_SIGMA_4,R4_FULL_SIGMA_8,R4_COMP_0_SIGMA_2,R4_COMP_1_SIGMA_2,R4_X_MOD_SIGMA_4,R4_Y_MOD_SIGMA_4,R4_Z_MOD_SIGMA_4,R4_WALL_SIGMA_2,R4_WALL_SIGMA_4,R4_TAIL_SIGMA_2,R4_TAIL_SIGMA_4,SPATIAL_5,SPATIAL_4,SPATIAL_3,SECANT_0,SECANT_1
026A_AUGMENT_GRAM_MAXERR=1.487698852997710e-14
026A_AUGMENT_GRAD_CAPTURE=7.889773822660080e-01
026A_COARSE_EIGS=1.83878094e+00,1.89644394e+00,1.89644395e+00,1.19076732e+02,1.91944375e+02,2.67784319e+02,3.25836724e+02,5.30632606e+02,7.25492410e+02,1.00895682e+03,1.02860121e+03,1.16158653e+03,1.16158740e+03,3.24193603e+03,3.24193725e+03,3.70992564e+03,4.69323071e+03,2.16680845e+04
026A_COARSE_FINE_HESSIAN_COUPLING=8.936021521828483e-01
026A_SHIFT_FLOOR=5.120086023204544e+03
026A_PRECONDITIONER_QBQ=4.265353387774109e-05
026A_PRECONDITIONER=PROJECTED_LBFGS
026A_SCHUR_SELFADJ_RELASYM=1.769245283884186e-06
026A_MINRES FACTOR=0.000000e+00 MU=5.120086023204544e+03 INFO=0 ITERS=28 FULL_RELRES=2.736543826001859e-02 G_DOT_DELTA_COMPONENTS=-1.464063973058239e-04
026A_DAMP_0.000000e+00_G_DOT_DELTA=-1.034088096514530e-07
026A_DAMP_0.000000e+00_DESCENT=YES
026A_DAMP_0.000000e+00_MAX_POINT=2.117101977009838e-06 TRUST_ANGLE=7.302869070871712e-04 ALPHA0=1.000000000000000e+00
026A_DAMP_0.000000e+00_LS=0 ALPHA=1.000000000000000e+00 ENERGY=1.767349902529608e+03 GRAD_RMS=1.241998291493338e-03 GRAD_MAX=1.093738012328149e-02 STATIONARITY_MERIT=8.279988609955589e-01 HIGH_FRACTION=1.103829821438920e-01 ROUGHNESS=6.443680848003138e-01 MERIT_ACCEPT=YES FREQUENCY_ACCEPT=YES
026A_STEP_ACCEPTED=YES ALPHA=1.000000000000000e+00 MERIT_REDUCTION=1.959978292211385e+00 GRAD_RMS=1.241998291493338e-03 GRAD_MAX=1.093738012328149e-02 TOPOLOGY4=6.979145456147961e+00 ANGLE=4.056838215469681e-01
026A_CHECKPOINT=results/data/026a_true_antigravity_n73_augmented_minres_checkpoint.npz

=== 026A FINAL AUDIT ===
026A_ACCEPTED_THIS_RUN=1
026A_FINAL_ENERGY=1.767349902529608e+03 GRAD_RMS=1.241998291493338e-03 GRAD_MAX=1.093738012328149e-02 MERIT=8.279988609955589e-01
026A_STRICT_N73_STATIONARITY=PASS
026A_FINAL_TOPOLOGY4=6.979145456147961e+00 DEGREES=-7,-7,-7 ANGLE=4.056838215469681e-01
RESIDUAL_MAX_INDEX=(np.int64(31), np.int64(35), np.int64(42))
RESIDUAL_MAX_COORD=(-4.452827105888e-01,-8.905654211776e-02,5.343392527066e-01)
RESIDUAL_MAX_RADIUS=7.012319138675416e-01
RESIDUAL_MAX_BOUNDARY_DISTANCE_CELLS=30
RESIDUAL_L2_FRACTION_BOUNDARY_4=4.539833916217218e-02
RESIDUAL_L2_FRACTION_CORE_R_LT_0P30=6.446543270723490e-03
RESIDUAL_L2_FRACTION_WALL_R_0P30_TO_1P60=4.932375188412215e-01
RESIDUAL_L2_FRACTION_TAIL_R_GE_1P60=5.003159378880552e-01
026A_FINAL_RESIDUAL_GAUSSIAN_LOW_L2_FRACTION=6.811929770405268e-01
026A_FINAL_RESIDUAL_GAUSSIAN_HIGH_L2_FRACTION=1.103829821438920e-01
026A_FINAL_RESIDUAL_NEIGHBOR_ROUGHNESS_RATIO=6.443680848003138e-01
026A_ACTIVE_TOTAL=1.847821766184093e+03
026A_MIN_ACTIVE_FRACTION=-1.411758309165606e-02
026A_MIN_DEC_SCALED_MARGIN=2.614189606956424e-12
026A_MAX_ACTIVE_TRACE_SCALED=4.942843006484422e-16
026A_PHYSICAL_FIELD_GATE=PASS

=== B — ANALYTIC FORMULA VALIDATION ===
PRISM_VALIDATION_CASE_0_RELERR=1.690544831492376e-14
PRISM_VALIDATION_CASE_1_RELERR=1.849051454803849e-13
PRISM_VALIDATION_CASE_2_RELERR=8.740329467397351e-14
PRISM_VALIDATION_CASE_3_RELERR=1.121292515757142e-13
PRISM_VALIDATION_CASE_4_RELERR=1.807939345959305e-13
PRISM_VALIDATION_CASE_5_RELERR=8.327568845166656e-14
PRISM_VALIDATION_MAX_RELERR=1.849051454803849e-13
ANALYTIC_PRISM_VALIDATION=PASS
CAP_VALIDATION_D_OVER_R=0.000000 ANALYTIC=-3.948359325158377e-02 NUMERIC=-3.948359325158377e-02 ABSERR=0.000000000000000e+00
CAP_VALIDATION_D_OVER_R=0.170000 ANALYTIC=-2.385552363683412e-02 NUMERIC=-2.385552363683412e-02 ABSERR=0.000000000000000e+00
CAP_VALIDATION_D_OVER_R=0.410000 ANALYTIC=-9.217344687867352e-03 NUMERIC=-9.217344687867356e-03 ABSERR=3.469446951953614e-18
CAP_VALIDATION_D_OVER_R=0.730000 ANALYTIC=-9.662634203571871e-04 NUMERIC=-9.662634203571835e-04 ABSERR=3.577867169202165e-18
CAP_VALIDATION_D_OVER_R=0.930000 ANALYTIC=-1.774116295574834e-05 NUMERIC=-1.774116295573439e-05 ABSERR=1.394893857538382e-17
CAP_VALIDATION_MAX_ABSERR=1.394893857538382e-17
ANALYTIC_CAP_VALIDATION=PASS
026A_ANALYTIC_FORCE_KERNEL_AUDIT=PASS

=== F — N73 CONTINUOUS-FIELD FORCE PRECOMPUTE ===
N73_FORCE_DX=8.905654211776426e-02
N73_PAYLOAD_RADIUS_OVER_DX=1.881653726224005e-01
N73_FORCE_DIRECTION=-4.543501844637980e-01,1.878880658050992e-02,8.906249999999961e-01
N73_TOTAL_FIELD_CELLS=373248
N73_NEAR_FIELD_CELLS=76
CONSTANT_SOURCE_ANALYTIC_PRISM_RADIAL=-1.622167182034815e+00
CONSTANT_SOURCE_CONTINUOUS_CUBATURE_RADIAL=-1.622185382065778e+00
CONSTANT_SOURCE_CUBATURE_RELERR=1.121957783669893e-05
CONSTANT_SOURCE_CUBATURE_VALIDATION=PASS

=== G — N73 CUBIC / QUINTIC CONTINUOUS FIELDS ===
N73_BUILDING_CUBIC_TENSOR_SPLINE=START
N73_BUILDING_CUBIC_TENSOR_SPLINE=DONE
CUBIC_NODAL_REPRO_MAX_ABSERR=1.291293461047616e-11
CUBIC_NODAL_REPRODUCTION=PASS
CUBIC_NORMALIZED_DERIV_AXIS_0_BEST_RELERR=8.018351150080021e-13
CUBIC_NORMALIZED_DERIV_AXIS_1_BEST_RELERR=5.854063735830348e-13
CUBIC_NORMALIZED_DERIV_AXIS_2_BEST_RELERR=5.717944579897229e-13
CUBIC_NORMALIZED_DERIVATIVE_MAX_RELERR=8.018351150080021e-13
CUBIC_NORMALIZED_DERIVATIVE_CHECK=PASS
CUBIC_SOURCE_NODE_L2_RELCHANGE=4.812727752536166e-03
CUBIC_SOURCE_NODE_MAX_ABSCHANGE=7.652321127142841e+00
CENTRAL4_NATIVE_ACTIVE_MASS=1.847821766184093e+03
CUBIC_SPLINE_NODE_ACTIVE_MASS=1.856451178846676e+03
CUBIC_SPLINE_NODE_RAW_NORM_MIN=9.999999999580772e-01
CENTRAL4_OUTER_3_SOURCE_L1_FRACTION=1.478203012095160e-13
N73_BUILDING_QUINTIC_TENSOR_SPLINE=START
N73_BUILDING_QUINTIC_TENSOR_SPLINE=DONE
QUINTIC_NODAL_REPRO_MAX_ABSERR=8.071876500537201e-12
QUINTIC_NODAL_REPRODUCTION=PASS
QUINTIC_NORMALIZED_DERIV_AXIS_0_BEST_RELERR=5.063383499264280e-13
QUINTIC_NORMALIZED_DERIV_AXIS_1_BEST_RELERR=7.038199033930604e-13
QUINTIC_NORMALIZED_DERIV_AXIS_2_BEST_RELERR=4.543439117479171e-13
QUINTIC_NORMALIZED_DERIVATIVE_MAX_RELERR=7.038199033930604e-13
QUINTIC_NORMALIZED_DERIVATIVE_CHECK=PASS
QUINTIC_SOURCE_NODE_L2_RELCHANGE=6.004823420247068e-03
QUINTIC_SOURCE_NODE_MAX_ABSCHANGE=1.000325343978045e+01
CENTRAL4_NATIVE_ACTIVE_MASS=1.847821766184093e+03
QUINTIC_SPLINE_NODE_ACTIVE_MASS=1.858250852099720e+03
QUINTIC_SPLINE_NODE_RAW_NORM_MIN=9.999999999837940e-01
CENTRAL4_OUTER_3_SOURCE_L1_FRACTION=1.478203012095160e-13

=== H — N73 HEAVY q=2/3/4 CONTINUOUS FORCE ===

=== CUBIC CONTINUOUS FIELD FORCE ===
CUBIC_FAR_Q2_PROGRESS_CELLS=15000/373172 PERCENT=4
CUBIC_FAR_Q2_PROGRESS_CELLS=75000/373172 PERCENT=20
CUBIC_FAR_Q2_PROGRESS_CELLS=150000/373172 PERCENT=40
CUBIC_FAR_Q2_PROGRESS_CELLS=225000/373172 PERCENT=60
CUBIC_FAR_Q2_PROGRESS_CELLS=300000/373172 PERCENT=80
CUBIC_FAR_Q2_PROGRESS_CELLS=373172/373172 PERCENT=100
CUBIC_FAR_Q3_PROGRESS_CELLS=4444/373172 PERCENT=1
CUBIC_FAR_Q3_PROGRESS_CELLS=75548/373172 PERCENT=20
CUBIC_FAR_Q3_PROGRESS_CELLS=151096/373172 PERCENT=40
CUBIC_FAR_Q3_PROGRESS_CELLS=226644/373172 PERCENT=60
CUBIC_FAR_Q3_PROGRESS_CELLS=302192/373172 PERCENT=80
CUBIC_FAR_Q3_PROGRESS_CELLS=373172/373172 PERCENT=100
CUBIC_NEAR_COARSE_PROGRESS_CELLS=8/76 PERCENT=10
CUBIC_NEAR_COARSE_PROGRESS_CELLS=16/76 PERCENT=21
CUBIC_NEAR_COARSE_PROGRESS_CELLS=32/76 PERCENT=42
CUBIC_NEAR_COARSE_PROGRESS_CELLS=48/76 PERCENT=63
CUBIC_NEAR_COARSE_PROGRESS_CELLS=64/76 PERCENT=84
CUBIC_NEAR_COARSE_PROGRESS_CELLS=76/76 PERCENT=100
CUBIC_NEAR_FINE_PROGRESS_CELLS=1/76 PERCENT=1
CUBIC_NEAR_FINE_PROGRESS_CELLS=16/76 PERCENT=21
CUBIC_NEAR_FINE_PROGRESS_CELLS=31/76 PERCENT=40
CUBIC_NEAR_FINE_PROGRESS_CELLS=46/76 PERCENT=60
CUBIC_NEAR_FINE_PROGRESS_CELLS=61/76 PERCENT=80
CUBIC_NEAR_FINE_PROGRESS_CELLS=76/76 PERCENT=100
CUBIC_Q2_NEAR_FINE_FORCE=1.941949912773921e+00
CUBIC_Q2_NEAR_FINE_OUTWARD=1.026725946609881e+03
CUBIC_Q2_NEAR_FINE_INWARD=-1.024783996697107e+03
CUBIC_Q2_NEAR_FINE_L1=2.051509943306989e+03
CUBIC_Q2_NEAR_FINE_CANCELLATION_FACTOR=1.056417536730682e+03
CUBIC_Q2_NEAR_FINE_ACTIVE_MASS=1.857998803141779e+03
CUBIC_Q2_NEAR_FINE_SOURCE_MIN=-1.567886086312193e+02
CUBIC_Q2_NEAR_FINE_SOURCE_MAX=1.083015304763815e+03
CUBIC_Q2_NEAR_FINE_RAW_NORM_MIN=9.995485488765656e-01
CUBIC_Q2_NEAR_FINE_RAW_NORM_MAX=1.000639696409662e+00
CUBIC_Q3_NEAR_FINE_FORCE=1.895931002897299e+00
CUBIC_Q3_NEAR_FINE_OUTWARD=1.026840322700308e+03
CUBIC_Q3_NEAR_FINE_INWARD=-1.024944391697411e+03
CUBIC_Q3_NEAR_FINE_L1=2.051784714397721e+03
CUBIC_Q3_NEAR_FINE_CANCELLATION_FACTOR=1.082204316118177e+03
CUBIC_Q3_NEAR_FINE_ACTIVE_MASS=1.858307634973777e+03
CUBIC_Q3_NEAR_FINE_SOURCE_MIN=-1.567886086312193e+02
CUBIC_Q3_NEAR_FINE_SOURCE_MAX=1.080514240484967e+03
CUBIC_Q3_NEAR_FINE_RAW_NORM_MIN=9.995424097817491e-01
CUBIC_Q3_NEAR_FINE_RAW_NORM_MAX=1.000639696409662e+00
CUBIC_FAR_Q4_PROGRESS_CELLS=1875/373172 PERCENT=0
CUBIC_FAR_Q4_PROGRESS_CELLS=75000/373172 PERCENT=20
CUBIC_FAR_Q4_PROGRESS_CELLS=150000/373172 PERCENT=40
CUBIC_FAR_Q4_PROGRESS_CELLS=225000/373172 PERCENT=60
CUBIC_FAR_Q4_PROGRESS_CELLS=300000/373172 PERCENT=80
CUBIC_FAR_Q4_PROGRESS_CELLS=373172/373172 PERCENT=100
CUBIC_Q4_NEAR_FINE_FORCE=1.895502428955595e+00
CUBIC_Q4_NEAR_FINE_OUTWARD=1.026907632665410e+03
CUBIC_Q4_NEAR_FINE_INWARD=-1.025012130236455e+03
CUBIC_Q4_NEAR_FINE_L1=2.051919762901865e+03
CUBIC_Q4_NEAR_FINE_CANCELLATION_FACTOR=1.082520249806514e+03
CUBIC_Q4_NEAR_FINE_ACTIVE_MASS=1.858307582251081e+03
CUBIC_Q4_NEAR_FINE_SOURCE_MIN=-1.567886086312193e+02
CUBIC_Q4_NEAR_FINE_SOURCE_MAX=1.084998408385696e+03
CUBIC_Q4_NEAR_FINE_RAW_NORM_MIN=9.995485488765656e-01
CUBIC_Q4_NEAR_FINE_RAW_NORM_MAX=1.000639696409662e+00
CUBIC_QUADRATURE_ERROR_ESTIMATE=4.285739417042578e-04
CUBIC_NEAR_REFINEMENT_ERROR_ESTIMATE=1.458933785855265e-02
CUBIC_INTERNAL_ERROR_ESTIMATE=1.501791180025691e-02
CUBIC_BEST_FORCE=1.895502428955595e+00

=== QUINTIC CONTINUOUS FIELD FORCE ===
QUINTIC_FAR_Q2_PROGRESS_CELLS=15000/373172 PERCENT=4
QUINTIC_FAR_Q2_PROGRESS_CELLS=75000/373172 PERCENT=20
QUINTIC_FAR_Q2_PROGRESS_CELLS=150000/373172 PERCENT=40
QUINTIC_FAR_Q2_PROGRESS_CELLS=225000/373172 PERCENT=60
QUINTIC_FAR_Q2_PROGRESS_CELLS=300000/373172 PERCENT=80
QUINTIC_FAR_Q2_PROGRESS_CELLS=373172/373172 PERCENT=100
QUINTIC_FAR_Q3_PROGRESS_CELLS=4444/373172 PERCENT=1
QUINTIC_FAR_Q3_PROGRESS_CELLS=75548/373172 PERCENT=20
QUINTIC_FAR_Q3_PROGRESS_CELLS=151096/373172 PERCENT=40
QUINTIC_FAR_Q3_PROGRESS_CELLS=226644/373172 PERCENT=60
QUINTIC_FAR_Q3_PROGRESS_CELLS=302192/373172 PERCENT=80
QUINTIC_FAR_Q3_PROGRESS_CELLS=373172/373172 PERCENT=100
QUINTIC_NEAR_COARSE_PROGRESS_CELLS=8/76 PERCENT=10
QUINTIC_NEAR_COARSE_PROGRESS_CELLS=16/76 PERCENT=21
QUINTIC_NEAR_COARSE_PROGRESS_CELLS=32/76 PERCENT=42
QUINTIC_NEAR_COARSE_PROGRESS_CELLS=48/76 PERCENT=63
QUINTIC_NEAR_COARSE_PROGRESS_CELLS=64/76 PERCENT=84
QUINTIC_NEAR_COARSE_PROGRESS_CELLS=76/76 PERCENT=100
QUINTIC_NEAR_FINE_PROGRESS_CELLS=1/76 PERCENT=1
QUINTIC_NEAR_FINE_PROGRESS_CELLS=16/76 PERCENT=21
QUINTIC_NEAR_FINE_PROGRESS_CELLS=31/76 PERCENT=40
QUINTIC_NEAR_FINE_PROGRESS_CELLS=46/76 PERCENT=60
QUINTIC_NEAR_FINE_PROGRESS_CELLS=61/76 PERCENT=80
QUINTIC_NEAR_FINE_PROGRESS_CELLS=76/76 PERCENT=100
QUINTIC_Q2_NEAR_FINE_FORCE=2.037112739687288e+00
QUINTIC_Q2_NEAR_FINE_OUTWARD=1.026670586471655e+03
QUINTIC_Q2_NEAR_FINE_INWARD=-1.024633473731968e+03
QUINTIC_Q2_NEAR_FINE_L1=2.051304060203623e+03
QUINTIC_Q2_NEAR_FINE_CANCELLATION_FACTOR=1.006966389360715e+03
QUINTIC_Q2_NEAR_FINE_ACTIVE_MASS=1.858246650880344e+03
QUINTIC_Q2_NEAR_FINE_SOURCE_MIN=-1.567876943452993e+02
QUINTIC_Q2_NEAR_FINE_SOURCE_MAX=1.081423451460139e+03
QUINTIC_Q2_NEAR_FINE_RAW_NORM_MIN=9.998086801052748e-01
QUINTIC_Q2_NEAR_FINE_RAW_NORM_MAX=1.000236321100027e+00
QUINTIC_Q3_NEAR_FINE_FORCE=2.037578885470609e+00
QUINTIC_Q3_NEAR_FINE_OUTWARD=1.026687792627311e+03
QUINTIC_Q3_NEAR_FINE_INWARD=-1.024650213741840e+03
QUINTIC_Q3_NEAR_FINE_L1=2.051338006369150e+03
QUINTIC_Q3_NEAR_FINE_CANCELLATION_FACTOR=1.006752681330109e+03
QUINTIC_Q3_NEAR_FINE_ACTIVE_MASS=1.858246697582512e+03
QUINTIC_Q3_NEAR_FINE_SOURCE_MIN=-1.567876943452993e+02
QUINTIC_Q3_NEAR_FINE_SOURCE_MAX=1.079404859382888e+03
QUINTIC_Q3_NEAR_FINE_RAW_NORM_MIN=9.998016270757829e-01
QUINTIC_Q3_NEAR_FINE_RAW_NORM_MAX=1.000236321100027e+00
QUINTIC_FAR_Q4_PROGRESS_CELLS=1875/373172 PERCENT=0
QUINTIC_FAR_Q4_PROGRESS_CELLS=75000/373172 PERCENT=20
QUINTIC_FAR_Q4_PROGRESS_CELLS=150000/373172 PERCENT=40
QUINTIC_FAR_Q4_PROGRESS_CELLS=225000/373172 PERCENT=60
QUINTIC_FAR_Q4_PROGRESS_CELLS=300000/373172 PERCENT=80
QUINTIC_FAR_Q4_PROGRESS_CELLS=373172/373172 PERCENT=100
QUINTIC_Q4_NEAR_FINE_FORCE=2.037231555582011e+00
QUINTIC_Q4_NEAR_FINE_OUTWARD=1.026754056296497e+03
QUINTIC_Q4_NEAR_FINE_INWARD=-1.024716824740915e+03
QUINTIC_Q4_NEAR_FINE_L1=2.051470881037412e+03
QUINTIC_Q4_NEAR_FINE_CANCELLATION_FACTOR=1.006989546876193e+03
QUINTIC_Q4_NEAR_FINE_ACTIVE_MASS=1.858246835806154e+03
QUINTIC_Q4_NEAR_FINE_SOURCE_MIN=-1.567876943452993e+02
QUINTIC_Q4_NEAR_FINE_SOURCE_MAX=1.083734322895080e+03
QUINTIC_Q4_NEAR_FINE_RAW_NORM_MIN=9.998086801052748e-01
QUINTIC_Q4_NEAR_FINE_RAW_NORM_MAX=1.000236321100027e+00
QUINTIC_QUADRATURE_ERROR_ESTIMATE=3.473298885978693e-04
QUINTIC_NEAR_REFINEMENT_ERROR_ESTIMATE=1.455968263455532e-02
QUINTIC_INTERNAL_ERROR_ESTIMATE=1.490701252315318e-02
QUINTIC_BEST_FORCE=2.037231555582011e+00

=== I — N73 CONTINUOUS FORCE CERTIFICATE ===
N65_REFERENCE_CUBIC_FORCE=8.978233569672511e-02
N65_REFERENCE_QUINTIC_FORCE=2.887313371821563e-01
N65_REFERENCE_REPRESENTATION_SPREAD=1.989490014854312e-01
N73_CUBIC_CONTINUOUS_BEST_FORCE=1.895502428955595e+00
N73_QUINTIC_CONTINUOUS_BEST_FORCE=2.037231555582011e+00
N73_CONTINUOUS_REPRESENTATION_SPREAD=1.417291266264158e-01
N73_CONTINUOUS_FORCE_ERROR_BOUND=1.417291266264158e-01
N73_CONTINUOUS_FORCE_SIGN_MARGIN=1.895502428955595e+00
N73_CONTINUOUS_FORCE_SIGN_SAFETY_FACTOR=5.00000000
N73_CUBIC_QUINTIC_SAME_SIGN=YES
N73_CONTINUOUS_FORCE_SIGN_CERTIFIED=YES
N73_CONTINUOUS_FORCE_SIGN=OUTWARD
N73_CONTINUOUS_FORCE_CANCELLATION_FACTOR=1.043508038412682e+03
N65_N73_CONTINUOUS_FORCE_MEAN_RELCHANGE=9.037530444807379e-01
N65_TO_N73_REPRESENTATION_SPREAD_RATIO=7.123892332618439e-01
N65_TO_N73_REPRESENTATION_UNCERTAINTY_SHRANK=YES

=== 026A DECISION ===
026A_DECISION=GREEN_STRICT_N73_CONTINUOUS_OUTWARD_SENTINEL
FULL_PHYSICAL_HESSIAN=DEFERRED_UNTIL_N73_N81_FORCE_CONVERGENCE
NEXT=026B_N81_STATIONARY_COMPANION_CONTINUOUS_FORCE_CONVERGENCE
NONLINEAR_EINSTEIN_SKYRME=NOT_AUTHORIZED_UNTIL_FINE_FORCE_CONVERGENCE_AND_STABILITY
PRACTICAL_ANTIGRAVITY_DEVICE=NO
NEW_PHYSICS_DISCOVERY=NO
CURRENT_KNOWLEDGE_HEURISTIC=APPROXIMATELY_70_TO_71_PERCENT_NOT_A_PROBABILITY
OUT_SUMMARY=/Users/mymac/Desktop/antigravity_research/results/data/026a_true_antigravity_n73_augmented_minres_summary.json
OUT_CHECKPOINT=/Users/mymac/Desktop/antigravity_research/results/data/026a_true_antigravity_n73_augmented_minres_checkpoint.npz
OUT_STRICT_FIELD=/Users/mymac/Desktop/antigravity_research/results/data/026a_true_antigravity_strict_stationary_b7_n73.npz
