=== 026B TRUE ANTIGRAVITY B7 N81 FORCE CONVERGENCE GATE ===
026B_A26_SOURCE_SHA256=1023bcafde9aabd3fd432834b6ae2f4cd89fdf4e80ce5fc422a56e929dc09508
026B_N73_FIELD_SHA256=6da8b702802b2fb14a92d708f1fdd05ec59134ab3d80f34487837b1f6744c747
026B_N73_SUMMARY_SHA256=d5bbf41306e23113570821b3b67eef570c68e8940657d327d2b9242fee95cc8a
026B_026A_GREEN_LINEAGE_AUDIT=PASS
026B_GRID_BIND MODULE=026A OLD_N=81 NEW_N=81
026B_GRID_BIND MODULE=R5 OLD_N=73 NEW_N=81
026B_GRID_BIND MODULE=R4 OLD_N=73 NEW_N=81
026B_GRID_BIND MODULE=R3 OLD_N=73 NEW_N=81
026B_GRID_BIND MODULE=R2 OLD_N=73 NEW_N=81
026B_GRID_BIND MODULE=R OLD_N=73 NEW_N=81
026B_N81_INTERIOR_TANGENT_DOF=1479117
026B_N81_GRID_BINDING_REPAIR=PASS
026B_SECANT_PRECONDITIONER_PRESERVED=YES
026B_SECANT_DAMPING_SCALE_DISABLED=YES
026B_DAMPING_LADDER=0,0.02,0.1,0.5,2,4,8
026B_ADAPTIVE_FULL_NEWTON_TRUST=ENABLED
026B_ADAPTIVE_TRUST_CAP_RAD=1.000000000000000e-02
026B_ADAPTIVE_TRUST_FLOOR_RAD=5.000000000000000e-04
026B_ADAPTIVE_TRUST_BACKTRACK=FACTOR_TWO
026B_R4_PARENT_SOURCE_SHA256=ca0f0d4a29d5857cfc443a12f32536f41441f1de5a85b30ce9ce323af261178c
026B_R4_TRUE_RESIDUAL_REFINEMENT=ENABLED
026B_R4_SCHUR_TRUE_RELRES_TARGET=5.000000000000000e-02
026B_R4_PRIMARY_MINRES_RTOL=2.000000000000000e-03
026B_R4_REFINEMENT_MINRES_RTOL=1.000000000000000e-03
026B_R4_MINRES_MAXITER=96
026B_R4_MAX_REFINEMENTS=3
026B_R4_INDEPENDENT_FULL_RELRES_GATE=PRESERVED
026B_N73_FIELD_NORM_MAXERR=2.220446049250313e-16

=== 026B N73 REFERENCE AUDIT ===
N73_REFERENCE_ENERGY=1.767349902529608e+03
N73_REFERENCE_CONTINUUM_ENERGY=1.782457314172114e+03
N73_REFERENCE_MIN_ACTIVE_FRACTION=-1.411758309165606e-02
N73_REFERENCE_TOPOLOGY4=6.979145456147961e+00

=== 026B N81 START ===
026B_N81_START_SOURCE=026B_N81_CHECKPOINT
026B_N81_START_NORM_MAXERR=2.220446049250313e-16
026B_N81_DX=8.015088790598801e-02
026B_N81_START_ENERGY=1.772366668853404e+03
026B_N81_START_GRAD_RMS=3.226872058969584e-02
026B_N81_START_GRAD_MAX=4.753996785850731e-01
026B_N81_START_MERIT=2.151248039313056e+01
026B_N81_START_DEGREES=-7,-7,-7
RESIDUAL_MAX_INDEX=(np.int64(33), np.int64(40), np.int64(53))
RESIDUAL_MAX_COORD=(-5.610562153419e-01,0.000000000000e+00,1.041961542778e+00)
RESIDUAL_MAX_RADIUS=1.183413678052515e+00
RESIDUAL_MAX_BOUNDARY_DISTANCE_CELLS=27
RESIDUAL_L2_FRACTION_BOUNDARY_4=1.961742620242108e-03
RESIDUAL_L2_FRACTION_CORE_R_LT_0P30=1.594135455104264e-02
RESIDUAL_L2_FRACTION_WALL_R_0P30_TO_1P60=8.833159473435173e-01
RESIDUAL_L2_FRACTION_TAIL_R_GE_1P60=1.007426981054401e-01
026B_N81_START_RESIDUAL_GAUSSIAN_LOW_L2_FRACTION=6.744110187396346e-01
026B_N81_START_RESIDUAL_GAUSSIAN_HIGH_L2_FRACTION=1.011729193098807e-01
026B_N81_START_RESIDUAL_NEIGHBOR_ROUGHNESS_RATIO=6.108127241080917e-01

=== 026B N81 DEFECT-CORRECTION OUTER 1 ===
NK_HVP_STEP_POINT_ANGLE=1.000000000000000e-04 RAYLEIGH=3.336416082122681e+02 MATVECS=1
NK_HVP_STEP_POINT_ANGLE=2.000000000000000e-04 RAYLEIGH=3.336416139345793e+02 MATVECS=1
NK_HVP_STEP_POINT_ANGLE=4.000000000000000e-04 RAYLEIGH=3.336416368238500e+02 MATVECS=1
NK_HVP_STEP_RELCHANGE_FINE_PRIMARY=2.102642567569755e-08
NK_HVP_STEP_RELCHANGE_PRIMARY_COARSE=8.410512097540652e-08
NK_HVP_STEP_CONVERGENCE=PASS
NK_HESSIAN_BILINEAR_UHV=1.699858342270633e-01
NK_HESSIAN_BILINEAR_HUW=1.699858689145629e-01
NK_HESSIAN_BILINEAR_RELASYM=2.040610771538096e-07
NK_HESSIAN_SELF_ADJOINTNESS=PASS
026A_AUGMENT_DIM=16
026A_AUGMENT_NAMES=R4_FULL_SIGMA_1,R4_FULL_SIGMA_2,R4_FULL_SIGMA_4,R4_FULL_SIGMA_8,R4_COMP_0_SIGMA_2,R4_COMP_1_SIGMA_2,R4_X_MOD_SIGMA_4,R4_Y_MOD_SIGMA_4,R4_Z_MOD_SIGMA_4,R4_WALL_SIGMA_2,R4_WALL_SIGMA_4,R4_TAIL_SIGMA_2,R4_TAIL_SIGMA_4,SPATIAL_5,SPATIAL_4,SPATIAL_3
026A_AUGMENT_GRAM_MAXERR=7.993605777301127e-15
026A_AUGMENT_GRAD_CAPTURE=9.760153220089196e-01
026B_SECANT_CURVATURE_SCALE_DIAGNOSTIC=1.000000000000000e+00
026B_NEWTON_DAMPING_SCALE=CURRENT_AUGMENTED_HESSIAN_NOT_SECANT_HISTORY
026A_COARSE_EIGS=1.14057880e+00,1.14640551e+00,1.14640551e+00,1.01271927e+02,1.68772841e+02,1.81083425e+02,1.81083524e+02,1.83523640e+02,2.43383051e+02,3.20994010e+02,3.95628205e+02,6.88536997e+02,9.35787722e+02,1.01290243e+03,1.01290245e+03,3.29855455e+03
026A_COARSE_FINE_HESSIAN_COUPLING=9.825822389739992e-01
026A_SHIFT_FLOOR=3.128488105221240e+00
026A_PRECONDITIONER=NONE
026A_SCHUR_SELFADJ_RELASYM=4.126318395070009e-06
026B_R4_SCHUR_TRUE_RELRES ROUND=0 RELRES=3.082977511129528e-01 MINRES_INFO=0 REQUESTED_RTOL=2.000000000000000e-03 USED_RTOL=2.000000000000000e-03 MAXITER=96 PRECONDITIONER=NO
026B_R4_SCHUR_REFINEMENT ROUND=1 RELRES=2.057153946497570e-01 PREVIOUS=3.082977511129528e-01 CORRECTION_INFO=0 PRECONDITIONER=NO
026B_R4_SCHUR_REFINEMENT ROUND=2 RELRES=1.564778657963693e-01 PREVIOUS=2.057153946497570e-01 CORRECTION_INFO=0 PRECONDITIONER=NO
026B_R4_SCHUR_REFINEMENT ROUND=3 RELRES=1.257491521912969e-01 PREVIOUS=1.564778657963693e-01 CORRECTION_INFO=0 PRECONDITIONER=NO
026B_R4_SCHUR_TRUE_RESIDUAL_CERTIFICATE RELRES=1.257491521912969e-01 TARGET=5.000000000000000e-02 PASS=NO
026A_MINRES FACTOR=0.000000e+00 MU=3.128488105221240e+00 INFO=98 ITERS=58 FULL_RELRES=5.704613191473920e-01 G_DOT_DELTA_COMPONENTS=-4.062183013584217e+00
026B_R4_SCHUR_TRUE_RELRES ROUND=0 RELRES=3.034344042238886e-01 MINRES_INFO=0 REQUESTED_RTOL=2.000000000000000e-03 USED_RTOL=2.000000000000000e-03 MAXITER=96 PRECONDITIONER=NO
026B_R4_SCHUR_REFINEMENT ROUND=1 RELRES=2.009445492736962e-01 PREVIOUS=3.034344042238886e-01 CORRECTION_INFO=0 PRECONDITIONER=NO
026B_R4_SCHUR_REFINEMENT ROUND=2 RELRES=1.521446918850513e-01 PREVIOUS=2.009445492736962e-01 CORRECTION_INFO=0 PRECONDITIONER=NO
026B_R4_SCHUR_REFINEMENT ROUND=3 RELRES=1.218588502399833e-01 PREVIOUS=1.521446918850513e-01 CORRECTION_INFO=0 PRECONDITIONER=NO
026B_R4_SCHUR_TRUE_RESIDUAL_CERTIFICATE RELRES=1.218588502399833e-01 TARGET=5.000000000000000e-02 PASS=NO
026A_MINRES FACTOR=2.000000e-02 MU=7.397555012842295e+00 INFO=98 ITERS=58 FULL_RELRES=5.373828344991175e-01 G_DOT_DELTA_COMPONENTS=-3.883902172484800e+00
026B_R4_SCHUR_TRUE_RELRES ROUND=0 RELRES=2.861555763198058e-01 MINRES_INFO=0 REQUESTED_RTOL=2.000000000000000e-03 USED_RTOL=2.000000000000000e-03 MAXITER=96 PRECONDITIONER=NO
026B_R4_SCHUR_REFINEMENT ROUND=1 RELRES=1.839696557143014e-01 PREVIOUS=2.861555763198058e-01 CORRECTION_INFO=0 PRECONDITIONER=NO
026B_R4_SCHUR_REFINEMENT ROUND=2 RELRES=1.365083104892041e-01 PREVIOUS=1.839696557143014e-01 CORRECTION_INFO=0 PRECONDITIONER=NO
026B_R4_SCHUR_REFINEMENT ROUND=3 RELRES=1.083437615597279e-01 PREVIOUS=1.365083104892041e-01 CORRECTION_INFO=0 PRECONDITIONER=NO
026B_R4_SCHUR_TRUE_RESIDUAL_CERTIFICATE RELRES=1.083437615597279e-01 TARGET=5.000000000000000e-02 PASS=NO
026A_MINRES FACTOR=1.000000e-01 MU=2.447382264332652e+01 INFO=98 ITERS=58 FULL_RELRES=4.346080722877780e-01 G_DOT_DELTA_COMPONENTS=-3.315845816013737e+00
026B_R4_SCHUR_TRUE_RELRES ROUND=0 RELRES=2.481185764026400e-01 MINRES_INFO=0 REQUESTED_RTOL=2.000000000000000e-03 USED_RTOL=2.000000000000000e-03 MAXITER=96 PRECONDITIONER=NO
026B_R4_SCHUR_REFINEMENT ROUND=1 RELRES=1.297400874852011e-01 PREVIOUS=2.481185764026400e-01 CORRECTION_INFO=0 PRECONDITIONER=NO
026B_R4_SCHUR_REFINEMENT ROUND=2 RELRES=9.602244735589627e-02 PREVIOUS=1.297400874852011e-01 CORRECTION_INFO=0 PRECONDITIONER=NO
026B_R4_SCHUR_REFINEMENT ROUND=3 RELRES=7.498075843457329e-02 PREVIOUS=9.602244735589627e-02 CORRECTION_INFO=0 PRECONDITIONER=NO
026B_R4_SCHUR_TRUE_RESIDUAL_CERTIFICATE RELRES=7.498075843457329e-02 TARGET=5.000000000000000e-02 PASS=NO
026A_MINRES FACTOR=5.000000e-01 MU=1.098551607957476e+02 INFO=98 ITERS=56 FULL_RELRES=2.246613128352840e-01 G_DOT_DELTA_COMPONENTS=-1.959879816611685e+00
026B_R4_SCHUR_TRUE_RELRES ROUND=0 RELRES=1.814938576453134e-01 MINRES_INFO=0 REQUESTED_RTOL=2.000000000000000e-03 USED_RTOL=2.000000000000000e-03 MAXITER=96 PRECONDITIONER=NO
026B_R4_SCHUR_REFINEMENT ROUND=1 RELRES=7.767588333171328e-02 PREVIOUS=1.814938576453134e-01 CORRECTION_INFO=0 PRECONDITIONER=NO
026B_R4_SCHUR_REFINEMENT ROUND=2 RELRES=5.099310046294740e-02 PREVIOUS=7.767588333171328e-02 CORRECTION_INFO=0 PRECONDITIONER=NO
026B_R4_SCHUR_REFINEMENT ROUND=3 RELRES=3.728514187492359e-02 PREVIOUS=5.099310046294740e-02 CORRECTION_INFO=0 PRECONDITIONER=NO
026B_R4_SCHUR_TRUE_RESIDUAL_CERTIFICATE RELRES=3.728514187492359e-02 TARGET=5.000000000000000e-02 PASS=YES
026A_MINRES FACTOR=2.000000e+00 MU=4.300351788673268e+02 INFO=0 ITERS=56 FULL_RELRES=7.579728344389372e-02 G_DOT_DELTA_COMPONENTS=-8.136680882367887e-01
026A_DAMP_2.000000e+00_G_DOT_DELTA=-4.189597452920908e-04
026A_DAMP_2.000000e+00_DESCENT=YES
026A_DAMP_2.000000e+00_MAX_POINT=4.295334784125063e-04 TRUST_ANGLE=8.067180147423960e-03 ALPHA0=1.000000000000000e+00
026B_ADAPTIVE_TRUST LABEL=026A_DAMP_2.000000e+00 RMS=3.226872058969584e-02 MAX_POINT=4.295334784125063e-04 TRUST=8.067180147423960e-03 ALPHA0=1.000000000000000e+00
026A_DAMP_2.000000e+00_LS=0 ALPHA=1.000000000000000e+00 ENERGY=1.772366299202658e+03 GRAD_RMS=2.345772125898760e-02 GRAD_MAX=1.949816001963546e-01 STATIONARITY_MERIT=1.563848083932506e+01 MERIT_REDUCTION=1.375611903365609e+00 HIGH_FRACTION=2.575597559121060e-02 ROUGHNESS=2.678008521218476e-01 MERIT_ACCEPT=YES FREQUENCY_ACCEPT=YES
026B_ADAPTIVE_TRUST_ACCEPT LABEL=026A_DAMP_2.000000e+00 LS=0 ALPHA=1.000000000000000e+00 MERIT_REDUCTION=1.375611903365609e+00
026B_N81_STEP_ACCEPTED=YES ALPHA=1.000000000000000e+00 MERIT_REDUCTION=1.375611903365609e+00 GRAD_RMS=2.345772125898760e-02 GRAD_MAX=1.949816001963546e-01 TOPOLOGY4=6.986198784955825e+00 ANGLE=3.641285247741954e-01
026B_CHECKPOINT=results/data/026b_true_antigravity_n81_augmented_minres_checkpoint.npz

=== 026B N81 DEFECT-CORRECTION OUTER 2 ===
026A_AUGMENT_DIM=17
026A_AUGMENT_NAMES=R4_FULL_SIGMA_1,R4_FULL_SIGMA_2,R4_FULL_SIGMA_4,R4_FULL_SIGMA_8,R4_COMP_0_SIGMA_2,R4_COMP_1_SIGMA_2,R4_X_MOD_SIGMA_4,R4_Y_MOD_SIGMA_4,R4_Z_MOD_SIGMA_4,R4_WALL_SIGMA_2,R4_WALL_SIGMA_4,R4_TAIL_SIGMA_2,R4_TAIL_SIGMA_4,SPATIAL_5,SPATIAL_4,SPATIAL_3,SECANT_0
026A_AUGMENT_GRAM_MAXERR=9.769962616701378e-15
026A_AUGMENT_GRAD_CAPTURE=9.984393920977735e-01
026B_SECANT_CURVATURE_SCALE_DIAGNOSTIC=4.312793851917029e+02
026B_NEWTON_DAMPING_SCALE=CURRENT_AUGMENTED_HESSIAN_NOT_SECANT_HISTORY
026A_COARSE_EIGS=1.14746082e+00,1.15317512e+00,1.15317513e+00,8.58804306e+01,1.47372494e+02,1.47372632e+02,1.50929532e+02,1.55412302e+02,1.98237930e+02,2.67917782e+02,3.32735704e+02,5.23387721e+02,7.20876073e+02,8.80034908e+02,9.32550875e+02,9.32550886e+02,1.69231335e+03
026A_COARSE_FINE_HESSIAN_COUPLING=9.683021269100585e-01
026A_SHIFT_FLOOR=2.817297779674954e+00
026A_PRECONDITIONER_QBQ=2.318682585664272e-03
026A_PRECONDITIONER=PROJECTED_LBFGS
026A_SCHUR_SELFADJ_RELASYM=3.404836101524434e-06
026B_R4_SCHUR_TRUE_RELRES ROUND=0 RELRES=1.443452050324710e-01 MINRES_INFO=0 REQUESTED_RTOL=2.000000000000000e-03 USED_RTOL=2.000000000000000e-03 MAXITER=96 PRECONDITIONER=YES
026B_R4_SCHUR_REFINEMENT ROUND=1 RELRES=4.960508917912767e-02 PREVIOUS=1.443452050324710e-01 CORRECTION_INFO=0 PRECONDITIONER=YES
026B_R4_SCHUR_TRUE_RESIDUAL_CERTIFICATE RELRES=4.960508917912767e-02 TARGET=5.000000000000000e-02 PASS=YES
026A_MINRES FACTOR=0.000000e+00 MU=2.817297779674954e+00 INFO=0 ITERS=87 FULL_RELRES=1.998442754932642e-01 G_DOT_DELTA_COMPONENTS=-3.171981048058134e+00
026B_R4_SCHUR_TRUE_RELRES ROUND=0 RELRES=1.418897120050537e-01 MINRES_INFO=0 REQUESTED_RTOL=2.000000000000000e-03 USED_RTOL=2.000000000000000e-03 MAXITER=96 PRECONDITIONER=YES
026B_R4_SCHUR_REFINEMENT ROUND=1 RELRES=4.810957096255341e-02 PREVIOUS=1.418897120050537e-01 CORRECTION_INFO=0 PRECONDITIONER=YES
026B_R4_SCHUR_TRUE_RESIDUAL_CERTIFICATE RELRES=4.810957096255341e-02 TARGET=5.000000000000000e-02 PASS=YES
026A_MINRES FACTOR=2.000000e-02 MU=6.782056379330326e+00 INFO=0 ITERS=87 FULL_RELRES=1.846755287927953e-01 G_DOT_DELTA_COMPONENTS=-3.006361215569126e+00
026B_R4_SCHUR_TRUE_RELRES ROUND=0 RELRES=1.317318946047850e-01 MINRES_INFO=0 REQUESTED_RTOL=2.000000000000000e-03 USED_RTOL=2.000000000000000e-03 MAXITER=96 PRECONDITIONER=YES
026B_R4_SCHUR_REFINEMENT ROUND=1 RELRES=4.276579729982664e-02 PREVIOUS=1.317318946047850e-01 CORRECTION_INFO=0 PRECONDITIONER=YES
026B_R4_SCHUR_TRUE_RESIDUAL_CERTIFICATE RELRES=4.276579729982664e-02 TARGET=5.000000000000000e-02 PASS=YES
026A_MINRES FACTOR=1.000000e-01 MU=2.264109077795182e+01 INFO=0 ITERS=87 FULL_RELRES=1.399794191910818e-01 G_DOT_DELTA_COMPONENTS=-2.497994693280334e+00
026A_DAMP_1.000000e-01_G_DOT_DELTA=-1.286223750897751e-03
026A_DAMP_1.000000e-01_DESCENT=YES
026A_DAMP_1.000000e-01_MAX_POINT=1.649548733516996e-03 TRUST_ANGLE=5.864430314746899e-03 ALPHA0=1.000000000000000e+00
026B_ADAPTIVE_TRUST LABEL=026A_DAMP_1.000000e-01 RMS=2.345772125898760e-02 MAX_POINT=1.649548733516996e-03 TRUST=5.864430314746899e-03 ALPHA0=1.000000000000000e+00
026A_DAMP_1.000000e-01_LS=0 ALPHA=1.000000000000000e+00 ENERGY=1.772365499567708e+03 GRAD_RMS=6.261951460211641e-03 GRAD_MAX=4.856946078566361e-02 STATIONARITY_MERIT=4.174634306807761e+00 MERIT_REDUCTION=3.746072036494958e+00 HIGH_FRACTION=6.834824900794705e-02 ROUGHNESS=4.634198328513372e-01 MERIT_ACCEPT=YES FREQUENCY_ACCEPT=YES
026B_ADAPTIVE_TRUST_ACCEPT LABEL=026A_DAMP_1.000000e-01 LS=0 ALPHA=1.000000000000000e+00 MERIT_REDUCTION=3.746072036494958e+00
026B_N81_STEP_ACCEPTED=YES ALPHA=1.000000000000000e+00 MERIT_REDUCTION=3.746072036494958e+00 GRAD_RMS=6.261951460211641e-03 GRAD_MAX=4.856946078566361e-02 TOPOLOGY4=6.986219268038679e+00 ANGLE=3.640169541274204e-01
026B_CHECKPOINT=results/data/026b_true_antigravity_n81_augmented_minres_checkpoint.npz

=== 026B N81 DEFECT-CORRECTION OUTER 3 ===
026A_AUGMENT_DIM=18
026A_AUGMENT_NAMES=R4_FULL_SIGMA_1,R4_FULL_SIGMA_2,R4_FULL_SIGMA_4,R4_FULL_SIGMA_8,R4_COMP_0_SIGMA_2,R4_COMP_1_SIGMA_2,R4_X_MOD_SIGMA_4,R4_Y_MOD_SIGMA_4,R4_Z_MOD_SIGMA_4,R4_WALL_SIGMA_2,R4_WALL_SIGMA_4,R4_TAIL_SIGMA_2,R4_TAIL_SIGMA_4,SPATIAL_5,SPATIAL_4,SPATIAL_3,SECANT_0,SECANT_1
026A_AUGMENT_GRAM_MAXERR=1.509903313490213e-14
026A_AUGMENT_GRAD_CAPTURE=9.839538543834657e-01
026B_SECANT_CURVATURE_SCALE_DIAGNOSTIC=2.626408217197223e+02
026B_NEWTON_DAMPING_SCALE=CURRENT_AUGMENTED_HESSIAN_NOT_SECANT_HISTORY
026A_COARSE_EIGS=1.18663205e+00,1.19276361e+00,1.19276361e+00,6.24629052e+01,1.30630097e+02,1.30630200e+02,1.37881603e+02,1.41133695e+02,1.70004193e+02,2.36406679e+02,2.88650028e+02,3.50283307e+02,4.25561492e+02,5.69816167e+02,7.12268112e+02,7.12268154e+02,8.91777088e+02,2.14255645e+03
026A_COARSE_FINE_HESSIAN_COUPLING=9.639349930215154e-01
026A_SHIFT_FLOOR=2.877476666641835e+00
026A_PRECONDITIONER_QBQ=1.063804230509466e-02
026A_PRECONDITIONER=PROJECTED_LBFGS
026A_SCHUR_SELFADJ_RELASYM=3.394516774524916e-06
026B_R4_SCHUR_TRUE_RELRES ROUND=0 RELRES=1.489451154182558e-01 MINRES_INFO=0 REQUESTED_RTOL=2.000000000000000e-03 USED_RTOL=2.000000000000000e-03 MAXITER=96 PRECONDITIONER=YES
026B_R4_SCHUR_REFINEMENT ROUND=1 RELRES=7.512496321619433e-02 PREVIOUS=1.489451154182558e-01 CORRECTION_INFO=0 PRECONDITIONER=YES
026B_R4_SCHUR_REFINEMENT ROUND=2 RELRES=4.588910306458115e-02 PREVIOUS=7.512496321619433e-02 CORRECTION_INFO=0 PRECONDITIONER=YES
026B_R4_SCHUR_TRUE_RESIDUAL_CERTIFICATE RELRES=4.588910306458115e-02 TARGET=5.000000000000000e-02 PASS=YES
026A_MINRES FACTOR=0.000000e+00 MU=2.877476666641835e+00 INFO=0 ITERS=102 FULL_RELRES=1.392681602847697e-01 G_DOT_DELTA_COMPONENTS=-2.414302689883656e-01
026A_DAMP_0.000000e+00_G_DOT_DELTA=-1.243130527834234e-04
026A_DAMP_0.000000e+00_DESCENT=YES
026A_DAMP_0.000000e+00_MAX_POINT=7.472488607651838e-04 TRUST_ANGLE=1.565487865052910e-03 ALPHA0=1.000000000000000e+00
026B_ADAPTIVE_TRUST LABEL=026A_DAMP_0.000000e+00 RMS=6.261951460211641e-03 MAX_POINT=7.472488607651838e-04 TRUST=1.565487865052910e-03 ALPHA0=1.000000000000000e+00
026A_DAMP_0.000000e+00_LS=0 ALPHA=1.000000000000000e+00 ENERGY=1.772365433333617e+03 GRAD_RMS=9.287074718385812e-04 GRAD_MAX=1.115106618198811e-02 STATIONARITY_MERIT=6.191383145590541e-01 MERIT_REDUCTION=6.742652180685838e+00 HIGH_FRACTION=2.064196262074154e-01 ROUGHNESS=1.346710847937554e+00 MERIT_ACCEPT=YES FREQUENCY_ACCEPT=YES
026B_ADAPTIVE_TRUST_ACCEPT LABEL=026A_DAMP_0.000000e+00 LS=0 ALPHA=1.000000000000000e+00 MERIT_REDUCTION=6.742652180685838e+00
026B_N81_STEP_ACCEPTED=YES ALPHA=1.000000000000000e+00 MERIT_REDUCTION=6.742652180685838e+00 GRAD_RMS=9.287074718385812e-04 GRAD_MAX=1.115106618198811e-02 TOPOLOGY4=6.986225826794754e+00 ANGLE=3.639753855236788e-01
026B_CHECKPOINT=results/data/026b_true_antigravity_n81_augmented_minres_checkpoint.npz

=== 026B N81 FINAL STATIONARITY AUDIT ===
026B_N81_ACCEPTED_THIS_RUN=3
026B_N81_FINAL_ENERGY=1.772365433333617e+03
026B_N81_FINAL_GRAD_RMS=9.287074718385812e-04
026B_N81_FINAL_GRAD_MAX=1.115106618198811e-02
026B_N81_FINAL_MERIT=6.191383145590541e-01
026B_STRICT_N81_STATIONARITY=PASS
026B_N81_FINAL_TOPOLOGY4=6.986225826794754e+00
026B_N81_FINAL_DEGREES=-7,-7,-7
026B_N81_MAX_NEIGHBOR_ANGLE=3.639753855236788e-01
026B_N81_TOPOLOGY_RELERR=1.967739029320903e-03

=== 026B N81 PHYSICAL FIELD AUDIT ===
026B_N81_CONTINUUM_ENERGY=1.783891876995030e+03
026B_N81_ACTIVE_TOTAL=1.837940358483101e+03
026B_N81_MIN_ACTIVE_FRACTION=-1.399484883938498e-02
026B_N81_MIN_DEC_SCALED_MARGIN=3.120304261633708e-16
026B_N81_MAX_ACTIVE_TRACE_SCALED=5.815184823169342e-16
026B_N81_PHYSICAL_FIELD_GATE=PASS

=== 026B N73 -> N81 LOCAL RESOLUTION ===
N73_N81_CONTINUUM_ENERGY_RELCHANGE=8.041758816307460e-04
N73_N81_MIN_ACTIVE_FRACTION_ABSCHANGE=1.227342522710732e-04
N73_N81_TOPOLOGY4_ABSCHANGE=7.080370646792566e-03
N73_N81_LOCAL_FIELD_CONVERGENCE=PASS
026B_STRICT_N81_FIELD=results/data/026b_true_antigravity_strict_stationary_b7_n81.npz

=== 026B FORCE KERNEL AUDIT ===

=== B — ANALYTIC FORMULA VALIDATION ===
PRISM_VALIDATION_CASE_0_RELERR=1.690544831492376e-14
PRISM_VALIDATION_CASE_1_RELERR=1.849051454803849e-13
PRISM_VALIDATION_CASE_2_RELERR=8.740329467397351e-14
PRISM_VALIDATION_CASE_3_RELERR=1.121292515757142e-13
PRISM_VALIDATION_CASE_4_RELERR=1.807939345959305e-13
PRISM_VALIDATION_CASE_5_RELERR=8.327568845166656e-14
PRISM_VALIDATION_MAX_RELERR=1.849051454803849e-13
ANALYTIC_PRISM_VALIDATION=PASS
CAP_VALIDATION_D_OVER_R=0.000000 ANALYTIC=-3.948359325158377e-02 NUMERIC=-3.948359325158377e-02 ABSERR=0.000000000000000e+00
CAP_VALIDATION_D_OVER_R=0.170000 ANALYTIC=-2.385552363683412e-02 NUMERIC=-2.385552363683412e-02 ABSERR=0.000000000000000e+00
CAP_VALIDATION_D_OVER_R=0.410000 ANALYTIC=-9.217344687867352e-03 NUMERIC=-9.217344687867356e-03 ABSERR=3.469446951953614e-18
CAP_VALIDATION_D_OVER_R=0.730000 ANALYTIC=-9.662634203571871e-04 NUMERIC=-9.662634203571835e-04 ABSERR=3.577867169202165e-18
CAP_VALIDATION_D_OVER_R=0.930000 ANALYTIC=-1.774116295574834e-05 NUMERIC=-1.774116295573439e-05 ABSERR=1.394893857538382e-17
CAP_VALIDATION_MAX_ABSERR=1.394893857538382e-17
ANALYTIC_CAP_VALIDATION=PASS
026B_ANALYTIC_FORCE_KERNEL_AUDIT=PASS

=== 026B N81 CONTINUOUS-FIELD FORCE PRECOMPUTE ===
N81_FORCE_DX=8.015088790598801e-02
N81_PAYLOAD_RADIUS_OVER_DX=2.090726362471113e-01
N81_FORCE_DIRECTION=-4.543501844637980e-01,1.878880658050992e-02,8.906249999999961e-01
N81_TOTAL_FIELD_CELLS=512000
N81_NEAR_FIELD_CELLS=81
CONSTANT_SOURCE_ANALYTIC_PRISM_RADIAL=-1.622167182034815e+00
CONSTANT_SOURCE_CONTINUOUS_CUBATURE_RADIAL=-1.622168716082521e+00
CONSTANT_SOURCE_CUBATURE_RELERR=9.456779318079992e-07
CONSTANT_SOURCE_CUBATURE_VALIDATION=PASS

=== 026B N81 CUBIC / QUINTIC CONTINUOUS FIELDS ===
N81_BUILDING_CUBIC_TENSOR_SPLINE=START
N81_BUILDING_CUBIC_TENSOR_SPLINE=DONE
CUBIC_NODAL_REPRO_MAX_ABSERR=1.208932953744579e-11
CUBIC_NODAL_REPRODUCTION=PASS
CUBIC_NORMALIZED_DERIV_AXIS_0_BEST_RELERR=1.057412441549372e-12
CUBIC_NORMALIZED_DERIV_AXIS_1_BEST_RELERR=1.452994349597408e-12
CUBIC_NORMALIZED_DERIV_AXIS_2_BEST_RELERR=9.701611473978175e-13
CUBIC_NORMALIZED_DERIVATIVE_MAX_RELERR=1.452994349597408e-12
CUBIC_NORMALIZED_DERIVATIVE_CHECK=PASS
CUBIC_SOURCE_NODE_L2_RELCHANGE=3.409012402605235e-03
CUBIC_SOURCE_NODE_MAX_ABSCHANGE=5.665166398843553e+00
CENTRAL4_NATIVE_ACTIVE_MASS=1.837940358483101e+03
CUBIC_SPLINE_NODE_ACTIVE_MASS=1.843647107684725e+03
CUBIC_SPLINE_NODE_RAW_NORM_MIN=9.999999999618028e-01
CENTRAL4_OUTER_3_SOURCE_L1_FRACTION=2.204781116584504e-12
N81_BUILDING_QUINTIC_TENSOR_SPLINE=START
N81_BUILDING_QUINTIC_TENSOR_SPLINE=DONE
QUINTIC_NODAL_REPRO_MAX_ABSERR=2.422198466106584e-11
QUINTIC_NODAL_REPRODUCTION=PASS
QUINTIC_NORMALIZED_DERIV_AXIS_0_BEST_RELERR=9.146994988694740e-13
QUINTIC_NORMALIZED_DERIV_AXIS_1_BEST_RELERR=1.283963947087596e-12
QUINTIC_NORMALIZED_DERIV_AXIS_2_BEST_RELERR=1.229732457212577e-12
QUINTIC_NORMALIZED_DERIVATIVE_MAX_RELERR=1.283963947087596e-12
QUINTIC_NORMALIZED_DERIVATIVE_CHECK=PASS
QUINTIC_SOURCE_NODE_L2_RELCHANGE=4.257819098287642e-03
QUINTIC_SOURCE_NODE_MAX_ABSCHANGE=7.181309790439059e+00
CENTRAL4_NATIVE_ACTIVE_MASS=1.837940358483101e+03
QUINTIC_SPLINE_NODE_ACTIVE_MASS=1.844826586228848e+03
QUINTIC_SPLINE_NODE_RAW_NORM_MIN=9.999999999768105e-01
CENTRAL4_OUTER_3_SOURCE_L1_FRACTION=2.204781116584504e-12

=== 026B N81 HEAVY q=2/3/4 CONTINUOUS FORCE ===

=== CUBIC CONTINUOUS FIELD FORCE ===
CUBIC_FAR_Q2_PROGRESS_CELLS=15000/511919 PERCENT=2
CUBIC_FAR_Q2_PROGRESS_CELLS=105000/511919 PERCENT=20
CUBIC_FAR_Q2_PROGRESS_CELLS=210000/511919 PERCENT=41
CUBIC_FAR_Q2_PROGRESS_CELLS=315000/511919 PERCENT=61
CUBIC_FAR_Q2_PROGRESS_CELLS=420000/511919 PERCENT=82
CUBIC_FAR_Q2_PROGRESS_CELLS=511919/511919 PERCENT=100
CUBIC_FAR_Q3_PROGRESS_CELLS=4444/511919 PERCENT=0
CUBIC_FAR_Q3_PROGRESS_CELLS=106656/511919 PERCENT=20
CUBIC_FAR_Q3_PROGRESS_CELLS=208868/511919 PERCENT=40
CUBIC_FAR_Q3_PROGRESS_CELLS=311080/511919 PERCENT=60
CUBIC_FAR_Q3_PROGRESS_CELLS=413292/511919 PERCENT=80
CUBIC_FAR_Q3_PROGRESS_CELLS=511919/511919 PERCENT=100
CUBIC_NEAR_COARSE_PROGRESS_CELLS=8/81 PERCENT=9
CUBIC_NEAR_COARSE_PROGRESS_CELLS=24/81 PERCENT=29
CUBIC_NEAR_COARSE_PROGRESS_CELLS=40/81 PERCENT=49
CUBIC_NEAR_COARSE_PROGRESS_CELLS=56/81 PERCENT=69
CUBIC_NEAR_COARSE_PROGRESS_CELLS=72/81 PERCENT=88
CUBIC_NEAR_COARSE_PROGRESS_CELLS=81/81 PERCENT=100
CUBIC_NEAR_FINE_PROGRESS_CELLS=1/81 PERCENT=1
CUBIC_NEAR_FINE_PROGRESS_CELLS=17/81 PERCENT=20
CUBIC_NEAR_FINE_PROGRESS_CELLS=33/81 PERCENT=40
CUBIC_NEAR_FINE_PROGRESS_CELLS=49/81 PERCENT=60
CUBIC_NEAR_FINE_PROGRESS_CELLS=65/81 PERCENT=80
CUBIC_NEAR_FINE_PROGRESS_CELLS=81/81 PERCENT=100
CUBIC_Q2_NEAR_FINE_FORCE=7.227199430475437e+00
CUBIC_Q2_NEAR_FINE_OUTWARD=1.020660645974796e+03
CUBIC_Q2_NEAR_FINE_INWARD=-1.013433446544320e+03
CUBIC_Q2_NEAR_FINE_L1=2.034094092519116e+03
CUBIC_Q2_NEAR_FINE_CANCELLATION_FACTOR=2.814498357333007e+02
CUBIC_Q2_NEAR_FINE_ACTIVE_MASS=1.844660622400385e+03
CUBIC_Q2_NEAR_FINE_SOURCE_MIN=-1.567951885715417e+02
CUBIC_Q2_NEAR_FINE_SOURCE_MAX=1.076705895407521e+03
CUBIC_Q2_NEAR_FINE_RAW_NORM_MIN=9.997270140097466e-01
CUBIC_Q2_NEAR_FINE_RAW_NORM_MAX=1.000451598726874e+00
CUBIC_Q3_NEAR_FINE_FORCE=7.211037014142519e+00
CUBIC_Q3_NEAR_FINE_OUTWARD=1.020873031170764e+03
CUBIC_Q3_NEAR_FINE_INWARD=-1.013661994156622e+03
CUBIC_Q3_NEAR_FINE_L1=2.034535025327386e+03
CUBIC_Q3_NEAR_FINE_CANCELLATION_FACTOR=2.821418086382291e+02
CUBIC_Q3_NEAR_FINE_ACTIVE_MASS=1.844863072333765e+03
CUBIC_Q3_NEAR_FINE_SOURCE_MIN=-1.567951885715417e+02
CUBIC_Q3_NEAR_FINE_SOURCE_MAX=1.079060358778189e+03
CUBIC_Q3_NEAR_FINE_RAW_NORM_MIN=9.997041909497348e-01
CUBIC_Q3_NEAR_FINE_RAW_NORM_MAX=1.000451598726874e+00
CUBIC_FAR_Q4_PROGRESS_CELLS=1875/511919 PERCENT=0
CUBIC_FAR_Q4_PROGRESS_CELLS=103125/511919 PERCENT=20
CUBIC_FAR_Q4_PROGRESS_CELLS=206250/511919 PERCENT=40
CUBIC_FAR_Q4_PROGRESS_CELLS=307500/511919 PERCENT=60
CUBIC_FAR_Q4_PROGRESS_CELLS=410625/511919 PERCENT=80
CUBIC_FAR_Q4_PROGRESS_CELLS=511919/511919 PERCENT=100
CUBIC_Q4_NEAR_FINE_FORCE=7.210708734879034e+00
CUBIC_Q4_NEAR_FINE_OUTWARD=1.020878527323314e+03
CUBIC_Q4_NEAR_FINE_INWARD=-1.013667818588435e+03
CUBIC_Q4_NEAR_FINE_L1=2.034546345911749e+03
CUBIC_Q4_NEAR_FINE_CANCELLATION_FACTOR=2.821562235720897e+02
CUBIC_Q4_NEAR_FINE_ACTIVE_MASS=1.844863068055018e+03
CUBIC_Q4_NEAR_FINE_SOURCE_MIN=-1.567951885715417e+02
CUBIC_Q4_NEAR_FINE_SOURCE_MAX=1.078570261292223e+03
CUBIC_Q4_NEAR_FINE_RAW_NORM_MIN=9.997270140097466e-01
CUBIC_Q4_NEAR_FINE_RAW_NORM_MAX=1.000451598726874e+00
CUBIC_QUADRATURE_ERROR_ESTIMATE=3.282792634848875e-04
CUBIC_NEAR_REFINEMENT_ERROR_ESTIMATE=6.992813611930160e-04
CUBIC_INTERNAL_ERROR_ESTIMATE=1.027560624677903e-03
CUBIC_BEST_FORCE=7.210708734879034e+00

=== QUINTIC CONTINUOUS FIELD FORCE ===
QUINTIC_FAR_Q2_PROGRESS_CELLS=15000/511919 PERCENT=2
QUINTIC_FAR_Q2_PROGRESS_CELLS=105000/511919 PERCENT=20
QUINTIC_FAR_Q2_PROGRESS_CELLS=210000/511919 PERCENT=41
QUINTIC_FAR_Q2_PROGRESS_CELLS=315000/511919 PERCENT=61
QUINTIC_FAR_Q2_PROGRESS_CELLS=420000/511919 PERCENT=82
QUINTIC_FAR_Q2_PROGRESS_CELLS=511919/511919 PERCENT=100
QUINTIC_FAR_Q3_PROGRESS_CELLS=4444/511919 PERCENT=0
QUINTIC_FAR_Q3_PROGRESS_CELLS=106656/511919 PERCENT=20
QUINTIC_FAR_Q3_PROGRESS_CELLS=208868/511919 PERCENT=40
QUINTIC_FAR_Q3_PROGRESS_CELLS=311080/511919 PERCENT=60
QUINTIC_FAR_Q3_PROGRESS_CELLS=413292/511919 PERCENT=80
QUINTIC_FAR_Q3_PROGRESS_CELLS=511919/511919 PERCENT=100
QUINTIC_NEAR_COARSE_PROGRESS_CELLS=8/81 PERCENT=9
QUINTIC_NEAR_COARSE_PROGRESS_CELLS=24/81 PERCENT=29
QUINTIC_NEAR_COARSE_PROGRESS_CELLS=40/81 PERCENT=49
QUINTIC_NEAR_COARSE_PROGRESS_CELLS=56/81 PERCENT=69
QUINTIC_NEAR_COARSE_PROGRESS_CELLS=72/81 PERCENT=88
QUINTIC_NEAR_COARSE_PROGRESS_CELLS=81/81 PERCENT=100
QUINTIC_NEAR_FINE_PROGRESS_CELLS=1/81 PERCENT=1
QUINTIC_NEAR_FINE_PROGRESS_CELLS=17/81 PERCENT=20
QUINTIC_NEAR_FINE_PROGRESS_CELLS=33/81 PERCENT=40
QUINTIC_NEAR_FINE_PROGRESS_CELLS=49/81 PERCENT=60
QUINTIC_NEAR_FINE_PROGRESS_CELLS=65/81 PERCENT=80
QUINTIC_NEAR_FINE_PROGRESS_CELLS=81/81 PERCENT=100
QUINTIC_Q2_NEAR_FINE_FORCE=7.308278067452875e+00
QUINTIC_Q2_NEAR_FINE_OUTWARD=1.020597257343389e+03
QUINTIC_Q2_NEAR_FINE_INWARD=-1.013288979275937e+03
QUINTIC_Q2_NEAR_FINE_L1=2.033886236619326e+03
QUINTIC_Q2_NEAR_FINE_CANCELLATION_FACTOR=2.782989669861027e+02
QUINTIC_Q2_NEAR_FINE_ACTIVE_MASS=1.844824543099547e+03
QUINTIC_Q2_NEAR_FINE_SOURCE_MIN=-1.567946071940503e+02
QUINTIC_Q2_NEAR_FINE_SOURCE_MAX=1.077406137173529e+03
QUINTIC_Q2_NEAR_FINE_RAW_NORM_MIN=9.998763553518955e-01
QUINTIC_Q2_NEAR_FINE_RAW_NORM_MAX=1.000147304860032e+00
QUINTIC_Q3_NEAR_FINE_FORCE=7.317726112905362e+00
QUINTIC_Q3_NEAR_FINE_OUTWARD=1.020743408159457e+03
QUINTIC_Q3_NEAR_FINE_INWARD=-1.013425682046551e+03
QUINTIC_Q3_NEAR_FINE_L1=2.034169090206009e+03
QUINTIC_Q3_NEAR_FINE_CANCELLATION_FACTOR=2.779783034812683e+02
QUINTIC_Q3_NEAR_FINE_ACTIVE_MASS=1.844824710971304e+03
QUINTIC_Q3_NEAR_FINE_SOURCE_MIN=-1.567946071940503e+02
QUINTIC_Q3_NEAR_FINE_SOURCE_MAX=1.079757910836369e+03
QUINTIC_Q3_NEAR_FINE_RAW_NORM_MIN=9.998763553518955e-01
QUINTIC_Q3_NEAR_FINE_RAW_NORM_MAX=1.000147304860032e+00
QUINTIC_FAR_Q4_PROGRESS_CELLS=1875/511919 PERCENT=0
QUINTIC_FAR_Q4_PROGRESS_CELLS=103125/511919 PERCENT=20
QUINTIC_FAR_Q4_PROGRESS_CELLS=206250/511919 PERCENT=40
QUINTIC_FAR_Q4_PROGRESS_CELLS=307500/511919 PERCENT=60
QUINTIC_FAR_Q4_PROGRESS_CELLS=410625/511919 PERCENT=80
QUINTIC_FAR_Q4_PROGRESS_CELLS=511919/511919 PERCENT=100
QUINTIC_Q4_NEAR_FINE_FORCE=7.317466293032155e+00
QUINTIC_Q4_NEAR_FINE_OUTWARD=1.020745566151600e+03
QUINTIC_Q4_NEAR_FINE_INWARD=-1.013428099858566e+03
QUINTIC_Q4_NEAR_FINE_L1=2.034173666010165e+03
QUINTIC_Q4_NEAR_FINE_CANCELLATION_FACTOR=2.779887989299176e+02
QUINTIC_Q4_NEAR_FINE_ACTIVE_MASS=1.844824775916877e+03
QUINTIC_Q4_NEAR_FINE_SOURCE_MIN=-1.567946071940503e+02
QUINTIC_Q4_NEAR_FINE_SOURCE_MAX=1.079143552703561e+03
QUINTIC_Q4_NEAR_FINE_RAW_NORM_MIN=9.998763553518955e-01
QUINTIC_Q4_NEAR_FINE_RAW_NORM_MAX=1.000147304860032e+00
QUINTIC_QUADRATURE_ERROR_ESTIMATE=2.598198732073342e-04
QUINTIC_NEAR_REFINEMENT_ERROR_ESTIMATE=6.990008832019612e-04
QUINTIC_INTERNAL_ERROR_ESTIMATE=9.588207564092954e-04
QUINTIC_BEST_FORCE=7.317466293032155e+00

=== 026B N81 CONTINUOUS FORCE CERTIFICATE ===
N81_CUBIC_CONTINUOUS_BEST_FORCE=7.210708734879034e+00
N81_QUINTIC_CONTINUOUS_BEST_FORCE=7.317466293032155e+00
N81_CONTINUOUS_REPRESENTATION_SPREAD=1.067575581531202e-01
N81_CONTINUOUS_FORCE_ERROR_BOUND=1.067575581531202e-01
N81_CONTINUOUS_FORCE_SIGN_MARGIN=7.210708734879034e+00
N81_CUBIC_QUINTIC_SAME_SIGN=YES
N81_CONTINUOUS_FORCE_SIGN_CERTIFIED=YES
N81_CONTINUOUS_FORCE_SIGN=OUTWARD
N81_CONTINUOUS_FORCE_CANCELLATION_FACTOR=2.800828517006473e+02

=== 026B THREE-RESOLUTION FORCE TREND ===
N65_CONTINUOUS_FORCE_MEAN=1.892568364394407e-01
N73_CONTINUOUS_FORCE_MEAN=1.966366992268803e+00
N81_CONTINUOUS_FORCE_MEAN=7.264087513955594e+00
N65_N73_FORCE_ABSCHANGE=1.777110155829362e+00
N73_N81_FORCE_ABSCHANGE=5.297720521686792e+00
N73_N81_FORCE_MEAN_RELCHANGE=7.293029594575967e-01
FORCE_REFINEMENT_DELTA_SHRINK_RATIO=2.981087303062758e+00
N81_OVER_N73_REPRESENTATION_SPREAD_RATIO=7.532506598627585e-01
N73_N81_CONTINUOUS_FORCE_CONVERGENCE_PREFILTER=FAIL

=== 026B DECISION ===
026B_DECISION=N81_OUTWARD_BUT_FORCE_MAGNITUDE_NOT_YET_CONVERGED
NEXT=026C_N89_CONTINUOUS_FORCE_CONVERGENCE
FULL_PHYSICAL_HESSIAN=DEFERRED_FORCE_CONVERGENCE_NOT_COMPLETE
NONLINEAR_EINSTEIN_SKYRME=NOT_AUTHORIZED
PRACTICAL_ANTIGRAVITY_DEVICE=NO
NEW_PHYSICS_DISCOVERY=NO
HEURISTIC_INCREASE_AUTHORIZED=NO
OUT_SUMMARY=/Users/mymac/Desktop/antigravity_research/results/data/026b_true_antigravity_n81_force_convergence_summary.json
OUT_CHECKPOINT=/Users/mymac/Desktop/antigravity_research/results/data/026b_true_antigravity_n81_augmented_minres_checkpoint.npz
OUT_STRICT_FIELD=/Users/mymac/Desktop/antigravity_research/results/data/026b_true_antigravity_strict_stationary_b7_n81.npz
