=== 026B TRUE ANTIGRAVITY B7 N81 FORCE CONVERGENCE GATE ===
026B_A26_SOURCE_SHA256=1023bcafde9aabd3fd432834b6ae2f4cd89fdf4e80ce5fc422a56e929dc09508
026B_N73_FIELD_SHA256=6da8b702802b2fb14a92d708f1fdd05ec59134ab3d80f34487837b1f6744c747
026B_N73_SUMMARY_SHA256=d5bbf41306e23113570821b3b67eef570c68e8940657d327d2b9242fee95cc8a
026B_026A_GREEN_LINEAGE_AUDIT=PASS
026B_N73_FIELD_NORM_MAXERR=2.220446049250313e-16

=== 026B N73 REFERENCE AUDIT ===
N73_REFERENCE_ENERGY=1.767349902529608e+03
N73_REFERENCE_CONTINUUM_ENERGY=1.782457314172114e+03
N73_REFERENCE_MIN_ACTIVE_FRACTION=-1.411758309165606e-02
N73_REFERENCE_TOPOLOGY4=6.979145456147961e+00

=== 026B N81 START ===
026B_N81_START_SOURCE=LINEAR_PROLONGATION_FROM_GREEN_026A_N73
026B_N81_START_NORM_MAXERR=2.220446049250313e-16
026B_N81_DX=8.015088790598801e-02
026B_N81_START_ENERGY=1.773934473907200e+03
026B_N81_START_GRAD_RMS=4.308247759436059e+01
026B_N81_START_GRAD_MAX=1.375688237682841e+03
026B_N81_START_MERIT=2.872165172957372e+04
026B_N81_START_DEGREES=-7,-7,-7
RESIDUAL_MAX_INDEX=(np.int64(34), np.int64(36), np.int64(40))
RESIDUAL_MAX_COORD=(-4.809053274359e-01,-3.206035516240e-01,0.000000000000e+00)
RESIDUAL_MAX_RADIUS=5.779762722380126e-01
RESIDUAL_MAX_BOUNDARY_DISTANCE_CELLS=34
RESIDUAL_L2_FRACTION_BOUNDARY_4=1.008482993868522e-11
RESIDUAL_L2_FRACTION_CORE_R_LT_0P30=7.514035433956816e-03
RESIDUAL_L2_FRACTION_WALL_R_0P30_TO_1P60=9.924584588084815e-01
RESIDUAL_L2_FRACTION_TAIL_R_GE_1P60=2.750575756168152e-05
Traceback (most recent call last):
  File "/Users/mymac/Desktop/antigravity_research/simulations/026b_true_antigravity_b7_n81_force_convergence_gate.py", line 2759, in <module>
    main()
    ~~~~^^
  File "/Users/mymac/Desktop/antigravity_research/simulations/026b_true_antigravity_b7_n81_force_convergence_gate.py", line 1686, in main
    r5.residual_metrics(
    ~~~~~~~~~~~~~~~~~~~^
        c2a,
        ^^^^
        state.phi,
        ^^^^^^^^^^
        g,
        ^^
    ),
    ^
  File "/Users/mymac/Desktop/antigravity_research/simulations/023c2aqs2r5_two_level_vcycle_stationarity_closure.py", line 441, in residual_metrics
    comp = c2a.field_to_components(g, basis).reshape(N - 2, N - 2, N - 2, 3)
ValueError: cannot reshape array of size 1479117 into shape (71,71,71,3)
