=== 026B TRUE ANTIGRAVITY B7 N81 FORCE CONVERGENCE GATE ===
026B_A26_SOURCE_SHA256=1023bcafde9aabd3fd432834b6ae2f4cd89fdf4e80ce5fc422a56e929dc09508
026B_N73_FIELD_SHA256=6da8b702802b2fb14a92d708f1fdd05ec59134ab3d80f34487837b1f6744c747
026B_N73_SUMMARY_SHA256=d5bbf41306e23113570821b3b67eef570c68e8940657d327d2b9242fee95cc8a
026B_026A_GREEN_LINEAGE_AUDIT=PASS
026B_GRID_BIND MODULE=026A OLD_N=81 NEW_N=81
026B_GRID_BIND MODULE=R5 OLD_N=73 NEW_N=81
026B_GRID_BIND MODULE=R4 OLD_N=73 NEW_N=81
026B_GRID_BIND MODULE=R3 OLD_N=73 NEW_N=81
026B_GRID_BIND MODULE=R2 OLD_N=73 NEW_N=81
026B_GRID_BIND MODULE=R OLD_N=73 NEW_N=81
026B_N81_INTERIOR_TANGENT_DOF=1479117
026B_N81_GRID_BINDING_REPAIR=PASS
026B_SECANT_PRECONDITIONER_PRESERVED=YES
026B_SECANT_DAMPING_SCALE_DISABLED=YES
026B_DAMPING_LADDER=0,0.02,0.1,0.5,2
026B_N73_FIELD_NORM_MAXERR=2.220446049250313e-16

=== 026B N73 REFERENCE AUDIT ===
N73_REFERENCE_ENERGY=1.767349902529608e+03
N73_REFERENCE_CONTINUUM_ENERGY=1.782457314172114e+03
N73_REFERENCE_MIN_ACTIVE_FRACTION=-1.411758309165606e-02
N73_REFERENCE_TOPOLOGY4=6.979145456147961e+00

=== 026B N81 START ===
026B_N81_START_SOURCE=026B_N81_CHECKPOINT
026B_N81_START_NORM_MAXERR=2.220446049250313e-16
026B_N81_DX=8.015088790598801e-02
026B_N81_START_ENERGY=1.773203266893850e+03
026B_N81_START_GRAD_RMS=1.856853200574738e+01
026B_N81_START_GRAD_MAX=5.939470779089386e+02
026B_N81_START_MERIT=1.237902133716492e+04
026B_N81_START_DEGREES=-7,-7,-7
RESIDUAL_MAX_INDEX=(np.int64(36), np.int64(40), np.int64(34))
RESIDUAL_MAX_COORD=(-3.206035516240e-01,0.000000000000e+00,-4.809053274359e-01)
RESIDUAL_MAX_RADIUS=5.779762722380126e-01
RESIDUAL_MAX_BOUNDARY_DISTANCE_CELLS=34
RESIDUAL_L2_FRACTION_BOUNDARY_4=7.087853076082558e-10
RESIDUAL_L2_FRACTION_CORE_R_LT_0P30=1.545563693228059e-02
RESIDUAL_L2_FRACTION_WALL_R_0P30_TO_1P60=9.844301939561790e-01
RESIDUAL_L2_FRACTION_TAIL_R_GE_1P60=1.141691115404276e-04
026B_N81_START_RESIDUAL_GAUSSIAN_LOW_L2_FRACTION=2.025768679131576e-02
026B_N81_START_RESIDUAL_GAUSSIAN_HIGH_L2_FRACTION=8.475515020509291e-01
026B_N81_START_RESIDUAL_NEIGHBOR_ROUGHNESS_RATIO=3.533181928117400e+00

=== 026B N81 DEFECT-CORRECTION OUTER 1 ===
NK_HVP_STEP_POINT_ANGLE=1.000000000000000e-04 RAYLEIGH=3.334496672327071e+02 MATVECS=1
NK_HVP_STEP_POINT_ANGLE=2.000000000000000e-04 RAYLEIGH=3.334496729558164e+02 MATVECS=1
NK_HVP_STEP_POINT_ANGLE=4.000000000000000e-04 RAYLEIGH=3.334496958482643e+02 MATVECS=1
NK_HVP_STEP_RELCHANGE_FINE_PRIMARY=2.093569927785879e-08
NK_HVP_STEP_RELCHANGE_PRIMARY_COARSE=8.374189081379685e-08
NK_HVP_STEP_CONVERGENCE=PASS
NK_HESSIAN_BILINEAR_UHV=1.655763030163813e-01
NK_HESSIAN_BILINEAR_HUW=1.655763375873633e-01
NK_HESSIAN_BILINEAR_RELASYM=2.087918024384330e-07
NK_HESSIAN_SELF_ADJOINTNESS=PASS
026A_AUGMENT_DIM=13
026A_AUGMENT_NAMES=R4_FULL_SIGMA_1,R4_FULL_SIGMA_2,R4_FULL_SIGMA_4,R4_FULL_SIGMA_8,R4_COMP_0_SIGMA_2,R4_COMP_1_SIGMA_2,R4_X_MOD_SIGMA_4,R4_Y_MOD_SIGMA_4,R4_Z_MOD_SIGMA_4,R4_WALL_SIGMA_2,R4_WALL_SIGMA_4,R4_TAIL_SIGMA_2,R4_TAIL_SIGMA_4
026A_AUGMENT_GRAM_MAXERR=9.325873406851315e-14
026A_AUGMENT_GRAD_CAPTURE=7.005553074713489e-01
026B_SECANT_CURVATURE_SCALE_DIAGNOSTIC=1.000000000000000e+00
026B_NEWTON_DAMPING_SCALE=CURRENT_AUGMENTED_HESSIAN_NOT_SECANT_HISTORY
026A_COARSE_EIGS=1.74241285e+02,1.98979803e+02,3.69777990e+02,4.47209211e+02,4.47209212e+02,4.47538065e+02,5.88417286e+02,6.35836343e+02,3.04529751e+03,3.04529752e+03,3.16655147e+03,4.42450369e+03,7.95179247e+04
026A_COARSE_FINE_HESSIAN_COUPLING=7.603796322077596e-01
026A_SHIFT_FLOOR=0.000000000000000e+00
026A_PRECONDITIONER=NONE
026A_SCHUR_SELFADJ_RELASYM=2.297237994014924e-06
026A_MINRES FACTOR=0.000000e+00 MU=0.000000000000000e+00 INFO=0 ITERS=5 FULL_RELRES=1.686538841777078e-01 G_DOT_DELTA_COMPONENTS=-2.553600795666221e+03
026A_DAMP_0.000000e+00_G_DOT_DELTA=-1.314855472884985e+00
026A_DAMP_0.000000e+00_DESCENT=YES
026A_DAMP_0.000000e+00_MAX_POINT=1.678179805245093e-02 TRUST_ANGLE=1.500000000000000e-03 ALPHA0=8.938255574949726e-02
026A_DAMP_0.000000e+00_LS=0 ALPHA=8.938255574949726e-02 ENERGY=1.773090816514307e+03 GRAD_RMS=1.688056158910358e+01 GRAD_MAX=5.439387232151622e+02 STATIONARITY_MERIT=1.125370772606905e+04 HIGH_FRACTION=8.469862152323981e-01 ROUGHNESS=3.532279515524452e+00 MERIT_ACCEPT=YES FREQUENCY_ACCEPT=YES
026B_N81_STEP_ACCEPTED=YES ALPHA=8.938255574949726e-02 MERIT_REDUCTION=1.099994920650826e+00 GRAD_RMS=1.688056158910358e+01 GRAD_MAX=5.439387232151622e+02 TOPOLOGY4=6.985943069677154e+00 ANGLE=3.651502848904125e-01
026B_CHECKPOINT=results/data/026b_true_antigravity_n81_augmented_minres_checkpoint.npz

=== 026B N81 DEFECT-CORRECTION OUTER 2 ===
026A_AUGMENT_DIM=14
026A_AUGMENT_NAMES=R4_FULL_SIGMA_1,R4_FULL_SIGMA_2,R4_FULL_SIGMA_4,R4_FULL_SIGMA_8,R4_COMP_0_SIGMA_2,R4_COMP_1_SIGMA_2,R4_X_MOD_SIGMA_4,R4_Y_MOD_SIGMA_4,R4_Z_MOD_SIGMA_4,R4_WALL_SIGMA_2,R4_WALL_SIGMA_4,R4_TAIL_SIGMA_2,R4_TAIL_SIGMA_4,SECANT_0
026A_AUGMENT_GRAM_MAXERR=8.593126210598712e-14
026A_AUGMENT_GRAD_CAPTURE=7.001882219238104e-01
026B_SECANT_CURVATURE_SCALE_DIAGNOSTIC=7.339106320712912e+04
026B_NEWTON_DAMPING_SCALE=CURRENT_AUGMENTED_HESSIAN_NOT_SECANT_HISTORY
026A_COARSE_EIGS=1.89071574e+02,2.10664564e+02,3.87615299e+02,4.19352800e+02,4.19352804e+02,4.19441896e+02,5.82372860e+02,6.69775879e+02,3.04214424e+03,3.04214425e+03,3.11426448e+03,4.30100933e+03,3.66173194e+04,1.07096370e+05
026A_COARSE_FINE_HESSIAN_COUPLING=7.482593969203386e-01
026A_SHIFT_FLOOR=0.000000000000000e+00
026A_PRECONDITIONER_QBQ=1.362563718661130e-05
026A_PRECONDITIONER=PROJECTED_LBFGS
026A_SCHUR_SELFADJ_RELASYM=4.348446413285252e-06
026A_MINRES FACTOR=0.000000e+00 MU=0.000000000000000e+00 INFO=0 ITERS=42 FULL_RELRES=2.438202533670528e-02 G_DOT_DELTA_COMPONENTS=-2.636436116512696e+03
026A_DAMP_0.000000e+00_G_DOT_DELTA=-1.357507587948539e+00
026A_DAMP_0.000000e+00_DESCENT=YES
026A_DAMP_0.000000e+00_MAX_POINT=2.160812913954943e-02 TRUST_ANGLE=1.500000000000000e-03 ALPHA0=6.941831892584097e-02
026A_DAMP_0.000000e+00_LS=0 ALPHA=6.941831892584097e-02 ENERGY=1.772999793281029e+03 GRAD_RMS=1.570893408119879e+01 GRAD_MAX=5.059714256570921e+02 STATIONARITY_MERIT=1.047262272079920e+04 HIGH_FRACTION=8.469893063144820e-01 ROUGHNESS=3.532416131551881e+00 MERIT_ACCEPT=YES FREQUENCY_ACCEPT=YES
026B_N81_STEP_ACCEPTED=YES ALPHA=6.941831892584097e-02 MERIT_REDUCTION=1.074583514186812e+00 GRAD_RMS=1.570893408119879e+01 GRAD_MAX=5.059714256570921e+02 TOPOLOGY4=6.985954324991328e+00 ANGLE=3.651050339371478e-01
026B_CHECKPOINT=results/data/026b_true_antigravity_n81_augmented_minres_checkpoint.npz

=== 026B N81 DEFECT-CORRECTION OUTER 3 ===
026A_AUGMENT_DIM=15
026A_AUGMENT_NAMES=R4_FULL_SIGMA_1,R4_FULL_SIGMA_2,R4_FULL_SIGMA_4,R4_FULL_SIGMA_8,R4_COMP_0_SIGMA_2,R4_COMP_1_SIGMA_2,R4_X_MOD_SIGMA_4,R4_Y_MOD_SIGMA_4,R4_Z_MOD_SIGMA_4,R4_WALL_SIGMA_2,R4_WALL_SIGMA_4,R4_TAIL_SIGMA_2,R4_TAIL_SIGMA_4,SECANT_0,SECANT_1
026A_AUGMENT_GRAM_MAXERR=3.597122599785507e-14
026A_AUGMENT_GRAD_CAPTURE=7.011755820458735e-01
026B_SECANT_CURVATURE_SCALE_DIAGNOSTIC=6.382960956587695e+04
026B_NEWTON_DAMPING_SCALE=CURRENT_AUGMENTED_HESSIAN_NOT_SECANT_HISTORY
026A_COARSE_EIGS=1.88438426e+02,2.37498651e+02,3.79517600e+02,4.10416632e+02,4.10416633e+02,4.10575406e+02,5.69516182e+02,7.65722553e+02,2.50249055e+03,3.05166787e+03,3.05166788e+03,3.30789888e+03,5.99271649e+03,3.04344544e+04,1.00235440e+05
026A_COARSE_FINE_HESSIAN_COUPLING=7.610400609386742e-01
026A_SHIFT_FLOOR=0.000000000000000e+00
026A_PRECONDITIONER_QBQ=1.842701272895616e-05
026A_PRECONDITIONER=PROJECTED_LBFGS
026A_SCHUR_SELFADJ_RELASYM=2.120852952029595e-06
026A_MINRES FACTOR=0.000000e+00 MU=0.000000000000000e+00 INFO=0 ITERS=28 FULL_RELRES=1.605594799212194e-02 G_DOT_DELTA_COMPONENTS=-2.379890600159344e+03
026A_DAMP_0.000000e+00_G_DOT_DELTA=-1.225411656276773e+00
026A_DAMP_0.000000e+00_DESCENT=YES
026A_DAMP_0.000000e+00_MAX_POINT=2.147682051474554e-02 TRUST_ANGLE=1.500000000000000e-03 ALPHA0=6.984274040797291e-02
026A_DAMP_0.000000e+00_LS=0 ALPHA=6.984274040797291e-02 ENERGY=1.772917179522663e+03 GRAD_RMS=1.461155113151031e+01 GRAD_MAX=4.704124104714355e+02 STATIONARITY_MERIT=9.741034087673541e+03 HIGH_FRACTION=8.469828910979770e-01 ROUGHNESS=3.532483759661063e+00 MERIT_ACCEPT=YES FREQUENCY_ACCEPT=YES
026B_N81_STEP_ACCEPTED=YES ALPHA=6.984274040797291e-02 MERIT_REDUCTION=1.075103795607431e+00 GRAD_RMS=1.461155113151031e+01 GRAD_MAX=4.704124104714355e+02 TOPOLOGY4=6.985966465146893e+00 ANGLE=3.650460293017194e-01
026B_CHECKPOINT=results/data/026b_true_antigravity_n81_augmented_minres_checkpoint.npz

=== 026B N81 DEFECT-CORRECTION OUTER 4 ===
026A_AUGMENT_DIM=16
026A_AUGMENT_NAMES=R4_FULL_SIGMA_1,R4_FULL_SIGMA_2,R4_FULL_SIGMA_4,R4_FULL_SIGMA_8,R4_COMP_0_SIGMA_2,R4_COMP_1_SIGMA_2,R4_X_MOD_SIGMA_4,R4_Y_MOD_SIGMA_4,R4_Z_MOD_SIGMA_4,R4_WALL_SIGMA_2,R4_WALL_SIGMA_4,R4_TAIL_SIGMA_2,R4_TAIL_SIGMA_4,SECANT_0,SECANT_1,SECANT_2
026A_AUGMENT_GRAM_MAXERR=2.220446049250313e-14
026A_AUGMENT_GRAD_CAPTURE=7.021302532139875e-01
026B_SECANT_CURVATURE_SCALE_DIAGNOSTIC=5.426815592462128e+04
026B_NEWTON_DAMPING_SCALE=CURRENT_AUGMENTED_HESSIAN_NOT_SECANT_HISTORY
026A_COARSE_EIGS=2.02737357e+02,2.25064260e+02,3.25522090e+02,3.91373837e+02,3.91373853e+02,3.91583333e+02,5.60141827e+02,7.17748931e+02,1.24082045e+03,2.90987222e+03,3.05698891e+03,3.05698892e+03,3.84150814e+03,7.72211597e+03,3.91027353e+04,1.03698167e+05
026A_COARSE_FINE_HESSIAN_COUPLING=7.565605279910219e-01
026A_SHIFT_FLOOR=0.000000000000000e+00
026A_PRECONDITIONER_QBQ=1.943987857639167e-05
026A_PRECONDITIONER=PROJECTED_LBFGS
026A_SCHUR_SELFADJ_RELASYM=4.305375368737528e-06
026A_MINRES FACTOR=0.000000e+00 MU=0.000000000000000e+00 INFO=0 ITERS=25 FULL_RELRES=1.222618778926317e-02 G_DOT_DELTA_COMPONENTS=-2.093070020598473e+03
026A_DAMP_0.000000e+00_G_DOT_DELTA=-1.077727018407111e+00
026A_DAMP_0.000000e+00_DESCENT=YES
026A_DAMP_0.000000e+00_MAX_POINT=1.994324501968357e-02 TRUST_ANGLE=1.500000000000000e-03 ALPHA0=7.521343685641585e-02
026A_DAMP_0.000000e+00_LS=0 ALPHA=7.521343685641585e-02 ENERGY=1.772839159450227e+03 GRAD_RMS=1.351213340961309e+01 GRAD_MAX=4.349357472282834e+02 STATIONARITY_MERIT=9.008088939742058e+03 HIGH_FRACTION=8.469687733064849e-01 ROUGHNESS=3.532482518603842e+00 MERIT_ACCEPT=YES FREQUENCY_ACCEPT=YES
026B_N81_STEP_ACCEPTED=YES ALPHA=7.521343685641585e-02 MERIT_REDUCTION=1.081365221062357e+00 GRAD_RMS=1.351213340961309e+01 GRAD_MAX=4.349357472282834e+02 TOPOLOGY4=6.985980811446808e+00 ANGLE=3.650031906937229e-01
026B_CHECKPOINT=results/data/026b_true_antigravity_n81_augmented_minres_checkpoint.npz

=== 026B N81 DEFECT-CORRECTION OUTER 5 ===
026A_AUGMENT_DIM=17
026A_AUGMENT_NAMES=R4_FULL_SIGMA_1,R4_FULL_SIGMA_2,R4_FULL_SIGMA_4,R4_FULL_SIGMA_8,R4_COMP_0_SIGMA_2,R4_COMP_1_SIGMA_2,R4_X_MOD_SIGMA_4,R4_Y_MOD_SIGMA_4,R4_Z_MOD_SIGMA_4,R4_WALL_SIGMA_2,R4_WALL_SIGMA_4,R4_TAIL_SIGMA_2,R4_TAIL_SIGMA_4,SECANT_0,SECANT_1,SECANT_2,SECANT_3
026A_AUGMENT_GRAM_MAXERR=1.199040866595169e-14
026A_AUGMENT_GRAD_CAPTURE=7.037097773881468e-01
026B_SECANT_CURVATURE_SCALE_DIAGNOSTIC=5.285440322232680e+04
026B_NEWTON_DAMPING_SCALE=CURRENT_AUGMENTED_HESSIAN_NOT_SECANT_HISTORY
026A_COARSE_EIGS=1.85159872e+02,2.02315029e+02,2.89527242e+02,3.83284648e+02,3.83284659e+02,3.83758100e+02,5.51862218e+02,6.92338317e+02,1.21834361e+03,1.90759925e+03,3.05318989e+03,3.05318990e+03,3.21501365e+03,4.45383293e+03,8.74388825e+03,3.29529590e+04,1.00014451e+05
026A_COARSE_FINE_HESSIAN_COUPLING=7.640972713702836e-01
026A_SHIFT_FLOOR=0.000000000000000e+00
026A_PRECONDITIONER_QBQ=1.980745346520060e-05
026A_PRECONDITIONER=PROJECTED_LBFGS
026A_SCHUR_SELFADJ_RELASYM=1.601337435874537e-05
026A_MINRES FACTOR=0.000000e+00 MU=0.000000000000000e+00 INFO=0 ITERS=27 FULL_RELRES=9.737784863683178e-03 G_DOT_DELTA_COMPONENTS=-1.809994299456000e+03
026A_DAMP_0.000000e+00_G_DOT_DELTA=-9.319706175567027e-01
026A_DAMP_0.000000e+00_DESCENT=YES
026A_DAMP_0.000000e+00_MAX_POINT=1.865744990565424e-02 TRUST_ANGLE=1.500000000000000e-03 ALPHA0=8.039683920284396e-02
026A_DAMP_0.000000e+00_LS=0 ALPHA=8.039683920284396e-02 ENERGY=1.772767237943327e+03 GRAD_RMS=1.242614102743629e+01 GRAD_MAX=3.998349745586120e+02 STATIONARITY_MERIT=8.284094018290860e+03 HIGH_FRACTION=8.469682253888324e-01 ROUGHNESS=3.532523540698756e+00 MERIT_ACCEPT=YES FREQUENCY_ACCEPT=YES
026B_N81_STEP_ACCEPTED=YES ALPHA=8.039683920284396e-02 MERIT_REDUCTION=1.087395787620548e+00 GRAD_RMS=1.242614102743629e+01 GRAD_MAX=3.998349745586120e+02 TOPOLOGY4=6.985997121916549e+00 ANGLE=3.649640833503437e-01
026B_CHECKPOINT=results/data/026b_true_antigravity_n81_augmented_minres_checkpoint.npz

=== 026B N81 DEFECT-CORRECTION OUTER 6 ===
026A_AUGMENT_DIM=17
026A_AUGMENT_NAMES=R4_FULL_SIGMA_1,R4_FULL_SIGMA_2,R4_FULL_SIGMA_4,R4_FULL_SIGMA_8,R4_COMP_0_SIGMA_2,R4_COMP_1_SIGMA_2,R4_X_MOD_SIGMA_4,R4_Y_MOD_SIGMA_4,R4_Z_MOD_SIGMA_4,R4_WALL_SIGMA_2,R4_WALL_SIGMA_4,R4_TAIL_SIGMA_2,R4_TAIL_SIGMA_4,SECANT_0,SECANT_1,SECANT_2,SECANT_3
026A_AUGMENT_GRAM_MAXERR=1.154631945610163e-14
026A_AUGMENT_GRAD_CAPTURE=7.017710569887354e-01
026B_SECANT_CURVATURE_SCALE_DIAGNOSTIC=5.144065052002689e+04
026B_NEWTON_DAMPING_SCALE=CURRENT_AUGMENTED_HESSIAN_NOT_SECANT_HISTORY
026A_COARSE_EIGS=1.41882509e+02,1.92018007e+02,2.73033916e+02,3.72745056e+02,3.72745059e+02,3.73019583e+02,5.20797517e+02,5.73323454e+02,1.13019329e+03,1.37575163e+03,2.97633713e+03,3.04872832e+03,3.04872833e+03,3.26696092e+03,5.09697109e+03,1.24184666e+04,8.91963146e+04
026A_COARSE_FINE_HESSIAN_COUPLING=7.475901040192769e-01
026A_SHIFT_FLOOR=0.000000000000000e+00
026A_PRECONDITIONER_QBQ=2.007747190504382e-05
026A_PRECONDITIONER=PROJECTED_LBFGS
026A_SCHUR_SELFADJ_RELASYM=9.362480021014455e-06
026A_MINRES FACTOR=0.000000e+00 MU=0.000000000000000e+00 INFO=0 ITERS=24 FULL_RELRES=8.560603910092977e-03 G_DOT_DELTA_COMPONENTS=-1.540708946567616e+03
026A_DAMP_0.000000e+00_G_DOT_DELTA=-7.933149120079122e-01
026A_DAMP_0.000000e+00_DESCENT=YES
026A_DAMP_0.000000e+00_MAX_POINT=1.740125998417003e-02 TRUST_ANGLE=1.500000000000000e-03 ALPHA0=8.620065451378543e-02
026A_DAMP_0.000000e+00_LS=0 ALPHA=8.620065451378543e-02 ENERGY=1.772701797383682e+03 GRAD_RMS=1.135530260289467e+01 GRAD_MAX=3.652880460133101e+02 STATIONARITY_MERIT=7.570201735263116e+03 HIGH_FRACTION=8.469646348216656e-01 ROUGHNESS=3.532532375987032e+00 MERIT_ACCEPT=YES FREQUENCY_ACCEPT=YES
026B_N81_STEP_ACCEPTED=YES ALPHA=8.620065451378543e-02 MERIT_REDUCTION=1.094302940396202e+00 GRAD_RMS=1.135530260289467e+01 GRAD_MAX=3.652880460133101e+02 TOPOLOGY4=6.986014401278574e+00 ANGLE=3.649106166539040e-01
026B_CHECKPOINT=results/data/026b_true_antigravity_n81_augmented_minres_checkpoint.npz

=== 026B N81 DEFECT-CORRECTION OUTER 7 ===
026A_AUGMENT_DIM=17
026A_AUGMENT_NAMES=R4_FULL_SIGMA_1,R4_FULL_SIGMA_2,R4_FULL_SIGMA_4,R4_FULL_SIGMA_8,R4_COMP_0_SIGMA_2,R4_COMP_1_SIGMA_2,R4_X_MOD_SIGMA_4,R4_Y_MOD_SIGMA_4,R4_Z_MOD_SIGMA_4,R4_WALL_SIGMA_2,R4_WALL_SIGMA_4,R4_TAIL_SIGMA_2,R4_TAIL_SIGMA_4,SECANT_0,SECANT_1,SECANT_2,SECANT_3
026A_AUGMENT_GRAM_MAXERR=1.465494392505207e-14
026A_AUGMENT_GRAD_CAPTURE=7.012065126036930e-01
026B_SECANT_CURVATURE_SCALE_DIAGNOSTIC=5.096334808868529e+04
026B_NEWTON_DAMPING_SCALE=CURRENT_AUGMENTED_HESSIAN_NOT_SECANT_HISTORY
026A_COARSE_EIGS=1.18200085e+02,1.91784798e+02,2.80526849e+02,3.67473530e+02,3.67473533e+02,3.67781707e+02,5.16868019e+02,5.77763260e+02,9.44039407e+02,1.36697725e+03,2.50735739e+03,3.04671334e+03,3.04671335e+03,3.21882472e+03,4.26073539e+03,8.01620060e+03,8.28910128e+04
026A_COARSE_FINE_HESSIAN_COUPLING=7.580216941041651e-01
026A_SHIFT_FLOOR=0.000000000000000e+00
026A_PRECONDITIONER_QBQ=2.022218329373622e-05
026A_PRECONDITIONER=PROJECTED_LBFGS
026A_SCHUR_SELFADJ_RELASYM=5.496994874029408e-07
026A_MINRES FACTOR=0.000000e+00 MU=0.000000000000000e+00 INFO=0 ITERS=25 FULL_RELRES=7.416501669815368e-03 G_DOT_DELTA_COMPONENTS=-1.293091855305838e+03
026A_DAMP_0.000000e+00_G_DOT_DELTA=-6.658162488738929e-01
026A_DAMP_0.000000e+00_DESCENT=YES
026A_DAMP_0.000000e+00_MAX_POINT=1.601496230035874e-02 TRUST_ANGLE=1.500000000000000e-03 ALPHA0=9.366241217854128e-02
026A_DAMP_0.000000e+00_LS=0 ALPHA=9.366241217854128e-02 ENERGY=1.772642352512204e+03 GRAD_RMS=1.029195535955907e+01 GRAD_MAX=3.309656232782457e+02 STATIONARITY_MERIT=6.861303573039381e+03 HIGH_FRACTION=8.469578187199902e-01 ROUGHNESS=3.532543553886696e+00 MERIT_ACCEPT=YES FREQUENCY_ACCEPT=YES
026B_N81_STEP_ACCEPTED=YES ALPHA=9.366241217854128e-02 MERIT_REDUCTION=1.103318291440895e+00 GRAD_RMS=1.029195535955907e+01 GRAD_MAX=3.309656232782457e+02 TOPOLOGY4=6.986032595757594e+00 ANGLE=3.648442012400330e-01
026B_CHECKPOINT=results/data/026b_true_antigravity_n81_augmented_minres_checkpoint.npz

=== 026B N81 DEFECT-CORRECTION OUTER 8 ===
026A_AUGMENT_DIM=17
026A_AUGMENT_NAMES=R4_FULL_SIGMA_1,R4_FULL_SIGMA_2,R4_FULL_SIGMA_4,R4_FULL_SIGMA_8,R4_COMP_0_SIGMA_2,R4_COMP_1_SIGMA_2,R4_X_MOD_SIGMA_4,R4_Y_MOD_SIGMA_4,R4_Z_MOD_SIGMA_4,R4_WALL_SIGMA_2,R4_WALL_SIGMA_4,R4_TAIL_SIGMA_2,R4_TAIL_SIGMA_4,SECANT_0,SECANT_1,SECANT_2,SECANT_3
026A_AUGMENT_GRAM_MAXERR=2.375877272697835e-14
026A_AUGMENT_GRAD_CAPTURE=7.009439268981131e-01
026B_SECANT_CURVATURE_SCALE_DIAGNOSTIC=5.048604565734873e+04
026B_NEWTON_DAMPING_SCALE=CURRENT_AUGMENTED_HESSIAN_NOT_SECANT_HISTORY
026A_COARSE_EIGS=1.05129515e+02,1.91840475e+02,2.91591870e+02,3.64630442e+02,3.64630446e+02,3.64713317e+02,5.33653114e+02,5.74497356e+02,7.70638588e+02,1.39305010e+03,2.33640548e+03,3.04512579e+03,3.04512581e+03,3.27034476e+03,3.41883777e+03,5.93962844e+03,8.05061608e+04
026A_COARSE_FINE_HESSIAN_COUPLING=7.626819449700754e-01
026A_SHIFT_FLOOR=0.000000000000000e+00
026A_PRECONDITIONER_QBQ=2.032273522040056e-05
026A_PRECONDITIONER=PROJECTED_LBFGS
026A_SCHUR_SELFADJ_RELASYM=7.571453295029062e-07
026A_MINRES FACTOR=0.000000e+00 MU=0.000000000000000e+00 INFO=0 ITERS=25 FULL_RELRES=6.887397097313873e-03 G_DOT_DELTA_COMPONENTS=-1.066964349721985e+03
026A_DAMP_0.000000e+00_G_DOT_DELTA=-5.493826274592382e-01
026A_DAMP_0.000000e+00_DESCENT=YES
026A_DAMP_0.000000e+00_MAX_POINT=1.435737550157358e-02 TRUST_ANGLE=1.500000000000000e-03 ALPHA0=1.044759190031353e-01
026A_DAMP_0.000000e+00_LS=0 ALPHA=1.044759190031353e-01 ENERGY=1.772587950668347e+03 GRAD_RMS=9.216939431265027e+00 GRAD_MAX=2.962684989712631e+02 STATIONARITY_MERIT=6.144626287510018e+03 HIGH_FRACTION=8.469499476268276e-01 ROUGHNESS=3.532545851589515e+00 MERIT_ACCEPT=YES FREQUENCY_ACCEPT=YES
026B_N81_STEP_ACCEPTED=YES ALPHA=1.044759190031353e-01 MERIT_REDUCTION=1.116634804460953e+00 GRAD_RMS=9.216939431265027e+00 GRAD_MAX=2.962684989712631e+02 TOPOLOGY4=6.986052163018133e+00 ANGLE=3.647725597939325e-01
026B_CHECKPOINT=results/data/026b_true_antigravity_n81_augmented_minres_checkpoint.npz

=== 026B N81 DEFECT-CORRECTION OUTER 9 ===
026A_AUGMENT_DIM=17
026A_AUGMENT_NAMES=R4_FULL_SIGMA_1,R4_FULL_SIGMA_2,R4_FULL_SIGMA_4,R4_FULL_SIGMA_8,R4_COMP_0_SIGMA_2,R4_COMP_1_SIGMA_2,R4_X_MOD_SIGMA_4,R4_Y_MOD_SIGMA_4,R4_Z_MOD_SIGMA_4,R4_WALL_SIGMA_2,R4_WALL_SIGMA_4,R4_TAIL_SIGMA_2,R4_TAIL_SIGMA_4,SECANT_0,SECANT_1,SECANT_2,SECANT_3
026A_AUGMENT_GRAM_MAXERR=8.881784197001252e-15
026A_AUGMENT_GRAD_CAPTURE=7.009358027343000e-01
026B_SECANT_CURVATURE_SCALE_DIAGNOSTIC=5.014658369147695e+04
026B_NEWTON_DAMPING_SCALE=CURRENT_AUGMENTED_HESSIAN_NOT_SECANT_HISTORY
026A_COARSE_EIGS=9.91862390e+01,1.94989065e+02,3.05347354e+02,3.64594328e+02,3.64776249e+02,3.64776261e+02,5.36131952e+02,5.69717008e+02,6.93012565e+02,1.35104154e+03,2.25201456e+03,2.93741891e+03,3.04062960e+03,3.04062961e+03,3.33617067e+03,5.25991093e+03,8.01970749e+04
026A_COARSE_FINE_HESSIAN_COUPLING=7.627257629878005e-01
026A_SHIFT_FLOOR=0.000000000000000e+00
026A_PRECONDITIONER_QBQ=2.041772366416053e-05
026A_PRECONDITIONER=PROJECTED_LBFGS
026A_SCHUR_SELFADJ_RELASYM=1.734544816735225e-06
026A_MINRES FACTOR=0.000000e+00 MU=0.000000000000000e+00 INFO=0 ITERS=30 FULL_RELRES=5.537103654916242e-03 G_DOT_DELTA_COMPONENTS=-8.593919224426342e+02
026A_DAMP_0.000000e+00_G_DOT_DELTA=-4.425030625360672e-01
026A_DAMP_0.000000e+00_DESCENT=YES
026A_DAMP_0.000000e+00_MAX_POINT=1.276198580862725e-02 TRUST_ANGLE=1.500000000000000e-03 ALPHA0=1.175365669961788e-01
026A_DAMP_0.000000e+00_LS=0 ALPHA=1.175365669961788e-01 ENERGY=1.772538994059068e+03 GRAD_RMS=8.133795822811171e+00 GRAD_MAX=2.613797755041529e+02 STATIONARITY_MERIT=5.422530548540781e+03 HIGH_FRACTION=8.469389172574323e-01 ROUGHNESS=3.532525419183243e+00 MERIT_ACCEPT=YES FREQUENCY_ACCEPT=YES
026B_N81_STEP_ACCEPTED=YES ALPHA=1.175365669961788e-01 MERIT_REDUCTION=1.133165822212575e+00 GRAD_RMS=8.133795822811171e+00 GRAD_MAX=2.613797755041529e+02 TOPOLOGY4=6.986072791272735e+00 ANGLE=3.646968432773056e-01
026B_CHECKPOINT=results/data/026b_true_antigravity_n81_augmented_minres_checkpoint.npz

=== 026B N81 DEFECT-CORRECTION OUTER 10 ===
026A_AUGMENT_DIM=17
026A_AUGMENT_NAMES=R4_FULL_SIGMA_1,R4_FULL_SIGMA_2,R4_FULL_SIGMA_4,R4_FULL_SIGMA_8,R4_COMP_0_SIGMA_2,R4_COMP_1_SIGMA_2,R4_X_MOD_SIGMA_4,R4_Y_MOD_SIGMA_4,R4_Z_MOD_SIGMA_4,R4_WALL_SIGMA_2,R4_WALL_SIGMA_4,R4_TAIL_SIGMA_2,R4_TAIL_SIGMA_4,SECANT_0,SECANT_1,SECANT_2,SECANT_3
026A_AUGMENT_GRAM_MAXERR=1.176836406102666e-14
026A_AUGMENT_GRAD_CAPTURE=7.008223042044577e-01
026B_SECANT_CURVATURE_SCALE_DIAGNOSTIC=4.980712172560499e+04
026B_NEWTON_DAMPING_SCALE=CURRENT_AUGMENTED_HESSIAN_NOT_SECANT_HISTORY
026A_COARSE_EIGS=1.01007683e+02,1.96392021e+02,3.12900244e+02,3.64413778e+02,3.64413787e+02,3.65123165e+02,4.13095495e+02,5.74943394e+02,6.92521493e+02,1.19282285e+03,2.07348386e+03,2.91098083e+03,3.03447263e+03,3.03447264e+03,3.34319885e+03,4.92119502e+03,8.01178026e+04
026A_COARSE_FINE_HESSIAN_COUPLING=7.625232849209782e-01
026A_SHIFT_FLOOR=0.000000000000000e+00
026A_PRECONDITIONER_QBQ=2.050396668146483e-05
026A_PRECONDITIONER=PROJECTED_LBFGS
026A_SCHUR_SELFADJ_RELASYM=6.715679647793569e-06
026A_MINRES FACTOR=0.000000e+00 MU=0.000000000000000e+00 INFO=0 ITERS=24 FULL_RELRES=5.079957997577251e-03 G_DOT_DELTA_COMPONENTS=-6.712921148659328e+02
026A_DAMP_0.000000e+00_G_DOT_DELTA=-3.456499984782181e-01
026A_DAMP_0.000000e+00_DESCENT=YES
026A_DAMP_0.000000e+00_MAX_POINT=1.148777357409101e-02 TRUST_ANGLE=1.500000000000000e-03 ALPHA0=1.305736042171854e-01
026A_DAMP_0.000000e+00_LS=0 ALPHA=1.305736042171854e-01 ENERGY=1.772496806221924e+03 GRAD_RMS=7.071862642027962e+00 GRAD_MAX=2.271870281553651e+02 STATIONARITY_MERIT=4.714575094685308e+03 HIGH_FRACTION=8.469246886339817e-01 ROUGHNESS=3.532485529982557e+00 MERIT_ACCEPT=YES FREQUENCY_ACCEPT=YES
026B_N81_STEP_ACCEPTED=YES ALPHA=1.305736042171854e-01 MERIT_REDUCTION=1.150163151426635e+00 GRAD_RMS=7.071862642027962e+00 GRAD_MAX=2.271870281553651e+02 TOPOLOGY4=6.986093219467324e+00 ANGLE=3.646172846437678e-01
026B_CHECKPOINT=results/data/026b_true_antigravity_n81_augmented_minres_checkpoint.npz

=== 026B N81 DEFECT-CORRECTION OUTER 11 ===
026A_AUGMENT_DIM=17
026A_AUGMENT_NAMES=R4_FULL_SIGMA_1,R4_FULL_SIGMA_2,R4_FULL_SIGMA_4,R4_FULL_SIGMA_8,R4_COMP_0_SIGMA_2,R4_COMP_1_SIGMA_2,R4_X_MOD_SIGMA_4,R4_Y_MOD_SIGMA_4,R4_Z_MOD_SIGMA_4,R4_WALL_SIGMA_2,R4_WALL_SIGMA_4,R4_TAIL_SIGMA_2,R4_TAIL_SIGMA_4,SECANT_0,SECANT_1,SECANT_2,SECANT_3
026A_AUGMENT_GRAM_MAXERR=1.398881011027697e-14
026A_AUGMENT_GRAD_CAPTURE=7.007894967720424e-01
026B_SECANT_CURVATURE_SCALE_DIAGNOSTIC=4.962892120189582e+04
026B_NEWTON_DAMPING_SCALE=CURRENT_AUGMENTED_HESSIAN_NOT_SECANT_HISTORY
026A_COARSE_EIGS=1.03897308e+02,1.96113435e+02,3.13487707e+02,3.54520454e+02,3.60388591e+02,3.60388601e+02,3.61801980e+02,5.80014551e+02,6.54795923e+02,1.14113822e+03,2.01684061e+03,2.62469468e+03,3.02919862e+03,3.02919863e+03,3.22038015e+03,4.83191811e+03,7.99557480e+04
026A_COARSE_FINE_HESSIAN_COUPLING=7.625498742281327e-01
026A_SHIFT_FLOOR=0.000000000000000e+00
026A_PRECONDITIONER_QBQ=2.057165055093421e-05
026A_PRECONDITIONER=PROJECTED_LBFGS
026A_SCHUR_SELFADJ_RELASYM=8.322341828864584e-06
026A_MINRES FACTOR=0.000000e+00 MU=0.000000000000000e+00 INFO=0 ITERS=27 FULL_RELRES=4.339472079513740e-03 G_DOT_DELTA_COMPONENTS=-5.085356158948651e+02
026A_DAMP_0.000000e+00_G_DOT_DELTA=-2.618462677686662e-01
026A_DAMP_0.000000e+00_DESCENT=YES
026A_DAMP_0.000000e+00_MAX_POINT=1.017943828031217e-02 TRUST_ANGLE=1.500000000000000e-03 ALPHA0=1.473558715809611e-01
026A_DAMP_0.000000e+00_LS=0 ALPHA=1.473558715809611e-01 ENERGY=1.772461063129057e+03 GRAD_RMS=6.029846293615866e+00 GRAD_MAX=1.936090818832963e+02 STATIONARITY_MERIT=4.019897529077244e+03 HIGH_FRACTION=8.469065572585753e-01 ROUGHNESS=3.532452982963600e+00 MERIT_ACCEPT=YES FREQUENCY_ACCEPT=YES
026B_N81_STEP_ACCEPTED=YES ALPHA=1.473558715809611e-01 MERIT_REDUCTION=1.172809769548411e+00 GRAD_RMS=6.029846293615866e+00 GRAD_MAX=1.936090818832963e+02 TOPOLOGY4=6.986113138966592e+00 ANGLE=3.645334998650451e-01
026B_CHECKPOINT=results/data/026b_true_antigravity_n81_augmented_minres_checkpoint.npz

=== 026B N81 DEFECT-CORRECTION OUTER 12 ===
026A_AUGMENT_DIM=17
026A_AUGMENT_NAMES=R4_FULL_SIGMA_1,R4_FULL_SIGMA_2,R4_FULL_SIGMA_4,R4_FULL_SIGMA_8,R4_COMP_0_SIGMA_2,R4_COMP_1_SIGMA_2,R4_X_MOD_SIGMA_4,R4_Y_MOD_SIGMA_4,R4_Z_MOD_SIGMA_4,R4_WALL_SIGMA_2,R4_WALL_SIGMA_4,R4_TAIL_SIGMA_2,R4_TAIL_SIGMA_4,SECANT_0,SECANT_1,SECANT_2,SECANT_3
026A_AUGMENT_GRAM_MAXERR=5.551115123125783e-15
026A_AUGMENT_GRAD_CAPTURE=7.007354092064921e-01
026B_SECANT_CURVATURE_SCALE_DIAGNOSTIC=4.945072067818609e+04
026B_NEWTON_DAMPING_SCALE=CURRENT_AUGMENTED_HESSIAN_NOT_SECANT_HISTORY
026A_COARSE_EIGS=1.12905817e+02,1.91736342e+02,3.01075891e+02,3.29739782e+02,3.57576712e+02,3.57576714e+02,3.58296351e+02,5.76578119e+02,6.37879798e+02,1.06808089e+03,1.76005529e+03,2.78808753e+03,3.02619291e+03,3.02619291e+03,3.17215809e+03,4.76571284e+03,7.98593452e+04
026A_COARSE_FINE_HESSIAN_COUPLING=7.625269657567242e-01
026A_SHIFT_FLOOR=0.000000000000000e+00
026A_PRECONDITIONER_QBQ=2.061529283121977e-05
026A_PRECONDITIONER=PROJECTED_LBFGS
026A_SCHUR_SELFADJ_RELASYM=6.488346276346315e-06
026A_MINRES FACTOR=0.000000e+00 MU=0.000000000000000e+00 INFO=0 ITERS=24 FULL_RELRES=4.057362431746924e-03 G_DOT_DELTA_COMPONENTS=-3.703639772775622e+02
026A_DAMP_0.000000e+00_G_DOT_DELTA=-1.907013434947660e-01
026A_DAMP_0.000000e+00_DESCENT=YES
026A_DAMP_0.000000e+00_MAX_POINT=8.806392099516860e-03 TRUST_ANGLE=1.500000000000000e-03 ALPHA0=1.703308214134928e-01
026A_DAMP_0.000000e+00_LS=0 ALPHA=1.703308214134928e-01 ENERGY=1.772431346219166e+03 GRAD_RMS=5.002901272134400e+00 GRAD_MAX=1.605383969430752e+02 STATIONARITY_MERIT=3.335267514756266e+03 HIGH_FRACTION=8.468886401141803e-01 ROUGHNESS=3.532420869563667e+00 MERIT_ACCEPT=YES FREQUENCY_ACCEPT=YES
026B_N81_STEP_ACCEPTED=YES ALPHA=1.703308214134928e-01 MERIT_REDUCTION=1.205269895530706e+00 GRAD_RMS=5.002901272134400e+00 GRAD_MAX=1.605383969430752e+02 TOPOLOGY4=6.986132715118525e+00 ANGLE=3.644479039440906e-01
026B_CHECKPOINT=results/data/026b_true_antigravity_n81_augmented_minres_checkpoint.npz

=== 026B N81 FINAL STATIONARITY AUDIT ===
026B_N81_ACCEPTED_THIS_RUN=12
026B_N81_FINAL_ENERGY=1.772431346219166e+03
026B_N81_FINAL_GRAD_RMS=5.002901272134400e+00
026B_N81_FINAL_GRAD_MAX=1.605383969430752e+02
026B_N81_FINAL_MERIT=3.335267514756266e+03
026B_STRICT_N81_STATIONARITY=FAIL
026B_N81_FINAL_TOPOLOGY4=6.986132715118525e+00
026B_N81_FINAL_DEGREES=-7,-7,-7
026B_N81_MAX_NEIGHBOR_ANGLE=3.644479039440906e-01
026B_N81_TOPOLOGY_RELERR=1.981040697353593e-03

=== 026B DECISION ===
026B_DECISION=INCOMPLETE_N81_STATIONARITY
NEXT=RERUN_026B_FROM_CHECKPOINT
FULL_PHYSICAL_HESSIAN=DEFERRED_FORCE_CONVERGENCE_NOT_COMPLETE
NONLINEAR_EINSTEIN_SKYRME=NOT_AUTHORIZED
PRACTICAL_ANTIGRAVITY_DEVICE=NO
NEW_PHYSICS_DISCOVERY=NO
HEURISTIC_INCREASE_AUTHORIZED=NO
OUT_SUMMARY=/Users/mymac/Desktop/antigravity_research/results/data/026b_true_antigravity_n81_force_convergence_summary.json
OUT_CHECKPOINT=/Users/mymac/Desktop/antigravity_research/results/data/026b_true_antigravity_n81_augmented_minres_checkpoint.npz
