=== 026B TRUE ANTIGRAVITY B7 N81 FORCE CONVERGENCE GATE ===
026B_A26_SOURCE_SHA256=1023bcafde9aabd3fd432834b6ae2f4cd89fdf4e80ce5fc422a56e929dc09508
026B_N73_FIELD_SHA256=6da8b702802b2fb14a92d708f1fdd05ec59134ab3d80f34487837b1f6744c747
026B_N73_SUMMARY_SHA256=d5bbf41306e23113570821b3b67eef570c68e8940657d327d2b9242fee95cc8a
026B_026A_GREEN_LINEAGE_AUDIT=PASS
026B_GRID_BIND MODULE=026A OLD_N=81 NEW_N=81
026B_GRID_BIND MODULE=R5 OLD_N=73 NEW_N=81
026B_GRID_BIND MODULE=R4 OLD_N=73 NEW_N=81
026B_GRID_BIND MODULE=R3 OLD_N=73 NEW_N=81
026B_GRID_BIND MODULE=R2 OLD_N=73 NEW_N=81
026B_GRID_BIND MODULE=R OLD_N=73 NEW_N=81
026B_N81_INTERIOR_TANGENT_DOF=1479117
026B_N81_GRID_BINDING_REPAIR=PASS
026B_SECANT_PRECONDITIONER_PRESERVED=YES
026B_SECANT_DAMPING_SCALE_DISABLED=YES
026B_DAMPING_LADDER=0,0.02,0.1,0.5,2
026B_ADAPTIVE_FULL_NEWTON_TRUST=ENABLED
026B_ADAPTIVE_TRUST_CAP_RAD=1.000000000000000e-02
026B_ADAPTIVE_TRUST_FLOOR_RAD=5.000000000000000e-04
026B_ADAPTIVE_TRUST_BACKTRACK=FACTOR_TWO
026B_N73_FIELD_NORM_MAXERR=2.220446049250313e-16

=== 026B N73 REFERENCE AUDIT ===
N73_REFERENCE_ENERGY=1.767349902529608e+03
N73_REFERENCE_CONTINUUM_ENERGY=1.782457314172114e+03
N73_REFERENCE_MIN_ACTIVE_FRACTION=-1.411758309165606e-02
N73_REFERENCE_TOPOLOGY4=6.979145456147961e+00

=== 026B N81 START ===
026B_N81_START_SOURCE=026B_N81_CHECKPOINT
026B_N81_START_NORM_MAXERR=2.220446049250313e-16
026B_N81_DX=8.015088790598801e-02
026B_N81_START_ENERGY=1.772431346219166e+03
026B_N81_START_GRAD_RMS=5.002901272134400e+00
026B_N81_START_GRAD_MAX=1.605383969430752e+02
026B_N81_START_MERIT=3.335267514756266e+03
026B_N81_START_DEGREES=-7,-7,-7
RESIDUAL_MAX_INDEX=(np.int64(40), np.int64(46), np.int64(44))
RESIDUAL_MAX_COORD=(0.000000000000e+00,4.809053274359e-01,3.206035516240e-01)
RESIDUAL_MAX_RADIUS=5.779762722380126e-01
RESIDUAL_MAX_BOUNDARY_DISTANCE_CELLS=34
RESIDUAL_L2_FRACTION_BOUNDARY_4=2.804231580504810e-07
RESIDUAL_L2_FRACTION_CORE_R_LT_0P30=1.524635171906672e-02
RESIDUAL_L2_FRACTION_WALL_R_0P30_TO_1P60=9.846208517585976e-01
RESIDUAL_L2_FRACTION_TAIL_R_GE_1P60=1.327965223357491e-04
026B_N81_START_RESIDUAL_GAUSSIAN_LOW_L2_FRACTION=2.047465656656377e-02
026B_N81_START_RESIDUAL_GAUSSIAN_HIGH_L2_FRACTION=8.468886401141803e-01
026B_N81_START_RESIDUAL_NEIGHBOR_ROUGHNESS_RATIO=3.532420869563667e+00

=== 026B N81 DEFECT-CORRECTION OUTER 1 ===
NK_HVP_STEP_POINT_ANGLE=1.000000000000000e-04 RAYLEIGH=3.335828983888620e+02 MATVECS=1
NK_HVP_STEP_POINT_ANGLE=2.000000000000000e-04 RAYLEIGH=3.335829041113803e+02 MATVECS=1
NK_HVP_STEP_POINT_ANGLE=4.000000000000000e-04 RAYLEIGH=3.335829270014434e+02 MATVECS=1
NK_HVP_STEP_RELCHANGE_FINE_PRIMARY=2.100826733928673e-08
NK_HVP_STEP_RELCHANGE_PRIMARY_COARSE=8.403235414630792e-08
NK_HVP_STEP_CONVERGENCE=PASS
NK_HESSIAN_BILINEAR_UHV=1.694603379557607e-01
NK_HESSIAN_BILINEAR_HUW=1.694603726140263e-01
NK_HESSIAN_BILINEAR_RELASYM=2.045213580063408e-07
NK_HESSIAN_SELF_ADJOINTNESS=PASS
026A_AUGMENT_DIM=16
026A_AUGMENT_NAMES=R4_FULL_SIGMA_1,R4_FULL_SIGMA_2,R4_FULL_SIGMA_4,R4_FULL_SIGMA_8,R4_COMP_0_SIGMA_2,R4_COMP_1_SIGMA_2,R4_X_MOD_SIGMA_4,R4_Y_MOD_SIGMA_4,R4_Z_MOD_SIGMA_4,R4_WALL_SIGMA_2,R4_WALL_SIGMA_4,R4_TAIL_SIGMA_2,R4_TAIL_SIGMA_4,SPATIAL_5,SPATIAL_4,SPATIAL_3
026A_AUGMENT_GRAM_MAXERR=1.376676550535194e-14
026A_AUGMENT_GRAD_CAPTURE=6.992077317313328e-01
026B_SECANT_CURVATURE_SCALE_DIAGNOSTIC=1.000000000000000e+00
026B_NEWTON_DAMPING_SCALE=CURRENT_AUGMENTED_HESSIAN_NOT_SECANT_HISTORY
026A_COARSE_EIGS=-5.75683794e-01,-5.63856271e-01,-5.63856265e-01,1.77639643e+02,2.36961736e+02,3.52848507e+02,3.55385142e+02,3.55385145e+02,3.56277229e+02,5.77315164e+02,6.52061985e+02,3.02255697e+03,3.02255697e+03,3.13348164e+03,4.24770844e+03,7.75289924e+04
026A_COARSE_FINE_HESSIAN_COUPLING=7.670141547673665e-01
026A_SHIFT_FLOOR=7.692307526645228e+00
026A_PRECONDITIONER=NONE
026A_SCHUR_SELFADJ_RELASYM=5.099759985180254e-06
026A_MINRES FACTOR=0.000000e+00 MU=7.692307526645228e+00 INFO=0 ITERS=5 FULL_RELRES=1.856889417542331e-01 G_DOT_DELTA_COMPONENTS=-1.924755233838805e+02
026A_DAMP_0.000000e+00_G_DOT_DELTA=-9.910613113341823e-02
026A_DAMP_0.000000e+00_DESCENT=YES
026A_DAMP_0.000000e+00_MAX_POINT=4.299856565245552e-03 TRUST_ANGLE=1.000000000000000e-02 ALPHA0=1.000000000000000e+00
026B_ADAPTIVE_TRUST LABEL=026A_DAMP_0.000000e+00 RMS=5.002901272134400e+00 MAX_POINT=4.299856565245552e-03 TRUST=1.000000000000000e-02 ALPHA0=1.000000000000000e+00
026A_DAMP_0.000000e+00_LS=0 ALPHA=1.000000000000000e+00 ENERGY=1.772380008563480e+03 GRAD_RMS=9.288607990606977e-01 GRAD_MAX=1.638430876172452e+01 STATIONARITY_MERIT=6.192405327071318e+02 MERIT_REDUCTION=5.386061374528389e+00 HIGH_FRACTION=5.848386381709662e-01 ROUGHNESS=2.968022113477848e+00 MERIT_ACCEPT=YES FREQUENCY_ACCEPT=YES
026B_ADAPTIVE_TRUST_ACCEPT LABEL=026A_DAMP_0.000000e+00 LS=0 ALPHA=1.000000000000000e+00 MERIT_REDUCTION=5.386061374528389e+00
026B_N81_STEP_ACCEPTED=YES ALPHA=1.000000000000000e+00 MERIT_REDUCTION=5.386061374528389e+00 GRAD_RMS=9.288607990606977e-01 GRAD_MAX=1.638430876172452e+01 TOPOLOGY4=6.986166372088542e+00 ANGLE=3.645950655933671e-01
026B_CHECKPOINT=results/data/026b_true_antigravity_n81_augmented_minres_checkpoint.npz

=== 026B N81 DEFECT-CORRECTION OUTER 2 ===
026A_AUGMENT_DIM=17
026A_AUGMENT_NAMES=R4_FULL_SIGMA_1,R4_FULL_SIGMA_2,R4_FULL_SIGMA_4,R4_FULL_SIGMA_8,R4_COMP_0_SIGMA_2,R4_COMP_1_SIGMA_2,R4_X_MOD_SIGMA_4,R4_Y_MOD_SIGMA_4,R4_Z_MOD_SIGMA_4,R4_WALL_SIGMA_2,R4_WALL_SIGMA_4,R4_TAIL_SIGMA_2,R4_TAIL_SIGMA_4,SPATIAL_5,SPATIAL_4,SPATIAL_3,SECANT_0
026A_AUGMENT_GRAM_MAXERR=1.887379141862766e-14
026A_AUGMENT_GRAD_CAPTURE=8.411299765720061e-01
026B_SECANT_CURVATURE_SCALE_DIAGNOSTIC=7.208878381753959e+04
026B_NEWTON_DAMPING_SCALE=CURRENT_AUGMENTED_HESSIAN_NOT_SECANT_HISTORY
026A_COARSE_EIGS=7.14865303e-01,7.20549038e-01,7.20549093e-01,2.36359082e+02,8.88983105e+02,1.87366433e+03,2.50220316e+03,2.50220448e+03,2.80720409e+03,3.01543282e+03,3.20787629e+03,3.56149213e+03,3.56149831e+03,3.83917967e+03,4.72517234e+03,7.57561566e+03,2.71553469e+04
026A_COARSE_FINE_HESSIAN_COUPLING=8.485439387663771e-01
026A_SHIFT_FLOOR=5.542921657163524e+01
026A_PRECONDITIONER_QBQ=1.387178347371004e-05
026A_PRECONDITIONER=PROJECTED_LBFGS
026A_SCHUR_SELFADJ_RELASYM=1.163394750156930e-06
026A_MINRES FACTOR=0.000000e+00 MU=5.542921657163524e+01 INFO=0 ITERS=43 FULL_RELRES=8.865854043186494e-02 G_DOT_DELTA_COMPONENTS=-4.278107576585325e+01
026A_DAMP_0.000000e+00_G_DOT_DELTA=-2.202808352116109e-02
026A_DAMP_0.000000e+00_DESCENT=YES
026A_DAMP_0.000000e+00_MAX_POINT=3.166739057606306e-03 TRUST_ANGLE=1.000000000000000e-02 ALPHA0=1.000000000000000e+00
026B_ADAPTIVE_TRUST LABEL=026A_DAMP_0.000000e+00 RMS=9.288607990606977e-01 MAX_POINT=3.166739057606306e-03 TRUST=1.000000000000000e-02 ALPHA0=1.000000000000000e+00
026A_DAMP_0.000000e+00_LS=0 ALPHA=1.000000000000000e+00 ENERGY=1.772368103890695e+03 GRAD_RMS=8.602352266723225e-02 GRAD_MAX=1.440761901437689e+00 STATIONARITY_MERIT=5.734901511148816e+01 MERIT_REDUCTION=1.079775357089063e+01 HIGH_FRACTION=2.783015149146045e-01 ROUGHNESS=1.563945268342889e+00 MERIT_ACCEPT=YES FREQUENCY_ACCEPT=YES
026B_ADAPTIVE_TRUST_ACCEPT LABEL=026A_DAMP_0.000000e+00 LS=0 ALPHA=1.000000000000000e+00 MERIT_REDUCTION=1.079775357089063e+01
026B_N81_STEP_ACCEPTED=YES ALPHA=1.000000000000000e+00 MERIT_REDUCTION=1.079775357089063e+01 GRAD_RMS=8.602352266723225e-02 GRAD_MAX=1.440761901437689e+00 TOPOLOGY4=6.986183973363866e+00 ANGLE=3.641637906471065e-01
026B_CHECKPOINT=results/data/026b_true_antigravity_n81_augmented_minres_checkpoint.npz

=== 026B N81 DEFECT-CORRECTION OUTER 3 ===
026A_AUGMENT_DIM=18
026A_AUGMENT_NAMES=R4_FULL_SIGMA_1,R4_FULL_SIGMA_2,R4_FULL_SIGMA_4,R4_FULL_SIGMA_8,R4_COMP_0_SIGMA_2,R4_COMP_1_SIGMA_2,R4_X_MOD_SIGMA_4,R4_Y_MOD_SIGMA_4,R4_Z_MOD_SIGMA_4,R4_WALL_SIGMA_2,R4_WALL_SIGMA_4,R4_TAIL_SIGMA_2,R4_TAIL_SIGMA_4,SPATIAL_5,SPATIAL_4,SPATIAL_3,SECANT_0,SECANT_1
026A_AUGMENT_GRAM_MAXERR=3.552713678800501e-14
026A_AUGMENT_GRAD_CAPTURE=9.337399844623993e-01
026B_SECANT_CURVATURE_SCALE_DIAGNOSTIC=4.146331189532149e+04
026B_NEWTON_DAMPING_SCALE=CURRENT_AUGMENTED_HESSIAN_NOT_SECANT_HISTORY
026A_COARSE_EIGS=1.12300772e+00,1.12980432e+00,1.12980433e+00,2.16433214e+02,3.36685892e+02,7.01249672e+02,8.94672192e+02,9.72216098e+02,9.72220943e+02,1.03666197e+03,1.14937154e+03,1.17815520e+03,1.17815578e+03,1.33016337e+03,2.01695601e+03,2.42279774e+03,3.06821313e+03,5.89092501e+03
026A_COARSE_FINE_HESSIAN_COUPLING=9.547963976385450e-01
026A_SHIFT_FLOOR=1.896582140595160e+01
026A_PRECONDITIONER_QBQ=9.226930850342180e-05
026A_PRECONDITIONER=PROJECTED_LBFGS
026A_SCHUR_SELFADJ_RELASYM=6.412076006325428e-06
026A_MINRES FACTOR=0.000000e+00 MU=1.896582140595160e+01 INFO=0 ITERS=35 FULL_RELRES=5.809312406292532e-01 G_DOT_DELTA_COMPONENTS=-6.040990810096136e+00
026A_MINRES FACTOR=2.000000e-02 MU=3.905465053378805e+01 INFO=0 ITERS=35 FULL_RELRES=5.327823777754290e-01 G_DOT_DELTA_COMPONENTS=-5.648564131323802e+00
026A_MINRES FACTOR=1.000000e-01 MU=1.194099670451338e+02 INFO=0 ITERS=34 FULL_RELRES=4.192774938109953e-01 G_DOT_DELTA_COMPONENTS=-4.525396696518563e+00
026A_MINRES FACTOR=5.000000e-01 MU=5.211865496018628e+02 INFO=0 ITERS=33 FULL_RELRES=2.164646167553554e-01 G_DOT_DELTA_COMPONENTS=-2.525384353403308e+00
026A_DAMP_5.000000e-01_G_DOT_DELTA=-1.300326755789613e-03
026A_DAMP_5.000000e-01_DESCENT=YES
026A_DAMP_5.000000e-01_MAX_POINT=1.021538600993344e-03 TRUST_ANGLE=1.000000000000000e-02 ALPHA0=1.000000000000000e+00
026B_ADAPTIVE_TRUST LABEL=026A_DAMP_5.000000e-01 RMS=8.602352266723225e-02 MAX_POINT=1.021538600993344e-03 TRUST=1.000000000000000e-02 ALPHA0=1.000000000000000e+00
026A_DAMP_5.000000e-01_LS=0 ALPHA=1.000000000000000e+00 ENERGY=1.772367097632158e+03 GRAD_RMS=4.327792658183363e-02 GRAD_MAX=7.820108787077730e-01 STATIONARITY_MERIT=2.885195105455576e+01 MERIT_REDUCTION=1.987699722734442e+00 HIGH_FRACTION=1.254894500602446e-01 ROUGHNESS=7.797742512330034e-01 MERIT_ACCEPT=YES FREQUENCY_ACCEPT=YES
026B_ADAPTIVE_TRUST_ACCEPT LABEL=026A_DAMP_5.000000e-01 LS=0 ALPHA=1.000000000000000e+00 MERIT_REDUCTION=1.987699722734442e+00
026B_N81_STEP_ACCEPTED=YES ALPHA=1.000000000000000e+00 MERIT_REDUCTION=1.987699722734442e+00 GRAD_RMS=4.327792658183363e-02 GRAD_MAX=7.820108787077730e-01 TOPOLOGY4=6.986188956042415e+00 ANGLE=3.641534712207665e-01
026B_CHECKPOINT=results/data/026b_true_antigravity_n81_augmented_minres_checkpoint.npz

=== 026B N81 DEFECT-CORRECTION OUTER 4 ===
026A_AUGMENT_DIM=18
026A_AUGMENT_NAMES=R4_FULL_SIGMA_1,R4_FULL_SIGMA_2,R4_FULL_SIGMA_4,R4_FULL_SIGMA_8,R4_COMP_0_SIGMA_2,R4_COMP_1_SIGMA_2,R4_X_MOD_SIGMA_4,R4_Y_MOD_SIGMA_4,R4_Z_MOD_SIGMA_4,R4_WALL_SIGMA_2,R4_WALL_SIGMA_4,R4_TAIL_SIGMA_2,R4_TAIL_SIGMA_4,SPATIAL_5,SPATIAL_4,SPATIAL_3,SECANT_0,SECANT_1
026A_AUGMENT_GRAM_MAXERR=1.731947918415244e-14
026A_AUGMENT_GRAD_CAPTURE=9.789931218655152e-01
026B_SECANT_CURVATURE_SCALE_DIAGNOSTIC=1.083783997321401e+04
026B_NEWTON_DAMPING_SCALE=CURRENT_AUGMENTED_HESSIAN_NOT_SECANT_HISTORY
026A_COARSE_EIGS=1.13091937e+00,1.13697316e+00,1.13697317e+00,1.14297425e+02,1.99926364e+02,2.39204940e+02,2.39205262e+02,2.56783855e+02,2.80098624e+02,3.60292444e+02,4.37518419e+02,7.85779572e+02,1.06659126e+03,1.06659129e+03,1.08377951e+03,1.16026295e+03,1.79416144e+03,3.39332265e+03
026A_COARSE_FINE_HESSIAN_COUPLING=9.215309101119652e-01
026A_SHIFT_FLOOR=5.272991317154161e+00
026A_PRECONDITIONER_QBQ=6.052821643926147e-04
026A_PRECONDITIONER=PROJECTED_LBFGS
026A_SCHUR_SELFADJ_RELASYM=4.837768256523266e-06
026A_MINRES FACTOR=0.000000e+00 MU=5.272991317154161e+00 INFO=0 ITERS=22 FULL_RELRES=2.405598335736744e+00 G_DOT_DELTA_COMPONENTS=-4.824505094925771e+00
026A_MINRES FACTOR=2.000000e-02 MU=1.167690200472719e+01 INFO=0 ITERS=22 FULL_RELRES=2.250301840162995e+00 G_DOT_DELTA_COMPONENTS=-4.591630421598643e+00
026A_MINRES FACTOR=1.000000e-01 MU=3.729254475501931e+01 INFO=0 ITERS=22 FULL_RELRES=1.778359789306182e+00 G_DOT_DELTA_COMPONENTS=-3.869363878111763e+00
026A_MINRES FACTOR=5.000000e-01 MU=1.653707585064799e+02 INFO=0 ITERS=22 FULL_RELRES=8.160817920702526e-01 G_DOT_DELTA_COMPONENTS=-2.257346436375915e+00
026A_MINRES FACTOR=2.000000e+00 MU=6.456640600744571e+02 INFO=0 ITERS=21 FULL_RELRES=2.330951878876747e-01 G_DOT_DELTA_COMPONENTS=-9.527100881540098e-01
026A_DAMP_2.000000e+00_G_DOT_DELTA=-4.905528207885829e-04
026A_DAMP_2.000000e+00_DESCENT=YES
026A_DAMP_2.000000e+00_MAX_POINT=5.555362924252156e-04 TRUST_ANGLE=1.000000000000000e-02 ALPHA0=1.000000000000000e+00
026B_ADAPTIVE_TRUST LABEL=026A_DAMP_2.000000e+00 RMS=4.327792658183363e-02 MAX_POINT=5.555362924252156e-04 TRUST=1.000000000000000e-02 ALPHA0=1.000000000000000e+00
026A_DAMP_2.000000e+00_LS=0 ALPHA=1.000000000000000e+00 ENERGY=1.772366668853404e+03 GRAD_RMS=3.226872058969584e-02 GRAD_MAX=4.753996785850731e-01 STATIONARITY_MERIT=2.151248039313056e+01 MERIT_REDUCTION=1.341172683358673e+00 HIGH_FRACTION=1.011729193098807e-01 ROUGHNESS=6.108127241080917e-01 MERIT_ACCEPT=YES FREQUENCY_ACCEPT=YES
026B_ADAPTIVE_TRUST_ACCEPT LABEL=026A_DAMP_2.000000e+00 LS=0 ALPHA=1.000000000000000e+00 MERIT_REDUCTION=1.341172683358673e+00
026B_N81_STEP_ACCEPTED=YES ALPHA=1.000000000000000e+00 MERIT_REDUCTION=1.341172683358673e+00 GRAD_RMS=3.226872058969584e-02 GRAD_MAX=4.753996785850731e-01 TOPOLOGY4=6.986193753058316e+00 ANGLE=3.641579121023564e-01
026B_CHECKPOINT=results/data/026b_true_antigravity_n81_augmented_minres_checkpoint.npz

=== 026B N81 DEFECT-CORRECTION OUTER 5 ===
026A_AUGMENT_DIM=18
026A_AUGMENT_NAMES=R4_FULL_SIGMA_1,R4_FULL_SIGMA_2,R4_FULL_SIGMA_4,R4_FULL_SIGMA_8,R4_COMP_0_SIGMA_2,R4_COMP_1_SIGMA_2,R4_X_MOD_SIGMA_4,R4_Y_MOD_SIGMA_4,R4_Z_MOD_SIGMA_4,R4_WALL_SIGMA_2,R4_WALL_SIGMA_4,R4_TAIL_SIGMA_2,R4_TAIL_SIGMA_4,SPATIAL_5,SPATIAL_4,SPATIAL_3,SECANT_0,SECANT_1
026A_AUGMENT_GRAM_MAXERR=7.993605777301127e-15
026A_AUGMENT_GRAD_CAPTURE=9.766234034544417e-01
026B_SECANT_CURVATURE_SCALE_DIAGNOSTIC=6.244985132868166e+03
026B_NEWTON_DAMPING_SCALE=CURRENT_AUGMENTED_HESSIAN_NOT_SECANT_HISTORY
026A_COARSE_EIGS=1.14052844e+00,1.14640551e+00,1.14640551e+00,1.01178878e+02,1.68759149e+02,1.81083425e+02,1.81083524e+02,1.83523640e+02,2.43081544e+02,3.18470508e+02,3.87196196e+02,6.69610920e+02,9.17703256e+02,9.33699407e+02,1.01290243e+03,1.01290245e+03,1.85592438e+03,9.70230334e+03
026A_COARSE_FINE_HESSIAN_COUPLING=9.599930185451914e-01
026A_SHIFT_FLOOR=4.474992072305986e+00
026A_PRECONDITIONER_QBQ=1.193216807878297e-03
026A_PRECONDITIONER=PROJECTED_LBFGS
026A_SCHUR_SELFADJ_RELASYM=4.123813745483889e-06
026A_MINRES FACTOR=0.000000e+00 MU=4.474992072305986e+00 INFO=0 ITERS=16 FULL_RELRES=1.362453040206851e+00 G_DOT_DELTA_COMPONENTS=-3.737404487743548e+00
026A_MINRES FACTOR=2.000000e-02 MU=1.009051258757458e+01 INFO=0 ITERS=16 FULL_RELRES=1.290208744104071e+00 G_DOT_DELTA_COMPONENTS=-3.545041839237294e+00
026A_MINRES FACTOR=1.000000e-01 MU=3.255259464864894e+01 INFO=0 ITERS=16 FULL_RELRES=1.078054069383167e+00 G_DOT_DELTA_COMPONENTS=-2.950107926910428e+00
026A_MINRES FACTOR=5.000000e-01 MU=1.448630049540207e+02 INFO=0 ITERS=16 FULL_RELRES=6.900725531680887e-01 G_DOT_DELTA_COMPONENTS=-1.642924584209216e+00
026A_MINRES FACTOR=2.000000e+00 MU=5.660270435991650e+02 INFO=0 ITERS=19 FULL_RELRES=4.596234235737648e-01 G_DOT_DELTA_COMPONENTS=-6.472735849958303e-01
026B_N81_COUPLED_DIRECTION=UNRESOLVED

=== 026B N81 FINAL STATIONARITY AUDIT ===
026B_N81_ACCEPTED_THIS_RUN=4
026B_N81_FINAL_ENERGY=1.772366668853404e+03
026B_N81_FINAL_GRAD_RMS=3.226872058969584e-02
026B_N81_FINAL_GRAD_MAX=4.753996785850731e-01
026B_N81_FINAL_MERIT=2.151248039313056e+01
026B_STRICT_N81_STATIONARITY=FAIL
026B_N81_FINAL_TOPOLOGY4=6.986193753058316e+00
026B_N81_FINAL_DEGREES=-7,-7,-7
026B_N81_MAX_NEIGHBOR_ANGLE=3.641579121023564e-01
026B_N81_TOPOLOGY_RELERR=1.972320991669108e-03

=== 026B DECISION ===
026B_DECISION=INCOMPLETE_N81_STATIONARITY
NEXT=RERUN_026B_FROM_CHECKPOINT
FULL_PHYSICAL_HESSIAN=DEFERRED_FORCE_CONVERGENCE_NOT_COMPLETE
NONLINEAR_EINSTEIN_SKYRME=NOT_AUTHORIZED
PRACTICAL_ANTIGRAVITY_DEVICE=NO
NEW_PHYSICS_DISCOVERY=NO
HEURISTIC_INCREASE_AUTHORIZED=NO
OUT_SUMMARY=/Users/mymac/Desktop/antigravity_research/results/data/026b_true_antigravity_n81_force_convergence_summary.json
OUT_CHECKPOINT=/Users/mymac/Desktop/antigravity_research/results/data/026b_true_antigravity_n81_augmented_minres_checkpoint.npz
