=== 026B TRUE ANTIGRAVITY B7 N81 FORCE CONVERGENCE GATE ===
026B_A26_SOURCE_SHA256=1023bcafde9aabd3fd432834b6ae2f4cd89fdf4e80ce5fc422a56e929dc09508
026B_N73_FIELD_SHA256=6da8b702802b2fb14a92d708f1fdd05ec59134ab3d80f34487837b1f6744c747
026B_N73_SUMMARY_SHA256=d5bbf41306e23113570821b3b67eef570c68e8940657d327d2b9242fee95cc8a
026B_026A_GREEN_LINEAGE_AUDIT=PASS
026B_GRID_BIND MODULE=026A OLD_N=81 NEW_N=81
026B_GRID_BIND MODULE=R5 OLD_N=73 NEW_N=81
026B_GRID_BIND MODULE=R4 OLD_N=73 NEW_N=81
026B_GRID_BIND MODULE=R3 OLD_N=73 NEW_N=81
026B_GRID_BIND MODULE=R2 OLD_N=73 NEW_N=81
026B_GRID_BIND MODULE=R OLD_N=73 NEW_N=81
026B_N81_INTERIOR_TANGENT_DOF=1479117
026B_N81_GRID_BINDING_REPAIR=PASS
026B_N73_FIELD_NORM_MAXERR=2.220446049250313e-16

=== 026B N73 REFERENCE AUDIT ===
N73_REFERENCE_ENERGY=1.767349902529608e+03
N73_REFERENCE_CONTINUUM_ENERGY=1.782457314172114e+03
N73_REFERENCE_MIN_ACTIVE_FRACTION=-1.411758309165606e-02
N73_REFERENCE_TOPOLOGY4=6.979145456147961e+00

=== 026B N81 START ===
026B_N81_START_SOURCE=LINEAR_PROLONGATION_FROM_GREEN_026A_N73
026B_N81_START_NORM_MAXERR=2.220446049250313e-16
026B_N81_DX=8.015088790598801e-02
026B_N81_START_ENERGY=1.773934473907200e+03
026B_N81_START_GRAD_RMS=4.308247759436059e+01
026B_N81_START_GRAD_MAX=1.375688237682841e+03
026B_N81_START_MERIT=2.872165172957372e+04
026B_N81_START_DEGREES=-7,-7,-7
RESIDUAL_MAX_INDEX=(np.int64(34), np.int64(36), np.int64(40))
RESIDUAL_MAX_COORD=(-4.809053274359e-01,-3.206035516240e-01,0.000000000000e+00)
RESIDUAL_MAX_RADIUS=5.779762722380126e-01
RESIDUAL_MAX_BOUNDARY_DISTANCE_CELLS=34
RESIDUAL_L2_FRACTION_BOUNDARY_4=1.008482993868522e-11
RESIDUAL_L2_FRACTION_CORE_R_LT_0P30=7.514035433956816e-03
RESIDUAL_L2_FRACTION_WALL_R_0P30_TO_1P60=9.924584588084815e-01
RESIDUAL_L2_FRACTION_TAIL_R_GE_1P60=2.750575756168152e-05
026B_N81_START_RESIDUAL_GAUSSIAN_LOW_L2_FRACTION=6.376589177891544e-03
026B_N81_START_RESIDUAL_GAUSSIAN_HIGH_L2_FRACTION=9.141344758034340e-01
026B_N81_START_RESIDUAL_NEIGHBOR_ROUGHNESS_RATIO=3.843207313421475e+00

=== 026B N81 DEFECT-CORRECTION OUTER 1 ===
NK_HVP_STEP_POINT_ANGLE=1.000000000000000e-04 RAYLEIGH=3.334486683896109e+02 MATVECS=1
NK_HVP_STEP_POINT_ANGLE=2.000000000000000e-04 RAYLEIGH=3.334486741127232e+02 MATVECS=1
NK_HVP_STEP_POINT_ANGLE=4.000000000000000e-04 RAYLEIGH=3.334486970051677e+02 MATVECS=1
NK_HVP_STEP_RELCHANGE_FINE_PRIMARY=2.088542778929974e-08
NK_HVP_STEP_RELCHANGE_PRIMARY_COARSE=8.354093021347200e-08
NK_HVP_STEP_CONVERGENCE=PASS
NK_HESSIAN_BILINEAR_UHV=1.650967910361995e-01
NK_HESSIAN_BILINEAR_HUW=1.650968256027965e-01
NK_HESSIAN_BILINEAR_RELASYM=2.093716634175000e-07
NK_HESSIAN_SELF_ADJOINTNESS=PASS
026A_AUGMENT_DIM=13
026A_AUGMENT_NAMES=R4_FULL_SIGMA_1,R4_FULL_SIGMA_2,R4_FULL_SIGMA_4,R4_FULL_SIGMA_8,R4_COMP_0_SIGMA_2,R4_COMP_1_SIGMA_2,R4_X_MOD_SIGMA_4,R4_Y_MOD_SIGMA_4,R4_Z_MOD_SIGMA_4,R4_WALL_SIGMA_2,R4_WALL_SIGMA_4,R4_TAIL_SIGMA_2,R4_TAIL_SIGMA_4
026A_AUGMENT_GRAM_MAXERR=1.671995875085486e-13
026A_AUGMENT_GRAD_CAPTURE=6.644546016576602e-01
026A_COARSE_EIGS=1.61108278e+02,2.04856915e+02,3.82168179e+02,4.75314316e+02,4.75314317e+02,4.75960587e+02,5.98141745e+02,6.75707984e+02,3.20834800e+03,3.20834801e+03,3.36986420e+03,4.85126615e+03,1.36135355e+05
026A_COARSE_FINE_HESSIAN_COUPLING=6.817298243245444e-01
026A_SHIFT_FLOOR=0.000000000000000e+00
026A_PRECONDITIONER=NONE
026A_SCHUR_SELFADJ_RELASYM=3.120029828828430e-06
026A_MINRES FACTOR=4.000000e+00 MU=2.392566978460927e+03 INFO=0 ITERS=5 FULL_RELRES=8.501894410758747e-02 G_DOT_DELTA_COMPONENTS=-4.462929897108302e+03
026A_DAMP_4.000000e+00_G_DOT_DELTA=-2.297973829846085e+00
026A_DAMP_4.000000e+00_DESCENT=YES
026A_DAMP_4.000000e+00_MAX_POINT=9.474606178532331e-03 TRUST_ANGLE=1.500000000000000e-03 ALPHA0=1.583179260156181e-01
026A_DAMP_4.000000e+00_LS=0 ALPHA=1.583179260156181e-01 ENERGY=1.773596461955637e+03 GRAD_RMS=3.625938185786740e+01 GRAD_MAX=1.169850965859947e+03 STATIONARITY_MERIT=2.417292123857826e+04 HIGH_FRACTION=9.128305148772254e-01 ROUGHNESS=3.839234906395817e+00 MERIT_ACCEPT=YES FREQUENCY_ACCEPT=YES
026B_N81_STEP_ACCEPTED=YES ALPHA=1.583179260156181e-01 MERIT_REDUCTION=1.188174629210143e+00 GRAD_RMS=3.625938185786740e+01 GRAD_MAX=1.169850965859947e+03 TOPOLOGY4=6.985933660562019e+00 ANGLE=3.651251784466454e-01
026B_CHECKPOINT=results/data/026b_true_antigravity_n81_augmented_minres_checkpoint.npz

=== 026B N81 DEFECT-CORRECTION OUTER 2 ===
026A_AUGMENT_DIM=14
026A_AUGMENT_NAMES=R4_FULL_SIGMA_1,R4_FULL_SIGMA_2,R4_FULL_SIGMA_4,R4_FULL_SIGMA_8,R4_COMP_0_SIGMA_2,R4_COMP_1_SIGMA_2,R4_X_MOD_SIGMA_4,R4_Y_MOD_SIGMA_4,R4_Z_MOD_SIGMA_4,R4_WALL_SIGMA_2,R4_WALL_SIGMA_4,R4_TAIL_SIGMA_2,R4_TAIL_SIGMA_4,SECANT_0
026A_AUGMENT_GRAM_MAXERR=1.230127111284673e-13
026A_AUGMENT_GRAD_CAPTURE=6.937340704308300e-01
026A_COARSE_EIGS=1.71653293e+02,2.00604507e+02,3.73307487e+02,4.54988087e+02,4.54988087e+02,4.55387692e+02,5.89096613e+02,6.47134846e+02,3.08770516e+03,3.08770518e+03,3.22696602e+03,4.50296446e+03,1.08925387e+05,1.94133422e+05
026A_COARSE_FINE_HESSIAN_COUPLING=6.515748748730062e-01
026A_SHIFT_FLOOR=4.456108728588953e+03
026A_PRECONDITIONER_QBQ=4.321743405982686e-06
026A_PRECONDITIONER=PROJECTED_LBFGS
026A_SCHUR_SELFADJ_RELASYM=8.179272844947311e-08
026A_MINRES FACTOR=4.000000e+00 MU=9.300085129881070e+05 INFO=0 ITERS=6 FULL_RELRES=1.542915940654392e-04 G_DOT_DELTA_COMPONENTS=-5.087465204481596e+02
026A_DAMP_4.000000e+00_G_DOT_DELTA=-2.619548630536792e-01
026A_DAMP_4.000000e+00_DESCENT=YES
026A_DAMP_4.000000e+00_MAX_POINT=9.299553600016405e-04 TRUST_ANGLE=1.500000000000000e-03 ALPHA0=1.000000000000000e+00
026A_DAMP_4.000000e+00_LS=0 ALPHA=1.000000000000000e+00 ENERGY=1.773368134293124e+03 GRAD_RMS=2.670692353745248e+01 GRAD_MAX=8.644953574995563e+02 STATIONARITY_MERIT=1.780461569163499e+04 HIGH_FRACTION=8.899332890309825e-01 ROUGHNESS=3.725222710665352e+00 MERIT_ACCEPT=YES FREQUENCY_ACCEPT=YES
026B_N81_STEP_ACCEPTED=YES ALPHA=1.000000000000000e+00 MERIT_REDUCTION=1.357677225795739e+00 GRAD_RMS=2.670692353745248e+01 GRAD_MAX=8.644953574995563e+02 TOPOLOGY4=6.985932039324450e+00 ANGLE=3.651106866936041e-01
026B_CHECKPOINT=results/data/026b_true_antigravity_n81_augmented_minres_checkpoint.npz

=== 026B N81 DEFECT-CORRECTION OUTER 3 ===
026A_AUGMENT_DIM=15
026A_AUGMENT_NAMES=R4_FULL_SIGMA_1,R4_FULL_SIGMA_2,R4_FULL_SIGMA_4,R4_FULL_SIGMA_8,R4_COMP_0_SIGMA_2,R4_COMP_1_SIGMA_2,R4_X_MOD_SIGMA_4,R4_Y_MOD_SIGMA_4,R4_Z_MOD_SIGMA_4,R4_WALL_SIGMA_2,R4_WALL_SIGMA_4,R4_TAIL_SIGMA_2,R4_TAIL_SIGMA_4,SECANT_0,SECANT_1
026A_AUGMENT_GRAM_MAXERR=9.481304630298837e-14
026A_AUGMENT_GRAD_CAPTURE=9.999997977736438e-01
026A_COARSE_EIGS=1.73023503e+02,1.99571297e+02,3.71554054e+02,4.50964135e+02,4.50964135e+02,4.51320657e+02,5.87510245e+02,6.37344570e+02,3.06682032e+03,3.06682033e+03,3.18245849e+03,4.45733184e+03,4.40899535e+04,1.78539264e+05,3.81773521e+05
026A_COARSE_FINE_HESSIAN_COUPLING=4.487053937338341e-01
026A_SHIFT_FLOOR=6.244998364660304e+03
026A_PRECONDITIONER_QBQ=2.436563546052552e-06
026A_PRECONDITIONER=PROJECTED_LBFGS
026A_SCHUR_SELFADJ_RELASYM=6.271389307006169e-08
026A_MINRES FACTOR=4.000000e+00 MU=1.289849371891871e+06 INFO=0 ITERS=6 FULL_RELRES=6.242414153641839e-06 G_DOT_DELTA_COMPONENTS=-2.207147647660771e+02
026A_DAMP_4.000000e+00_G_DOT_DELTA=-1.136465875526595e-01
026A_DAMP_4.000000e+00_DESCENT=YES
026A_DAMP_4.000000e+00_MAX_POINT=5.435371729040884e-04 TRUST_ANGLE=1.500000000000000e-03 ALPHA0=1.000000000000000e+00
026A_DAMP_4.000000e+00_LS=0 ALPHA=1.000000000000000e+00 ENERGY=1.773264793352265e+03 GRAD_RMS=2.174151395988980e+01 GRAD_MAX=7.009379309535341e+02 STATIONARITY_MERIT=1.449434263992653e+04 HIGH_FRACTION=8.684126626674197e-01 ROUGHNESS=3.625473509034483e+00 MERIT_ACCEPT=YES FREQUENCY_ACCEPT=YES
026B_N81_STEP_ACCEPTED=YES ALPHA=1.000000000000000e+00 MERIT_REDUCTION=1.228383800075892e+00 GRAD_RMS=2.174151395988980e+01 GRAD_MAX=7.009379309535341e+02 TOPOLOGY4=6.985931204489554e+00 ANGLE=3.651021764391180e-01
026B_CHECKPOINT=results/data/026b_true_antigravity_n81_augmented_minres_checkpoint.npz

=== 026B N81 DEFECT-CORRECTION OUTER 4 ===
026A_AUGMENT_DIM=16
026A_AUGMENT_NAMES=R4_FULL_SIGMA_1,R4_FULL_SIGMA_2,R4_FULL_SIGMA_4,R4_FULL_SIGMA_8,R4_COMP_0_SIGMA_2,R4_COMP_1_SIGMA_2,R4_X_MOD_SIGMA_4,R4_Y_MOD_SIGMA_4,R4_Z_MOD_SIGMA_4,R4_WALL_SIGMA_2,R4_WALL_SIGMA_4,R4_TAIL_SIGMA_2,R4_TAIL_SIGMA_4,SECANT_0,SECANT_1,SECANT_2
026A_AUGMENT_GRAM_MAXERR=8.948397578478762e-14
026A_AUGMENT_GRAD_CAPTURE=9.999999722555795e-01
026A_COARSE_EIGS=1.73751718e+02,1.99153061e+02,3.70408431e+02,4.48738732e+02,4.48738733e+02,4.49077802e+02,5.83469599e+02,6.30323886e+02,3.05452562e+03,3.05452564e+03,3.14061046e+03,4.41950488e+03,2.87050710e+04,1.46167703e+05,2.05371668e+05,5.05327860e+05
026A_COARSE_FINE_HESSIAN_COUPLING=3.789918778587641e-01
026A_SHIFT_FLOOR=7.492798825716074e+03
026A_PRECONDITIONER_QBQ=2.608735165425406e-06
026A_PRECONDITIONER=PROJECTED_LBFGS
026A_SCHUR_SELFADJ_RELASYM=5.413006839412765e-08
026A_MINRES FACTOR=4.000000e+00 MU=1.540802907499678e+06 INFO=0 ITERS=6 FULL_RELRES=6.247227410687540e-07 G_DOT_DELTA_COMPONENTS=-1.286538679344076e+02
026A_DAMP_4.000000e+00_G_DOT_DELTA=-6.624420020877349e-02
026A_DAMP_4.000000e+00_DESCENT=YES
026A_DAMP_4.000000e+00_MAX_POINT=3.855257699598850e-04 TRUST_ANGLE=1.500000000000000e-03 ALPHA0=1.000000000000000e+00
026A_DAMP_4.000000e+00_LS=0 ALPHA=1.000000000000000e+00 ENERGY=1.773203266893850e+03 GRAD_RMS=1.856853200574738e+01 GRAD_MAX=5.939470779089386e+02 STATIONARITY_MERIT=1.237902133716492e+04 HIGH_FRACTION=8.475515020509291e-01 ROUGHNESS=3.533181928117400e+00 MERIT_ACCEPT=YES FREQUENCY_ACCEPT=YES
026B_N81_STEP_ACCEPTED=YES ALPHA=1.000000000000000e+00 MERIT_REDUCTION=1.170879526349219e+00 GRAD_RMS=1.856853200574738e+01 GRAD_MAX=5.939470779089386e+02 TOPOLOGY4=6.985930747393262e+00 ANGLE=3.650963132576971e-01
026B_CHECKPOINT=results/data/026b_true_antigravity_n81_augmented_minres_checkpoint.npz

=== 026B N81 FINAL STATIONARITY AUDIT ===
026B_N81_ACCEPTED_THIS_RUN=4
026B_N81_FINAL_ENERGY=1.773203266893850e+03
026B_N81_FINAL_GRAD_RMS=1.856853200574738e+01
026B_N81_FINAL_GRAD_MAX=5.939470779089386e+02
026B_N81_FINAL_MERIT=1.237902133716492e+04
026B_STRICT_N81_STATIONARITY=FAIL
026B_N81_FINAL_TOPOLOGY4=6.985930747393262e+00
026B_N81_FINAL_DEGREES=-7,-7,-7
026B_N81_MAX_NEIGHBOR_ANGLE=3.650963132576971e-01
026B_N81_TOPOLOGY_RELERR=2.009893229534043e-03

=== 026B DECISION ===
026B_DECISION=INCOMPLETE_N81_STATIONARITY
NEXT=RERUN_026B_FROM_CHECKPOINT
FULL_PHYSICAL_HESSIAN=DEFERRED_FORCE_CONVERGENCE_NOT_COMPLETE
NONLINEAR_EINSTEIN_SKYRME=NOT_AUTHORIZED
PRACTICAL_ANTIGRAVITY_DEVICE=NO
NEW_PHYSICS_DISCOVERY=NO
HEURISTIC_INCREASE_AUTHORIZED=NO
OUT_SUMMARY=/Users/mymac/Desktop/antigravity_research/results/data/026b_true_antigravity_n81_force_convergence_summary.json
OUT_CHECKPOINT=/Users/mymac/Desktop/antigravity_research/results/data/026b_true_antigravity_n81_augmented_minres_checkpoint.npz
