=== 026L1 N73 NULL-vs-TIMELIKE GEOMETRY PROBE ===
N73_GREEN_LINEAGE_AUDIT=PASS
S3_NORM_MAXERR=2.220446049250313e-16

=== B — ANALYTIC FORMULA VALIDATION ===
PRISM_VALIDATION_CASE_0_RELERR=1.690544831492376e-14
PRISM_VALIDATION_CASE_1_RELERR=1.849051454803849e-13
PRISM_VALIDATION_CASE_2_RELERR=8.740329467397351e-14
PRISM_VALIDATION_CASE_3_RELERR=1.121292515757142e-13
PRISM_VALIDATION_CASE_4_RELERR=1.807939345959305e-13
PRISM_VALIDATION_CASE_5_RELERR=8.327568845166656e-14
PRISM_VALIDATION_MAX_RELERR=1.849051454803849e-13
ANALYTIC_PRISM_VALIDATION=PASS
CAP_VALIDATION_D_OVER_R=0.000000 ANALYTIC=-3.948359325158377e-02 NUMERIC=-3.948359325158377e-02 ABSERR=0.000000000000000e+00
CAP_VALIDATION_D_OVER_R=0.170000 ANALYTIC=-2.385552363683412e-02 NUMERIC=-2.385552363683412e-02 ABSERR=0.000000000000000e+00
CAP_VALIDATION_D_OVER_R=0.410000 ANALYTIC=-9.217344687867352e-03 NUMERIC=-9.217344687867356e-03 ABSERR=3.469446951953614e-18
CAP_VALIDATION_D_OVER_R=0.730000 ANALYTIC=-9.662634203571871e-04 NUMERIC=-9.662634203571835e-04 ABSERR=3.577867169202165e-18
CAP_VALIDATION_D_OVER_R=0.930000 ANALYTIC=-1.774116295574834e-05 NUMERIC=-1.774116295573439e-05 ABSERR=1.394893857538382e-17
CAP_VALIDATION_MAX_ABSERR=1.394893857538382e-17
ANALYTIC_CAP_VALIDATION=PASS
ANALYTIC_PRISM_KERNEL_AUDIT=PASS

=== RECONSTRUCT FULL N73 STRESS TENSOR ===
ACTIVE_SOURCE_STRESS_IDENTITY_MAXREL=6.769077677459970e-16
MIN_NULL_SOURCE_SCALED=2.614189606956424e-12
ALL_LOCAL_NULL_DIRECTIONS_NONNEGATIVE=PASS
TOTAL_ENERGY=1.782457314172114e+03
TOTAL_ACTIVE_SOURCE=1.847821766184093e+03
INTEGRATED_STRESS_MATRIX=2.17881507e+01,8.19255510e-02,8.19255489e-02;8.19255510e-02,2.17881507e+01,8.19255522e-02;8.19255489e-02,8.19255522e-02,2.17881507e+01
LAUE_STRESS_OVER_ENERGY=2.117229804915949e-02

=== EXACT PRISM KERNEL AT AUDITED PAYLOAD CENTER ===
SLOW_MATTER_POINT_RADIAL_DRIVER=1.325019144674116e-01
SLOW_MATTER_POINT_SIGN=OUTWARD
SLOW_MATTER_GROSS_OUTWARD=1.000752766305526e+03
SLOW_MATTER_GROSS_INWARD=-1.000620264391058e+03
SLOW_MATTER_CANCELLATION_FACTOR=1.510448387663724e+04

=== PRODUCTIVE STRESS LEVERAGE ===
PRODUCTIVE_DEC_TRACE_LEVERAGE_P10_P50_P90=0.00000000e+00,0.00000000e+00,7.60668535e-01
PRODUCTIVE_S_OVER_RHO_P10_P50_P90=-1.52133707e+00,1.24284010e+00,1.42774728e+00
PRODUCTIVE_MIN_NULL_OVER_RHO_P10_P50_P90=9.30369100e-02,9.46616518e-01,1.01487506e+00
PRODUCTIVE_TRANSVERSE_PAIR_OVER_RHO_P10_P50_P90=-1.62325150e+00,2.85568591e-01,4.34855129e-01
NEGATIVE_ACTIVE_REGION_ENERGY_FRACTION=5.224328358090905e-02
GROSS_OUTWARD_FROM_NEGATIVE_ACTIVE_FRACTION=1.811980708006787e-01
GROSS_OUTWARD_FROM_NEAR_NEC_SATURATION_FRACTION=1.002758236967032e-01
POINT_FORCE_F90_ENERGY_FRACTION=1.434807217194256e-01

=== TRANSVERSE NULL-DIRECTION SCAN ===
NULL_00 THETA=0.00000000 RADIAL_DRIVER=-1.691849579629929e+02 SIGN=INWARD NULL_TOTAL=1.804252229034430e+03
NULL_01 THETA=0.26179939 RADIAL_DRIVER=-1.690529921280294e+02 SIGN=INWARD NULL_TOTAL=1.804199935315417e+03
NULL_02 THETA=0.52359878 RADIAL_DRIVER=-1.689762835943296e+02 SIGN=INWARD NULL_TOTAL=1.804168544208967e+03
NULL_03 THETA=0.78539816 RADIAL_DRIVER=-1.689753863515512e+02 SIGN=INWARD NULL_TOTAL=1.804166466936703e+03
NULL_04 THETA=1.04719755 RADIAL_DRIVER=-1.690505408151719e+02 SIGN=INWARD NULL_TOTAL=1.804194260102052e+03
NULL_05 THETA=1.30899694 RADIAL_DRIVER=-1.691816094073571e+02 SIGN=INWARD NULL_TOTAL=1.804244476548801e+03
NULL_06 THETA=1.57079633 RADIAL_DRIVER=-1.693334724046776e+02 SIGN=INWARD NULL_TOTAL=1.804303660820599e+03
NULL_07 THETA=1.83259571 RADIAL_DRIVER=-1.694654382396413e+02 SIGN=INWARD NULL_TOTAL=1.804355954539612e+03
NULL_08 THETA=2.09439510 RADIAL_DRIVER=-1.695421467733410e+02 SIGN=INWARD NULL_TOTAL=1.804387345646062e+03
NULL_09 THETA=2.35619449 RADIAL_DRIVER=-1.695430440161196e+02 SIGN=INWARD NULL_TOTAL=1.804389422918325e+03
NULL_10 THETA=2.61799388 RADIAL_DRIVER=-1.694678895524988e+02 SIGN=INWARD NULL_TOTAL=1.804361629752977e+03
NULL_11 THETA=2.87979327 RADIAL_DRIVER=-1.693368209603136e+02 SIGN=INWARD NULL_TOTAL=1.804311413306227e+03
NULL_12 THETA=3.14159265 RADIAL_DRIVER=-1.691849579629931e+02 SIGN=INWARD NULL_TOTAL=1.804252229034430e+03
NULL_13 THETA=3.40339204 RADIAL_DRIVER=-1.690529921280294e+02 SIGN=INWARD NULL_TOTAL=1.804199935315417e+03
NULL_14 THETA=3.66519143 RADIAL_DRIVER=-1.689762835943295e+02 SIGN=INWARD NULL_TOTAL=1.804168544208967e+03
NULL_15 THETA=3.92699082 RADIAL_DRIVER=-1.689753863515512e+02 SIGN=INWARD NULL_TOTAL=1.804166466936703e+03
NULL_16 THETA=4.18879020 RADIAL_DRIVER=-1.690505408151719e+02 SIGN=INWARD NULL_TOTAL=1.804194260102052e+03
NULL_17 THETA=4.45058959 RADIAL_DRIVER=-1.691816094073571e+02 SIGN=INWARD NULL_TOTAL=1.804244476548801e+03
NULL_18 THETA=4.71238898 RADIAL_DRIVER=-1.693334724046776e+02 SIGN=INWARD NULL_TOTAL=1.804303660820599e+03
NULL_19 THETA=4.97418837 RADIAL_DRIVER=-1.694654382396412e+02 SIGN=INWARD NULL_TOTAL=1.804355954539613e+03
NULL_20 THETA=5.23598776 RADIAL_DRIVER=-1.695421467733411e+02 SIGN=INWARD NULL_TOTAL=1.804387345646062e+03
NULL_21 THETA=5.49778714 RADIAL_DRIVER=-1.695430440161196e+02 SIGN=INWARD NULL_TOTAL=1.804389422918326e+03
NULL_22 THETA=5.75958653 RADIAL_DRIVER=-1.694678895524987e+02 SIGN=INWARD NULL_TOTAL=1.804361629752977e+03
NULL_23 THETA=6.02138592 RADIAL_DRIVER=-1.693368209603136e+02 SIGN=INWARD NULL_TOTAL=1.804311413306227e+03

=== 026L1 MECHANISM RESULT ===
TIMELIKE_NULL_SIGN_SPLIT=PRESENT_SLOW_OUTWARD_NULL_INWARD
NULL_RADIAL_DRIVER_MIN=-1.695430440161196e+02
NULL_RADIAL_DRIVER_MAX=-1.689753863515512e+02
NULL_RADIAL_DRIVER_MEAN=-1.692592151838353e+02
LOCAL_DEC_NEGATIVE_ACTIVE_CEILING=S_SLOW_GE_MINUS_2_RHO
PRODUCTIVE_STRESS_LEVERAGE_CLASS=SUBSTANTIAL_LOCAL_DEC_STRESS_HEADROOM_REMAINS
PRACTICALITY_CLUE=CONSTITUTIVE_STRESS_AND_GEOMETRY_BOTH_REMAIN_PLAUSIBLE_IMPROVEMENT_AXES
OUT_JSON=/Users/mymac/Desktop/antigravity_research/results/data/026l1_n73_null_timelike_geometry_efficiency_summary.json
OUT_CSV=/Users/mymac/Desktop/antigravity_research/results/data/026l1_n73_null_direction_scan.csv
026L1_DECISION=MECHANISM_DIAGNOSTIC_COMPLETE
HEURISTIC_INCREASE_AUTHORIZED=NO
PRACTICAL_ANTIGRAVITY_DEVICE=NO
