=== 026L2 N73 STAND-OFF TRANSITION TOMOGRAPHY ===
N73_GREEN_LINEAGE_AUDIT=PASS
S3_NORM_MAXERR=2.220446049250313e-16

=== B — ANALYTIC FORMULA VALIDATION ===
PRISM_VALIDATION_CASE_0_RELERR=1.690544831492376e-14
PRISM_VALIDATION_CASE_1_RELERR=1.849051454803849e-13
PRISM_VALIDATION_CASE_2_RELERR=8.740329467397351e-14
PRISM_VALIDATION_CASE_3_RELERR=1.121292515757142e-13
PRISM_VALIDATION_CASE_4_RELERR=1.807939345959305e-13
PRISM_VALIDATION_CASE_5_RELERR=8.327568845166656e-14
PRISM_VALIDATION_MAX_RELERR=1.849051454803849e-13
ANALYTIC_PRISM_VALIDATION=PASS
CAP_VALIDATION_D_OVER_R=0.000000 ANALYTIC=-3.948359325158377e-02 NUMERIC=-3.948359325158377e-02 ABSERR=0.000000000000000e+00
CAP_VALIDATION_D_OVER_R=0.170000 ANALYTIC=-2.385552363683412e-02 NUMERIC=-2.385552363683412e-02 ABSERR=0.000000000000000e+00
CAP_VALIDATION_D_OVER_R=0.410000 ANALYTIC=-9.217344687867352e-03 NUMERIC=-9.217344687867356e-03 ABSERR=3.469446951953614e-18
CAP_VALIDATION_D_OVER_R=0.730000 ANALYTIC=-9.662634203571871e-04 NUMERIC=-9.662634203571835e-04 ABSERR=3.577867169202165e-18
CAP_VALIDATION_D_OVER_R=0.930000 ANALYTIC=-1.774116295574834e-05 NUMERIC=-1.774116295573439e-05 ABSERR=1.394893857538382e-17
CAP_VALIDATION_MAX_ABSERR=1.394893857538382e-17
ANALYTIC_CAP_VALIDATION=PASS
ANALYTIC_PRISM_KERNEL_AUDIT=PASS

=== RECONSTRUCT N73 SOURCE ===
ACTIVE_IDENTITY_MAXREL=1.108978617348741e-15
TOTAL_ENERGY=1.782457314172114e+03
TOTAL_ACTIVE=1.847821766184093e+03

=== SOURCE SUPPORT TOMOGRAPHY ===
PROJECTED_ENERGY_Q90=6.425747055290836e-01
PROJECTED_ENERGY_Q95=7.609964817227962e-01
PROJECTED_ENERGY_Q99=9.617600790249105e-01
PROJECTED_ENERGY_Q999=1.169027025380978e+00
PROJECTED_ENERGY_Q9999=1.348041427826592e+00
RADIAL_ENERGY_R50=8.015088790598802e-01
RADIAL_ENERGY_R90=1.072382774771260e+00
RADIAL_ENERGY_R99=1.287475494151399e+00
MIN_SAMPLED_NULL_SOURCE=9.143682250364142e-20
SCAN_POINT_COUNT=20

=== EXACT SIGNED-KERNEL STAND-OFF SWEEP ===
SCAN I=00 D=3.870161275e-01 D_R99=0.300601 F=+1.325019144674e-01 SIGN=OUTWARD E_AHEAD=2.472407e-01 S+K+=+8.19418296e+02 S-K-=+1.81334471e+02 EMBED_OUT_FRAC=0.818802 TRUE_REP_OUT_FRAC=0.181198 DEC50=0.809689 NULL=ALL_INWARD GEOM=EMBEDDED_OR_TWO_SIDED
SCAN I=01 D=4.937967164e-01 D_R99=0.383539 F=-3.300400743665e+02 SIGN=INWARD E_AHEAD=1.828112e-01 S+K+=+6.39970699e+02 S-K-=+1.42958592e+02 EMBED_OUT_FRAC=0.817405 TRUE_REP_OUT_FRAC=0.182595 DEC50=0.715940 NULL=ALL_INWARD GEOM=EMBEDDED_OR_TWO_SIDED
SCAN I=02 D=6.005773053e-01 D_R99=0.466477 F=-7.955852219866e+02 SIGN=INWARD E_AHEAD=1.224874e-01 S+K+=+3.95656128e+02 S-K-=+1.06722702e+02 EMBED_OUT_FRAC=0.787565 TRUE_REP_OUT_FRAC=0.212435 DEC50=0.759932 NULL=ALL_INWARD GEOM=EMBEDDED_OR_TWO_SIDED
SCAN I=03 D=6.425747055e-01 D_R99=0.499097 F=-9.759224787347e+02 SIGN=INWARD E_AHEAD=1.001185e-01 S+K+=+3.10816049e+02 S-K-=+1.04039936e+02 EMBED_OUT_FRAC=0.749214 TRUE_REP_OUT_FRAC=0.250786 DEC50=0.690088 NULL=ALL_INWARD GEOM=EMBEDDED_OR_TWO_SIDED
SCAN I=04 D=7.073578942e-01 D_R99=0.549415 F=-1.258053192490e+03 SIGN=INWARD E_AHEAD=7.317105e-02 S+K+=+1.87389644e+02 S-K-=+8.30528222e+01 EMBED_OUT_FRAC=0.692900 TRUE_REP_OUT_FRAC=0.307100 DEC50=0.715940 NULL=ALL_INWARD GEOM=EMBEDDED_OR_TWO_SIDED
SCAN I=05 D=7.609964817e-01 D_R99=0.591076 F=-1.407735886526e+03 SIGN=INWARD E_AHEAD=5.013159e-02 S+K+=+1.09281126e+02 S-K-=+8.76673120e+01 EMBED_OUT_FRAC=0.554872 TRUE_REP_OUT_FRAC=0.445128 DEC50=0.731829 NULL=ALL_INWARD GEOM=EMBEDDED_OR_TWO_SIDED
SCAN I=06 D=8.141384832e-01 D_R99=0.632353 F=-1.514727144737e+03 SIGN=INWARD E_AHEAD=3.477211e-02 S+K+=+6.21200298e+01 S-K-=+7.20808593e+01 EMBED_OUT_FRAC=0.462888 TRUE_REP_OUT_FRAC=0.537112 DEC50=0.715940 NULL=ALL_INWARD GEOM=EMBEDDED_OR_TWO_SIDED
SCAN I=07 D=9.209190721e-01 D_R99=0.715291 F=-1.560192057658e+03 SIGN=INWARD E_AHEAD=1.481739e-02 S+K+=+1.26636094e+01 S-K-=+5.95274684e+01 EMBED_OUT_FRAC=0.175418 TRUE_REP_OUT_FRAC=0.824582 DEC50=0.714152 NULL=ALL_INWARD GEOM=EMBEDDED_OR_TWO_SIDED
SCAN I=08 D=9.617600790e-01 D_R99=0.747012 F=-1.527495344514e+03 SIGN=INWARD E_AHEAD=1.001715e-02 S+K+=+5.36370983e+00 S-K-=+6.50127670e+01 EMBED_OUT_FRAC=0.076215 TRUE_REP_OUT_FRAC=0.923785 DEC50=0.610488 NULL=ALL_INWARD GEOM=EMBEDDED_OR_TWO_SIDED
SCAN I=09 D=1.027699661e+00 D_R99=0.798229 F=-1.450054530275e+03 SIGN=INWARD E_AHEAD=5.748791e-03 S+K+=+1.01001571e+00 S-K-=+5.80697974e+01 EMBED_OUT_FRAC=0.017096 TRUE_REP_OUT_FRAC=0.982904 DEC50=0.592319 NULL=ALL_INWARD GEOM=EFFECTIVE_99_ENERGY_BEHIND
SCAN I=10 D=1.072382775e+00 D_R99=0.832935 F=-1.383474867753e+03 SIGN=INWARD E_AHEAD=3.484956e-03 S+K+=+1.94171693e-01 S-K-=+5.58591696e+01 EMBED_OUT_FRAC=0.003464 TRUE_REP_OUT_FRAC=0.996536 DEC50=0.590307 NULL=ALL_INWARD GEOM=EFFECTIVE_99_ENERGY_BEHIND
SCAN I=11 D=1.134480250e+00 D_R99=0.881166 F=-1.284685411855e+03 SIGN=INWARD E_AHEAD=1.623172e-03 S+K+=+9.97499692e-03 S-K-=+5.11953312e+01 EMBED_OUT_FRAC=0.000195 TRUE_REP_OUT_FRAC=0.999805 DEC50=0.569861 NULL=ALL_INWARD GEOM=EFFECTIVE_99_ENERGY_BEHIND
SCAN I=12 D=1.169027025e+00 D_R99=0.907999 F=-1.229563938622e+03 SIGN=INWARD E_AHEAD=1.000329e-03 S+K+=+1.08221549e-27 S-K-=+4.89019849e+01 EMBED_OUT_FRAC=0.000000 TRUE_REP_OUT_FRAC=1.000000 DEC50=0.569861 NULL=ALL_INWARD GEOM=EFFECTIVE_99_ENERGY_BEHIND
SCAN I=13 D=1.241260839e+00 D_R99=0.964104 F=-1.118943876854e+03 SIGN=INWARD E_AHEAD=3.874076e-04 S+K+=+1.08472474e-27 S-K-=+4.34703019e+01 EMBED_OUT_FRAC=0.000000 TRUE_REP_OUT_FRAC=1.000000 DEC50=0.531626 NULL=ALL_INWARD GEOM=EFFECTIVE_99P9_ENERGY_BEHIND
SCAN I=14 D=1.287475494e+00 D_R99=1.000000 F=-1.053363118261e+03 SIGN=INWARD E_AHEAD=1.986564e-04 S+K+=+1.08457363e-27 S-K-=+3.96443499e+01 EMBED_OUT_FRAC=0.000000 TRUE_REP_OUT_FRAC=1.000000 DEC50=0.523178 NULL=ALL_INWARD GEOM=EFFECTIVE_99P9_ENERGY_BEHIND
SCAN I=15 D=1.348041428e+00 D_R99=1.047042 F=-9.730617569648e+02 SIGN=INWARD E_AHEAD=1.000149e-04 S+K+=+1.08209480e-27 S-K-=+3.57149457e+01 EMBED_OUT_FRAC=0.000000 TRUE_REP_OUT_FRAC=1.000000 DEC50=0.508363 NULL=ALL_INWARD GEOM=EFFECTIVE_99P9_ENERGY_BEHIND
SCAN I=16 D=1.482845571e+00 D_R99=1.151747 F=-8.192611331709e+02 SIGN=INWARD E_AHEAD=1.227346e-05 S+K+=+1.06613097e-27 S-K-=+2.82936979e+01 EMBED_OUT_FRAC=0.000000 TRUE_REP_OUT_FRAC=1.000000 DEC50=0.497363 NULL=ALL_INWARD GEOM=EFFECTIVE_99P99_ENERGY_BEHIND
SCAN I=17 D=1.685051785e+00 D_R99=1.308803 F=-6.430344462802e+02 SIGN=INWARD E_AHEAD=6.848412e-07 S+K+=+1.01022784e-27 S-K-=+2.10901686e+01 EMBED_OUT_FRAC=0.000000 TRUE_REP_OUT_FRAC=1.000000 DEC50=0.511687 NULL=ALL_INWARD GEOM=EFFECTIVE_99P99_ENERGY_BEHIND
SCAN I=18 D=2.022062142e+00 D_R99=1.570564 F=-4.501089766167e+02 SIGN=INWARD E_AHEAD=5.974585e-09 S+K+=+8.13275473e-28 S-K-=+1.42763703e+01 EMBED_OUT_FRAC=0.000000 TRUE_REP_OUT_FRAC=1.000000 DEC50=0.531632 NULL=ALL_INWARD GEOM=EFFECTIVE_99P99_ENERGY_BEHIND
SCAN I=19 D=2.574950988e+00 D_R99=2.000000 F=-2.784235067805e+02 SIGN=INWARD E_AHEAD=2.383667e-12 S+K+=+2.06178015e-28 S-K-=+8.71435306e+00 EMBED_OUT_FRAC=0.000000 TRUE_REP_OUT_FRAC=1.000000 DEC50=0.531632 NULL=ALL_INWARD GEOM=EFFECTIVE_99P99_ENERGY_BEHIND

=== 026L1 REPRODUCTION ===
L1_DRIVER_REPRO_RELERR=4.189460314923269e-16
L1_DRIVER_REPRO=PASS

=== STAND-OFF TRANSITION RESULT ===
SIGN_CROSSING_COUNT=1
SIGN_CROSSING_0_BRACKET=3.870161275e-01,4.937967164e-01 LINEAR_ROOT=3.870589797e-01
OUTWARD_WITH_99_PERCENT_ENERGY_BEHIND=NO
OUTWARD_WITH_99P9_PERCENT_ENERGY_BEHIND=NO
OUTWARD_WITH_99P99_PERCENT_ENERGY_BEHIND=NO
FAR_FIELD_DRIVER=-2.784235067805432e+02
POSITIVE_ACTIVE_MASS_FAR_FIELD_LIMIT_CHECK=PASS
TRUE_REPULSIVE_DOMINANT_OUTWARD_POINT=NOT_FOUND
026L2_MECHANISM_CLASS=OUTWARD_RESPONSE_IS_PREDOMINANTLY_EMBEDDED_OR_TWO_SIDED
026L2_PRACTICALITY_CLUE=REORGANIZE_NEGATIVE_ACTIVE_CORE_AND_POSITIVE_SCAFFOLDING_BEFORE_MORE_LOCAL_STRESS
OUT_JSON=/Users/mymac/Desktop/antigravity_research/results/data/026l2_n73_standoff_transition_summary.json
OUT_CSV=/Users/mymac/Desktop/antigravity_research/results/data/026l2_n73_standoff_transition_scan.csv
026L2_DECISION=STANDOFF_TRANSITION_DIAGNOSTIC_COMPLETE
HEURISTIC_INCREASE_AUTHORIZED=NO
PRACTICAL_ANTIGRAVITY_DEVICE=NO
