=== 026P TRUE-ANTIGRAVITY PRACTICALITY ESCAPE GATE ===
026P_N73_STRICT_GREEN_LINEAGE=PASS
026P_N81_STRICT_PHYSICAL_OUTWARD_LINEAGE=PASS
026P_N81_FORCE_CONVERGENCE_STATUS=N81_OUTWARD_BUT_FORCE_MAGNITUDE_NOT_YET_CONVERGED

=== B — ANALYTIC FORMULA VALIDATION ===
PRISM_VALIDATION_CASE_0_RELERR=1.690544831492376e-14
PRISM_VALIDATION_CASE_1_RELERR=1.849051454803849e-13
PRISM_VALIDATION_CASE_2_RELERR=8.740329467397351e-14
PRISM_VALIDATION_CASE_3_RELERR=1.121292515757142e-13
PRISM_VALIDATION_CASE_4_RELERR=1.807939345959305e-13
PRISM_VALIDATION_CASE_5_RELERR=8.327568845166656e-14
PRISM_VALIDATION_MAX_RELERR=1.849051454803849e-13
ANALYTIC_PRISM_VALIDATION=PASS
CAP_VALIDATION_D_OVER_R=0.000000 ANALYTIC=-3.948359325158377e-02 NUMERIC=-3.948359325158377e-02 ABSERR=0.000000000000000e+00
CAP_VALIDATION_D_OVER_R=0.170000 ANALYTIC=-2.385552363683412e-02 NUMERIC=-2.385552363683412e-02 ABSERR=0.000000000000000e+00
CAP_VALIDATION_D_OVER_R=0.410000 ANALYTIC=-9.217344687867352e-03 NUMERIC=-9.217344687867356e-03 ABSERR=3.469446951953614e-18
CAP_VALIDATION_D_OVER_R=0.730000 ANALYTIC=-9.662634203571871e-04 NUMERIC=-9.662634203571835e-04 ABSERR=3.577867169202165e-18
CAP_VALIDATION_D_OVER_R=0.930000 ANALYTIC=-1.774116295574834e-05 NUMERIC=-1.774116295573439e-05 ABSERR=1.394893857538382e-17
CAP_VALIDATION_MAX_ABSERR=1.394893857538382e-17
ANALYTIC_CAP_VALIDATION=PASS
026P_ANALYTIC_PRISM_KERNEL_AUDIT=PASS

=== MICROSCOPIC SOURCE RECONSTRUCTION ===
FIELD N=73 DX=8.905654211776e-02 ENERGY=1.782457314172e+03 ACTIVE=1.847821766184e+03 R99=1.287475494151e+00 R999=1.460635892233e+00 SUPPORT_E_FRAC=9.990187544540e-01 NEG_ACTIVE_E_FRAC=5.131238808720e-02 NORMERR=2.220e-16
FIELD N=81 DX=8.015088790599e-02 ENERGY=1.783891876995e+03 ACTIVE=1.837940358483e+03 R99=1.294877222436e+00 R999=1.464810927706e+00 SUPPORT_E_FRAC=9.990267223300e-01 NEG_ACTIVE_E_FRAC=5.146504374379e-02 NORMERR=2.220e-16
N73_N81_R999_RELCHANGE=2.850221413840082e-03
N73_N81_NEGATIVE_ACTIVE_ENERGY_FRACTION_RELCHANGE=2.966200851887870e-03

=== TRUE STAND-OFF EXTREMAL BOUNDS ===
BOUND N=73 FACTOR=1.10 D=1.60669948e+00 R999=1.46063589e+00 ACTUAL=-7.04912229e+02 PACKET=-9.16360505e+01 DEC_LAUE=+2.31152102e+02 DEC_CURRENT_MASS=+2.11824926e+02 NEG_E_ACTUAL=0.051312 NEG_E_IDEAL=0.499883 DEC50=0.531632 SCAFFOLD_SUPPRESS=0.968308
BOUND N=73 FACTOR=1.25 D=1.82579487e+00 R999=1.46063589e+00 ACTUAL=-5.50589952e+02 PACKET=-1.31179609e+02 DEC_LAUE=+1.11447670e+02 DEC_CURRENT_MASS=+9.54514424e+01 NEG_E_ACTUAL=0.051312 NEG_E_IDEAL=0.500006 DEC50=0.532750 SCAFFOLD_SUPPRESS=0.969486
BOUND N=73 FACTOR=1.50 D=2.19095384e+00 R999=1.46063589e+00 ACTUAL=-3.84254483e+02 PACKET=-1.35577822e+02 DEC_LAUE=+1.28840877e+01 DEC_CURRENT_MASS=+9.42758215e-01 NEG_E_ACTUAL=0.051312 NEG_E_IDEAL=0.499924 DEC50=0.532766 SCAFFOLD_SUPPRESS=0.970151
BOUND N=73 FACTOR=2.00 D=2.92127178e+00 R999=1.46063589e+00 ACTUAL=-2.16588877e+02 PACKET=-1.05861024e+02 DEC_LAUE=-4.26836230e+01 DEC_CURRENT_MASS=-4.99248414e+01 NEG_E_ACTUAL=0.051312 NEG_E_IDEAL=0.499980 DEC50=0.532766 SCAFFOLD_SUPPRESS=0.970425
BOUND N=81 FACTOR=1.10 D=1.61129202e+00 R999=1.46481093e+00 ACTUAL=-6.97272024e+02 PACKET=-9.10975368e+01 DEC_LAUE=+2.29744972e+02 DEC_CURRENT_MASS=+2.13726675e+02 NEG_E_ACTUAL=0.051465 NEG_E_IDEAL=0.499967 DEC50=0.478820 SCAFFOLD_SUPPRESS=0.968269
BOUND N=81 FACTOR=1.25 D=1.83101366e+00 R999=1.46481093e+00 ACTUAL=-5.44576915e+02 PACKET=-1.29666565e+02 DEC_LAUE=+1.10669461e+02 DEC_CURRENT_MASS=+9.73833353e+01 NEG_E_ACTUAL=0.051465 NEG_E_IDEAL=0.500054 DEC50=0.478820 SCAFFOLD_SUPPRESS=0.969449
BOUND N=81 FACTOR=1.50 D=2.19721639e+00 R999=1.46481093e+00 ACTUAL=-3.80037994e+02 PACKET=-1.34108873e+02 DEC_LAUE=+1.26501579e+01 DEC_CURRENT_MASS=+2.72395608e+00 NEG_E_ACTUAL=0.051465 NEG_E_IDEAL=0.499946 DEC50=0.478820 SCAFFOLD_SUPPRESS=0.970117
BOUND N=81 FACTOR=2.00 D=2.92962186e+00 R999=1.46481093e+00 ACTUAL=-2.14206263e+02 PACKET=-1.04729624e+02 DEC_LAUE=-4.25589407e+01 DEC_CURRENT_MASS=-4.85805693e+01 NEG_E_ACTUAL=0.051465 NEG_E_IDEAL=0.499937 DEC50=0.478982 SCAFFOLD_SUPPRESS=0.970390

=== N73 -> N81 BOUND CONVERGENCE ===
BOUND_CONVERGENCE FACTOR=1.10 PACKET_REL=9.97388423e-04 DEC_LAUE_REL=1.20922681e-03 DEC_CURRENT_MASS_REL=1.37387244e-02
BOUND_CONVERGENCE FACTOR=1.25 PACKET_REL=6.68264018e-03 DEC_LAUE_REL=2.10888796e-03 DEC_CURRENT_MASS_REL=2.46252726e-02
BOUND_CONVERGENCE FACTOR=1.50 PACKET_REL=5.97979659e-03 DEC_LAUE_REL=1.33374903e-02 DEC_CURRENT_MASS_REL=6.55591491e-01
BOUND_CONVERGENCE FACTOR=2.00 PACKET_REL=5.83193862e-03 DEC_LAUE_REL=1.96881142e-03 DEC_CURRENT_MASS_REL=2.21499587e-02

=== MICROSCOPIC ARCHITECTURE DECISION ===
026P_CURRENT_N81_1P25R999_STANDOFF=INWARD
026P_ACTUAL_PACKET_RELOCATION_STANDOFF=NOT_POSSIBLE_IN_RELAXED_BOUND
026P_DEC_LAUE_STANDOFF=POSSIBLE_IN_RELAXED_BOUND
026P_ACTUAL_NEGATIVE_ACTIVE_ENERGY_FRACTION=5.146504374379111e-02
026P_IDEAL_DEC_LAUE_NEGATIVE_ENERGY_FRACTION=5.000541647809731e-01
026P_PRODUCTIVE_PARTICIPATION_GAP_FACTOR=9.716384722616718e+00
026P_CURRENT_REPULSIVE_DEC50=4.788202080641123e-01
026P_CURRENT_SCAFFOLD_SUPPRESSION_TO_FLIP=9.694493998565434e-01
026P_ARCHITECTURE_PATH=GEOMETRY_ALONE_INSUFFICIENT_CONSTITUTIVE_STRESS_PLUS_SPATIAL_SEGREGATION_REQUIRED

=== ABSOLUTE PURE-GR SCALING LEDGER ===
SCALING A_G=0.1 H_M=1.000e-03 E_C1=1.32055459e+21 C_REQ_AT_1GJ=7.57257603e-13 006D_ORDERS_TO_1GJ=13.493514 GEFF_OVER_G_C1=1.32055459e+12 AH_OVER_C2=1.09113697e-20
SCALING A_G=0.1 H_M=1.000e-02 E_C1=1.32055459e+23 C_REQ_AT_1GJ=7.57257603e-15 006D_ORDERS_TO_1GJ=15.493514 GEFF_OVER_G_C1=1.32055459e+14 AH_OVER_C2=1.09113697e-19
SCALING A_G=0.1 H_M=1.000e-01 E_C1=1.32055459e+25 C_REQ_AT_1GJ=7.57257603e-17 006D_ORDERS_TO_1GJ=17.493514 GEFF_OVER_G_C1=1.32055459e+16 AH_OVER_C2=1.09113697e-18
SCALING A_G=0.1 H_M=1.000e+00 E_C1=1.32055459e+27 C_REQ_AT_1GJ=7.57257603e-19 006D_ORDERS_TO_1GJ=19.493514 GEFF_OVER_G_C1=1.32055459e+18 AH_OVER_C2=1.09113697e-17
SCALING A_G=1.0 H_M=1.000e-03 E_C1=1.32055459e+22 C_REQ_AT_1GJ=7.57257603e-14 006D_ORDERS_TO_1GJ=14.493514 GEFF_OVER_G_C1=1.32055459e+13 AH_OVER_C2=1.09113697e-19
SCALING A_G=1.0 H_M=1.000e-02 E_C1=1.32055459e+24 C_REQ_AT_1GJ=7.57257603e-16 006D_ORDERS_TO_1GJ=16.493514 GEFF_OVER_G_C1=1.32055459e+15 AH_OVER_C2=1.09113697e-18
SCALING A_G=1.0 H_M=1.000e-01 E_C1=1.32055459e+26 C_REQ_AT_1GJ=7.57257603e-18 006D_ORDERS_TO_1GJ=18.493514 GEFF_OVER_G_C1=1.32055459e+17 AH_OVER_C2=1.09113697e-17
SCALING A_G=1.0 H_M=1.000e+00 E_C1=1.32055459e+28 C_REQ_AT_1GJ=7.57257603e-20 006D_ORDERS_TO_1GJ=20.493514 GEFF_OVER_G_C1=1.32055459e+19 AH_OVER_C2=1.09113697e-16

=== PRACTICALITY ESCAPE REQUIREMENT ===
ONE_G_ONE_METER_ONE_TJ_C_REQUIRED=7.572576026592839e-17
ONE_G_ONE_METER_ONE_TJ_006D_ORDERS_GAP=1.749351350162189e+01
ONE_G_ONE_METER_ONE_TJ_B7_ORDERS_GAP=1.874629728931251e+01
POINT_ONE_G_ONE_CM_ONE_PJ_C_REQUIRED=7.572576026592837e-09
POINT_ONE_G_ONE_CM_ONE_PJ_006D_ORDERS_GAP=9.493513501621893e+00
POINT_ONE_G_ONE_CM_ONE_PJ_B7_ORDERS_GAP=1.074629728931251e+01
ONE_G_ONE_METER_TARGET_METRIC_WEAKNESS=1.091136967219822e-16
ONE_METER_ENERGY_FOR_COMPACTNESS_0P1=1.210255564338207e+43
026P_SCALING_PATH=NEW_PARAMETRIC_TRUE_GRAVITY_SCALE_OR_DEVICE_LOCAL_UNIVERSAL_METRIC_COUPLING_REQUIRED

=== FINAL TRUE-ANTIGRAVITY PATH ===
026P_STAGE_1=GEOMETRY_ALONE_INSUFFICIENT_CONSTITUTIVE_STRESS_PLUS_SPATIAL_SEGREGATION_REQUIRED
026P_STAGE_2=NEW_PARAMETRIC_TRUE_GRAVITY_SCALE_OR_DEVICE_LOCAL_UNIVERSAL_METRIC_COUPLING_REQUIRED
026P_STAGE_3=CONSERVATION_COMPATIBILITY_STABILITY_NONLINEAR_GR_AND_EMPIRICAL_VALIDATION
026P_N89_STILL_REQUIRED_FOR_B7_FORCE_CONTINUUM=YES
026P_N89_IS_A_PRACTICALITY_SCALING_ESCAPE=NO
026P_TRUE_ANTIGRAVITY_NOT_ANALOGUE=YES

=== OUTPUTS ===
OUT_JSON=/Users/mymac/Desktop/antigravity_research/results/data/026p_true_antigravity_practicality_escape_summary.json
OUT_STANDOFF_CSV=/Users/mymac/Desktop/antigravity_research/results/data/026p_true_antigravity_standoff_bounds.csv
OUT_SCALING_CSV=/Users/mymac/Desktop/antigravity_research/results/data/026p_true_antigravity_absolute_scaling.csv

=== 026P DECISION ===
026P_DECISION=TRUE_ANTIGRAVITY_PRACTICALITY_PATH_QUANTIFIED
PRACTICAL_ANTIGRAVITY_DEVICE=NO
NEW_PHYSICS_DISCOVERY=NO
HEURISTIC_90_PERCENT_AUTHORIZED=NO
