=== 027A CANONICAL-SCALAR STRESS-CYCLE BRIDGE ===
C_006D=2.359158629924900e+01
C_024D_SCALAR=6.610457607426174e+00
B7_NEGATIVE_ACTIVE_FRACTION=5.146504374379111e-02
B7_FRACTION_SOURCE=026P_JSON
CANONICAL_ENDPOINT_S_OVER_RHO_MIN=-2
CANONICAL_ENDPOINT_S_OVER_RHO_MAX=+4
HARMONIC_NEGATIVE_DUTY=3.918265520306073e-01
HARMONIC_PARTICIPATION_MULTIPLIER_VS_B7=7.613450286397130e+00
HARMONIC_GROSS_NEGATIVE_Q=5.084897641264988e-01
HARMONIC_IDEAL_KERNEL_RATIO_THRESHOLD=2.966607925171973e+00
HARMONIC_IDEAL_SEPARATED_C=1.966607925171973e+00
PURE_CIRCULAR_CONSTANT_RADIUS_KERNEL_CONTROL=RED_BY_IDENTITY

=== POTENTIAL-WAVEFORM FRONTIER ===
POTENTIAL_CASES_VALID=6579
POTENTIALS_SELECTED_FOR_GEOMETRY=11
POT_RANK=1 A=0.98845882 B=1.12266743 CHI=0.13437550 QNEG=1.69790625 NEG_DUTY=0.90156405 QBAR=-1.47447526 ECOMP=0.82482509 RCRIT=2.07475020 CSEP=1.07475020
POT_RANK=2 A=0.99178865 B=1.05650720 CHI=0.13628661 QNEG=1.69391108 NEG_DUTY=0.89891969 QBAR=-1.46732129 ECOMP=0.82244043 RCRIT=2.07587727 CSEP=1.07587727
POT_RANK=3 A=0.99436392 B=0.97641951 CHI=0.14033136 QNEG=1.68546978 NEG_DUTY=0.89783308 QBAR=-1.45216177 ECOMP=0.81738726 RCRIT=2.07826748 CSEP=1.07826748
POT_RANK=4 A=0.96766212 B=1.31771112 CHI=0.14338759 QNEG=1.67624721 NEG_DUTY=0.89373261 QBAR=-1.43787326 ECOMP=0.81262442 RCRIT=2.08135865 CSEP=1.08135865
POT_RANK=5 A=0.98736931 B=1.09825616 CHI=0.14541545 QNEG=1.67271267 NEG_DUTY=0.89411080 QBAR=-1.43090984 ECOMP=0.81030328 RCRIT=2.08225598 CSEP=1.08225598
POT_RANK=6 A=0.98522712 B=1.12658802 CHI=0.14628857 QNEG=1.67050238 NEG_DUTY=0.89282635 QBAR=-1.42723352 ECOMP=0.80907784 RCRIT=2.08295436 CSEP=1.08295436
POT_RANK=7 A=0.97569150 B=1.23550641 CHI=0.14694739 QNEG=1.66831060 NEG_DUTY=0.89288289 QBAR=-1.42396873 ECOMP=0.80798958 RCRIT=2.08372480 CSEP=1.08372480
POT_RANK=8 A=0.98080928 B=1.17179208 CHI=0.14935346 QNEG=1.66308742 NEG_DUTY=0.88954823 QBAR=-1.41472688 ECOMP=0.80490896 RCRIT=2.08527606 CSEP=1.08527606
POT_RANK=9 A=0.99091627 B=1.00932340 CHI=0.15095792 QNEG=1.66091354 NEG_DUTY=0.88932171 QBAR=-1.40988916 ECOMP=0.80329639 RCRIT=2.08572562 CSEP=1.08572562
POT_RANK=10 A=0.97098871 B=1.26800795 CHI=0.15062381 QNEG=1.65955049 NEG_DUTY=0.88952081 QBAR=-1.40908253 ECOMP=0.80302751 RCRIT=2.08645535 CSEP=1.08645535

=== TRUE-STANDOFF GEOMETRY CAMPAIGN ===
COARSE_TOP_ROWS=180

=== BEST SURVIVORS ===
BEST_POINT=C:3.179088406628e+00 A:4.385716095101e-01 K_RATIO:20.84231292 NEG_PART:0.45795686 CORE:0.00000000 TUBE_CURV:0.00000000 KIND:ELLIPSE NCYCLE:1 BETA:0.167169 CHI:0.506448 A_POT:0.770386 B_POT:0.154235
BEST_FINITE_FULL_NEUTRAL=C:5.224627895824e+01 A:1.097869437700e-01 K_RATIO:38.07791960 NEG_PART:0.15417449 CORE:0.30784954 TUBE_CURV:8.80280436 KIND:ELLIPSE NCYCLE:1 BETA:0.808814 CHI:0.140331 A_POT:0.994364 B_POT:0.976420
BEST_FINITE_FULL_MASSLIKE=NONE
STRICT_MEDIUM_HIGH_C_RELERR=9.578328740132818e-06
STRICT_HIGH_INDEPENDENT_C_RELERR=4.889244270305336e-06
STRICT_WORST_PHASE_JITTER_C=5.224627895824256e+01
STRICT_PHASE_JITTER_ALL_OUTWARD=PASS
WILDCARD_SCALE=0.625000 C=6.874843295298e+01 A=8.343402496925e-02
WILDCARD_SCALE=1.600000 C=8.708928382797e+01 A=6.586296521769e-02
WILDCARD_SCALE=1.875000 C=1.118776468709e+02 A=5.126992417182e-02
WILDCARD_SCALE=3.125000 C=2.922524761389e+02 A=1.962672326125e-02
WILDCARD_SCALE=5.000000 C=7.927009299721e+02 A=7.235967884884e-03

=== 027A DECISION ===
027A_DECISION=YELLOW_POINT_SOURCE_RECTIFICATION_SURVIVES_BUT_LOCALIZATION_SUPPORT_OBSTRUCTS
NEXT=DIAGNOSE_LOCALIZATION_CURVATURE_OR_REPLACE_PHYSICAL_TRANSPORT_WITH_FIELD_STATE_SHUTTLE
026C_N89_STILL_REQUIRED=YES
MICROSCOPIC_FIELD_REALIZATION=NO
FULL_DYNAMIC_LOCAL_TMUNU_CONSERVATION=NO
REACTION_MOMENTUM_CLOSED=NO
RADIATION_LIFETIME_CLOSED=NO
FULL_STABILITY=NO
NONLINEAR_GR=NO
REMOVES_1_OVER_G_SCALING=NO
PRACTICAL_ANTIGRAVITY_DEVICE=NO
HEURISTIC_90_PERCENT_AUTHORIZED=NO
SUMMARY_JSON=/Users/mymac/Desktop/antigravity_research/results/data/027a_phase_locked_scalar_transport_summary.json
POTENTIAL_CSV=/Users/mymac/Desktop/antigravity_research/results/data/027a_scalar_potential_frontier.csv
GEOMETRY_CSV=/Users/mymac/Desktop/antigravity_research/results/data/027a_phase_locked_geometry_top.csv
WILDCARD_CSV=/Users/mymac/Desktop/antigravity_research/results/data/027a_phase_locked_wildcard_audit.csv
027A_RUN_COMPLETE=YES
