027B_PROGRESS_POTENTIAL=1/11 NAME=027A_rank1
027B_PROGRESS_POTENTIAL=2/11 NAME=027A_rank2
027B_PROGRESS_POTENTIAL=3/11 NAME=027A_rank3
027B_PROGRESS_POTENTIAL=4/11 NAME=027A_rank4
027B_PROGRESS_POTENTIAL=5/11 NAME=027A_rank5
027B_PROGRESS_POTENTIAL=6/11 NAME=027A_rank6
027B_PROGRESS_POTENTIAL=7/11 NAME=027A_rank7
027B_PROGRESS_POTENTIAL=8/11 NAME=027A_rank8
027B_PROGRESS_POTENTIAL=9/11 NAME=027A_rank9
027B_PROGRESS_POTENTIAL=10/11 NAME=027A_rank10
027B_PROGRESS_POTENTIAL=11/11 NAME=027A_point_survivor
=== 027B CAUSAL FIELD-STATE SHUTTLE ===
C_006D=2.359158629924900e+01
C_024D=6.610457607426174e+00
B7_NEGATIVE_ACTIVE_FRACTION=5.146504374379111e-02
POTENTIALS_VALID=11
SOBOL_GEOMETRY_POINTS=256

=== PHASE-ONLY ANALYTIC CONTROL ===
PHASE_ONLY_RECTIFICATION=RED_BY_PERIOD_AVERAGING_IDENTITY
PHASE_ONLY_IDENTITY_RESIDUAL=0.000000000000000e+00

=== POTENTIAL AUDIT ===
POT=027A_rank1 A=0.988458823 B=1.122667426 CHI=0.134375503 QBAR=-1.474475257 NEG_DUTY=0.901407427 QNEG=1.697895427
POT=027A_rank2 A=0.991788650 B=1.056507200 CHI=0.136286590 QBAR=-1.467321389 NEG_DUTY=0.899995061 QNEG=1.693921293
POT=027A_rank3 A=0.994363918 B=0.976419513 CHI=0.140331365 QBAR=-1.452161764 NEG_DUTY=0.897049070 QNEG=1.685469693
POT=027A_rank4 A=0.967662120 B=1.317711120 CHI=0.143387583 QBAR=-1.437873269 NEG_DUTY=0.894807123 QNEG=1.676254536
POT=027A_rank5 A=0.987369310 B=1.098256160 CHI=0.145415463 QBAR=-1.430909774 NEG_DUTY=0.893277100 QNEG=1.672712519
POT=027A_rank6 A=0.985227120 B=1.126588020 CHI=0.146288589 QBAR=-1.427233469 NEG_DUTY=0.892632945 QNEG=1.670490685
POT=027A_rank7 A=0.975691500 B=1.235506410 CHI=0.146947389 QBAR=-1.423968738 NEG_DUTY=0.892166144 QNEG=1.668306577
POT=027A_rank8 A=0.980809280 B=1.171792080 CHI=0.149353443 QBAR=-1.414726944 NEG_DUTY=0.890376726 QNEG=1.663086234
POT=027A_rank10 A=0.970988710 B=1.268007950 CHI=0.150623802 QBAR=-1.409082565 NEG_DUTY=0.889458880 QNEG=1.659537251
POT=027A_rank9 A=0.990916270 B=1.009323400 CHI=0.150957921 QBAR=-1.409889153 NEG_DUTY=0.889218272 QNEG=1.660901613
POT=027A_point_survivor A=0.770385987 B=0.154235207 CHI=0.506447991 QBAR=-0.147264359 NEG_DUTY=0.639261598 QNEG=0.977189187

=== CAMPAIGN COUNTS ===
STRICT_HITS=168643
GREEN_HITS=125459
MAJOR_HITS=48358
EXCEPTIONAL_HITS=1515

=== BEST SURVIVORS ===
BEST_ANY=C:1.363152702379e+00 A:3.182264538414e+02 NEG:0.49988024 LINK:0.49928816 KR:105.68783036 R:0.033562 SEP:9.720309 CHI:0.50644799 DF:1.000 QCUT:0.125 POT:027A_point_survivor
BEST_STRICT=C:1.371488554738e+00 A:1.330543429819e+00 NEG:0.49396922 LINK:0.00000000 KR:105.68783036 R:0.033562 SEP:9.720309 CHI:0.13437550 DF:0.000 QCUT:-1.750 POT:027A_rank1
BEST_GREEN=C:1.371488554738e+00 A:1.330543429819e+00 NEG:0.49396922 LINK:0.00000000 KR:105.68783036 R:0.033562 SEP:9.720309 CHI:0.13437550 DF:0.000 QCUT:-1.750 POT:027A_rank1
BEST_MAJOR=C:1.371488554738e+00 A:1.330543429819e+00 NEG:0.49396922 LINK:0.00000000 KR:105.68783036 R:0.033562 SEP:9.720309 CHI:0.13437550 DF:0.000 QCUT:-1.750 POT:027A_rank1
BEST_EXCEPTIONAL=C:1.371488554738e+00 A:1.330543429819e+00 NEG:0.49396922 LINK:0.00000000 KR:105.68783036 R:0.033562 SEP:9.720309 CHI:0.13437550 DF:0.000 QCUT:-1.750 POT:027A_rank1

=== 027B DECISION ===
027B_DECISION=EXCEPTIONAL_SOURCE_GREEN_AUTHORIZE_027C_AND_PARALLEL_028A
NEXT=BUILD_LOCAL_CONSERVATIVE_TWO_REGION_TRANSFER_FIELD_PDE_AND_BEGIN_UNIVERSAL_METRIC_GAIN_ANALYTICAL_FALSIFICATION
026C_N89_STILL_REQUIRED=YES

=== CLAIM BOUNDARIES ===
TRUE_ANTIGRAVITY_BRANCH=YES
MICROSCOPIC_FIELD_REALIZATION=NO
FULL_DYNAMIC_LOCAL_TMUNU_CONSERVATION=NO
REACTION_MOMENTUM_CLOSED=NO
RADIATION_LIFETIME_CLOSED=NO
FULL_STABILITY=NO
NONLINEAR_GR=NO
REMOVES_1_OVER_G_SCALING=NO
PRACTICAL_ANTIGRAVITY_DEVICE=NO
NEW_PHYSICS_DISCOVERY=NO
HEURISTIC_90_PERCENT_AUTHORIZED=NO

SUMMARY_JSON=/Users/mymac/Desktop/antigravity_research/results/data/027b_causal_field_state_shuttle_summary.json
TOP_CSV=/Users/mymac/Desktop/antigravity_research/results/data/027b_causal_field_state_shuttle_top.csv
POTENTIAL_AUDIT_CSV=/Users/mymac/Desktop/antigravity_research/results/data/027b_causal_field_state_potential_audit.csv
PHASE_CONTROL_CSV=/Users/mymac/Desktop/antigravity_research/results/data/027b_phase_only_control.csv
027B_RUN_COMPLETE=YES
