027C_SEED_START=2703 SOBOL_M=8
027C_SEED=2703 POTENTIAL=1/11 NAME=027A_rank1
027C_SEED=2703 POTENTIAL=2/11 NAME=027A_rank2
027C_SEED=2703 POTENTIAL=3/11 NAME=027A_rank3
027C_SEED=2703 POTENTIAL=4/11 NAME=027A_rank4
027C_SEED=2703 POTENTIAL=5/11 NAME=027A_rank5
027C_SEED=2703 POTENTIAL=6/11 NAME=027A_rank6
027C_SEED=2703 POTENTIAL=7/11 NAME=027A_rank7
027C_SEED=2703 POTENTIAL=8/11 NAME=027A_rank8
027C_SEED=2703 POTENTIAL=9/11 NAME=027A_rank9
027C_SEED=2703 POTENTIAL=10/11 NAME=027A_rank10
027C_SEED=2703 POTENTIAL=11/11 NAME=027A_point_survivor
027C_SEED_COMPLETE=2703
SEED_2703_BEST_CENTER_CONTROL=3.3507399325935237
SEED_2703_BEST_PAYLOAD_GLOBAL=7.284835769990e+00
SEED_2703_BEST_PAYLOAD_LOCAL=NONE
SEED_2703_BEST_PAYLOAD_G1=NONE
SEED_2703_GMAX_006D=0.04299998072219054
SEED_2703_GMAX_024D=None
027C_SEED_START=2704 SOBOL_M=8
027C_SEED=2704 POTENTIAL=1/11 NAME=027A_rank1
027C_SEED=2704 POTENTIAL=2/11 NAME=027A_rank2
027C_SEED=2704 POTENTIAL=3/11 NAME=027A_rank3
027C_SEED=2704 POTENTIAL=4/11 NAME=027A_rank4
027C_SEED=2704 POTENTIAL=5/11 NAME=027A_rank5
027C_SEED=2704 POTENTIAL=6/11 NAME=027A_rank6
027C_SEED=2704 POTENTIAL=7/11 NAME=027A_rank7
027C_SEED=2704 POTENTIAL=8/11 NAME=027A_rank8
027C_SEED=2704 POTENTIAL=9/11 NAME=027A_rank9
027C_SEED=2704 POTENTIAL=10/11 NAME=027A_rank10
027C_SEED=2704 POTENTIAL=11/11 NAME=027A_point_survivor
027C_SEED_COMPLETE=2704
SEED_2704_BEST_CENTER_CONTROL=3.319859059099247
SEED_2704_BEST_PAYLOAD_GLOBAL=7.197051137380e+00
SEED_2704_BEST_PAYLOAD_LOCAL=NONE
SEED_2704_BEST_PAYLOAD_G1=NONE
SEED_2704_GMAX_006D=0.048156784919741694
SEED_2704_GMAX_024D=None
=== 027C VIRIAL / LOAD-PATH GATE ===
SOBOL_M=8
SOBOL_POINTS_PER_SEED=256
POTENTIALS=11
GENUINE_TRANSFER_ONLY=YES
DELTA_F_MIN=0.25
N_TAIL=2
Q_LINK=2
Q_PATH=2
CORRECTED_027B_REFERENCE_C=3.080758811305980e+00
CENTER_LINEAGE_CLOSEST_RELERR=0.07761082981108433

SEED=2703
  BEST_CENTER_GLOBAL_CONTROL=3.3507399325935237
  BEST_PAYLOAD_GLOBAL_CONTROL=7.284835769989856e+00
  BEST_PAYLOAD_LOCAL_FRONT_CLOSURE=NONE
  BEST_PAYLOAD_DIRECT_G1=NONE
  G_PATH_MAX_006D=0.04299998072219054
  G_PATH_MAX_024D=None
SEED=2704
  BEST_CENTER_GLOBAL_CONTROL=3.319859059099247
  BEST_PAYLOAD_GLOBAL_CONTROL=7.197051137380200e+00
  BEST_PAYLOAD_LOCAL_FRONT_CLOSURE=NONE
  BEST_PAYLOAD_DIRECT_G1=NONE
  G_PATH_MAX_006D=0.048156784919741694
  G_PATH_MAX_024D=None

ROBUST_G_PATH_MAX_006D=0.04299998072219054
ROBUST_G_PATH_MAX_024D=None
027C_DECISION=YELLOW_ZERO_COST_EXPORT_SURVIVES_BUT_DIRECT_LOAD_PATH_FAILS
NEXT=DERIVE_EXPLICIT_DISTRIBUTED_STRESS_GEOMETRY_BEATING_REQUIRED_G_PATH_BEFORE_PDE
SOURCE_ENGINE_80_HEURISTIC_AUTHORIZED=NO
OVERALL_PRACTICAL_ANTIGRAVITY_80_HEURISTIC_AUTHORIZED=NO
026C_N89_STILL_REQUIRED=YES
MICROSCOPIC_FIELD_REALIZATION=NO
POINTWISE_LOCAL_TMUNU_CONSERVATION=NO
REMOVES_1_OVER_G_SCALING=NO
PRACTICAL_ANTIGRAVITY_DEVICE=NO
SUMMARY_JSON=/Users/mymac/Desktop/antigravity_research/results/data/027c_virial_load_path_gate_summary.json
SEED_CSV=/Users/mymac/Desktop/antigravity_research/results/data/027c_virial_load_path_seed_summary.csv
WILDCARD_CSV=/Users/mymac/Desktop/antigravity_research/results/data/027c_virial_load_path_wildcard_audit.csv
027C_RUN_COMPLETE=YES
