=== 027D PRODUCTIVE SOURCE LEDGER ===
E_COMP=6.757903245186984e-01
E_HIGH=9.761685118359379e-01
E_LINK=4.471042831804334e-01
E_REAR=2.383148816406211e-02
S_COMP=2.703161298074793e+00
S_HIGH=-1.530279676872852e+00
S_LINK=8.942085663608669e-01
S_REAR=5.580442013632370e-02
W_HIGH=-8.558796144717421e-01
W_REAR=4.472084964809538e-01
W_COMP=1.000000000000000e+00
027C_CONSERVATIVE_ZERO_COST_REFERENCE_C=7.411893859177315e+00
027C_REQUIRED_G_PATH_BEATING_006D=4.560965387393934e-02

=== 027D STAGE 1 — LOW-RESOLUTION TOPOLOGY SCAN ===
027D_LOW_BEGIN RMAX=2.500000 LINK=ISOTROPIC_LINK
027D_LOW_RESULT C_ROBUST=inf C_CENTER=inf E_SUPPORT=3.414574353401e+00 E_TOTAL=5.537468961100e+00 A_MIN=-5.341718333813e+00 OUTWARD=False DEC_TOTAL=2.852e-10 CONS=1.242e-02 LAUE=6.116e-15 G_EFF=1.315213e-01 LINK=ISOTROPIC_LINK RMAX=2.500000 GRID=8x18
027D_LOW_BEGIN RMAX=2.500000 LINK=AXIAL_LINK
027D_LOW_RESULT C_ROBUST=inf C_CENTER=inf E_SUPPORT=3.478680253997e+00 E_TOTAL=5.601574861696e+00 A_MIN=-5.359911656029e+00 OUTWARD=False DEC_TOTAL=2.281e-10 CONS=1.668e-02 LAUE=5.838e-14 G_EFF=1.339905e-01 LINK=AXIAL_LINK RMAX=2.500000 GRID=8x18

=== 027D LOW-RESOLUTION WINNER ===
027D_SELECTED_LOW C_ROBUST=inf C_CENTER=inf E_SUPPORT=3.414574353401e+00 E_TOTAL=5.537468961100e+00 A_MIN=-5.341718333813e+00 OUTWARD=False DEC_TOTAL=2.852e-10 CONS=1.242e-02 LAUE=6.116e-15 G_EFF=1.315213e-01 LINK=ISOTROPIC_LINK RMAX=2.500000 GRID=8x18
027D_SMOKE_ONLY=YES
027D_RUN_COMPLETE=YES
