=== 027D PRODUCTIVE SOURCE LEDGER ===
E_COMP=6.757903245186984e-01
E_HIGH=9.761685118359379e-01
E_LINK=4.471042831804334e-01
E_REAR=2.383148816406211e-02
S_COMP=2.703161298074793e+00
S_HIGH=-1.530279676872852e+00
S_LINK=8.942085663608669e-01
S_REAR=5.580442013632370e-02
W_HIGH=-8.558796144717421e-01
W_REAR=4.472084964809538e-01
W_COMP=1.000000000000000e+00
027C_CONSERVATIVE_ZERO_COST_REFERENCE_C=7.411893859177315e+00
027C_REQUIRED_G_PATH_BEATING_006D=4.560965387393934e-02

=== 027D STAGE 1 — LOW-RESOLUTION TOPOLOGY SCAN ===
027D_LOW_BEGIN RMAX=1.500000 LINK=ISOTROPIC_LINK
027D_LOW_RESULT C_ROBUST=inf C_CENTER=inf E_SUPPORT=2.105246347191e+00 E_TOTAL=4.228140954891e+00 A_MIN=-4.168851329554e+00 OUTWARD=False DEC_TOTAL=1.481e-11 CONS=9.962e-04 LAUE=4.969e-16 G_EFF=8.108909e-02 LINK=ISOTROPIC_LINK RMAX=1.500000 GRID=10x26
027D_LOW_BEGIN RMAX=1.500000 LINK=AXIAL_LINK
027D_LOW_RESULT C_ROBUST=inf C_CENTER=inf E_SUPPORT=2.369308836258e+00 E_TOTAL=4.492203443957e+00 A_MIN=-4.148219786712e+00 OUTWARD=False DEC_TOTAL=9.030e-11 CONS=1.824e-02 LAUE=1.442e-16 G_EFF=9.126014e-02 LINK=AXIAL_LINK RMAX=1.500000 GRID=10x26
027D_LOW_BEGIN RMAX=2.500000 LINK=ISOTROPIC_LINK
027D_LOW_RESULT C_ROBUST=inf C_CENTER=inf E_SUPPORT=2.264271536449e+00 E_TOTAL=4.387166144148e+00 A_MIN=-3.961503413029e+00 OUTWARD=False DEC_TOTAL=5.178e-11 CONS=2.515e-02 LAUE=2.404e-16 G_EFF=8.721436e-02 LINK=ISOTROPIC_LINK RMAX=2.500000 GRID=10x26
027D_LOW_BEGIN RMAX=2.500000 LINK=AXIAL_LINK
027D_LOW_RESULT C_ROBUST=inf C_CENTER=inf E_SUPPORT=2.423281903872e+00 E_TOTAL=4.546176511571e+00 A_MIN=-3.953887490883e+00 OUTWARD=False DEC_TOTAL=1.025e-10 CONS=5.766e-02 LAUE=7.893e-15 G_EFF=9.333906e-02 LINK=AXIAL_LINK RMAX=2.500000 GRID=10x26
027D_LOW_BEGIN RMAX=3.500000 LINK=ISOTROPIC_LINK
027D_LOW_RESULT C_ROBUST=inf C_CENTER=inf E_SUPPORT=2.963771351608e+00 E_TOTAL=5.086665959307e+00 A_MIN=-4.555993234770e+00 OUTWARD=False DEC_TOTAL=1.356e-10 CONS=6.618e-03 LAUE=1.070e-16 G_EFF=1.141574e-01 LINK=ISOTROPIC_LINK RMAX=3.500000 GRID=10x26
027D_LOW_BEGIN RMAX=3.500000 LINK=AXIAL_LINK
027D_LOW_RESULT C_ROBUST=inf C_CENTER=inf E_SUPPORT=3.023700511078e+00 E_TOTAL=5.146595118778e+00 A_MIN=-4.548179180695e+00 OUTWARD=False DEC_TOTAL=1.942e-10 CONS=2.343e-02 LAUE=9.839e-15 G_EFF=1.164658e-01 LINK=AXIAL_LINK RMAX=3.500000 GRID=10x26
027D_LOW_BEGIN RMAX=5.000000 LINK=ISOTROPIC_LINK
027D_LOW_RESULT C_ROBUST=inf C_CENTER=inf E_SUPPORT=3.212161560145e+00 E_TOTAL=5.335056167844e+00 A_MIN=-4.438075158731e+00 OUTWARD=False DEC_TOTAL=8.921e-11 CONS=2.729e-01 LAUE=1.927e-14 G_EFF=1.237248e-01 LINK=ISOTROPIC_LINK RMAX=5.000000 GRID=10x26
027D_LOW_BEGIN RMAX=5.000000 LINK=AXIAL_LINK
027D_LOW_RESULT C_ROBUST=inf C_CENTER=inf E_SUPPORT=3.428503821230e+00 E_TOTAL=5.551398428929e+00 A_MIN=-4.477154983707e+00 OUTWARD=False DEC_TOTAL=2.473e-11 CONS=1.823e-01 LAUE=3.332e-14 G_EFF=1.320578e-01 LINK=AXIAL_LINK RMAX=5.000000 GRID=10x26

=== 027D LOW-RESOLUTION WINNER ===
027D_SELECTED_LOW C_ROBUST=inf C_CENTER=inf E_SUPPORT=2.105246347191e+00 E_TOTAL=4.228140954891e+00 A_MIN=-4.168851329554e+00 OUTWARD=False DEC_TOTAL=1.481e-11 CONS=9.962e-04 LAUE=4.969e-16 G_EFF=8.108909e-02 LINK=ISOTROPIC_LINK RMAX=1.500000 GRID=10x26

=== 027D STAGE 2 — PRIMARY GRID ===
027D_PRIMARY_MIN C_ROBUST=inf C_CENTER=inf E_SUPPORT=1.901031064262e+00 E_TOTAL=4.023925671961e+00 A_MIN=-3.937092200552e+00 OUTWARD=False DEC_TOTAL=0.000e+00 CONS=1.365e-02 LAUE=1.836e-15 G_EFF=7.322320e-02 LINK=ISOTROPIC_LINK RMAX=1.500000 GRID=14x34
027D_PRIMARY_BUDGET_BEGIN FACTOR=1.000000
027D_PRIMARY_BUDGET_RESULT C_ROBUST=inf C_CENTER=inf E_SUPPORT=1.901031450288e+00 E_TOTAL=4.023926057987e+00 A_MIN=-3.936803904131e+00 OUTWARD=False DEC_TOTAL=3.052e-10 CONS=6.749e-01 LAUE=1.117e-11 G_EFF=7.322321e-02 LINK=ISOTROPIC_LINK RMAX=1.500000 GRID=14x34
027D_PRIMARY_BUDGET_BEGIN FACTOR=1.250000
027D_PRIMARY_BUDGET_RESULT C_ROBUST=inf C_CENTER=inf E_SUPPORT=1.932353530349e+00 E_TOTAL=4.055248138048e+00 A_MIN=-3.877391801860e+00 OUTWARD=False DEC_TOTAL=0.000e+00 CONS=3.669e-04 LAUE=3.409e-16 G_EFF=7.442966e-02 LINK=ISOTROPIC_LINK RMAX=1.500000 GRID=14x34
027D_PRIMARY_BUDGET_BEGIN FACTOR=1.500000
027D_PRIMARY_BUDGET_RESULT C_ROBUST=inf C_CENTER=inf E_SUPPORT=1.932353820215e+00 E_TOTAL=4.055248427915e+00 A_MIN=-3.877391778291e+00 OUTWARD=False DEC_TOTAL=0.000e+00 CONS=5.769e-05 LAUE=2.286e-16 G_EFF=7.442968e-02 LINK=ISOTROPIC_LINK RMAX=1.500000 GRID=14x34
027D_PRIMARY_BUDGET_BEGIN FACTOR=2.000000
027D_PRIMARY_BUDGET_RESULT C_ROBUST=inf C_CENTER=inf E_SUPPORT=1.932353767277e+00 E_TOTAL=4.055248374976e+00 A_MIN=-3.877391781922e+00 OUTWARD=False DEC_TOTAL=0.000e+00 CONS=5.776e-05 LAUE=1.766e-16 G_EFF=7.442967e-02 LINK=ISOTROPIC_LINK RMAX=1.500000 GRID=14x34
027D_PRIMARY_BUDGET_BEGIN FACTOR=3.000000
027D_PRIMARY_BUDGET_RESULT C_ROBUST=inf C_CENTER=inf E_SUPPORT=1.932353863073e+00 E_TOTAL=4.055248470772e+00 A_MIN=-3.877391774364e+00 OUTWARD=False DEC_TOTAL=0.000e+00 CONS=5.341e-05 LAUE=5.808e-17 G_EFF=7.442968e-02 LINK=ISOTROPIC_LINK RMAX=1.500000 GRID=14x34
027D_PRIMARY_BUDGET_BEGIN FACTOR=4.000000
027D_PRIMARY_BUDGET_RESULT C_ROBUST=inf C_CENTER=inf E_SUPPORT=1.932353958222e+00 E_TOTAL=4.055248565921e+00 A_MIN=-3.877391771532e+00 OUTWARD=False DEC_TOTAL=0.000e+00 CONS=1.218e-04 LAUE=1.917e-16 G_EFF=7.442968e-02 LINK=ISOTROPIC_LINK RMAX=1.500000 GRID=14x34
027D_BLIND_WILDCARD_BEGIN FACTOR=0.625000
027D_BLIND_WILDCARD_RESULT=INFEASIBLE STATUS=infeasible
027D_BLIND_WILDCARD_BEGIN FACTOR=1.600000
027D_BLIND_WILDCARD_RESULT C_ROBUST=inf C_CENTER=inf E_SUPPORT=1.932353693705e+00 E_TOTAL=4.055248301404e+00 A_MIN=-3.877391786044e+00 OUTWARD=False DEC_TOTAL=0.000e+00 CONS=6.450e-05 LAUE=1.790e-16 G_EFF=7.442967e-02 LINK=ISOTROPIC_LINK RMAX=1.500000 GRID=14x34
027D_BLIND_WILDCARD_BEGIN FACTOR=1.875000
027D_BLIND_WILDCARD_RESULT C_ROBUST=inf C_CENTER=inf E_SUPPORT=1.932353881726e+00 E_TOTAL=4.055248489425e+00 A_MIN=-3.877391773642e+00 OUTWARD=False DEC_TOTAL=0.000e+00 CONS=1.240e-04 LAUE=1.648e-16 G_EFF=7.442968e-02 LINK=ISOTROPIC_LINK RMAX=1.500000 GRID=14x34
027D_BLIND_WILDCARD_BEGIN FACTOR=3.125000
027D_BLIND_WILDCARD_RESULT C_ROBUST=inf C_CENTER=inf E_SUPPORT=1.932353863911e+00 E_TOTAL=4.055248471610e+00 A_MIN=-3.877391774740e+00 OUTWARD=False DEC_TOTAL=0.000e+00 CONS=4.917e-05 LAUE=2.558e-16 G_EFF=7.442968e-02 LINK=ISOTROPIC_LINK RMAX=1.500000 GRID=14x34
027D_BLIND_WILDCARD_BEGIN FACTOR=5.000000
027D_BLIND_WILDCARD_RESULT C_ROBUST=inf C_CENTER=inf E_SUPPORT=1.932353882223e+00 E_TOTAL=4.055248489922e+00 A_MIN=-3.877391773608e+00 OUTWARD=False DEC_TOTAL=0.000e+00 CONS=4.524e-05 LAUE=5.338e-17 G_EFF=7.442968e-02 LINK=ISOTROPIC_LINK RMAX=1.500000 GRID=14x34

=== 027D PRIMARY BEST ===
027D_PRIMARY_BEST=NONE

=== 027D STAGE 3 — HIGH-RESOLUTION INDEPENDENT REFINEMENT ===
027D_HIGH_MIN C_ROBUST=inf C_CENTER=inf E_SUPPORT=1.818072905442e+00 E_TOTAL=3.940967513141e+00 A_MIN=-3.813071323220e+00 OUTWARD=False DEC_TOTAL=0.000e+00 CONS=2.664e-03 LAUE=2.158e-16 G_EFF=7.002785e-02 LINK=ISOTROPIC_LINK RMAX=1.500000 GRID=18x44

=== 027D FINAL RESULT ===
SELECTED_RMAX=1.500000000000000e+00
SELECTED_LINK_MODEL=ISOTROPIC_LINK
PRIMARY_BEST=NONE
HIGH_BEST C_ROBUST=inf C_CENTER=inf E_SUPPORT=1.818072905442e+00 E_TOTAL=3.940967513141e+00 A_MIN=-3.813071323220e+00 OUTWARD=False DEC_TOTAL=0.000e+00 CONS=2.664e-03 LAUE=2.158e-16 G_EFF=7.002785e-02 LINK=ISOTROPIC_LINK RMAX=1.500000 GRID=18x44
PRIMARY_HIGH_C_ROBUST_REL_DIFF=NONE
CONSERVATIVE_C_ROBUST=NONE
027D_DECISION=RED_NO_OUTWARD_EXACT_SELF_CLOSING_DEC_SOURCE_IN_TESTED_ENVELOPES
NEXT=CLOSE_027B_027C_SHUTTLE_CLOSURE_CLASS_AND_RERANK_SOURCE_ENGINE
SOURCE_ENGINE_80_HEURISTIC_AUTHORIZED=NO
OVERALL_PRACTICAL_ANTIGRAVITY_80_HEURISTIC_AUTHORIZED=NO
MICROSCOPIC_FIELD_REALIZATION=NO
FULL_DYNAMIC_TMUNU_CONSERVATION=NO
REMOVES_1_OVER_G_SCALING=NO
PRACTICAL_ANTIGRAVITY_DEVICE=NO
026C_N89_STILL_REQUIRED=YES
SUMMARY_JSON=/Users/mymac/Desktop/antigravity_research/results/data/027d_exact_self_closing_stress_summary.json
CASES_CSV=/Users/mymac/Desktop/antigravity_research/results/data/027d_exact_self_closing_stress_cases.csv
WILDCARD_CSV=/Users/mymac/Desktop/antigravity_research/results/data/027d_exact_self_closing_wildcard_audit.csv
BEST_SOURCE_NPZ=/Users/mymac/Desktop/antigravity_research/results/data/027d_exact_self_closing_best_source.npz
027D_RUN_COMPLETE=YES
