=== 028A METRIC-GAIN LOCALIZATION GATE ===
THEORY_CLASS=POSITIVE_KINETIC_METRIC_SCALAR_TENSOR_F_R
BOUND=E_WALL_GE_3_C4_A_OVER_32PI_G_ELL_TIMES_LN_GAMMA_SQUARED
BEST_ENERGY_REDUCTION_FACTOR=1.000000000000274e+00
BEST_CASE_SOURCE=006D_REFERENCE
BEST_CASE_SCENARIO=ONE_G_ONE_M
BEST_CASE_AREA=OPTIMISTIC_DISK
BEST_CASE_R_OVER_H=0.25
BEST_CASE_ELL_OVER_R=10.0
BEST_CASE_B=2.147988813880802e+13
BEST_CASE_GAMMA_OPT=1.000000000000549e+00
027B_SOURCE_1G_1M_GAMMA_1E17_LOCALIZATION_BURDEN_ORDERS=16.028703536221
027B_SOURCE_1G_1M_GAMMA_1E17_E_WALL_J=4.346278917986352e+44
028A_DECISION=RED_CONVENTIONAL_POSITIVE_KINETIC_F_R_LOCAL_GAIN
NEXT=DO_NOT_BUILD_F_R_GAIN_PDE; RERANK_HEALTHY_DERIVATIVE_MIXING_CRITICAL_OR_NONCONFORMAL_GAIN_CLASSES
REMOVES_1_OVER_G_BOTTLENECK=NO
PRACTICAL_GAIN_ENGINE=NO
PRACTICAL_ANTIGRAVITY_DEVICE=NO
SUMMARY_JSON=/Users/mymac/Desktop/antigravity_research/results/data/028a_metric_gain_localization_gate_summary.json
SCAN_CSV=/Users/mymac/Desktop/antigravity_research/results/data/028a_metric_gain_localization_scan.csv
TARGET_GAMMA_CSV=/Users/mymac/Desktop/antigravity_research/results/data/028a_metric_gain_target_gamma.csv
028A_RUN_COMPLETE=YES
