=== 028B CRITICAL KINETIC-BRAIDING GAIN TOURNAMENT ===
028A_LINEAGE=RED_CONVENTIONAL_POSITIVE_KINETIC_F_R_LOCAL_GAIN
027D_LINEAGE=RED_NO_OUTWARD_EXACT_SELF_CLOSING_DEC_SOURCE_IN_TESTED_ENVELOPES
SMOKE=True
=== GENERIC MIXING THEOREM ===
MATRIX_MAX_K_ERROR=8.740378e-08
MATRIX_MAX_CONDITION_RELERR=2.641595e-15
KINETIC_THEOREM=K_OPT_1_AND_KAPPA_ASYMPTOTIC_4GAMMA
UNPROTECTED_LOOP_FLOOR=6.332573977646111e-03
UNPROTECTED_GAIN_SCALE=1.579136704174297e+02
028B_GROUP SOURCE=IDEAL_C1 SCENARIO=ONE_G_ONE_M_ONE_TJ
028B_GROUP SOURCE=IDEAL_C1 SCENARIO=POINT_ONE_G_ONE_CM_ONE_PJ
028B_GROUP SOURCE=006D_REFERENCE SCENARIO=ONE_G_ONE_M_ONE_TJ
028B_GROUP SOURCE=006D_REFERENCE SCENARIO=POINT_ONE_G_ONE_CM_ONE_PJ
=== 028B DECISIVE RESULTS ===
IDEAL_MACRO_OPTIMISTIC GAMMA_OPT=4.018230758166e+13 E_TOTAL=4.381877508788e+14 BUDGET_RATIO=4.381877508788e+02 ALLOWED_BG_RESIDUAL=2.712433300579e-11 CANCEL_DIGITS=10.566641 SAFETY=1 QT_FLOOR=0.1 REGION_RATIO=1
IDEAL_MACRO_PRIMARY GAMMA_OPT=1.270676168485e+12 E_TOTAL=1.385671335562e+16 BUDGET_RATIO=1.385671335562e+04 ALLOWED_BG_RESIDUAL=2.712433300579e-17 CANCEL_DIGITS=16.566641 SAFETY=10 QT_FLOOR=0.1 REGION_RATIO=1
006D_MACRO_PRIMARY GAMMA_OPT=2.800426440819e+12 E_TOTAL=1.483296906535e+17 BUDGET_RATIO=1.483296906535e+05 ALLOWED_BG_RESIDUAL=2.065796969754e-21 CANCEL_DIGITS=20.684912 SAFETY=10 QT_FLOOR=0.1 REGION_RATIO=1
006D_SMALL_PRIMARY GAMMA_OPT=4.979939927349e+10 E_TOTAL=8.341191480498e+13 BUDGET_RATIO=8.341191480498e-02 ALLOWED_BG_RESIDUAL=1.000000000000e+00 CANCEL_DIGITS=0.000000 SAFETY=10 QT_FLOOR=0.1 REGION_RATIO=1
TARGET_GAIN_IDEAL_C1=1.320554586032904e+16
TARGET_CONDITION_IDEAL_C1=5.282218344131617e+16
TARGET_CANONICAL_BG_S10_IDEAL_C1=3.888344460948295e+27
TARGET_GAIN_006D_REFERENCE=3.115397747926429e+17
TARGET_CONDITION_006D_REFERENCE=1.246159099170572e+18
TARGET_CANONICAL_BG_S10_006D_REFERENCE=5.105475104485721e+31
028B_DECISION=YELLOW_SUBSCALE_WINDOW_MACROSCOPIC_1TJ_GATE_RED
NEXT=TEST_FULL_COVARIANT_KGB_STRESS_ENERGY_ON_0P1G_1CM_WINDOW_BEFORE_ABANDONING_GAIN_CLASS
GAIN_ENGINE_80_HEURISTIC_AUTHORIZED=NO
OVERALL_PRACTICAL_ANTIGRAVITY_80_HEURISTIC_AUTHORIZED=NO
FULL_COVARIANT_GAIN_TMUNU=NO
EMPIRICAL_CONSISTENCY_CLOSED=NO
PRACTICAL_ANTIGRAVITY_DEVICE=NO
026C_N89_STILL_REQUIRED=YES
SUMMARY_JSON=/Users/mymac/Desktop/antigravity_research/results/data/028b_critical_braiding_gain_summary.json
MATRIX_CSV=/Users/mymac/Desktop/antigravity_research/results/data/028b_kinetic_matrix_theorem_scan.csv
CASES_CSV=/Users/mymac/Desktop/antigravity_research/results/data/028b_cubic_braiding_practicality_scan.csv
TARGET_CSV=/Users/mymac/Desktop/antigravity_research/results/data/028b_target_gain_audit.csv
WILDCARD_CSV=/Users/mymac/Desktop/antigravity_research/results/data/028b_wildcard_audit.csv
028B_RUN_COMPLETE=YES
