=== 028C LINEAGE ===
028B_DECISION=YELLOW_SUBSCALE_WINDOW_MACROSCOPIC_1TJ_GATE_RED
028A_DECISION=RED_CONVENTIONAL_POSITIVE_KINETIC_F_R_LOCAL_GAIN
027D_DECISION=RED_NO_OUTWARD_EXACT_SELF_CLOSING_DEC_SOURCE_IN_TESTED_ENVELOPES

=== 028B EXACT ONSHELL AUDIT ===
028B_MATCHING_C3=5.000000000000000e-01
028B_EOM_RESIDUAL_AT_MATCH=-3.749999999939758e-01
028B_C3_REQUIRED_ONSHELL=2.999999999759033e+00
028B_Z3_IF_SAME_HESSIAN_FORCED_ONSHELL=-4.999999999397583e+00

=== SPHERICAL PHYSICAL-BRANCH CONTROL ===
SPHERICAL_FORCE_RATIO_MAX=9.999999999989999e-01
SPHERICAL_FORCE_RATIO_MIN=9.999995000001250e-07
SPHERICAL_NONLINEAR_AMPLIFICATION_FOUND=NO

028C_CASE_BEGIN CASE=IDEAL_SMALL
028C_CASE_RESULT CASE=IDEAL_SMALL RREG=1 SAFETY=1 GAMMA=9.098429810219e+07 E=1.741691424019e+15 RATIO=1.741691424019e+00 X3=1.705955576916e+07 Z3=1.099090745171e-08 EOM=0.000e+00
028C_CASE_RESULT CASE=IDEAL_SMALL RREG=1 SAFETY=10 GAMMA=9.098428528899e+06 E=1.741691385733e+16 RATIO=1.741691385733e+01 X3=1.705955224169e+06 Z3=1.099090899955e-07 EOM=0.000e+00

028C_CASE_BEGIN CASE=006D_SMALL
028C_CASE_RESULT CASE=006D_SMALL RREG=1 SAFETY=1 GAMMA=1.540846045891e+08 E=2.426249731744e+16 RATIO=2.426249731744e+01 X3=2.889086323546e+07 Z3=6.489941046780e-09 EOM=0.000e+00
028C_CASE_RESULT CASE=006D_SMALL RREG=1 SAFETY=10 GAMMA=1.540846061811e+07 E=2.426249700252e+17 RATIO=2.426249700252e+02 X3=2.889086240896e+06 Z3=6.489940979727e-08 EOM=4.657e-10

028C_CASE_BEGIN CASE=IDEAL_MACRO
028C_CASE_RESULT CASE=IDEAL_MACRO RREG=1 SAFETY=1 GAMMA=1.335466659503e+09 E=1.186600556631e+19 RATIO=1.186600556631e+07 X3=2.503999985318e+08 Z3=7.488019209498e-10 EOM=0.000e+00
028C_CASE_RESULT CASE=IDEAL_MACRO RREG=1 SAFETY=10 GAMMA=1.335466727571e+08 E=1.186600554854e+20 RATIO=1.186600554854e+08 X3=2.504000101696e+07 Z3=7.488018827833e-09 EOM=3.725e-09

028C_CASE_BEGIN CASE=006D_MACRO
028C_CASE_RESULT CASE=006D_MACRO RREG=1 SAFETY=1 GAMMA=2.261652433410e+09 E=1.652984702013e+20 RATIO=1.652984702013e+08 X3=4.240598311394e+08 Z3=4.421545880470e-10 EOM=0.000e+00
028C_CASE_RESULT CASE=006D_MACRO RREG=1 SAFETY=10 GAMMA=2.261652574415e+08 E=1.652984700551e+21 RATIO=1.652984700551e+09 X3=4.240598564528e+07 Z3=4.421545604805e-09 EOM=0.000e+00

=== 028C FINAL ONSHELL CUBIC-BRAIDING CLOSURE GATE ===
028B_REPORTED_DECISION=YELLOW_SUBSCALE_WINDOW_MACROSCOPIC_1TJ_GATE_RED
028B_MATCH_C3=5.000000000000000e-01
028B_EOM_RESIDUAL_AT_MATCH=-3.749999999939758e-01
028B_C3_REQUIRED_ONSHELL=2.999999999759033e+00
028B_Z3_IF_SAME_HESSIAN_FORCED_ONSHELL=-4.999999999397583e+00
SPHERICAL_FORCE_RATIO_MAX=9.999999999989999e-01
IDEAL_SMALL_PRIMARY GAMMA=9.098428528899e+06 E=1.741691385733e+16 RATIO=1.741691385733e+01 X3=1.705955224169e+06 Z3=1.099090899955e-07 SAFETY=10 RREG=1
IDEAL_SMALL_OPTIMISTIC GAMMA=9.098429810219e+07 E=1.741691424019e+15 RATIO=1.741691424019e+00 SAFETY=1 RREG=1
006D_SMALL_PRIMARY GAMMA=1.540846061811e+07 E=2.426249700252e+17 RATIO=2.426249700252e+02 X3=2.889086240896e+06 Z3=6.489940979727e-08 SAFETY=10 RREG=1
006D_SMALL_OPTIMISTIC GAMMA=1.540846045891e+08 E=2.426249731744e+16 RATIO=2.426249731744e+01 SAFETY=1 RREG=1
IDEAL_MACRO_PRIMARY GAMMA=1.335466727571e+08 E=1.186600554854e+20 RATIO=1.186600554854e+08 X3=2.504000101696e+07 Z3=7.488018827833e-09 SAFETY=10 RREG=1
IDEAL_MACRO_OPTIMISTIC GAMMA=1.335466659503e+09 E=1.186600556631e+19 RATIO=1.186600556631e+07 SAFETY=1 RREG=1
006D_MACRO_PRIMARY GAMMA=2.261652574415e+08 E=1.652984700551e+21 RATIO=1.652984700551e+09 X3=4.240598564528e+07 Z3=4.421545604805e-09 SAFETY=10 RREG=1
006D_MACRO_OPTIMISTIC GAMMA=2.261652433410e+09 E=1.652984702013e+20 RATIO=1.652984702013e+08 SAFETY=1 RREG=1
006D_SMALL_SAFETY1_BUDGET_RATIO=2.426249731744498e+01
IDEAL_SMALL_SAFETY1_BUDGET_RATIO=1.741691424018793e+00
006D_SMALL_PRIMARY_WEC_FRACTION=0.000000000000000e+00
006D_SMALL_PRIMARY_DEC_FRACTION=0.000000000000000e+00
006D_SMALL_PRIMARY_E_ABS_BULK_J=4.673254945235749e+23
006D_SMALL_PRIMARY_SIGNED_BULK_OVER_GRAD=-1.155634396358496e+07
INDEPENDENT_T00_MC_RELERR=3.401261475037450e-05
MAX_ONSHELL_EOM_RESIDUAL=3.725290298461914e-09
028C_DECISION=DECISIVE_RED_ONSHELL_CUBIC_BRAIDING_CLOSES_028B_SUBSCALE_WINDOW
NEXT=CLOSE_028A_THROUGH_028C_LOCAL_SCALAR_GAIN_CLASSES_AND_PRESERVE_006D_AS_TRUE_STANDOFF_BASELINE
GAIN_ENGINE_80_HEURISTIC_AUTHORIZED=NO
OVERALL_PRACTICAL_ANTIGRAVITY_80_HEURISTIC_AUTHORIZED=NO
BOUNDARY_WALL_ENERGY_INCLUDED=NO
ACTUAL_COMPLETE_METRIC_GAIN_PROVEN=NO
PRACTICAL_ANTIGRAVITY_DEVICE=NO
026C_N89_STILL_REQUIRED=YES
SUMMARY_JSON=/Users/mymac/Desktop/antigravity_research/results/data/028c_onshell_cubic_braiding_closure_summary.json
CASES_CSV=/Users/mymac/Desktop/antigravity_research/results/data/028c_onshell_cubic_braiding_cases.csv
TARGET_CSV=/Users/mymac/Desktop/antigravity_research/results/data/028c_target_gain_audit.csv
WILDCARD_CSV=/Users/mymac/Desktop/antigravity_research/results/data/028c_wildcard_audit.csv
028C_RUN_COMPLETE=YES
