=== 029A LINEAGE ===
028C_DECISION=DECISIVE_RED_ONSHELL_CUBIC_BRAIDING_CLOSES_028B_SUBSCALE_WINDOW
006D_FP_POINTWISE_REPULSION_POSSIBLE=NO
006D_FP_ANALYTIC_REASON=2RHO_PLUS_PR_PLUS_PPHI_GE_ZERO_FROM_PZ_ZERO_AND_DEC
FP_LOCAL_DEC_MIN_SOURCE_RATIO=-1
FP_STATIC_LAUE_TOTAL_SOURCE_RATIO=2

=== 029A B7 FIELD RECONSTRUCTION ===
N73_ENERGY=1.782457314172114e+03 SGR_OVER_E=1.036670977471536e+00 SFP_OVER_E=2.036670977471535e+00 NEG_FP_ENERGY_FRAC=1.090447881578948e-02 R999999=1.953162451530169e+00 VIRIAL_GREEN=False
N81_ENERGY=1.783891876995030e+03 SGR_OVER_E=1.030298070295110e+00 SFP_OVER_E=2.030298070295110e+00 NEG_FP_ENERGY_FRAC=9.538584193689475e-03 R999999=1.953446674264430e+00 VIRIAL_GREEN=False

=== 029A N73 B7 FP STANDOFF SELECTION ===
B7_N73_FP_EXTERNAL_CANDIDATE=NONE

=== 029A INDEPENDENT RELAXED FP-DEC SOURCE SEARCH ===
029A_RELAXED_BEGIN GRID=10x14 RMAX=1.5 DEPTH=1.0 MU_H=0.03
029A_RELAXED_RESULT FEASIBLE=False C=None GREEN=None
029A_RELAXED_BEGIN GRID=10x14 RMAX=1.5 DEPTH=1.0 MU_H=0.1
029A_RELAXED_RESULT FEASIBLE=False C=None GREEN=None
029A_RELAXED_BEGIN GRID=10x14 RMAX=1.5 DEPTH=1.0 MU_H=0.25
029A_RELAXED_RESULT FEASIBLE=False C=None GREEN=None
029A_RELAXED_BEGIN GRID=10x14 RMAX=1.5 DEPTH=1.0 MU_H=0.5
029A_RELAXED_RESULT FEASIBLE=False C=None GREEN=None
029A_RELAXED_BEGIN GRID=10x14 RMAX=1.5 DEPTH=1.0 MU_H=1.0
029A_RELAXED_RESULT FEASIBLE=False C=None GREEN=None
029A_RELAXED_BEGIN GRID=10x14 RMAX=2.5 DEPTH=1.5 MU_H=0.03
029A_RELAXED_RESULT FEASIBLE=False C=None GREEN=None
029A_RELAXED_BEGIN GRID=10x14 RMAX=2.5 DEPTH=1.5 MU_H=0.1
029A_RELAXED_RESULT FEASIBLE=False C=None GREEN=None
029A_RELAXED_BEGIN GRID=10x14 RMAX=2.5 DEPTH=1.5 MU_H=0.25
029A_RELAXED_RESULT FEASIBLE=False C=None GREEN=None
029A_RELAXED_BEGIN GRID=10x14 RMAX=2.5 DEPTH=1.5 MU_H=0.5
029A_RELAXED_RESULT FEASIBLE=False C=None GREEN=None
029A_RELAXED_BEGIN GRID=10x14 RMAX=2.5 DEPTH=1.5 MU_H=1.0
029A_RELAXED_RESULT FEASIBLE=False C=None GREEN=None
029A_RELAXED_BEGIN GRID=10x14 RMAX=4.0 DEPTH=2.0 MU_H=0.03
029A_RELAXED_RESULT FEASIBLE=False C=None GREEN=None
029A_RELAXED_BEGIN GRID=10x14 RMAX=4.0 DEPTH=2.0 MU_H=0.1
029A_RELAXED_RESULT FEASIBLE=False C=None GREEN=None
029A_RELAXED_BEGIN GRID=10x14 RMAX=4.0 DEPTH=2.0 MU_H=0.25
029A_RELAXED_RESULT FEASIBLE=False C=None GREEN=None
029A_RELAXED_BEGIN GRID=10x14 RMAX=4.0 DEPTH=2.0 MU_H=0.5
029A_RELAXED_RESULT FEASIBLE=False C=None GREEN=None
029A_RELAXED_BEGIN GRID=10x14 RMAX=4.0 DEPTH=2.0 MU_H=1.0
029A_RELAXED_RESULT FEASIBLE=False C=None GREEN=None
RELAXED_FP_DEC_SOURCE=NONE

=== 029A FINAL RESULT ===
B7_FP_NEGATIVE_ENERGY_PARTICIPATION_N73=1.090447881578948e-02
B7_FP_NEGATIVE_ENERGY_PARTICIPATION_N81=9.538584193689475e-03
B7_FP_N73_N81_EXTERNAL_SIGN=NO_VALIDATED_CANDIDATE
RELAXED_FP_DEC_SOURCE_CONVERGED=NO
029A_DECISION=RED_NO_PROMOTION_GRADE_MASS_GATED_SPIN2_ROUTE_IN_029A
NEXT=PRESERVE_006D_AND_CLOSE_CURRENT_SIGN_PLUS_LOCAL_GAIN_PROGRAM
ROUTE_LEVEL_80_HEURISTIC_AUTHORIZED=NO
HEURISTIC_IS_PROBABILITY=NO
FULL_LOCALIZED_BIMETRIC_SOLUTION=NO
PRACTICAL_ANTIGRAVITY_DEVICE=NO
026C_N89_STILL_REQUIRED=YES
SUMMARY_JSON=/Users/mymac/Desktop/antigravity_research/results/data/029a_mass_gated_spin2_portal_summary.json
B7_SCAN_CSV=/Users/mymac/Desktop/antigravity_research/results/data/029a_b7_fp_standoff_scan.csv
RELAXED_SCAN_CSV=/Users/mymac/Desktop/antigravity_research/results/data/029a_relaxed_fp_dec_source_scan.csv
PORTAL_CSV=/Users/mymac/Desktop/antigravity_research/results/data/029a_spin2_portal_scaling.csv
029A_RUN_COMPLETE=YES
