=== 030A DYNAMIC TRUE-GRAVITY IMPULSE / MEMORY GATE ===
029A_LINEAGE=RED_NO_PROMOTION_GRADE_MASS_GATED_SPIN2_ROUTE_IN_029A
PAYLOAD_RADIUS_OVER_H=1.000000000000e-01
PRIMARY_RECOIL_BALANCED_PAIRED_BEAMS=YES
MISSION_SECONDS=1

=== COMPACT WEAK-TT VALIDATION ===
WAVEFORM_CASES=64
OUTWARD_RADIAL_CASES=0
SIGNED_CHI_MEAN=-2.499999394219777e-01
SIGNED_CHI_MIN=-2.500103875193995e-01
SIGNED_CHI_MAX=-2.499903359641119e-01
MAX_CHI_ERROR_FROM_MINUS_QUARTER=1.038751939952398e-05
MAX_AMPLITUDE_SQUARED_SCALING_ERROR=8.308430011183532e-05
FIRST_ORDER_COMPACT_TT_VELOCITY_MEMORY=ZERO
SECOND_ORDER_COMPACT_TT_RADIAL_SIGN=INWARD
DISPLACEMENT_MEMORY_FIRST_ORDER_RESIDUAL_VELOCITY=ZERO
COMPACT_TT_VALIDATION=PASS

=== TARGET MACRO_1G_1M_1TJ_1S ===
C_REQUIRED=7.572576026592839e-17
C1_PEAK_ENERGY_GAP=1.320554586032904e+16
C006D_PEAK_ENERGY_GAP=3.115397747926430e+17
RAW_TEACHER_ORACLE_ENERGY_GAP=3.235948030785342e+14
PAIRED_MEMORY_POWER_CHI0P25_W=9.897307631749423e+33
PAIRED_MEMORY_POWER_GAP_CHI0P25=9.897307631749423e+21
CHI_REQUIRED_FOR_DYNAMIC_BUDGET=2.474326907937356e+21
BUDGET_METRIC_WEAKNESS=1.652543527939607e-32

=== TARGET SUBSCALE_0P1G_1CM_1PJ_1S ===
C_REQUIRED=7.572576026592837e-09
C1_PEAK_ENERGY_GAP=1.320554586032905e+08
C006D_PEAK_ENERGY_GAP=3.115397747926430e+09
RAW_TEACHER_ORACLE_ENERGY_GAP=3.235948030785342e+06
PAIRED_MEMORY_POWER_CHI0P25_W=9.897307631749424e+30
PAIRED_MEMORY_POWER_GAP_CHI0P25=9.897307631749424e+15
CHI_REQUIRED_FOR_DYNAMIC_BUDGET=2.474326907937356e+15
BUDGET_METRIC_WEAKNESS=1.652543527939607e-27

=== 030A FINAL RESULT ===
MACRO_C1_ENERGY_GAP=1.320554586032904e+16
MACRO_CHI_REQUIRED=2.474326907937356e+21
MACRO_ORACLE_CHI1E12_POWER_GAP=2.474326907937356e+09
030A_DECISION=RED_TESTED_DYNAMIC_PURE_GR_CLASSES_DO_NOT_ESCAPE_1_OVER_G_SCALING
NEXT=030B_POSITIVE_SPECTRAL_NONLOCAL_PROPAGATOR_SIGN_AND_KERNEL_GATE
ROUTE_LEVEL_80_HEURISTIC_AUTHORIZED=NO
HEURISTIC_IS_PROBABILITY=NO
UNIVERSAL_DYNAMIC_GR_NO_GO=NO
PRACTICAL_ANTIGRAVITY_DEVICE=NO
026C_N89_STILL_REQUIRED=YES
SUMMARY_JSON=/Users/mymac/Desktop/antigravity_research/results/data/030a_dynamic_gr_impulse_memory_summary.json
WAVEFORM_CSV=/Users/mymac/Desktop/antigravity_research/results/data/030a_compact_tt_waveform_audit.csv
TARGET_CSV=/Users/mymac/Desktop/antigravity_research/results/data/030a_dynamic_scaling_targets.csv
ORACLE_CSV=/Users/mymac/Desktop/antigravity_research/results/data/030a_memory_oracle_scan.csv
WILDCARD_CSV=/Users/mymac/Desktop/antigravity_research/results/data/030a_dynamic_wildcard_audit.csv
030A_RUN_COMPLETE=YES
