=== 031A SCALAR-CHARGE ENERGY / DUAL-KERNEL THEOREM GATE ===
CLAIM_CLASS=ANALYTIC_AND_NUMERICAL_PREFLIGHT
TRUE_ANTIGRAVITY_TARGET=YES_ONE_PHYSICAL_METRIC
MICROSCOPIC_SOURCE=NO
PRACTICAL_DEVICE=NO
PRIMARY_D_M=1.100000000000000e+00
PRIMARY_PAYLOAD_RADIUS_M=1.000000000000000e-01

=== A — THEOREM RECONSTRUCTION ===
CAVITY_LAMBDA_inf: A=1.598204822979532e+11 B=1.598204822979532e+11 RELERR=0.000e+00 PASS=True
HALFSPACE_LAMBDA_inf: A=9.589228937877195e+11 B=9.589228937877197e+11 RELERR=2.546e-16 PASS=True
CAVITY_LAMBDA_3.3000000000000003: A=1.669951620338283e+11 B=1.669951620338283e+11 RELERR=0.000e+00 PASS=True
HALFSPACE_LAMBDA_3.3000000000000003: A=9.886149434750360e+11 B=9.886149476104705e+11 RELERR=4.183e-09 PASS=True
CAVITY_LAMBDA_1.1: A=2.321478026631300e+11 B=2.321478026631297e+11 RELERR=1.315e-15 PASS=True
HALFSPACE_LAMBDA_1.1: A=1.414766896470355e+12 B=1.414766904959062e+12 RELERR=6.000e-09 PASS=True
CAVITY_LAMBDA_0.55: A=5.841051670510521e+11 B=5.841051670510499e+11 RELERR=3.762e-15 PASS=True
HALFSPACE_LAMBDA_0.55: A=4.000812964234879e+12 B=4.000812989368505e+12 RELERR=6.282e-09 PASS=True
PAYLOAD_FACTOR_LAMBDA_3.3000000000000003: A=1.000091830376129e+00 B=1.000091830376133e+00 RELERR=3.774e-15 PASS=True
PAYLOAD_FACTOR_LAMBDA_1.1: A=1.000826690251705e+00 B=1.000826690251709e+00 RELERR=4.215e-15 PASS=True
PAYLOAD_FACTOR_LAMBDA_0.55: A=1.003309690448203e+00 B=1.003309690448207e+00 RELERR=3.541e-15 PASS=True
SPHERE_FIELD_VS_SOURCE_X0: A=8.002500812007625e-11 B=8.002502353363324e-11 RELERR=1.926e-07 PASS=True
SPHERE_SOURCE_VS_EXACT_X0: A=8.002502353363324e-11 B=8.009159999999998e-11 RELERR=8.313e-04 PASS=True
SPHERE_QFAR_VS_EXACT_X0: A=9.999999999999999e-01 B=1.000000000000000e+00 RELERR=1.110e-16 PASS=True
FINITE_SHELL_FIELD_VS_SOURCE_X0: A=7.216382322277772e-11 B=7.216398306492358e-11 RELERR=2.215e-06 PASS=True
THIN_SHELL_NUM_VS_EXACT_X0: A=6.671525213619777e-11 B=6.674299999999999e-11 RELERR=4.157e-04 PASS=True
SPHERE_FIELD_VS_SOURCE_X1: A=3.762490756203552e-11 B=3.762490897750040e-11 RELERR=3.762e-08 PASS=True
SPHERE_SOURCE_VS_EXACT_X1: A=3.762490897750040e-11 B=3.764070943689767e-11 RELERR=4.198e-04 PASS=True
SPHERE_QFAR_VS_EXACT_X1: A=1.103691987350161e+00 B=1.103638323514327e+00 RELERR=4.862e-05 PASS=True
FINITE_SHELL_FIELD_VS_SOURCE_X1: A=3.221323615975543e-11 B=3.221324964891940e-11 RELERR=4.187e-07 PASS=True
THIN_SHELL_NUM_VS_EXACT_X1: A=2.884682262569074e-11 B=2.885515859546938e-11 RELERR=2.889e-04 PASS=True
SPHERE_FIELD_VS_SOURCE_X3: A=1.230351869569110e-11 B=1.230351800417526e-11 RELERR=5.620e-08 PASS=True
SPHERE_SOURCE_VS_EXACT_X3: A=1.230351800417526e-11 B=1.231079574621415e-11 RELERR=5.912e-04 PASS=True
SPHERE_QFAR_VS_EXACT_X3: A=2.243612434658127e+00 B=2.242790117769266e+00 RELERR=3.665e-04 PASS=True
FINITE_SHELL_FIELD_VS_SOURCE_X3: A=1.126175672489110e-11 B=1.126176526006792e-11 RELERR=7.579e-07 PASS=True
THIN_SHELL_NUM_VS_EXACT_X3: A=1.108793103251058e-11 B=1.109626010724546e-11 RELERR=7.506e-04 PASS=True
NORMALIZATION_RECONSTRUCTION=PASS

=== B — PRIMARY 1g / 1m CLEARANCE THEOREMS ===
CAVITY_FLOOR_ALPHA1_J=1.598204822979532e+11
TRUE_STANDOFF_HALFSPACE_FLOOR_ALPHA1_J=9.589228937877195e+11
HALFSPACE_OVER_CAVITY=6.000000000000000e+00
ALPHA_M_MIN_FIELD_ONLY_1TJ=9.792460843872287e-01
ALPHA_M_MIN_FIELD_ONLY_1E11J=3.096648016465093e+00
ALPHA_M_ALPHA_X_PRODUCT_FLOOR_IGNORE_FIELD=7.989355245499072e+15
EQUAL_SPLIT_SQRT_PRODUCT=8.938319330555981e+07
LONG_RANGE_BD_REFERENCE_ALPHA_M=1.336299050836382e-03
PHYSICAL_ALPHA_M=1 E_FIELD_J=9.589228937877195e+11 QABS_KG=8.889356561736813e+10 ALPHA_X_MIN=1.944965452096660e+17 FX_GEV_MAX=1.251950258229567e+01
PHYSICAL_ALPHA_M=2 E_FIELD_J=2.397307234469299e+11 QABS_KG=4.444678280868407e+10 ALPHA_X_MIN=5.254293111594245e+15 FX_GEV_MAX=4.634305601693351e+02
PHYSICAL_ALPHA_M=3 E_FIELD_J=1.065469881986355e+11 QABS_KG=2.963118853912271e+10 ALPHA_X_MIN=2.980703383378858e+15 FX_GEV_MAX=8.169212721997650e+02
PHYSICAL_ALPHA_M=5 E_FIELD_J=3.835691575150878e+10 QABS_KG=1.777871312347363e+10 ALPHA_X_MIN=1.661605095770564e+15 FX_GEV_MAX=1.465450488926659e+03
PHYSICAL_ALPHA_M=10 E_FIELD_J=9.589228937877195e+09 QABS_KG=8.889356561736813e+09 ALPHA_X_MIN=8.066708762598811e+14 FX_GEV_MAX=3.018579288854266e+03
BLIND_WILDCARD_ALPHA_M=0.625 DUAL_BOUND=FIELD_FLOOR_EXCEEDS_1TJ
BLIND_WILDCARD_ALPHA_M=1.6 E_FIELD_J=3.745792553858278e+11 QABS_KG=5.555847851085508e+10 ALPHA_X_MIN=7.983980498627947e+15 FX_GEV_MAX=3.049857148847566e+02
BLIND_WILDCARD_ALPHA_M=1.875 E_FIELD_J=2.727602897885069e+11 QABS_KG=4.740990166259634e+10 ALPHA_X_MIN=5.859126508681720e+15 FX_GEV_MAX=4.155909582071586e+02
BLIND_WILDCARD_ALPHA_M=3.125 E_FIELD_J=9.819370432386247e+10 QABS_KG=2.844594099755780e+10 ALPHA_X_MIN=2.834969871931170e+15 FX_GEV_MAX=8.589156534285451e+02
BLIND_WILDCARD_ALPHA_M=5 E_FIELD_J=3.835691575150878e+10 QABS_KG=1.777871312347363e+10 ALPHA_X_MIN=1.661605095770564e+15 FX_GEV_MAX=1.465450488926659e+03

=== C — RANGE / LEAKAGE TENSION ===
LAMBDA_OVER_D=10 E_OVER_MASSLESS=1.001133253996320e+00 QABS_OVER_MASSLESS=1.004692531345657e+00
LAMBDA_OVER_D=3 E_OVER_MASSLESS=1.030963959542184e+00 QABS_OVER_MASSLESS=1.046613207930021e+00
LAMBDA_OVER_D=1 E_OVER_MASSLESS=1.475370862074284e+00 QABS_OVER_MASSLESS=1.358018253777487e+00
LAMBDA_OVER_D=0.5 E_OVER_MASSLESS=4.172194646883209e+00 QABS_OVER_MASSLESS=2.454893761210717e+00
LAMBDA_OVER_D=0.3 E_OVER_MASSLESS=2.581197207834287e+01 QABS_OVER_MASSLESS=6.409783798047898e+00
LAMBDA_OVER_D=0.2 E_OVER_MASSLESS=3.465146325507072e+02 QABS_OVER_MASSLESS=2.423117401291679e+01
LAMBDA_OVER_D=0.1 E_OVER_MASSLESS=1.864406074762075e+06 QABS_OVER_MASSLESS=1.845328572777107e+03

=== D — SIMPLE MORPHOLOGY COMPARATORS ===
UNIFORM_DISK_OPT_RADIUS_OVER_D=6.905313749214653e-01
UNIFORM_DISK_E_ALPHA1_J=2.135680846770656e+12
UNIFORM_DISK_OVER_HALFSPACE=2.227166397430323e+00
UNIFORM_DISK_ALPHA_M_MIN_1TJ=1.461396882017563e+00
EMBEDDED_NEUTRAL_SHELL_E_ALPHA1_J=4.794614468938597e+11
EMBEDDED_NEUTRAL_SHELL_TRUE_STANDOFF=NO_TWO_SIDED_CONTROL

=== E — SECONDARY 0.1g / 1cm / 1PJ BENCHMARK ===
SECONDARY_HALFSPACE_E_ALPHA1_J=9.589228937877193e+03
SECONDARY_COUPLING_PRODUCT_FLOOR=7.989355245499070e+07
SECONDARY_ALPHA_X_MIN_ALPHA_M1=7.989355245575681e+07
SECONDARY_FX_GEV_MAX_ALPHA_M1=3.047805392492024e+10

=== F — DECISION ===
NORMALIZATION_PASS=True
TRUE_STANDOFF_HALFSPACE_ALPHA1_BELOW_1TJ=True
UNIFORM_DISK_ALPHA1_BELOW_1TJ=False
SOURCE_CHARGE_GATING_ALONE_WITH_TINY_PAYLOAD_ALPHA=NO
ON_STATE_RANGE_MUCH_SHORTER_THAN_STANDOFF_ENERGY_EFFICIENT=NO
DYNAMICAL_COUPLING_OR_RANGE_ACTIVATION_REQUIRED_IF_OFF_STATE_IS_SMALL=YES
MICROSCOPIC_B7_OR_QBALL_PROMOTION=NO_NOT_YET
031A_CLASSIFICATION=GREEN_FOR_ONE_SIDED_PARETO_MORPHOLOGY_ONLY
NEXT=031A_R2_ONE_SIDED_LENS_PARETO_ENERGY_QABS_LEAKAGE
SUMMARY_JSON=/Users/mymac/Desktop/antigravity_research/results/data/031a_scalar_charge_energy_dual_kernel_theorem_summary.json
DUAL_SCAN_CSV=/Users/mymac/Desktop/antigravity_research/results/data/031a_scalar_charge_dual_bound_scan.csv
