=== 031A-R3 NONLINEAR SOURCE-SENSITIVITY + PROTECTED ACTIVATION GATE ===
CLAIM_CLASS=THEOREM_AND_PROTECTION_PREFLIGHT
MICROSCOPIC_FIELD=NO
PRACTICAL_DEVICE=NO

=== A — R2R PROVENANCE + LOCAL FIELD TOMOGRAPHY ===
R2_VECTOR_RECONSTRUCTION CASE=MONO_LE_0P1 E_RELERR=2.142682528e-10 FIELD_RELERR=2.886890040e-06 CORE_RELERR=2.591551998e-06 PASS=True
FIELD_EXCURSION CASE=MONO_LE_0P1 MEAN_SIGNED_W=-1.795116607e+00 IDENTITY_RHS=-1.795116607e+00 IDENTITY_RELERR=0.000000000e+00 ABS_W50=1.726100983e+00 ABS_W90=3.732509879e+00 ABS_W99=4.069839931e+00 ABS_WMAX=4.069839931e+00 QFRAC_GT_0P3=8.697105961e-01 QFRAC_GT_1=5.500000000e-01 QFRAC_GT_PI_OVER_2=5.500000000e-01
EXPONENTIAL_SUSCEPTIBILITY CASE=MONO_LE_0P1 ELL10_M=3.609137648e-02 ELL50_M=6.660906376e-02 ELL90_M=1.155780997e-01 BLOB_RADIUS_M=5.500000000e-02 ELL50_OVER_BLOB=1.211073887e+00
SIMPLE_PROTECTION_CONTROLS CASE=MONO_LE_0P1 AFFINE_NONPOSITIVE_QFRAC=5.500000000e-01 PNGB_SINGLE_HARMONIC_ZERO_CROSS_QFRAC=5.500000000e-01 EXPONENTIAL_CONSTANT_SENSITIVITY=YES EXPONENTIAL_CURVATURE_SCREENING=YES
R2_VECTOR_RECONSTRUCTION CASE=NET_NEUTRAL E_RELERR=2.468204124e-10 FIELD_RELERR=5.507401690e-06 CORE_RELERR=5.386975750e-06 PASS=False
FIELD_EXCURSION CASE=NET_NEUTRAL MEAN_SIGNED_W=-1.956434140e+00 IDENTITY_RHS=-1.956434140e+00 IDENTITY_RELERR=1.134945462e-16 ABS_W50=1.544693143e+00 ABS_W90=3.984360025e+00 ABS_W99=4.394542771e+00 ABS_WMAX=4.394542771e+00 QFRAC_GT_0P3=9.046935003e-01 QFRAC_GT_1=5.000000000e-01 QFRAC_GT_PI_OVER_2=4.282095973e-01
EXPONENTIAL_SUSCEPTIBILITY CASE=NET_NEUTRAL ELL10_M=3.344457664e-02 ELL50_M=5.842418441e-02 ELL90_M=1.033827124e-01 BLOB_RADIUS_M=5.500000000e-02 ELL50_OVER_BLOB=1.062257898e+00
SIMPLE_PROTECTION_CONTROLS CASE=NET_NEUTRAL AFFINE_NONPOSITIVE_QFRAC=5.000000000e-01 PNGB_SINGLE_HARMONIC_ZERO_CROSS_QFRAC=4.282095973e-01 EXPONENTIAL_CONSTANT_SENSITIVITY=YES EXPONENTIAL_CURVATURE_SCREENING=YES
R3_PROVENANCE_PASS=False

=== B — LARGE-SENSITIVITY MICROSCOPIC SCALE ===
FX_GEV=4.330110363444777e+01
TARGET_MEDIATOR_MASS_EV=5.979605466666666e-08
UNPROTECTED_CW_CARRIER_MAX_LOW_EV=1.275485958937779e+02
UNPROTECTED_CW_CARRIER_MAX_HIGH_EV=1.803809541746260e+02
UNPROTECTED_HEAVY_DIRECT_SOURCE=RED_WITHOUT_ADDITIONAL_PROTECTION

=== C — GRAVITY-INDUCED SPONTANEOUS SCALARIZATION CONTROL ===
R2_SOURCE_MASS_EQUIV_KG=4.852165124369207e-07
R2_SOURCE_COMPACTNESS=3.275723260526712e-34
REFERENCE_STRONG_FIELD_COMPACTNESS=1.000000000000000e-01
COMPACTNESS_GAP_TO_STRONG_FIELD=3.052760933898939e+32
STANDARD_GRAVITY_INDUCED_SCALARIZATION=RED_AS_LAB_TRIGGER

=== D — STANDARD DENSITY-DRIVEN SYMMETRON CAVITY TEST ===
SYMMETRON_CAVITY R_ACT_M=1.100000000e+00 LAMBDA_MAX_M=2.475869869e-01 LAMBDA_OVER_D=2.250790790e-01 E_PENALTY=1.417393242e+02 Q_PENALTY=1.536817028e+01 OPTIMISTIC_TOTAL_J=6.218109481e+12
SYMMETRON_CAVITY R_ACT_M=2.200000000e+00 LAMBDA_MAX_M=4.951739739e-01 LAMBDA_OVER_D=4.501581581e-01 E_PENALTY=5.507233034e+00 Q_PENALTY=2.850620166e+00 OPTIMISTIC_TOTAL_J=3.398753830e+11
SYMMETRON_CAVITY R_ACT_M=3.300000000e+00 LAMBDA_MAX_M=7.427609608e-01 LAMBDA_OVER_D=6.752372371e-01 E_PENALTY=2.307642084e+00 Q_PENALTY=1.769156487e+00 OPTIMISTIC_TOTAL_J=1.674763227e+11
SYMMETRON_CAVITY R_ACT_M=5.000000000e+00 LAMBDA_MAX_M=1.125395395e+00 LAMBDA_OVER_D=1.023086723e+00 E_PENALTY=1.449320148e+00 Q_PENALTY=1.342917650e+00 OPTIMISTIC_TOTAL_J=1.152922600e+11
SYMMETRON_CAVITY R_ACT_M=1.000000000e+01 LAMBDA_MAX_M=2.250790790e+00 LAMBDA_OVER_D=2.046173446e+00 E_PENALTY=1.082055606e+00 Q_PENALTY=1.094836436e+00 OPTIMISTIC_TOTAL_J=9.009830788e+10
SYMMETRON_CAVITY R_ACT_M=1.500000000e+01 LAMBDA_MAX_M=3.376186186e+00 LAMBDA_OVER_D=3.069260169e+00 E_PENALTY=1.029178339e+00 Q_PENALTY=1.044667889e+00 OPTIMISTIC_TOTAL_J=8.584079749e+10
SYMMETRON_FIRST_DECLARED_RADIUS_LE_1TJ_M=2.2
SYMMETRON_FIRST_DECLARED_RADIUS_LE_1E11_M=10.0
SYMMETRON_RCRIT_FOR_3P3M_RANGE_M=1.466151369592261e+01

=== E — Z2 QUADRATIC OPPOSITE-CHARGE SCAFFOLD ===
ALPHA_X_OVER_ALPHA_M=5.623413251903491e+15
R2_QWEIGHTED_DELTA_PHI90_GEV=1.616217971048028e+02
Z2_SCAFFOLD MAX_FRAC_VARIATION=1.000000000e+00 PHI0_GEV=1.616217971e+02 M_X_GEV=8.365645334e+01 M_M_GEV=6.273348994e+09 RATIO_RECON=5.623413252e+15 ELL10_M=6.971821221e-02 ELL50_M=1.286696517e-01 ELL90_M=2.232638172e-01 E_MASS_SUPPORT_J=3.746119841e+08 E_MASS_DBALL_J=5.429159190e+09 CW_CARRIER_LOW_EV=1.772866050e+02 CW_CARRIER_HIGH_EV=2.507211213e+02 SCREEN_RHO100=1.000000012e+00 SCREEN_RHO1000=9.999999997e-01 SCREEN_RHO8000=9.999999109e-01 CLASSICAL_WINDOW=True
Z2_SCAFFOLD MAX_FRAC_VARIATION=3.000000000e-01 PHI0_GEV=5.387393237e+02 M_X_GEV=1.527350886e+02 M_M_GEV=1.145351585e+10 RATIO_RECON=5.623413252e+15 ELL10_M=1.272874583e-01 ELL50_M=2.349175691e-01 ELL90_M=4.076220964e-01 E_MASS_SUPPORT_J=4.162355379e+09 E_MASS_DBALL_J=6.032399099e+10 CW_CARRIER_LOW_EV=2.395496882e+02 CW_CARRIER_HIGH_EV=3.387744179e+02 SCREEN_RHO100=1.000000090e+00 SCREEN_RHO1000=1.000000012e+00 SCREEN_RHO8000=9.999999721e-01 CLASSICAL_WINDOW=True
Z2_SCAFFOLD MAX_FRAC_VARIATION=1.000000000e-01 PHI0_GEV=1.616217971e+03 M_X_GEV=2.645449335e+02 M_M_GEV=1.983807138e+10 RATIO_RECON=5.623413252e+15 ELL10_M=2.204683450e-01 ELL50_M=4.068891652e-01 ELL90_M=7.060221813e-01 E_MASS_SUPPORT_J=3.746119841e+10 E_MASS_DBALL_J=5.429159190e+11 CW_CARRIER_LOW_EV=3.152651194e+02 CW_CARRIER_HIGH_EV=4.458522076e+02 SCREEN_RHO100=1.000000485e+00 SCREEN_RHO1000=1.000000012e+00 SCREEN_RHO8000=9.999999967e-01 CLASSICAL_WINDOW=True
Z2_SCAFFOLD MAX_FRAC_VARIATION=3.000000000e-02 PHI0_GEV=5.387393237e+03 M_X_GEV=4.829907586e+02 M_M_GEV=3.621919730e+10 RATIO_RECON=5.623413252e+15 ELL10_M=4.025182859e-01 ELL50_M=7.428745807e-01 ELL90_M=1.289014249e+00 E_MASS_SUPPORT_J=4.162355379e+11 E_MASS_DBALL_J=6.032399099e+12 CW_CARRIER_LOW_EV=4.259862782e+02 CW_CARRIER_HIGH_EV=6.024355720e+02 SCREEN_RHO100=1.000000000e+00 SCREEN_RHO1000=1.000000090e+00 SCREEN_RHO8000=1.000000041e+00 CLASSICAL_WINDOW=False
Z2_CLASSICAL_PREFLIGHT_SURVIVOR=True

=== F — DECISION ===
NONLINEAR_SOURCE_DEPENDENCE_REQUIRED=True
ORDER_UNITY_SOURCE_FIELD_EXCURSION=True
DERIVATIVE_ONLY_SHIFT_SYMMETRY_STATIC_CHARGE=ZERO_WITHOUT_SHIFT_BREAKING
SINGLE_HARMONIC_PNGB_PROTECTION=DIAGNOSTIC_ONLY_NOT_PROMOTED
STANDARD_GRAVITY_SCALARIZATION=DEMOTED_FOR_LAB_SOURCE
031A_R3_CLASSIFICATION=RED_R2_PROVENANCE_RECONSTRUCTION_FAILURE
NEXT=DIAGNOSE_R2R_BEFORE_NEW_PHYSICS
SUMMARY_JSON=/Users/mymac/Desktop/antigravity_research/results/data/031a_r3_nonlinear_protected_activation_summary.json
