=== 031A-R3D R2R PROVENANCE / NEAR-DEGENERATE QP AUDIT ===
CLAIM_CLASS=NUMERICAL_PROVENANCE_AND_TOMOGRAPHY_AUDIT
MICROSCOPIC_FIELD=NO
PRACTICAL_DEVICE=NO

=== CASE MONO_LE_0P1 ===
REFINED_MINIMUM CASE=MONO_LE_0P1 SUCCESS=True E_TOTAL_J=8.275078197848288e+10 E_FIELD_J=3.914180234314740e+10 E_CORE_J=4.360897963533547e+10 TOTAL_RELERR=4.328384292e-10 FIELD_RELERR=5.586878192e-06 CORE_RELERR=5.015370791e-06
CONSTRAINT_AUDIT CASE=MONO_LE_0P1 ACC_MARGIN=-4.440892099e-16 LEAK_MARGIN=8.326672685e-16 LEAK_VIOL=0.000000000e+00 NONNEG_VIOL=0.000000000e+00
ENVELOPE CASE=MONO_LE_0P1 EPS=1.0e-08 PASS=True CORE_MIN_J=4.360649672841536e+10 CORE_MAX_J=4.361146759357831e+10 STORED_CORE_INSIDE=True W50_MINCORE=1.725874500e+00 W90_MINCORE=3.732811490e+00 W50_MAXCORE=1.726316229e+00 W90_MAXCORE=3.732215004e+00
ENVELOPE CASE=MONO_LE_0P1 EPS=1.0e-06 PASS=True CORE_MIN_J=4.358413189064135e+10 CORE_MAX_J=4.363383251346406e+10 STORED_CORE_INSIDE=True W50_MINCORE=1.723887223e+00 W90_MINCORE=3.735494817e+00 W50_MAXCORE=1.728303570e+00 W90_MAXCORE=3.729531515e+00
ENVELOPE CASE=MONO_LE_0P1 EPS=1.0e-05 PASS=True CORE_MIN_J=4.353039886665397e+10 CORE_MAX_J=4.368756539610514e+10 STORED_CORE_INSIDE=True W50_MINCORE=1.719112589e+00 W90_MINCORE=3.741941875e+00 W50_MAXCORE=1.733078195e+00 W90_MAXCORE=3.723084566e+00
CASE_DECISION CASE=MONO_LE_0P1 STORED_INSIDE_1E5_ENVELOPE=True MIN_ENVELOPE_W50=1.719112589e+00 MIN_ENVELOPE_W90=3.723084566e+00 TOMOGRAPHY_ROBUST=True PROVENANCE_REPAIRED_CASE=True

=== CASE NET_NEUTRAL ===
REFINED_MINIMUM CASE=NET_NEUTRAL SUCCESS=True E_TOTAL_J=9.917417338514751e+10 E_FIELD_J=4.904168784910702e+10 E_CORE_J=5.013248553604049e+10 TOTAL_RELERR=3.004824550e-09 FIELD_RELERR=7.217218549e-06 CORE_RELERR=7.066078479e-06
CONSTRAINT_AUDIT CASE=NET_NEUTRAL ACC_MARGIN=0.000000000e+00 LEAK_MARGIN=-0.000000000e+00 LEAK_VIOL=0.000000000e+00 NONNEG_VIOL=0.000000000e+00
ENVELOPE CASE=NET_NEUTRAL EPS=1.0e-08 PASS=True CORE_MIN_J=5.012923996270130e+10 CORE_MAX_J=5.013570729613493e+10 STORED_CORE_INSIDE=True W50_MINCORE=9.685467030e-01 W90_MINCORE=3.984696894e+00 W50_MAXCORE=9.684543541e-01 W90_MAXCORE=3.984054003e+00
ENVELOPE CASE=NET_NEUTRAL EPS=1.0e-06 PASS=True CORE_MIN_J=5.010014012409817e+10 CORE_MAX_J=5.016480709432144e+10 STORED_CORE_INSIDE=True W50_MINCORE=9.689628447e-01 W90_MINCORE=3.987587788e+00 W50_MAXCORE=9.680382928e-01 W90_MAXCORE=3.981163321e+00
ENVELOPE CASE=NET_NEUTRAL EPS=1.0e-05 PASS=True CORE_MIN_J=5.003022623837276e+10 CORE_MAX_J=5.023472097713375e+10 STORED_CORE_INSIDE=True W50_MINCORE=9.699621794e-01 W90_MINCORE=3.994533367e+00 W50_MAXCORE=9.670386786e-01 W90_MAXCORE=3.974217721e+00
CASE_DECISION CASE=NET_NEUTRAL STORED_INSIDE_1E5_ENVELOPE=True MIN_ENVELOPE_W50=9.670386786e-01 MIN_ENVELOPE_W90=3.974217721e+00 TOMOGRAPHY_ROBUST=True PROVENANCE_REPAIRED_CASE=True

=== R3D DECISION ===
PROVENANCE_REPAIRED=True
ORDER_UNITY_TOMOGRAPHY_ROBUST=True
031A_R3D_CLASSIFICATION=GREEN_R2R_PROVENANCE_REPAIRED_ORDER_UNITY_SELF_FIELD_ROBUST
NEXT=031A_R4_Z2_INDUCED_SCALARIZATION_FINITE_SOURCE_BVP
SUMMARY_JSON=/Users/mymac/Desktop/antigravity_research/results/data/031a_r3d_r2r_provenance_degeneracy_summary.json
