=== 031A-R4S Z2 SCALING / 83-GJ RECOVERY GATE ===
CLAIM_CLASS=ANALYTIC_SCALING_THEOREM_PLUS_DIRECT_BVP_VALIDATION
PRACTICAL_DEVICE=NO
FULL_SOURCE_REALIZATION=NO
FULL_LOCAL_CONSERVATION=NO
EFT_NATURALNESS=CARRIED_OPEN

=== A — R4 EXECUTED-CANDIDATE PROVENANCE RECONSTRUCTION ===
BASE_RECON EDGE_M=0.025 E_RELERR=0.000000000e+00 A_RELERR=4.563945115e-10 BACK_RELERR=5.593654811e-12 PASS=True
BASE_RECON EDGE_M=0.050 E_RELERR=0.000000000e+00 A_RELERR=2.355847029e-10 BACK_RELERR=0.000000000e+00 PASS=True
BASE_RECON EDGE_M=0.075 E_RELERR=6.090235465e-11 A_RELERR=3.040873472e-11 BACK_RELERR=2.818745914e-11 PASS=True
BASE_RECON EDGE_M=0.100 E_RELERR=4.188615703e-11 A_RELERR=0.000000000e+00 BACK_RELERR=1.205000755e-11 PASS=True
BASE_PROVENANCE_PASS=True
BASE_EDGE_MAX_ENERGY_J=6.051458764238419e+11
BASE_EDGE_MIN_ADVERSE_MPS2=9.819147594149598e+00
BASE_EDGE_MAX_BACKREACTION=8.332965730100412e-04

=== B — EXACT FIXED-SHAPE SCALING THEOREM ===
TARGET_ENERGY_J=8.275078201430060e+10
FORCE_MATCH_FACTOR=9.987272220903325e-01
ENERGY_SCALE_REQUIRED=3.697907250833996e-01
ALPHA_M_CAP_REQUIRED_FOR_83GJ=2.700790350718200e+01
M_X_REQUIRED_GEV=3.093538053981517e+01
M_M_NOMINAL_REQUIRED_GEV=1.287098267091518e+09
PHI_CENTER_NOMINAL_REQUIRED_GEV=7.586294287478421e+01
ALPHA_X_CENTER_NOMINAL_REQUIRED=-1.930268511132369e+17
PREDICTED_MAX_PAYLOAD_BACKREACTION=6.086035130179348e-03
ALPHA_M_CAP_MAX_AT_1PCT_BACKREACTION=3.461972756004626e+01
ENERGY_FLOOR_AT_1PCT_BACKREACTION_J=5.036241663888468e+10
PHI_CENTER_OVER_MX_BASE=2.452303529195166e+00
PHI_CENTER_OVER_MX_SCALED=2.452303529195166e+00
LN_A_M_NEAR_BASE=1.020305772047123e-16
LN_A_M_NEAR_SCALED=1.019007149399355e-16

=== C — ALPHA_M / ENERGY / BACKREACTION PARETO ===
SCALING_SCAN ALPHA_M_CAP=6.250000000e+00 BLIND_WILDCARD=True M_X_GEV=1.336799636e+02 E_MAX_J=1.545232446e+12 BACK_MAX=3.259212993e-04 ENERGY_PASS=False BACK_PASS=True JOINT_PASS=False
SCALING_SCAN ALPHA_M_CAP=1.000000000e+01 BLIND_WILDCARD=False M_X_GEV=8.354997726e+01 E_MAX_J=6.036064241e+11 BACK_MAX=8.343585261e-04 ENERGY_PASS=False BACK_PASS=True JOINT_PASS=False
SCALING_SCAN ALPHA_M_CAP=1.500000000e+01 BLIND_WILDCARD=False M_X_GEV=5.569998484e+01 E_MAX_J=2.682695218e+11 BACK_MAX=1.877306684e-03 ENERGY_PASS=False BACK_PASS=True JOINT_PASS=False
SCALING_SCAN ALPHA_M_CAP=1.600000000e+01 BLIND_WILDCARD=True M_X_GEV=5.221873579e+01 E_MAX_J=2.357837594e+11 BACK_MAX=2.135957827e-03 ENERGY_PASS=False BACK_PASS=True JOINT_PASS=False
SCALING_SCAN ALPHA_M_CAP=1.875000000e+01 BLIND_WILDCARD=True M_X_GEV=4.455998787e+01 E_MAX_J=1.716924940e+11 BACK_MAX=2.933291693e-03 ENERGY_PASS=False BACK_PASS=True JOINT_PASS=False
SCALING_SCAN ALPHA_M_CAP=2.000000000e+01 BLIND_WILDCARD=False M_X_GEV=4.177498863e+01 E_MAX_J=1.509016060e+11 BACK_MAX=3.337434104e-03 ENERGY_PASS=False BACK_PASS=True JOINT_PASS=False
SCALING_SCAN ALPHA_M_CAP=2.500000000e+01 BLIND_WILDCARD=False M_X_GEV=3.341999090e+01 E_MAX_J=9.657702786e+10 BACK_MAX=5.214740788e-03 ENERGY_PASS=False BACK_PASS=True JOINT_PASS=False
SCALING_SCAN ALPHA_M_CAP=2.700000000e+01 BLIND_WILDCARD=False M_X_GEV=3.094443602e+01 E_MAX_J=8.279923513e+10 BACK_MAX=6.082473655e-03 ENERGY_PASS=False BACK_PASS=True JOINT_PASS=False
SCALING_SCAN ALPHA_M_CAP=2.700790351e+01 BLIND_WILDCARD=False M_X_GEV=3.093538054e+01 E_MAX_J=8.275078201e+10 BACK_MAX=6.086035130e-03 ENERGY_PASS=True BACK_PASS=True JOINT_PASS=True
SCALING_SCAN ALPHA_M_CAP=3.000000000e+01 BLIND_WILDCARD=False M_X_GEV=2.784999242e+01 E_MAX_J=6.706738046e+10 BACK_MAX=7.509226735e-03 ENERGY_PASS=True BACK_PASS=True JOINT_PASS=True
SCALING_SCAN ALPHA_M_CAP=3.125000000e+01 BLIND_WILDCARD=True M_X_GEV=2.673599272e+01 E_MAX_J=6.180929783e+10 BACK_MAX=8.148032481e-03 ENERGY_PASS=True BACK_PASS=True JOINT_PASS=True
SCALING_SCAN ALPHA_M_CAP=3.461972756e+01 BLIND_WILDCARD=False M_X_GEV=2.413363222e+01 E_MAX_J=5.036241664e+10 BACK_MAX=1.000000000e-02 ENERGY_PASS=True BACK_PASS=True JOINT_PASS=True
SCALING_SCAN ALPHA_M_CAP=3.500000000e+01 BLIND_WILDCARD=False M_X_GEV=2.387142207e+01 E_MAX_J=4.927399381e+10 BACK_MAX=1.022089194e-02 ENERGY_PASS=True BACK_PASS=False JOINT_PASS=False
SCALING_SCAN ALPHA_M_CAP=4.000000000e+01 BLIND_WILDCARD=False M_X_GEV=2.088749431e+01 E_MAX_J=3.772540151e+10 BACK_MAX=1.334973642e-02 ENERGY_PASS=True BACK_PASS=False JOINT_PASS=False
SCALING_SCAN ALPHA_M_CAP=5.000000000e+01 BLIND_WILDCARD=True M_X_GEV=1.670999545e+01 E_MAX_J=2.414425697e+10 BACK_MAX=2.085896315e-02 ENERGY_PASS=True BACK_PASS=False JOINT_PASS=False

=== D — DIRECT BVP VALIDATION AT 83-GJ SCALING POINT ===
DIRECT_SCALE EDGE_M=0.025 E_J=8.275078201430057e+10 A_ADVERSE=1.048481535717012e+01 BACK=5.692386024572020e-03 E_RELERR=1.843944999e-16 A_RELERR=1.694218524e-16 BACK_RELERR=3.047445251e-16 PHI_RELERR=0.000000000e+00 PASS=True
DIRECT_SCALE EDGE_M=0.050 E_J=7.951053712424062e+10 A_ADVERSE=1.025281668863169e+01 BACK=5.821192187660038e-03 E_RELERR=1.919090175e-16 A_RELERR=0.000000000e+00 BACK_RELERR=2.980014093e-16 PHI_RELERR=0.000000000e+00 PASS=True
DIRECT_SCALE EDGE_M=0.075 E_J=7.637481395188467e+10 A_ADVERSE=1.002683031776186e+01 BACK=5.952391186240356e-03 E_RELERR=0.000000000e+00 A_RELERR=1.771603571e-16 BACK_RELERR=2.914330429e-16 PHI_RELERR=1.882916870e-16 PASS=True
DIRECT_SCALE EDGE_M=0.100 E_J=7.334027840630669e+10 A_ADVERSE=9.806649999999996e+00 BACK=6.086035130179347e-03 E_RELERR=0.000000000e+00 A_RELERR=3.622759738e-16 BACK_RELERR=1.425167156e-16 PHI_RELERR=0.000000000e+00 PASS=True
DIRECT_SCALING_THEOREM_PASS=True
DIRECT_EDGE_MAX_ENERGY_J=8.275078201430057e+10
DIRECT_EDGE_MIN_ADVERSE_MPS2=9.806649999999996e+00
DIRECT_EDGE_MAX_BACKREACTION=6.086035130179347e-03
DIRECT_83GJ_ENERGY_PASS=True
DIRECT_1G_ALL_EDGE_PASS=True
DIRECT_BACKREACTION_PASS=True

=== E — STABILITY / CONVERGENCE / EFT-SCALE DIAGNOSTICS ===
RADIAL_HESSIAN_TARGET_M2INV=1.056660623703461e-01
RADIAL_HESSIAN_RELERR_VS_BASE=6.422344209473739e-14
RADIAL_STABILITY_SCALING_PASS=True
CONVERGENCE_E_RELERR=0.000000000000000e+00
CONVERGENCE_A_RELERR=1.077316509991277e-06
CONVERGENCE_PASS=True
MIN_EDGE_GRADIENT_MOMENTUM_GEV=7.893079216000000e-15
GRADIENT_MOMENTUM_OVER_MX=2.551473128265310e-16
FIELD_AMPLITUDE_OVER_MX=2.452303529195166e+00
LN_A_M_NEAR_DIRECT=1.019007149399355e-16
OFF_STATE_LINEAR_MATTER_COUPLING=ZERO_BY_Z2_SYMMETRY
FIELD_AMPLITUDE_OVER_MX_GT1=NONPOLYNOMIAL_COUPLING_MUST_BE_TREATED_AS_EXACT_OR_UV_COMPLETED
RADIATIVE_NATURALNESS=NOT_CLOSED

=== F — DECISION ===
R4S_BASE_PROVENANCE_PASS=True
R4S_SCALING_THEOREM_DIRECTLY_VALIDATED=True
R4S_83GJ_CLASSICAL_RECOVERY=True
R4S_REQUIRED_ALPHA_BELOW_BACKREACTION_CEILING=True
031A_R4S_CLASSIFICATION=GREEN_Z2_SCALING_RECOVERS_83GJ_CLASSICAL_TARGET_WITH_ONSTATE_ALPHA_M_APPROX27_SOURCE_REALIZATION_AND_EFT_OPEN
NEXT=031B1_B7_FIXED_FIELD_Z2_CHARGE_TOMOGRAPHY_PLUS_031B2_QBALL_SCALING_PREFLIGHT
SUMMARY_JSON=/Users/mymac/Desktop/antigravity_research/results/data/031a_r4s_z2_scaling_83gj_recovery_summary.json
SCAN_CSV=/Users/mymac/Desktop/antigravity_research/results/data/031a_r4s_z2_scaling_83gj_scan.csv
