=== 031A-R2R FINITE-SUPPORT ONE-SIDED SCALAR-CHARGE PARETO GATE ===
CLAIM_CLASS=FINITE_SUPPORT_ORACLE_AND_FINITE_SENSITIVITY_PREFLIGHT
TRUE_ANTIGRAVITY_TARGET=YES_ONE_PHYSICAL_METRIC
MICROSCOPIC_SOURCE=NO
ACTIVATION_MECHANISM=NO
PRACTICAL_DEVICE=NO
PAYLOAD_RADIUS_M=1.000000000000000e-01
CLEARANCE_M=1.000000000000000e+00
CENTER_TO_SOURCE_SUPPORT_D_M=1.100000000000000e+00
BLOB_RADIUS_M=5.500000000000000e-02

=== A — GEOMETRY / ENERGY-MATRIX VALIDATION ===
GEOMETRY=coarse NBASIS=12 NPHYSICAL=246 MIN_BLOB_SEP=1.377886551e-01 MAX_SOURCE_SURFACE_Z=-1.100000000e+00 K_MIN_EIG=7.572896845e-01 PASS=True
GEOMETRY=medium NBASIS=24 NPHYSICAL=552 MIN_BLOB_SEP=1.356894792e-01 MAX_SOURCE_SURFACE_Z=-1.100000000e+00 K_MIN_EIG=5.022617276e-01 PASS=True
GEOMETRY=fine NBASIS=35 NPHYSICAL=770 MIN_BLOB_SEP=1.356894792e-01 MAX_SOURCE_SURFACE_Z=-1.100000000e+00 K_MIN_EIG=4.232700063e-01 PASS=True
R2R_GEOMETRY_PASS=True

=== B — MEDIUM-BASIS PARETO SCAN ===
R2R_HALFSPACE_BOUND_PASS=True
THRESHOLD ALPHA_M=1 CASE=ANY TARGET=1TJ NONE
THRESHOLD ALPHA_M=1 CASE=ANY TARGET=1E11 NONE
THRESHOLD ALPHA_M=1 CASE=MONO_LE_0P1 TARGET=1TJ NONE
THRESHOLD ALPHA_M=1 CASE=MONO_LE_0P1 TARGET=1E11 NONE
THRESHOLD ALPHA_M=1 CASE=MONO_LE_0P01 TARGET=1TJ NONE
THRESHOLD ALPHA_M=1 CASE=MONO_LE_0P01 TARGET=1E11 NONE
THRESHOLD ALPHA_M=1 CASE=NET_NEUTRAL TARGET=1TJ NONE
THRESHOLD ALPHA_M=1 CASE=NET_NEUTRAL TARGET=1E11 NONE
THRESHOLD ALPHA_M=2 CASE=ANY TARGET=1TJ ALPHA_X=1.778279410e+16 E_TOTAL_J=9.216602918e+11 E_FIELD_J=6.075883917e+11 E_CORE_J=3.140719001e+11 MONOPOLE=1.000000e+00 DIPOLE=1.050000e+00 CANCELLATION=1.000000e+00 PRODUCTIVE=1.000000e+00 F90=9.716882e-01 FIELD_OVER_FLOOR=2.534462e+00
THRESHOLD ALPHA_M=2 CASE=ANY TARGET=1E11 NONE
THRESHOLD ALPHA_M=2 CASE=MONO_LE_0P1 TARGET=1TJ ALPHA_X=1.778279410e+17 E_TOTAL_J=8.660586323e+11 E_FIELD_J=6.423993521e+11 E_CORE_J=2.236592802e+11 MONOPOLE=1.000000e-01 DIPOLE=5.504566e-02 CANCELLATION=1.388532e+00 PRODUCTIVE=5.304818e-01 F90=2.187213e-01 FIELD_OVER_FLOOR=2.679671e+00
THRESHOLD ALPHA_M=2 CASE=MONO_LE_0P1 TARGET=1E11 NONE
THRESHOLD ALPHA_M=2 CASE=MONO_LE_0P01 TARGET=1TJ NONE
THRESHOLD ALPHA_M=2 CASE=MONO_LE_0P01 TARGET=1E11 NONE
THRESHOLD ALPHA_M=2 CASE=NET_NEUTRAL TARGET=1TJ NONE
THRESHOLD ALPHA_M=2 CASE=NET_NEUTRAL TARGET=1E11 NONE
THRESHOLD ALPHA_M=3 CASE=ANY TARGET=1TJ ALPHA_X=5.623413252e+15 E_TOTAL_J=9.013164342e+11 E_FIELD_J=3.005390413e+11 E_CORE_J=6.007773929e+11 MONOPOLE=1.000000e+00 DIPOLE=1.050000e+00 CANCELLATION=1.000000e+00 PRODUCTIVE=1.000000e+00 F90=9.528524e-01 FIELD_OVER_FLOOR=2.820718e+00
THRESHOLD ALPHA_M=3 CASE=ANY TARGET=1E11 NONE
THRESHOLD ALPHA_M=3 CASE=MONO_LE_0P1 TARGET=1TJ ALPHA_X=1.778279410e+16 E_TOTAL_J=8.945333318e+11 E_FIELD_J=4.328357244e+11 E_CORE_J=4.616976073e+11 MONOPOLE=1.000000e-01 DIPOLE=2.516590e-01 CANCELLATION=1.617230e+00 PRODUCTIVE=5.500000e-01 F90=5.274172e-01 FIELD_OVER_FLOOR=4.062393e+00
THRESHOLD ALPHA_M=3 CASE=MONO_LE_0P1 TARGET=1E11 NONE
THRESHOLD ALPHA_M=3 CASE=MONO_LE_0P01 TARGET=1TJ ALPHA_X=3.162277660e+16 E_TOTAL_J=8.173409800e+11 E_FIELD_J=5.086839934e+11 E_CORE_J=3.086569866e+11 MONOPOLE=1.000000e-02 DIPOLE=3.660814e-01 CANCELLATION=1.830959e+00 PRODUCTIVE=5.050000e-01 F90=4.855524e-01 FIELD_OVER_FLOOR=4.774269e+00
THRESHOLD ALPHA_M=3 CASE=MONO_LE_0P01 TARGET=1E11 NONE
THRESHOLD ALPHA_M=3 CASE=NET_NEUTRAL TARGET=1TJ ALPHA_X=3.162277660e+16 E_TOTAL_J=8.355806975e+11 E_FIELD_J=5.222716232e+11 E_CORE_J=3.133090743e+11 MONOPOLE=1.193679e-16 DIPOLE=3.812278e-01 CANCELLATION=1.850645e+00 PRODUCTIVE=5.000000e-01 F90=4.804796e-01 FIELD_OVER_FLOOR=4.901796e+00
THRESHOLD ALPHA_M=3 CASE=NET_NEUTRAL TARGET=1E11 NONE
THRESHOLD ALPHA_M=3.125 CASE=ANY TARGET=1TJ ALPHA_X=5.623413252e+15 E_TOTAL_J=8.536851029e+11 E_FIELD_J=2.788364527e+11 E_CORE_J=5.748486503e+11 MONOPOLE=1.000000e+00 DIPOLE=1.050000e+00 CANCELLATION=1.000000e+00 PRODUCTIVE=1.000000e+00 F90=9.519063e-01 FIELD_OVER_FLOOR=2.839657e+00
THRESHOLD ALPHA_M=3.125 CASE=ANY TARGET=1E11 NONE
THRESHOLD ALPHA_M=3.125 CASE=MONO_LE_0P1 TARGET=1TJ ALPHA_X=1.778279410e+16 E_TOTAL_J=8.421012476e+11 E_FIELD_J=4.003636783e+11 E_CORE_J=4.417375693e+11 MONOPOLE=1.000000e-01 DIPOLE=2.526657e-01 CANCELLATION=1.613789e+00 PRODUCTIVE=5.500000e-01 F90=5.270996e-01 FIELD_OVER_FLOOR=4.077285e+00
THRESHOLD ALPHA_M=3.125 CASE=MONO_LE_0P1 TARGET=1E11 NONE
THRESHOLD ALPHA_M=3.125 CASE=MONO_LE_0P01 TARGET=1TJ ALPHA_X=1.778279410e+16 E_TOTAL_J=9.891713349e+11 E_FIELD_J=4.884612245e+11 E_CORE_J=5.007101104e+11 MONOPOLE=1.000000e-02 DIPOLE=3.836618e-01 CANCELLATION=1.763518e+00 PRODUCTIVE=5.050000e-01 F90=4.817291e-01 FIELD_OVER_FLOOR=4.974466e+00
THRESHOLD ALPHA_M=3.125 CASE=MONO_LE_0P01 TARGET=1E11 NONE
THRESHOLD ALPHA_M=3.125 CASE=NET_NEUTRAL TARGET=1TJ ALPHA_X=3.162277660e+16 E_TOTAL_J=7.820806421e+11 E_FIELD_J=4.823831551e+11 E_CORE_J=2.996974870e+11 MONOPOLE=2.395956e-16 DIPOLE=3.832160e-01 CANCELLATION=1.844574e+00 PRODUCTIVE=5.000000e-01 F90=4.802786e-01 FIELD_OVER_FLOOR=4.912567e+00
THRESHOLD ALPHA_M=3.125 CASE=NET_NEUTRAL TARGET=1E11 NONE
THRESHOLD ALPHA_M=5 CASE=ANY TARGET=1TJ ALPHA_X=3.162277660e+15 E_TOTAL_J=7.332544632e+11 E_FIELD_J=1.265087459e+11 E_CORE_J=6.067457174e+11 MONOPOLE=1.000000e+00 DIPOLE=1.050000e+00 CANCELLATION=1.000000e+00 PRODUCTIVE=1.000000e+00 F90=9.198264e-01 FIELD_OVER_FLOOR=3.298199e+00
THRESHOLD ALPHA_M=5 CASE=ANY TARGET=1E11 ALPHA_X=5.623413252e+17 E_TOTAL_J=9.972978952e+10 E_FIELD_J=9.528557154e+10 E_CORE_J=4.444217977e+09 MONOPOLE=9.430102e-01 DIPOLE=9.655515e-01 CANCELLATION=1.018381e+00 PRODUCTIVE=9.715051e-01 F90=8.541639e-01 FIELD_OVER_FLOOR=2.484182e+00
THRESHOLD ALPHA_M=5 CASE=MONO_LE_0P1 TARGET=1TJ ALPHA_X=5.623413252e+15 E_TOTAL_J=9.684142934e+11 E_FIELD_J=1.992165193e+11 E_CORE_J=7.691977741e+11 MONOPOLE=1.000000e-01 DIPOLE=2.836364e-01 CANCELLATION=1.492796e+00 PRODUCTIVE=5.500000e-01 F90=5.027591e-01 FIELD_OVER_FLOOR=5.193758e+00
THRESHOLD ALPHA_M=5 CASE=MONO_LE_0P1 TARGET=1E11 NONE
THRESHOLD ALPHA_M=5 CASE=MONO_LE_0P01 TARGET=1TJ ALPHA_X=1.000000000e+16 E_TOTAL_J=7.251401928e+11 E_FIELD_J=2.176724970e+11 E_CORE_J=5.074676959e+11 MONOPOLE=1.000000e-02 DIPOLE=4.170000e-01 CANCELLATION=1.646387e+00 PRODUCTIVE=5.050000e-01 F90=4.697124e-01 FIELD_OVER_FLOOR=5.674922e+00
THRESHOLD ALPHA_M=5 CASE=MONO_LE_0P01 TARGET=1E11 NONE
THRESHOLD ALPHA_M=5 CASE=NET_NEUTRAL TARGET=1TJ ALPHA_X=1.000000000e+16 E_TOTAL_J=7.382924906e+11 E_FIELD_J=2.227775218e+11 E_CORE_J=5.155149688e+11 MONOPOLE=6.194171e-16 DIPOLE=4.318182e-01 CANCELLATION=1.663332e+00 PRODUCTIVE=5.000000e-01 F90=4.647351e-01 FIELD_OVER_FLOOR=5.808014e+00
THRESHOLD ALPHA_M=5 CASE=NET_NEUTRAL TARGET=1E11 NONE
THRESHOLD ALPHA_M=10 CASE=ANY TARGET=1TJ ALPHA_X=1.000000000e+15 E_TOTAL_J=9.561738485e+11 E_FIELD_J=4.554439359e+10 E_CORE_J=9.106294549e+11 MONOPOLE=1.000000e+00 DIPOLE=1.050000e+00 CANCELLATION=1.000000e+00 PRODUCTIVE=1.000000e+00 F90=1.000000e+00 FIELD_OVER_FLOOR=4.749537e+00
THRESHOLD ALPHA_M=10 CASE=ANY TARGET=1E11 ALPHA_X=1.778279410e+16 E_TOTAL_J=8.403701192e+10 E_FIELD_J=2.728580689e+10 E_CORE_J=5.675120503e+10 MONOPOLE=1.000000e+00 DIPOLE=1.050000e+00 CANCELLATION=1.000000e+00 PRODUCTIVE=1.000000e+00 F90=9.516236e-01 FIELD_OVER_FLOOR=2.845464e+00
THRESHOLD ALPHA_M=10 CASE=MONO_LE_0P1 TARGET=1TJ ALPHA_X=3.162277660e+15 E_TOTAL_J=7.124571775e+11 E_FIELD_J=6.550347205e+10 E_CORE_J=6.469537055e+11 MONOPOLE=1.000000e-01 DIPOLE=2.836364e-01 CANCELLATION=1.463787e+00 PRODUCTIVE=5.500000e-01 F90=5.500000e-01 FIELD_OVER_FLOOR=6.830943e+00
THRESHOLD ALPHA_M=10 CASE=MONO_LE_0P1 TARGET=1E11 ALPHA_X=5.623413252e+16 E_TOTAL_J=8.275078201e+10 E_FIELD_J=3.914158366e+10 E_CORE_J=4.360919835e+10 MONOPOLE=1.000000e-01 DIPOLE=2.529674e-01 CANCELLATION=1.612768e+00 PRODUCTIVE=5.500000e-01 F90=5.270057e-01 FIELD_OVER_FLOOR=4.081828e+00
THRESHOLD ALPHA_M=10 CASE=MONO_LE_0P01 TARGET=1TJ ALPHA_X=3.162277660e+15 E_TOTAL_J=8.135618092e+11 E_FIELD_J=7.549455776e+10 E_CORE_J=7.380672514e+11 MONOPOLE=1.000000e-02 DIPOLE=4.170000e-01 CANCELLATION=1.582015e+00 PRODUCTIVE=5.050000e-01 F90=5.050000e-01 FIELD_OVER_FLOOR=7.872850e+00
THRESHOLD ALPHA_M=10 CASE=MONO_LE_0P01 TARGET=1E11 ALPHA_X=5.623413252e+16 E_TOTAL_J=9.718169995e+10 E_FIELD_J=4.776050253e+10 E_CORE_J=4.942119742e+10 MONOPOLE=1.000000e-02 DIPOLE=3.839720e-01 CANCELLATION=1.762117e+00 PRODUCTIVE=5.050000e-01 F90=4.816288e-01 FIELD_OVER_FLOOR=4.980641e+00
THRESHOLD ALPHA_M=10 CASE=NET_NEUTRAL TARGET=1TJ ALPHA_X=3.162277660e+15 E_TOTAL_J=8.267024283e+11 E_FIELD_J=7.690357589e+10 E_CORE_J=7.497988524e+11 MONOPOLE=2.244546e-16 DIPOLE=4.318182e-01 CANCELLATION=1.597239e+00 PRODUCTIVE=5.000000e-01 F90=5.000000e-01 FIELD_OVER_FLOOR=8.019787e+00
THRESHOLD ALPHA_M=10 CASE=NET_NEUTRAL TARGET=1E11 ALPHA_X=5.623413252e+16 E_TOTAL_J=9.917417368e+10 E_FIELD_J=4.904133390e+10 E_CORE_J=5.013283978e+10 MONOPOLE=3.775556e-16 DIPOLE=3.986881e-01 CANCELLATION=1.780469e+00 PRODUCTIVE=5.000000e-01 F90=4.765367e-01 FIELD_OVER_FLOOR=5.114210e+00

=== C — BEST PARETO MEMBERS ===
BEST_ANY ALPHA_M=10 ALPHA_X=1.000000000e+18 E_TOTAL_J=2.507027103e+10 E_FIELD_J=2.383327904e+10 E_CORE_J=1.236991986e+09 MONOPOLE=9.553508364e-01 DIPOLE=9.838380576e-01 CANCELLATION=1.014084373e+00 PRODUCTIVE=9.776754182e-01 F50=5.102141192e-01 F90=8.622964630e-01 FIELD_OVER_FLOOR=2.485421841e+00
BEST_MONO_LE_0P1 ALPHA_M=10 ALPHA_X=1.000000000e+18 E_TOTAL_J=3.362673779e+10 E_FIELD_J=2.529065138e+10 E_CORE_J=8.336086417e+09 MONOPOLE=1.000000000e-01 DIPOLE=6.137905230e-02 CANCELLATION=1.355979353e+00 PRODUCTIVE=4.689817509e-01 F50=1.379366014e-01 F90=2.441104821e-01 FIELD_OVER_FLOOR=2.637401979e+00
BEST_MONO_LE_0P01 ALPHA_M=10 ALPHA_X=1.000000000e+18 E_TOTAL_J=4.719078512e+10 E_FIELD_J=4.373479068e+10 E_CORE_J=3.455994439e+09 MONOPOLE=1.000000000e-02 DIPOLE=3.012745425e-01 CANCELLATION=2.098345151e+00 PRODUCTIVE=5.050000000e-01 F50=3.059525251e-01 F90=4.912362856e-01 FIELD_OVER_FLOOR=4.560824542e+00
BEST_NET_NEUTRAL ALPHA_M=10 ALPHA_X=1.000000000e+18 E_TOTAL_J=4.852489596e+10 E_FIELD_J=4.504256007e+10 E_CORE_J=3.482335888e+09 MONOPOLE=2.547131130e-17 DIPOLE=3.193769715e-01 CANCELLATION=2.109279524e+00 PRODUCTIVE=5.000000000e-01 F50=3.076837960e-01 F90=4.860258766e-01 FIELD_OVER_FLOOR=4.697203536e+00

=== D — FRONT / REAR MORPHOLOGY CONTROL ===
FRONT_REAR_CONTROL ALPHA_M=3.125 LEAK=0.1 UNRESTRICTED_E_J=8.421012476e+11 FRONT_REAR_E_J=8.421012477e+11 RATIO=1.000000000e+00
FRONT_REAR_CONTROL ALPHA_M=3.125 LEAK=0 UNRESTRICTED_E_J=7.820806421e+11 FRONT_REAR_E_J=7.821386567e+11 RATIO=1.000074180e+00
FRONT_REAR_CONTROL ALPHA_M=5 LEAK=0.1 UNRESTRICTED_E_J=9.684142934e+11 FRONT_REAR_E_J=9.684142934e+11 RATIO=1.000000000e+00
FRONT_REAR_CONTROL ALPHA_M=5 LEAK=0 UNRESTRICTED_E_J=7.382924906e+11 FRONT_REAR_E_J=7.382924906e+11 RATIO=1.000000000e+00
FRONT_REAR_CONTROL ALPHA_M=10 LEAK=0.1 UNRESTRICTED_E_J=7.124571775e+11 FRONT_REAR_E_J=7.124571775e+11 RATIO=1.000000000e+00
FRONT_REAR_CONTROL ALPHA_M=10 LEAK=0 UNRESTRICTED_E_J=8.267024283e+11 FRONT_REAR_E_J=8.267024283e+11 RATIO=1.000000000e+00

=== E — BASIS CONVERGENCE ===
BASIS_CONVERGENCE ALPHA_M=5 ALPHA_X=1.000000000e+17 LEAK=0.1 E_COARSE=2.241920261e+11 E_MEDIUM=1.999250550e+11 E_FINE=1.972950801e+11 REL_CM=1.213803396e-01 REL_MF=1.333015942e-02 SHRINKING=True PASS=True
BASIS_CONVERGENCE ALPHA_M=10 ALPHA_X=3.162277660e+16 LEAK=0.1 E_COARSE=1.244724941e+11 E_MEDIUM=1.155610348e+11 E_FINE=1.141543245e+11 REL_CM=7.711474187e-02 REL_MF=1.232288150e-02 SHRINKING=True PASS=True
BASIS_CONVERGENCE ALPHA_M=10 ALPHA_X=1.000000000e+17 LEAK=0 E_COARSE=8.670444433e+10 E_MEDIUM=7.672400194e+10 E_FINE=7.574290140e+10 REL_CM=1.300824011e-01 REL_MF=1.295303606e-02 SHRINKING=True PASS=True
BASIS_CONVERGENCE_PASS=True

=== F — RANGE CONTROL FROM CERTIFIED 031A-R1 ===
RANGE_CONTROL LAMBDA_OVER_D=10 E_OVER_MASSLESS=1.001133253996320e+00 QABS_OVER_MASSLESS=1.004692531345657e+00
RANGE_CONTROL LAMBDA_OVER_D=3 E_OVER_MASSLESS=1.030963959542184e+00 QABS_OVER_MASSLESS=1.046613207930021e+00
RANGE_CONTROL LAMBDA_OVER_D=1 E_OVER_MASSLESS=1.475370862074284e+00 QABS_OVER_MASSLESS=1.358018253777487e+00
RANGE_CONTROL LAMBDA_OVER_D=0.5 E_OVER_MASSLESS=4.172194646883209e+00 QABS_OVER_MASSLESS=2.454893761210717e+00
RANGE_CONTROL LAMBDA_OVER_D=0.3 E_OVER_MASSLESS=2.581197207834287e+01 QABS_OVER_MASSLESS=6.409783798047898e+00
RANGE_CONTROL LAMBDA_OVER_D=0.2 E_OVER_MASSLESS=3.465146325507072e+02 QABS_OVER_MASSLESS=2.423117401291679e+01
RANGE_CONTROL LAMBDA_OVER_D=0.1 E_OVER_MASSLESS=1.864406074762075e+06 QABS_OVER_MASSLESS=1.845328572777107e+03

=== G — PRACTICALITY MARKERS ===
ONE_TJ_OPTIMISTIC_CANDIDATE=True
STRONG_1E11_MONO_LE_0P1_CANDIDATE=True
NET_NEUTRAL_1TJ_ALPHA_M5_CANDIDATE=True
STRONG_CANDIDATE_ALPHA_M=1.000000000000000e+01
STRONG_CANDIDATE_ALPHA_X=5.623413251903491e+16
STRONG_CANDIDATE_FX_GEV=4.330110363444777e+01
STRONG_CANDIDATE_E_TOTAL_J=8.275078201430060e+10
STRONG_CANDIDATE_E_FIELD_J=3.914158366266551e+10
STRONG_CANDIDATE_E_CORE_J=4.360919835163509e+10
STRONG_CANDIDATE_MONOPOLE_FRAC=9.999999999999984e-02
STRONG_CANDIDATE_DIPOLE_NORM=2.529674081870208e-01
STRONG_CANDIDATE_CANCELLATION=1.612767694101499e+00
STRONG_CANDIDATE_PRODUCTIVE=5.499999999999999e-01

=== H — UNPROTECTED COLEMAN-WEINBERG NATURALNESS DIAGNOSTIC ===
CW_DIAGNOSTIC_ONLY=YES_NOT_A_NO_GO_THEOREM
CW_ASSUMPTION=UNPROTECTED_MASS_DEPENDENCE_M_X_PHI_PROPORTIONAL_EXP_PHI_OVER_FX
CW_PREFERRED_ON_RANGE_M=3.300000000000000e+00
CW_TARGET_SCALAR_MASS_EV=5.979605466666666e-08
CW_FX_EV=4.330110363444777e+10
CW_NATURAL_MX_MAX_LOW_EV=1.275485958937779e+02
CW_NATURAL_MX_MAX_HIGH_EV=1.803809541746260e+02
CW_INTERPRETATION=NAIVE_HEAVY_UNPROTECTED_SOURCE_SECTOR_LIKELY_REQUIRES_PROTECTION_OR_TUNING
031A_R2R_CLASSIFICATION=GREEN_FINITE_SUPPORT_PARETO_SURVIVES_OPTIMISTIC_1E11_GATE
NEXT=031A_R3_PROTECTED_CHARGE_ACTIVATION_EFT_NATURALNESS_GATE
SUMMARY_JSON=/Users/mymac/Desktop/antigravity_research/results/data/031a_r2r_finite_support_scalar_charge_summary.json
PARETO_CSV=/Users/mymac/Desktop/antigravity_research/results/data/031a_r2r_finite_support_scalar_charge_pareto.csv
