=== 031A-R4 Z2 INDUCED-SCALARIZATION FINITE-SOURCE BVP ===
CLAIM_CLASS=NONLINEAR_SCALAR_FIELD_EXISTENCE_PREFLIGHT
TRUE_ANTIGRAVITY_TARGET=YES_NEUTRAL_MATTER_PHYSICAL_METRIC
SCALAR_CHARGE_PRESCRIBED=NO
X_DENSITY_PROFILE_DYNAMICAL=NO_NOT_YET
FULL_LOCAL_CONSERVATION=NO_NOT_YET
PRACTICAL_DEVICE=NO
MEDIATOR_RANGE_M=3.300000000000000e+00
M_X_GEV=8.365645334354521e+01
M_M_R3_SEED_GEV=6.273348993561532e+09
ALPHA_M_PAYLOAD_CAP=1.000000000000000e+01
OFF_STATE_LINEAR_MATTER_COUPLING=ZERO_BY_Z2_SYMMETRY

=== A — EXACT FINITE-SIZE SCALARIZATION THRESHOLDS ===
SCALARIZATION_THRESHOLD R_M=7.000000000e-01 ETA_CRIT_SHARP=6.487218991e+01
SCALARIZATION_THRESHOLD R_M=8.000000000e-01 ETA_CRIT_SHARP=5.084296571e+01
SCALARIZATION_THRESHOLD R_M=9.000000000e-01 ETA_CRIT_SHARP=4.111646180e+01
SCALARIZATION_THRESHOLD R_M=9.500000000e-01 ETA_CRIT_SHARP=3.733135646e+01
SCALARIZATION_THRESHOLD R_M=1.000000000e+00 ETA_CRIT_SHARP=3.408197860e+01
SCALARIZATION_THRESHOLD R_M=1.100000000e+00 ETA_CRIT_SHARP=2.882027123e+01
SCALARIZATION_THRESHOLD R_M=1.250000000e+00 ETA_CRIT_SHARP=2.309296517e+01
SCALARIZATION_THRESHOLD R_M=1.500000000e+00 ETA_CRIT_SHARP=1.696252031e+01
SCALARIZATION_THRESHOLD R_M=2.000000000e+00 ETA_CRIT_SHARP=1.064590214e+01

=== B — NONLINEAR BVP SCAN ===
BVP_CASE R_M=0.7 FACTOR=0.625 SUCCESS=False REASON=TRIVIAL_PHI_ZERO_BRANCH
BVP_CASE R_M=0.7 FACTOR=1.05 SUCCESS=False REASON=TRIVIAL_PHI_ZERO_BRANCH
BVP_CASE R_M=0.7 FACTOR=1.25 ETA=8.109023738e+01 PHI0_GEV=5.931005931e+01 MM_GEV=1.588921737e+09 E_ON_J=5.399678261e+10 E_OFF_J=5.455377459e+10 E_INV_J=5.455377459e+10 A_CM=2.764733736e+00 A_ADVERSE=2.250779844e+00 PAYLOAD_BACKREACTION_RATIO=3.819709515e-03
BVP_CASE R_M=0.7 FACTOR=1.6 SUCCESS=False REASON=TRIVIAL_PHI_ZERO_BRANCH
BVP_CASE R_M=0.7 FACTOR=1.875 SUCCESS=False REASON=TRIVIAL_PHI_ZERO_BRANCH
BVP_CASE R_M=0.7 FACTOR=3.125 SUCCESS=False REASON=TRIVIAL_PHI_ZERO_BRANCH
BVP_CASE R_M=0.7 FACTOR=5 ETA=3.243609495e+02 PHI0_GEV=1.758814917e+02 MM_GEV=2.916009984e+09 E_ON_J=1.218839643e+11 E_OFF_J=2.182150983e+11 E_INV_J=2.182150983e+11 A_CM=9.311642904e+00 A_ADVERSE=7.580642538e+00 PAYLOAD_BACKREACTION_RATIO=1.134115630e-03
BVP_CASE R_M=0.7 FACTOR=7.5 ETA=4.865414243e+02 PHI0_GEV=1.955391063e+02 MM_GEV=3.111322094e+09 E_ON_J=1.424286717e+11 E_OFF_J=3.273226475e+11 E_INV_J=3.273226475e+11 A_CM=1.060079035e+01 A_ADVERSE=8.630142187e+00 PAYLOAD_BACKREACTION_RATIO=9.961973977e-04
BVP_CASE R_M=0.7 FACTOR=9 ETA=5.838497091e+02 PHI0_GEV=2.036065913e+02 MM_GEV=3.189994787e+09 E_ON_J=1.517425548e+11 E_OFF_J=3.927871770e+11 E_INV_J=3.927871770e+11 A_CM=1.114367009e+01 A_ADVERSE=9.072102565e+00 PAYLOAD_BACKREACTION_RATIO=9.476662247e-04
BVP_CASE R_M=0.7 FACTOR=10 ETA=6.487218991e+02 PHI0_GEV=2.080888903e+02 MM_GEV=3.233341703e+09 E_ON_J=1.571445576e+11 E_OFF_J=4.364301967e+11 E_INV_J=4.364301967e+11 A_CM=1.144857693e+01 A_ADVERSE=9.320328345e+00 PAYLOAD_BACKREACTION_RATIO=9.224272868e-04
BVP_CASE R_M=0.7 FACTOR=12 ETA=7.784662789e+02 PHI0_GEV=2.155682712e+02 MM_GEV=3.305100612e+09 E_ON_J=1.665247077e+11 E_OFF_J=5.237162360e+11 E_INV_J=5.237162360e+11 A_CM=1.196238205e+01 A_ADVERSE=9.738618972e+00 PAYLOAD_BACKREACTION_RATIO=8.828074301e-04
BVP_CASE R_M=0.7 FACTOR=15 ETA=9.730828486e+02 PHI0_GEV=2.242968386e+02 MM_GEV=3.387948892e+09 E_ON_J=1.780576120e+11 E_OFF_J=6.546452950e+11 E_INV_J=6.546452950e+11 A_CM=1.256961570e+01 A_ADVERSE=1.023297011e+01 PAYLOAD_BACKREACTION_RATIO=8.401593181e-04
BVP_CASE R_M=0.8 FACTOR=0.625 SUCCESS=False REASON=TRIVIAL_PHI_ZERO_BRANCH
BVP_CASE R_M=0.8 FACTOR=1.05 SUCCESS=False REASON=TRIVIAL_PHI_ZERO_BRANCH
BVP_CASE R_M=0.8 FACTOR=1.25 ETA=6.355370714e+01 PHI0_GEV=6.120891433e+01 MM_GEV=1.672850342e+09 E_ON_J=6.396539321e+10 E_OFF_J=6.469977373e+10 E_INV_J=6.469977373e+10 A_CM=2.978029557e+00 A_ADVERSE=2.444177394e+00 PAYLOAD_BACKREACTION_RATIO=3.446046792e-03
BVP_CASE R_M=0.8 FACTOR=1.6 SUCCESS=False REASON=TRIVIAL_PHI_ZERO_BRANCH
BVP_CASE R_M=0.8 FACTOR=1.875 SUCCESS=False REASON=TRIVIAL_PHI_ZERO_BRANCH
BVP_CASE R_M=0.8 FACTOR=3.125 ETA=1.588842679e+02 PHI0_GEV=1.497957548e+02 MM_GEV=2.746995703e+09 E_ON_J=1.162445971e+11 E_OFF_J=1.617494343e+11 E_INV_J=1.617494343e+11 A_CM=8.030281787e+00 A_ADVERSE=6.590744933e+00 PAYLOAD_BACKREACTION_RATIO=1.277966263e-03
BVP_CASE R_M=0.8 FACTOR=5 ETA=2.542148286e+02 PHI0_GEV=1.766787034e+02 MM_GEV=3.034507359e+09 E_ON_J=1.439072118e+11 E_OFF_J=2.587990949e+11 E_INV_J=2.587990949e+11 A_CM=9.799213390e+00 A_ADVERSE=8.042571569e+00 PAYLOAD_BACKREACTION_RATIO=1.047270714e-03
BVP_CASE R_M=0.8 FACTOR=7.5 ETA=3.813222429e+02 PHI0_GEV=1.962630664e+02 MM_GEV=3.237354534e+09 E_ON_J=1.681183478e+11 E_OFF_J=3.881986424e+11 E_INV_J=3.881986424e+11 A_CM=1.115309372e+01 A_ADVERSE=9.153750495e+00 PAYLOAD_BACKREACTION_RATIO=9.201419324e-04
BVP_CASE R_M=0.8 FACTOR=9 ETA=4.575866914e+02 PHI0_GEV=2.043027336e+02 MM_GEV=3.319113627e+09 E_ON_J=1.790959774e+11 E_OFF_J=4.658383709e+11 E_INV_J=4.658383709e+11 A_CM=1.172354799e+01 A_ADVERSE=9.621943113e+00 PAYLOAD_BACKREACTION_RATIO=8.753688907e-04
BVP_CASE R_M=0.8 FACTOR=10 ETA=5.084296571e+02 PHI0_GEV=2.087700545e+02 MM_GEV=3.364171213e+09 E_ON_J=1.854633238e+11 E_OFF_J=5.175981898e+11 E_INV_J=5.175981898e+11 A_CM=1.204400718e+01 A_ADVERSE=9.884955643e+00 PAYLOAD_BACKREACTION_RATIO=8.520776393e-04
BVP_CASE R_M=0.8 FACTOR=12 ETA=6.101155886e+02 PHI0_GEV=2.162251357e+02 MM_GEV=3.438775876e+09 E_ON_J=1.965203065e+11 E_OFF_J=6.211178278e+11 E_INV_J=6.211178278e+11 A_CM=1.258411179e+01 A_ADVERSE=1.032823919e+01 PAYLOAD_BACKREACTION_RATIO=8.155068369e-04
BVP_CASE R_M=0.8 FACTOR=15 ETA=7.626444857e+02 PHI0_GEV=2.249263514e+02 MM_GEV=3.524928223e+09 E_ON_J=2.101157852e+11 E_OFF_J=7.763972848e+11 E_INV_J=7.763972848e+11 A_CM=1.322255497e+01 A_ADVERSE=1.085223277e+01 PAYLOAD_BACKREACTION_RATIO=7.761305758e-04
BVP_CASE R_M=0.9 FACTOR=0.625 SUCCESS=False REASON=TRIVIAL_PHI_ZERO_BRANCH
BVP_CASE R_M=0.9 FACTOR=1.05 SUCCESS=False REASON=TRIVIAL_PHI_ZERO_BRANCH
BVP_CASE R_M=0.9 FACTOR=1.25 ETA=5.139557725e+01 PHI0_GEV=6.269434905e+01 MM_GEV=1.742541695e+09 E_ON_J=7.436903798e+10 E_OFF_J=7.529201851e+10 E_INV_J=7.529201851e+10 A_CM=3.145761613e+00 A_ADVERSE=2.600741048e+00 PAYLOAD_BACKREACTION_RATIO=3.175915889e-03
BVP_CASE R_M=0.9 FACTOR=1.6 ETA=6.578633888e+01 PHI0_GEV=9.630808832e+01 MM_GEV=2.195492374e+09 E_ON_J=9.036203335e+10 E_OFF_J=9.637378370e+10 E_INV_J=9.637378370e+10 A_CM=4.993709995e+00 A_ADVERSE=4.128522172e+00 PAYLOAD_BACKREACTION_RATIO=2.000651680e-03
BVP_CASE R_M=0.9 FACTOR=1.875 SUCCESS=False REASON=TRIVIAL_PHI_ZERO_BRANCH
BVP_CASE R_M=0.9 FACTOR=3.125 ETA=1.284889431e+02 PHI0_GEV=1.505631626e+02 MM_GEV=2.838815734e+09 E_ON_J=1.348823408e+11 E_OFF_J=1.882300463e+11 E_INV_J=1.882300463e+11 A_CM=8.348988422e+00 A_ADVERSE=6.902480090e+00 PAYLOAD_BACKREACTION_RATIO=1.196632907e-03
BVP_CASE R_M=0.9 FACTOR=5 ETA=2.055823090e+02 PHI0_GEV=1.773506833e+02 MM_GEV=3.135308085e+09 E_ON_J=1.669265788e+11 E_OFF_J=3.011680741e+11 E_INV_J=3.011680741e+11 A_CM=1.018403530e+01 A_ADVERSE=8.419594970e+00 PAYLOAD_BACKREACTION_RATIO=9.810133203e-04
BVP_CASE R_M=0.9 FACTOR=7.5 ETA=3.083734635e+02 PHI0_GEV=1.968737235e+02 MM_GEV=3.344755794e+09 E_ON_J=1.949810278e+11 E_OFF_J=4.517521111e+11 E_INV_J=4.517521111e+11 A_CM=1.159012930e+01 A_ADVERSE=9.582075417e+00 PAYLOAD_BACKREACTION_RATIO=8.619985188e-04
BVP_CASE R_M=0.9 FACTOR=9 ETA=3.700481562e+02 PHI0_GEV=2.048896302e+02 MM_GEV=3.429218544e+09 E_ON_J=2.077032388e+11 E_OFF_J=5.421025333e+11 E_INV_J=5.421025333e+11 A_CM=1.218287473e+01 A_ADVERSE=1.007212443e+01 PAYLOAD_BACKREACTION_RATIO=8.200588540e-04
BVP_CASE R_M=0.9 FACTOR=10 ETA=4.111646180e+02 PHI0_GEV=2.093440510e+02 MM_GEV=3.475774655e+09 E_ON_J=2.150829716e+11 E_OFF_J=6.023361481e+11 E_INV_J=6.023361481e+11 A_CM=1.251591704e+01 A_ADVERSE=1.034746532e+01 PAYLOAD_BACKREACTION_RATIO=7.982374970e-04
BVP_CASE R_M=0.9 FACTOR=12 ETA=4.933975416e+02 PHI0_GEV=2.167780475e+02 MM_GEV=3.552872126e+09 E_ON_J=2.278987251e+11 E_OFF_J=7.228033777e+11 E_INV_J=7.228033777e+11 A_CM=1.307731560e+01 A_ADVERSE=1.081159848e+01 PAYLOAD_BACKREACTION_RATIO=7.639698079e-04
BVP_CASE R_M=0.9 FACTOR=15 ETA=6.167469270e+02 PHI0_GEV=2.254553045e+02 MM_GEV=3.641918654e+09 E_ON_J=2.436579189e+11 E_OFF_J=9.035042222e+11 E_INV_J=9.035042222e+11 A_CM=1.374105044e+01 A_ADVERSE=1.136033760e+01 PAYLOAD_BACKREACTION_RATIO=7.270677254e-04
BVP_CASE R_M=0.95 FACTOR=0.625 SUCCESS=False REASON=TRIVIAL_PHI_ZERO_BRANCH
BVP_CASE R_M=0.95 FACTOR=1.05 ETA=3.919792428e+01 PHI0_GEV=5.210351986e+00 MM_GEV=5.016200610e+08 E_ON_J=6.783583637e+10 E_OFF_J=6.783587770e+10 E_INV_J=6.783587770e+10 A_CM=2.573654112e-01 A_ADVERSE=2.134950589e-01 PAYLOAD_BACKREACTION_RATIO=3.832529935e-02
BVP_CASE R_M=0.95 FACTOR=1.25 ETA=4.666419557e+01 PHI0_GEV=6.332640663e+01 MM_GEV=1.773120600e+09 E_ON_J=7.973593796e+10 E_OFF_J=8.075699726e+10 E_INV_J=8.075699726e+10 A_CM=3.215710450e+00 A_ADVERSE=2.667562391e+00 PAYLOAD_BACKREACTION_RATIO=3.067317963e-03
BVP_CASE R_M=0.95 FACTOR=1.6 ETA=5.973017033e+01 PHI0_GEV=9.677140391e+01 MM_GEV=2.228786203e+09 E_ON_J=9.684901392e+10 E_OFF_J=1.033689565e+11 E_INV_J=1.033689565e+11 A_CM=5.080859754e+00 A_ADVERSE=4.214779472e+00 PAYLOAD_BACKREACTION_RATIO=1.941326253e-03
BVP_CASE R_M=0.95 FACTOR=1.875 ETA=6.999629336e+01 PHI0_GEV=1.125479117e+02 MM_GEV=2.426143757e+09 E_ON_J=1.079878686e+11 E_OFF_J=1.211354959e+11 E_INV_J=1.211354959e+11 A_CM=6.020512288e+00 A_ADVERSE=4.994259404e+00 PAYLOAD_BACKREACTION_RATIO=1.638333410e-03
BVP_CASE R_M=0.95 FACTOR=3.125 ETA=1.166604889e+02 PHI0_GEV=1.509047906e+02 MM_GEV=2.879660581e+09 E_ON_J=1.445045495e+11 E_OFF_J=2.018924932e+11 E_INV_J=2.018924932e+11 A_CM=8.481701595e+00 A_ADVERSE=7.035915870e+00 PAYLOAD_BACKREACTION_RATIO=1.162927782e-03
BVP_CASE R_M=0.95 FACTOR=5 ETA=1.866567823e+02 PHI0_GEV=1.776505374e+02 MM_GEV=3.180245465e+09 E_ON_J=1.788156993e+11 E_OFF_J=3.230279891e+11 E_INV_J=3.230279891e+11 A_CM=1.034478979e+01 A_ADVERSE=8.581423174e+00 PAYLOAD_BACKREACTION_RATIO=9.534854387e-04
BVP_CASE R_M=0.95 FACTOR=7.5 ETA=2.799851734e+02 PHI0_GEV=1.971459631e+02 MM_GEV=3.392701718e+09 E_ON_J=2.088594201e+11 E_OFF_J=4.845419836e+11 E_INV_J=4.845419836e+11 A_CM=1.177312468e+01 A_ADVERSE=9.766284968e+00 PAYLOAD_BACKREACTION_RATIO=8.378070133e-04
BVP_CASE R_M=0.95 FACTOR=9 ETA=3.359822081e+02 PHI0_GEV=2.051510158e+02 MM_GEV=3.478396898e+09 E_ON_J=2.224848210e+11 E_OFF_J=5.814503803e+11 E_INV_J=5.814503803e+11 A_CM=1.237538322e+01 A_ADVERSE=1.026588288e+01 PAYLOAD_BACKREACTION_RATIO=7.970344234e-04
BVP_CASE R_M=0.95 FACTOR=10 ETA=3.733135646e+02 PHI0_GEV=2.095995096e+02 MM_GEV=3.525636102e+09 E_ON_J=2.303887286e+11 E_OFF_J=6.460559781e+11 E_INV_J=6.460559781e+11 A_CM=1.271379941e+01 A_ADVERSE=1.054661285e+01 PAYLOAD_BACKREACTION_RATIO=7.758189433e-04
BVP_CASE R_M=0.95 FACTOR=12 ETA=4.479762775e+02 PHI0_GEV=2.170237695e+02 MM_GEV=3.603869898e+09 E_ON_J=2.441151866e+11 E_OFF_J=7.752671737e+11 E_INV_J=7.752671737e+11 A_CM=1.328429754e+01 A_ADVERSE=1.101986422e+01 PAYLOAD_BACKREACTION_RATIO=7.425011670e-04
BVP_CASE R_M=0.95 FACTOR=15 ETA=5.599703469e+02 PHI0_GEV=2.256898919e+02 MM_GEV=3.694235681e+09 E_ON_J=2.609948945e+11 E_OFF_J=9.690839672e+11 E_INV_J=9.690839672e+11 A_CM=1.395884817e+01 A_ADVERSE=1.157943135e+01 PAYLOAD_BACKREACTION_RATIO=7.066203680e-04
BVP_CASE R_M=1 FACTOR=0.625 SUCCESS=False REASON=TRIVIAL_PHI_ZERO_BRANCH
BVP_CASE R_M=1 FACTOR=1.05 ETA=3.578607753e+01 PHI0_GEV=9.505646796e+00 MM_GEV=6.850322897e+08 E_ON_J=7.252378486e+10 E_OFF_J=7.252427279e+10 E_INV_J=7.252427279e+10 A_CM=4.740578073e-01 A_ADVERSE=3.945158215e-01 PAYLOAD_BACKREACTION_RATIO=2.055006800e-02
BVP_CASE R_M=1 FACTOR=1.25 ETA=4.260247325e+01 PHI0_GEV=6.390052292e+01 MM_GEV=1.801283267e+09 E_ON_J=8.521665688e+10 E_OFF_J=8.633841998e+10 E_INV_J=8.633841998e+10 A_CM=3.277730536e+00 A_ADVERSE=2.727761330e+00 PAYLOAD_BACKREACTION_RATIO=2.972154077e-03
BVP_CASE R_M=1 FACTOR=1.6 ETA=5.453116576e+01 PHI0_GEV=9.719872709e+01 MM_GEV=2.259585409e+09 E_ON_J=1.034741438e+11 E_OFF_J=1.105131776e+11 E_INV_J=1.105131776e+11 A_CM=5.157826639e+00 A_ADVERSE=4.292396797e+00 PAYLOAD_BACKREACTION_RATIO=1.888764563e-03
BVP_CASE R_M=1 FACTOR=1.875 ETA=6.390370987e+01 PHI0_GEV=1.129357381e+02 MM_GEV=2.458842301e+09 E_ON_J=1.153601139e+11 E_OFF_J=1.295076300e+11 E_INV_J=1.295076300e+11 A_CM=6.107599764e+00 A_ADVERSE=5.082807837e+00 PAYLOAD_BACKREACTION_RATIO=1.595048882e-03
BVP_CASE R_M=1 FACTOR=3.125 ETA=1.065061831e+02 PHI0_GEV=1.512233639e+02 MM_GEV=2.917587511e+09 E_ON_J=1.543351583e+11 E_OFF_J=2.158460500e+11 E_INV_J=2.158460500e+11 A_CM=8.599179217e+00 A_ADVERSE=7.156326087e+00 PAYLOAD_BACKREACTION_RATIO=1.132889538e-03
BVP_CASE R_M=1 FACTOR=5 ETA=1.704098930e+02 PHI0_GEV=1.779303262e+02 MM_GEV=3.222033639e+09 E_ON_J=1.909652804e+11 E_OFF_J=3.453536799e+11 E_INV_J=3.453536799e+11 A_CM=1.048743683e+01 A_ADVERSE=8.727753651e+00 PAYLOAD_BACKREACTION_RATIO=9.289133588e-04
BVP_CASE R_M=1 FACTOR=7.5 ETA=2.556148395e+02 PHI0_GEV=1.973996485e+02 MM_GEV=3.437329080e+09 E_ON_J=2.230445241e+11 E_OFF_J=5.180305199e+11 E_INV_J=5.180305199e+11 A_CM=1.193579750e+01 A_ADVERSE=9.933094413e+00 PAYLOAD_BACKREACTION_RATIO=8.161934863e-04
BVP_CASE R_M=1 FACTOR=9 ETA=3.067378074e+02 PHI0_GEV=2.053943508e+02 MM_GEV=3.524187396e+09 E_ON_J=2.375942495e+11 E_OFF_J=6.216366239e+11 E_INV_J=6.216366239e+11 A_CM=1.254663330e+01 A_ADVERSE=1.044143829e+01 PAYLOAD_BACKREACTION_RATIO=7.764569143e-04
BVP_CASE R_M=1 FACTOR=10 ETA=3.408197860e+02 PHI0_GEV=2.098371731e+02 MM_GEV=3.572071292e+09 E_ON_J=2.460346307e+11 E_OFF_J=6.907073599e+11 E_INV_J=6.907073599e+11 A_CM=1.288989720e+01 A_ADVERSE=1.072710607e+01 PAYLOAD_BACKREACTION_RATIO=7.557795089e-04
BVP_CASE R_M=1 FACTOR=12 ETA=4.089837432e+02 PHI0_GEV=2.172520878e+02 MM_GEV=3.651377530e+09 E_ON_J=2.606932132e+11 E_OFF_J=8.288488318e+11 E_INV_J=8.288488318e+11 A_CM=1.346860744e+01 A_ADVERSE=1.120871473e+01 PAYLOAD_BACKREACTION_RATIO=7.233056734e-04
BVP_CASE R_M=1 FACTOR=15 ETA=5.112296790e+02 PHI0_GEV=2.259074832e+02 MM_GEV=3.742988381e+09 E_ON_J=2.787198724e+11 E_OFF_J=1.036061040e+12 E_INV_J=1.036061040e+12 A_CM=1.415292403e+01 A_ADVERSE=1.177821010e+01 PAYLOAD_BACKREACTION_RATIO=6.883326831e-04
BVP_CASE R_M=1.1 FACTOR=0.625 SUCCESS=False REASON=TRIVIAL_PHI_ZERO_BRANCH
BVP_CASE R_M=1.1 FACTOR=1.05 ETA=3.026128479e+01 PHI0_GEV=1.415431668e+01 MM_GEV=8.520371918e+08 E_ON_J=8.219063239e+10 E_OFF_J=8.219329712e+10 E_INV_J=8.219329712e+10 A_CM=7.161718011e-01 A_ADVERSE=5.995810982e-01 PAYLOAD_BACKREACTION_RATIO=1.328367509e-02
BVP_CASE R_M=1.1 FACTOR=1.25 ETA=3.602533903e+01 PHI0_GEV=6.490835492e+01 MM_GEV=1.851355266e+09 E_ON_J=9.651894992e+10 E_OFF_J=9.784916323e+10 E_INV_J=9.784916323e+10 A_CM=3.381268384e+00 A_ADVERSE=2.830807647e+00 PAYLOAD_BACKREACTION_RATIO=2.813557645e-03
BVP_CASE R_M=1.1 FACTOR=1.6 ETA=4.611243396e+01 PHI0_GEV=9.796459957e+01 MM_GEV=2.314662895e+09 E_ON_J=1.171388788e+11 E_OFF_J=1.252469289e+11 E_INV_J=1.252469289e+11 A_CM=5.285372634e+00 A_ADVERSE=4.424929219e+00 PAYLOAD_BACKREACTION_RATIO=1.799947548e-03
BVP_CASE R_M=1.1 FACTOR=1.875 ETA=5.403800855e+01 PHI0_GEV=1.136351565e+02 MM_GEV=2.517421917e+09 E_ON_J=1.305679350e+11 E_OFF_J=1.467737449e+11 E_INV_J=1.467737449e+11 A_CM=6.251901545e+00 A_ADVERSE=5.234110012e+00 PAYLOAD_BACKREACTION_RATIO=1.521679995e-03
BVP_CASE R_M=1.1 FACTOR=3.125 ETA=9.006334758e+01 PHI0_GEV=1.518022019e+02 MM_GEV=2.985790478e+09 E_ON_J=1.746236592e+11 E_OFF_J=2.446229081e+11 E_INV_J=2.446229081e+11 A_CM=8.794654235e+00 A_ADVERSE=7.362909901e+00 PAYLOAD_BACKREACTION_RATIO=1.081724563e-03
BVP_CASE R_M=1.1 FACTOR=5 ETA=1.441013561e+02 PHI0_GEV=1.784384870e+02 MM_GEV=3.297348177e+09 E_ON_J=2.160495375e+11 E_OFF_J=3.913966529e+11 E_INV_J=3.913966529e+11 A_CM=1.072580083e+01 A_ADVERSE=8.979671404e+00 PAYLOAD_BACKREACTION_RATIO=8.869634688e-04
BVP_CASE R_M=1.1 FACTOR=7.5 ETA=2.161520342e+02 PHI0_GEV=1.978590231e+02 MM_GEV=3.517875118e+09 E_ON_J=2.523400610e+11 E_OFF_J=5.870949794e+11 E_INV_J=5.870949794e+11 A_CM=1.220846180e+01 A_ADVERSE=1.022095945e+01 PAYLOAD_BACKREACTION_RATIO=7.792458759e-04
BVP_CASE R_M=1.1 FACTOR=9 ETA=2.593824410e+02 PHI0_GEV=2.058341502e+02 MM_GEV=3.606876890e+09 E_ON_J=2.688025196e+11 E_OFF_J=7.045139753e+11 E_INV_J=7.045139753e+11 A_CM=1.283402115e+01 A_ADVERSE=1.074467954e+01 PAYLOAD_BACKREACTION_RATIO=7.412636615e-04
BVP_CASE R_M=1.1 FACTOR=10 ETA=2.882027123e+02 PHI0_GEV=2.102661968e+02 MM_GEV=3.655948858e+09 E_ON_J=2.783531406e+11 E_OFF_J=7.827933059e+11 E_INV_J=7.827933059e+11 A_CM=1.318561334e+01 A_ADVERSE=1.103903353e+01 PAYLOAD_BACKREACTION_RATIO=7.214979893e-04
BVP_CASE R_M=1.1 FACTOR=12 ETA=3.458432547e+02 PHI0_GEV=2.176632850e+02 MM_GEV=3.737231442e+09 E_ON_J=2.949409244e+11 E_OFF_J=9.393519671e+11 E_INV_J=9.393519671e+11 A_CM=1.377844161e+01 A_ADVERSE=1.153535107e+01 PAYLOAD_BACKREACTION_RATIO=6.904549717e-04
BVP_CASE R_M=1.1 FACTOR=15 ETA=4.323040684e+02 PHI0_GEV=2.262981170e+02 MM_GEV=3.831136679e+09 E_ON_J=3.153416509e+11 E_OFF_J=1.174189959e+12 E_INV_J=1.174189959e+12 A_CM=1.447956132e+01 A_ADVERSE=1.212233051e+01 PAYLOAD_BACKREACTION_RATIO=6.570222193e-04
BVP_CASE R_M=1.25 FACTOR=0.625 SUCCESS=False REASON=TRIVIAL_PHI_ZERO_BRANCH
BVP_CASE R_M=1.25 FACTOR=1.05 ETA=2.424761343e+01 PHI0_GEV=1.828058852e+01 MM_GEV=9.906547806e+08 E_ON_J=9.743877401e+10 E_OFF_J=9.744732807e+10 E_INV_J=9.744732807e+10 A_CM=9.366163321e-01 A_ADVERSE=7.904366194e-01 PAYLOAD_BACKREACTION_RATIO=9.826314720e-03
BVP_CASE R_M=1.25 FACTOR=1.25 ETA=2.886620646e+01 PHI0_GEV=6.615665005e+01 MM_GEV=1.913707292e+09 E_ON_J=1.143483210e+11 E_OFF_J=1.160087239e+11 E_INV_J=1.160087239e+11 A_CM=3.495168123e+00 A_ADVERSE=2.949669764e+00 PAYLOAD_BACKREACTION_RATIO=2.633202904e-03
BVP_CASE R_M=1.25 FACTOR=1.6 ETA=3.694874427e+01 PHI0_GEV=9.894261233e+01 MM_GEV=2.383824532e+09 E_ON_J=1.387009684e+11 E_OFF_J=1.484911666e+11 E_INV_J=1.484911666e+11 A_CM=5.423324823e+00 A_ADVERSE=4.576894927e+00 PAYLOAD_BACKREACTION_RATIO=1.697019292e-03
BVP_CASE R_M=1.25 FACTOR=1.875 ETA=4.329930969e+01 PHI0_GEV=1.145360234e+02 MM_GEV=2.591200994e+09 E_ON_J=1.545701702e+11 E_OFF_J=1.740130858e+11 E_INV_J=1.740130858e+11 A_CM=6.407952007e+00 A_ADVERSE=5.407849242e+00 PAYLOAD_BACKREACTION_RATIO=1.436260265e-03
BVP_CASE R_M=1.25 FACTOR=3.125 ETA=7.216551616e+01 PHI0_GEV=1.525538962e+02 MM_GEV=3.072252832e+09 E_ON_J=2.066682856e+11 E_OFF_J=2.900218097e+11 E_INV_J=2.900218097e+11 A_CM=9.008053431e+00 A_ADVERSE=7.602147280e+00 PAYLOAD_BACKREACTION_RATIO=1.021695411e-03
BVP_CASE R_M=1.25 FACTOR=5 ETA=1.154648259e+02 PHI0_GEV=1.790959149e+02 MM_GEV=3.393201968e+09 E_ON_J=2.556934532e+11 E_OFF_J=4.640348956e+11 E_INV_J=4.640348956e+11 A_CM=1.098845079e+01 A_ADVERSE=9.273459789e+00 PAYLOAD_BACKREACTION_RATIO=8.375600008e-04
BVP_CASE R_M=1.25 FACTOR=7.5 ETA=1.731972388e+02 PHI0_GEV=1.984488941e+02 MM_GEV=3.620643679e+09 E_ON_J=2.986613430e+11 E_OFF_J=6.960523434e+11 E_INV_J=6.960523434e+11 A_CM=1.251090194e+01 A_ADVERSE=1.055829873e+01 PAYLOAD_BACKREACTION_RATIO=7.356373584e-04
BVP_CASE R_M=1.25 FACTOR=9 ETA=2.078366865e+02 PHI0_GEV=2.063964595e+02 MM_GEV=3.712479167e+09 E_ON_J=3.181576032e+11 E_OFF_J=8.352628120e+11 E_INV_J=8.352628120e+11 A_CM=1.315361414e+01 A_ADVERSE=1.110070147e+01 PAYLOAD_BACKREACTION_RATIO=6.996926284e-04
BVP_CASE R_M=1.25 FACTOR=10 ETA=2.309296517e+02 PHI0_GEV=2.108132383e+02 MM_GEV=3.763121833e+09 E_ON_J=3.294694240e+11 E_OFF_J=9.280697911e+11 E_INV_J=9.280697911e+11 A_CM=1.351492392e+01 A_ADVERSE=1.140562086e+01 PAYLOAD_BACKREACTION_RATIO=6.809869522e-04
BVP_CASE R_M=1.25 FACTOR=12 ETA=2.771155820e+02 PHI0_GEV=2.181849326e+02 MM_GEV=3.847017195e+09 E_ON_J=3.491179209e+11 E_OFF_J=1.113683749e+12 E_INV_J=1.113683749e+12 A_CM=1.412424695e+01 A_ADVERSE=1.191984554e+01 PAYLOAD_BACKREACTION_RATIO=6.516090298e-04
BVP_CASE R_M=1.25 FACTOR=15 ETA=3.463944776e+02 PHI0_GEV=2.267902812e+02 MM_GEV=3.943955431e+09 E_ON_J=3.732857336e+11 E_OFF_J=1.392104687e+12 E_INV_J=1.392104687e+12 A_CM=1.484502879e+01 A_ADVERSE=1.252813342e+01 PAYLOAD_BACKREACTION_RATIO=6.199709669e-04
BVP_CASE R_M=1.5 FACTOR=0.625 SUCCESS=False REASON=TRIVIAL_PHI_ZERO_BRANCH
BVP_CASE R_M=1.5 FACTOR=1.05 ETA=1.781064633e+01 PHI0_GEV=2.240408759e+01 MM_GEV=1.126649545e+09 E_ON_J=1.249199530e+11 E_OFF_J=1.249436383e+11 E_INV_J=1.249436383e+11 A_CM=1.152968911e+00 A_ADVERSE=9.840234376e-01 PAYLOAD_BACKREACTION_RATIO=7.597271692e-03
BVP_CASE R_M=1.5 FACTOR=1.25 ETA=2.120315039e+01 PHI0_GEV=6.777264093e+01 MM_GEV=1.992521673e+09 E_ON_J=1.464865130e+11 E_OFF_J=1.487424266e+11 E_INV_J=1.487424266e+11 A_CM=3.606168487e+00 A_ADVERSE=3.077753682e+00 PAYLOAD_BACKREACTION_RATIO=2.429009654e-03
BVP_CASE R_M=1.5 FACTOR=1.6 ETA=2.714003250e+01 PHI0_GEV=1.002590532e+02 MM_GEV=2.472255357e+09 E_ON_J=1.775851353e+11 E_OFF_J=1.903903061e+11 E_INV_J=1.903903061e+11 A_CM=5.551707277e+00 A_ADVERSE=4.738211088e+00 PAYLOAD_BACKREACTION_RATIO=1.577788171e-03
BVP_CASE R_M=1.5 FACTOR=1.875 ETA=3.180472559e+01 PHI0_GEV=1.157601167e+02 MM_GEV=2.686002926e+09 E_ON_J=1.978699681e+11 E_OFF_J=2.231136399e+11 E_INV_J=2.231136399e+11 A_CM=6.553191643e+00 A_ADVERSE=5.592947135e+00 PAYLOAD_BACKREACTION_RATIO=1.336664414e-03
BVP_CASE R_M=1.5 FACTOR=3.125 ETA=5.300787598e+01 PHI0_GEV=1.535781513e+02 MM_GEV=3.184622599e+09 E_ON_J=2.645437217e+11 E_OFF_J=3.718560665e+11 E_INV_J=3.718560665e+11 A_CM=9.212040769e+00 A_ADVERSE=7.862192932e+00 PAYLOAD_BACKREACTION_RATIO=9.508661860e-04
BVP_CASE R_M=1.5 FACTOR=5 ETA=8.481260156e+01 PHI0_GEV=1.799794791e+02 MM_GEV=3.518640385e+09 E_ON_J=3.273629153e+11 E_OFF_J=5.949697064e+11 E_INV_J=5.949697064e+11 A_CM=1.124578229e+01 A_ADVERSE=9.597928656e+00 PAYLOAD_BACKREACTION_RATIO=7.789069575e-04
BVP_CASE R_M=1.5 FACTOR=7.5 ETA=1.272189023e+02 PHI0_GEV=1.992269425e+02 MM_GEV=3.755719172e+09 E_ON_J=3.824626163e+11 E_OFF_J=8.924545596e+11 E_INV_J=8.924545596e+11 A_CM=1.281227135e+01 A_ADVERSE=1.093487880e+01 PAYLOAD_BACKREACTION_RATIO=6.836740988e-04
BVP_CASE R_M=1.5 FACTOR=9 ETA=1.526626828e+02 PHI0_GEV=2.071306568e+02 MM_GEV=3.851505066e+09 E_ON_J=4.074734434e+11 E_OFF_J=1.070945472e+12 E_INV_J=1.070945472e+12 A_CM=1.347413371e+01 A_ADVERSE=1.149975793e+01 PAYLOAD_BACKREACTION_RATIO=6.500913719e-04
BVP_CASE R_M=1.5 FACTOR=10 ETA=1.696252031e+02 PHI0_GEV=2.115229811e+02 MM_GEV=3.904337359e+09 E_ON_J=4.219872319e+11 E_OFF_J=1.189939413e+12 E_INV_J=1.189939413e+12 A_CM=1.384632683e+01 A_ADVERSE=1.181741328e+01 PAYLOAD_BACKREACTION_RATIO=6.326167350e-04
BVP_CASE R_M=1.5 FACTOR=12 ETA=2.035502437e+02 PHI0_GEV=2.188537747e+02 MM_GEV=3.991874734e+09 E_ON_J=4.472012557e+11 E_OFF_J=1.427927295e+12 E_INV_J=1.427927295e+12 A_CM=1.447417153e+01 A_ADVERSE=1.235325939e+01 PAYLOAD_BACKREACTION_RATIO=6.051757817e-04
BVP_CASE R_M=1.5 FACTOR=15 ETA=2.544378047e+02 PHI0_GEV=2.274113222e+02 MM_GEV=4.093039864e+09 E_ON_J=4.782205415e+11 E_OFF_J=1.784909119e+12 E_INV_J=1.784909119e+12 A_CM=1.521709861e+01 A_ADVERSE=1.298732476e+01 PAYLOAD_BACKREACTION_RATIO=5.756299736e-04
BVP_CASE R_M=2 FACTOR=0.625 SUCCESS=False REASON=TRIVIAL_PHI_ZERO_BRANCH
BVP_CASE R_M=2 FACTOR=1.05 ETA=1.117819725e+01 PHI0_GEV=2.688761553e+01 MM_GEV=1.270285171e+09 E_ON_J=1.881661889e+11 E_OFF_J=1.882345359e+11 E_INV_J=1.882345359e+11 A_CM=1.350388732e+00 A_ADVERSE=1.172185118e+00 PAYLOAD_BACKREACTION_RATIO=5.976306912e-03
BVP_CASE R_M=2 FACTOR=1.25 ETA=1.330737768e+01 PHI0_GEV=7.003321271e+01 MM_GEV=2.090737026e+09 E_ON_J=2.204725662e+11 E_OFF_J=2.240887332e+11 E_INV_J=2.240887332e+11 A_CM=3.658096600e+00 A_ADVERSE=3.175357059e+00 PAYLOAD_BACKREACTION_RATIO=2.206157573e-03
BVP_CASE R_M=2 FACTOR=1.6 ETA=1.703344343e+01 PHI0_GEV=1.021879129e+02 MM_GEV=2.584722373e+09 E_ON_J=2.671758777e+11 E_OFF_J=2.868335785e+11 E_INV_J=2.868335785e+11 A_CM=5.590931266e+00 A_ADVERSE=4.853125820e+00 PAYLOAD_BACKREACTION_RATIO=1.443469278e-03
BVP_CASE R_M=2 FACTOR=1.875 ETA=1.996106651e+01 PHI0_GEV=1.175640108e+02 MM_GEV=2.807898326e+09 E_ON_J=2.976978788e+11 E_OFF_J=3.361330998e+11 E_INV_J=3.361330998e+11 A_CM=6.598103213e+00 A_ADVERSE=5.727386645e+00 PAYLOAD_BACKREACTION_RATIO=1.223129929e-03
BVP_CASE R_M=2 FACTOR=3.125 ETA=3.326844419e+01 PHI0_GEV=1.550511487e+02 MM_GEV=3.332897496e+09 E_ON_J=3.982519663e+11 E_OFF_J=5.602218329e+11 E_INV_J=5.602218329e+11 A_CM=9.296088788e+00 A_ADVERSE=8.069333421e+00 PAYLOAD_BACKREACTION_RATIO=8.681433342e-04
BVP_CASE R_M=2 FACTOR=5 ETA=5.322951070e+01 PHI0_GEV=1.811858820e+02 MM_GEV=3.686742575e+09 E_ON_J=4.932168895e+11 E_OFF_J=8.963549327e+11 E_INV_J=8.963549327e+11 A_CM=1.137475307e+01 A_ADVERSE=9.873687440e+00 PAYLOAD_BACKREACTION_RATIO=7.094956229e-04
BVP_CASE R_M=2 FACTOR=7.5 ETA=7.984426606e+01 PHI0_GEV=2.002247188e+02 MM_GEV=3.938477651e+09 E_ON_J=5.766300182e+11 E_OFF_J=1.344532399e+12 E_INV_J=1.344532399e+12 A_CM=1.298114855e+01 A_ADVERSE=1.126809546e+01 PAYLOAD_BACKREACTION_RATIO=6.216967229e-04
BVP_CASE R_M=2 FACTOR=9 ETA=9.581311927e+01 PHI0_GEV=2.080404622e+02 MM_GEV=4.040271569e+09 E_ON_J=6.145200510e+11 E_OFF_J=1.613438879e+12 E_INV_J=1.613438879e+12 A_CM=1.366084186e+01 A_ADVERSE=1.185809326e+01 PAYLOAD_BACKREACTION_RATIO=5.907642881e-04
BVP_CASE R_M=2 FACTOR=10 ETA=1.064590214e+02 PHI0_GEV=2.123834972e+02 MM_GEV=4.096433062e+09 E_ON_J=6.365141564e+11 E_OFF_J=1.792709865e+12 E_INV_J=1.792709865e+12 A_CM=1.404326446e+01 A_ADVERSE=1.219004958e+01 PAYLOAD_BACKREACTION_RATIO=5.746767455e-04
BVP_CASE R_M=2 FACTOR=12 ETA=1.277508257e+02 PHI0_GEV=2.196315548e+02 MM_GEV=4.189505695e+09 E_ON_J=6.747334733e+11 E_OFF_J=2.151251838e+12 E_INV_J=2.151251838e+12 A_CM=1.468865124e+01 A_ADVERSE=1.275026810e+01 PAYLOAD_BACKREACTION_RATIO=5.494267230e-04
BVP_CASE R_M=2 FACTOR=15 ETA=1.596885321e+02 PHI0_GEV=2.280920321e+02 MM_GEV=4.297090463e+09 E_ON_J=7.217680473e+11 E_OFF_J=2.689064798e+12 E_INV_J=2.689064798e+12 A_CM=1.545273448e+01 A_ADVERSE=1.341351934e+01 PAYLOAD_BACKREACTION_RATIO=5.222595086e-04
NOMINAL_1G_1TJ_CANDIDATES=25

=== C — EDGE-REGULARIZATION ROBUSTNESS ===
EDGE_TEST R_M=0.8 FACTOR=10 EDGE_M=0.025 E_INV_J=5.427944267e+11 A_ADVERSE=1.014199757e+01 BACKREACTION=8.304823199e-04
EDGE_TEST R_M=0.8 FACTOR=10 EDGE_M=0.05 E_INV_J=5.175981898e+11 A_ADVERSE=9.884955643e+00 BACKREACTION=8.520776393e-04
EDGE_TEST R_M=0.8 FACTOR=10 EDGE_M=0.075 E_INV_J=4.933610173e+11 A_ADVERSE=9.635714872e+00 BACKREACTION=8.741177776e-04
EDGE_TEST R_M=0.8 FACTOR=10 EDGE_M=0.1 E_INV_J=4.700617920e+11 A_ADVERSE=9.393966849e+00 BACKREACTION=8.966126669e-04
EDGE_ROBUSTNESS R_M=0.8 FACTOR=10 MAX_E_INV_J=5.427944267e+11 MIN_A_ADVERSE=9.393966849e+00 ENERGY_SPREAD=1.437534942e-01 PASS=False
EDGE_TEST R_M=1 FACTOR=7.5 EDGE_M=0.025 E_INV_J=5.380449653e+11 A_ADVERSE=1.015348374e+01 BACKREACTION=7.984773665e-04
EDGE_TEST R_M=1 FACTOR=7.5 EDGE_M=0.05 E_INV_J=5.180305199e+11 A_ADVERSE=9.933094413e+00 BACKREACTION=8.161934863e-04
EDGE_TEST R_M=1 FACTOR=7.5 EDGE_M=0.075 E_INV_J=4.986161760e+11 A_ADVERSE=9.717889702e+00 BACKREACTION=8.342682627e-04
EDGE_TEST R_M=1 FACTOR=7.5 EDGE_M=0.1 E_INV_J=4.798017104e+11 A_ADVERSE=9.507701644e+00 BACKREACTION=8.527115450e-04
EDGE_ROBUSTNESS R_M=1 FACTOR=7.5 MAX_E_INV_J=5.380449653e+11 MIN_A_ADVERSE=9.507701644e+00 ENERGY_SPREAD=1.145115648e-01 PASS=False
EDGE_TEST R_M=0.9 FACTOR=9 EDGE_M=0.025 E_INV_J=5.654572983e+11 A_ADVERSE=1.031120122e+01 BACKREACTION=8.010448677e-04
EDGE_TEST R_M=0.9 FACTOR=9 EDGE_M=0.05 E_INV_J=5.421025333e+11 A_ADVERSE=1.007212443e+01 BACKREACTION=8.200588540e-04
EDGE_TEST R_M=0.9 FACTOR=9 EDGE_M=0.075 E_INV_J=5.195318982e+11 A_ADVERSE=9.839486138e+00 BACKREACTION=8.394477823e-04
EDGE_TEST R_M=0.9 FACTOR=9 EDGE_M=0.1 E_INV_J=4.977364804e+11 A_ADVERSE=9.613056520e+00 BACKREACTION=8.592204570e-04
EDGE_ROBUSTNESS R_M=0.9 FACTOR=9 MAX_E_INV_J=5.654572983e+11 MIN_A_ADVERSE=9.613056520e+00 ENERGY_SPREAD=1.274847870e-01 PASS=False
EDGE_TEST R_M=0.95 FACTOR=9 EDGE_M=0.025 E_INV_J=6.051458764e+11 A_ADVERSE=1.049817721e+01 BACKREACTION=7.793983546e-04
EDGE_TEST R_M=0.95 FACTOR=9 EDGE_M=0.05 E_INV_J=5.814503803e+11 A_ADVERSE=1.026588288e+01 BACKREACTION=7.970344234e-04
EDGE_TEST R_M=0.95 FACTOR=9 EDGE_M=0.075 E_INV_J=5.585192381e+11 A_ADVERSE=1.003960851e+01 BACKREACTION=8.149981179e-04
EDGE_TEST R_M=0.95 FACTOR=9 EDGE_M=0.1 E_INV_J=5.363280681e+11 A_ADVERSE=9.819147594e+00 BACKREACTION=8.332965730e-04
EDGE_ROBUSTNESS R_M=0.95 FACTOR=9 MAX_E_INV_J=6.051458764e+11 MIN_A_ADVERSE=9.819147594e+00 ENERGY_SPREAD=1.206566043e-01 PASS=True
EDGE_TEST R_M=1.1 FACTOR=7.5 EDGE_M=0.025 E_INV_J=6.076722249e+11 A_ADVERSE=1.042955669e+01 BACKREACTION=7.636605018e-04
EDGE_TEST R_M=1.1 FACTOR=7.5 EDGE_M=0.05 E_INV_J=5.870949794e+11 A_ADVERSE=1.022095945e+01 BACKREACTION=7.792458759e-04
EDGE_TEST R_M=1.1 FACTOR=7.5 EDGE_M=0.075 E_INV_J=5.670938482e+11 A_ADVERSE=1.001696110e+01 BACKREACTION=7.951154464e-04
EDGE_TEST R_M=1.1 FACTOR=7.5 EDGE_M=0.1 E_INV_J=5.476478727e+11 A_ADVERSE=9.817422593e+00 BACKREACTION=8.112761187e-04
EDGE_ROBUSTNESS R_M=1.1 FACTOR=7.5 MAX_E_INV_J=6.076722249e+11 MIN_A_ADVERSE=9.817422593e+00 ENERGY_SPREAD=1.039603727e-01 PASS=True
EDGE_TEST R_M=0.9 FACTOR=10 EDGE_M=0.025 E_INV_J=6.282858870e+11 A_ADVERSE=1.058973669e+01 BACKREACTION=7.799754667e-04
EDGE_TEST R_M=0.9 FACTOR=10 EDGE_M=0.05 E_INV_J=6.023361481e+11 A_ADVERSE=1.034746532e+01 BACKREACTION=7.982374970e-04
EDGE_TEST R_M=0.9 FACTOR=10 EDGE_M=0.075 E_INV_J=5.772576647e+11 A_ADVERSE=1.011194197e+01 BACKREACTION=8.168297290e-04
EDGE_TEST R_M=0.9 FACTOR=10 EDGE_M=0.1 E_INV_J=5.530405337e+11 A_ADVERSE=9.882922447e+00 BACKREACTION=8.357583358e-04
EDGE_ROBUSTNESS R_M=0.9 FACTOR=10 MAX_E_INV_J=6.282858870e+11 MIN_A_ADVERSE=9.882922447e+00 ENERGY_SPREAD=1.274847870e-01 PASS=True
EDGE_TEST R_M=0.8 FACTOR=12 EDGE_M=0.025 E_INV_J=6.513533121e+11 A_ADVERSE=1.059084865e+01 BACKREACTION=7.952856233e-04
EDGE_TEST R_M=0.8 FACTOR=12 EDGE_M=0.05 E_INV_J=6.211178278e+11 A_ADVERSE=1.032823919e+01 BACKREACTION=8.155068369e-04
EDGE_TEST R_M=0.8 FACTOR=12 EDGE_M=0.075 E_INV_J=5.920332207e+11 A_ADVERSE=1.007405992e+01 BACKREACTION=8.360829432e-04
EDGE_TEST R_M=0.8 FACTOR=12 EDGE_M=0.1 E_INV_J=5.640741504e+11 A_ADVERSE=9.827968560e+00 BACKREACTION=8.570183775e-04
EDGE_ROBUSTNESS R_M=0.8 FACTOR=12 MAX_E_INV_J=6.513533121e+11 MIN_A_ADVERSE=9.827968560e+00 ENERGY_SPREAD=1.437534942e-01 PASS=True
EDGE_TEST R_M=1 FACTOR=9 EDGE_M=0.025 E_INV_J=6.456539584e+11 A_ADVERSE=1.066730319e+01 BACKREACTION=7.600165487e-04
EDGE_TEST R_M=1 FACTOR=9 EDGE_M=0.05 E_INV_J=6.216366239e+11 A_ADVERSE=1.044143829e+01 BACKREACTION=7.764569143e-04
EDGE_TEST R_M=1 FACTOR=9 EDGE_M=0.075 E_INV_J=5.983394111e+11 A_ADVERSE=1.022121966e+01 BACKREACTION=7.931858654e-04
EDGE_TEST R_M=1 FACTOR=9 EDGE_M=0.1 E_INV_J=5.757620525e+11 A_ADVERSE=1.000646063e+01 BACKREACTION=8.102092498e-04
EDGE_ROBUSTNESS R_M=1 FACTOR=9 MAX_E_INV_J=6.456539584e+11 MIN_A_ADVERSE=1.000646063e+01 ENERGY_SPREAD=1.145115648e-01 PASS=True
EDGE_ROBUST_1G_1TJ_CANDIDATES=5

=== D — BEST ROBUST CANDIDATE ===
BEST_R_M=9.500000000000000e-01
BEST_FACTOR_OVER_CRIT=9.000000000000000e+00
BEST_ETA=3.359822081290710e+02
BEST_PHI_CENTER_GEV=2.051510157743267e+02
BEST_ALPHA_X_CENTER=-7.137953923372929e+16
BEST_M_M_GEV=3.478396898361687e+09
BEST_E_ON_J=2.224848210190029e+11
BEST_E_OFF_J=5.814503803077527e+11
BEST_EDGE_MAX_INVENTORY_J=6.051458764238419e+11
BEST_A_CM_MPS2=1.237538321802424e+01
BEST_EDGE_MIN_ADVERSE_MPS2=9.819147594149598e+00
BEST_PAYLOAD_BACKREACTION_RATIO=7.970344234057992e-04
BEST_COMPACTNESS=3.870166853050055e-33
RADIAL_HESSIAN_LOWEST_EIGENVALUE_M2INV=1.056660623703529e-01
RADIAL_STABILITY_PASS=True

=== E — SOLVER CONVERGENCE ===
CONVERGENCE TOL=1.0e-03 E_INV_J=5.814503803077527e+11 A_CM=1.237541821952684e+01 A_ADVERSE=1.026591191274914e+01
CONVERGENCE TOL=3.0e-04 E_INV_J=5.814503803077527e+11 A_CM=1.237541821952684e+01 A_ADVERSE=1.026591191274914e+01
CONVERGENCE TOL=1.0e-04 E_INV_J=5.814503803077527e+11 A_CM=1.237538321802424e+01 A_ADVERSE=1.026588287758151e+01
CONVERGENCE TOL=3.0e-05 E_INV_J=5.814503803077527e+11 A_CM=1.237537846205436e+01 A_ADVERSE=1.026587105651674e+01
CONVERGENCE_E_REL_SPREAD=0.000000000000000e+00
CONVERGENCE_A_REL_SPREAD=3.979804762042190e-06
CONVERGENCE_PASS=True

=== F — DECISION ===
R4_SCALAR_FIELD_EXISTS=True
R4_TRUE_STANDOFF=True
R4_FINITE_PAYLOAD_1G_ALL_SURFACE=True
R4_RADIAL_STABILITY=True
R4_CONVERGENCE=True
R4_1TJ_TARGET=True
R4_1E11_TARGET=False
R4_FULL_SOURCE_REALIZATION=NO
R4_FULL_LOCAL_CONSERVATION=NO
R4_NONAXISYMMETRIC_STABILITY=NOT_TESTED
R4_EFT_NATURALNESS=NOT_CLOSED
031A_R4_CLASSIFICATION=GREEN_Z2_FIELD_EQUATION_SURVIVES_1TJ_TARGET_STRONG_1E11_MARGIN_LOST
NEXT=031B1_B7_SCALAR_CHARGE_DRESSING_PLUS_031B2_QBALL_CONTROL
Traceback (most recent call last):
  File "/Users/mymac/Desktop/antigravity_research/simulations/031a_r4_z2_induced_scalarization_finite_source_bvp.py", line 2301, in <module>
    main()
    ~~~~^^
  File "/Users/mymac/Desktop/antigravity_research/simulations/031a_r4_z2_induced_scalarization_finite_source_bvp.py", line 2281, in main
    json.dumps(
    ~~~~~~~~~~^
        summary,
        ^^^^^^^^
        indent=2,
        ^^^^^^^^^
    )
    ^
  File "/usr/local/Cellar/python@3.13/3.13.15/Frameworks/Python.framework/Versions/3.13/lib/python3.13/json/__init__.py", line 242, in dumps
    **kw).encode(obj)
          ~~~~~~^^^^^
  File "/usr/local/Cellar/python@3.13/3.13.15/Frameworks/Python.framework/Versions/3.13/lib/python3.13/json/encoder.py", line 202, in encode
    chunks = self.iterencode(o, _one_shot=True)
  File "/usr/local/Cellar/python@3.13/3.13.15/Frameworks/Python.framework/Versions/3.13/lib/python3.13/json/encoder.py", line 263, in iterencode
    return _iterencode(o, 0)
  File "/usr/local/Cellar/python@3.13/3.13.15/Frameworks/Python.framework/Versions/3.13/lib/python3.13/json/encoder.py", line 182, in default
    raise TypeError(f'Object of type {o.__class__.__name__} '
                    f'is not JSON serializable')
TypeError: Object of type bool is not JSON serializable
