=== 031B2-B0 83-GJ PAYLOAD-ADJACENT Q-BALL TRANSLATION ===
CLAIM_CLASS=EXISTING_MICROSCOPIC_SOURCE_MORPHOLOGY_AND_COUPLING_HEADROOM_GATE
NEW_SOURCE_OPERATOR=NO
SOURCE_INTRINSIC_SOLUTION_CHANGED=NO
PRACTICAL_DEVICE=NO
TARGET_ENERGY_J=8.275078201430060e+10
PRIOR_REAL_QBALL_ENERGY_J=2.734639999868685e+11
ENERGY_GAP_FACTOR=3.304669675986986e+00
REQUIRED_AMPLITUDE_LEVERAGE=1.817875044106989e+00
CENTERED_THIN_SPHERICAL_SHELL_YUKAWA_GAIN=1.013869713586957e+00
CENTERED_SHELL_GEOMETRY_ALONE_SUFFICIENT=False
SELECTED_BRANCHES=12
CENTERED_PROVENANCE OMEGA=4.000000000e-01 EPS=1.000000000e-02 CHI_FACTOR=3.125000000e+00 RELERR=6.900550723e-12 PASS=True
TRANSLATION_CASE OMEGA=4.000000000e-01 EPS=1.000000000e-02 CHI_FACTOR=3.125000000e+00 SHIFT_M=0.000000000e+00 LEAK=1.071138291e-16 OVERLAP=2.444558044e-44 E_ALPHA27_J=5.754359840e+11 ALPHA_CEIL=3.461972398e+01 E_CEIL_J=3.502124339e+11 BACK_CEIL=1.000000000e-02
TRANSLATION_CASE OMEGA=4.000000000e-01 EPS=1.000000000e-02 CHI_FACTOR=3.125000000e+00 SHIFT_M=1.494950691e-01 LEAK=2.437692712e-14 OVERLAP=1.120325415e-40 E_ALPHA27_J=4.229555333e+11 ALPHA_CEIL=3.412363409e+01 E_CEIL_J=2.649512086e+11 BACK_CEIL=1.000000000e-02
TRANSLATION_CASE OMEGA=4.000000000e-01 EPS=1.000000000e-02 CHI_FACTOR=3.125000000e+00 SHIFT_M=2.989901383e-01 LEAK=4.165532966e-11 OVERLAP=5.157974560e-37 E_ALPHA27_J=3.052811250e+11 ALPHA_CEIL=3.359820026e+01 E_CEIL_J=1.972648340e+11 BACK_CEIL=1.000000000e-02
TRANSLATION_CASE OMEGA=4.000000000e-01 EPS=1.000000000e-02 CHI_FACTOR=3.125000000e+00 SHIFT_M=4.484852074e-01 LEAK=7.725777364e-08 OVERLAP=2.383984340e-33 E_ALPHA27_J=2.157422831e+11 ALPHA_CEIL=3.304242959e+01 E_CEIL_J=1.441362008e+11 BACK_CEIL=1.000000000e-02
TRANSLATION_CASE OMEGA=4.000000000e-01 EPS=1.000000000e-02 CHI_FACTOR=3.125000000e+00 SHIFT_M=5.979802765e-01 LEAK=1.000000000e-04 OVERLAP=1.104297177e-29 E_ALPHA27_J=1.487329095e+11 ALPHA_CEIL=3.245639810e+01 E_CEIL_J=1.029883682e+11 BACK_CEIL=1.000000000e-02
BRANCH_BEST OMEGA=4.000000000e-01 EPS=1.000000000e-02 CHI_FACTOR=3.125000000e+00 MAX_SHIFT_1E4_M=5.979802765e-01 MAX_SHIFT_1E6_M=5.004845500e-01 BEST_SHIFT_M=5.979802765e-01 BEST_ALPHA=3.245639810e+01 BEST_E_J=1.029883682e+11
CENTERED_PROVENANCE OMEGA=4.000000000e-01 EPS=1.000000000e-02 CHI_FACTOR=5.000000000e+00 RELERR=6.813376193e-12 PASS=True
TRANSLATION_CASE OMEGA=4.000000000e-01 EPS=1.000000000e-02 CHI_FACTOR=5.000000000e+00 SHIFT_M=0.000000000e+00 LEAK=4.128660096e-16 OVERLAP=1.122754224e-43 E_ALPHA27_J=5.884241762e+11 ALPHA_CEIL=3.461972398e+01 E_CEIL_J=3.581170949e+11 BACK_CEIL=1.000000000e-02
TRANSLATION_CASE OMEGA=4.000000000e-01 EPS=1.000000000e-02 CHI_FACTOR=5.000000000e+00 SHIFT_M=1.459528299e-01 LEAK=7.408239332e-14 OVERLAP=4.174144685e-40 E_ALPHA27_J=4.357556370e+11 ALPHA_CEIL=3.413572296e+01 E_CEIL_J=2.727762472e+11 BACK_CEIL=1.000000000e-02
TRANSLATION_CASE OMEGA=4.000000000e-01 EPS=1.000000000e-02 CHI_FACTOR=5.000000000e+00 SHIFT_M=2.919056598e-01 LEAK=9.348963662e-11 OVERLAP=1.554553073e-36 E_ALPHA27_J=3.171753086e+11 ALPHA_CEIL=3.362378011e+01 E_CEIL_J=2.046388299e+11 BACK_CEIL=1.000000000e-02
TRANSLATION_CASE OMEGA=4.000000000e-01 EPS=1.000000000e-02 CHI_FACTOR=5.000000000e+00 SHIFT_M=4.378584897e-01 LEAK=1.211009505e-07 OVERLAP=5.790249546e-33 E_ALPHA27_J=2.262977308e+11 ALPHA_CEIL=3.308294486e+01 E_CEIL_J=1.508181550e+11 BACK_CEIL=1.000000000e-02
TRANSLATION_CASE OMEGA=4.000000000e-01 EPS=1.000000000e-02 CHI_FACTOR=5.000000000e+00 SHIFT_M=5.838113197e-01 LEAK=1.000000000e-04 OVERLAP=2.150821756e-29 E_ALPHA27_J=1.577331380e+11 ALPHA_CEIL=3.251320183e+01 E_CEIL_J=1.088391672e+11 BACK_CEIL=1.000000000e-02
BRANCH_BEST OMEGA=4.000000000e-01 EPS=1.000000000e-02 CHI_FACTOR=5.000000000e+00 MAX_SHIFT_1E4_M=5.838113197e-01 MAX_SHIFT_1E6_M=4.821337846e-01 BEST_SHIFT_M=5.838113197e-01 BEST_ALPHA=3.251320183e+01 BEST_E_J=1.088391672e+11
CENTERED_PROVENANCE OMEGA=4.000000000e-01 EPS=1.000000000e-02 CHI_FACTOR=2.000000000e+00 RELERR=6.172945004e-12 PASS=True
TRANSLATION_CASE OMEGA=4.000000000e-01 EPS=1.000000000e-02 CHI_FACTOR=2.000000000e+00 SHIFT_M=0.000000000e+00 LEAK=2.387622591e-17 OVERLAP=4.482193535e-45 E_ALPHA27_J=6.455170439e+11 ALPHA_CEIL=3.461972398e+01 E_CEIL_J=3.928640219e+11 BACK_CEIL=1.000000000e-02
TRANSLATION_CASE OMEGA=4.000000000e-01 EPS=1.000000000e-02 CHI_FACTOR=2.000000000e+00 SHIFT_M=1.527683493e-01 LEAK=6.895569115e-15 OVERLAP=2.498074107e-41 E_ALPHA27_J=4.711875459e+11 ALPHA_CEIL=3.411244845e+01 E_CEIL_J=2.953586980e+11 BACK_CEIL=1.000000000e-02
TRANSLATION_CASE OMEGA=4.000000000e-01 EPS=1.000000000e-02 CHI_FACTOR=2.000000000e+00 SHIFT_M=3.055366985e-01 LEAK=1.612649466e-11 OVERLAP=1.403538510e-37 E_ALPHA27_J=3.374510887e+11 ALPHA_CEIL=3.357450194e+01 E_CEIL_J=2.183601695e+11 BACK_CEIL=1.000000000e-02
TRANSLATION_CASE OMEGA=4.000000000e-01 EPS=1.000000000e-02 CHI_FACTOR=2.000000000e+00 SHIFT_M=4.583050478e-01 LEAK=4.442524753e-08 OVERLAP=7.953185895e-34 E_ALPHA27_J=2.363662560e+11 ALPHA_CEIL=3.300485392e+01 E_CEIL_J=1.582747342e+11 BACK_CEIL=1.000000000e-02
TRANSLATION_CASE OMEGA=4.000000000e-01 EPS=1.000000000e-02 CHI_FACTOR=2.000000000e+00 SHIFT_M=6.110733970e-01 LEAK=1.000000003e-04 OVERLAP=4.545856485e-30 E_ALPHA27_J=1.612854286e+11 ALPHA_CEIL=3.240368088e+01 E_CEIL_J=1.120438921e+11 BACK_CEIL=1.000000000e-02
BRANCH_BEST OMEGA=4.000000000e-01 EPS=1.000000000e-02 CHI_FACTOR=2.000000000e+00 MAX_SHIFT_1E4_M=6.110733970e-01 MAX_SHIFT_1E6_M=5.189783918e-01 BEST_SHIFT_M=6.110733970e-01 BEST_ALPHA=3.240368088e+01 BEST_E_J=1.120438921e+11
CENTERED_PROVENANCE OMEGA=4.000000000e-01 EPS=1.000000000e-02 CHI_FACTOR=1.875000000e+00 RELERR=5.951742683e-12 PASS=True
TRANSLATION_CASE OMEGA=4.000000000e-01 EPS=1.000000000e-02 CHI_FACTOR=1.875000000e+00 SHIFT_M=0.000000000e+00 LEAK=1.898286126e-17 OVERLAP=3.458423648e-45 E_ALPHA27_J=6.711901353e+11 ALPHA_CEIL=3.461972398e+01 E_CEIL_J=4.084887588e+11 BACK_CEIL=1.000000000e-02
TRANSLATION_CASE OMEGA=4.000000000e-01 EPS=1.000000000e-02 CHI_FACTOR=1.875000000e+00 SHIFT_M=1.532059622e-01 LEAK=5.671241769e-15 OVERLAP=1.979081933e-41 E_ALPHA27_J=4.894729978e+11 ALPHA_CEIL=3.411095195e+01 E_CEIL_J=3.068476532e+11 BACK_CEIL=1.000000000e-02
TRANSLATION_CASE OMEGA=4.000000000e-01 EPS=1.000000000e-02 CHI_FACTOR=1.875000000e+00 SHIFT_M=3.064119244e-01 LEAK=1.388277327e-11 OVERLAP=1.142338571e-37 E_ALPHA27_J=3.501803257e+11 ALPHA_CEIL=3.357132922e+01 E_CEIL_J=2.266399234e+11 BACK_CEIL=1.000000000e-02
TRANSLATION_CASE OMEGA=4.000000000e-01 EPS=1.000000000e-02 CHI_FACTOR=1.875000000e+00 SHIFT_M=4.596178866e-01 LEAK=4.060821893e-08 OVERLAP=6.655007184e-34 E_ALPHA27_J=2.449898216e+11 ALPHA_CEIL=3.299982040e+01 E_CEIL_J=1.640992649e+11 BACK_CEIL=1.000000000e-02
TRANSLATION_CASE OMEGA=4.000000000e-01 EPS=1.000000000e-02 CHI_FACTOR=1.875000000e+00 SHIFT_M=6.128238488e-01 LEAK=1.000000000e-04 OVERLAP=3.914865965e-30 E_ALPHA27_J=1.669387641e+11 ALPHA_CEIL=3.239661663e+01 E_CEIL_J=1.160218076e+11 BACK_CEIL=1.000000000e-02
BRANCH_BEST OMEGA=4.000000000e-01 EPS=1.000000000e-02 CHI_FACTOR=1.875000000e+00 MAX_SHIFT_1E4_M=6.128238488e-01 MAX_SHIFT_1E6_M=5.216159770e-01 BEST_SHIFT_M=6.128238488e-01 BEST_ALPHA=3.239661663e+01 BEST_E_J=1.160218076e+11
CENTERED_PROVENANCE OMEGA=4.000000000e-01 EPS=2.000000000e-02 CHI_FACTOR=3.125000000e+00 RELERR=5.334192862e-12 PASS=True
TRANSLATION_CASE OMEGA=4.000000000e-01 EPS=2.000000000e-02 CHI_FACTOR=3.125000000e+00 SHIFT_M=0.000000000e+00 LEAK=5.523474876e-06 OVERLAP=4.170527702e-21 E_ALPHA27_J=2.734640000e+11 ALPHA_CEIL=3.461972398e+01 E_CEIL_J=1.664311855e+11 BACK_CEIL=1.000000000e-02
TRANSLATION_CASE OMEGA=4.000000000e-01 EPS=2.000000000e-02 CHI_FACTOR=3.125000000e+00 SHIFT_M=5.191819927e-02 LEAK=7.299368662e-06 OVERLAP=1.821282976e-20 E_ALPHA27_J=2.462022574e+11 ALPHA_CEIL=3.445067556e+01 E_CEIL_J=1.513137143e+11 BACK_CEIL=9.999999998e-03
TRANSLATION_CASE OMEGA=4.000000000e-01 EPS=2.000000000e-02 CHI_FACTOR=3.125000000e+00 SHIFT_M=1.038363985e-01 LEAK=1.477437729e-05 OVERLAP=7.950462714e-20 E_ALPHA27_J=2.212168732e+11 ALPHA_CEIL=3.427819928e+01 E_CEIL_J=1.373295502e+11 BACK_CEIL=1.000000000e-02
TRANSLATION_CASE OMEGA=4.000000000e-01 EPS=2.000000000e-02 CHI_FACTOR=3.125000000e+00 SHIFT_M=1.557545978e-01 LEAK=3.677440007e-05 OVERLAP=3.468846564e-19 E_ALPHA27_J=1.983514725e+11 ALPHA_CEIL=3.410223137e+01 E_CEIL_J=1.244089379e+11 BACK_CEIL=1.000000000e-02
TRANSLATION_CASE OMEGA=4.000000000e-01 EPS=2.000000000e-02 CHI_FACTOR=3.125000000e+00 SHIFT_M=2.076727971e-01 LEAK=1.000000000e-04 OVERLAP=1.512503419e-18 E_ALPHA27_J=1.774585790e+11 ALPHA_CEIL=3.392271339e+01 E_CEIL_J=1.124857686e+11 BACK_CEIL=1.000000000e-02
BRANCH_BEST OMEGA=4.000000000e-01 EPS=2.000000000e-02 CHI_FACTOR=3.125000000e+00 MAX_SHIFT_1E4_M=2.076727971e-01 MAX_SHIFT_1E6_M=0.000000000e+00 BEST_SHIFT_M=2.076727971e-01 BEST_ALPHA=3.392271339e+01 BEST_E_J=1.124857686e+11
CENTERED_PROVENANCE OMEGA=4.000000000e-01 EPS=2.000000000e-02 CHI_FACTOR=5.000000000e+00 RELERR=5.284257717e-12 PASS=True
TRANSLATION_CASE OMEGA=4.000000000e-01 EPS=2.000000000e-02 CHI_FACTOR=5.000000000e+00 SHIFT_M=0.000000000e+00 LEAK=1.253749043e-05 OVERLAP=1.385534636e-20 E_ALPHA27_J=2.794497637e+11 ALPHA_CEIL=3.461972398e+01 E_CEIL_J=1.700741431e+11 BACK_CEIL=1.000000000e-02
TRANSLATION_CASE OMEGA=4.000000000e-01 EPS=2.000000000e-02 CHI_FACTOR=5.000000000e+00 SHIFT_M=4.325099279e-02 LEAK=1.503086199e-05 OVERLAP=4.703838401e-20 E_ALPHA27_J=2.560757686e+11 ALPHA_CEIL=3.447913302e+01 E_CEIL_J=1.571222023e+11 BACK_CEIL=1.000000000e-02
TRANSLATION_CASE OMEGA=4.000000000e-01 EPS=2.000000000e-02 CHI_FACTOR=5.000000000e+00 SHIFT_M=8.650198558e-02 LEAK=2.444372847e-05 OVERLAP=1.595874270e-19 E_ALPHA27_J=2.343351016e+11 ALPHA_CEIL=3.433617076e+01 E_CEIL_J=1.449824298e+11 BACK_CEIL=1.000000000e-02
TRANSLATION_CASE OMEGA=4.000000000e-01 EPS=2.000000000e-02 CHI_FACTOR=5.000000000e+00 SHIFT_M=1.297529784e-01 LEAK=4.734296586e-05 OVERLAP=5.410218405e-19 E_ALPHA27_J=2.141340298e+11 ALPHA_CEIL=3.419079968e+01 E_CEIL_J=1.336130628e+11 BACK_CEIL=1.000000000e-02
TRANSLATION_CASE OMEGA=4.000000000e-01 EPS=2.000000000e-02 CHI_FACTOR=5.000000000e+00 SHIFT_M=1.730039712e-01 LEAK=1.000000000e-04 OVERLAP=1.832464515e-18 E_ALPHA27_J=1.953832743e+11 ALPHA_CEIL=3.404298458e+01 E_CEIL_J=1.229741626e+11 BACK_CEIL=1.000000000e-02
BRANCH_BEST OMEGA=4.000000000e-01 EPS=2.000000000e-02 CHI_FACTOR=5.000000000e+00 MAX_SHIFT_1E4_M=1.730039712e-01 MAX_SHIFT_1E6_M=0.000000000e+00 BEST_SHIFT_M=1.730039712e-01 BEST_ALPHA=3.404298458e+01 BEST_E_J=1.229741626e+11
CENTERED_PROVENANCE OMEGA=4.000000000e-01 EPS=2.000000000e-02 CHI_FACTOR=2.000000000e+00 RELERR=4.754029835e-12 PASS=True
TRANSLATION_CASE OMEGA=4.000000000e-01 EPS=2.000000000e-02 CHI_FACTOR=2.000000000e+00 SHIFT_M=0.000000000e+00 LEAK=2.264766518e-06 OVERLAP=1.114449248e-21 E_ALPHA27_J=3.084091969e+11 ALPHA_CEIL=3.461972398e+01 E_CEIL_J=1.876989595e+11 BACK_CEIL=1.000000000e-02
TRANSLATION_CASE OMEGA=4.000000000e-01 EPS=2.000000000e-02 CHI_FACTOR=2.000000000e+00 SHIFT_M=5.967518902e-02 LEAK=3.357099468e-06 OVERLAP=6.119741591e-21 E_ALPHA27_J=2.732949876e+11 ALPHA_CEIL=3.442512566e+01 E_CEIL_J=1.682140800e+11 BACK_CEIL=9.999999999e-03
TRANSLATION_CASE OMEGA=4.000000000e-01 EPS=2.000000000e-02 CHI_FACTOR=2.000000000e+00 SHIFT_M=1.193503780e-01 LEAK=8.636540881e-06 OVERLAP=3.361798492e-20 E_ALPHA27_J=2.415371585e+11 ALPHA_CEIL=3.422598584e+01 E_CEIL_J=1.504020538e+11 BACK_CEIL=1.000000000e-02
TRANSLATION_CASE OMEGA=4.000000000e-01 EPS=2.000000000e-02 CHI_FACTOR=2.000000000e+00 SHIFT_M=1.790255671e-01 LEAK=2.804520707e-05 OVERLAP=1.847311383e-19 E_ALPHA27_J=2.128713576e+11 ALPHA_CEIL=3.402220941e+01 E_CEIL_J=1.341448332e+11 BACK_CEIL=1.000000000e-02
TRANSLATION_CASE OMEGA=4.000000000e-01 EPS=2.000000000e-02 CHI_FACTOR=2.000000000e+00 SHIFT_M=2.387007561e-01 LEAK=1.000000000e-04 OVERLAP=1.015273385e-18 E_ALPHA27_J=1.870504861e+11 ALPHA_CEIL=3.381371136e+01 E_CEIL_J=1.193314467e+11 BACK_CEIL=1.000000000e-02
BRANCH_BEST OMEGA=4.000000000e-01 EPS=2.000000000e-02 CHI_FACTOR=2.000000000e+00 MAX_SHIFT_1E4_M=2.387007561e-01 MAX_SHIFT_1E6_M=0.000000000e+00 BEST_SHIFT_M=2.387007561e-01 BEST_ALPHA=3.381371136e+01 BEST_E_J=1.193314467e+11
CENTERED_PROVENANCE OMEGA=4.000000000e-01 EPS=2.000000000e-02 CHI_FACTOR=1.875000000e+00 RELERR=4.581235487e-12 PASS=True
TRANSLATION_CASE OMEGA=4.000000000e-01 EPS=2.000000000e-02 CHI_FACTOR=1.875000000e+00 SHIFT_M=0.000000000e+00 LEAK=1.981224416e-06 OVERLAP=9.127170445e-22 E_ALPHA27_J=3.211475257e+11 ALPHA_CEIL=3.461972398e+01 E_CEIL_J=1.954515528e+11 BACK_CEIL=1.000000000e-02
TRANSLATION_CASE OMEGA=4.000000000e-01 EPS=2.000000000e-02 CHI_FACTOR=1.875000000e+00 SHIFT_M=6.070023432e-02 LEAK=2.989237959e-06 OVERLAP=5.167990221e-21 E_ALPHA27_J=2.839862573e+11 ALPHA_CEIL=3.442174364e+01 E_CEIL_J=1.748289460e+11 BACK_CEIL=9.999999999e-03
TRANSLATION_CASE OMEGA=4.000000000e-01 EPS=2.000000000e-02 CHI_FACTOR=1.875000000e+00 SHIFT_M=1.214004686e-01 LEAK=7.969867393e-06 OVERLAP=2.927745587e-20 E_ALPHA27_J=2.504360997e+11 ALPHA_CEIL=3.421906270e+01 E_CEIL_J=1.560064157e+11 BACK_CEIL=1.000000000e-02
TRANSLATION_CASE OMEGA=4.000000000e-01 EPS=2.000000000e-02 CHI_FACTOR=1.875000000e+00 SHIFT_M=1.821007030e-01 LEAK=2.692136409e-05 OVERLAP=1.659382874e-19 E_ALPHA27_J=2.202078484e+11 ALPHA_CEIL=3.401158131e+01 E_CEIL_J=1.388547983e+11 BACK_CEIL=1.000000000e-02
TRANSLATION_CASE OMEGA=4.000000000e-01 EPS=2.000000000e-02 CHI_FACTOR=1.875000000e+00 SHIFT_M=2.428009373e-01 LEAK=1.000000000e-04 OVERLAP=9.408707532e-19 E_ALPHA27_J=1.930314932e+11 ALPHA_CEIL=3.379921056e+01 E_CEIL_J=1.232528026e+11 BACK_CEIL=1.000000000e-02
BRANCH_BEST OMEGA=4.000000000e-01 EPS=2.000000000e-02 CHI_FACTOR=1.875000000e+00 MAX_SHIFT_1E4_M=2.428009373e-01 MAX_SHIFT_1E6_M=0.000000000e+00 BEST_SHIFT_M=2.428009373e-01 BEST_ALPHA=3.379921056e+01 BEST_E_J=1.232528026e+11
CENTERED_PROVENANCE OMEGA=5.500000000e-01 EPS=2.500000000e-02 CHI_FACTOR=5.000000000e+00 RELERR=4.265129538e-12 PASS=True
TRANSLATION_CASE OMEGA=5.500000000e-01 EPS=2.500000000e-02 CHI_FACTOR=5.000000000e+00 SHIFT_M=0.000000000e+00 LEAK=7.699548477e-05 OVERLAP=9.141416393e-17 E_ALPHA27_J=2.859335094e+11 ALPHA_CEIL=3.461972398e+01 E_CEIL_J=1.740201744e+11 BACK_CEIL=1.000000000e-02
TRANSLATION_CASE OMEGA=5.500000000e-01 EPS=2.500000000e-02 CHI_FACTOR=5.000000000e+00 SHIFT_M=1.676906402e-02 LEAK=7.860473447e-05 OVERLAP=1.299172113e-16 E_ALPHA27_J=2.764561111e+11 ALPHA_CEIL=3.456549373e+01 E_CEIL_J=1.687805555e+11 BACK_CEIL=1.000000000e-02
TRANSLATION_CASE OMEGA=5.500000000e-01 EPS=2.500000000e-02 CHI_FACTOR=5.000000000e+00 SHIFT_M=3.353812804e-02 LEAK=8.264563883e-05 OVERLAP=1.846357095e-16 E_ALPHA27_J=2.672390626e+11 ALPHA_CEIL=3.451091059e+01 E_CEIL_J=1.636699121e+11 BACK_CEIL=1.000000000e-02
TRANSLATION_CASE OMEGA=5.500000000e-01 EPS=2.500000000e-02 CHI_FACTOR=5.000000000e+00 SHIFT_M=5.030719205e-02 LEAK=8.964186016e-05 OVERLAP=2.624065813e-16 E_ALPHA27_J=2.582765213e+11 ALPHA_CEIL=3.445597228e+01 E_CEIL_J=1.586856504e+11 BACK_CEIL=9.999999998e-03
TRANSLATION_CASE OMEGA=5.500000000e-01 EPS=2.500000000e-02 CHI_FACTOR=5.000000000e+00 SHIFT_M=6.707625607e-02 LEAK=1.000000000e-04 OVERLAP=3.729327321e-16 E_ALPHA27_J=2.495627532e+11 ALPHA_CEIL=3.440067655e+01 E_CEIL_J=1.538252208e+11 BACK_CEIL=9.999999999e-03
BRANCH_BEST OMEGA=5.500000000e-01 EPS=2.500000000e-02 CHI_FACTOR=5.000000000e+00 MAX_SHIFT_1E4_M=6.707625607e-02 MAX_SHIFT_1E6_M=0.000000000e+00 BEST_SHIFT_M=6.707625607e-02 BEST_ALPHA=3.440067655e+01 BEST_E_J=1.538252208e+11
CENTERED_PROVENANCE OMEGA=5.500000000e-01 EPS=2.500000000e-02 CHI_FACTOR=3.125000000e+00 RELERR=4.084290338e-12 PASS=True
TRANSLATION_CASE OMEGA=5.500000000e-01 EPS=2.500000000e-02 CHI_FACTOR=3.125000000e+00 SHIFT_M=0.000000000e+00 LEAK=4.223104246e-05 OVERLAP=4.114673842e-17 E_ALPHA27_J=2.980706869e+11 ALPHA_CEIL=3.461972398e+01 E_CEIL_J=1.814069048e+11 BACK_CEIL=1.000000000e-02
TRANSLATION_CASE OMEGA=5.500000000e-01 EPS=2.500000000e-02 CHI_FACTOR=3.125000000e+00 SHIFT_M=3.157550650e-02 LEAK=4.514079010e-05 OVERLAP=7.992914091e-17 E_ALPHA27_J=2.796934190e+11 ALPHA_CEIL=3.451731722e+01 E_CEIL_J=1.712339705e+11 BACK_CEIL=1.000000000e-02
TRANSLATION_CASE OMEGA=5.500000000e-01 EPS=2.500000000e-02 CHI_FACTOR=3.125000000e+00 SHIFT_M=6.315101300e-02 LEAK=5.400269003e-05 OVERLAP=1.552867241e-16 E_ALPHA27_J=2.622594130e+11 ALPHA_CEIL=3.441365213e+01 E_CEIL_J=1.615292969e+11 BACK_CEIL=9.999999999e-03
TRANSLATION_CASE OMEGA=5.500000000e-01 EPS=2.500000000e-02 CHI_FACTOR=3.125000000e+00 SHIFT_M=9.472651950e-02 LEAK=7.098744256e-05 OVERLAP=3.017243002e-16 E_ALPHA27_J=2.457290006e+11 ALPHA_CEIL=3.430871383e+01 E_CEIL_J=1.522752376e+11 BACK_CEIL=1.000000000e-02
TRANSLATION_CASE OMEGA=5.500000000e-01 EPS=2.500000000e-02 CHI_FACTOR=3.125000000e+00 SHIFT_M=1.263020260e-01 LEAK=1.000000000e-04 OVERLAP=5.863524355e-16 E_ALPHA27_J=2.300638942e+11 ALPHA_CEIL=3.420248797e+01 E_CEIL_J=1.434547113e+11 BACK_CEIL=1.000000000e-02
BRANCH_BEST OMEGA=5.500000000e-01 EPS=2.500000000e-02 CHI_FACTOR=3.125000000e+00 MAX_SHIFT_1E4_M=1.263020260e-01 MAX_SHIFT_1E6_M=0.000000000e+00 BEST_SHIFT_M=1.263020260e-01 BEST_ALPHA=3.420248797e+01 BEST_E_J=1.434547113e+11
CENTERED_PROVENANCE OMEGA=7.000000000e-01 EPS=2.500000000e-02 CHI_FACTOR=5.000000000e+00 RELERR=4.772965930e-12 PASS=True
TRANSLATION_CASE OMEGA=7.000000000e-01 EPS=2.500000000e-02 CHI_FACTOR=5.000000000e+00 SHIFT_M=0.000000000e+00 LEAK=6.172960168e-05 OVERLAP=9.488893869e-16 E_ALPHA27_J=3.487583697e+11 ALPHA_CEIL=3.461972398e+01 E_CEIL_J=2.122556129e+11 BACK_CEIL=1.000000000e-02
TRANSLATION_CASE OMEGA=7.000000000e-01 EPS=2.500000000e-02 CHI_FACTOR=5.000000000e+00 SHIFT_M=2.590043554e-02 LEAK=6.399768956e-05 OVERLAP=1.518790688e-15 E_ALPHA27_J=3.310378980e+11 ALPHA_CEIL=3.453581511e+01 E_CEIL_J=2.024510535e+11 BACK_CEIL=1.000000000e-02
TRANSLATION_CASE OMEGA=7.000000000e-01 EPS=2.500000000e-02 CHI_FACTOR=5.000000000e+00 SHIFT_M=5.180087108e-02 LEAK=7.042629722e-05 OVERLAP=2.431393231e-15 E_ALPHA27_J=3.140657199e+11 ALPHA_CEIL=3.445106143e+01 E_CEIL_J=1.930176700e+11 BACK_CEIL=9.999999998e-03
TRANSLATION_CASE OMEGA=7.000000000e-01 EPS=2.500000000e-02 CHI_FACTOR=5.000000000e+00 SHIFT_M=7.770130661e-02 LEAK=8.197286580e-05 OVERLAP=3.893068540e-15 E_ALPHA27_J=2.978159747e+11 ALPHA_CEIL=3.436545462e+01 E_CEIL_J=1.839439672e+11 BACK_CEIL=9.999999999e-03
TRANSLATION_CASE OMEGA=7.000000000e-01 EPS=2.500000000e-02 CHI_FACTOR=5.000000000e+00 SHIFT_M=1.036017422e-01 LEAK=9.999999992e-05 OVERLAP=6.234512572e-15 E_ALPHA27_J=2.822635417e+11 ALPHA_CEIL=3.427898663e+01 E_CEIL_J=1.752187525e+11 BACK_CEIL=1.000000000e-02
BRANCH_BEST OMEGA=7.000000000e-01 EPS=2.500000000e-02 CHI_FACTOR=5.000000000e+00 MAX_SHIFT_1E4_M=1.036017422e-01 MAX_SHIFT_1E6_M=0.000000000e+00 BEST_SHIFT_M=1.036017422e-01 BEST_ALPHA=3.427898663e+01 BEST_E_J=1.752187525e+11
CENTERED_PROVENANCE OMEGA=5.500000000e-01 EPS=2.500000000e-02 CHI_FACTOR=2.000000000e+00 RELERR=3.653177895e-12 PASS=True
TRANSLATION_CASE OMEGA=5.500000000e-01 EPS=2.500000000e-02 CHI_FACTOR=2.000000000e+00 SHIFT_M=0.000000000e+00 LEAK=2.100562125e-05 OVERLAP=1.610999579e-17 E_ALPHA27_J=3.499534979e+11 ALPHA_CEIL=3.461972398e+01 E_CEIL_J=2.129829723e+11 BACK_CEIL=1.000000000e-02
TRANSLATION_CASE OMEGA=5.500000000e-01 EPS=2.500000000e-02 CHI_FACTOR=2.000000000e+00 SHIFT_M=4.361267984e-02 LEAK=2.392155580e-05 OVERLAP=4.045484913e-17 E_ALPHA27_J=3.204463756e+11 ALPHA_CEIL=3.447794738e+01 E_CEIL_J=1.966320492e+11 BACK_CEIL=1.000000000e-02
TRANSLATION_CASE OMEGA=5.500000000e-01 EPS=2.500000000e-02 CHI_FACTOR=2.000000000e+00 SHIFT_M=8.722535968e-02 LEAK=3.377874105e-05 OVERLAP=1.016438344e-16 E_ALPHA27_J=2.930180001e+11 ALPHA_CEIL=3.433375933e+01 E_CEIL_J=1.813148310e+11 BACK_CEIL=1.000000000e-02
TRANSLATION_CASE OMEGA=5.500000000e-01 EPS=2.500000000e-02 CHI_FACTOR=2.000000000e+00 SHIFT_M=1.308380395e-01 LEAK=5.548388194e-05 OVERLAP=2.555125525e-16 E_ALPHA27_J=2.675480936e+11 ALPHA_CEIL=3.418712139e+01 E_CEIL_J=1.669777248e+11 BACK_CEIL=1.000000000e-02
TRANSLATION_CASE OMEGA=5.500000000e-01 EPS=2.500000000e-02 CHI_FACTOR=2.000000000e+00 SHIFT_M=1.744507194e-01 LEAK=1.000000000e-04 OVERLAP=6.426365589e-16 E_ALPHA27_J=2.439221406e+11 ALPHA_CEIL=3.403799752e+01 E_CEIL_J=1.535694980e+11 BACK_CEIL=1.000000000e-02
BRANCH_BEST OMEGA=5.500000000e-01 EPS=2.500000000e-02 CHI_FACTOR=2.000000000e+00 MAX_SHIFT_1E4_M=1.744507194e-01 MAX_SHIFT_1E6_M=0.000000000e+00 BEST_SHIFT_M=1.744507194e-01 BEST_ALPHA=3.403799752e+01 BEST_E_J=1.535694980e+11

=== 83-GJ DECISION ===
CENTERED_PROVENANCE_ALL_PASS=True
BEST_TRANSLATED_ENERGY_J=1.029883682215273e+11
BEST_TRANSLATED_ENERGY_OVER_83GJ_TARGET=1.244560664136435e+00
BEST_TRANSLATED_SHIFT_M=5.979802765197653e-01
BEST_TRANSLATED_ALPHA_M=3.245639810058844e+01
BEST_TRANSLATED_BACKREACTION=9.999999999998059e-03
BEST_TRANSLATED_SOURCE_LEAK=1.000000000013315e-04
BEST_TRANSLATED_PAYLOAD_OVERLAP=1.104297176504171e-29
BEST_TRANSLATED_OMEGA=4.000000000000000e-01
BEST_TRANSLATED_EPSILON=1.000000000000000e-02
BEST_TRANSLATED_CHI_FACTOR=3.125000000000000e+00
PROMOTED_ALPHA_83GJ_SURVIVORS=0
BACKREACTION_CEILING_83GJ_SURVIVORS=0
031B2B0_CLASSIFICATION=RED_TRANSLATION_PLUS_ALLOWED_COUPLING_HEADROOM_CANNOT_RECOVER_83GJ
NEXT=031C_QSHELL_OR_MULTICOMPONENT_PAYLOAD_ADJACENT_SOURCE_GATE
STRICT_COMPACT_SOURCE_SUPPORT=NO_QBALL_HAS_EXPONENTIAL_TAILS
FULL_SOURCE_PAYLOAD_REACTION=NOT_YET
FULL_NONRADIAL_STABILITY=NOT_YET
ACTIVATION_OFFSTATE=NOT_YET
PRACTICAL_DEVICE=NO
SUMMARY_JSON=/Users/mymac/Desktop/antigravity_research/results/data/031b2b0_qball_payload_adjacent_translation_summary.json
SCAN_CSV=/Users/mymac/Desktop/antigravity_research/results/data/031b2b0_qball_payload_adjacent_translation_scan.csv
