=== 031B1-B0 EXACT Z2 e4 SELF-CONSISTENCY GATE ===
CLAIM_CLASS=NONLINEAR_LOCAL_Z2_MICROSCOPIC_SECTOR_SELFCONSISTENCY_PREFLIGHT
B7_REEQUILIBRATED=NO
LOCAL_Z2_COUPLING_EXPLICIT=YES
SCALAR_SENSITIVITY_ASSIGNED_BY_HAND=NO
FULL_LOCAL_CONSERVATION=NO_NOT_YET
PRACTICAL_DEVICE=NO
TARGET_E_J=8.275078201430060e+10
ALPHA_M_ON_CAP=2.700790350718200e+01
MEDIATOR_RANGE_M=3.300000000000000e+00

=== A — RECONSTRUCT B7 e4 RADIAL PROFILES ===
RADIAL_PROFILE GRID=N73 E4_FRACTION=7.118467532e-01 E4_INT=7.118467532e-01 TOTAL_INT=1.000000000e+00 ORIENTATION_SPREAD=2.294486750e-06 CENTROID_M=8.282020080e-11 SECOND_MOMENT_ANIS=2.588682465e-04 PASS=True
RADIAL_PROFILE GRID=N81 E4_FRACTION=7.101021764e-01 E4_INT=7.101021764e-01 TOTAL_INT=1.000000000e+00 ORIENTATION_SPREAD=1.148207576e-06 CENTROID_M=1.360734751e-10 SECOND_MOMENT_ANIS=1.252213623e-04 PASS=True

=== B — EXACT NONLINEAR Z2 KAPPA SCAN ===
Z2_CASE GRID=N73 KAPPA_GJ_PER_GEV2=2.500000000e-03 U0=4.479714357e-01 M4_GEV=1.002766453e+03 ALPHA_X_CENTER=-1.087801095e+15 E_CORE_J=2.513851399e+12 E_PHI_J=1.222493451e+11 E_TOTAL_J=2.636100744e+12 A_ADVERSE=9.806650000e+00 BACK=6.086037550e-03 C4_MEAN=9.289056138e-01 DERRICK_REL=1.468027438e-02 SCALAR_STABLE=True E_PASS=False BACK_PASS=True
Z2_CASE GRID=N81 KAPPA_GJ_PER_GEV2=2.500000000e-03 U0=4.540704509e-01 M4_GEV=9.935039156e+02 ALPHA_X_CENTER=-1.112890982e+15 E_CORE_J=2.467625076e+12 E_PHI_J=1.228263009e+11 E_TOTAL_J=2.590451377e+12 A_ADVERSE=9.806650000e+00 BACK=6.086037550e-03 C4_MEAN=9.271277974e-01 DERRICK_REL=2.261910356e-02 SCALAR_STABLE=True E_PASS=False BACK_PASS=True
Z2_CASE GRID=N73 KAPPA_GJ_PER_GEV2=3.139326977e-03 U0=8.864006986e-01 M4_GEV=5.009643247e+02 ALPHA_X_CENTER=-4.308461890e+15 E_CORE_J=7.878619941e+11 E_PHI_J=1.208677854e+11 E_TOTAL_J=9.087297795e+11 A_ADVERSE=9.806650000e+00 BACK=6.086037550e-03 C4_MEAN=7.480325920e-01 DERRICK_REL=1.738784158e-01 SCALAR_STABLE=True E_PASS=False BACK_PASS=True
Z2_CASE GRID=N81 KAPPA_GJ_PER_GEV2=3.139326977e-03 U0=8.891307690e-01 M4_GEV=5.015596308e+02 ALPHA_X_CENTER=-4.316602233e+15 E_CORE_J=7.897355716e+11 E_PHI_J=1.214300460e+11 E_TOTAL_J=9.111656176e+11 A_ADVERSE=9.806650000e+00 BACK=6.086037550e-03 C4_MEAN=7.466689320e-01 DERRICK_REL=1.824060728e-01 SCALAR_STABLE=True E_PASS=False BACK_PASS=True
Z2_CASE GRID=N73 KAPPA_GJ_PER_GEV2=3.942149547e-03 U0=1.168364596e+00 M4_GEV=3.758548012e+02 ALPHA_X_CENTER=-7.569326724e+15 E_CORE_J=5.568949761e+11 E_PHI_J=1.195487052e+11 E_TOTAL_J=6.764436813e+11 A_ADVERSE=9.806650000e+00 BACK=6.086037550e-03 C4_MEAN=6.021471679e-01 DERRICK_REL=3.439492099e-01 SCALAR_STABLE=True E_PASS=False BACK_PASS=True
Z2_CASE GRID=N81 KAPPA_GJ_PER_GEV2=3.942149547e-03 U0=1.170207416e+00 M4_GEV=3.768660656e+02 ALPHA_X_CENTER=-7.560922347e+15 E_CORE_J=5.598957398e+11 E_PHI_J=1.200939570e+11 E_TOTAL_J=6.799896968e+11 A_ADVERSE=9.806650000e+00 BACK=6.086037550e-03 C4_MEAN=6.011167309e-01 DERRICK_REL=3.529111381e-01 SCALAR_STABLE=True E_PASS=False BACK_PASS=True
Z2_CASE GRID=N73 KAPPA_GJ_PER_GEV2=4.950278568e-03 U0=1.392560804e+00 M4_GEV=3.119670419e+02 ALPHA_X_CENTER=-1.086937113e+16 E_CORE_J=4.817781156e+11 E_PHI_J=1.182873238e+11 E_TOTAL_J=6.000654394e+11 A_ADVERSE=9.806650000e+00 BACK=6.086037550e-03 C4_MEAN=4.845390952e-01 DERRICK_REL=5.216765315e-01 SCALAR_STABLE=True E_PASS=False BACK_PASS=True
Z2_CASE GRID=N81 KAPPA_GJ_PER_GEV2=4.950278568e-03 U0=1.393952542e+00 M4_GEV=3.129812746e+02 ALPHA_X_CENTER=-1.084497609e+16 E_CORE_J=4.849158152e+11 E_PHI_J=1.188136082e+11 E_TOTAL_J=6.037294234e+11 A_ADVERSE=9.806650000e+00 BACK=6.086037550e-03 C4_MEAN=4.837726954e-01 DERRICK_REL=5.308846378e-01 SCALAR_STABLE=True E_PASS=False BACK_PASS=True
Z2_CASE GRID=N73 KAPPA_GJ_PER_GEV2=6.216217221e-03 U0=1.583837707e+00 M4_GEV=2.714493900e+02 ALPHA_X_CENTER=-1.420760170e+16 E_CORE_J=4.580405446e+11 E_PHI_J=1.170794773e+11 E_TOTAL_J=5.751200219e+11 A_ADVERSE=9.806650000e+00 BACK=6.086037550e-03 C4_MEAN=3.897708210e-01 DERRICK_REL=7.031672760e-01 SCALAR_STABLE=True E_PASS=False BACK_PASS=True
Z2_CASE GRID=N81 KAPPA_GJ_PER_GEV2=6.216217221e-03 U0=1.584955233e+00 M4_GEV=2.724023479e+02 ALPHA_X_CENTER=-1.416788813e+16 E_CORE_J=4.612622099e+11 E_PHI_J=1.175852207e+11 E_TOTAL_J=5.788474307e+11 A_ADVERSE=9.806650000e+00 BACK=6.086037550e-03 C4_MEAN=3.892108595e-01 DERRICK_REL=7.124153243e-01 SCALAR_STABLE=True E_PASS=False BACK_PASS=True
Z2_CASE GRID=N73 KAPPA_GJ_PER_GEV2=6.250000000e-03 U0=1.588092001e+00 M4_GEV=2.706562119e+02 ALPHA_X_CENTER=-1.428751254e+16 E_CORE_J=4.578424066e+11 E_PHI_J=1.170513468e+11 E_TOTAL_J=5.748937535e+11 A_ADVERSE=9.806650000e+00 BACK=6.086037550e-03 C4_MEAN=3.877555006e-01 DERRICK_REL=7.074981297e-01 SCALAR_STABLE=True E_PASS=False BACK_PASS=True
Z2_CASE GRID=N81 KAPPA_GJ_PER_GEV2=6.250000000e-03 U0=1.589204348e+00 M4_GEV=2.716075067e+02 ALPHA_X_CENTER=-1.424744343e+16 E_CORE_J=4.610664854e+11 E_PHI_J=1.175565852e+11 E_TOTAL_J=5.786230707e+11 A_ADVERSE=9.806650000e+00 BACK=6.086037550e-03 C4_MEAN=3.871998380e-01 DERRICK_REL=7.167445884e-01 SCALAR_STABLE=True E_PASS=False BACK_PASS=True
Z2_CASE GRID=N73 KAPPA_GJ_PER_GEV2=7.805895367e-03 U0=1.753103312e+00 M4_GEV=2.427789354e+02 ALPHA_X_CENTER=-1.758310109e+16 E_CORE_J=4.600920521e+11 E_PHI_J=1.159211860e+11 E_TOTAL_J=5.760132381e+11 A_ADVERSE=9.806650000e+00 BACK=6.086037550e-03 C4_MEAN=3.134390258e-01 DERRICK_REL=8.841744348e-01 SCALAR_STABLE=True E_PASS=False BACK_PASS=True
Z2_CASE GRID=N81 KAPPA_GJ_PER_GEV2=7.805895367e-03 U0=1.754041025e+00 M4_GEV=2.436606520e+02 ALPHA_X_CENTER=-1.752884539e+16 E_CORE_J=4.634400150e+11 E_PHI_J=1.164051610e+11 E_TOTAL_J=5.798451760e+11 A_ADVERSE=9.806650000e+00 BACK=6.086037550e-03 C4_MEAN=3.130381898e-01 DERRICK_REL=8.932578816e-01 SCALAR_STABLE=True E_PASS=False BACK_PASS=True
Z2_CASE GRID=N73 KAPPA_GJ_PER_GEV2=9.802103162e-03 U0=1.906311910e+00 M4_GEV=2.210940757e+02 ALPHA_X_CENTER=-2.099499720e+16 E_CORE_J=4.791521932e+11 E_PHI_J=1.148090410e+11 E_TOTAL_J=5.939612342e+11 A_ADVERSE=9.806650000e+00 BACK=6.086037550e-03 C4_MEAN=2.519810911e-01 DERRICK_REL=1.060485911e+00 SCALAR_STABLE=True E_PASS=False BACK_PASS=True
Z2_CASE GRID=N81 KAPPA_GJ_PER_GEV2=9.802103162e-03 U0=1.907127502e+00 M4_GEV=2.219067860e+02 ALPHA_X_CENTER=-2.092705478e+16 E_CORE_J=4.826812575e+11 E_PHI_J=1.152703578e+11 E_TOTAL_J=5.979516153e+11 A_ADVERSE=9.806650000e+00 BACK=6.086037550e-03 C4_MEAN=2.517012163e-01 DERRICK_REL=1.069220968e+00 SCALAR_STABLE=True E_PASS=False BACK_PASS=True
Z2_CASE GRID=N73 KAPPA_GJ_PER_GEV2=1.000000000e-02 U0=1.919126643e+00 M4_GEV=2.194323861e+02 ALPHA_X_CENTER=-2.129618812e+16 E_CORE_J=4.815057209e+11 E_PHI_J=1.147135230e+11 E_TOTAL_J=5.962192440e+11 A_ADVERSE=9.806650000e+00 BACK=6.086037550e-03 C4_MEAN=2.471964427e-01 DERRICK_REL=1.075606776e+00 SCALAR_STABLE=True E_PASS=False BACK_PASS=True
Z2_CASE GRID=N81 KAPPA_GJ_PER_GEV2=1.000000000e-02 U0=1.919933561e+00 M4_GEV=2.202392628e+02 ALPHA_X_CENTER=-2.122708804e+16 E_CORE_J=4.850533288e+11 E_PHI_J=1.151728147e+11 E_TOTAL_J=6.002261435e+11 A_ADVERSE=9.806650000e+00 BACK=6.086037550e-03 C4_MEAN=2.469256269e-01 DERRICK_REL=1.084303610e+00 SCALAR_STABLE=True E_PASS=False BACK_PASS=True
Z2_CASE GRID=N73 KAPPA_GJ_PER_GEV2=1.230880275e-02 U0=2.047139936e+00 M4_GEV=2.039397523e+02 ALPHA_X_CENTER=-2.444244286e+16 E_CORE_J=5.119406168e+11 E_PHI_J=1.137400068e+11 E_TOTAL_J=6.256806236e+11 A_ADVERSE=9.806650000e+00 BACK=6.086037550e-03 C4_MEAN=2.025170050e-01 DERRICK_REL=1.228306997e+00 SCALAR_STABLE=True E_PASS=False BACK_PASS=True
Z2_CASE GRID=N81 KAPPA_GJ_PER_GEV2=1.230880275e-02 U0=2.047871944e+00 M4_GEV=2.046884328e+02 ALPHA_X_CENTER=-2.436174881e+16 E_CORE_J=5.157062728e+11 E_PHI_J=1.141779849e+11 E_TOTAL_J=6.298842577e+11 A_ADVERSE=9.806650000e+00 BACK=6.086037550e-03 C4_MEAN=2.023276017e-01 DERRICK_REL=1.236546540e+00 SCALAR_STABLE=True E_PASS=False BACK_PASS=True
Z2_CASE GRID=N73 KAPPA_GJ_PER_GEV2=1.545654262e-02 U0=2.178048363e+00 M4_GEV=1.899235955e+02 ALPHA_X_CENTER=-2.792463859e+16 E_CORE_J=5.575325181e+11 E_PHI_J=1.127113262e+11 E_TOTAL_J=6.702438443e+11 A_ADVERSE=9.806650000e+00 BACK=6.086037550e-03 C4_MEAN=1.627197396e-01 DERRICK_REL=1.384567701e+00 SCALAR_STABLE=True E_PASS=False BACK_PASS=True
Z2_CASE GRID=N81 KAPPA_GJ_PER_GEV2=1.545654262e-02 U0=2.178723594e+00 M4_GEV=1.906136374e+02 ALPHA_X_CENTER=-2.783217416e+16 E_CORE_J=5.615911992e+11 E_PHI_J=1.131255547e+11 E_TOTAL_J=6.747167539e+11 A_ADVERSE=9.806650000e+00 BACK=6.086037550e-03 C4_MEAN=1.625969574e-01 DERRICK_REL=1.392209522e+00 SCALAR_STABLE=True E_PASS=False BACK_PASS=True
Z2_CASE GRID=N73 KAPPA_GJ_PER_GEV2=1.600000000e-02 U0=2.197163204e+00 M4_GEV=1.880124476e+02 ALPHA_X_CENTER=-2.845605422e+16 E_CORE_J=5.655788874e+11 E_PHI_J=1.125585776e+11 E_TOTAL_J=6.781374650e+11 A_ADVERSE=9.806650000e+00 BACK=6.086037550e-03 C4_MEAN=1.574022892e-01 DERRICK_REL=1.407121671e+00 SCALAR_STABLE=True E_PASS=False BACK_PASS=True
Z2_CASE GRID=N81 KAPPA_GJ_PER_GEV2=1.600000000e-02 U0=2.197831608e+00 M4_GEV=1.886940625e+02 ALPHA_X_CENTER=-2.836188853e+16 E_CORE_J=5.696871873e+11 E_PHI_J=1.129691928e+11 E_TOTAL_J=6.826563801e+11 A_ADVERSE=9.806650000e+00 BACK=6.086037550e-03 C4_MEAN=1.572879074e-01 DERRICK_REL=1.414666732e+00 SCALAR_STABLE=True E_PASS=False BACK_PASS=True
Z2_CASE GRID=N73 KAPPA_GJ_PER_GEV2=1.875000000e-02 U0=2.282627230e+00 M4_GEV=1.798472957e+02 ALPHA_X_CENTER=-3.090509248e+16 E_CORE_J=6.064696831e+11 E_PHI_J=1.118684198e+11 E_TOTAL_J=7.183381028e+11 A_ADVERSE=9.806650000e+00 BACK=6.086037550e-03 C4_MEAN=1.351303550e-01 DERRICK_REL=1.506415179e+00 SCALAR_STABLE=True E_PASS=False BACK_PASS=True
Z2_CASE GRID=N81 KAPPA_GJ_PER_GEV2=1.875000000e-02 U0=2.283269261e+00 M4_GEV=1.804917143e+02 ALPHA_X_CENTER=-3.080341207e+16 E_CORE_J=6.108236048e+11 E_PHI_J=1.122624360e+11 E_TOTAL_J=7.230860407e+11 A_ADVERSE=9.806650000e+00 BACK=6.086037550e-03 C4_MEAN=1.350496097e-01 DERRICK_REL=1.513504041e+00 SCALAR_STABLE=True E_PASS=False BACK_PASS=True
Z2_CASE GRID=N73 KAPPA_GJ_PER_GEV2=1.940925648e-02 U0=2.300780911e+00 M4_GEV=1.781886956e+02 ALPHA_X_CENTER=-3.144083580e+16 E_CORE_J=6.162674025e+11 E_PHI_J=1.117203843e+11 E_TOTAL_J=7.279877868e+11 A_ADVERSE=9.806650000e+00 BACK=6.086037550e-03 C4_MEAN=1.307103816e-01 DERRICK_REL=1.527102651e+00 SCALAR_STABLE=True E_PASS=False BACK_PASS=True
Z2_CASE GRID=N81 KAPPA_GJ_PER_GEV2=1.940925648e-02 U0=2.301418214e+00 M4_GEV=1.788253130e+02 ALPHA_X_CENTER=-3.133758446e+16 E_CORE_J=6.206787643e+11 E_PHI_J=1.121107816e+11 E_TOTAL_J=7.327895458e+11 A_ADVERSE=9.806650000e+00 BACK=6.086037550e-03 C4_MEAN=1.306359683e-01 DERRICK_REL=1.534090485e+00 SCALAR_STABLE=True E_PASS=False BACK_PASS=True
Z2_CASE GRID=N73 KAPPA_GJ_PER_GEV2=2.437280099e-02 U0=2.416626602e+00 M4_GEV=1.681747920e+02 ALPHA_X_CENTER=-3.499029615e+16 E_CORE_J=6.893300972e+11 E_PHI_J=1.107649329e+11 E_TOTAL_J=8.000950301e+11 A_ADVERSE=9.806650000e+00 BACK=6.086037550e-03 C4_MEAN=1.049727529e-01 DERRICK_REL=1.654692925e+00 SCALAR_STABLE=True E_PASS=False BACK_PASS=True
Z2_CASE GRID=N81 KAPPA_GJ_PER_GEV2=2.437280099e-02 U0=2.417240045e+00 M4_GEV=1.687626125e+02 ALPHA_X_CENTER=-3.487727183e+16 E_CORE_J=6.941573424e+11 E_PHI_J=1.111315715e+11 E_TOTAL_J=8.052889139e+11 A_ADVERSE=9.806650000e+00 BACK=6.086037550e-03 C4_MEAN=1.049326546e-01 DERRICK_REL=1.661013658e+00 SCALAR_STABLE=True E_PASS=False BACK_PASS=True
Z2_CASE GRID=N73 KAPPA_GJ_PER_GEV2=3.060567666e-02 U0=2.526570411e+00 M4_GEV=1.594978524e+02 ALPHA_X_CENTER=-3.857229961e+16 E_CORE_J=7.785950986e+11 E_PHI_J=1.098429501e+11 E_TOTAL_J=8.884380487e+11 A_ADVERSE=9.806650000e+00 BACK=6.086037550e-03 C4_MEAN=8.428397216e-02 DERRICK_REL=1.766990054e+00 SCALAR_STABLE=True E_PASS=False BACK_PASS=True
Z2_CASE GRID=N81 KAPPA_GJ_PER_GEV2=3.060567666e-02 U0=2.527170603e+00 M4_GEV=1.600409345e+02 ALPHA_X_CENTER=-3.845054040e+16 E_CORE_J=7.839062791e+11 E_PHI_J=1.101860008e+11 E_TOTAL_J=8.940922799e+11 A_ADVERSE=9.806650000e+00 BACK=6.086037550e-03 C4_MEAN=8.426754885e-02 DERRICK_REL=1.772665207e+00 SCALAR_STABLE=True E_PASS=False BACK_PASS=True
Z2_CASE GRID=N73 KAPPA_GJ_PER_GEV2=3.125000000e-02 U0=2.536362749e+00 M4_GEV=1.587605749e+02 ALPHA_X_CENTER=-3.890161834e+16 E_CORE_J=7.876537548e+11 E_PHI_J=1.097602007e+11 E_TOTAL_J=8.974139555e+11 A_ADVERSE=9.806650000e+00 BACK=6.086037550e-03 C4_MEAN=8.260728927e-02 DERRICK_REL=1.776508573e+00 SCALAR_STABLE=True E_PASS=False BACK_PASS=True
Z2_CASE GRID=N81 KAPPA_GJ_PER_GEV2=3.125000000e-02 U0=2.536962138e+00 M4_GEV=1.592997560e+02 ALPHA_X_CENTER=-3.877911028e+16 E_CORE_J=7.930128837e+11 E_PHI_J=1.101011116e+11 E_TOTAL_J=9.031139952e+11 A_ADVERSE=9.806650000e+00 BACK=6.086037550e-03 C4_MEAN=8.259260578e-02 DERRICK_REL=1.782126641e+00 SCALAR_STABLE=True E_PASS=False BACK_PASS=True
Z2_CASE GRID=N73 KAPPA_GJ_PER_GEV2=3.843249056e-02 U0=2.631385450e+00 M4_GEV=1.518844390e+02 ALPHA_X_CENTER=-4.218617532e+16 E_CORE_J=8.865946208e+11 E_PHI_J=1.089525180e+11 E_TOTAL_J=9.955471388e+11 A_ADVERSE=9.806650000e+00 BACK=6.086037550e-03 C4_MEAN=6.765808878e-02 DERRICK_REL=1.864361592e+00 SCALAR_STABLE=True E_PASS=False BACK_PASS=True
Z2_CASE GRID=N81 KAPPA_GJ_PER_GEV2=3.843249056e-02 U0=2.631980001e+00 M4_GEV=1.523864882e+02 ALPHA_X_CENTER=-4.205669007e+16 E_CORE_J=8.924655284e+11 E_PHI_J=1.092723718e+11 E_TOTAL_J=1.001737900e+12 A_ADVERSE=9.806650000e+00 BACK=6.086037550e-03 C4_MEAN=6.765751050e-02 DERRICK_REL=1.869436668e+00 SCALAR_STABLE=True E_PASS=False BACK_PASS=True
Z2_CASE GRID=N73 KAPPA_GJ_PER_GEV2=4.826086176e-02 U0=2.731691420e+00 M4_GEV=1.451338378e+02 ALPHA_X_CENTER=-4.583127346e+16 E_CORE_J=1.016558630e+12 E_PHI_J=1.080918827e+11 E_TOTAL_J=1.124650513e+12 A_ADVERSE=9.806650000e+00 BACK=6.086037550e-03 C4_MEAN=5.430063179e-02 DERRICK_REL=1.947700311e+00 SCALAR_STABLE=True E_PASS=False BACK_PASS=True
Z2_CASE GRID=N81 KAPPA_GJ_PER_GEV2=4.826086176e-02 U0=2.732285911e+00 M4_GEV=1.455981790e+02 ALPHA_X_CENTER=-4.569505086e+16 E_CORE_J=1.023073790e+12 E_PHI_J=1.083890556e+11 E_TOTAL_J=1.131462846e+12 A_ADVERSE=9.806650000e+00 BACK=6.086037550e-03 C4_MEAN=5.431018372e-02 DERRICK_REL=1.952235560e+00 SCALAR_STABLE=True E_PASS=False BACK_PASS=True
Z2_CASE GRID=N73 KAPPA_GJ_PER_GEV2=5.000000000e-02 U0=2.746914378e+00 M4_GEV=1.441515706e+02 ALPHA_X_CENTER=-4.640071894e+16 E_CORE_J=1.038983765e+12 E_PHI_J=1.079606604e+11 E_TOTAL_J=1.146944425e+12 A_ADVERSE=9.806650000e+00 BACK=6.086037550e-03 C4_MEAN=5.247445367e-02 DERRICK_REL=1.959472375e+00 SCALAR_STABLE=True E_PASS=False BACK_PASS=True
Z2_CASE GRID=N81 KAPPA_GJ_PER_GEV2=5.000000000e-02 U0=2.747509358e+00 M4_GEV=1.446103214e+02 ALPHA_X_CENTER=-4.626353931e+16 E_CORE_J=1.045607253e+12 E_PHI_J=1.082543577e+11 E_TOTAL_J=1.153861610e+12 A_ADVERSE=9.806650000e+00 BACK=6.086037550e-03 C4_MEAN=5.248517101e-02 DERRICK_REL=1.963929676e+00 SCALAR_STABLE=True E_PASS=False BACK_PASS=True
Z2_CASE GRID=N73 KAPPA_GJ_PER_GEV2=6.060265010e-02 U0=2.827993821e+00 M4_GEV=1.390949499e+02 ALPHA_X_CENTER=-4.950693725e+16 E_CORE_J=1.172504020e+12 E_PHI_J=1.072594965e+11 E_TOTAL_J=1.279763517e+12 A_ADVERSE=9.806650000e+00 BACK=6.086037550e-03 C4_MEAN=4.357171934e-02 DERRICK_REL=2.018235197e+00 SCALAR_STABLE=True E_PASS=False BACK_PASS=True
Z2_CASE GRID=N81 KAPPA_GJ_PER_GEV2=6.060265010e-02 U0=2.828592650e+00 M4_GEV=1.395245351e+02 ALPHA_X_CENTER=-4.936496005e+16 E_CORE_J=1.179757601e+12 E_PHI_J=1.075345699e+11 E_TOTAL_J=1.287292171e+12 A_ADVERSE=9.806650000e+00 BACK=6.086037550e-03 C4_MEAN=4.358726506e-02 DERRICK_REL=2.022297774e+00 SCALAR_STABLE=True E_PASS=False BACK_PASS=True
Z2_CASE GRID=N73 KAPPA_GJ_PER_GEV2=7.610061374e-02 U0=2.920712049e+00 M4_GEV=1.336514044e+02 ALPHA_X_CENTER=-5.321256348e+16 E_CORE_J=1.359362272e+12 E_PHI_J=1.064538609e+11 E_TOTAL_J=1.465816133e+12 A_ADVERSE=9.806650000e+00 BACK=6.086037550e-03 C4_MEAN=3.495607000e-02 DERRICK_REL=2.077368545e+00 SCALAR_STABLE=True E_PASS=False BACK_PASS=True
Z2_CASE GRID=N81 KAPPA_GJ_PER_GEV2=7.610061374e-02 U0=2.921318260e+00 M4_GEV=1.340489177e+02 ALPHA_X_CENTER=-5.306577693e+16 E_CORE_J=1.367460476e+12 E_PHI_J=1.067075175e+11 E_TOTAL_J=1.474167994e+12 A_ADVERSE=9.806650000e+00 BACK=6.086037550e-03 C4_MEAN=3.497470641e-02 DERRICK_REL=2.081026070e+00 SCALAR_STABLE=True E_PASS=False BACK_PASS=True
Z2_CASE GRID=N73 KAPPA_GJ_PER_GEV2=9.556188387e-02 U0=3.010197989e+00 M4_GEV=1.287120122e+02 ALPHA_X_CENTER=-5.694753719e+16 E_CORE_J=1.583152906e+12 E_PHI_J=1.056736682e+11 E_TOTAL_J=1.688826574e+12 A_ADVERSE=9.806650000e+00 BACK=6.086037550e-03 C4_MEAN=2.803897283e-02 DERRICK_REL=2.126547614e+00 SCALAR_STABLE=True E_PASS=False BACK_PASS=True
Z2_CASE GRID=N81 KAPPA_GJ_PER_GEV2=9.556188387e-02 U0=3.010813652e+00 M4_GEV=1.290799087e+02 ALPHA_X_CENTER=-5.679684249e+16 E_CORE_J=1.592216066e+12 E_PHI_J=1.059066640e+11 E_TOTAL_J=1.698122730e+12 A_ADVERSE=9.806650000e+00 BACK=6.086037550e-03 C4_MEAN=2.805873056e-02 DERRICK_REL=2.129863959e+00 SCALAR_STABLE=True E_PASS=False BACK_PASS=True
Z2_CASE GRID=N73 KAPPA_GJ_PER_GEV2=1.200000000e-01 U0=3.096750555e+00 M4_GEV=1.242040607e+02 ALPHA_X_CENTER=-6.071128079e+16 E_CORE_J=1.851197843e+12 E_PHI_J=1.049176476e+11 E_TOTAL_J=1.956115490e+12 A_ADVERSE=9.806650000e+00 BACK=6.086037550e-03 C4_MEAN=2.248672851e-02 DERRICK_REL=2.167174873e+00 SCALAR_STABLE=True E_PASS=False BACK_PASS=True
Z2_CASE GRID=N81 KAPPA_GJ_PER_GEV2=1.200000000e-01 U0=3.097377077e+00 M4_GEV=1.245445845e+02 ALPHA_X_CENTER=-6.055753620e+16 E_CORE_J=1.861362422e+12 E_PHI_J=1.051308006e+11 E_TOTAL_J=1.966493223e+12 A_ADVERSE=9.806650000e+00 BACK=6.086037550e-03 C4_MEAN=2.250630378e-02 DERRICK_REL=2.170207929e+00 SCALAR_STABLE=True E_PASS=False BACK_PASS=True

=== C — N73 / N81 PAIR GATE ===
PAIR_GATE KAPPA_GJ_PER_GEV2=2.500000000e-03 M4_REL=9.236983833e-03 ENERGY_REL=1.731700401e-02 C4_REL=1.913882680e-03 U0_REL=1.343186983e-02 WORST_E_J=2.636100744e+12 WORST_DERRICK_REL=2.261910356e-02 PAIR_PASS=True PHYSICS_PASS=False
PAIR_GATE KAPPA_GJ_PER_GEV2=3.139326977e-03 M4_REL=1.186909967e-03 ENERGY_REL=2.673320967e-03 C4_REL=1.822995410e-03 U0_REL=3.070493692e-03 WORST_E_J=9.111656176e+11 WORST_DERRICK_REL=1.824060728e-01 PAIR_PASS=True PHYSICS_PASS=False
PAIR_GATE KAPPA_GJ_PER_GEV2=3.942149547e-03 M4_REL=2.683352415e-03 ENERGY_REL=5.214807686e-03 C4_REL=1.711271107e-03 U0_REL=1.574780667e-03 WORST_E_J=6.799896968e+11 WORST_DERRICK_REL=3.529111381e-01 PAIR_PASS=True PHYSICS_PASS=False
PAIR_GATE KAPPA_GJ_PER_GEV2=4.950278568e-03 M4_REL=3.240554067e-03 ENERGY_REL=6.068917484e-03 C4_REL=1.581708800e-03 U0_REL=9.984109126e-04 WORST_E_J=6.037294234e+11 WORST_DERRICK_REL=5.308846378e-01 PAIR_PASS=True PHYSICS_PASS=False
PAIR_GATE KAPPA_GJ_PER_GEV2=6.216217221e-03 M4_REL=3.498346976e-03 ENERGY_REL=6.439363114e-03 C4_REL=1.436643027e-03 U0_REL=7.050836119e-04 WORST_E_J=5.788474307e+11 WORST_DERRICK_REL=7.124153243e-01 PAIR_PASS=True PHYSICS_PASS=False
PAIR_GATE KAPPA_GJ_PER_GEV2=6.250000000e-03 M4_REL=3.502461030e-03 ENERGY_REL=6.445158124e-03 C4_REL=1.433023077e-03 U0_REL=6.999393300e-04 WORST_E_J=5.786230707e+11 WORST_DERRICK_REL=7.167445884e-01 PAIR_PASS=True PHYSICS_PASS=False
PAIR_GATE KAPPA_GJ_PER_GEV2=7.805895367e-03 M4_REL=3.618625174e-03 ENERGY_REL=6.608553597e-03 C4_REL=1.278832523e-03 U0_REL=5.346017044e-04 WORST_E_J=5.798451760e+11 WORST_DERRICK_REL=8.932578816e-01 PAIR_PASS=True PHYSICS_PASS=False
PAIR_GATE KAPPA_GJ_PER_GEV2=9.802103162e-03 M4_REL=3.662394697e-03 ENERGY_REL=6.673417934e-03 C4_REL=1.110697769e-03 U0_REL=4.276546113e-04 WORST_E_J=5.979516153e+11 WORST_DERRICK_REL=1.069220968e+00 PAIR_PASS=True PHYSICS_PASS=False
PAIR_GATE KAPPA_GJ_PER_GEV2=1.000000000e-02 M4_REL=3.663636739e-03 ENERGY_REL=6.675649782e-03 C4_REL=1.095548923e-03 U0_REL=4.202845363e-04 WORST_E_J=6.002261435e+11 WORST_DERRICK_REL=1.084303610e+00 PAIR_PASS=True PHYSICS_PASS=False
PAIR_GATE KAPPA_GJ_PER_GEV2=1.230880275e-02 M4_REL=3.657658913e-03 ENERGY_REL=6.673661113e-03 C4_REL=9.352462386e-04 U0_REL=3.574485844e-04 WORST_E_J=6.298842577e+11 WORST_DERRICK_REL=1.236546540e+00 PAIR_PASS=True PHYSICS_PASS=False
PAIR_GATE KAPPA_GJ_PER_GEV2=1.545654262e-02 M4_REL=3.620107340e-03 ENERGY_REL=6.629314559e-03 C4_REL=7.545627998e-04 U0_REL=3.099203775e-04 WORST_E_J=6.747167539e+11 WORST_DERRICK_REL=1.392209522e+00 PAIR_PASS=True PHYSICS_PASS=False
PAIR_GATE KAPPA_GJ_PER_GEV2=1.600000000e-02 M4_REL=3.612274905e-03 ENERGY_REL=6.619604236e-03 C4_REL=7.266841302e-04 U0_REL=3.041196543e-04 WORST_E_J=6.826563801e+11 WORST_DERRICK_REL=1.414666732e+00 PAIR_PASS=True PHYSICS_PASS=False
PAIR_GATE KAPPA_GJ_PER_GEV2=1.875000000e-02 M4_REL=3.570349998e-03 ENERGY_REL=6.566214305e-03 C4_REL=5.975365188e-04 U0_REL=2.811893324e-04 WORST_E_J=7.230860407e+11 WORST_DERRICK_REL=1.513504041e+00 PAIR_PASS=True PHYSICS_PASS=False
PAIR_GATE KAPPA_GJ_PER_GEV2=1.940925648e-02 M4_REL=3.559996120e-03 ENERGY_REL=6.552712271e-03 C4_REL=5.692992769e-04 U0_REL=2.769172577e-04 WORST_E_J=7.327895458e+11 WORST_DERRICK_REL=1.534090485e+00 PAIR_PASS=True PHYSICS_PASS=False
PAIR_GATE KAPPA_GJ_PER_GEV2=2.437280099e-02 M4_REL=3.483120106e-03 ENERGY_REL=6.449714708e-03 C4_REL=3.819876374e-04 U0_REL=2.537780858e-04 WORST_E_J=8.052889139e+11 WORST_DERRICK_REL=1.661013658e+00 PAIR_PASS=True PHYSICS_PASS=False
PAIR_GATE KAPPA_GJ_PER_GEV2=3.060567666e-02 M4_REL=3.393395012e-03 ENERGY_REL=6.323990591e-03 C4_REL=1.948568358e-04 U0_REL=2.374957553e-04 WORST_E_J=8.940922799e+11 WORST_DERRICK_REL=1.772665207e+00 PAIR_PASS=True PHYSICS_PASS=False
PAIR_GATE KAPPA_GJ_PER_GEV2=3.125000000e-02 M4_REL=3.384695153e-03 ENERGY_REL=6.311539620e-03 C4_REL=1.777506209e-04 U0_REL=2.362627236e-04 WORST_E_J=9.031139952e+11 WORST_DERRICK_REL=1.782126641e+00 PAIR_PASS=True PHYSICS_PASS=False
PAIR_GATE KAPPA_GJ_PER_GEV2=3.843249056e-02 M4_REL=3.294578042e-03 ENERGY_REL=6.180021219e-03 C4_REL=8.547119987e-06 U0_REL=2.258950150e-04 WORST_E_J=1.001737900e+12 WORST_DERRICK_REL=1.869436668e+00 PAIR_PASS=True PHYSICS_PASS=False
PAIR_GATE KAPPA_GJ_PER_GEV2=4.826086176e-02 M4_REL=3.189196229e-03 ENERGY_REL=6.020819293e-03 C4_REL=1.758772729e-04 U0_REL=2.175799834e-04 WORST_E_J=1.131462846e+12 WORST_DERRICK_REL=1.952235560e+00 PAIR_PASS=True PHYSICS_PASS=False
PAIR_GATE KAPPA_GJ_PER_GEV2=5.000000000e-02 M4_REL=3.172324199e-03 ENERGY_REL=5.994813464e-03 C4_REL=2.041976028e-04 U0_REL=2.165525909e-04 WORST_E_J=1.153861610e+12 WORST_DERRICK_REL=1.963929676e+00 PAIR_PASS=True PHYSICS_PASS=False
PAIR_GATE KAPPA_GJ_PER_GEV2=6.060265010e-02 M4_REL=3.078922670e-03 ENERGY_REL=5.848442666e-03 C4_REL=3.566574259e-04 U0_REL=2.117053666e-04 WORST_E_J=1.287292171e+12 WORST_DERRICK_REL=2.022297774e+00 PAIR_PASS=True PHYSICS_PASS=False
PAIR_GATE KAPPA_GJ_PER_GEV2=7.610061374e-02 M4_REL=2.965434483e-03 ENERGY_REL=5.665473911e-03 C4_REL=5.328541535e-04 U0_REL=2.075127191e-04 WORST_E_J=1.474167994e+12 WORST_DERRICK_REL=2.081026070e+00 PAIR_PASS=True PHYSICS_PASS=False
PAIR_GATE KAPPA_GJ_PER_GEV2=9.556188387e-02 M4_REL=2.850145249e-03 ENERGY_REL=5.474372184e-03 C4_REL=7.041563114e-04 U0_REL=2.044840252e-04 WORST_E_J=1.698122730e+12 WORST_DERRICK_REL=2.129863959e+00 PAIR_PASS=True PHYSICS_PASS=False
PAIR_GATE KAPPA_GJ_PER_GEV2=1.200000000e-01 M4_REL=2.734151668e-03 ENERGY_REL=5.277278573e-03 C4_REL=8.697683485e-04 U0_REL=2.022748743e-04 WORST_E_J=1.966493223e+12 WORST_DERRICK_REL=2.170207929e+00 PAIR_PASS=True PHYSICS_PASS=False

=== D — LEAST-DISRUPTIVE 83-GJ SURVIVOR ===

=== E — DECISION ===
B1B0_JOINT_83GJ_SURVIVORS=0
B1B0_EXACT_LOCAL_Z2_83GJ_SURVIVES=False
B1B0_FULL_B7_REEQUILIBRATION=NOT_YET
B1B0_FULL_LOCAL_CONSERVATION=NOT_YET
B1B0_COUPLED_NONRADIAL_STABILITY=NOT_YET
B1B0_EFT_NATURALNESS=NOT_CLOSED
031B1B0_CLASSIFICATION=RED_MINIMAL_LOCAL_Z2_E4_DRESSING_DOES_NOT_PRESERVE_83GJ_AFTER_NONLINEAR_SELFCONSISTENCY
NEXT=031B2_QBALL_QSHELL_INDEPENDENT_SCALAR_CHARGE_CONTROL
SUMMARY_JSON=/Users/mymac/Desktop/antigravity_research/results/data/031b1b0_b7_e4_exact_z2_selfconsistency_summary.json
SCAN_CSV=/Users/mymac/Desktop/antigravity_research/results/data/031b1b0_b7_e4_exact_z2_selfconsistency_scan.csv
