=== 031B2-A GLOBAL U(1) Q-BALL ACTIVATED-SCALAR CONTROL ===
CLAIM_CLASS=COUPLED_MICROSCOPIC_SOLITON_RADIAL_PREFLIGHT
SOURCE_SCALAR_CHARGE_PRESCRIBED=NO
SOURCE_REACTION_TO_SCALAR=YES
NOETHER_STABILITY_MECHANISM=YES
POSITIVE_HAMILTONIAN_BY_CONSTRUCTION=YES
PRACTICAL_DEVICE=NO
TARGET_ENERGY_J=8.275078201430060e+10
ALPHA_M_ON_CAP=2.700790350718200e+01
MEDIATOR_RANGE_M=3.300000000000000e+00
SOURCE_POTENTIAL=0.5_LOG_1_PLUS_Y2
SOURCE_POTENTIAL_NONNEGATIVE=ANALYTIC_TRUE
OFF_STATE_LINEAR_MATTER_COUPLING=ZERO_BY_Z2

=== OMEGA=0.400000 UNCOUPLED Q-BALL ===
QBALL_SEED OMEGA=4.000000000e-01 SUCCESS=True Y0=1.146398422e+01
SCALARIZATION_THRESHOLD OMEGA=4.000000000e-01 EPS=1.000000000e-02 CHI_CRIT=1.693767642e-01
QBALL_CASE OMEGA=4.000000000e-01 EPS=1.000000000e-02 CHI_FACTOR=5.000000000e+00 CHI=8.468838210e-01 MX_EV=5.979605467e-06 F_GEV=1.242433543e+02 MC_GEV=1.467064918e+02 E_INV_J=5.884241762e+11 E_ON_J=3.077903415e+11 A_SURFACE_MIN=9.806650000e+00 A_CM=1.182177971e+01 LEAK=4.091096335e-16 PAYLOAD_X=6.172035579e-40 BACK=6.086036390e-03 E_OVER_QMX=5.937705799e-01 ALPHA_EFF=6.964644734e+15 HESS=1.830984409e-03 DEC=True CONS=True PREFILTER=True PASS83=False PASS1TJ=True
QBALL_CASE OMEGA=4.000000000e-01 EPS=1.000000000e-02 CHI_FACTOR=3.125000000e+00 CHI=5.293023881e-01 MX_EV=5.979605467e-06 F_GEV=8.959776287e+01 MC_GEV=1.692751910e+02 E_INV_J=5.754359840e+11 E_ON_J=3.651064921e+11 A_SURFACE_MIN=9.806650000e+00 A_CM=1.182177971e+01 LEAK=1.061313505e-16 PAYLOAD_X=1.344895533e-40 BACK=6.086036390e-03 E_OVER_QMX=5.804792034e-01 ALPHA_EFF=5.558723302e+15 HESS=1.802319576e-03 DEC=True CONS=True PREFILTER=True PASS83=False PASS1TJ=True
QBALL_CASE OMEGA=4.000000000e-01 EPS=1.000000000e-02 CHI_FACTOR=2.000000000e+00 CHI=3.387535284e-01 MX_EV=5.979605467e-06 F_GEV=7.213107154e+01 MC_GEV=2.129308346e+02 E_INV_J=6.455170438e+11 E_ON_J=4.906713178e+11 A_SURFACE_MIN=9.806650000e+00 A_CM=1.182177971e+01 LEAK=2.365525168e-17 PAYLOAD_X=2.468092577e-41 BACK=6.086036390e-03 E_OVER_QMX=5.592426731e-01 ALPHA_EFF=3.840097382e+15 HESS=1.745268704e-03 DEC=True CONS=True PREFILTER=True PASS83=False PASS1TJ=True
QBALL_CASE OMEGA=4.000000000e-01 EPS=1.000000000e-02 CHI_FACTOR=1.875000000e+00 CHI=3.175814329e-01 MX_EV=5.979605467e-06 F_GEV=7.085353215e+01 MC_GEV=2.231035093e+02 E_INV_J=6.711901353e+11 E_ON_J=5.231997850e+11 A_SURFACE_MIN=9.806650000e+00 A_CM=1.182177971e+01 LEAK=1.880693388e-17 PAYLOAD_X=1.904616731e-41 BACK=6.086036390e-03 E_OVER_QMX=5.552355740e-01 ALPHA_EFF=3.554138032e+15 HESS=1.731469832e-03 DEC=True CONS=True PREFILTER=True PASS83=False PASS1TJ=True
QBALL_CASE OMEGA=4.000000000e-01 EPS=1.000000000e-02 CHI_FACTOR=1.600000000e+00 CHI=2.710028227e-01 MX_EV=5.979605467e-06 F_GEV=6.954703146e+01 MC_GEV=2.566284394e+02 E_INV_J=7.721594834e+11 E_ON_J=6.397442848e+11 A_SURFACE_MIN=9.806650000e+00 A_CM=1.182177971e+01 LEAK=1.062527413e-17 PAYLOAD_X=9.988209698e-42 BACK=6.086036390e-03 E_OVER_QMX=5.441180415e-01 ALPHA_EFF=2.804277966e+15 HESS=1.684477329e-03 DEC=True CONS=True PREFILTER=True PASS83=False PASS1TJ=True
QBALL_CASE OMEGA=4.000000000e-01 EPS=1.000000000e-02 CHI_FACTOR=1.250000000e+00 CHI=2.117209552e-01 MX_EV=5.979605467e-06 F_GEV=7.765035215e+01 MC_GEV=3.667579908e+02 E_INV_J=1.239483450e+12 E_ON_J=1.127843188e+12 A_SURFACE_MIN=9.806650000e+00 A_CM=1.182177971e+01 LEAK=4.350927226e-18 PAYLOAD_X=3.635399972e-42 BACK=6.086036390e-03 E_OVER_QMX=5.224412397e-01 ALPHA_EFF=1.486065071e+15 HESS=1.514778218e-03 DEC=True CONS=True PREFILTER=True PASS83=False PASS1TJ=False
QBALL_CASE OMEGA=4.000000000e-01 EPS=1.000000000e-02 CHI_FACTOR=1.100000000e+00 CHI=1.863144406e-01 MX_EV=5.979605467e-06 F_GEV=1.005553328e+02 MC_GEV=5.397076712e+02 E_INV_J=2.332935304e+12 E_ON_J=2.230495973e+12 A_SURFACE_MIN=9.806650000e+00 A_CM=1.182177971e+01 LEAK=2.767161813e-18 PAYLOAD_X=2.175400422e-42 BACK=6.086036390e-03 E_OVER_QMX=5.085524763e-01 ALPHA_EFF=7.198204851e+14 HESS=1.230112462e-03 DEC=True CONS=True PREFILTER=True PASS83=False PASS1TJ=False
SCALARIZATION_THRESHOLD OMEGA=4.000000000e-01 EPS=2.000000000e-02 CHI_CRIT=1.725006224e-01
QBALL_CASE OMEGA=4.000000000e-01 EPS=2.000000000e-02 CHI_FACTOR=5.000000000e+00 CHI=8.625031119e-01 MX_EV=2.989802733e-06 F_GEV=5.955907420e+01 MC_GEV=6.905374993e+01 E_INV_J=2.794497637e+11 E_ON_J=1.473710632e+11 A_SURFACE_MIN=9.806650000e+00 A_CM=1.182177971e+01 LEAK=1.241384740e-05 PAYLOAD_X=4.857607119e-17 BACK=6.086036390e-03 E_OVER_QMX=5.885024897e-01 ALPHA_EFF=1.442329199e+16 HESS=2.133310412e-03 DEC=True CONS=True PREFILTER=True PASS83=False PASS1TJ=True
QBALL_CASE OMEGA=4.000000000e-01 EPS=2.000000000e-02 CHI_FACTOR=3.125000000e+00 CHI=5.390644449e-01 MX_EV=2.989802733e-06 F_GEV=4.306502252e+01 MC_GEV=7.988844920e+01 E_INV_J=2.734640000e+11 E_ON_J=1.749409600e+11 A_SURFACE_MIN=9.806650000e+00 A_CM=1.182177971e+01 LEAK=5.466944873e-06 PAYLOAD_X=1.465572975e-17 BACK=6.086036390e-03 E_OVER_QMX=5.760865593e-01 ALPHA_EFF=1.152176759e+16 HESS=2.104241319e-03 DEC=True CONS=True PREFILTER=True PASS83=False PASS1TJ=True
QBALL_CASE OMEGA=4.000000000e-01 EPS=2.000000000e-02 CHI_FACTOR=2.000000000e+00 CHI=3.450012448e-01 MX_EV=2.989802733e-06 F_GEV=3.484323983e+01 MC_GEV=1.009945337e+02 E_INV_J=3.084091969e+11 E_ON_J=2.359876342e+11 A_SURFACE_MIN=9.806650000e+00 A_CM=1.182177971e+01 LEAK=2.240624853e-06 PAYLOAD_X=3.926442422e-18 BACK=6.086036390e-03 E_OVER_QMX=5.559782870e-01 ALPHA_EFF=7.942543382e+15 HESS=2.045196587e-03 DEC=True CONS=True PREFILTER=True PASS83=False PASS1TJ=True
QBALL_CASE OMEGA=4.000000000e-01 EPS=2.000000000e-02 CHI_FACTOR=1.875000000e+00 CHI=3.234386670e-01 MX_EV=2.989802733e-06 F_GEV=3.426578323e+01 MC_GEV=1.059421360e+02 E_INV_J=3.211475257e+11 E_ON_J=2.519307289e+11 A_SURFACE_MIN=9.806650000e+00 A_CM=1.182177971e+01 LEAK=1.959974325e-06 PAYLOAD_X=3.216967184e-18 BACK=6.086036390e-03 E_OVER_QMX=5.521530314e-01 ALPHA_EFF=7.343954813e+15 HESS=2.030672606e-03 DEC=True CONS=True PREFILTER=True PASS83=False PASS1TJ=True
QBALL_CASE OMEGA=4.000000000e-01 EPS=2.000000000e-02 CHI_FACTOR=1.600000000e+00 CHI=2.760009958e-01 MX_EV=2.989802733e-06 F_GEV=3.376370782e+01 MC_GEV=1.223318333e+02 E_INV_J=3.714170984e+11 E_ON_J=3.094645589e+11 A_SURFACE_MIN=9.806650000e+00 A_CM=1.182177971e+01 LEAK=1.409969452e-06 PAYLOAD_X=1.964553742e-18 BACK=6.086036390e-03 E_OVER_QMX=5.414928715e-01 ALPHA_EFF=5.770751981e+15 HESS=1.980416459e-03 DEC=True CONS=True PREFILTER=True PASS83=False PASS1TJ=True
QBALL_CASE OMEGA=4.000000000e-01 EPS=2.000000000e-02 CHI_FACTOR=1.250000000e+00 CHI=2.156257780e-01 MX_EV=2.989802733e-06 F_GEV=3.822107825e+01 MC_GEV=1.772565349e+02 E_INV_J=6.097092484e+11 E_ON_J=5.574051371e+11 A_SURFACE_MIN=9.806650000e+00 A_CM=1.182177971e+01 LEAK=8.548053059e-07 PAYLOAD_X=9.187808044e-19 BACK=6.086036390e-03 E_OVER_QMX=5.205191719e-01 ALPHA_EFF=2.994580418e+15 HESS=1.786836764e-03 DEC=True CONS=True PREFILTER=True PASS83=False PASS1TJ=True
QBALL_CASE OMEGA=4.000000000e-01 EPS=2.000000000e-02 CHI_FACTOR=1.100000000e+00 CHI=1.897506846e-01 MX_EV=2.989802733e-06 F_GEV=5.091812185e+01 MC_GEV=2.683422300e+02 E_INV_J=1.210007017e+12 E_ON_J=1.161956605e+12 A_SURFACE_MIN=9.806650000e+00 A_CM=1.182177971e+01 LEAK=6.700018388e-07 PAYLOAD_X=6.297864760e-19 BACK=6.086036390e-03 E_OVER_QMX=5.069561308e-01 ALPHA_EFF=1.376133907e+15 HESS=1.413826870e-03 DEC=True CONS=True PREFILTER=True PASS83=False PASS1TJ=False
SCALARIZATION_THRESHOLD OMEGA=4.000000000e-01 EPS=2.500000000e-02 CHI_CRIT=1.745241030e-01
QBALL_CASE OMEGA=4.000000000e-01 EPS=2.500000000e-02 CHI_FACTOR=5.000000000e+00 CHI=8.726205148e-01 MX_EV=2.391842187e-06 F_GEV=4.673589839e+01 MC_GEV=5.355810183e+01 E_INV_J=2.177533711e+11 E_ON_J=1.151741659e+11 A_SURFACE_MIN=9.806650000e+00 A_CM=1.182177971e+01 LEAK=8.949042576e-04 PAYLOAD_X=1.381015903e-12 BACK=6.086036390e-03 E_OVER_QMX=5.860776778e-01 ALPHA_EFF=1.838600021e+16 HESS=2.359559875e-03 DEC=True CONS=True PREFILTER=False PASS83=False PASS1TJ=False
QBALL_CASE OMEGA=4.000000000e-01 EPS=2.500000000e-02 CHI_FACTOR=3.125000000e+00 CHI=5.453878217e-01 MX_EV=2.391842187e-06 F_GEV=3.382541276e+01 MC_GEV=6.202084354e+01 E_INV_J=2.130893739e+11 E_ON_J=1.367157600e+11 A_SURFACE_MIN=9.806650000e+00 A_CM=1.182177971e+01 LEAK=4.989418964e-04 PAYLOAD_X=4.745972837e-13 BACK=6.086036390e-03 E_OVER_QMX=5.741047559e-01 ALPHA_EFF=1.470023827e+16 HESS=2.330383738e-03 DEC=True CONS=True PREFILTER=False PASS83=False PASS1TJ=False
QBALL_CASE OMEGA=4.000000000e-01 EPS=2.500000000e-02 CHI_FACTOR=2.000000000e+00 CHI=3.490482059e-01 MX_EV=2.391842187e-06 F_GEV=2.741519281e+01 MC_GEV=7.854271229e+01 E_INV_J=2.406790782e+11 E_ON_J=1.845679710e+11 A_SURFACE_MIN=9.806650000e+00 A_CM=1.182177971e+01 LEAK=2.692401981e-04 PAYLOAD_X=1.478646170e-13 BACK=6.086036390e-03 E_OVER_QMX=5.545795361e-01 ALPHA_EFF=1.013483052e+16 HESS=2.270625330e-03 DEC=True CONS=True PREFILTER=False PASS83=False PASS1TJ=False
QBALL_CASE OMEGA=4.000000000e-01 EPS=2.500000000e-02 CHI_FACTOR=1.875000000e+00 CHI=3.272326930e-01 MX_EV=2.391842187e-06 F_GEV=2.697124570e+01 MC_GEV=8.242222207e+01 E_INV_J=2.507226294e+11 E_ON_J=1.970926830e+11 A_SURFACE_MIN=9.806650000e+00 A_CM=1.182177971e+01 LEAK=2.459664252e-04 PAYLOAD_X=1.240694329e-13 BACK=6.086036390e-03 E_OVER_QMX=5.508504180e-01 ALPHA_EFF=9.369597962e+15 HESS=2.255824081e-03 DEC=True CONS=True PREFILTER=False PASS83=False PASS1TJ=False
QBALL_CASE OMEGA=4.000000000e-01 EPS=2.500000000e-02 CHI_FACTOR=1.600000000e+00 CHI=2.792385647e-01 MX_EV=2.391842187e-06 F_GEV=2.660894781e+01 MC_GEV=9.529109216e+01 E_INV_J=2.903860199e+11 E_ON_J=2.423743306e+11 A_SURFACE_MIN=9.806650000e+00 A_CM=1.182177971e+01 LEAK=1.975212587e-04 PAYLOAD_X=8.049857104e-14 BACK=6.086036390e-03 E_OVER_QMX=5.404361476e-01 ALPHA_EFF=7.356481046e+15 HESS=2.204266376e-03 DEC=True CONS=True PREFILTER=False PASS83=False PASS1TJ=False
QBALL_CASE OMEGA=4.000000000e-01 EPS=2.500000000e-02 CHI_FACTOR=1.250000000e+00 CHI=2.181551287e-01 MX_EV=2.391842187e-06 F_GEV=3.024339086e+01 MC_GEV=1.386324999e+02 E_INV_J=4.794875445e+11 E_ON_J=4.389233423e+11 A_SURFACE_MIN=9.806650000e+00 A_CM=1.182177971e+01 LEAK=1.432093559e-04 PAYLOAD_X=4.158466373e-14 BACK=6.086036390e-03 E_OVER_QMX=5.198586998e-01 ALPHA_EFF=3.798438203e+15 HESS=1.999974269e-03 DEC=True CONS=True PREFILTER=False PASS83=False PASS1TJ=False
QBALL_CASE OMEGA=4.000000000e-01 EPS=2.500000000e-02 CHI_FACTOR=1.100000000e+00 CHI=1.919765133e-01 MX_EV=2.391842187e-06 F_GEV=4.060404921e+01 MC_GEV=2.115052957e+02 E_INV_J=9.649360270e+11 E_ON_J=9.276478006e+11 A_SURFACE_MIN=9.806650000e+00 A_CM=1.182177971e+01 LEAK=1.234460701e-04 PAYLOAD_X=3.007749721e-14 BACK=6.086036390e-03 E_OVER_QMX=5.064945117e-01 ALPHA_EFF=1.721913756e+15 HESS=1.580257151e-03 DEC=True CONS=True PREFILTER=False PASS83=False PASS1TJ=False

=== OMEGA=0.550000 UNCOUPLED Q-BALL ===
QBALL_SEED OMEGA=5.500000000e-01 SUCCESS=True Y0=6.712393329e+00
SCALARIZATION_THRESHOLD OMEGA=5.500000000e-01 EPS=1.000000000e-02 CHI_CRIT=2.686203496e-01
QBALL_CASE OMEGA=5.500000000e-01 EPS=1.000000000e-02 CHI_FACTOR=5.000000000e+00 CHI=1.343101748e+00 MX_EV=5.979605467e-06 F_GEV=3.047598302e+02 MC_GEV=2.269074779e+02 E_INV_J=7.504220000e+11 E_ON_J=4.494570978e+11 A_SURFACE_MIN=9.806650000e+00 A_CM=1.182177971e+01 LEAK=1.217997442e-16 PAYLOAD_X=1.734119121e-38 BACK=6.086036390e-03 E_OVER_QMX=7.807948497e-01 ALPHA_EFF=4.664049982e+15 HESS=1.757833648e-03 DEC=True CONS=True PREFILTER=True PASS83=False PASS1TJ=True
QBALL_CASE OMEGA=5.500000000e-01 EPS=1.000000000e-02 CHI_FACTOR=3.125000000e+00 CHI=8.394385924e-01 MX_EV=5.979605467e-06 F_GEV=2.165898660e+02 MC_GEV=2.580175227e+02 E_INV_J=7.835558116e+11 E_ON_J=5.312866678e+11 A_SURFACE_MIN=9.806650000e+00 A_CM=1.182177971e+01 LEAK=4.622409504e-17 PAYLOAD_X=6.121037794e-39 BACK=6.086036390e-03 E_OVER_QMX=7.679963969e-01 ALPHA_EFF=3.764750713e+15 HESS=1.737914807e-03 DEC=True CONS=True PREFILTER=True PASS83=False PASS1TJ=True
QBALL_CASE OMEGA=5.500000000e-01 EPS=1.000000000e-02 CHI_FACTOR=2.000000000e+00 CHI=5.372406991e-01 MX_EV=5.979605467e-06 F_GEV=1.723778871e+02 MC_GEV=3.208578341e+02 E_INV_J=9.173388541e+11 E_ON_J=7.162418963e+11 A_SURFACE_MIN=9.806650000e+00 A_CM=1.182177971e+01 LEAK=1.455996087e-17 PAYLOAD_X=1.766516787e-39 BACK=6.086036390e-03 E_OVER_QMX=7.440030019e-01 ALPHA_EFF=2.605622438e+15 HESS=1.696217329e-03 DEC=True CONS=True PREFILTER=True PASS83=False PASS1TJ=True
QBALL_CASE OMEGA=5.500000000e-01 EPS=1.000000000e-02 CHI_FACTOR=1.875000000e+00 CHI=5.036631554e-01 MX_EV=5.979605467e-06 F_GEV=1.690791660e+02 MC_GEV=3.356988976e+02 E_INV_J=9.584490492e+11 E_ON_J=7.644921746e+11 A_SURFACE_MIN=9.806650000e+00 A_CM=1.182177971e+01 LEAK=1.215222619e-17 PAYLOAD_X=1.454106848e-39 BACK=6.086036390e-03 E_OVER_QMX=7.392211347e-01 ALPHA_EFF=2.410627444e+15 HESS=1.685894937e-03 DEC=True CONS=True PREFILTER=True PASS83=False PASS1TJ=True
QBALL_CASE OMEGA=5.500000000e-01 EPS=1.000000000e-02 CHI_FACTOR=1.600000000e+00 CHI=4.297925593e-01 MX_EV=5.979605467e-06 F_GEV=1.654326840e+02 MC_GEV=3.849128618e+02 E_INV_J=1.115062151e+12 E_ON_J=9.380085269e+11 A_SURFACE_MIN=9.806650000e+00 A_CM=1.182177971e+01 LEAK=7.719228020e-18 PAYLOAD_X=8.918501884e-40 BACK=6.086036390e-03 E_OVER_QMX=7.257070364e-01 ALPHA_EFF=1.898258264e+15 HESS=1.650193133e-03 DEC=True CONS=True PREFILTER=True PASS83=False PASS1TJ=False
QBALL_CASE OMEGA=5.500000000e-01 EPS=1.000000000e-02 CHI_FACTOR=1.250000000e+00 CHI=3.357754370e-01 MX_EV=5.979605467e-06 F_GEV=1.843456573e+02 MC_GEV=5.490147193e+02 E_INV_J=1.827149745e+12 E_ON_J=1.674136067e+12 A_SURFACE_MIN=9.806650000e+00 A_CM=1.182177971e+01 LEAK=3.758022133e-18 PAYLOAD_X=4.102670161e-40 BACK=6.086036390e-03 E_OVER_QMX=6.986949206e-01 ALPHA_EFF=9.960852360e+14 HESS=1.515099888e-03 DEC=True CONS=True PREFILTER=True PASS83=False PASS1TJ=False
QBALL_CASE OMEGA=5.500000000e-01 EPS=1.000000000e-02 CHI_FACTOR=1.100000000e+00 CHI=2.954823845e-01 MX_EV=5.979605467e-06 F_GEV=2.405598679e+02 MC_GEV=8.141259191e+02 E_INV_J=3.534701727e+12 E_ON_J=3.392894652e+12 A_SURFACE_MIN=9.806650000e+00 A_CM=1.182177971e+01 LEAK=2.595871467e-18 PAYLOAD_X=2.750494110e-40 BACK=6.086036390e-03 E_OVER_QMX=6.811349785e-01 ALPHA_EFF=4.715561574e+14 HESS=1.265916042e-03 DEC=True CONS=True PREFILTER=True PASS83=False PASS1TJ=False
SCALARIZATION_THRESHOLD OMEGA=5.500000000e-01 EPS=2.000000000e-02 CHI_CRIT=2.722729983e-01
QBALL_CASE OMEGA=5.500000000e-01 EPS=2.000000000e-02 CHI_FACTOR=5.000000000e+00 CHI=1.361364992e+00 MX_EV=2.989802733e-06 F_GEV=1.479661480e+02 MC_GEV=1.086895497e+02 E_INV_J=3.634055705e+11 E_ON_J=2.182188614e+11 A_SURFACE_MIN=9.806650000e+00 A_CM=1.182177971e+01 LEAK=1.041550483e-06 PAYLOAD_X=2.037917564e-17 BACK=6.086036390e-03 E_OVER_QMX=7.768750592e-01 ALPHA_EFF=9.555789873e+15 HESS=2.058791472e-03 DEC=True CONS=True PREFILTER=True PASS83=False PASS1TJ=True
QBALL_CASE OMEGA=5.500000000e-01 EPS=2.000000000e-02 CHI_FACTOR=3.125000000e+00 CHI=8.508531197e-01 MX_EV=2.989802733e-06 F_GEV=1.053516275e+02 MC_GEV=1.238188180e+02 E_INV_J=3.790773575e+11 E_ON_J=2.580656470e+11 A_SURFACE_MIN=9.806650000e+00 A_CM=1.182177971e+01 LEAK=5.104664832e-07 PAYLOAD_X=8.564813401e-18 BACK=6.086036390e-03 E_OVER_QMX=7.645593227e-01 ALPHA_EFF=7.715572233e+15 HESS=2.038620094e-03 DEC=True CONS=True PREFILTER=True PASS83=False PASS1TJ=True
QBALL_CASE OMEGA=5.500000000e-01 EPS=2.000000000e-02 CHI_FACTOR=2.000000000e+00 CHI=5.445459966e-01 MX_EV=2.989802733e-06 F_GEV=8.412914705e+01 MC_GEV=1.544941062e+02 E_INV_J=4.448676634e+11 E_ON_J=3.487079651e+11 A_SURFACE_MIN=9.806650000e+00 A_CM=1.182177971e+01 LEAK=2.208338904e-07 PAYLOAD_X=3.077408729e-18 BACK=6.086036390e-03 E_OVER_QMX=7.413366352e-01 ALPHA_EFF=5.332907648e+15 HESS=1.995715530e-03 DEC=True CONS=True PREFILTER=True PASS83=False PASS1TJ=True
QBALL_CASE OMEGA=5.500000000e-01 EPS=2.000000000e-02 CHI_FACTOR=1.875000000e+00 CHI=5.105118718e-01 MX_EV=2.989802733e-06 F_GEV=8.258454663e+01 MC_GEV=1.617681217e+02 E_INV_J=4.652140103e+11 E_ON_J=3.724913247e+11 A_SURFACE_MIN=9.806650000e+00 A_CM=1.182177971e+01 LEAK=1.939817143e-07 PAYLOAD_X=2.624864196e-18 BACK=6.086036390e-03 E_OVER_QMX=7.366885027e-01 ALPHA_EFF=4.930622840e+15 HESS=1.984948520e-03 DEC=True CONS=True PREFILTER=True PASS83=False PASS1TJ=True
QBALL_CASE OMEGA=5.500000000e-01 EPS=2.000000000e-02 CHI_FACTOR=1.600000000e+00 CHI=4.356367973e-01 MX_EV=2.989802733e-06 F_GEV=8.101879599e+01 MC_GEV=1.859778524e+02 E_INV_J=5.430795582e+11 E_ON_J=4.584688565e+11 A_SURFACE_MIN=9.806650000e+00 A_CM=1.182177971e+01 LEAK=1.404053650e-07 PAYLOAD_X=1.763670110e-18 BACK=6.086036390e-03 E_OVER_QMX=7.235175323e-01 ALPHA_EFF=3.871700766e+15 HESS=1.947223506e-03 DEC=True CONS=True PREFILTER=True PASS83=False PASS1TJ=True
QBALL_CASE OMEGA=5.500000000e-01 EPS=2.000000000e-02 CHI_FACTOR=1.250000000e+00 CHI=3.403412479e-01 MX_EV=2.989802733e-06 F_GEV=9.117084072e+01 MC_GEV=2.678806677e+02 E_INV_J=9.040516964e+11 E_ON_J=8.309211448e+11 A_SURFACE_MIN=9.806650000e+00 A_CM=1.182177971e+01 LEAK=8.480799287e-08 PAYLOAD_X=9.446657020e-19 BACK=6.086036390e-03 E_OVER_QMX=6.970413893e-01 ALPHA_EFF=2.001293131e+15 HESS=1.796642866e-03 DEC=True CONS=True PREFILTER=True PASS83=False PASS1TJ=True
QBALL_CASE OMEGA=5.500000000e-01 EPS=2.000000000e-02 CHI_FACTOR=1.100000000e+00 CHI=2.995002981e-01 MX_EV=2.989802733e-06 F_GEV=1.214970623e+02 MC_GEV=4.056659145e+02 E_INV_J=1.819152977e+12 E_ON_J=1.751350648e+12 A_SURFACE_MIN=9.806650000e+00 A_CM=1.182177971e+01 LEAK=6.583242448e-08 PAYLOAD_X=6.883559336e-19 BACK=6.086036390e-03 E_OVER_QMX=6.797260772e-01 ALPHA_EFF=9.109911910e+14 HESS=1.482296989e-03 DEC=True CONS=True PREFILTER=True PASS83=False PASS1TJ=False
SCALARIZATION_THRESHOLD OMEGA=5.500000000e-01 EPS=2.500000000e-02 CHI_CRIT=2.746281352e-01
QBALL_CASE OMEGA=5.500000000e-01 EPS=2.500000000e-02 CHI_FACTOR=5.000000000e+00 CHI=1.373140676e+00 MX_EV=2.391842187e-06 F_GEV=1.168074944e+02 MC_GEV=8.506593417e+01 E_INV_J=2.859335094e+11 E_ON_J=1.718442968e+11 A_SURFACE_MIN=9.806650000e+00 A_CM=1.182177971e+01 LEAK=7.705016640e-05 PAYLOAD_X=2.797738531e-13 BACK=6.086036390e-03 E_OVER_QMX=7.750246892e-01 ALPHA_EFF=1.210555270e+16 HESS=2.284316548e-03 DEC=True CONS=True PREFILTER=True PASS83=False PASS1TJ=True
QBALL_CASE OMEGA=5.500000000e-01 EPS=2.500000000e-02 CHI_FACTOR=3.125000000e+00 CHI=8.582129226e-01 MX_EV=2.391842187e-06 F_GEV=8.321956152e+01 MC_GEV=9.696843211e+01 E_INV_J=2.980706869e+11 E_ON_J=2.032017689e+11 A_SURFACE_MIN=9.806650000e+00 A_CM=1.182177971e+01 LEAK=4.226182532e-05 PAYLOAD_X=1.260733087e-13 BACK=6.086036390e-03 E_OVER_QMX=7.629781734e-01 ALPHA_EFF=9.779696276e+15 HESS=2.264071928e-03 DEC=True CONS=True PREFILTER=True PASS83=False PASS1TJ=True
QBALL_CASE OMEGA=5.500000000e-01 EPS=2.500000000e-02 CHI_FACTOR=2.000000000e+00 CHI=5.492562704e-01 MX_EV=2.391842187e-06 F_GEV=6.652973081e+01 MC_GEV=1.211269391e+02 E_INV_J=3.499534979e+11 E_ON_J=2.746628018e+11 A_SURFACE_MIN=9.806650000e+00 A_CM=1.182177971e+01 LEAK=2.102141318e-05 PAYLOAD_X=4.942850745e-14 BACK=6.086036390e-03 E_OVER_QMX=7.401834140e-01 ALPHA_EFF=6.761327204e+15 HESS=2.220722148e-03 DEC=True CONS=True PREFILTER=True PASS83=False PASS1TJ=True
QBALL_CASE OMEGA=5.500000000e-01 EPS=2.500000000e-02 CHI_FACTOR=1.875000000e+00 CHI=5.149277535e-01 MX_EV=2.391842187e-06 F_GEV=6.532471731e+01 MC_GEV=1.268619080e+02 E_INV_J=3.660354247e+11 E_ON_J=2.934422907e+11 A_SURFACE_MIN=9.806650000e+00 A_CM=1.182177971e+01 LEAK=1.888530185e-05 PAYLOAD_X=4.276029517e-14 BACK=6.086036390e-03 E_OVER_QMX=7.356105071e-01 ALPHA_EFF=6.250850974e+15 HESS=2.209781767e-03 DEC=True CONS=True PREFILTER=True PASS83=False PASS1TJ=True
QBALL_CASE OMEGA=5.500000000e-01 EPS=2.500000000e-02 CHI_FACTOR=1.600000000e+00 CHI=4.394050164e-01 MX_EV=2.391842187e-06 F_GEV=6.413865084e+01 MC_GEV=1.459670428e+02 E_INV_J=4.276553999e+11 E_ON_J=3.614207289e+11 A_SURFACE_MIN=9.806650000e+00 A_CM=1.182177971e+01 LEAK=1.447741257e-05 PAYLOAD_X=2.979207596e-14 BACK=6.086036390e-03 E_OVER_QMX=7.226353499e-01 ALPHA_EFF=4.906064522e+15 HESS=2.171239802e-03 DEC=True CONS=True PREFILTER=True PASS83=False PASS1TJ=True
QBALL_CASE OMEGA=5.500000000e-01 EPS=2.500000000e-02 CHI_FACTOR=1.250000000e+00 CHI=3.432851690e-01 MX_EV=2.391842187e-06 F_GEV=7.237426482e+01 MC_GEV=2.108284055e+02 E_INV_J=7.146763318e+11 E_ON_J=6.574207933e+11 A_SURFACE_MIN=9.806650000e+00 A_CM=1.182177971e+01 LEAK=9.613895145e-06 PAYLOAD_X=1.695202453e-14 BACK=6.086036390e-03 E_OVER_QMX=6.964798745e-01 ALPHA_EFF=2.527438336e+15 HESS=2.013758686e-03 DEC=True CONS=True PREFILTER=True PASS83=False PASS1TJ=True
QBALL_CASE OMEGA=5.500000000e-01 EPS=2.500000000e-02 CHI_FACTOR=1.100000000e+00 CHI=3.020909487e-01 MX_EV=2.391842187e-06 F_GEV=9.698118100e+01 MC_GEV=3.210330578e+02 E_INV_J=1.452414323e+12 E_ON_J=1.399317897e+12 A_SURFACE_MIN=9.806650000e+00 A_CM=1.182177971e+01 LEAK=7.854425575e-06 PAYLOAD_X=1.276820982e-14 BACK=6.086036390e-03 E_OVER_QMX=6.793247218e-01 ALPHA_EFF=1.139364448e+15 HESS=1.665653374e-03 DEC=True CONS=True PREFILTER=True PASS83=False PASS1TJ=False

=== OMEGA=0.700000 UNCOUPLED Q-BALL ===
QBALL_SEED OMEGA=7.000000000e-01 SUCCESS=True Y0=4.086644806e+00
SCALARIZATION_THRESHOLD OMEGA=7.000000000e-01 EPS=1.000000000e-02 CHI_CRIT=4.014282647e-01
QBALL_CASE OMEGA=7.000000000e-01 EPS=1.000000000e-02 CHI_FACTOR=5.000000000e+00 CHI=2.007141323e+00 MX_EV=5.979605467e-06 F_GEV=6.561418310e+02 MC_GEV=3.269036531e+02 E_INV_J=9.020935010e+11 E_ON_J=6.249855835e+11 A_SURFACE_MIN=9.806650000e+00 A_CM=1.182177971e+01 LEAK=3.319803665e-15 PAYLOAD_X=6.281640047e-34 BACK=6.086036390e-03 E_OVER_QMX=9.319184739e-01 ALPHA_EFF=3.206700965e+15 HESS=1.708033646e-03 DEC=True CONS=True PREFILTER=True PASS83=False PASS1TJ=True
QBALL_CASE OMEGA=7.000000000e-01 EPS=1.000000000e-02 CHI_FACTOR=3.125000000e+00 CHI=1.254463327e+00 MX_EV=5.979605467e-06 F_GEV=4.568912498e+02 MC_GEV=3.642125202e+02 E_INV_J=9.851352512e+11 E_ON_J=7.261697252e+11 A_SURFACE_MIN=9.806650000e+00 A_CM=1.182177971e+01 LEAK=1.730413429e-15 PAYLOAD_X=3.163593393e-34 BACK=6.086036390e-03 E_OVER_QMX=9.235318278e-01 ALPHA_EFF=2.671473141e+15 HESS=1.693420341e-03 DEC=True CONS=True PREFILTER=True PASS83=False PASS1TJ=True
QBALL_CASE OMEGA=7.000000000e-01 EPS=1.000000000e-02 CHI_FACTOR=2.000000000e+00 CHI=8.028565294e-01 MX_EV=5.979605467e-06 F_GEV=3.581058585e+02 MC_GEV=4.460396663e+02 E_INV_J=1.202742801e+12 E_ON_J=9.745564506e+11 A_SURFACE_MIN=9.806650000e+00 A_CM=1.182177971e+01 LEAK=7.049972720e-16 PAYLOAD_X=1.229114140e-34 BACK=6.086036390e-03 E_OVER_QMX=9.030599305e-01 ALPHA_EFF=1.880090535e+15 HESS=1.659251245e-03 DEC=True CONS=True PREFILTER=True PASS83=False PASS1TJ=False
QBALL_CASE OMEGA=7.000000000e-01 EPS=1.000000000e-02 CHI_FACTOR=1.875000000e+00 CHI=7.526779963e-01 MX_EV=5.979605467e-06 F_GEV=3.505872206e+02 MC_GEV=4.657864616e+02 E_INV_J=1.263380484e+12 E_ON_J=1.040516805e+12 A_SURFACE_MIN=9.806650000e+00 A_CM=1.182177971e+01 LEAK=6.082461948e-16 PAYLOAD_X=1.052104128e-34 BACK=6.086036390e-03 E_OVER_QMX=8.985260738e-01 ALPHA_EFF=1.741617361e+15 HESS=1.650474670e-03 DEC=True CONS=True PREFILTER=True PASS83=False PASS1TJ=False
QBALL_CASE OMEGA=7.000000000e-01 EPS=1.000000000e-02 CHI_FACTOR=1.600000000e+00 CHI=6.422852235e-01 MX_EV=5.979605467e-06 F_GEV=3.415386488e+02 MC_GEV=5.317554201e+02 E_INV_J=1.488236822e+12 E_ON_J=1.278985554e+12 A_SURFACE_MIN=9.806650000e+00 A_CM=1.182177971e+01 LEAK=4.174408746e-16 PAYLOAD_X=7.075627803e-35 BACK=6.086036390e-03 E_OVER_QMX=8.851975472e-01 ALPHA_EFF=1.374112072e+15 HESS=1.619592009e-03 DEC=True CONS=True PREFILTER=True PASS83=False PASS1TJ=False
QBALL_CASE OMEGA=7.000000000e-01 EPS=1.000000000e-02 CHI_FACTOR=1.250000000e+00 CHI=5.017853309e-01 MX_EV=5.979605467e-06 F_GEV=3.786634749e+02 MC_GEV=7.546324127e+02 E_INV_J=2.488178551e+12 E_ON_J=2.300718142e+12 A_SURFACE_MIN=9.806650000e+00 A_CM=1.182177971e+01 LEAK=2.264786056e-16 PAYLOAD_X=3.711697146e-35 BACK=6.086036390e-03 E_OVER_QMX=8.570381075e-01 ALPHA_EFF=7.195800067e+14 HESS=1.498523924e-03 DEC=True CONS=True PREFILTER=True PASS83=False PASS1TJ=False
QBALL_CASE OMEGA=7.000000000e-01 EPS=1.000000000e-02 CHI_FACTOR=1.100000000e+00 CHI=4.415710912e-01 MX_EV=5.979605467e-06 F_GEV=4.951427060e+02 MC_GEV=1.121320476e+03 E_INV_J=4.907365008e+12 E_ON_J=4.731029720e+12 A_SURFACE_MIN=9.806650000e+00 A_CM=1.182177971e+01 LEAK=1.643581961e-16 PAYLOAD_X=2.645114188e-35 BACK=6.086036390e-03 E_OVER_QMX=8.380822194e-01 ALPHA_EFF=3.368465322e+14 HESS=1.264531225e-03 DEC=True CONS=True PREFILTER=True PASS83=False PASS1TJ=False
SCALARIZATION_THRESHOLD OMEGA=7.000000000e-01 EPS=2.000000000e-02 CHI_CRIT=4.058333037e-01
QBALL_CASE OMEGA=7.000000000e-01 EPS=2.000000000e-02 CHI_FACTOR=5.000000000e+00 CHI=2.029166518e+00 MX_EV=2.989802733e-06 F_GEV=3.208277616e+02 MC_GEV=1.581081487e+02 E_INV_J=4.410985982e+11 E_ON_J=3.055103331e+11 A_SURFACE_MIN=9.806650000e+00 A_CM=1.182177971e+01 LEAK=1.369073227e-06 PAYLOAD_X=7.624703645e-16 BACK=6.086036390e-03 E_OVER_QMX=9.298936952e-01 ALPHA_EFF=6.542814328e+15 HESS=2.008554761e-03 DEC=True CONS=True PREFILTER=True PASS83=False PASS1TJ=True
QBALL_CASE OMEGA=7.000000000e-01 EPS=2.000000000e-02 CHI_FACTOR=3.125000000e+00 CHI=1.268229074e+00 MX_EV=2.989802733e-06 F_GEV=2.237606153e+02 MC_GEV=1.764354878e+02 E_INV_J=4.813940651e+11 E_ON_J=3.553425733e+11 A_SURFACE_MIN=9.806650000e+00 A_CM=1.182177971e+01 LEAK=8.163123991e-07 PAYLOAD_X=4.234926650e-16 BACK=6.086036390e-03 E_OVER_QMX=9.215482664e-01 ALPHA_EFF=5.444814305e+15 HESS=1.993629693e-03 DEC=True CONS=True PREFILTER=True PASS83=False PASS1TJ=True
QBALL_CASE OMEGA=7.000000000e-01 EPS=2.000000000e-02 CHI_FACTOR=2.000000000e+00 CHI=8.116666073e-01 MX_EV=2.989802733e-06 F_GEV=1.758208069e+02 MC_GEV=2.166170264e+02 E_INV_J=5.883484361e+11 E_ON_J=4.777882625e+11 A_SURFACE_MIN=9.806650000e+00 A_CM=1.182177971e+01 LEAK=4.036016931e-07 PAYLOAD_X=1.899285945e-16 BACK=6.086036390e-03 E_OVER_QMX=9.012941538e-01 ALPHA_EFF=3.825717169e+15 HESS=1.958375849e-03 DEC=True CONS=True PREFILTER=True PASS83=False PASS1TJ=True
QBALL_CASE OMEGA=7.000000000e-01 EPS=2.000000000e-02 CHI_FACTOR=1.875000000e+00 CHI=7.609374444e-01 MX_EV=2.989802733e-06 F_GEV=1.722292637e+02 MC_GEV=2.263382686e+02 E_INV_J=6.183539288e+11 E_ON_J=5.104272304e+11 A_SURFACE_MIN=9.806650000e+00 A_CM=1.182177971e+01 LEAK=3.597886870e-07 PAYLOAD_X=1.665940999e-16 BACK=6.086036390e-03 E_OVER_QMX=8.968139373e-01 ALPHA_EFF=3.542064317e+15 HESS=1.949217230e-03 DEC=True CONS=True PREFILTER=True PASS83=False PASS1TJ=True
QBALL_CASE OMEGA=7.000000000e-01 EPS=2.000000000e-02 CHI_FACTOR=1.600000000e+00 CHI=6.493332858e-01 MX_EV=2.989802733e-06 F_GEV=1.681159414e+02 MC_GEV=2.589054728e+02 E_INV_J=7.301360720e+11 E_ON_J=6.289050746e+11 A_SURFACE_MIN=9.806650000e+00 A_CM=1.182177971e+01 LEAK=2.687669132e-07 PAYLOAD_X=1.193792926e-16 BACK=6.086036390e-03 E_OVER_QMX=8.836382630e-01 ALPHA_EFF=2.788394944e+15 HESS=1.916616495e-03 DEC=True CONS=True PREFILTER=True PASS83=False PASS1TJ=True
QBALL_CASE OMEGA=7.000000000e-01 EPS=2.000000000e-02 CHI_FACTOR=1.250000000e+00 CHI=5.072916296e-01 MX_EV=2.989802733e-06 F_GEV=1.878050586e+02 MC_GEV=3.702112310e+02 E_INV_J=1.235671821e+12 E_ON_J=1.145068714e+12 A_SURFACE_MIN=9.806650000e+00 A_CM=1.182177971e+01 LEAK=1.682478070e-07 PAYLOAD_X=6.975209832e-17 BACK=6.086036390e-03 E_OVER_QMX=8.557460868e-01 ALPHA_EFF=1.442871047e+15 HESS=1.782509923e-03 DEC=True CONS=True PREFILTER=True PASS83=False PASS1TJ=False
QBALL_CASE OMEGA=7.000000000e-01 EPS=2.000000000e-02 CHI_FACTOR=1.100000000e+00 CHI=4.464166340e-01 MX_EV=2.989802733e-06 F_GEV=2.497532472e+02 MC_GEV=5.594622336e+02 E_INV_J=2.515885391e+12 E_ON_J=2.430674669e+12 A_SURFACE_MIN=9.806650000e+00 A_CM=1.182177971e+01 LEAK=1.321053492e-07 PAYLOAD_X=5.277114436e-17 BACK=6.086036390e-03 E_OVER_QMX=8.369135744e-01 ALPHA_EFF=6.542897902e+14 HESS=1.492089339e-03 DEC=True CONS=True PREFILTER=True PASS83=False PASS1TJ=False
SCALARIZATION_THRESHOLD OMEGA=7.000000000e-01 EPS=2.500000000e-02 CHI_CRIT=4.086660184e-01
QBALL_CASE OMEGA=7.000000000e-01 EPS=2.500000000e-02 CHI_FACTOR=5.000000000e+00 CHI=2.043330092e+00 MX_EV=2.391842187e-06 F_GEV=2.541180348e+02 MC_GEV=1.243646515e+02 E_INV_J=3.487583697e+11 E_ON_J=2.414902044e+11 A_SURFACE_MIN=9.806650000e+00 A_CM=1.182177971e+01 LEAK=6.176878525e-05 PAYLOAD_X=2.774963834e-12 BACK=6.086036390e-03 E_OVER_QMX=9.289110168e-01 ALPHA_EFF=8.267336304e+15 HESS=2.233831377e-03 DEC=True CONS=True PREFILTER=True PASS83=False PASS1TJ=True
QBALL_CASE OMEGA=7.000000000e-01 EPS=2.500000000e-02 CHI_FACTOR=3.125000000e+00 CHI=1.277081308e+00 MX_EV=2.391842187e-06 F_GEV=1.773318846e+02 MC_GEV=1.388571609e+02 E_INV_J=3.804281709e+11 E_ON_J=2.809323319e+11 A_SURFACE_MIN=9.806650000e+00 A_CM=1.182177971e+01 LEAK=3.904495220e-05 PAYLOAD_X=1.603464375e-12 BACK=6.086036390e-03 E_OVER_QMX=9.206200043e-01 ALPHA_EFF=6.879049251e+15 HESS=2.218792696e-03 DEC=True CONS=True PREFILTER=True PASS83=False PASS1TJ=True
QBALL_CASE OMEGA=7.000000000e-01 EPS=2.500000000e-02 CHI_FACTOR=2.000000000e+00 CHI=8.173320368e-01 MX_EV=2.391842187e-06 F_GEV=1.394483292e+02 MC_GEV=1.706140502e+02 E_INV_J=4.649229831e+11 E_ON_J=3.778237650e+11 A_SURFACE_MIN=9.806650000e+00 A_CM=1.182177971e+01 LEAK=2.098312057e-05 PAYLOAD_X=7.617421517e-13 BACK=6.086036390e-03 E_OVER_QMX=9.005334184e-01 ALPHA_EFF=4.833516914e+15 HESS=2.183111526e-03 DEC=True CONS=True PREFILTER=True PASS83=False PASS1TJ=True
QBALL_CASE OMEGA=7.000000000e-01 EPS=2.500000000e-02 CHI_FACTOR=1.875000000e+00 CHI=7.662487845e-01 MX_EV=2.391842187e-06 F_GEV=1.366234223e+02 MC_GEV=1.783016497e+02 E_INV_J=4.886814425e+11 E_ON_J=4.036744538e+11 A_SURFACE_MIN=9.806650000e+00 A_CM=1.182177971e+01 LEAK=1.897013174e-05 PAYLOAD_X=6.747189914e-13 BACK=6.086036390e-03 E_OVER_QMX=8.960909071e-01 ALPHA_EFF=4.474902901e+15 HESS=2.173796762e-03 DEC=True CONS=True PREFILTER=True PASS83=False PASS1TJ=True
QBALL_CASE OMEGA=7.000000000e-01 EPS=2.500000000e-02 CHI_FACTOR=1.600000000e+00 CHI=6.538656295e-01 MX_EV=2.391842187e-06 F_GEV=1.334366970e+02 MC_GEV=2.040735756e+02 E_INV_J=5.773052596e+11 E_ON_J=4.976047428e+11 A_SURFACE_MIN=9.806650000e+00 A_CM=1.182177971e+01 LEAK=1.469659606e-05 PAYLOAD_X=4.959368453e-13 BACK=6.086036390e-03 E_OVER_QMX=8.830216672e-01 ALPHA_EFF=3.521532322e+15 HESS=2.140474995e-03 DEC=True CONS=True PREFILTER=True PASS83=False PASS1TJ=True
QBALL_CASE OMEGA=7.000000000e-01 EPS=2.500000000e-02 CHI_FACTOR=1.250000000e+00 CHI=5.108325230e-01 MX_EV=2.391842187e-06 F_GEV=1.493666221e+02 MC_GEV=2.923984190e+02 E_INV_J=9.797931004e+11 E_ON_J=9.084850867e+11 A_SURFACE_MIN=9.806650000e+00 A_CM=1.182177971e+01 LEAK=9.782888979e-06 PAYLOAD_X=3.025499783e-13 BACK=6.086036390e-03 E_OVER_QMX=8.553220994e-01 ALPHA_EFF=1.817574421e+15 HESS=2.000434931e-03 DEC=True CONS=True PREFILTER=True PASS83=False PASS1TJ=True
QBALL_CASE OMEGA=7.000000000e-01 EPS=2.500000000e-02 CHI_FACTOR=1.100000000e+00 CHI=4.495326203e-01 MX_EV=2.391842187e-06 F_GEV=1.994907027e+02 MC_GEV=4.437735856e+02 E_INV_J=2.010512018e+12 E_ON_J=1.943450834e+12 A_SURFACE_MIN=9.806650000e+00 A_CM=1.182177971e+01 LEAK=7.945207421e-06 PAYLOAD_X=2.344420585e-13 BACK=6.086036390e-03 E_OVER_QMX=8.365902162e-01 ALPHA_EFF=8.178985216e+14 HESS=1.680617237e-03 DEC=True CONS=True PREFILTER=True PASS83=False PASS1TJ=False

=== 031B2-A BEST CANDIDATES ===
BEST_E_INVENTORY_J=2.734639999868685e+11
BEST_OMEGA=4.000000000000000e-01
BEST_EPSILON=2.000000000000000e-02
BEST_CHI_FACTOR=3.125000000000000e+00
BEST_CHI=5.390644449430598e-01
BEST_MX_EV=2.989802733333333e-06
BEST_F_GEV=4.306502252359814e+01
BEST_MC_GEV=7.988844919673194e+01
BEST_MM_GEV=1.258781646450243e+09
BEST_ALPHA_EFF_TAIL=1.152176758681499e+16
BEST_E_OVER_QMX=5.760865592878646e-01
BEST_SOURCE_LEAK=5.466944873097568e-06
BEST_PAYLOAD_X_OVERLAP=1.465572974925841e-17
BEST_BACKREACTION=6.086036390309703e-03
BEST_SCALAR_HESSIAN=2.104241319269306e-03
BEST_SCALAR_IDENTITY_RELERR=2.453908104874185e-10
BEST_CONSERVATION_REL=8.994727173893154e-07

=== DECISION ===
QBALL_VALID_PREFILTER_CASES=56
QBALL_1TJ_SURVIVORS=40
QBALL_83GJ_SURVIVORS=0
031B2A_CLASSIFICATION=YELLOW_GLOBAL_QBALL_REAL_SOURCE_SURVIVES_BELOW_1TJ_BUT_NOT_83GJ
NEXT=031B2B_QSHELL_PAYLOAD_ADJACENT_MORPHOLOGY_83GJ_RECOVERY_GATE
FULL_NONRADIAL_STABILITY=NOT_YET
RADIATIVE_NATURALNESS=NOT_CLOSED
EFT_UV_COMPLETION=NOT_CLOSED
PRACTICAL_DEVICE=NO
SUMMARY_JSON=/Users/mymac/Desktop/antigravity_research/results/data/031b2a_global_qball_activated_scalar_control_summary.json
SCAN_CSV=/Users/mymac/Desktop/antigravity_research/results/data/031b2a_global_qball_activated_scalar_control_scan.csv
