=== 031B2-C273 FIXED-THEORY Q-BALL CERTIFICATION PREFLIGHT ===
CLAIM_CLASS=MICROSCOPIC_SOURCE_FIXED_THEORY_STABILITY_AND_VARIATIONAL_AUDIT
ENERGY_OPTIMIZATION=DISABLED
PRACTICAL_DEVICE=NO
REFERENCE_E_INVENTORY_J=2.734639999868685e+11
OMEGA0=4.000000000000000e-01
EPSILON=2.000000000000000e-02
CHI=5.390644449430598e-01

=== A — EXACT BEST-CASE RECONSTRUCTION ===
PROVENANCE KEY=E_inventory_J STORED=2.734639999868685e+11 REBUILT=2.734639999868685e+11 RELERR=0.000000000e+00 PASS=True
PROVENANCE KEY=E_on_J STORED=1.749409600456971e+11 REBUILT=1.749409600456971e+11 RELERR=0.000000000e+00 PASS=True
PROVENANCE KEY=E_over_QmX STORED=5.760865592878646e-01 REBUILT=5.760865592878646e-01 RELERR=0.000000000e+00 PASS=True
PROVENANCE KEY=source_leak_fraction STORED=5.466944873097568e-06 REBUILT=5.466944873097568e-06 RELERR=0.000000000e+00 PASS=True
PROVENANCE KEY=payload_x_overlap_fraction STORED=1.465572974925841e-17 REBUILT=1.465572974925841e-17 RELERR=0.000000000e+00 PASS=True
PROVENANCE KEY=payload_backreaction_ratio STORED=6.086036390309703e-03 REBUILT=6.086036390309703e-03 RELERR=0.000000000e+00 PASS=True
PROVENANCE KEY=scalar_fixed_x_hessian STORED=2.104241319269306e-03 REBUILT=2.104241319269306e-03 RELERR=0.000000000e+00 PASS=True
PROVENANCE KEY=conservation_rel STORED=8.994727173893154e-07 REBUILT=8.994727173893154e-07 RELERR=0.000000000e+00 PASS=True
C273_PROVENANCE_PASS=True

=== B — FIXED-THEORY OMEGA CONTINUATION ===
CONTINUATION OMEGA=3.400000000e-01 I_E=2.393853435625431e+03 I_Q=4.782107086208038e+03 I_E_OVER_I_Q=5.005854934803713e-01
CONTINUATION OMEGA=3.600000000e-01 I_E=2.150305576900952e+03 I_Q=4.085545947936548e+03 I_E_OVER_I_Q=5.263202529852805e-01
CONTINUATION OMEGA=3.750000000e-01 I_E=1.990646057518181e+03 I_Q=3.650872515252091e+03 I_E_OVER_I_Q=5.452521415639537e-01
CONTINUATION OMEGA=3.850000000e-01 I_E=1.893567685824253e+03 I_Q=3.395347994657473e+03 I_E_OVER_I_Q=5.576947307915868e-01
CONTINUATION OMEGA=4.000000000e-01 I_E=1.760249740629861e+03 I_Q=3.055529958579833e+03 I_E_OVER_I_Q=5.760865592847926e-01
CONTINUATION OMEGA=4.150000000e-01 I_E=1.639930661475843e+03 I_Q=2.760143917884663e+03 I_E_OVER_I_Q=5.941467946108636e-01
CONTINUATION OMEGA=4.250000000e-01 I_E=1.566098484880580e+03 I_Q=2.584322028495416e+03 I_E_OVER_I_Q=6.059997429160784e-01
CONTINUATION OMEGA=4.400000000e-01 I_E=1.463846915837181e+03 I_Q=2.347813781258944e+03 I_E_OVER_I_Q=6.234936209686260e-01
CONTINUATION OMEGA=4.600000000e-01 I_E=1.341464875286651e+03 I_Q=2.075686619136292e+03 I_E_OVER_I_Q=6.462752435359649e-01
DQ_DOMEGA=-2.108195994555218e+04
OMEGA_OVER_Q_DQ_DOMEGA=-2.760322594370609e+00
QBALL_SLOPE_STABILITY_PASS=True
DE_DQ_DIMENSIONLESS=4.000398398797452e-01
DE_DQ_VS_OMEGA_RELERR=9.958978025084509e-05
STATIONARY_VARIATIONAL_IDENTITY_PASS=True

=== C — SCALAR ANGULAR-MODE HESSIAN ===
SCALAR_MODE L=0 EIG=2.104247522661335e-03 POSITIVE=True
SCALAR_MODE L=1 EIG=3.561194788956803e-03 POSITIVE=True
SCALAR_MODE L=2 EIG=5.590389730904921e-03 POSITIVE=True
SCALAR_MODE L=3 EIG=8.029873602261210e-03 POSITIVE=True
SCALAR_MODE L=4 EIG=1.086160523596616e-02 POSITIVE=True
SCALAR_MODE L=5 EIG=1.407674469945797e-02 POSITIVE=True
SCALAR_MODE L=6 EIG=1.766869308845008e-02 POSITIVE=True
SCALAR_MODE L=7 EIG=2.163223521040700e-02 POSITIVE=True
SCALAR_MODE L=8 EIG=2.596312149330625e-02 POSITIVE=True
SCALAR_L0_REPRO_RELERR=2.948033424023764e-06
SCALAR_L0_REPRO_PASS=True
SCALAR_L0_TO_L8_ALL_POSITIVE=True

=== D — LENGTH SCALE / EFT / RADIATIVE DIAGNOSTICS ===
SOURCE_R50_M=3.420652910945660e-01
SOURCE_R90_M=4.998961414623847e-01
GRADIENT_SCALE_R90_GEV=3.947359541978943e-16
GRADIENT_OVER_F=9.166045460247762e-18
GRADIENT_OVER_MC=4.941089208351314e-18
MAX_Y_EQUALS_SIGMA_OVER_F=4.620738603951269e+00
MAX_U_EQUALS_PHI_OVER_MC=2.177564135543837e+00
X_PHI_CROSS_QUARTIC_ESTIMATE=1.400609564870641e-33
ONE_LOOP_DMPHI2_OVER_MPHI2_CUTOFF_F=4.600464213035212e+00
ONE_LOOP_DMPHI2_OVER_MPHI2_CUTOFF_MC=1.583143494411527e+01
COMPACTNESS_2GM_RC2=9.040101049405300e-33
SMALL_FIELD_POLYNOMIAL_EXPANSION_SAFE=False
EXACT_NONPOLYNOMIAL_MODEL_REQUIRED=True
GRADIENT_EFT_SCALE_PASS=True
RADIATIVE_NATURALNESS_CLOSED=NO

=== E — DECISION ===
C273_CURRENT_PHYSICS_CHAIN_PASS=True
C273_FULL_COUPLED_NONRADIAL_STABILITY=NOT_YET
C273_FRAGMENTATION_STABILITY=NOT_YET
C273_ACTIVATION_OFFSTATE=NOT_YET
C273_FULL_METRIC_BACKREACTION=NOT_YET
031B2C273_CLASSIFICATION=GREEN_273GJ_QBALL_FIXED_THEORY_RADIAL_AND_SCALAR_MODE_CERTIFICATION_PREFLIGHT_RADIATIVE_AND_FULL_COUPLED_NONRADIAL_STABILITY_OPEN
NEXT=031B2D273_AXISYMMETRIC_COUPLED_DYNAMIC_STABILITY_PLUS_031D_ACTIVATION_GATE
SUMMARY_JSON=/Users/mymac/Desktop/antigravity_research/results/data/031b2c273_qball_fixed_theory_certification_summary.json
CONTINUATION_CSV=/Users/mymac/Desktop/antigravity_research/results/data/031b2c273_qball_fixed_theory_continuation.csv
