=== 031B2-D96 COMBINED COUPLED-LINEAR + GOLDSTONE GATE ===
CLAIM_CLASS=96GJ_OPERATING_CANDIDATE_INTRINSIC_SPHERICAL_SOURCE_COUPLED_LINEAR_STABILITY_CERTIFICATION
RIGID_TRANSLATION_CHANGES_INTRINSIC_SOURCE_SPECTRUM=NO
ALPHA_M_CHANGES_INTRINSIC_SOURCE_SPECTRUM=NO
OPERATING_MARGIN_CERTIFIED_BY_THIS_RUN=NO
NONLINEAR_FRAGMENTATION_PROOF=NO
FULL_METRIC_BACKREACTION_CLOSED=NO
PRACTICAL_DEVICE=NO
OMEGA=3.400000000000000e-01
EPSILON=1.000000000000000e-02
CHI=4.260182686257655e-01
SHORT_X_MATCH=8.000000000000000e+01
LONG_X_MATCH=5.000000000000000e+02
M_X_GEV_DERIVED=5.979605466666666e-15
OPERATING_ENERGY_J=9.614131917105128e+10
CENTERED_REFERENCE_ENERGY_J=4.886231257612342e+11
OPERATING_SHIFT_M=5.569440007415939e-01
OPERATING_ALPHA_M=3.262020373729278e+01
OPERATING_SOURCE_LEAK=1.000000002576691e-04
OPERATING_BACKREACTION=9.999999999998767e-03
E_OVER_QMX=4.993363938773275e-01
SCALAR_HESSIAN_STORED=1.844009791696659e-03

=== STAGE A: SHORT/LONG BACKGROUND RECONSTRUCTION ===
BACKGROUND Y_REL_L2=3.019862156360763e-06 U_REL_L2=6.173829263478836e-07 Y_CENTER_REL=3.009704684220199e-06 U_CENTER_REL=1.306410927645858e-07 PASS=True

=== STAGE B: COMPLETE DENSE l=0..8 BROAD SPECTRUM ===
BROAD H=0.500000000 N=120 L=0 MAX_RE_S=5.197071382047660e-15 TRANSLATION_SECTOR=False
BROAD H=0.500000000 N=120 L=1 MAX_RE_S=8.447147094334769e-03 TRANSLATION_SECTOR=True
BROAD H=0.500000000 N=120 L=2 MAX_RE_S=1.869932543974547e-15 TRANSLATION_SECTOR=False
BROAD H=0.500000000 N=120 L=3 MAX_RE_S=2.067543987371136e-15 TRANSLATION_SECTOR=False
BROAD H=0.500000000 N=120 L=4 MAX_RE_S=1.748501972993421e-15 TRANSLATION_SECTOR=False
BROAD H=0.500000000 N=120 L=5 MAX_RE_S=1.209413996673051e-15 TRANSLATION_SECTOR=False
BROAD H=0.500000000 N=120 L=6 MAX_RE_S=2.921178598587369e-15 TRANSLATION_SECTOR=False
BROAD H=0.500000000 N=120 L=7 MAX_RE_S=2.226365878382116e-15 TRANSLATION_SECTOR=False
BROAD H=0.500000000 N=120 L=8 MAX_RE_S=1.851323925633723e-15 TRANSLATION_SECTOR=False
BROAD H=0.375000000 N=160 L=0 MAX_RE_S=2.578025812692776e-15 TRANSLATION_SECTOR=False
BROAD H=0.375000000 N=160 L=1 MAX_RE_S=6.342699670257854e-03 TRANSLATION_SECTOR=True
BROAD H=0.375000000 N=160 L=2 MAX_RE_S=5.538917537378312e-15 TRANSLATION_SECTOR=False
BROAD H=0.375000000 N=160 L=3 MAX_RE_S=3.544747602616934e-15 TRANSLATION_SECTOR=False
BROAD H=0.375000000 N=160 L=4 MAX_RE_S=5.288104802766304e-15 TRANSLATION_SECTOR=False
BROAD H=0.375000000 N=160 L=5 MAX_RE_S=7.494088154590365e-15 TRANSLATION_SECTOR=False
BROAD H=0.375000000 N=160 L=6 MAX_RE_S=2.117577393622656e-15 TRANSLATION_SECTOR=False
BROAD H=0.375000000 N=160 L=7 MAX_RE_S=3.552713678800230e-15 TRANSLATION_SECTOR=False
BROAD H=0.375000000 N=160 L=8 MAX_RE_S=7.616645914501832e-15 TRANSLATION_SECTOR=False
NONTRANSLATION_BROAD_MAX_RE=7.616645914501832e-15
NONTRANSLATION_GRID_DIFF=6.284674157917314e-15
BROAD_L0_L2_TO_L8_PASS=True

=== STAGE C: l=1 GOLDSTONE h->0 + DOMAIN AUDIT ===
L1 EPS_R=3.000 RMAX=300.000000 H=0.500000000 N=600 GROWTH=8.417438241901009e-03 OVERLAP=0.998911008 RELRES=1.199420770218332e-05 LOWOV_MAXRE=3.933899314887335e-16 KPROJ0=2.465164643889236e-04 KPROJ_RES=2.134749874919931e-13
L1 EPS_R=3.000 RMAX=300.000000 H=0.375000000 N=800 GROWTH=6.318559090450268e-03 OVERLAP=0.999461174 RELRES=5.046625647911522e-06 LOWOV_MAXRE=4.322331127205686e-16 KPROJ0=2.473651578232266e-04 KPROJ_RES=4.396044581190450e-13
L1 EPS_R=3.000 RMAX=300.000000 H=0.250000000 N=1200 GROWTH=4.220777428678643e-03 OVERLAP=0.999790710 RELRES=1.500175423484926e-06 LOWOV_MAXRE=4.692437044832965e-16 KPROJ0=2.479594192166721e-04 KPROJ_RES=7.620404813738644e-13
L1 EPS_R=3.000 RMAX=300.000000 H=0.187500000 N=1600 GROWTH=3.172008211007407e-03 OVERLAP=0.999889041 RELRES=6.354471441198652e-07 LOWOV_MAXRE=4.866993558823064e-16 KPROJ0=2.481654313129212e-04 KPROJ_RES=1.391665096991515e-12
L1 EPS_R=5.000 RMAX=500.000000 H=0.500000000 N=1000 GROWTH=8.417411614871119e-03 OVERLAP=0.998892574 RELRES=9.336630780617336e-06 LOWOV_MAXRE=2.334568726918302e-16 KPROJ0=1.589571321169884e-04 KPROJ_RES=1.851983499372228e-13
L1 EPS_R=5.000 RMAX=500.000000 H=0.250000000 N=2000 GROWTH=4.220739404925234e-03 OVERLAP=0.999788067 RELRES=1.165447756818350e-06 LOWOV_MAXRE=5.062847090437775e-17 KPROJ0=1.593037743340291e-04 KPROJ_RES=3.377854955415740e-12

=== STAGE D: CONTINUUM LEDGER ===
L1_GROWTH_POWER=9.950257922358313e-01
L1_RESIDUAL_POWER=2.994789309050458e+00
L1_S_OVER_H_CV=1.889495851979427e-03
L1_LINEAR_INTERCEPT=2.454203671338951e-05
L1_LINEAR_INTERCEPT_RATIO=7.737065947126010e-03
L1_QUADRATIC_INTERCEPT=2.746335348326857e-05
L1_QUADRATIC_INTERCEPT_RATIO=8.658033541012307e-03
L1_MIN_TRANSLATION_OVERLAP=9.988925738646325e-01
L1_MAX_LOW_OVERLAP_REAL=4.866993558823064e-16
L1_MIN_PROJECTED_K=1.589571321169884e-04
L1_MAX_PROJECTED_EIG_RESIDUAL=3.377854955415740e-12
L1_DOMAIN_SPREADS={"0.250000": 9.008708478810623e-06, "0.500000": 3.1633175230751593e-06}
L1_TRANSLATION_GOLDSTONE_PASS=True

=== FINAL D96 DECISION ===
BACKGROUND_RECONSTRUCTION_PASS=True
BROAD_L0_L2_TO_L8_PASS=True
L1_TRANSLATION_GOLDSTONE_PASS=True
DISTINCT_L1_INSTABILITY=False
NEGATIVE_TRANSLATION_PROJECTED_STIFFNESS=False
REPRODUCIBLE_NONTRANSLATION_INSTABILITY=False
TRUE_PHYSICAL_INSTABILITY_ESTABLISHED=False
031B2D96_CLASSIFICATION=GREEN_96GJ_INTRINSIC_QBALL_COUPLED_LINEAR_L0_TO_L8_WITH_L1_TRANSLATIONAL_GOLDSTONE_REMOVED
NEXT=031C96_OPERATING_MARGIN_ROBUSTNESS_FIXED_THEORY_AND_THRESHOLD_SENSITIVITY_GATE
NONLINEAR_FRAGMENTATION_CLOSED=NO
OPERATING_MARGIN_ROBUSTNESS_CLOSED=NO
ACTIVATION_OFFSTATE_CLOSED=NO
FULL_METRIC_BACKREACTION_CLOSED=NO
RADIATIVE_NATURALNESS_CLOSED=NO
EMPIRICAL_FIFTH_FORCE_CLOSURE=NO
PRACTICAL_DEVICE=NO
SUMMARY_JSON=/Users/mymac/Desktop/antigravity_research/results/data/031b2d96_combined_coupled_linear_goldstone_summary.json
BROAD_CSV=/Users/mymac/Desktop/antigravity_research/results/data/031b2d96_broad_spectrum_scan.csv
L1_CSV=/Users/mymac/Desktop/antigravity_research/results/data/031b2d96_l1_continuum_scan.csv
