=== 031B2-D273-TZ TRANSLATIONAL ZERO-MODE AUDIT ===
CLAIM_CLASS=D273_L1_TRANSLATIONAL_GOLDSTONE_NUMERICAL_DIAGNOSTIC_AND_COUPLED_LINEAR_STABILITY_GATE
NONLINEAR_FRAGMENTATION_PROOF=NO
OMEGA=4.000000000000000e-01
EPSILON=2.000000000000000e-02
CHI=5.390644449430598e-01
UPSTREAM_X_MATCH=80.000000000

=== STAGE A: LEGACY D273-R REPRODUCTION + OVERLAP ===
Traceback (most recent call last):
  File "/Users/mymac/Desktop/antigravity_research/simulations/031b2d273tz_translation_zero_mode_domain_projection_gate.py", line 1252, in <module>
    main()
    ~~~~^^
  File "/Users/mymac/Desktop/antigravity_research/simulations/031b2d273tz_translation_zero_mode_domain_projection_gate.py", line 839, in main
    result = dense_legacy_spectrum(bundle, n)
  File "/Users/mymac/Desktop/antigravity_research/simulations/031b2d273tz_translation_zero_mode_domain_projection_gate.py", line 501, in dense_legacy_spectrum
    Ap = np.block(
        (
    ...<2 lines>...
        )
    )
  File "/Users/mymac/Desktop/antigravity_research/.venv/lib/python3.13/site-packages/numpy/_core/shape_base.py", line 928, in block
    arrays, list_ndim, result_ndim, final_size = _block_setup(arrays)
                                                 ~~~~~~~~~~~~^^^^^^^^
  File "/Users/mymac/Desktop/antigravity_research/.venv/lib/python3.13/site-packages/numpy/_core/shape_base.py", line 959, in _block_setup
    bottom_index, arr_ndim, final_size = _block_check_depths_match(arrays)
                                         ~~~~~~~~~~~~~~~~~~~~~~~~~^^^^^^^^
  File "/Users/mymac/Desktop/antigravity_research/.venv/lib/python3.13/site-packages/numpy/_core/shape_base.py", line 594, in _block_check_depths_match
    raise TypeError(
    ...<3 lines>...
    )
TypeError: arrays is a tuple. Only lists can be used to arrange blocks, and np.block does not allow implicit conversion from tuple to ndarray.
