=== 031B1-A B7 FIXED-FIELD Z2 SCALAR-CHARGE TOMOGRAPHY ===
CLAIM_CLASS=FIXED_MICROSCOPIC_FIELD_SCALAR_CHARGE_TOMOGRAPHY_AND_ENERGY_FLOOR_GATE
B7_REEQUILIBRATED=NO
SCALAR_CHARGE_SPATIAL_FUNCTION_PRESCRIBED=NO
SCALAR_CHARGE_MAP_FROM_EXISTING_B7_INVARIANT=YES
FULL_COUPLED_FIELD_SOLUTION=NO
PRACTICAL_DEVICE=NO
TARGET_E_J=8.275078201430060e+10
R4S_ALPHA_M_ON=2.700790350718200e+01
R4S_ALPHA_X_MAG=1.930268511132369e+17
MEDIATOR_RANGE_M=3.300000000000000e+00
SOURCE_RADIUS_M=9.500000000000000e-01
PAYLOAD_CENTER_M=2.050000000000000e+00
PAYLOAD_RADIUS_M=1.000000000000000e-01
FINITE_PAYLOAD_HELMHOLTZ_FACTOR=1.000091830376129e+00

=== A — FFT YUKAWA INDEPENDENT VALIDATION ===
FFT_YUKAWA_PAIRSUM_MAX_RELERR=6.004687590018628e-16
FFT_YUKAWA_VALIDATION=PASS

=== B — RECONSTRUCT N73 B7 ===
N73_S3_NORM_MAXERR=2.220446049250313e-16
N73_CONTINUUM_E_TOTAL=1.782457314172114e+03
N73_SECTOR NAME=e2 E=1.686952937375297e+02 FRACTION=9.464198238928513e-02
N73_SECTOR NAME=e4 E=1.268836451763315e+03 FRACTION=7.118467531732413e-01
N73_SECTOR NAME=V E=3.449255686712688e+02 FRACTION=1.935112644374735e-01
N73_PHYSICAL_SCALE_M_PER_DIMLESS=1.785163729993687e-01
N73_PHYSICAL_DX_M=1.589805089072879e-02

=== C — N73 DENSE ORIENTATION TOMOGRAPHY ===
N73_SCALAR_SECTOR NAME=e2 ENERGY_FRACTION=9.464198239e-02 K_MIN=1.962487577e-02 K_MEAN=1.962488815e-02 K_MAX=1.962490127e-02 SELF_COEFF=3.991864391e-46 SELF_CELL_FRACTION=2.248271096e-03
N73_83GJ_LEDGER NAME=e2 E_B7_J=6.453138214e+10 E_SCALAR_J=6.193742775e+10 E_TOTAL_J=1.264688099e+11 PASS=False
N73_ASYMPTOTIC NAME=e2 E_FLOOR_J=6.193742775e+10 TARGET_REACHABLE=True ALPHA_X_REQUIRED=5.984758311e+17 F_EFF_GEV=4.068668898e+00
N73_MORPHOLOGY NAME=e2 F50_ENERGY=4.948820110e-01 F90_ENERGY=8.978011898e-01 FRONT_REAR_ASYM=1.680887190e-07 DIPOLE_OVER_R=7.155408418e-11
N73_SCALAR_SECTOR NAME=e4 ENERGY_FRACTION=7.118467532e-01 K_MIN=1.475942214e-01 K_MEAN=1.475943451e-01 K_MAX=1.475945601e-01 SELF_COEFF=2.586906674e-44 SELF_CELL_FRACTION=3.583374199e-03
N73_83GJ_LEDGER NAME=e4 E_B7_J=8.580419649e+09 E_SCALAR_J=7.096321298e+10 E_TOTAL_J=7.954363263e+10 PASS=True
N73_ASYMPTOTIC NAME=e4 E_FLOOR_J=7.096321298e+10 TARGET_REACHABLE=True ALPHA_X_REQUIRED=1.405083085e+17 F_EFF_GEV=1.732993605e+01
N73_MORPHOLOGY NAME=e4 F50_ENERGY=4.951194071e-01 F90_ENERGY=8.986863486e-01 FRONT_REAR_ASYM=3.303173036e-10 DIPOLE_OVER_R=8.717915874e-11
N73_SCALAR_SECTOR NAME=V ENERGY_FRACTION=1.935112644e-01 K_MIN=4.012378320e-02 K_MEAN=4.012379988e-02 K_MAX=4.012382507e-02 SELF_COEFF=1.820554748e-45 SELF_CELL_FRACTION=2.326779275e-03
N73_83GJ_LEDGER NAME=V E_B7_J=3.156283523e+10 E_SCALAR_J=6.757580251e+10 E_TOTAL_J=9.913863773e+10 PASS=False
N73_ASYMPTOTIC NAME=V E_FLOOR_J=6.757580251e+10 TARGET_REACHABLE=True ALPHA_X_REQUIRED=4.014815765e+17 F_EFF_GEV=6.065035465e+00
N73_MORPHOLOGY NAME=V F50_ENERGY=4.934379266e-01 F90_ENERGY=8.983054549e-01 FRONT_REAR_ASYM=1.572653643e-04 DIPOLE_OVER_R=5.483212072e-11

=== B — RECONSTRUCT N81 B7 ===
N81_S3_NORM_MAXERR=2.220446049250313e-16
N81_CONTINUUM_E_TOTAL=1.783891876995030e+03
N81_SECTOR NAME=e2 E=1.693710474488730e+02 FRACTION=9.494468226077628e-02
N81_SECTOR NAME=e4 E=1.266745504393854e+03 FRACTION=7.101021764433895e-01
N81_SECTOR NAME=V E=3.477753251523032e+02 FRACTION=1.949531412958343e-01
N81_PHYSICAL_SCALE_M_PER_DIMLESS=1.777435748478562e-01
N81_PHYSICAL_DX_M=1.424630534364011e-02

=== C — N81 DENSE ORIENTATION TOMOGRAPHY ===
N81_SCALAR_SECTOR NAME=e2 ENERGY_FRACTION=9.494468226e-02 K_MIN=1.968762014e-02 K_MEAN=1.968762816e-02 K_MAX=1.968763798e-02 SELF_COEFF=4.025448997e-46 SELF_CELL_FRACTION=1.808775182e-03
N81_83GJ_LEDGER NAME=e2 E_B7_J=6.432572086e+10 E_SCALAR_J=6.206104784e+10 E_TOTAL_J=1.263867687e+11 PASS=False
N81_ASYMPTOTIC NAME=e2 E_FLOOR_J=6.206104784e+10 TARGET_REACHABLE=True ALPHA_X_REQUIRED=6.001329567e+17 F_EFF_GEV=4.057434228e+00
N81_MORPHOLOGY NAME=e2 F50_ENERGY=4.949414009e-01 F90_ENERGY=8.976303512e-01 FRONT_REAR_ASYM=1.799510905e-07 DIPOLE_OVER_R=1.697489790e-10
N81_SCALAR_SECTOR NAME=e4 ENERGY_FRACTION=7.101021764e-01 K_MIN=1.472323263e-01 K_MEAN=1.472323951e-01 K_MAX=1.472324953e-01 SELF_COEFF=2.581598308e-44 SELF_CELL_FRACTION=2.886605537e-03
N81_83GJ_LEDGER NAME=e4 E_B7_J=8.601510211e+09 E_SCALAR_J=7.116616089e+10 E_TOTAL_J=7.976767110e+10 PASS=True
N81_ASYMPTOTIC NAME=e4 E_FLOOR_J=7.116616089e+10 TARGET_REACHABLE=True ALPHA_X_REQUIRED=1.433212544e+17 F_EFF_GEV=1.698980385e+01
N81_MORPHOLOGY NAME=e4 F50_ENERGY=4.956416721e-01 F90_ENERGY=8.984699901e-01 FRONT_REAR_ASYM=3.202604468e-10 DIPOLE_OVER_R=1.432352369e-10
N81_SCALAR_SECTOR NAME=V ENERGY_FRACTION=1.949531413e-01 K_MIN=4.042271384e-02 K_MEAN=4.042272611e-02 K_MAX=4.042274432e-02 SELF_COEFF=1.850950289e-45 SELF_CELL_FRACTION=1.873266394e-03
N81_83GJ_LEDGER NAME=V E_B7_J=3.132942441e+10 E_SCALAR_J=6.769164047e+10 E_TOTAL_J=9.902106488e+10 PASS=False
N81_ASYMPTOTIC NAME=V E_FLOOR_J=6.769164047e+10 TARGET_REACHABLE=True ALPHA_X_REQUIRED=4.015780132e+17 F_EFF_GEV=6.063578980e+00
N81_MORPHOLOGY NAME=V F50_ENERGY=4.934843218e-01 F90_ENERGY=8.980843258e-01 FRONT_REAR_ASYM=1.137066337e-04 DIPOLE_OVER_R=1.712869294e-10

=== D — N73 -> N81 SCALAR-CHARGE CONTINUUM PREFLIGHT ===
PAIR_GATE NAME=e2 FRACTION_REL=3.188170883e-03 KERNEL_CURVE_REL=1.921159924e-07 SELF_COEFF_REL=8.343070729e-03 FLOOR_REL=1.991911120e-03 PAIR_PASS=True R4S_83GJ_PASS=False ALPHA_REQ_OVER_R4S=3.109064636e+00
PAIR_GATE NAME=e4 FRACTION_REL=2.450775707e-03 KERNEL_CURVE_REL=3.381103148e-07 SELF_COEFF_REL=2.052013057e-03 FLOOR_REL=2.851747352e-03 PAIR_PASS=True R4S_83GJ_PASS=True ALPHA_REQ_OVER_R4S=7.424938736e-01
PAIR_GATE NAME=V FRACTION_REL=7.396017570e-03 KERNEL_CURVE_REL=7.755289370e-08 SELF_COEFF_REL=1.642158684e-02 FLOOR_REL=1.711259553e-03 PAIR_PASS=True R4S_83GJ_PASS=False ALPHA_REQ_OVER_R4S=2.080425655e+00

=== E — PHYSICAL INTERPRETATION ===
ONE_SECTOR_DRESSINGS_TESTED=e2,e4,V
ARBITRARY_SPATIAL_COUPLING_USED=NO
FULL_B7_ENERGY_INCLUDED_IN_GR_ATTRACTION=YES
SCALAR_FIELD_SELF_ENERGY_INCLUDED=YES
FINITE_PAYLOAD_INCLUDED=YES
DENSE_ORIENTATIONS=320
MAX_CELL_SELF_ENERGY_FRACTION=3.583374198713382e-03
CELL_SELF_REGULARIZATION_WARNING=NO

=== F — DECISION ===
STRONG_83GJ_SECTOR_SURVIVORS=e4
WEAK_SUB83GJ_FLOOR_SURVIVORS=e2,V
BEST_B7_SCALAR_SECTOR=e4
031B1A_CLASSIFICATION=GREEN_B7_FIXED_FIELD_ONE_SECTOR_DRESSING_PRESERVES_83GJ_AT_R4S_SCALAR_SENSITIVITY
NEXT=031B1B_MINIMAL_B7_Z2_COUPLED_FIELD_REEQUILIBRATION_AND_CONSERVATION_GATE
FULL_COUPLED_B7_SCALAR_FIELD=NOT_YET
FULL_LOCAL_CONSERVATION=NOT_YET
EFT_NATURALNESS=NOT_YET
PRACTICAL_DEVICE=NO
SUMMARY_JSON=/Users/mymac/Desktop/antigravity_research/results/data/031b1a_b7_fixed_field_z2_charge_tomography_summary.json
SCAN_CSV=/Users/mymac/Desktop/antigravity_research/results/data/031b1a_b7_fixed_field_z2_charge_tomography.csv
