=== 031B2-D273-TZ TRANSLATIONAL ZERO-MODE AUDIT ===
CLAIM_CLASS=D273_L1_TRANSLATIONAL_GOLDSTONE_NUMERICAL_DIAGNOSTIC_AND_COUPLED_LINEAR_STABILITY_GATE
NONLINEAR_FRAGMENTATION_PROOF=NO
OMEGA=4.000000000000000e-01
EPSILON=2.000000000000000e-02
CHI=5.390644449430598e-01
UPSTREAM_X_MATCH=80.000000000

=== STAGE A: LEGACY D273-R REPRODUCTION + OVERLAP ===
LEGACY N=120 GROWTH=1.040478158379858e-02 HIST_RELERR=1.557113e-09 GROW_OV=0.996450708 TRANS_EIG=(1.040478158e-02,0.000000000e+00) TRANS_OV=0.996450708 TRANS_RELRES=3.131787415e-04 PROJECTED_GROWTH=2.846078402e-15 PROJECTED_K0=6.601388344e-03
LEGACY N=160 GROWTH=7.522463633505880e-03 HIST_RELERR=4.660547e-10 GROW_OV=0.996984201 TRANS_EIG=(7.522463634e-03,0.000000000e+00) TRANS_OV=0.996984201 TRANS_RELRES=2.385154018e-04 PROJECTED_GROWTH=1.988404141e-15 PROJECTED_K0=6.624822485e-03

=== STAGE B: LARGE-DOMAIN BACKGROUND RECONSTRUCTION ===
LONG_BACKGROUND_X_MATCH=400.000000000
BACKGROUND_CORE_COMPARISON Y_REL_L2=1.962166715e-06 U_REL_L2=2.646737238e-07 Y_CENTER_REL=1.964319567e-06 U_CENTER_REL=1.804932333e-07

=== STAGE C: FV/ROBIN DOMAIN + GRID CONVERGENCE ===
FV_ROBIN EPS_R=1.200 RMAX=60.000000 H=0.500000000 CELLS=120 RELRES=3.906150715e-05 OUTER_RES_FRAC=0.000000 KPROJ0=3.753783453e-03 KPROJ_RES=1.087464977e-04 TRANS_EIG=(1.062232239e-02,0.000000000e+00) TRANS_OV=0.999033271 TRANS_GROWTH=1.062232239e-02 LOWOV_NEARZERO_MAXRE=8.492924554e-16
FV_ROBIN EPS_R=1.200 RMAX=60.000000 H=0.375000000 CELLS=160 RELRES=1.659427121e-05 OUTER_RES_FRAC=0.000000 KPROJ0=3.767687166e-03 KPROJ_RES=6.110727360e-05 TRANS_EIG=(7.978409779e-03,0.000000000e+00) TRANS_OV=0.999468372 TRANS_GROWTH=7.978409779e-03 LOWOV_NEARZERO_MAXRE=6.809737942e-14
FV_ROBIN EPS_R=3.000 RMAX=150.000000 H=0.500000000 CELLS=300 RELRES=2.551258441e-05 OUTER_RES_FRAC=0.000000 KPROJ0=9.948078999e-04 KPROJ_RES=4.534134269e-05 TRANS_EIG=(1.061048758e-02,0.000000000e+00) TRANS_OV=0.998960245 TRANS_GROWTH=1.061048758e-02 LOWOV_NEARZERO_MAXRE=2.734347306e-16
FV_ROBIN EPS_R=3.000 RMAX=150.000000 H=0.375000000 CELLS=400 RELRES=1.076920337e-05 OUTER_RES_FRAC=0.000000 KPROJ0=9.972227656e-04 KPROJ_RES=2.579363346e-05 TRANS_EIG=(7.968784713e-03,0.000000000e+00) TRANS_OV=0.999445215 TRANS_GROWTH=7.968784713e-03 LOWOV_NEARZERO_MAXRE=6.564082099e-16
FV_ROBIN EPS_R=5.000 RMAX=250.000000 H=0.500000000 CELLS=500 RELRES=1.996356836e-05 OUTER_RES_FRAC=0.000000 KPROJ0=6.373554733e-04 KPROJ_RES=2.609269112e-05 TRANS_EIG=(1.061035419e-02,0.000000000e+00) TRANS_OV=0.998950398 TRANS_GROWTH=1.061035419e-02 LOWOV_NEARZERO_MAXRE=1.679182537e-16
FV_ROBIN EPS_R=5.000 RMAX=250.000000 H=0.374812594 CELLS=667 RELRES=8.398646923e-06 OUTER_RES_FRAC=0.000000 KPROJ0=6.381460105e-04 KPROJ_RES=2.253216052e-04 TRANS_EIG=(7.964673316e-03,0.000000000e+00) TRANS_OV=0.999441986 TRANS_GROWTH=7.964673316e-03 LOWOV_NEARZERO_MAXRE=3.936107212e-16
FV_ROBIN EPS_R=8.000 RMAX=400.000000 H=0.500000000 CELLS=800 RELRES=1.587509958e-05 OUTER_RES_FRAC=0.000000 KPROJ0=5.027621676e-04 KPROJ_RES=2.745367282e-04 TRANS_EIG=(1.061035294e-02,0.000000000e+00) TRANS_OV=0.998950026 TRANS_GROWTH=1.061035294e-02 LOWOV_NEARZERO_MAXRE=1.168495931e-16
FV_ROBIN EPS_R=8.000 RMAX=400.000000 H=0.374882849 CELLS=1067 RELRES=6.675187206e-06 OUTER_RES_FRAC=0.000000 KPROJ0=5.016839955e-04 KPROJ_RES=9.042106376e-05 TRANS_EIG=(7.966164076e-03,0.000000000e+00) TRANS_OV=0.999441593 TRANS_GROWTH=7.966164076e-03 LOWOV_NEARZERO_MAXRE=2.538934755e-16

=== STAGE D: DECISION LEDGER ===
LEGACY_REPRODUCTION_PASS=True
LEGACY_GROWING_MODE_TRANSLATION_OVERLAP_PASS=True
LEGACY_TRANSLATION_PROJECTED_DYNAMIC_PASS=True
LARGE_DOMAIN_BACKGROUND_CORE_MATCH_PASS=True
FINE_DOMAIN_PROJECTED_STIFFNESS_PASS=False
TRANSLATION_GROWTH_DOMAIN_CONVERGENCE_PASS=False
ROBIN_TRANSLATION_OVERLAP_PASS=True
TRANSLATION_RESIDUAL_DOMAIN_CONVERGENCE_PASS=False
FINAL_GRID_RESIDUAL_CONVERGENCE_PASS=True
FINAL_LOW_OVERLAP_NEARZERO_DYNAMIC_PASS=True
DISTINCT_LOW_OVERLAP_DYNAMIC_INSTABILITY=False
NEGATIVE_TRANSLATION_PROJECTED_STIFFNESS=False
TRANSLATION_ARTIFACT_SUPPORTED=False
031B2D273TZ_CLASSIFICATION=YELLOW_D273_L1_TRANSLATION_ARTIFACT_NOT_YET_CERTIFIED_AND_TRUE_INSTABILITY_NOT_ESTABLISHED
NEXT=INSPECT_FAILED_TZ_SUBGATE_AND_REFINE_ONLY_THE_DECISIVE_GRID_DOMAIN_OR_PROJECTED_SOLVER_DIAGNOSTIC
TRUE_PHYSICAL_INSTABILITY_ESTABLISHED=False
TRANSLATION_ZERO_MODE_ARTIFACT_ESTABLISHED=False
NONLINEAR_FRAGMENTATION_CLOSED=NO
RADIATIVE_NATURALNESS_CLOSED=NO
FULL_METRIC_BACKREACTION_CLOSED=NO
SUMMARY_JSON=/Users/mymac/Desktop/antigravity_research/results/data/031b2d273tz_translation_zero_mode_summary.json
SCAN_CSV=/Users/mymac/Desktop/antigravity_research/results/data/031b2d273tz_domain_grid_scan.csv
MODE_VECTORS_NPZ=/Users/mymac/Desktop/antigravity_research/results/data/031b2d273tz_translation_mode_vectors.npz
