=== 031B2-D273-TZ TRANSLATIONAL ZERO-MODE AUDIT ===
CLAIM_CLASS=D273_L1_TRANSLATIONAL_GOLDSTONE_NUMERICAL_DIAGNOSTIC_AND_COUPLED_LINEAR_STABILITY_GATE
NONLINEAR_FRAGMENTATION_PROOF=NO
OMEGA=4.000000000000000e-01
EPSILON=2.000000000000000e-02
CHI=5.390644449430598e-01
UPSTREAM_X_MATCH=80.000000000

=== STAGE A: LEGACY D273-R REPRODUCTION + OVERLAP ===
LEGACY N=120 GROWTH=1.040478158379858e-02 HIST_RELERR=1.557113e-09 GROW_OV=0.996450708 TRANS_EIG=(1.040478158e-02,0.000000000e+00) TRANS_OV=0.996450708 TRANS_RELRES=3.131787415e-04 PROJECTED_GROWTH=2.846078402e-15 PROJECTED_K0=6.601388344e-03
LEGACY N=160 GROWTH=7.522463633505880e-03 HIST_RELERR=4.660547e-10 GROW_OV=0.996984201 TRANS_EIG=(7.522463634e-03,0.000000000e+00) TRANS_OV=0.996984201 TRANS_RELRES=2.385154018e-04 PROJECTED_GROWTH=1.988404141e-15 PROJECTED_K0=6.624822485e-03

=== STAGE B: LARGE-DOMAIN BACKGROUND RECONSTRUCTION ===
LONG_BACKGROUND_X_MATCH=250.000000000
BACKGROUND_CORE_COMPARISON Y_REL_L2=2.986455418e-07 U_REL_L2=4.012941490e-08 Y_CENTER_REL=2.978121896e-07 U_CENTER_REL=2.761851252e-08

=== STAGE C: FV/ROBIN DOMAIN + GRID CONVERGENCE ===
FV_ROBIN EPS_R=3.000 RMAX=150.000000 H=0.250000000 CELLS=600 RELRES=3.209871422e-06 OUTER_RES_FRAC=0.000000 KPROJ0=9.989350723e-04 KPROJ_RES=8.406314622e-05 TRANS_EIG=(5.320333179e-03,0.000000000e+00) TRANS_OV=0.999763987 TRANS_GROWTH=5.320333179e-03 LOWOV_NEARZERO_MAXRE=7.330355932e-17
FV_ROBIN EPS_R=3.000 RMAX=150.000000 H=0.187500000 CELLS=800 RELRES=1.360120645e-06 OUTER_RES_FRAC=0.000000 KPROJ0=9.995351363e-04 KPROJ_RES=1.096375294e-04 TRANS_EIG=(3.994138693e-03,0.000000000e+00) TRANS_OV=0.999869361 TRANS_GROWTH=3.994138693e-03 LOWOV_NEARZERO_MAXRE=3.713114935e-16
FV_ROBIN EPS_R=5.000 RMAX=250.000000 H=0.250000000 CELLS=1000 RELRES=2.501137050e-06 OUTER_RES_FRAC=0.000000 KPROJ0=6.388510128e-04 KPROJ_RES=3.798337125e-04 TRANS_EIG=(5.320228761e-03,0.000000000e+00) TRANS_OV=0.999763116 TRANS_GROWTH=5.320228761e-03 LOWOV_NEARZERO_MAXRE=7.899118095e-16
FV_ROBIN EPS_R=5.000 RMAX=250.000000 H=0.187546887 CELLS=1333 RELRES=1.059164571e-06 OUTER_RES_FRAC=0.000000 KPROJ0=9.874589056e-04 KPROJ_RES=8.985053243e-03 TRANS_EIG=(3.995055732e-03,0.000000000e+00) TRANS_OV=0.999869011 TRANS_GROWTH=3.995055732e-03 LOWOV_NEARZERO_MAXRE=7.047952047e-16

=== STAGE D: DECISION LEDGER ===
LEGACY_REPRODUCTION_PASS=True
LEGACY_GROWING_MODE_TRANSLATION_OVERLAP_PASS=True
LEGACY_TRANSLATION_PROJECTED_DYNAMIC_PASS=True
LARGE_DOMAIN_BACKGROUND_CORE_MATCH_PASS=True
FINE_DOMAIN_PROJECTED_STIFFNESS_PASS=False
TRANSLATION_GROWTH_DOMAIN_CONVERGENCE_PASS=False
ROBIN_TRANSLATION_OVERLAP_PASS=True
TRANSLATION_RESIDUAL_DOMAIN_CONVERGENCE_PASS=False
FINAL_GRID_RESIDUAL_CONVERGENCE_PASS=True
FINAL_LOW_OVERLAP_NEARZERO_DYNAMIC_PASS=True
DISTINCT_LOW_OVERLAP_DYNAMIC_INSTABILITY=False
NEGATIVE_TRANSLATION_PROJECTED_STIFFNESS=False
TRANSLATION_ARTIFACT_SUPPORTED=False
031B2D273TZ_CLASSIFICATION=YELLOW_D273_L1_TRANSLATION_ARTIFACT_NOT_YET_CERTIFIED_AND_TRUE_INSTABILITY_NOT_ESTABLISHED
NEXT=INSPECT_FAILED_TZ_SUBGATE_AND_REFINE_ONLY_THE_DECISIVE_GRID_DOMAIN_OR_PROJECTED_SOLVER_DIAGNOSTIC
TRUE_PHYSICAL_INSTABILITY_ESTABLISHED=False
TRANSLATION_ZERO_MODE_ARTIFACT_ESTABLISHED=False
NONLINEAR_FRAGMENTATION_CLOSED=NO
RADIATIVE_NATURALNESS_CLOSED=NO
FULL_METRIC_BACKREACTION_CLOSED=NO
SUMMARY_JSON=/Users/mymac/Desktop/antigravity_research/results/data/031b2d273tz_translation_zero_mode_summary.json
SCAN_CSV=/Users/mymac/Desktop/antigravity_research/results/data/031b2d273tz_domain_grid_scan.csv
MODE_VECTORS_NPZ=/Users/mymac/Desktop/antigravity_research/results/data/031b2d273tz_translation_mode_vectors.npz
