=== 031B2-D273 FULL COUPLED LINEAR ANGULAR-MODE GATE ===
CLAIM_CLASS=COUPLED_QBALL_PHASE_AMPLITUDE_SCALAR_LINEAR_DYNAMIC_STABILITY_PREFLIGHT
NONLINEAR_FRAGMENTATION_PROOF=NO
OMEGA=4.000000000000000e-01
EPSILON=2.000000000000000e-02
CHI=5.390644449430598e-01

=== GRID_N=120 ===
COUPLED_MODE N=120 L=0 MAX_RE_S=2.304717019248833e-15 PASS=True TAU_S=9.552248759445058e+04
COUPLED_MODE N=120 L=1 MAX_RE_S=1.040478158379962e-02 PASS=False TAU_S=2.115876254650993e-08
COUPLED_MODE N=120 L=2 MAX_RE_S=3.720133496074817e-15 PASS=True TAU_S=5.917860289481618e+04
COUPLED_MODE N=120 L=3 MAX_RE_S=1.325059274078178e-15 PASS=True TAU_S=1.661452488856184e+05
COUPLED_MODE N=120 L=4 MAX_RE_S=2.092194866046928e-15 PASS=True TAU_S=1.052255248555694e+05
COUPLED_MODE N=120 L=5 MAX_RE_S=2.535689992042556e-15 PASS=True TAU_S=8.682145828977229e+04
COUPLED_MODE N=120 L=6 MAX_RE_S=1.432434914491872e-15 PASS=True TAU_S=1.536909640030734e+05
COUPLED_MODE N=120 L=7 MAX_RE_S=2.254312674098657e-15 PASS=True TAU_S=9.765828201624224e+04
COUPLED_MODE N=120 L=8 MAX_RE_S=1.875456843346229e-15 PASS=True TAU_S=1.173859604719645e+05

=== GRID_N=160 ===
COUPLED_MODE N=160 L=0 MAX_RE_S=3.289566298122920e-15 PASS=True TAU_S=6.692441584337068e+04
COUPLED_MODE N=160 L=1 MAX_RE_S=7.522463633493050e-03 PASS=False TAU_S=2.926598433785824e-08
COUPLED_MODE N=160 L=2 MAX_RE_S=6.125328685165452e-15 PASS=True TAU_S=3.594130440919665e+04
COUPLED_MODE N=160 L=3 MAX_RE_S=4.808018522714215e-15 PASS=True TAU_S=4.578857211965061e+04
COUPLED_MODE N=160 L=4 MAX_RE_S=3.099529811446228e-15 PASS=True TAU_S=7.102764492437437e+04
COUPLED_MODE N=160 L=5 MAX_RE_S=2.290196438387897e-15 PASS=True TAU_S=9.612813084055105e+04
COUPLED_MODE N=160 L=6 MAX_RE_S=2.616361240826062e-15 PASS=True TAU_S=8.414445965818054e+04
COUPLED_MODE N=160 L=7 MAX_RE_S=3.733004300519434e-15 PASS=True TAU_S=5.897456449468392e+04
COUPLED_MODE N=160 L=8 MAX_RE_S=1.908098763743322e-15 PASS=True TAU_S=1.153778342416717e+05

=== DECISION ===
WORST_FINE_GRID_GROWTH=7.522463633493050e-03
MAX_GRID_GROWTH_DIFFERENCE=2.882317950306574e-03
D273_COUPLED_LINEAR_L0_TO_L8_PASS=False
031B2D273R_CLASSIFICATION=RED_OR_YELLOW_273GJ_COUPLED_LINEAR_DYNAMIC_MODE_FOUND
NEXT=DIAGNOSE_COUPLED_MODE_BEFORE_ACTIVATION_OR_METRIC_PROMOTION
RADIATIVE_NATURALNESS_CLOSED=NO
NONLINEAR_FRAGMENTATION_CLOSED=NO
FULL_METRIC_BACKREACTION_CLOSED=NO
Traceback (most recent call last):
  File "/Users/mymac/Desktop/antigravity_research/simulations/031b2d273r_dense_coupled_linear_mode_gate.py", line 1340, in <module>
    main()
    ~~~~^^
  File "/Users/mymac/Desktop/antigravity_research/simulations/031b2d273r_dense_coupled_linear_mode_gate.py", line 1322, in main
    json.dumps(
    ~~~~~~~~~~^
        to_builtin(
        ^^^^^^^^^^^
    ...<3 lines>...
        sort_keys=True,
        ^^^^^^^^^^^^^^^
    )
    ^
  File "/usr/local/Cellar/python@3.13/3.13.15/Frameworks/Python.framework/Versions/3.13/lib/python3.13/json/__init__.py", line 242, in dumps
    **kw).encode(obj)
          ~~~~~~^^^^^
  File "/usr/local/Cellar/python@3.13/3.13.15/Frameworks/Python.framework/Versions/3.13/lib/python3.13/json/encoder.py", line 202, in encode
    chunks = self.iterencode(o, _one_shot=True)
  File "/usr/local/Cellar/python@3.13/3.13.15/Frameworks/Python.framework/Versions/3.13/lib/python3.13/json/encoder.py", line 263, in iterencode
    return _iterencode(o, 0)
  File "/usr/local/Cellar/python@3.13/3.13.15/Frameworks/Python.framework/Versions/3.13/lib/python3.13/json/encoder.py", line 182, in default
    raise TypeError(f'Object of type {o.__class__.__name__} '
                    f'is not JSON serializable')
TypeError: Object of type complex is not JSON serializable
