=== 031C96 OPERATING-MARGIN ROBUSTNESS GATE ===
CLAIM_CLASS=STABLE_96GJ_INTRINSIC_SOURCE_OPERATING_POINT_MARGIN_AND_THRESHOLD_CERTIFICATION
NEW_OPERATOR=NO
SOURCE_THEORY_RETUNED_FOR_PRIMARY_RESULT=NO
OPERATING_ALPHA_AND_TRANSLATION_REOPTIMIZED_WITHIN_DECLARED_GATES=YES
ACTIVATION_OFFSTATE_CLOSED=NO
FULL_METRIC_BACKREACTION_CLOSED=NO
NONLINEAR_FRAGMENTATION_CLOSED=NO
PRACTICAL_DEVICE=NO
QBALL_SOURCE_SHA256=67e5d1196fde8e3e6f72eda34f15bb3dec2b8a17ebbd7ee8e13107c63e2560f5
TRANSLATION_SOURCE_SHA256=84bac7f59b44adbc6763923e5dfa184476ab31e02cacba271b525392f2f824cc
SOURCE_PROVENANCE_PASS=True
D96_INTRINSIC_STABILITY_GREEN=True
OMEGA=3.400000000000000e-01
EPSILON=1.000000000000000e-02
CHI=4.260182686257655e-01
STORED_OPERATING_ENERGY_J=9.614131917105128e+10
STORED_SHIFT_M=5.569440007415939e-01
STORED_ALPHA_M=3.262020373729278e+01
STORED_SOURCE_LEAK=1.000000002576691e-04
STORED_BACKREACTION=9.999999999998767e-03
MEDIATOR_RANGE_M=3.300000000000000e+00

=== STAGE A: ORIGINAL OPERATING-POINT REPRODUCTION + TAIL DEFINITIONS ===
BASELINE E=9.614131917105128e+10 E_RELERR=0.000000e+00 BACK=9.999999999998767e-03 BACK_RELERR=0.000000e+00 LEGACY_LEAK=1.000000002576691e-04 INDEPENDENT_ON_LEAK=1.000000002576691e-04 OFF_LEAK=6.797049524729035e-05 NOETHER_LEAK=1.749180514129218e-05 CONSERVATIVE_LEAK=1.000000002576691e-04
BASELINE_REPRODUCTION_PASS=True
ORIGINAL_POINT_ALL_TAIL_DEFINITIONS_PASS=True

=== STAGE B: LONG-DOMAIN OPERATING RECONSTRUCTION ===
DOMAIN MU_R=0.800 X_MATCH=80.000000 E_J=9.614131917105128e+10 BACK=1.000000000e-02 A_CM=1.243460485e+01 CONS_LEAK=1.000000003e-04
DOMAIN MU_R=3.000 X_MATCH=300.000000 E_J=9.614127863782346e+10 BACK=1.000000000e-02 A_CM=1.243460485e+01 CONS_LEAK=1.000046436e-04
DOMAIN MU_R=5.000 X_MATCH=500.000000 E_J=9.614092055311497e+10 BACK=1.000000000e-02 A_CM=1.243460485e+01 CONS_LEAK=9.999634752e-05
DOMAIN_ENERGY_REL_SPREAD=4.146173016e-06
DOMAIN_BACKREACTION_REL_SPREAD=2.123742154e-10
DOMAIN_A_CM_REL_SPREAD=5.013149730e-10
DOMAIN_LEAK_ABS_SPREAD=8.296051722e-09
DOMAIN_RECONSTRUCTION_PASS=True

=== STAGE C: SOURCE-TAIL DEFINITION SENSITIVITY ===
TAIL_DEF=on_energy SHIFT=5.569448030e-01 ALPHA=3.262020055e+01 E_J=9.614074433606923e+10 CONS_LEAK=1.000000000e-04 BACK=1.000000000e-02
TAIL_DEF=off_energy SHIFT=5.654338702e-01 ALPHA=3.258649317e+01 E_J=9.429004409730588e+10 CONS_LEAK=1.457340415e-04 BACK=1.000000000e-02
TAIL_DEF=noether SHIFT=5.953471339e-01 ALPHA=3.246697377e+01 E_J=8.798920777723454e+10 CONS_LEAK=5.294936132e-04 BACK=1.000000000e-02

=== STAGE D: CONSERVATIVE LEAK/BACKREACTION THRESHOLD MAP ===
THRESH LEAK_CAP=1.000e-04 BACK_CAP=1.000e-02 SHIFT=5.569448030e-01 ALPHA=3.262020055e+01 E_GJ=96.140744336 LEAK=1.000000000e-04 BACK=1.000000000e-02 A_CM=1.243460609e+01
THRESH LEAK_CAP=1.000e-04 BACK_CAP=8.000e-03 SHIFT=5.569448030e-01 ALPHA=2.917639435e+01 E_GJ=120.175930406 LEAK=1.000000000e-04 BACK=8.000000001e-03 A_CM=1.243460609e+01
THRESH LEAK_CAP=1.000e-04 BACK_CAP=5.000e-03 SHIFT=5.569448030e-01 ALPHA=2.306596502e+01 E_GJ=192.281488666 LEAK=1.000000000e-04 BACK=5.000000000e-03 A_CM=1.243460609e+01
THRESH LEAK_CAP=1.000e-04 BACK_CAP=2.500e-03 SHIFT=5.569448030e-01 ALPHA=1.631010028e+01 E_GJ=384.562977345 LEAK=1.000000000e-04 BACK=2.500000000e-03 A_CM=1.243460609e+01
THRESH LEAK_CAP=8.000e-05 BACK_CAP=1.000e-02 SHIFT=5.519499085e-01 ALPHA=3.263998964e+01 E_GJ=97.242869608 LEAK=8.000000000e-05 BACK=1.000000000e-02 A_CM=1.242688163e+01
THRESH LEAK_CAP=8.000e-05 BACK_CAP=8.000e-03 SHIFT=5.519499085e-01 ALPHA=2.919409425e+01 E_GJ=121.553587018 LEAK=8.000000000e-05 BACK=8.000000001e-03 A_CM=1.242688163e+01
THRESH LEAK_CAP=8.000e-05 BACK_CAP=5.000e-03 SHIFT=5.519499085e-01 ALPHA=2.307995801e+01 E_GJ=194.485739244 LEAK=8.000000000e-05 BACK=5.000000000e-03 A_CM=1.242688163e+01
THRESH LEAK_CAP=8.000e-05 BACK_CAP=2.500e-03 SHIFT=5.519499085e-01 ALPHA=1.631999482e+01 E_GJ=388.971478499 LEAK=8.000000000e-05 BACK=2.500000000e-03 A_CM=1.242688163e+01
THRESH LEAK_CAP=5.000e-05 BACK_CAP=1.000e-02 SHIFT=5.415412746e-01 ALPHA=3.268112201e+01 E_GJ=99.571279274 LEAK=5.000000000e-05 BACK=1.000000000e-02 A_CM=1.241096483e+01
THRESH LEAK_CAP=5.000e-05 BACK_CAP=8.000e-03 SHIFT=5.415412746e-01 ALPHA=2.923088416e+01 E_GJ=124.464099080 LEAK=5.000000000e-05 BACK=8.000000001e-03 A_CM=1.241096483e+01
THRESH LEAK_CAP=5.000e-05 BACK_CAP=5.000e-03 SHIFT=5.415412746e-01 ALPHA=2.310904299e+01 E_GJ=199.142558544 LEAK=5.000000000e-05 BACK=5.000000000e-03 A_CM=1.241096483e+01
THRESH LEAK_CAP=5.000e-05 BACK_CAP=2.500e-03 SHIFT=5.415412746e-01 ALPHA=1.634056101e+01 E_GJ=398.285117097 LEAK=5.000000000e-05 BACK=2.500000000e-03 A_CM=1.241096483e+01
THRESH LEAK_CAP=1.000e-05 BACK_CAP=1.000e-02 SHIFT=5.066536820e-01 ALPHA=3.281794258e+01 E_GJ=107.695718957 LEAK=1.000000000e-05 BACK=1.000000000e-02 A_CM=1.235932530e+01
THRESH LEAK_CAP=1.000e-05 BACK_CAP=8.000e-03 SHIFT=5.066536820e-01 ALPHA=2.935326019e+01 E_GJ=134.619648689 LEAK=1.000000000e-05 BACK=8.000000000e-03 A_CM=1.235932530e+01
THRESH LEAK_CAP=1.000e-05 BACK_CAP=5.000e-03 SHIFT=5.066536820e-01 ALPHA=2.320578974e+01 E_GJ=215.391437913 LEAK=1.000000000e-05 BACK=5.000000000e-03 A_CM=1.235932530e+01
THRESH LEAK_CAP=1.000e-05 BACK_CAP=2.500e-03 SHIFT=5.066536820e-01 ALPHA=1.640897129e+01 E_GJ=430.782875845 LEAK=1.000000000e-05 BACK=2.500000000e-03 A_CM=1.235932530e+01
THRESH LEAK_CAP=1.000e-06 BACK_CAP=1.000e-02 SHIFT=4.583398357e-01 ALPHA=3.300472055e+01 E_GJ=119.796236130 LEAK=9.999999997e-07 BACK=1.000000000e-02 A_CM=1.229188831e+01
THRESH LEAK_CAP=1.000e-06 BACK_CAP=8.000e-03 SHIFT=4.583398357e-01 ALPHA=2.952031949e+01 E_GJ=149.745295159 LEAK=9.999999997e-07 BACK=8.000000000e-03 A_CM=1.229188831e+01
THRESH LEAK_CAP=1.000e-06 BACK_CAP=5.000e-03 SHIFT=4.583398357e-01 ALPHA=2.333786171e+01 E_GJ=239.592472260 LEAK=9.999999997e-07 BACK=5.000000000e-03 A_CM=1.229188831e+01
THRESH LEAK_CAP=1.000e-06 BACK_CAP=2.500e-03 SHIFT=4.583398357e-01 ALPHA=1.650236027e+01 E_GJ=479.184944593 LEAK=9.999999997e-07 BACK=2.500000000e-03 A_CM=1.229188831e+01
INTERIOR_20PCT_MARGIN_POINT_PASS=True
INTERIOR_20PCT_MARGIN_ENERGY_J=1.215535870175183e+11
INTERIOR_20PCT_MARGIN_ENERGY_GJ=121.553587017518
INTERIOR_20PCT_MARGIN_SHIFT_M=5.519499085056424e-01
INTERIOR_20PCT_MARGIN_ALPHA_M=2.919409424975629e+01

=== STAGE E: FINITE-PAYLOAD GEOMETRY ROBUSTNESS ===
GEOM=nominal R=0.100000 CENTER=2.050000 E_GJ=121.553587018 SHIFT=5.519499085e-01 ALPHA=2.919409425e+01 A_CM=1.242688163e+01 PASS=True
GEOM=radius_minus10pct R=0.090000 CENTER=2.050000 E_GJ=118.807728708 SHIFT=5.519499085e-01 ALPHA=2.857077664e+01 A_CM=1.213931763e+01 PASS=True
GEOM=radius_plus10pct R=0.110000 CENTER=2.050000 E_GJ=124.348816812 SHIFT=5.519499085e-01 ALPHA=2.983084682e+01 A_CM=1.272057571e+01 PASS=True
GEOM=center_minus5cm R=0.100000 CENTER=2.000000 E_GJ=108.304706214 SHIFT=5.519499085e-01 ALPHA=2.901560979e+01 A_CM=1.250684283e+01 PASS=True
GEOM=center_plus5cm R=0.100000 CENTER=2.100000 E_GJ=136.037114426 SHIFT=5.519499085e-01 ALPHA=2.936964854e+01 A_CM=1.235255746e+01 PASS=True
GEOM=adverse_large_close R=0.110000 CENTER=2.000000 E_GJ=110.859711986 SHIFT=5.519499085e-01 ALPHA=2.966501776e+01 A_CM=1.281028902e+01 PASS=True
GEOM=benign_small_far R=0.090000 CENTER=2.100000 E_GJ=133.037547886 SHIFT=5.519499085e-01 ALPHA=2.875757470e+01 A_CM=1.207370286e+01 PASS=True
FINITE_PAYLOAD_GEOMETRY_ROBUSTNESS_PASS=True

=== STAGE F: PAYLOAD QUADRATURE RECONSTRUCTION ===
HIGH_QUADRATURE_METRICS={"a_cm_relerr": 2.6392422748395695e-10, "backreaction_relerr": 0.0, "energy_relerr": 0.0, "surface_min_relerr": 0.0}
PAYLOAD_QUADRATURE_RECONSTRUCTION_PASS=True

=== STAGE G: LOCAL SOURCE-PARAMETER SURVIVAL ===
PERTURB=omega_minus OMEGA=3.350000000e-01 EPS=1.000000000e-02 CHI=4.260182686e-01 E_GJ=121.055194413 SHIFT=5.471173945e-01 ALPHA=2.921119095e+01 PASS=True
PERTURB=omega_plus OMEGA=3.450000000e-01 EPS=1.000000000e-02 CHI=4.260182686e-01 E_GJ=122.106068441 SHIFT=5.566486182e-01 ALPHA=2.917744472e+01 PASS=True
PERTURB=epsilon_minus2pct OMEGA=3.400000000e-01 EPS=9.800000000e-03 CHI=4.260182686e-01 E_GJ=121.883457455 SHIFT=5.601432102e-01 ALPHA=2.916504517e+01 PASS=True
PERTURB=epsilon_plus2pct OMEGA=3.400000000e-01 EPS=1.020000000e-02 CHI=4.260182686e-01 E_GJ=121.267909571 SHIFT=5.437422469e-01 ALPHA=2.922311536e+01 PASS=True
PERTURB=chi_minus2pct OMEGA=3.400000000e-01 EPS=1.000000000e-02 CHI=4.174979033e-01 E_GJ=121.416905321 SHIFT=5.526023158e-01 ALPHA=2.919178403e+01 PASS=True
PERTURB=chi_plus2pct OMEGA=3.400000000e-01 EPS=1.000000000e-02 CHI=4.345386340e-01 E_GJ=121.715723481 SHIFT=5.513263303e-01 ALPHA=2.919630192e+01 PASS=True
LOCAL_PARAMETER_SURVIVAL_PASS=True

=== FINAL 031C96 DECISION ===
SOURCE_PROVENANCE_PASS=True
D96_INTRINSIC_STABILITY_GREEN=True
BASELINE_REPRODUCTION_PASS=True
ORIGINAL_POINT_ALL_TAIL_DEFINITIONS_PASS=True
EXACT_96P141_EDGE_MARGIN_CERTIFIED=False
DOMAIN_RECONSTRUCTION_PASS=True
INTERIOR_20PCT_MARGIN_POINT_PASS=True
FINITE_PAYLOAD_GEOMETRY_ROBUSTNESS_PASS=True
PAYLOAD_QUADRATURE_RECONSTRUCTION_PASS=True
LOCAL_PARAMETER_SURVIVAL_PASS=True
031C96_CLASSIFICATION=GREEN_96GJ_STABLE_SOURCE_FAMILY_HAS_INTERIOR_OPERATING_SURVIVOR_EXACT_96P141GJ_EDGE_QUOTE_NOT_MARGIN_CERTIFIED
NEXT=031D_ACTIVATION_OFFSTATE_COMPLETE_GATE_CONTROL_ENERGY_AND_RECIPROCITY
NONLINEAR_FRAGMENTATION_CLOSED=NO
ACTIVATION_OFFSTATE_CLOSED=NO
FULL_METRIC_BACKREACTION_CLOSED=NO
RADIATIVE_NATURALNESS_CLOSED=NO
EMPIRICAL_FIFTH_FORCE_CLOSURE=NO
PRACTICAL_DEVICE=NO
SUMMARY_JSON=/Users/mymac/Desktop/antigravity_research/results/data/031c96_operating_margin_robustness_summary.json
THRESHOLD_CSV=/Users/mymac/Desktop/antigravity_research/results/data/031c96_operating_margin_threshold_scan.csv
DOMAIN_CSV=/Users/mymac/Desktop/antigravity_research/results/data/031c96_domain_reconstruction_scan.csv
PERTURB_CSV=/Users/mymac/Desktop/antigravity_research/results/data/031c96_parameter_geometry_robustness_scan.csv
