=== 031C-83 COMPACT Q-BALL EPSILON CONTINUATION ===
CLAIM_CLASS=SAME_THEORY_PHYSICALLY_MOTIVATED_SOURCE_COMPACTNESS_CONTINUATION
NEW_OPERATOR=NO
SOURCE_LEAK_GATE_RELAXED=NO
BACKREACTION_GATE_RELAXED=NO
TARGET_ENERGY_J=8.275078201430060e+10
PROMOTED_ALPHA_M=2.700790350718200e+01
MEDIATOR_RANGE_M=3.300000000000000e+00

=== EPSILON=4.000000000e-03 X_MATCH=2.000000000e+02 ===
COMPACT_CASE EPS=4.000000000e-03 OMEGA=3.400000000e-01 FACTOR=2.000000000e+00 SHIFT=8.004578596e-01 LEAK=1.000000000e-04 ALPHA=3.161902386e+01 E_J=1.526785369e+11 BACK=1.000000000e-02 PASS83=False
COMPACT_CASE EPS=4.000000000e-03 OMEGA=3.400000000e-01 FACTOR=2.500000000e+00 SHIFT=7.980155548e-01 LEAK=1.000000002e-04 ALPHA=3.162937236e+01 E_J=1.418717466e+11 BACK=1.000000000e-02 PASS83=False
COMPACT_CASE EPS=4.000000000e-03 OMEGA=3.400000000e-01 FACTOR=3.125000000e+00 SHIFT=7.953606617e-01 LEAK=1.000000000e-04 ALPHA=3.164061606e+01 E_J=1.394486309e+11 BACK=1.000000000e-02 PASS83=False
COMPACT_CASE EPS=4.000000000e-03 OMEGA=3.400000000e-01 FACTOR=4.000000000e+00 SHIFT=7.922800822e-01 LEAK=1.000000000e-04 ALPHA=3.165365520e+01 E_J=1.424352331e+11 BACK=1.000000000e-02 PASS83=False
COMPACT_CASE EPS=4.000000000e-03 OMEGA=3.400000000e-01 FACTOR=5.000000000e+00 SHIFT=7.894632454e-01 LEAK=1.000000000e-04 ALPHA=3.166557099e+01 E_J=1.485098014e+11 BACK=1.000000000e-02 PASS83=False
COMPACT_CASE EPS=4.000000000e-03 OMEGA=3.700000000e-01 FACTOR=2.000000000e+00 SHIFT=8.092677945e-01 LEAK=1.000000000e-04 ALPHA=3.158165457e+01 E_J=1.632798123e+11 BACK=1.000000000e-02 PASS83=False
COMPACT_CASE EPS=4.000000000e-03 OMEGA=3.700000000e-01 FACTOR=2.500000000e+00 SHIFT=8.067807864e-01 LEAK=1.000000000e-04 ALPHA=3.159221002e+01 E_J=1.512305015e+11 BACK=1.000000000e-02 PASS83=False
COMPACT_CASE EPS=4.000000000e-03 OMEGA=3.700000000e-01 FACTOR=3.125000000e+00 SHIFT=8.041152395e-01 LEAK=9.999999927e-05 ALPHA=3.160351780e+01 E_J=1.479916308e+11 BACK=1.000000000e-02 PASS83=False
COMPACT_CASE EPS=4.000000000e-03 OMEGA=3.700000000e-01 FACTOR=4.000000000e+00 SHIFT=8.010671330e-01 LEAK=1.000000000e-04 ALPHA=3.161644150e+01 E_J=1.501689308e+11 BACK=1.000000000e-02 PASS83=False
COMPACT_CASE EPS=4.000000000e-03 OMEGA=3.700000000e-01 FACTOR=5.000000000e+00 SHIFT=7.983214701e-01 LEAK=9.999999978e-05 ALPHA=3.162807641e+01 E_J=1.553798597e+11 BACK=1.000000000e-02 PASS83=False
COMPACT_CASE EPS=4.000000000e-03 OMEGA=4.000000000e-01 FACTOR=2.000000000e+00 SHIFT=8.165262862e-01 LEAK=1.000000000e-04 ALPHA=3.155082047e+01 E_J=1.740869815e+11 BACK=1.000000000e-02 PASS83=False
COMPACT_CASE EPS=4.000000000e-03 OMEGA=4.000000000e-01 FACTOR=2.500000000e+00 SHIFT=8.139973768e-01 LEAK=9.999999898e-05 ALPHA=3.156156785e+01 E_J=1.607067865e+11 BACK=1.000000000e-02 PASS83=False
COMPACT_CASE EPS=4.000000000e-03 OMEGA=4.000000000e-01 FACTOR=3.125000000e+00 SHIFT=8.113230485e-01 LEAK=1.000000000e-04 ALPHA=3.157292795e+01 E_J=1.565618374e+11 BACK=1.000000000e-02 PASS83=False
COMPACT_CASE EPS=4.000000000e-03 OMEGA=4.000000000e-01 FACTOR=4.000000000e+00 SHIFT=8.083084987e-01 LEAK=1.000000000e-04 ALPHA=3.158572662e+01 E_J=1.578206292e+11 BACK=1.000000000e-02 PASS83=False
COMPACT_CASE EPS=4.000000000e-03 OMEGA=4.000000000e-01 FACTOR=5.000000000e+00 SHIFT=8.056328305e-01 LEAK=1.000000010e-04 ALPHA=3.159708057e+01 E_J=1.620700074e+11 BACK=1.000000000e-02 PASS83=False
COMPACT_CASE EPS=4.000000000e-03 OMEGA=4.300000000e-01 FACTOR=2.000000000e+00 SHIFT=8.225344330e-01 LEAK=1.000000000e-04 ALPHA=3.152526787e+01 E_J=1.851019105e+11 BACK=1.000000000e-02 PASS83=False
COMPACT_CASE EPS=4.000000000e-03 OMEGA=4.300000000e-01 FACTOR=2.500000000e+00 SHIFT=8.199655641e-01 LEAK=1.000000000e-04 ALPHA=3.153619650e+01 E_J=1.702971243e+11 BACK=1.000000000e-02 PASS83=False
COMPACT_CASE EPS=4.000000000e-03 OMEGA=4.300000000e-01 FACTOR=3.125000000e+00 SHIFT=8.172831473e-01 LEAK=1.000000000e-04 ALPHA=3.154760302e+01 E_J=1.651533554e+11 BACK=1.000000000e-02 PASS83=False
COMPACT_CASE EPS=4.000000000e-03 OMEGA=4.300000000e-01 FACTOR=4.000000000e+00 SHIFT=8.143006714e-01 LEAK=1.000000000e-04 ALPHA=3.156027916e+01 E_J=1.653884619e+11 BACK=1.000000000e-02 PASS83=False
COMPACT_CASE EPS=4.000000000e-03 OMEGA=4.300000000e-01 FACTOR=5.000000000e+00 SHIFT=8.116940950e-01 LEAK=1.000000000e-04 ALPHA=3.157135213e+01 E_J=1.685908942e+11 BACK=1.000000000e-02 PASS83=False

=== EPSILON=5.000000000e-03 X_MATCH=1.600000000e+02 ===
COMPACT_CASE EPS=5.000000000e-03 OMEGA=3.400000000e-01 FACTOR=2.000000000e+00 SHIFT=7.626342367e-01 LEAK=1.000000000e-04 ALPHA=3.177871184e+01 E_J=1.337516217e+11 BACK=1.000000000e-02 PASS83=False
COMPACT_CASE EPS=5.000000000e-03 OMEGA=3.400000000e-01 FACTOR=2.500000000e+00 SHIFT=7.595761513e-01 LEAK=1.000000000e-04 ALPHA=3.179156609e+01 E_J=1.245341201e+11 BACK=1.000000000e-02 PASS83=False
COMPACT_CASE EPS=5.000000000e-03 OMEGA=3.400000000e-01 FACTOR=3.125000000e+00 SHIFT=7.562556059e-01 LEAK=1.000000000e-04 ALPHA=3.180551345e+01 E_J=1.226390751e+11 BACK=1.000000000e-02 PASS83=False
COMPACT_CASE EPS=5.000000000e-03 OMEGA=3.400000000e-01 FACTOR=4.000000000e+00 SHIFT=7.524077209e-01 LEAK=1.000000000e-04 ALPHA=3.182166249e+01 E_J=1.255221190e+11 BACK=1.000000000e-02 PASS83=False
COMPACT_CASE EPS=5.000000000e-03 OMEGA=3.400000000e-01 FACTOR=5.000000000e+00 SHIFT=7.488933333e-01 LEAK=9.999999983e-05 ALPHA=3.183639927e+01 E_J=1.311122467e+11 BACK=1.000000000e-02 PASS83=False
COMPACT_CASE EPS=5.000000000e-03 OMEGA=3.700000000e-01 FACTOR=2.000000000e+00 SHIFT=7.736802742e-01 LEAK=9.999999992e-05 ALPHA=3.173220833e+01 E_J=1.423777831e+11 BACK=1.000000000e-02 PASS83=False
COMPACT_CASE EPS=5.000000000e-03 OMEGA=3.700000000e-01 FACTOR=2.500000000e+00 SHIFT=7.705686328e-01 LEAK=1.000000000e-04 ALPHA=3.174531968e+01 E_J=1.321352530e+11 BACK=1.000000000e-02 PASS83=False
COMPACT_CASE EPS=5.000000000e-03 OMEGA=3.700000000e-01 FACTOR=3.125000000e+00 SHIFT=7.672376656e-01 LEAK=1.000000000e-04 ALPHA=3.175934531e+01 E_J=1.295496261e+11 BACK=1.000000000e-02 PASS83=False
COMPACT_CASE EPS=5.000000000e-03 OMEGA=3.700000000e-01 FACTOR=4.000000000e+00 SHIFT=7.634330847e-01 LEAK=1.000000024e-04 ALPHA=3.177535253e+01 E_J=1.317221732e+11 BACK=1.000000000e-02 PASS83=False
COMPACT_CASE EPS=5.000000000e-03 OMEGA=3.700000000e-01 FACTOR=5.000000000e+00 SHIFT=7.600091360e-01 LEAK=1.000000003e-04 ALPHA=3.178974664e+01 E_J=1.365350233e+11 BACK=1.000000000e-02 PASS83=False
COMPACT_CASE EPS=5.000000000e-03 OMEGA=4.000000000e-01 FACTOR=2.000000000e+00 SHIFT=7.827801741e-01 LEAK=1.000000000e-04 ALPHA=3.169381442e+01 E_J=1.512185758e+11 BACK=1.000000000e-02 PASS83=False
COMPACT_CASE EPS=5.000000000e-03 OMEGA=4.000000000e-01 FACTOR=2.500000000e+00 SHIFT=7.796181530e-01 LEAK=1.000000000e-04 ALPHA=3.170716387e+01 E_J=1.398758678e+11 BACK=1.000000000e-02 PASS83=False
COMPACT_CASE EPS=5.000000000e-03 OMEGA=4.000000000e-01 FACTOR=3.125000000e+00 SHIFT=7.762785362e-01 LEAK=1.000000000e-04 ALPHA=3.172125343e+01 E_J=1.365251234e+11 BACK=1.000000000e-02 PASS83=False
COMPACT_CASE EPS=5.000000000e-03 OMEGA=4.000000000e-01 FACTOR=4.000000000e+00 SHIFT=7.725167121e-01 LEAK=1.000000000e-04 ALPHA=3.173711220e+01 E_J=1.378997236e+11 BACK=1.000000000e-02 PASS83=False
COMPACT_CASE EPS=5.000000000e-03 OMEGA=4.000000000e-01 FACTOR=5.000000000e+00 SHIFT=7.691819905e-01 LEAK=1.000000000e-04 ALPHA=3.175115963e+01 E_J=1.418590949e+11 BACK=1.000000000e-02 PASS83=False
COMPACT_CASE EPS=5.000000000e-03 OMEGA=4.300000000e-01 FACTOR=2.000000000e+00 SHIFT=7.903106537e-01 LEAK=1.000000000e-04 ALPHA=3.166198699e+01 E_J=1.602731379e+11 BACK=1.000000000e-02 PASS83=False
COMPACT_CASE EPS=5.000000000e-03 OMEGA=4.300000000e-01 FACTOR=2.500000000e+00 SHIFT=7.871004900e-01 LEAK=1.000000000e-04 ALPHA=3.167556069e+01 E_J=1.477503518e+11 BACK=1.000000000e-02 PASS83=False
COMPACT_CASE EPS=5.000000000e-03 OMEGA=4.300000000e-01 FACTOR=3.125000000e+00 SHIFT=7.837526754e-01 LEAK=1.000000000e-04 ALPHA=3.168970694e+01 E_J=1.435575023e+11 BACK=1.000000000e-02 PASS83=False
COMPACT_CASE EPS=5.000000000e-03 OMEGA=4.300000000e-01 FACTOR=4.000000000e+00 SHIFT=7.800330771e-01 LEAK=9.999999999e-05 ALPHA=3.170541264e+01 E_J=1.440484111e+11 BACK=1.000000000e-02 PASS83=False
COMPACT_CASE EPS=5.000000000e-03 OMEGA=4.300000000e-01 FACTOR=5.000000000e+00 SHIFT=7.767852257e-01 LEAK=1.000000000e-04 ALPHA=3.171911639e+01 E_J=1.470880712e+11 BACK=1.000000000e-02 PASS83=False

=== EPSILON=6.250000000e-03 X_MATCH=1.280000000e+02 ===
COMPACT_CASE EPS=6.250000000e-03 OMEGA=3.400000000e-01 FACTOR=2.000000000e+00 SHIFT=7.150614803e-01 LEAK=1.000000000e-04 ALPHA=3.197762500e+01 E_J=1.195811609e+11 BACK=1.000000000e-02 PASS83=False
COMPACT_CASE EPS=6.250000000e-03 OMEGA=3.400000000e-01 FACTOR=2.500000000e+00 SHIFT=7.112271265e-01 LEAK=1.000000017e-04 ALPHA=3.199355513e+01 E_J=1.116118421e+11 BACK=1.000000000e-02 PASS83=False
COMPACT_CASE EPS=6.250000000e-03 OMEGA=3.400000000e-01 FACTOR=3.125000000e+00 SHIFT=7.070695786e-01 LEAK=1.000000000e-04 ALPHA=3.201081000e+01 E_J=1.101647064e+11 BACK=1.000000000e-02 PASS83=False
COMPACT_CASE EPS=6.250000000e-03 OMEGA=3.400000000e-01 FACTOR=4.000000000e+00 SHIFT=7.022585062e-01 LEAK=9.999999888e-05 ALPHA=3.203075358e+01 E_J=1.130317025e+11 BACK=1.000000000e-02 PASS83=False
COMPACT_CASE EPS=6.250000000e-03 OMEGA=3.400000000e-01 FACTOR=5.000000000e+00 SHIFT=6.978708076e-01 LEAK=9.999999901e-05 ALPHA=3.204891988e+01 E_J=1.183209908e+11 BACK=1.000000000e-02 PASS83=False
COMPACT_CASE EPS=6.250000000e-03 OMEGA=3.700000000e-01 FACTOR=2.000000000e+00 SHIFT=7.289280464e-01 LEAK=1.000000000e-04 ALPHA=3.191988441e+01 E_J=1.265909476e+11 BACK=1.000000000e-02 PASS83=False
COMPACT_CASE EPS=6.250000000e-03 OMEGA=3.700000000e-01 FACTOR=2.500000000e+00 SHIFT=7.250316107e-01 LEAK=9.999999999e-05 ALPHA=3.193612971e+01 E_J=1.177692825e+11 BACK=1.000000000e-02 PASS83=False
COMPACT_CASE EPS=6.250000000e-03 OMEGA=3.700000000e-01 FACTOR=3.125000000e+00 SHIFT=7.208657192e-01 LEAK=1.000000008e-04 ALPHA=3.195348082e+01 E_J=1.157275843e+11 BACK=1.000000000e-02 PASS83=False
COMPACT_CASE EPS=6.250000000e-03 OMEGA=3.700000000e-01 FACTOR=4.000000000e+00 SHIFT=7.161137114e-01 LEAK=1.000000005e-04 ALPHA=3.197325065e+01 E_J=1.179545796e+11 BACK=1.000000000e-02 PASS83=False
COMPACT_CASE EPS=6.250000000e-03 OMEGA=3.700000000e-01 FACTOR=5.000000000e+00 SHIFT=7.118428166e-01 LEAK=1.000000000e-04 ALPHA=3.199099826e+01 E_J=1.225236458e+11 BACK=1.000000000e-02 PASS83=False
COMPACT_CASE EPS=6.250000000e-03 OMEGA=4.000000000e-01 FACTOR=2.000000000e+00 SHIFT=7.403483898e-01 LEAK=1.000000000e-04 ALPHA=3.187217948e+01 E_J=1.338341506e+11 BACK=1.000000000e-02 PASS83=False
COMPACT_CASE EPS=6.250000000e-03 OMEGA=4.000000000e-01 FACTOR=2.500000000e+00 SHIFT=7.363935972e-01 LEAK=1.000000000e-04 ALPHA=3.188871450e+01 E_J=1.240950588e+11 BACK=1.000000000e-02 PASS83=False
COMPACT_CASE EPS=6.250000000e-03 OMEGA=4.000000000e-01 FACTOR=3.125000000e+00 SHIFT=7.322206531e-01 LEAK=1.000000000e-04 ALPHA=3.190614431e+01 E_J=1.213972092e+11 BACK=1.000000000e-02 PASS83=False
COMPACT_CASE EPS=6.250000000e-03 OMEGA=4.000000000e-01 FACTOR=4.000000000e+00 SHIFT=7.275256901e-01 LEAK=1.000000000e-04 ALPHA=3.192573304e+01 E_J=1.229149210e+11 BACK=1.000000000e-02 PASS83=False
COMPACT_CASE EPS=6.250000000e-03 OMEGA=4.000000000e-01 FACTOR=5.000000000e+00 SHIFT=7.233684437e-01 LEAK=9.999999986e-05 ALPHA=3.194305907e+01 E_J=1.267069625e+11 BACK=1.000000000e-02 PASS83=False
COMPACT_CASE EPS=6.250000000e-03 OMEGA=4.300000000e-01 FACTOR=2.000000000e+00 SHIFT=7.497978930e-01 LEAK=1.000000000e-04 ALPHA=3.183260736e+01 E_J=1.413049623e+11 BACK=1.000000000e-02 PASS83=False
COMPACT_CASE EPS=6.250000000e-03 OMEGA=4.300000000e-01 FACTOR=2.500000000e+00 SHIFT=7.457855706e-01 LEAK=1.000000004e-04 ALPHA=3.184942081e+01 E_J=1.305797428e+11 BACK=1.000000000e-02 PASS83=False
COMPACT_CASE EPS=6.250000000e-03 OMEGA=4.300000000e-01 FACTOR=3.125000000e+00 SHIFT=7.416053580e-01 LEAK=1.000000000e-04 ALPHA=3.186692076e+01 E_J=1.271615772e+11 BACK=1.000000000e-02 PASS83=False
COMPACT_CASE EPS=6.250000000e-03 OMEGA=4.300000000e-01 FACTOR=4.000000000e+00 SHIFT=7.369658394e-01 LEAK=1.000000000e-04 ALPHA=3.188632294e+01 E_J=1.279010543e+11 BACK=1.000000000e-02 PASS83=False
COMPACT_CASE EPS=6.250000000e-03 OMEGA=4.300000000e-01 FACTOR=5.000000000e+00 SHIFT=7.329186848e-01 LEAK=1.000000000e-04 ALPHA=3.190322998e+01 E_J=1.308661770e+11 BACK=1.000000000e-02 PASS83=False

=== EPSILON=7.500000000e-03 X_MATCH=1.066666667e+02 ===
COMPACT_CASE EPS=7.500000000e-03 OMEGA=3.400000000e-01 FACTOR=2.000000000e+00 SHIFT=6.671235511e-01 LEAK=1.000000000e-04 ALPHA=3.217561166e+01 E_J=1.111040270e+11 BACK=1.000000000e-02 PASS83=False
COMPACT_CASE EPS=7.500000000e-03 OMEGA=3.400000000e-01 FACTOR=2.500000000e+00 SHIFT=6.625022721e-01 LEAK=1.000000000e-04 ALPHA=3.219455884e+01 E_J=1.039464329e+11 BACK=1.000000000e-02 PASS83=False
COMPACT_CASE EPS=7.500000000e-03 OMEGA=3.400000000e-01 FACTOR=3.125000000e+00 SHIFT=6.574981889e-01 LEAK=1.000000000e-04 ALPHA=3.221504710e+01 E_J=1.028258569e+11 BACK=1.000000000e-02 PASS83=False
COMPACT_CASE EPS=7.500000000e-03 OMEGA=3.400000000e-01 FACTOR=4.000000000e+00 SHIFT=6.517160833e-01 LEAK=1.000000000e-04 ALPHA=3.223868375e+01 E_J=1.057514285e+11 BACK=1.000000000e-02 PASS83=False
COMPACT_CASE EPS=7.500000000e-03 OMEGA=3.400000000e-01 FACTOR=5.000000000e+00 SHIFT=6.464504557e-01 LEAK=1.000000000e-04 ALPHA=3.226017428e+01 E_J=1.109292713e+11 BACK=1.000000000e-02 PASS83=False
COMPACT_CASE EPS=7.500000000e-03 OMEGA=3.700000000e-01 FACTOR=2.000000000e+00 SHIFT=6.838449942e-01 LEAK=1.000000000e-04 ALPHA=3.210684617e+01 E_J=1.169964966e+11 BACK=1.000000000e-02 PASS83=False
COMPACT_CASE EPS=7.500000000e-03 OMEGA=3.700000000e-01 FACTOR=2.500000000e+00 SHIFT=6.791565420e-01 LEAK=9.999999999e-05 ALPHA=3.212615959e+01 E_J=1.091001970e+11 BACK=1.000000000e-02 PASS83=False
COMPACT_CASE EPS=7.500000000e-03 OMEGA=3.700000000e-01 FACTOR=3.125000000e+00 SHIFT=6.741491820e-01 LEAK=1.000000000e-04 ALPHA=3.214675878e+01 E_J=1.074445304e+11 BACK=1.000000000e-02 PASS83=False
COMPACT_CASE EPS=7.500000000e-03 OMEGA=3.700000000e-01 FACTOR=4.000000000e+00 SHIFT=6.684445770e-01 LEAK=1.000000000e-04 ALPHA=3.217019086e+01 E_J=1.097680966e+11 BACK=1.000000000e-02 PASS83=False
COMPACT_CASE EPS=7.500000000e-03 OMEGA=3.700000000e-01 FACTOR=5.000000000e+00 SHIFT=6.633250151e-01 LEAK=1.000000000e-04 ALPHA=3.219118744e+01 E_J=1.142510816e+11 BACK=1.000000000e-02 PASS83=False
COMPACT_CASE EPS=7.500000000e-03 OMEGA=4.000000000e-01 FACTOR=2.000000000e+00 SHIFT=6.976123454e-01 LEAK=1.000000000e-04 ALPHA=3.204998932e+01 E_J=1.231470935e+11 BACK=1.000000000e-02 PASS83=False
COMPACT_CASE EPS=7.500000000e-03 OMEGA=4.000000000e-01 FACTOR=2.500000000e+00 SHIFT=6.928586261e-01 LEAK=1.000000000e-04 ALPHA=3.206964550e+01 E_J=1.144539593e+11 BACK=1.000000000e-02 PASS83=False
COMPACT_CASE EPS=7.500000000e-03 OMEGA=4.000000000e-01 FACTOR=3.125000000e+00 SHIFT=6.878482781e-01 LEAK=1.000000000e-04 ALPHA=3.209033535e+01 E_J=1.122106508e+11 BACK=1.000000000e-02 PASS83=False
COMPACT_CASE EPS=7.500000000e-03 OMEGA=4.000000000e-01 FACTOR=4.000000000e+00 SHIFT=6.822179536e-01 LEAK=1.000000011e-04 ALPHA=3.211355138e+01 E_J=1.138760062e+11 BACK=1.000000000e-02 PASS83=False
COMPACT_CASE EPS=7.500000000e-03 OMEGA=4.000000000e-01 FACTOR=5.000000000e+00 SHIFT=6.772374466e-01 LEAK=1.000000000e-04 ALPHA=3.213405775e+01 E_J=1.176224909e+11 BACK=1.000000000e-02 PASS83=False
COMPACT_CASE EPS=7.500000000e-03 OMEGA=4.300000000e-01 FACTOR=2.000000000e+00 SHIFT=7.090002832e-01 LEAK=9.999999999e-05 ALPHA=3.200279943e+01 E_J=1.295449418e+11 BACK=1.000000000e-02 PASS83=False
COMPACT_CASE EPS=7.500000000e-03 OMEGA=4.300000000e-01 FACTOR=2.500000000e+00 SHIFT=7.041821581e-01 LEAK=9.999999999e-05 ALPHA=3.202278242e+01 E_J=1.199929803e+11 BACK=1.000000000e-02 PASS83=False
COMPACT_CASE EPS=7.500000000e-03 OMEGA=4.300000000e-01 FACTOR=3.125000000e+00 SHIFT=6.991673865e-01 LEAK=9.999999999e-05 ALPHA=3.204355391e+01 E_J=1.171067222e+11 BACK=1.000000000e-02 PASS83=False
COMPACT_CASE EPS=7.500000000e-03 OMEGA=4.300000000e-01 FACTOR=4.000000000e+00 SHIFT=6.936070680e-01 LEAK=9.999999998e-05 ALPHA=3.206655244e+01 E_J=1.180572841e+11 BACK=1.000000000e-02 PASS83=False
COMPACT_CASE EPS=7.500000000e-03 OMEGA=4.300000000e-01 FACTOR=5.000000000e+00 SHIFT=6.887616433e-01 LEAK=9.999999999e-05 ALPHA=3.208656579e+01 E_J=1.210293105e+11 BACK=1.000000000e-02 PASS83=False

=== EPSILON=8.750000000e-03 X_MATCH=9.142857143e+01 ===
COMPACT_CASE EPS=8.750000000e-03 OMEGA=3.400000000e-01 FACTOR=2.000000000e+00 SHIFT=6.187700923e-01 LEAK=9.999999999e-05 ALPHA=3.237259094e+01 E_J=1.059537859e+11 BACK=1.000000000e-02 PASS83=False
COMPACT_CASE EPS=8.750000000e-03 OMEGA=3.400000000e-01 FACTOR=2.500000000e+00 SHIFT=6.133466939e-01 LEAK=9.999999998e-05 ALPHA=3.239450585e+01 E_J=9.935975789e+10 BACK=1.000000000e-02 PASS83=False
COMPACT_CASE EPS=8.750000000e-03 OMEGA=3.400000000e-01 FACTOR=3.125000000e+00 SHIFT=6.074819910e-01 LEAK=1.000000000e-04 ALPHA=3.241816257e+01 E_J=9.850099685e+10 BACK=1.000000000e-02 PASS83=False
COMPACT_CASE EPS=8.750000000e-03 OMEGA=3.400000000e-01 FACTOR=4.000000000e+00 SHIFT=6.007151824e-01 LEAK=1.000000001e-04 ALPHA=3.244540436e+01 E_J=1.015360367e+11 BACK=1.000000000e-02 PASS83=False
COMPACT_CASE EPS=8.750000000e-03 OMEGA=3.400000000e-01 FACTOR=5.000000000e+00 SHIFT=5.945615059e-01 LEAK=1.000000004e-04 ALPHA=3.247012748e+01 E_J=1.067204484e+11 BACK=1.000000000e-02 PASS83=False
COMPACT_CASE EPS=8.750000000e-03 OMEGA=3.700000000e-01 FACTOR=2.000000000e+00 SHIFT=6.383891455e-01 LEAK=9.999999998e-05 ALPHA=3.229300993e+01 E_J=1.110073700e+11 BACK=1.000000000e-02 PASS83=False
COMPACT_CASE EPS=8.750000000e-03 OMEGA=3.700000000e-01 FACTOR=2.500000000e+00 SHIFT=6.328963340e-01 LEAK=9.999999996e-05 ALPHA=3.231533820e+01 E_J=1.037545015e+11 BACK=1.000000000e-02 PASS83=False
COMPACT_CASE EPS=8.750000000e-03 OMEGA=3.700000000e-01 FACTOR=3.125000000e+00 SHIFT=6.270378640e-01 LEAK=1.000000000e-04 ALPHA=3.233911210e+01 E_J=1.023982970e+11 BACK=1.000000000e-02 PASS83=False
COMPACT_CASE EPS=8.750000000e-03 OMEGA=3.700000000e-01 FACTOR=4.000000000e+00 SHIFT=6.203716486e-01 LEAK=9.999999971e-05 ALPHA=3.236611235e+01 E_J=1.048491541e+11 BACK=1.000000000e-02 PASS83=False
COMPACT_CASE EPS=8.750000000e-03 OMEGA=3.700000000e-01 FACTOR=5.000000000e+00 SHIFT=6.143959803e-01 LEAK=1.000000000e-04 ALPHA=3.239026876e+01 E_J=1.093444609e+11 BACK=1.000000000e-02 PASS83=False
COMPACT_CASE EPS=8.750000000e-03 OMEGA=4.000000000e-01 FACTOR=2.000000000e+00 SHIFT=6.545355118e-01 LEAK=1.000000000e-04 ALPHA=3.222716320e+01 E_J=1.163491792e+11 BACK=1.000000000e-02 PASS83=False
COMPACT_CASE EPS=8.750000000e-03 OMEGA=4.000000000e-01 FACTOR=2.500000000e+00 SHIFT=6.489742697e-01 LEAK=1.000000000e-04 ALPHA=3.224987803e+01 E_J=1.083838027e+11 BACK=1.000000000e-02 PASS83=False
COMPACT_CASE EPS=8.750000000e-03 OMEGA=4.000000000e-01 FACTOR=3.125000000e+00 SHIFT=6.431191329e-01 LEAK=1.000000000e-04 ALPHA=3.227375310e+01 E_J=1.064849360e+11 BACK=1.000000000e-02 PASS83=False
COMPACT_CASE EPS=8.750000000e-03 OMEGA=4.000000000e-01 FACTOR=4.000000000e+00 SHIFT=6.365465239e-01 LEAK=1.000000000e-04 ALPHA=3.230050429e+01 E_J=1.083064660e+11 BACK=1.000000000e-02 PASS83=False
COMPACT_CASE EPS=8.750000000e-03 OMEGA=4.000000000e-01 FACTOR=5.000000000e+00 SHIFT=6.307394295e-01 LEAK=9.999999962e-05 ALPHA=3.232409591e+01 E_J=1.120833282e+11 BACK=1.000000000e-02 PASS83=False
COMPACT_CASE EPS=8.750000000e-03 OMEGA=4.300000000e-01 FACTOR=2.000000000e+00 SHIFT=6.678866115e-01 LEAK=9.999999994e-05 ALPHA=3.217248071e+01 E_J=1.219622270e+11 BACK=1.000000000e-02 PASS83=False
COMPACT_CASE EPS=8.750000000e-03 OMEGA=4.300000000e-01 FACTOR=2.500000000e+00 SHIFT=6.622558314e-01 LEAK=1.000000000e-04 ALPHA=3.219556854e+01 E_J=1.132273090e+11 BACK=1.000000000e-02 PASS83=False
COMPACT_CASE EPS=8.750000000e-03 OMEGA=4.300000000e-01 FACTOR=3.125000000e+00 SHIFT=6.564006285e-01 LEAK=1.000000005e-04 ALPHA=3.221953687e+01 E_J=1.107372083e+11 BACK=1.000000000e-02 PASS83=False
COMPACT_CASE EPS=8.750000000e-03 OMEGA=4.300000000e-01 FACTOR=4.000000000e+00 SHIFT=6.499159759e-01 LEAK=1.000000000e-04 ALPHA=3.224603425e+01 E_J=1.118821598e+11 BACK=1.000000000e-02 PASS83=False
COMPACT_CASE EPS=8.750000000e-03 OMEGA=4.300000000e-01 FACTOR=5.000000000e+00 SHIFT=6.442698300e-01 LEAK=1.000000000e-04 ALPHA=3.226906425e+01 E_J=1.149132542e+11 BACK=1.000000000e-02 PASS83=False

=== EPSILON=1.000000000e-02 X_MATCH=8.000000000e+01 ===
COMPACT_CASE EPS=1.000000000e-02 OMEGA=3.400000000e-01 FACTOR=2.000000000e+00 SHIFT=5.699373131e-01 LEAK=1.000000000e-04 ALPHA=3.256857338e+01 E_J=1.029575169e+11 BACK=1.000000000e-02 PASS83=False
COMPACT_CASE EPS=1.000000000e-02 OMEGA=3.400000000e-01 FACTOR=2.500000000e+00 SHIFT=5.636900817e-01 LEAK=1.000000000e-04 ALPHA=3.259342489e+01 E_J=9.677360433e+10 BACK=1.000000000e-02 PASS83=False
COMPACT_CASE EPS=1.000000000e-02 OMEGA=3.400000000e-01 FACTOR=3.125000000e+00 SHIFT=5.569440007e-01 LEAK=1.000000003e-04 ALPHA=3.262020374e+01 E_J=9.614131917e+10 BACK=1.000000000e-02 PASS83=False
COMPACT_CASE EPS=1.000000000e-02 OMEGA=3.400000000e-01 FACTOR=4.000000000e+00 SHIFT=5.491714190e-01 LEAK=1.000000000e-04 ALPHA=3.265098352e+01 E_J=9.932645562e+10 BACK=1.000000000e-02 PASS83=False
COMPACT_CASE EPS=1.000000000e-02 OMEGA=3.400000000e-01 FACTOR=5.000000000e+00 SHIFT=5.421123540e-01 LEAK=1.000000000e-04 ALPHA=3.267886897e+01 E_J=1.046017019e+11 BACK=1.000000000e-02 PASS83=False
COMPACT_CASE EPS=1.000000000e-02 OMEGA=3.700000000e-01 FACTOR=2.000000000e+00 SHIFT=5.925082677e-01 LEAK=1.000000000e-04 ALPHA=3.247836590e+01 E_J=1.073387334e+11 BACK=1.000000000e-02 PASS83=False
COMPACT_CASE EPS=1.000000000e-02 OMEGA=3.700000000e-01 FACTOR=2.500000000e+00 SHIFT=5.861947993e-01 LEAK=1.000000003e-04 ALPHA=3.250366435e+01 E_J=1.005540109e+11 BACK=1.000000000e-02 PASS83=False
COMPACT_CASE EPS=1.000000000e-02 OMEGA=3.700000000e-01 FACTOR=3.125000000e+00 SHIFT=5.794693297e-01 LEAK=1.000000000e-04 ALPHA=3.253055752e+01 E_J=9.944752762e+10 BACK=1.000000000e-02 PASS83=False
COMPACT_CASE EPS=1.000000000e-02 OMEGA=3.700000000e-01 FACTOR=4.000000000e+00 SHIFT=5.718259783e-01 LEAK=1.000000000e-04 ALPHA=3.256105029e+01 E_J=1.020522015e+11 BACK=1.000000000e-02 PASS83=False
COMPACT_CASE EPS=1.000000000e-02 OMEGA=3.700000000e-01 FACTOR=5.000000000e+00 SHIFT=5.649825428e-01 LEAK=1.000000002e-04 ALPHA=3.258828763e+01 E_J=1.066294695e+11 BACK=1.000000000e-02 PASS83=False
COMPACT_CASE EPS=1.000000000e-02 OMEGA=4.000000000e-01 FACTOR=2.000000000e+00 SHIFT=6.110733970e-01 LEAK=1.000000003e-04 ALPHA=3.240368088e+01 E_J=1.120438921e+11 BACK=1.000000000e-02 PASS83=False
COMPACT_CASE EPS=1.000000000e-02 OMEGA=4.000000000e-01 FACTOR=2.500000000e+00 SHIFT=6.046918351e-01 LEAK=9.999999931e-05 ALPHA=3.242940217e+01 E_J=1.046081729e+11 BACK=1.000000000e-02 PASS83=False
COMPACT_CASE EPS=1.000000000e-02 OMEGA=4.000000000e-01 FACTOR=3.125000000e+00 SHIFT=5.979802765e-01 LEAK=1.000000000e-04 ALPHA=3.245639810e+01 E_J=1.029883682e+11 BACK=1.000000000e-02 PASS83=False
COMPACT_CASE EPS=1.000000000e-02 OMEGA=4.000000000e-01 FACTOR=4.000000000e+00 SHIFT=5.904542614e-01 LEAK=9.999999979e-05 ALPHA=3.248660202e+01 E_J=1.049772708e+11 BACK=1.000000000e-02 PASS83=False
COMPACT_CASE EPS=1.000000000e-02 OMEGA=4.000000000e-01 FACTOR=5.000000000e+00 SHIFT=5.838113197e-01 LEAK=1.000000000e-04 ALPHA=3.251320183e+01 E_J=1.088391672e+11 BACK=1.000000000e-02 PASS83=False
COMPACT_CASE EPS=1.000000000e-02 OMEGA=4.300000000e-01 FACTOR=2.000000000e+00 SHIFT=6.264177798e-01 LEAK=1.000000000e-04 ALPHA=3.234162595e+01 E_J=1.170485608e+11 BACK=1.000000000e-02 PASS83=False
COMPACT_CASE EPS=1.000000000e-02 OMEGA=4.300000000e-01 FACTOR=2.500000000e+00 SHIFT=6.199644276e-01 LEAK=9.999999987e-05 ALPHA=3.236775994e+01 E_J=1.089084220e+11 BACK=1.000000000e-02 PASS83=False
COMPACT_CASE EPS=1.000000000e-02 OMEGA=4.300000000e-01 FACTOR=3.125000000e+00 SHIFT=6.132599465e-01 LEAK=1.000000000e-04 ALPHA=3.239485609e+01 E_J=1.067323931e+11 BACK=1.000000000e-02 PASS83=False
COMPACT_CASE EPS=1.000000000e-02 OMEGA=4.300000000e-01 FACTOR=4.000000000e+00 SHIFT=6.058419849e-01 LEAK=1.000000000e-04 ALPHA=3.242477020e+01 E_J=1.080666669e+11 BACK=1.000000000e-02 PASS83=False
COMPACT_CASE EPS=1.000000000e-02 OMEGA=4.300000000e-01 FACTOR=5.000000000e+00 SHIFT=5.993893475e-01 LEAK=1.000000000e-04 ALPHA=3.245073512e+01 E_J=1.111950421e+11 BACK=1.000000000e-02 PASS83=False

=== DECISION ===
VALID_COMPACT_CASES=120
COMPACT_83GJ_SURVIVORS=0
BEST_COMPACT_ENERGY_J=9.614131917105128e+10
BEST_COMPACT_ENERGY_OVER_TARGET=1.161817650912793e+00
BEST_COMPACT_EPSILON=1.000000000000000e-02
BEST_COMPACT_OMEGA=3.400000000000000e-01
BEST_COMPACT_CHI_FACTOR=3.125000000000000e+00
BEST_COMPACT_SHIFT_M=5.569440007415939e-01
BEST_COMPACT_ALPHA_M=3.262020373729278e+01
BEST_COMPACT_BACKREACTION=9.999999999998767e-03
BEST_COMPACT_SOURCE_LEAK=1.000000002576691e-04
031C83_CLASSIFICATION=RED_COMPACT_QBALL_CONTINUATION_DOES_NOT_RECOVER_83GJ
NEXT=031C_QSHELL_OR_MULTICOMPONENT_PAYLOAD_ADJACENT_SOURCE
SUMMARY_JSON=/Users/mymac/Desktop/antigravity_research/results/data/031c83_compact_qball_epsilon_continuation_summary.json
SCAN_CSV=/Users/mymac/Desktop/antigravity_research/results/data/031c83_compact_qball_epsilon_continuation_scan.csv
