=== 031D3D2 ENERGY-MATCHED ADIABATIC TRANSFER / SOURCE-RESPONSE CLOSEOUT ===
CLAIM_CLASS=ADIABATIC_MULTISCALE_FIXED_CHARGE_TRANSFER_CLOSEOUT
D3D1_GREEN_REQUIRED=YES
ENERGY_MATCHED_SPECTATOR_R=YES_FIXED_GLOBAL_THEORY_PARAMETER
SOURCE_RESPONSE_SOLVED_SELF_CONSISTENTLY_ALONG_TRANSFER=YES
FULL_CARRIER_RESOLVED_TIME_DOMAIN_PDE=NO
PRACTICAL_DEVICE=NO

=== STAGE A: ENERGY-MATCHED RESERVOIR THEORY ===
TARGET_R_ENERGY_J=3.696647770462021e+10
M_Y_EV=3.196803254561750e-07
M_R_EV=1.897289891100722e-06
M_R_OVER_M_Y=5.934959833368983e+00
MU_R=3.172934906286330e-01
RHO_R=8.772799069167786e-02
R_E_OVER_QMR=5.523131805289669e-01
FIXED_THEORY_SPATIAL_PARAMETER_PROGRAMMING=NO

=== STAGE B: FULL ON + OFF MICROSCOPIC RECONSTRUCTION ===
OFF_OMEGA_X=4.939603907371556e-01
ON_OMEGA_X_REBUILT=3.400000001555940e-01
ON_OMEGA_Y_REBUILT=4.500000012825412e-01
ON_BVP_RMS=1.938215251769512e-06

=== STAGE C: INDEPENDENT COMMON HAMILTONIAN NORMALIZATION ===
I_SOURCE_OFF=3.970520134673683e+03
COMMON_ENERGY_SCALE_J=2.287256020201875e+07
I_SOURCE_ON=3.292734009677936e+03
I_Y_ON=2.723174866787588e+02
E_Y_REBUILT_J=6.228598108122351e+09
E_Y_CERTIFIED_J=6.228597769672653e+09
E_Y_RELERR=5.433802143264860e-08
E_SOURCE_ON_REBUILT_J=7.531325686559320e+10
E_SOURCE_ON_TARGET_J=1.215538407485990e+11
E_SOURCE_ON_RELERR=3.804123637577346e-01
E_ON_REBUILT_J=8.154185497371555e+10
E_ON_CERTIFIED_J=1.277824385182716e+11
E_ON_RELERR=3.618696284148947e-01
COMMON_HAMILTONIAN_NORMALIZATION_PASS=False

=== STAGE D: SPECTATOR-R MICROSCOPIC SCALING AUDIT ===
I_R_FULL=1.616193465644194e+03
E_R_REBUILT_J=3.696648234105615e+10
E_R_TARGET_J=3.696647770462021e+10
E_R_SCALING_RELERR=1.254226978057402e-07
E_R_OVER_QMR=5.523131805289669e-01
R_BOUND_QBALL_PASS=True
ENERGY_MATCHED_RESERVOIR_SCALING_PASS=True

=== STAGE E: UNSCALARIZED-BRANCH TACHYONIC THRESHOLD ===
UNSCALARIZED q=0.000000 LAMBDA0=+1.394784075825095e-04
UNSCALARIZED q=0.050000 LAMBDA0=-1.002886177348506e-01
UNSCALARIZED q=0.100000 LAMBDA0=-1.225855182133058e-01
UNSCALARIZED q=0.150000 LAMBDA0=-1.249849922439717e-01
UNSCALARIZED q=0.200000 LAMBDA0=-1.252382727068219e-01
UNSCALARIZED q=0.250000 LAMBDA0=-1.252649592290020e-01
UNSCALARIZED q=0.300000 LAMBDA0=-1.252677705167400e-01
UNSCALARIZED q=0.350000 LAMBDA0=-1.252680666696045e-01
UNSCALARIZED q=0.400000 LAMBDA0=-1.252680978679579e-01
UNSCALARIZED q=0.450000 LAMBDA0=-1.252681011546087e-01
UNSCALARIZED q=0.500000 LAMBDA0=-1.252681015008511e-01
UNSCALARIZED q=0.550000 LAMBDA0=-1.252681015373237e-01
UNSCALARIZED q=0.600000 LAMBDA0=-1.252681015411679e-01
UNSCALARIZED q=0.650000 LAMBDA0=-1.252681015415751e-01
UNSCALARIZED q=0.700000 LAMBDA0=-1.252681015416124e-01
UNSCALARIZED q=0.750000 LAMBDA0=-1.252681015416179e-01
UNSCALARIZED q=0.800000 LAMBDA0=-1.252681015416167e-01
UNSCALARIZED q=0.850000 LAMBDA0=-1.252681015416224e-01
UNSCALARIZED q=0.900000 LAMBDA0=-1.252681015416163e-01
UNSCALARIZED q=0.950000 LAMBDA0=-1.252681015416221e-01
UNSCALARIZED q=1.000000 LAMBDA0=-1.252681015416189e-01
SCALARIZATION_QCRIT=7.310784927176382e-03
SCALARIZATION_QCRIT_LAMBDA=-1.653468521291218e-07

=== STAGE F: BACKWARD SCALARIZED SOURCE CONTINUATION ===
SCALARIZED q=1.00000000 OMEGA=3.400000003848e-01 U0=+2.215821433969e+00 E_J=7.531325685902e+10 UN_LAMBDA=-1.252681e-01 RMS=7.679e-06
SCALARIZED q=0.99000000 OMEGA=3.400000003848e-01 U0=+2.215821433969e+00 E_J=7.531325685902e+10 UN_LAMBDA=-1.252681e-01 RMS=7.679e-06
SCALARIZED q=0.97000000 OMEGA=3.400000003848e-01 U0=+2.215821433969e+00 E_J=7.531325685902e+10 UN_LAMBDA=-1.252681e-01 RMS=7.679e-06
SCALARIZED q=0.93000000 OMEGA=3.400000003848e-01 U0=+2.215821433969e+00 E_J=7.531325685902e+10 UN_LAMBDA=-1.252681e-01 RMS=7.679e-06
SCALARIZED q=0.85000000 OMEGA=3.400000003848e-01 U0=+2.215821433969e+00 E_J=7.531325685902e+10 UN_LAMBDA=-1.252681e-01 RMS=7.679e-06
SCALARIZED q=0.70000000 OMEGA=3.400000003848e-01 U0=+2.215821433969e+00 E_J=7.531325685903e+10 UN_LAMBDA=-1.252681e-01 RMS=7.679e-06
SCALARIZED q=0.50000000 OMEGA=3.400000004099e-01 U0=+2.215821434006e+00 E_J=7.531325686258e+10 UN_LAMBDA=-1.252681e-01 RMS=7.679e-06
SCALARIZED q=0.30000000 OMEGA=3.400001815041e-01 U0=+2.215821778903e+00 E_J=7.531328414788e+10 UN_LAMBDA=-1.252678e-01 RMS=7.679e-06
SCALARIZED q=0.15000000 OMEGA=3.401420258837e-01 U0=+2.216142172436e+00 E_J=7.533567985033e+10 UN_LAMBDA=-1.249850e-01 RMS=7.686e-06
SCALARIZED q=0.07000000 OMEGA=3.450893904610e-01 U0=+2.227682607722e+00 E_J=7.613095244765e+10 UN_LAMBDA=-1.149804e-01 RMS=7.920e-06
SCALARIZED q=0.05731078 OMEGA=3.491284382895e-01 U0=+2.236361196713e+00 E_J=7.677578990902e+10 UN_LAMBDA=-1.071782e-01 RMS=6.498e-06
SCALARIZED q=0.03000000 OMEGA=3.748696262079e-01 U0=+2.267609085786e+00 E_J=8.067896137838e+10 UN_LAMBDA=-6.616570e-02 RMS=7.559e-06
SCALARIZED q=0.02731078 OMEGA=3.803192752554e-01 U0=+2.267742872902e+00 E_J=8.145131798030e+10 UN_LAMBDA=-5.922880e-02 RMS=7.785e-06
SCALARIZED q=0.01731078 OMEGA=4.126258888810e-01 U0=+2.203847986543e+00 E_J=8.556228041691e+10 UN_LAMBDA=-2.802899e-02 RMS=7.462e-06
SCALARIZED q=0.01231078 OMEGA=4.423352747105e-01 U0=+1.996402200150e+00 E_J=8.849081777189e+10 UN_LAMBDA=-1.107673e-02 RMS=6.996e-06
SCALARIZED q=0.01000000 OMEGA=4.622699156258e-01 U0=+1.708163994074e+00 E_J=8.987591481129e+10 UN_LAMBDA=-4.431228e-03 RMS=7.460e-06
SCALARIZED q=0.00731078 OMEGA=4.939603918730e-01 U0=+7.438555308025e-80 E_J=9.081596083675e+10 UN_LAMBDA=-1.629074e-07 RMS=7.923e-06
SCALARIZED q=0.00231078 OMEGA=4.939603918468e-01 U0=-1.139743239564e-225 E_J=9.081596083717e+10 UN_LAMBDA=+1.390341e-04 RMS=7.923e-06
SCALARIZED q=0.00000000 OMEGA=4.939603918468e-01 U0=+1.413027747106e-321 E_J=9.081596083717e+10 UN_LAMBDA=+1.394784e-04 RMS=7.923e-06
SCALARIZED_BRANCH_MIN_Q=1.000000000000000e-02
SCALARIZED_TO_TACHYON_GAP=2.689215072823619e-03
UNSTABLE_REGION_SCALARIZED_COVERAGE_PASS=True

=== STAGE G: COMPLETE ENERGY-MATCHED ADIABATIC PATH ===
Y_R_MODE_OVERLAP_GAIN=6.564242012545334e-02
MAPPED_GATE_ENERGY_1S_J=1.842894879077453e+04
MAPPED_STABILIZER_BARRIER_HALF_J=3.514542782112581e+01
PATH q=0.00000000 BRANCH=UNSCALARIZED E_SOURCE=9.081596081365e+10 E_Y=0.000000000000e+00 E_R=3.696648234106e+10 E_BAR=0.000000e+00 E_TOTAL=1.277824431547e+11
PATH q=0.00231078 BRANCH=UNSCALARIZED E_SOURCE=9.081596081365e+10 E_Y=3.768971618126e+07 E_R=3.689687521458e+10 E_BAR=3.241027e-01 E_TOTAL=1.277505257447e+11
PATH q=0.00731078 BRANCH=MISSING_STABLE_SCALARIZED E_SOURCE=nan E_Y=1.129678310009e+08 E_R=3.674619532729e+10 E_BAR=1.020248e+00 E_TOTAL=nan
PATH q=0.01000000 BRANCH=SCALARIZED E_SOURCE=8.987591481129e+10 E_Y=1.507052082379e+08 E_R=3.666511552538e+10 E_BAR=1.391759e+00 E_TOTAL=1.266917355463e+11
PATH q=0.01231078 BRANCH=SCALARIZED E_SOURCE=8.849081777189e+10 E_Y=1.819004054963e+08 E_R=3.659542457561e+10 E_BAR=1.709365e+00 E_TOTAL=1.252681427547e+11
PATH q=0.01731078 BRANCH=SCALARIZED E_SOURCE=8.556228041691e+10 E_Y=2.461577563656e+08 E_R=3.644456218237e+10 E_BAR=2.391452e+00 E_TOTAL=1.222530003580e+11
PATH q=0.02731078 BRANCH=SCALARIZED E_SOURCE=8.145131798030e+10 E_Y=3.644664866742e+08 E_R=3.614255931023e+10 E_BAR=3.734539e+00 E_TOTAL=1.179583437809e+11
PATH q=0.03000000 BRANCH=SCALARIZED E_SOURCE=8.067896137838e+10 E_Y=3.944610027985e+08 E_R=3.606128018521e+10 E_BAR=4.090928e+00 E_TOTAL=1.171347025705e+11
PATH q=0.05731078 BRANCH=SCALARIZED E_SOURCE=7.677578990902e+10 E_Y=6.700383897530e+08 E_R=3.523426714322e+10 E_BAR=7.595103e+00 E_TOTAL=1.126800954496e+11
PATH q=0.07000000 BRANCH=SCALARIZED E_SOURCE=7.613095244765e+10 E_Y=7.854404822034e+08 E_R=3.484901998341e+10 E_BAR=9.151869e+00 E_TOTAL=1.117654129224e+11
PATH q=0.15000000 BRANCH=SCALARIZED E_SOURCE=7.533567985033e+10 E_Y=1.418993189749e+09 E_R=3.240451648171e+10 E_BAR=1.792417e+01 E_TOTAL=1.091591895397e+11
PATH q=0.30000000 BRANCH=SCALARIZED E_SOURCE=7.531328414788e+10 E_Y=2.412346424394e+09 E_R=2.773518087140e+10 E_BAR=2.952216e+01 E_TOTAL=1.054608114732e+11
PATH q=0.50000000 BRANCH=SCALARIZED E_SOURCE=7.531325686258e+10 E_Y=3.583188265073e+09 E_R=2.126608020588e+10 E_BAR=3.514543e+01 E_TOTAL=1.001625253687e+11
PATH q=0.70000000 BRANCH=SCALARIZED E_SOURCE=7.531325685903e+10 E_Y=4.673187259568e+09 E_R=1.431718041483e+10 E_BAR=2.952216e+01 E_TOTAL=9.430362456295e+10
PATH q=0.85000000 BRANCH=SCALARIZED E_SOURCE=7.531325685902e+10 E_Y=5.459938215885e+09 E_R=8.421668369606e+09 E_BAR=1.792417e+01 E_TOTAL=8.919486346244e+10
PATH q=0.93000000 BRANCH=SCALARIZED E_SOURCE=7.531325685902e+10 E_Y=5.871820254404e+09 E_R=4.661558134564e+09 E_BAR=9.151869e+00 E_TOTAL=8.584663525714e+10
PATH q=0.97000000 BRANCH=SCALARIZED E_SOURCE=7.531325685902e+10 E_Y=6.076077766398e+09 E_R=2.341110401402e+09 E_BAR=4.090928e+00 E_TOTAL=8.373044503092e+10
PATH q=0.99000000 BRANCH=SCALARIZED E_SOURCE=7.531325685902e+10 E_Y=6.177819871000e+09 E_R=8.944294236660e+08 E_BAR=1.391759e+00 E_TOTAL=8.238550615508e+10
PATH q=1.00000000 BRANCH=SCALARIZED E_SOURCE=7.531325685902e+10 E_Y=6.228598108122e+09 E_R=0.000000000000e+00 E_BAR=0.000000e+00 E_TOTAL=8.154185496715e+10
PATH_ENDPOINT_RELERR=inf
REVERSIBLE_PATH_BARRIER_J=nan
MAX_ABS_PATH_CHIRP_HZ=inf
ENDPOINT_ENERGY_MATCH_PASS=False
FINITE_ADIABATIC_PATH_PASS=False

=== STAGE H: MULTISCALE SWITCHING / RADIATION GATE ===
M_S_EV=3.196803254561749e-06
M_S_THRESHOLD_HZ=7.729835880319116e+08
M_PHI_EV=5.979605466666666e-08
M_PHI_THRESHOLD_HZ=1.445862169354205e+07
SOURCE_ENVELOPE_HZ=1.000000000000000e+00
FUNDAMENTAL_S_RADIATION_CLOSED=False
SCALAR_ENVELOPE_RADIATION_CLOSED=True
RWA_FORWARD_FIDELITY=9.996270032432929e-01
RWA_REVERSE_FIDELITY=9.996270032432929e-01
RWA_FORWARD_NORM_ERROR=3.642974810702526e-12
RWA_REVERSE_NORM_ERROR=3.642974810702526e-12
BIDIRECTIONAL_CHARGE_TRANSFER_ENVELOPE_PASS=True
ENDPOINT_NET_SPATIAL_MOMENTUM_CHANGE=0_BY_SPHERICAL_COLOCATION
HIGHER_HARMONIC_AND_NONLINEAR_RADIATION_DEFERRED_TO_031F=YES

=== STAGE I: DECISION ===
ENERGY_PROVENANCE_PASS=False
ENERGY_MATCHED_R_PASS=True
SCALARIZATION_BRANCH_PASS=True
ENDPOINT_EQUALITY_PASS=False
ADIABATIC_PATH_PASS=False
INHERITED_BOUNDED_MIXER_PASS=True
MULTISCALE_RADIATION_PREFLIGHT_PASS=False
BIDIRECTIONAL_TRANSFER_PASS=True
031D3D2_CLASSIFICATION=YELLOW_OR_RED_D3D2_ENERGY_MATCHED_TRANSFER_CLOSEOUT_FAILED
FULL_D3D_ADIABATIC_MULTISCALE_CLOSED=False
FULL_CARRIER_RESOLVED_RADIAL_PDE_SOLVED=False
NONLINEAR_SWITCHING_STABILITY_CLOSED=False
FULL_EINSTEIN_BACKREACTION_CLOSED=False
EFT_NATURALNESS_EMPIRICAL_CLOSURE=False
PRACTICAL_DEVICE=NO
NEXT=DIAGNOSE_ONLY_FAILED_D3D2_ENERGY_BRANCH_PATH_OR_RADIATION_SUBGATE
SUMMARY_JSON=/Users/mymac/Desktop/antigravity_research/results/data/031d3d2_energy_matched_adiabatic_transfer_summary.json
PATH_CSV=/Users/mymac/Desktop/antigravity_research/results/data/031d3d2_energy_matched_transfer_path.csv
BRANCH_CSV=/Users/mymac/Desktop/antigravity_research/results/data/031d3d2_source_scalarization_branch.csv
