=== 031D3A-R METRIC EFT + FINITE-PAYLOAD REACTION GATE ===
D3A_GEOMETRIC_CAPACITY_INHERITED=YES
D3A_TINY_7E_MINUS23J_QUOTE_PROMOTED=NO
REASON=D3A_OPTIMUM_SATURATED_4PI_SELF_COUPLING_BOUNDARY
FULL_X_PHI_Y_COUPLED_FIELD_SOLVE=NO
PRIMARY_METRIC_CUTOFF_GEV=10.000000
PRIMARY_CUTOFF_IS_FINAL_UV_COMPLETION=NO
PRACTICAL_DEVICE=NO
M_X_EV=5.979605466666666e-06
M_C_GEV=6.858201405094178e+01
F_SOURCE_GEV=2.921719088485014e+01
PAYLOAD_MASS_KG=1.000000000000000e+00
PAYLOAD_RADIUS_M=1.000000000000000e-01
PAYLOAD_DENSITY_KG_M3=2.387324146378430e+02
PAYLOAD_TRACE_EV4=1.028967868345994e+18

=== STAGE A: RECONSTRUCT CERTIFIED SOURCE ===
SOURCE_U0=2.215821435154685e+00

=== STAGE B: ACTIVATION PROFILE RECONSTRUCTION ===
PROFILE OMEGA=0.200000 A0=+3.061335965323e+01
PROFILE OMEGA=0.250000 A0=-2.268719942511e+01
PROFILE OMEGA=0.300000 A0=+1.758488145923e+01
PROFILE OMEGA=0.350000 A0=+1.404828552664e+01
PROFILE OMEGA=0.400000 A0=+1.146398422440e+01
PROFILE OMEGA=0.450000 A0=+9.498545977991e+00
PROFILE OMEGA=0.500000 A0=+7.955666859735e+00
PROFILE OMEGA=0.550000 A0=+6.712393329242e+00
PROFILE OMEGA=0.600000 A0=+5.687716883244e+00
PAYLOAD_SAMPLE_COUNT=686

=== STAGE C: EXACT PAYLOAD ACTIVATION / REACTION SHAPES ===
PAYLOAD_SHAPE OMEGA=0.200000 MU=8.417228856e-02 F_MIN=1.000000000000e+00 F_MEAN=1.000000000000e+00 METRIC_GRAD_RELERR_MAX=0.000000e+00 PAYLOAD_REACTION_SHAPE_EV2=7.270807e-134
PAYLOAD_SHAPE OMEGA=0.200000 MU=8.675826382e-02 F_MIN=1.000000000000e+00 F_MEAN=1.000000000000e+00 METRIC_GRAD_RELERR_MAX=0.000000e+00 PAYLOAD_REACTION_SHAPE_EV2=1.291037e-131
PAYLOAD_SHAPE OMEGA=0.200000 MU=8.942368647e-02 F_MIN=1.000000000000e+00 F_MEAN=1.000000000000e+00 METRIC_GRAD_RELERR_MAX=0.000000e+00 PAYLOAD_REACTION_SHAPE_EV2=2.978672e-129
PAYLOAD_SHAPE OMEGA=0.200000 MU=9.217099732e-02 F_MIN=1.000000000000e+00 F_MEAN=1.000000000000e+00 METRIC_GRAD_RELERR_MAX=0.000000e+00 PAYLOAD_REACTION_SHAPE_EV2=9.007500e-127
PAYLOAD_SHAPE OMEGA=0.200000 MU=9.500271217e-02 F_MIN=1.000000000000e+00 F_MEAN=1.000000000000e+00 METRIC_GRAD_RELERR_MAX=0.000000e+00 PAYLOAD_REACTION_SHAPE_EV2=3.600136e-124
PAYLOAD_SHAPE OMEGA=0.200000 MU=9.792142412e-02 F_MIN=1.000000000000e+00 F_MEAN=1.000000000000e+00 METRIC_GRAD_RELERR_MAX=0.000000e+00 PAYLOAD_REACTION_SHAPE_EV2=1.917003e-121
PAYLOAD_SHAPE OMEGA=0.200000 MU=1.009298059e-01 F_MIN=1.000000000000e+00 F_MEAN=1.000000000000e+00 METRIC_GRAD_RELERR_MAX=0.000000e+00 PAYLOAD_REACTION_SHAPE_EV2=1.370068e-118
PAYLOAD_SHAPE OMEGA=0.200000 MU=1.040306124e-01 F_MIN=1.000000000000e+00 F_MEAN=1.000000000000e+00 METRIC_GRAD_RELERR_MAX=0.000000e+00 PAYLOAD_REACTION_SHAPE_EV2=1.323172e-115
PAYLOAD_SHAPE OMEGA=0.200000 MU=1.072266832e-01 F_MIN=1.000000000000e+00 F_MEAN=1.000000000000e+00 METRIC_GRAD_RELERR_MAX=0.000000e+00 PAYLOAD_REACTION_SHAPE_EV2=1.737141e-112
PAYLOAD_SHAPE OMEGA=0.200000 MU=1.105209450e-01 F_MIN=1.000000000000e+00 F_MEAN=1.000000000000e+00 METRIC_GRAD_RELERR_MAX=0.000000e+00 PAYLOAD_REACTION_SHAPE_EV2=3.115797e-109
PAYLOAD_SHAPE OMEGA=0.200000 MU=1.139164144e-01 F_MIN=1.000000000000e+00 F_MEAN=1.000000000000e+00 METRIC_GRAD_RELERR_MAX=0.000000e+00 PAYLOAD_REACTION_SHAPE_EV2=7.664676e-106
PAYLOAD_SHAPE OMEGA=0.200000 MU=1.174162008e-01 F_MIN=1.000000000000e+00 F_MEAN=1.000000000000e+00 METRIC_GRAD_RELERR_MAX=0.000000e+00 PAYLOAD_REACTION_SHAPE_EV2=2.592418e-102
PAYLOAD_SHAPE OMEGA=0.200000 MU=1.210235090e-01 F_MIN=1.000000000000e+00 F_MEAN=1.000000000000e+00 METRIC_GRAD_RELERR_MAX=0.000000e+00 PAYLOAD_REACTION_SHAPE_EV2=1.206784e-98
PAYLOAD_SHAPE OMEGA=0.200000 MU=1.247416424e-01 F_MIN=1.000000000000e+00 F_MEAN=1.000000000000e+00 METRIC_GRAD_RELERR_MAX=0.000000e+00 PAYLOAD_REACTION_SHAPE_EV2=7.725491e-95
PAYLOAD_SHAPE OMEGA=0.200000 MU=1.285740059e-01 F_MIN=1.000000000000e+00 F_MEAN=1.000000000000e+00 METRIC_GRAD_RELERR_MAX=0.000000e+00 PAYLOAD_REACTION_SHAPE_EV2=6.782395e-91
PAYLOAD_SHAPE OMEGA=0.200000 MU=1.325241088e-01 F_MIN=1.000000000000e+00 F_MEAN=1.000000000000e+00 METRIC_GRAD_RELERR_MAX=0.000000e+00 PAYLOAD_REACTION_SHAPE_EV2=8.124678e-87
PAYLOAD_SHAPE OMEGA=0.200000 MU=1.365955683e-01 F_MIN=1.000000000000e+00 F_MEAN=1.000000000000e+00 METRIC_GRAD_RELERR_MAX=0.000000e+00 PAYLOAD_REACTION_SHAPE_EV2=1.317963e-82
PAYLOAD_SHAPE OMEGA=0.200000 MU=1.407921129e-01 F_MIN=1.000000000000e+00 F_MEAN=1.000000000000e+00 METRIC_GRAD_RELERR_MAX=0.000000e+00 PAYLOAD_REACTION_SHAPE_EV2=2.865250e-78
PAYLOAD_SHAPE OMEGA=0.200000 MU=1.451175854e-01 F_MIN=1.000000000000e+00 F_MEAN=1.000000000000e+00 METRIC_GRAD_RELERR_MAX=0.000000e+00 PAYLOAD_REACTION_SHAPE_EV2=8.236277e-74
PAYLOAD_SHAPE OMEGA=0.200000 MU=1.495759469e-01 F_MIN=1.000000000000e+00 F_MEAN=1.000000000000e+00 METRIC_GRAD_RELERR_MAX=0.000000e+00 PAYLOAD_REACTION_SHAPE_EV2=3.078129e-69
PAYLOAD_SHAPE OMEGA=0.200000 MU=1.541712799e-01 F_MIN=1.000000000000e+00 F_MEAN=1.000000000000e+00 METRIC_GRAD_RELERR_MAX=0.000000e+00 PAYLOAD_REACTION_SHAPE_EV2=1.465268e-64
PAYLOAD_SHAPE OMEGA=0.200000 MU=1.589077927e-01 F_MIN=1.000000000000e+00 F_MEAN=1.000000000000e+00 METRIC_GRAD_RELERR_MAX=0.000000e+00 PAYLOAD_REACTION_SHAPE_EV2=8.669569e-60
PAYLOAD_SHAPE OMEGA=0.200000 MU=1.637898225e-01 F_MIN=1.000000000000e+00 F_MEAN=1.000000000000e+00 METRIC_GRAD_RELERR_MAX=0.000000e+00 PAYLOAD_REACTION_SHAPE_EV2=6.195549e-55
PAYLOAD_SHAPE OMEGA=0.200000 MU=1.688218400e-01 F_MIN=1.000000000000e+00 F_MEAN=1.000000000000e+00 METRIC_GRAD_RELERR_MAX=0.000000e+00 PAYLOAD_REACTION_SHAPE_EV2=5.173583e-50
PAYLOAD_SHAPE OMEGA=0.200000 MU=1.740084532e-01 F_MIN=1.000000000000e+00 F_MEAN=1.000000000000e+00 METRIC_GRAD_RELERR_MAX=0.000000e+00 PAYLOAD_REACTION_SHAPE_EV2=4.861293e-45
PAYLOAD_SHAPE OMEGA=0.200000 MU=1.793544116e-01 F_MIN=1.000000000000e+00 F_MEAN=1.000000000000e+00 METRIC_GRAD_RELERR_MAX=0.000000e+00 PAYLOAD_REACTION_SHAPE_EV2=4.926190e-40
PAYLOAD_SHAPE OMEGA=0.200000 MU=1.848646108e-01 F_MIN=1.000000000000e+00 F_MEAN=1.000000000000e+00 METRIC_GRAD_RELERR_MAX=0.000000e+00 PAYLOAD_REACTION_SHAPE_EV2=5.134746e-35
PAYLOAD_SHAPE OMEGA=0.200000 MU=1.905440965e-01 F_MIN=1.000000000000e+00 F_MEAN=1.000000000000e+00 METRIC_GRAD_RELERR_MAX=0.000000e+00 PAYLOAD_REACTION_SHAPE_EV2=5.225509e-30
PAYLOAD_SHAPE OMEGA=0.200000 MU=1.963980697e-01 F_MIN=1.000000000000e+00 F_MEAN=1.000000000000e+00 METRIC_GRAD_RELERR_MAX=0.000000e+00 PAYLOAD_REACTION_SHAPE_EV2=4.905098e-25
PAYLOAD_SHAPE OMEGA=0.200000 MU=2.024318910e-01 F_MIN=1.000000000000e+00 F_MEAN=1.000000000000e+00 METRIC_GRAD_RELERR_MAX=0.000000e+00 PAYLOAD_REACTION_SHAPE_EV2=3.994310e-20
PAYLOAD_SHAPE OMEGA=0.200000 MU=2.086510859e-01 F_MIN=1.000000000000e+00 F_MEAN=1.000000000000e+00 METRIC_GRAD_RELERR_MAX=0.000000e+00 PAYLOAD_REACTION_SHAPE_EV2=2.643025e-15
PAYLOAD_SHAPE OMEGA=0.200000 MU=2.150613493e-01 F_MIN=1.000000000000e+00 F_MEAN=1.000000000000e+00 METRIC_GRAD_RELERR_MAX=0.000000e+00 PAYLOAD_REACTION_SHAPE_EV2=1.326421e-10
PAYLOAD_SHAPE OMEGA=0.200000 MU=2.216685515e-01 F_MIN=1.000000000000e+00 F_MEAN=1.000000000000e+00 METRIC_GRAD_RELERR_MAX=0.000000e+00 PAYLOAD_REACTION_SHAPE_EV2=4.699204e-06
PAYLOAD_SHAPE OMEGA=0.200000 MU=2.284787429e-01 F_MIN=1.000000000000e+00 F_MEAN=1.000000000000e+00 METRIC_GRAD_RELERR_MAX=0.000000e+00 PAYLOAD_REACTION_SHAPE_EV2=1.091868e-01
PAYLOAD_SHAPE OMEGA=0.200000 MU=2.354981597e-01 F_MIN=1.000000000000e+00 F_MEAN=1.000000000000e+00 METRIC_GRAD_RELERR_MAX=0.000000e+00 PAYLOAD_REACTION_SHAPE_EV2=1.544783e+03
PAYLOAD_SHAPE OMEGA=0.200000 MU=2.427332299e-01 F_MIN=1.000000000000e+00 F_MEAN=1.000000000000e+00 METRIC_GRAD_RELERR_MAX=0.000000e+00 PAYLOAD_REACTION_SHAPE_EV2=1.236471e+07
PAYLOAD_SHAPE OMEGA=0.200000 MU=2.501905789e-01 F_MIN=1.000000000000e+00 F_MEAN=1.000000000000e+00 METRIC_GRAD_RELERR_MAX=0.000000e+00 PAYLOAD_REACTION_SHAPE_EV2=5.214571e+10
PAYLOAD_SHAPE OMEGA=0.200000 MU=2.657996387e-01 F_MIN=9.999999999990e-01 F_MEAN=1.000000000000e+00 METRIC_GRAD_RELERR_MAX=7.133124e-11 PAYLOAD_REACTION_SHAPE_EV2=1.044605e+17
PAYLOAD_SHAPE OMEGA=0.200000 MU=2.739656432e-01 F_MIN=9.999999995178e-01 F_MEAN=9.999999999955e-01 METRIC_GRAD_RELERR_MAX=3.055510e-08 PAYLOAD_REACTION_SHAPE_EV2=4.433450e+19
PAYLOAD_SHAPE OMEGA=0.200000 MU=2.823825271e-01 F_MIN=9.999998973458e-01 F_MEAN=9.999999987273e-01 METRIC_GRAD_RELERR_MAX=5.539057e-06 PAYLOAD_REACTION_SHAPE_EV2=7.951995e+21
PAYLOAD_SHAPE OMEGA=0.200000 MU=2.910579979e-01 F_MIN=9.999906649383e-01 F_MEAN=9.999998405423e-01 METRIC_GRAD_RELERR_MAX=4.150887e-04 PAYLOAD_REACTION_SHAPE_EV2=5.865783e+23
PAYLOAD_SHAPE OMEGA=0.200000 MU=3.000000000e-01 F_MIN=9.996362557083e-01 F_MEAN=9.999909923377e-01 METRIC_GRAD_RELERR_MAX=1.277959e-02 PAYLOAD_REACTION_SHAPE_EV2=1.761677e+25
PAYLOAD_SHAPE OMEGA=0.250000 MU=7.457654628e-02 F_MIN=1.000000000000e+00 F_MEAN=1.000000000000e+00 METRIC_GRAD_RELERR_MAX=0.000000e+00 PAYLOAD_REACTION_SHAPE_EV2=5.532390e-56
PAYLOAD_SHAPE OMEGA=0.250000 MU=7.686771725e-02 F_MIN=1.000000000000e+00 F_MEAN=1.000000000000e+00 METRIC_GRAD_RELERR_MAX=0.000000e+00 PAYLOAD_REACTION_SHAPE_EV2=1.510146e-54
PAYLOAD_SHAPE OMEGA=0.250000 MU=7.922927851e-02 F_MIN=1.000000000000e+00 F_MEAN=1.000000000000e+00 METRIC_GRAD_RELERR_MAX=0.000000e+00 PAYLOAD_REACTION_SHAPE_EV2=4.830144e-53
PAYLOAD_SHAPE OMEGA=0.250000 MU=8.166339261e-02 F_MIN=1.000000000000e+00 F_MEAN=1.000000000000e+00 METRIC_GRAD_RELERR_MAX=0.000000e+00 PAYLOAD_REACTION_SHAPE_EV2=1.817401e-51
PAYLOAD_SHAPE OMEGA=0.250000 MU=8.417228856e-02 F_MIN=1.000000000000e+00 F_MEAN=1.000000000000e+00 METRIC_GRAD_RELERR_MAX=0.000000e+00 PAYLOAD_REACTION_SHAPE_EV2=8.073029e-50
PAYLOAD_SHAPE OMEGA=0.250000 MU=8.675826382e-02 F_MIN=1.000000000000e+00 F_MEAN=1.000000000000e+00 METRIC_GRAD_RELERR_MAX=0.000000e+00 PAYLOAD_REACTION_SHAPE_EV2=4.246770e-48
PAYLOAD_SHAPE OMEGA=0.250000 MU=8.942368647e-02 F_MIN=1.000000000000e+00 F_MEAN=1.000000000000e+00 METRIC_GRAD_RELERR_MAX=0.000000e+00 PAYLOAD_REACTION_SHAPE_EV2=2.652254e-46
PAYLOAD_SHAPE OMEGA=0.250000 MU=9.217099732e-02 F_MIN=1.000000000000e+00 F_MEAN=1.000000000000e+00 METRIC_GRAD_RELERR_MAX=0.000000e+00 PAYLOAD_REACTION_SHAPE_EV2=1.970229e-44
PAYLOAD_SHAPE OMEGA=0.250000 MU=9.500271217e-02 F_MIN=1.000000000000e+00 F_MEAN=1.000000000000e+00 METRIC_GRAD_RELERR_MAX=0.000000e+00 PAYLOAD_REACTION_SHAPE_EV2=1.742772e-42
PAYLOAD_SHAPE OMEGA=0.250000 MU=9.792142412e-02 F_MIN=1.000000000000e+00 F_MEAN=1.000000000000e+00 METRIC_GRAD_RELERR_MAX=0.000000e+00 PAYLOAD_REACTION_SHAPE_EV2=1.836028e-40
PAYLOAD_SHAPE OMEGA=0.250000 MU=1.009298059e-01 F_MIN=1.000000000000e+00 F_MEAN=1.000000000000e+00 METRIC_GRAD_RELERR_MAX=0.000000e+00 PAYLOAD_REACTION_SHAPE_EV2=2.301898e-38
PAYLOAD_SHAPE OMEGA=0.250000 MU=1.040306124e-01 F_MIN=1.000000000000e+00 F_MEAN=1.000000000000e+00 METRIC_GRAD_RELERR_MAX=0.000000e+00 PAYLOAD_REACTION_SHAPE_EV2=3.427809e-36
PAYLOAD_SHAPE OMEGA=0.250000 MU=1.072266832e-01 F_MIN=1.000000000000e+00 F_MEAN=1.000000000000e+00 METRIC_GRAD_RELERR_MAX=0.000000e+00 PAYLOAD_REACTION_SHAPE_EV2=6.043203e-34
PAYLOAD_SHAPE OMEGA=0.250000 MU=1.105209450e-01 F_MIN=1.000000000000e+00 F_MEAN=1.000000000000e+00 METRIC_GRAD_RELERR_MAX=0.000000e+00 PAYLOAD_REACTION_SHAPE_EV2=1.255483e-31
PAYLOAD_SHAPE OMEGA=0.250000 MU=1.139164144e-01 F_MIN=1.000000000000e+00 F_MEAN=1.000000000000e+00 METRIC_GRAD_RELERR_MAX=0.000000e+00 PAYLOAD_REACTION_SHAPE_EV2=3.054427e-29
PAYLOAD_SHAPE OMEGA=0.250000 MU=1.174162008e-01 F_MIN=1.000000000000e+00 F_MEAN=1.000000000000e+00 METRIC_GRAD_RELERR_MAX=0.000000e+00 PAYLOAD_REACTION_SHAPE_EV2=8.632741e-27
PAYLOAD_SHAPE OMEGA=0.250000 MU=1.210235090e-01 F_MIN=1.000000000000e+00 F_MEAN=1.000000000000e+00 METRIC_GRAD_RELERR_MAX=0.000000e+00 PAYLOAD_REACTION_SHAPE_EV2=2.806502e-24
PAYLOAD_SHAPE OMEGA=0.250000 MU=1.247416424e-01 F_MIN=1.000000000000e+00 F_MEAN=1.000000000000e+00 METRIC_GRAD_RELERR_MAX=0.000000e+00 PAYLOAD_REACTION_SHAPE_EV2=1.037012e-21
PAYLOAD_SHAPE OMEGA=0.250000 MU=1.285740059e-01 F_MIN=1.000000000000e+00 F_MEAN=1.000000000000e+00 METRIC_GRAD_RELERR_MAX=0.000000e+00 PAYLOAD_REACTION_SHAPE_EV2=4.293886e-19
PAYLOAD_SHAPE OMEGA=0.250000 MU=1.325241088e-01 F_MIN=1.000000000000e+00 F_MEAN=1.000000000000e+00 METRIC_GRAD_RELERR_MAX=0.000000e+00 PAYLOAD_REACTION_SHAPE_EV2=1.959719e-16
PAYLOAD_SHAPE OMEGA=0.250000 MU=1.365955683e-01 F_MIN=1.000000000000e+00 F_MEAN=1.000000000000e+00 METRIC_GRAD_RELERR_MAX=0.000000e+00 PAYLOAD_REACTION_SHAPE_EV2=9.673271e-14
PAYLOAD_SHAPE OMEGA=0.250000 MU=1.407921129e-01 F_MIN=1.000000000000e+00 F_MEAN=1.000000000000e+00 METRIC_GRAD_RELERR_MAX=0.000000e+00 PAYLOAD_REACTION_SHAPE_EV2=5.054017e-11
PAYLOAD_SHAPE OMEGA=0.250000 MU=1.451175854e-01 F_MIN=1.000000000000e+00 F_MEAN=1.000000000000e+00 METRIC_GRAD_RELERR_MAX=0.000000e+00 PAYLOAD_REACTION_SHAPE_EV2=2.728300e-08
PAYLOAD_SHAPE OMEGA=0.250000 MU=1.495759469e-01 F_MIN=1.000000000000e+00 F_MEAN=1.000000000000e+00 METRIC_GRAD_RELERR_MAX=0.000000e+00 PAYLOAD_REACTION_SHAPE_EV2=1.481483e-05
PAYLOAD_SHAPE OMEGA=0.250000 MU=1.541712799e-01 F_MIN=1.000000000000e+00 F_MEAN=1.000000000000e+00 METRIC_GRAD_RELERR_MAX=0.000000e+00 PAYLOAD_REACTION_SHAPE_EV2=7.857187e-03
PAYLOAD_SHAPE OMEGA=0.250000 MU=1.589077927e-01 F_MIN=1.000000000000e+00 F_MEAN=1.000000000000e+00 METRIC_GRAD_RELERR_MAX=0.000000e+00 PAYLOAD_REACTION_SHAPE_EV2=3.941987e+00
PAYLOAD_SHAPE OMEGA=0.250000 MU=1.637898225e-01 F_MIN=1.000000000000e+00 F_MEAN=1.000000000000e+00 METRIC_GRAD_RELERR_MAX=0.000000e+00 PAYLOAD_REACTION_SHAPE_EV2=1.807654e+03
PAYLOAD_SHAPE OMEGA=0.250000 MU=1.688218400e-01 F_MIN=1.000000000000e+00 F_MEAN=1.000000000000e+00 METRIC_GRAD_RELERR_MAX=0.000000e+00 PAYLOAD_REACTION_SHAPE_EV2=7.304761e+05
PAYLOAD_SHAPE OMEGA=0.250000 MU=1.740084532e-01 F_MIN=1.000000000000e+00 F_MEAN=1.000000000000e+00 METRIC_GRAD_RELERR_MAX=0.000000e+00 PAYLOAD_REACTION_SHAPE_EV2=2.503420e+08
PAYLOAD_SHAPE OMEGA=0.250000 MU=1.793544116e-01 F_MIN=1.000000000000e+00 F_MEAN=1.000000000000e+00 METRIC_GRAD_RELERR_MAX=0.000000e+00 PAYLOAD_REACTION_SHAPE_EV2=6.992608e+10
PAYLOAD_SHAPE OMEGA=0.250000 MU=1.848646108e-01 F_MIN=1.000000000000e+00 F_MEAN=1.000000000000e+00 METRIC_GRAD_RELERR_MAX=5.169467e-15 PAYLOAD_REACTION_SHAPE_EV2=1.528603e+13
PAYLOAD_SHAPE OMEGA=0.250000 MU=1.905440965e-01 F_MIN=1.000000000000e+00 F_MEAN=1.000000000000e+00 METRIC_GRAD_RELERR_MAX=9.037168e-13 PAYLOAD_REACTION_SHAPE_EV2=2.510674e+15
PAYLOAD_SHAPE OMEGA=0.250000 MU=1.963980697e-01 F_MIN=9.999999999979e-01 F_MEAN=1.000000000000e+00 METRIC_GRAD_RELERR_MAX=1.098119e-10 PAYLOAD_REACTION_SHAPE_EV2=2.976281e+17
PAYLOAD_SHAPE OMEGA=0.250000 MU=2.024318910e-01 F_MIN=9.999999998045e-01 F_MEAN=9.999999999968e-01 METRIC_GRAD_RELERR_MAX=9.219675e-09 PAYLOAD_REACTION_SHAPE_EV2=2.449857e+19
PAYLOAD_SHAPE OMEGA=0.250000 MU=2.086510859e-01 F_MIN=9.999999878955e-01 F_MEAN=9.999999997655e-01 METRIC_GRAD_RELERR_MAX=5.162688e-07 PAYLOAD_REACTION_SHAPE_EV2=1.350432e+21
PAYLOAD_SHAPE OMEGA=0.250000 MU=2.150613493e-01 F_MIN=9.999995065580e-01 F_MEAN=9.999999883905e-01 METRIC_GRAD_RELERR_MAX=1.868259e-05 PAYLOAD_REACTION_SHAPE_EV2=4.825316e+22
PAYLOAD_SHAPE OMEGA=0.250000 MU=2.216685515e-01 F_MIN=9.999870486695e-01 F_MEAN=9.999996188215e-01 METRIC_GRAD_RELERR_MAX=4.256165e-04 PAYLOAD_REACTION_SHAPE_EV2=1.087108e+24
PAYLOAD_SHAPE OMEGA=0.250000 MU=2.284787429e-01 F_MIN=9.997843073862e-01 F_MEAN=9.999917951093e-01 METRIC_GRAD_RELERR_MAX=5.985811e-03 PAYLOAD_REACTION_SHAPE_EV2=1.511600e+25
PAYLOAD_SHAPE OMEGA=0.300000 MU=6.607473018e-02 F_MIN=1.000000000000e+00 F_MEAN=1.000000000000e+00 METRIC_GRAD_RELERR_MAX=0.000000e+00 PAYLOAD_REACTION_SHAPE_EV2=3.102957e-20
PAYLOAD_SHAPE OMEGA=0.300000 MU=6.810470490e-02 F_MIN=1.000000000000e+00 F_MEAN=1.000000000000e+00 METRIC_GRAD_RELERR_MAX=0.000000e+00 PAYLOAD_REACTION_SHAPE_EV2=2.656450e-19
PAYLOAD_SHAPE OMEGA=0.300000 MU=7.019704533e-02 F_MIN=1.000000000000e+00 F_MEAN=1.000000000000e+00 METRIC_GRAD_RELERR_MAX=0.000000e+00 PAYLOAD_REACTION_SHAPE_EV2=2.511756e-18
PAYLOAD_SHAPE OMEGA=0.300000 MU=7.235366749e-02 F_MIN=1.000000000000e+00 F_MEAN=1.000000000000e+00 METRIC_GRAD_RELERR_MAX=0.000000e+00 PAYLOAD_REACTION_SHAPE_EV2=2.627877e-17
PAYLOAD_SHAPE OMEGA=0.300000 MU=7.457654628e-02 F_MIN=1.000000000000e+00 F_MEAN=1.000000000000e+00 METRIC_GRAD_RELERR_MAX=0.000000e+00 PAYLOAD_REACTION_SHAPE_EV2=3.046780e-16
PAYLOAD_SHAPE OMEGA=0.300000 MU=7.686771725e-02 F_MIN=1.000000000000e+00 F_MEAN=1.000000000000e+00 METRIC_GRAD_RELERR_MAX=0.000000e+00 PAYLOAD_REACTION_SHAPE_EV2=3.918955e-15
PAYLOAD_SHAPE OMEGA=0.300000 MU=7.922927851e-02 F_MIN=1.000000000000e+00 F_MEAN=1.000000000000e+00 METRIC_GRAD_RELERR_MAX=0.000000e+00 PAYLOAD_REACTION_SHAPE_EV2=5.595994e-14
PAYLOAD_SHAPE OMEGA=0.300000 MU=8.166339261e-02 F_MIN=1.000000000000e+00 F_MEAN=1.000000000000e+00 METRIC_GRAD_RELERR_MAX=0.000000e+00 PAYLOAD_REACTION_SHAPE_EV2=8.871905e-13
PAYLOAD_SHAPE OMEGA=0.300000 MU=8.417228856e-02 F_MIN=1.000000000000e+00 F_MEAN=1.000000000000e+00 METRIC_GRAD_RELERR_MAX=0.000000e+00 PAYLOAD_REACTION_SHAPE_EV2=1.560920e-11
PAYLOAD_SHAPE OMEGA=0.300000 MU=8.675826382e-02 F_MIN=1.000000000000e+00 F_MEAN=1.000000000000e+00 METRIC_GRAD_RELERR_MAX=0.000000e+00 PAYLOAD_REACTION_SHAPE_EV2=3.044127e-10
PAYLOAD_SHAPE OMEGA=0.300000 MU=8.942368647e-02 F_MIN=1.000000000000e+00 F_MEAN=1.000000000000e+00 METRIC_GRAD_RELERR_MAX=0.000000e+00 PAYLOAD_REACTION_SHAPE_EV2=6.567836e-09
PAYLOAD_SHAPE OMEGA=0.300000 MU=9.217099732e-02 F_MIN=1.000000000000e+00 F_MEAN=1.000000000000e+00 METRIC_GRAD_RELERR_MAX=0.000000e+00 PAYLOAD_REACTION_SHAPE_EV2=1.563311e-07
PAYLOAD_SHAPE OMEGA=0.300000 MU=9.500271217e-02 F_MIN=1.000000000000e+00 F_MEAN=1.000000000000e+00 METRIC_GRAD_RELERR_MAX=0.000000e+00 PAYLOAD_REACTION_SHAPE_EV2=4.089825e-06
PAYLOAD_SHAPE OMEGA=0.300000 MU=9.792142412e-02 F_MIN=1.000000000000e+00 F_MEAN=1.000000000000e+00 METRIC_GRAD_RELERR_MAX=0.000000e+00 PAYLOAD_REACTION_SHAPE_EV2=1.170361e-04
PAYLOAD_SHAPE OMEGA=0.300000 MU=1.009298059e-01 F_MIN=1.000000000000e+00 F_MEAN=1.000000000000e+00 METRIC_GRAD_RELERR_MAX=0.000000e+00 PAYLOAD_REACTION_SHAPE_EV2=3.641794e-03
PAYLOAD_SHAPE OMEGA=0.300000 MU=1.040306124e-01 F_MIN=1.000000000000e+00 F_MEAN=1.000000000000e+00 METRIC_GRAD_RELERR_MAX=0.000000e+00 PAYLOAD_REACTION_SHAPE_EV2=1.223435e-01
PAYLOAD_SHAPE OMEGA=0.300000 MU=1.072266832e-01 F_MIN=1.000000000000e+00 F_MEAN=1.000000000000e+00 METRIC_GRAD_RELERR_MAX=0.000000e+00 PAYLOAD_REACTION_SHAPE_EV2=4.399799e+00
PAYLOAD_SHAPE OMEGA=0.300000 MU=1.105209450e-01 F_MIN=1.000000000000e+00 F_MEAN=1.000000000000e+00 METRIC_GRAD_RELERR_MAX=0.000000e+00 PAYLOAD_REACTION_SHAPE_EV2=1.677177e+02
PAYLOAD_SHAPE OMEGA=0.300000 MU=1.139164144e-01 F_MIN=1.000000000000e+00 F_MEAN=1.000000000000e+00 METRIC_GRAD_RELERR_MAX=0.000000e+00 PAYLOAD_REACTION_SHAPE_EV2=6.700169e+03
PAYLOAD_SHAPE OMEGA=0.300000 MU=1.174162008e-01 F_MIN=1.000000000000e+00 F_MEAN=1.000000000000e+00 METRIC_GRAD_RELERR_MAX=0.000000e+00 PAYLOAD_REACTION_SHAPE_EV2=2.769205e+05
PAYLOAD_SHAPE OMEGA=0.300000 MU=1.210235090e-01 F_MIN=1.000000000000e+00 F_MEAN=1.000000000000e+00 METRIC_GRAD_RELERR_MAX=0.000000e+00 PAYLOAD_REACTION_SHAPE_EV2=1.167093e+07
PAYLOAD_SHAPE OMEGA=0.300000 MU=1.247416424e-01 F_MIN=1.000000000000e+00 F_MEAN=1.000000000000e+00 METRIC_GRAD_RELERR_MAX=0.000000e+00 PAYLOAD_REACTION_SHAPE_EV2=4.935887e+08
PAYLOAD_SHAPE OMEGA=0.300000 MU=1.285740059e-01 F_MIN=1.000000000000e+00 F_MEAN=1.000000000000e+00 METRIC_GRAD_RELERR_MAX=0.000000e+00 PAYLOAD_REACTION_SHAPE_EV2=2.058153e+10
PAYLOAD_SHAPE OMEGA=0.300000 MU=1.325241088e-01 F_MIN=1.000000000000e+00 F_MEAN=1.000000000000e+00 METRIC_GRAD_RELERR_MAX=1.174879e-16 PAYLOAD_REACTION_SHAPE_EV2=8.300843e+11
PAYLOAD_SHAPE OMEGA=0.300000 MU=1.365955683e-01 F_MIN=1.000000000000e+00 F_MEAN=1.000000000000e+00 METRIC_GRAD_RELERR_MAX=5.521930e-15 PAYLOAD_REACTION_SHAPE_EV2=3.172135e+13
PAYLOAD_SHAPE OMEGA=0.300000 MU=1.407921129e-01 F_MIN=1.000000000000e+00 F_MEAN=1.000000000000e+00 METRIC_GRAD_RELERR_MAX=2.106558e-13 PAYLOAD_REACTION_SHAPE_EV2=1.123705e+15
PAYLOAD_SHAPE OMEGA=0.300000 MU=1.451175854e-01 F_MIN=9.999999999998e-01 F_MEAN=1.000000000000e+00 METRIC_GRAD_RELERR_MAX=7.084872e-12 PAYLOAD_REACTION_SHAPE_EV2=3.605996e+16
PAYLOAD_SHAPE OMEGA=0.300000 MU=1.495759469e-01 F_MIN=9.999999999942e-01 F_MEAN=9.999999999998e-01 METRIC_GRAD_RELERR_MAX=2.095941e-10 PAYLOAD_REACTION_SHAPE_EV2=1.023516e+18
PAYLOAD_SHAPE OMEGA=0.300000 MU=1.541712799e-01 F_MIN=9.999999998464e-01 F_MEAN=9.999999999956e-01 METRIC_GRAD_RELERR_MAX=5.325514e-09 PAYLOAD_REACTION_SHAPE_EV2=2.507517e+19
PAYLOAD_SHAPE OMEGA=0.300000 MU=1.589077927e-01 F_MIN=9.999999965314e-01 F_MEAN=9.999999998908e-01 METRIC_GRAD_RELERR_MAX=1.133867e-07 PAYLOAD_REACTION_SHAPE_EV2=5.173433e+20
PAYLOAD_SHAPE OMEGA=0.300000 MU=1.637898225e-01 F_MIN=9.999999351800e-01 F_MEAN=9.999999977208e-01 METRIC_GRAD_RELERR_MAX=1.974367e-06 PAYLOAD_REACTION_SHAPE_EV2=8.772502e+21
PAYLOAD_SHAPE OMEGA=0.300000 MU=1.688218400e-01 F_MIN=9.999990189652e-01 F_MEAN=9.999999607509e-01 METRIC_GRAD_RELERR_MAX=2.746716e-05 PAYLOAD_REACTION_SHAPE_EV2=1.194108e+23
PAYLOAD_SHAPE OMEGA=0.300000 MU=1.740084532e-01 F_MIN=9.999882085600e-01 F_MEAN=9.999994521180e-01 METRIC_GRAD_RELERR_MAX=2.987120e-04 PAYLOAD_REACTION_SHAPE_EV2=1.276155e+24
PAYLOAD_SHAPE OMEGA=0.300000 MU=1.793544116e-01 F_MIN=9.998893204339e-01 F_MEAN=9.999938938719e-01 METRIC_GRAD_RELERR_MAX=2.490280e-03 PAYLOAD_REACTION_SHAPE_EV2=1.049442e+25
PAYLOAD_SHAPE OMEGA=0.300000 MU=1.848646108e-01 F_MIN=9.991992107654e-01 F_MEAN=9.999462926946e-01 METRIC_GRAD_RELERR_MAX=1.565222e-02 PAYLOAD_REACTION_SHAPE_EV2=6.526845e+25
PAYLOAD_SHAPE OMEGA=0.350000 MU=6.034068651e-02 F_MIN=1.000000000000e+00 F_MEAN=1.000000000000e+00 METRIC_GRAD_RELERR_MAX=0.000000e+00 PAYLOAD_REACTION_SHAPE_EV2=3.969737e-01
PAYLOAD_SHAPE OMEGA=0.350000 MU=6.219449761e-02 F_MIN=1.000000000000e+00 F_MEAN=1.000000000000e+00 METRIC_GRAD_RELERR_MAX=0.000000e+00 PAYLOAD_REACTION_SHAPE_EV2=1.734009e+00
PAYLOAD_SHAPE OMEGA=0.350000 MU=6.410526225e-02 F_MIN=1.000000000000e+00 F_MEAN=1.000000000000e+00 METRIC_GRAD_RELERR_MAX=0.000000e+00 PAYLOAD_REACTION_SHAPE_EV2=8.085504e+00
PAYLOAD_SHAPE OMEGA=0.350000 MU=6.607473018e-02 F_MIN=1.000000000000e+00 F_MEAN=1.000000000000e+00 METRIC_GRAD_RELERR_MAX=0.000000e+00 PAYLOAD_REACTION_SHAPE_EV2=4.027433e+01
PAYLOAD_SHAPE OMEGA=0.350000 MU=6.810470490e-02 F_MIN=1.000000000000e+00 F_MEAN=1.000000000000e+00 METRIC_GRAD_RELERR_MAX=0.000000e+00 PAYLOAD_REACTION_SHAPE_EV2=2.143807e+02
PAYLOAD_SHAPE OMEGA=0.350000 MU=7.019704533e-02 F_MIN=1.000000000000e+00 F_MEAN=1.000000000000e+00 METRIC_GRAD_RELERR_MAX=0.000000e+00 PAYLOAD_REACTION_SHAPE_EV2=1.219557e+03
PAYLOAD_SHAPE OMEGA=0.350000 MU=7.235366749e-02 F_MIN=1.000000000000e+00 F_MEAN=1.000000000000e+00 METRIC_GRAD_RELERR_MAX=0.000000e+00 PAYLOAD_REACTION_SHAPE_EV2=7.411947e+03
PAYLOAD_SHAPE OMEGA=0.350000 MU=7.457654628e-02 F_MIN=1.000000000000e+00 F_MEAN=1.000000000000e+00 METRIC_GRAD_RELERR_MAX=0.000000e+00 PAYLOAD_REACTION_SHAPE_EV2=4.808829e+04
PAYLOAD_SHAPE OMEGA=0.350000 MU=7.686771725e-02 F_MIN=1.000000000000e+00 F_MEAN=1.000000000000e+00 METRIC_GRAD_RELERR_MAX=0.000000e+00 PAYLOAD_REACTION_SHAPE_EV2=3.326384e+05
PAYLOAD_SHAPE OMEGA=0.350000 MU=7.922927851e-02 F_MIN=1.000000000000e+00 F_MEAN=1.000000000000e+00 METRIC_GRAD_RELERR_MAX=0.000000e+00 PAYLOAD_REACTION_SHAPE_EV2=2.448734e+06
PAYLOAD_SHAPE OMEGA=0.350000 MU=8.166339261e-02 F_MIN=1.000000000000e+00 F_MEAN=1.000000000000e+00 METRIC_GRAD_RELERR_MAX=0.000000e+00 PAYLOAD_REACTION_SHAPE_EV2=1.913782e+07
PAYLOAD_SHAPE OMEGA=0.350000 MU=8.417228856e-02 F_MIN=1.000000000000e+00 F_MEAN=1.000000000000e+00 METRIC_GRAD_RELERR_MAX=0.000000e+00 PAYLOAD_REACTION_SHAPE_EV2=1.582999e+08
PAYLOAD_SHAPE OMEGA=0.350000 MU=8.675826382e-02 F_MIN=1.000000000000e+00 F_MEAN=1.000000000000e+00 METRIC_GRAD_RELERR_MAX=0.000000e+00 PAYLOAD_REACTION_SHAPE_EV2=1.380527e+09
PAYLOAD_SHAPE OMEGA=0.350000 MU=8.942368647e-02 F_MIN=1.000000000000e+00 F_MEAN=1.000000000000e+00 METRIC_GRAD_RELERR_MAX=0.000000e+00 PAYLOAD_REACTION_SHAPE_EV2=1.263520e+10
PAYLOAD_SHAPE OMEGA=0.350000 MU=9.217099732e-02 F_MIN=1.000000000000e+00 F_MEAN=1.000000000000e+00 METRIC_GRAD_RELERR_MAX=0.000000e+00 PAYLOAD_REACTION_SHAPE_EV2=1.207045e+11
PAYLOAD_SHAPE OMEGA=0.350000 MU=9.500271217e-02 F_MIN=1.000000000000e+00 F_MEAN=1.000000000000e+00 METRIC_GRAD_RELERR_MAX=1.174879e-16 PAYLOAD_REACTION_SHAPE_EV2=1.195943e+12
PAYLOAD_SHAPE OMEGA=0.350000 MU=9.792142412e-02 F_MIN=1.000000000000e+00 F_MEAN=1.000000000000e+00 METRIC_GRAD_RELERR_MAX=9.399030e-16 PAYLOAD_REACTION_SHAPE_EV2=1.220044e+13
PAYLOAD_SHAPE OMEGA=0.350000 MU=1.009298059e-01 F_MIN=1.000000000000e+00 F_MEAN=1.000000000000e+00 METRIC_GRAD_RELERR_MAX=1.045642e-14 PAYLOAD_REACTION_SHAPE_EV2=1.270944e+14
PAYLOAD_SHAPE OMEGA=0.350000 MU=1.040306124e-01 F_MIN=1.000000000000e+00 F_MEAN=1.000000000000e+00 METRIC_GRAD_RELERR_MAX=1.197201e-13 PAYLOAD_REACTION_SHAPE_EV2=1.339476e+15
PAYLOAD_SHAPE OMEGA=0.350000 MU=1.072266832e-01 F_MIN=9.999999999999e-01 F_MEAN=1.000000000000e+00 METRIC_GRAD_RELERR_MAX=1.350406e-12 PAYLOAD_REACTION_SHAPE_EV2=1.413615e+16
PAYLOAD_SHAPE OMEGA=0.350000 MU=1.105209450e-01 F_MIN=9.999999999994e-01 F_MEAN=1.000000000000e+00 METRIC_GRAD_RELERR_MAX=1.504397e-11 PAYLOAD_REACTION_SHAPE_EV2=1.477094e+17
PAYLOAD_SHAPE OMEGA=0.350000 MU=1.139164144e-01 F_MIN=9.999999999936e-01 F_MEAN=9.999999999997e-01 METRIC_GRAD_RELERR_MAX=1.632675e-10 PAYLOAD_REACTION_SHAPE_EV2=1.509505e+18
PAYLOAD_SHAPE OMEGA=0.350000 MU=1.174162008e-01 F_MIN=9.999999999320e-01 F_MEAN=9.999999999966e-01 METRIC_GRAD_RELERR_MAX=1.703204e-09 PAYLOAD_REACTION_SHAPE_EV2=1.488938e+19
PAYLOAD_SHAPE OMEGA=0.350000 MU=1.210235090e-01 F_MIN=9.999999993117e-01 F_MEAN=9.999999999639e-01 METRIC_GRAD_RELERR_MAX=1.683711e-08 PAYLOAD_REACTION_SHAPE_EV2=1.397772e+20
PAYLOAD_SHAPE OMEGA=0.350000 MU=1.247416424e-01 F_MIN=9.999999934431e-01 F_MEAN=9.999999996406e-01 METRIC_GRAD_RELERR_MAX=1.553815e-07 PAYLOAD_REACTION_SHAPE_EV2=1.230557e+21
PAYLOAD_SHAPE OMEGA=0.350000 MU=1.285740059e-01 F_MIN=9.999999421115e-01 F_MEAN=9.999999966423e-01 METRIC_GRAD_RELERR_MAX=1.318017e-06 PAYLOAD_REACTION_SHAPE_EV2=1.000492e+22
PAYLOAD_SHAPE OMEGA=0.350000 MU=1.325241088e-01 F_MIN=9.999995333309e-01 F_MEAN=9.999999709876e-01 METRIC_GRAD_RELERR_MAX=1.011445e-05 PAYLOAD_REACTION_SHAPE_EV2=7.395179e+22
PAYLOAD_SHAPE OMEGA=0.350000 MU=1.365955683e-01 F_MIN=9.999966151112e-01 F_MEAN=9.999997713189e-01 METRIC_GRAD_RELERR_MAX=6.910865e-05 PAYLOAD_REACTION_SHAPE_EV2=4.891286e+23
PAYLOAD_SHAPE OMEGA=0.350000 MU=1.407921129e-01 F_MIN=9.999782235487e-01 F_MEAN=9.999983773632e-01 METRIC_GRAD_RELERR_MAX=4.138538e-04 PAYLOAD_REACTION_SHAPE_EV2=2.849784e+24
PAYLOAD_SHAPE OMEGA=0.350000 MU=1.451175854e-01 F_MIN=9.998773981912e-01 F_MEAN=9.999897636007e-01 METRIC_GRAD_RELERR_MAX=2.139304e-03 PAYLOAD_REACTION_SHAPE_EV2=1.440435e+25
PAYLOAD_SHAPE OMEGA=0.350000 MU=1.495759469e-01 F_MIN=9.994032296379e-01 F_MEAN=9.999432285071e-01 METRIC_GRAD_RELERR_MAX=9.409884e-03 PAYLOAD_REACTION_SHAPE_EV2=6.226124e+25
PAYLOAD_SHAPE OMEGA=0.400000 MU=5.679718514e-02 F_MIN=1.000000000000e+00 F_MEAN=1.000000000000e+00 METRIC_GRAD_RELERR_MAX=0.000000e+00 PAYLOAD_REACTION_SHAPE_EV2=5.270567e+10
PAYLOAD_SHAPE OMEGA=0.400000 MU=5.854213135e-02 F_MIN=1.000000000000e+00 F_MEAN=1.000000000000e+00 METRIC_GRAD_RELERR_MAX=0.000000e+00 PAYLOAD_REACTION_SHAPE_EV2=1.521627e+11
PAYLOAD_SHAPE OMEGA=0.400000 MU=6.034068651e-02 F_MIN=1.000000000000e+00 F_MEAN=1.000000000000e+00 METRIC_GRAD_RELERR_MAX=0.000000e+00 PAYLOAD_REACTION_SHAPE_EV2=4.590639e+11
PAYLOAD_SHAPE OMEGA=0.400000 MU=6.219449761e-02 F_MIN=1.000000000000e+00 F_MEAN=1.000000000000e+00 METRIC_GRAD_RELERR_MAX=0.000000e+00 PAYLOAD_REACTION_SHAPE_EV2=1.447187e+12
PAYLOAD_SHAPE OMEGA=0.400000 MU=6.410526225e-02 F_MIN=1.000000000000e+00 F_MEAN=1.000000000000e+00 METRIC_GRAD_RELERR_MAX=1.174879e-16 PAYLOAD_REACTION_SHAPE_EV2=4.765600e+12
PAYLOAD_SHAPE OMEGA=0.400000 MU=6.607473018e-02 F_MIN=1.000000000000e+00 F_MEAN=1.000000000000e+00 METRIC_GRAD_RELERR_MAX=4.699515e-16 PAYLOAD_REACTION_SHAPE_EV2=1.638230e+13
PAYLOAD_SHAPE OMEGA=0.400000 MU=6.810470490e-02 F_MIN=1.000000000000e+00 F_MEAN=1.000000000000e+00 METRIC_GRAD_RELERR_MAX=1.409855e-15 PAYLOAD_REACTION_SHAPE_EV2=5.873137e+13
PAYLOAD_SHAPE OMEGA=0.400000 MU=7.019704533e-02 F_MIN=1.000000000000e+00 F_MEAN=1.000000000000e+00 METRIC_GRAD_RELERR_MAX=6.344346e-15 PAYLOAD_REACTION_SHAPE_EV2=2.192869e+14
PAYLOAD_SHAPE OMEGA=0.400000 MU=7.235366749e-02 F_MIN=1.000000000000e+00 F_MEAN=1.000000000000e+00 METRIC_GRAD_RELERR_MAX=2.702221e-14 PAYLOAD_REACTION_SHAPE_EV2=8.511953e+14
PAYLOAD_SHAPE OMEGA=0.400000 MU=7.457654628e-02 F_MIN=1.000000000000e+00 F_MEAN=1.000000000000e+00 METRIC_GRAD_RELERR_MAX=1.187802e-13 PAYLOAD_REACTION_SHAPE_EV2=3.427262e+15
PAYLOAD_SHAPE OMEGA=0.400000 MU=7.686771725e-02 F_MIN=1.000000000000e+00 F_MEAN=1.000000000000e+00 METRIC_GRAD_RELERR_MAX=5.403268e-13 PAYLOAD_REACTION_SHAPE_EV2=1.427506e+16
PAYLOAD_SHAPE OMEGA=0.400000 MU=7.922927851e-02 F_MIN=9.999999999998e-01 F_MEAN=1.000000000000e+00 METRIC_GRAD_RELERR_MAX=2.527987e-12 PAYLOAD_REACTION_SHAPE_EV2=6.130532e+16
PAYLOAD_SHAPE OMEGA=0.400000 MU=8.166339261e-02 F_MIN=9.999999999993e-01 F_MEAN=9.999999999999e-01 METRIC_GRAD_RELERR_MAX=1.211547e-11 PAYLOAD_REACTION_SHAPE_EV2=2.704183e+17
PAYLOAD_SHAPE OMEGA=0.400000 MU=8.417228856e-02 F_MIN=9.999999999964e-01 F_MEAN=9.999999999996e-01 METRIC_GRAD_RELERR_MAX=5.920719e-11 PAYLOAD_REACTION_SHAPE_EV2=1.219706e+18
PAYLOAD_SHAPE OMEGA=0.400000 MU=8.675826382e-02 F_MIN=9.999999999825e-01 F_MEAN=9.999999999983e-01 METRIC_GRAD_RELERR_MAX=2.934937e-10 PAYLOAD_REACTION_SHAPE_EV2=5.596841e+18
PAYLOAD_SHAPE OMEGA=0.400000 MU=8.942368647e-02 F_MIN=9.999999999131e-01 F_MEAN=9.999999999917e-01 METRIC_GRAD_RELERR_MAX=1.467016e-09 PAYLOAD_REACTION_SHAPE_EV2=2.597764e+19
PAYLOAD_SHAPE OMEGA=0.400000 MU=9.217099732e-02 F_MIN=9.999999995659e-01 F_MEAN=9.999999999587e-01 METRIC_GRAD_RELERR_MAX=7.345236e-09 PAYLOAD_REACTION_SHAPE_EV2=1.211806e+20
PAYLOAD_SHAPE OMEGA=0.400000 MU=9.500271217e-02 F_MIN=9.999999978323e-01 F_MEAN=9.999999997937e-01 METRIC_GRAD_RELERR_MAX=3.657089e-08 PAYLOAD_REACTION_SHAPE_EV2=5.641008e+20
PAYLOAD_SHAPE OMEGA=0.400000 MU=9.792142412e-02 F_MIN=9.999999892657e-01 F_MEAN=9.999999989714e-01 METRIC_GRAD_RELERR_MAX=1.796198e-07 PAYLOAD_REACTION_SHAPE_EV2=2.600114e+21
PAYLOAD_SHAPE OMEGA=0.400000 MU=1.009298059e-01 F_MIN=9.999999477154e-01 F_MEAN=9.999999949170e-01 METRIC_GRAD_RELERR_MAX=8.627937e-07 PAYLOAD_REACTION_SHAPE_EV2=1.176742e+22
PAYLOAD_SHAPE OMEGA=0.400000 MU=1.040306124e-01 F_MIN=9.999997516701e-01 F_MEAN=9.999999752981e-01 METRIC_GRAD_RELERR_MAX=4.015821e-06 PAYLOAD_REACTION_SHAPE_EV2=5.182049e+22
PAYLOAD_SHAPE OMEGA=0.400000 MU=1.072266832e-01 F_MIN=9.999988603347e-01 F_MEAN=9.999998829497e-01 METRIC_GRAD_RELERR_MAX=1.793489e-05 PAYLOAD_REACTION_SHAPE_EV2=2.199347e+23
PAYLOAD_SHAPE OMEGA=0.400000 MU=1.105209450e-01 F_MIN=9.999949938588e-01 F_MEAN=9.999994639190e-01 METRIC_GRAD_RELERR_MAX=7.607172e-05 PAYLOAD_REACTION_SHAPE_EV2=8.906309e+23
PAYLOAD_SHAPE OMEGA=0.400000 MU=1.139164144e-01 F_MIN=9.999791551949e-01 F_MEAN=9.999976482351e-01 METRIC_GRAD_RELERR_MAX=3.032067e-04 PAYLOAD_REACTION_SHAPE_EV2=3.405641e+24
PAYLOAD_SHAPE OMEGA=0.400000 MU=1.174162008e-01 F_MIN=9.999185230995e-01 F_MEAN=9.999902066664e-01 METRIC_GRAD_RELERR_MAX=1.123426e-03 PAYLOAD_REACTION_SHAPE_EV2=1.216709e+25
PAYLOAD_SHAPE OMEGA=0.400000 MU=1.210235090e-01 F_MIN=9.997038870556e-01 F_MEAN=9.999616324654e-01 METRIC_GRAD_RELERR_MAX=3.827532e-03 PAYLOAD_REACTION_SHAPE_EV2=4.018160e+25
PAYLOAD_SHAPE OMEGA=0.400000 MU=1.247416424e-01 F_MIN=9.990085089171e-01 F_MEAN=9.998597954410e-01 METRIC_GRAD_RELERR_MAX=1.186308e-02 PAYLOAD_REACTION_SHAPE_EV2=1.213808e+26
PAYLOAD_SHAPE OMEGA=0.450000 MU=5.346177557e-02 F_MIN=9.999999999997e-01 F_MEAN=9.999999999999e-01 METRIC_GRAD_RELERR_MAX=2.167886e-12 PAYLOAD_REACTION_SHAPE_EV2=1.873611e+17
PAYLOAD_SHAPE OMEGA=0.450000 MU=5.510424997e-02 F_MIN=9.999999999994e-01 F_MEAN=9.999999999998e-01 METRIC_GRAD_RELERR_MAX=5.142327e-12 PAYLOAD_REACTION_SHAPE_EV2=4.005962e+17
PAYLOAD_SHAPE OMEGA=0.450000 MU=5.679718514e-02 F_MIN=9.999999999986e-01 F_MEAN=9.999999999997e-01 METRIC_GRAD_RELERR_MAX=1.254406e-11 PAYLOAD_REACTION_SHAPE_EV2=8.823950e+17
PAYLOAD_SHAPE OMEGA=0.450000 MU=5.854213135e-02 F_MIN=9.999999999965e-01 F_MEAN=9.999999999992e-01 METRIC_GRAD_RELERR_MAX=3.145374e-11 PAYLOAD_REACTION_SHAPE_EV2=2.001566e+18
PAYLOAD_SHAPE OMEGA=0.450000 MU=6.034068651e-02 F_MIN=9.999999999913e-01 F_MEAN=9.999999999981e-01 METRIC_GRAD_RELERR_MAX=8.101060e-11 PAYLOAD_REACTION_SHAPE_EV2=4.672498e+18
PAYLOAD_SHAPE OMEGA=0.450000 MU=6.219449761e-02 F_MIN=9.999999999777e-01 F_MEAN=9.999999999954e-01 METRIC_GRAD_RELERR_MAX=2.140992e-10 PAYLOAD_REACTION_SHAPE_EV2=1.121530e+19
PAYLOAD_SHAPE OMEGA=0.450000 MU=6.410526225e-02 F_MIN=9.999999999414e-01 F_MEAN=9.999999999884e-01 METRIC_GRAD_RELERR_MAX=5.798771e-10 PAYLOAD_REACTION_SHAPE_EV2=2.764664e+19
PAYLOAD_SHAPE OMEGA=0.450000 MU=6.607473018e-02 F_MIN=9.999999998421e-01 F_MEAN=9.999999999697e-01 METRIC_GRAD_RELERR_MAX=1.606971e-09 PAYLOAD_REACTION_SHAPE_EV2=6.988693e+19
PAYLOAD_SHAPE OMEGA=0.450000 MU=6.810470490e-02 F_MIN=9.999999995641e-01 F_MEAN=9.999999999189e-01 METRIC_GRAD_RELERR_MAX=4.547616e-09 PAYLOAD_REACTION_SHAPE_EV2=1.808328e+20
PAYLOAD_SHAPE OMEGA=0.450000 MU=7.019704533e-02 F_MIN=9.999999987699e-01 F_MEAN=9.999999997776e-01 METRIC_GRAD_RELERR_MAX=1.311151e-08 PAYLOAD_REACTION_SHAPE_EV2=4.778956e+20
PAYLOAD_SHAPE OMEGA=0.450000 MU=7.235366749e-02 F_MIN=9.999999964622e-01 F_MEAN=9.999999993766e-01 METRIC_GRAD_RELERR_MAX=3.840870e-08 PAYLOAD_REACTION_SHAPE_EV2=1.286592e+21
PAYLOAD_SHAPE OMEGA=0.450000 MU=7.457654628e-02 F_MIN=9.999999896587e-01 F_MEAN=9.999999982169e-01 METRIC_GRAD_RELERR_MAX=1.139580e-07 PAYLOAD_REACTION_SHAPE_EV2=3.518017e+21
PAYLOAD_SHAPE OMEGA=0.450000 MU=7.686771725e-02 F_MIN=9.999999693786e-01 F_MEAN=9.999999948120e-01 METRIC_GRAD_RELERR_MAX=3.412202e-07 PAYLOAD_REACTION_SHAPE_EV2=9.736723e+21
PAYLOAD_SHAPE OMEGA=0.450000 MU=7.922927851e-02 F_MIN=9.999999084948e-01 F_MEAN=9.999999846964e-01 METRIC_GRAD_RELERR_MAX=1.026913e-06 PAYLOAD_REACTION_SHAPE_EV2=2.717049e+22
PAYLOAD_SHAPE OMEGA=0.450000 MU=8.166339261e-02 F_MIN=9.999997252001e-01 F_MEAN=9.999999544039e-01 METRIC_GRAD_RELERR_MAX=3.092217e-06 PAYLOAD_REACTION_SHAPE_EV2=7.611365e+22
PAYLOAD_SHAPE OMEGA=0.450000 MU=8.417228856e-02 F_MIN=9.999991744802e-01 F_MEAN=9.999998633524e-01 METRIC_GRAD_RELERR_MAX=9.269638e-06 PAYLOAD_REACTION_SHAPE_EV2=2.130175e+23
PAYLOAD_SHAPE OMEGA=0.450000 MU=8.675826382e-02 F_MIN=9.999975317799e-01 F_MEAN=9.999995899532e-01 METRIC_GRAD_RELERR_MAX=2.751210e-05 PAYLOAD_REACTION_SHAPE_EV2=5.924618e+23
PAYLOAD_SHAPE OMEGA=0.450000 MU=8.942368647e-02 F_MIN=9.999926950646e-01 F_MEAN=9.999987740622e-01 METRIC_GRAD_RELERR_MAX=8.036429e-05 PAYLOAD_REACTION_SHAPE_EV2=1.628194e+24
PAYLOAD_SHAPE OMEGA=0.450000 MU=9.217099732e-02 F_MIN=9.999787236706e-01 F_MEAN=9.999963675546e-01 METRIC_GRAD_RELERR_MAX=2.295616e-04 PAYLOAD_REACTION_SHAPE_EV2=4.394151e+24
PAYLOAD_SHAPE OMEGA=0.450000 MU=9.500271217e-02 F_MIN=9.999393877589e-01 F_MEAN=9.999893932566e-01 METRIC_GRAD_RELERR_MAX=6.369070e-04 PAYLOAD_REACTION_SHAPE_EV2=1.156962e+25
PAYLOAD_SHAPE OMEGA=0.450000 MU=9.792142412e-02 F_MIN=9.998321824766e-01 F_MEAN=9.999696565424e-01 METRIC_GRAD_RELERR_MAX=1.704056e-03 PAYLOAD_REACTION_SHAPE_EV2=2.951505e+25
PAYLOAD_SHAPE OMEGA=0.450000 MU=1.009298059e-01 F_MIN=9.995513664140e-01 F_MEAN=9.999154681246e-01 METRIC_GRAD_RELERR_MAX=4.364042e-03 PAYLOAD_REACTION_SHAPE_EV2=7.243318e+25
PAYLOAD_SHAPE OMEGA=0.500000 MU=5.186825787e-02 F_MIN=9.999999939937e-01 F_MEAN=9.999999979839e-01 METRIC_GRAD_RELERR_MAX=3.505408e-08 PAYLOAD_REACTION_SHAPE_EV2=3.507739e+21
PAYLOAD_SHAPE OMEGA=0.500000 MU=5.346177557e-02 F_MIN=9.999999887871e-01 F_MEAN=9.999999963576e-01 METRIC_GRAD_RELERR_MAX=6.797196e-08 PAYLOAD_REACTION_SHAPE_EV2=6.144850e+21
PAYLOAD_SHAPE OMEGA=0.500000 MU=5.510424997e-02 F_MIN=9.999999786442e-01 F_MEAN=9.999999932797e-01 METRIC_GRAD_RELERR_MAX=1.341388e-07 PAYLOAD_REACTION_SHAPE_EV2=1.097857e+22
PAYLOAD_SHAPE OMEGA=0.500000 MU=5.679718514e-02 F_MIN=9.999999585330e-01 F_MEAN=9.999999873435e-01 METRIC_GRAD_RELERR_MAX=2.691926e-07 PAYLOAD_REACTION_SHAPE_EV2=1.999029e+22
PAYLOAD_SHAPE OMEGA=0.500000 MU=5.854213135e-02 F_MIN=9.999999179840e-01 F_MEAN=9.999999756832e-01 METRIC_GRAD_RELERR_MAX=5.487971e-07 PAYLOAD_REACTION_SHAPE_EV2=3.706200e+22
PAYLOAD_SHAPE OMEGA=0.500000 MU=6.034068651e-02 F_MIN=9.999998349458e-01 F_MEAN=9.999999523776e-01 METRIC_GRAD_RELERR_MAX=1.135152e-06 PAYLOAD_REACTION_SHAPE_EV2=6.988359e+22
PAYLOAD_SHAPE OMEGA=0.500000 MU=6.219449761e-02 F_MIN=9.999996624738e-01 F_MEAN=9.999999050311e-01 METRIC_GRAD_RELERR_MAX=2.378652e-06 PAYLOAD_REACTION_SHAPE_EV2=1.338294e+23
PAYLOAD_SHAPE OMEGA=0.500000 MU=6.410526225e-02 F_MIN=9.999992997529e-01 F_MEAN=9.999998073965e-01 METRIC_GRAD_RELERR_MAX=5.040399e-06 PAYLOAD_REACTION_SHAPE_EV2=2.598580e+23
PAYLOAD_SHAPE OMEGA=0.500000 MU=6.607473018e-02 F_MIN=9.999985288679e-01 F_MEAN=9.999996033575e-01 METRIC_GRAD_RELERR_MAX=1.077829e-05 PAYLOAD_REACTION_SHAPE_EV2=5.106053e+23
PAYLOAD_SHAPE OMEGA=0.500000 MU=6.810470490e-02 F_MIN=9.999968769449e-01 F_MEAN=9.999991720393e-01 METRIC_GRAD_RELERR_MAX=2.320306e-05 PAYLOAD_REACTION_SHAPE_EV2=1.013038e+24
PAYLOAD_SHAPE OMEGA=0.500000 MU=7.019704533e-02 F_MIN=9.999933168848e-01 F_MEAN=9.999982517723e-01 METRIC_GRAD_RELERR_MAX=5.014968e-05 PAYLOAD_REACTION_SHAPE_EV2=2.024179e+24
PAYLOAD_SHAPE OMEGA=0.500000 MU=7.235366749e-02 F_MIN=9.999856231694e-01 F_MEAN=9.999962748653e-01 METRIC_GRAD_RELERR_MAX=1.084902e-04 PAYLOAD_REACTION_SHAPE_EV2=4.061682e+24
PAYLOAD_SHAPE OMEGA=0.500000 MU=7.457654628e-02 F_MIN=9.999690033466e-01 F_MEAN=9.999920109853e-01 METRIC_GRAD_RELERR_MAX=2.341172e-04 PAYLOAD_REACTION_SHAPE_EV2=8.158391e+24
PAYLOAD_SHAPE OMEGA=0.500000 MU=7.686771725e-02 F_MIN=9.999332444742e-01 F_MEAN=9.999828059717e-01 METRIC_GRAD_RELERR_MAX=5.020736e-04 PAYLOAD_REACTION_SHAPE_EV2=1.634591e+25
PAYLOAD_SHAPE OMEGA=0.500000 MU=7.922927851e-02 F_MIN=9.998569099314e-01 F_MEAN=9.999629832084e-01 METRIC_GRAD_RELERR_MAX=1.065647e-03 PAYLOAD_REACTION_SHAPE_EV2=3.254180e+25
PAYLOAD_SHAPE OMEGA=0.500000 MU=8.166339261e-02 F_MIN=9.996959147735e-01 F_MEAN=9.999205590559e-01 METRIC_GRAD_RELERR_MAX=2.228666e-03 PAYLOAD_REACTION_SHAPE_EV2=6.410429e+25
PAYLOAD_SHAPE OMEGA=0.500000 MU=8.417228856e-02 F_MIN=9.993619476318e-01 F_MEAN=9.998306844774e-01 METRIC_GRAD_RELERR_MAX=4.570868e-03 PAYLOAD_REACTION_SHAPE_EV2=1.243948e+26
PAYLOAD_SHAPE OMEGA=0.550000 MU=5.032223762e-02 F_MIN=9.999966200972e-01 F_MEAN=9.999985628128e-01 METRIC_GRAD_RELERR_MAX=1.407043e-05 PAYLOAD_REACTION_SHAPE_EV2=1.697288e+24
PAYLOAD_SHAPE OMEGA=0.550000 MU=5.186825787e-02 F_MIN=9.999945894875e-01 F_MEAN=9.999977533309e-01 METRIC_GRAD_RELERR_MAX=2.332732e-05 PAYLOAD_REACTION_SHAPE_EV2=2.546811e+24
PAYLOAD_SHAPE OMEGA=0.550000 MU=5.346177557e-02 F_MIN=9.999912255755e-01 F_MEAN=9.999964380387e-01 METRIC_GRAD_RELERR_MAX=3.906495e-05 PAYLOAD_REACTION_SHAPE_EV2=3.869873e+24
PAYLOAD_SHAPE OMEGA=0.550000 MU=5.510424997e-02 F_MIN=9.999855953080e-01 F_MEAN=9.999942756980e-01 METRIC_GRAD_RELERR_MAX=6.601884e-05 PAYLOAD_REACTION_SHAPE_EV2=5.949629e+24
PAYLOAD_SHAPE OMEGA=0.550000 MU=5.679718514e-02 F_MIN=9.999760844210e-01 F_MEAN=9.999906817959e-01 METRIC_GRAD_RELERR_MAX=1.124650e-04 PAYLOAD_REACTION_SHAPE_EV2=9.245585e+24
PAYLOAD_SHAPE OMEGA=0.550000 MU=5.854213135e-02 F_MIN=9.999598894839e-01 F_MEAN=9.999846488776e-01 METRIC_GRAD_RELERR_MAX=1.928672e-04 PAYLOAD_REACTION_SHAPE_EV2=1.450460e+25
PAYLOAD_SHAPE OMEGA=0.550000 MU=6.034068651e-02 F_MIN=9.999321323803e-01 F_MEAN=9.999744322784e-01 METRIC_GRAD_RELERR_MAX=3.324438e-04 PAYLOAD_REACTION_SHAPE_EV2=2.293993e+25
PAYLOAD_SHAPE OMEGA=0.550000 MU=6.219449761e-02 F_MIN=9.998843263654e-01 F_MEAN=9.999570015252e-01 METRIC_GRAD_RELERR_MAX=5.749437e-04 PAYLOAD_REACTION_SHAPE_EV2=3.651642e+25
PAYLOAD_SHAPE OMEGA=0.550000 MU=6.410526225e-02 F_MIN=9.998017447510e-01 F_MEAN=9.999270871546e-01 METRIC_GRAD_RELERR_MAX=9.956413e-04 PAYLOAD_REACTION_SHAPE_EV2=5.839718e+25
PAYLOAD_SHAPE OMEGA=0.550000 MU=6.607473018e-02 F_MIN=9.996589691499e-01 F_MEAN=9.998755374073e-01 METRIC_GRAD_RELERR_MAX=1.722526e-03 PAYLOAD_REACTION_SHAPE_EV2=9.362689e+25
PAYLOAD_SHAPE OMEGA=0.550000 MU=6.810470490e-02 F_MIN=9.994124969791e-01 F_MEAN=9.997865172467e-01 METRIC_GRAD_RELERR_MAX=2.969726e-03 PAYLOAD_REACTION_SHAPE_EV2=1.501444e+26
PAYLOAD_SHAPE OMEGA=0.600000 MU=5.032223762e-02 F_MIN=9.997084024760e-01 F_MEAN=9.998516587253e-01 METRIC_GRAD_RELERR_MAX=8.631386e-04 PAYLOAD_REACTION_SHAPE_EV2=1.193808e+26
PAYLOAD_SHAPE OMEGA=0.600000 MU=5.186825787e-02 F_MIN=9.995821701006e-01 F_MEAN=9.997907003200e-01 METRIC_GRAD_RELERR_MAX=1.273235e-03 PAYLOAD_REACTION_SHAPE_EV2=1.600523e+26
PAYLOAD_SHAPE OMEGA=0.600000 MU=5.346177557e-02 F_MIN=9.993968283306e-01 F_MEAN=9.997020998074e-01 METRIC_GRAD_RELERR_MAX=1.885010e-03 PAYLOAD_REACTION_SHAPE_EV2=2.160406e+26
PAYLOAD_SHAPE OMEGA=0.600000 MU=5.510424997e-02 F_MIN=9.991235736712e-01 F_MEAN=9.995725669980e-01 METRIC_GRAD_RELERR_MAX=2.797765e-03 PAYLOAD_REACTION_SHAPE_EV2=2.933085e+26

=== STAGE D: METRIC-CUTOFF SENSITIVITY LADDER ===
CUTOFF LAMBDA_GEV=1.000000e-03 PASSERS=183 BEST_OMEGA=0.350000 BEST_MU=6.410526225e-02 BEST_V_GEV=1.458108243e-08 BEST_E_GJ=1.413339685489e-15 BEST_FRACTION=1.162729722888e-17 BEST_Q=5.280471309280e+19 PAYLOAD_REACTION=3.803011e-02 METRIC_GRAD_ERR=0.000000e+00
CUTOFF LAMBDA_GEV=1.000000e+00 PASSERS=192 BEST_OMEGA=0.400000 BEST_MU=6.607473018e-02 BEST_V_GEV=1.458108243e-02 BEST_E_GJ=8.110663363327e-04 BEST_FRACTION=6.672500221781e-06 BEST_Q=2.590597571723e+31 PAYLOAD_REACTION=7.705401e-02 METRIC_GRAD_ERR=4.699515e-16
CUTOFF LAMBDA_GEV=1.000000e+01 PASSERS=195 BEST_OMEGA=0.450000 BEST_MU=5.346177557e-02 BEST_V_GEV=1.458108243e+00 BEST_E_GJ=6.228597773926e+00 BEST_FRACTION=5.124157934581e-02 BEST_Q=2.201803600112e+35 PAYLOAD_REACTION=8.812517e-02 METRIC_GRAD_ERR=2.167886e-12
CUTOFF LAMBDA_GEV=1.000000e+02 PASSERS=206 BEST_OMEGA=0.450000 BEST_MU=7.235366749e-02 BEST_V_GEV=1.458108243e+02 BEST_E_GJ=4.602280822080e+04 BEST_FRACTION=3.786215557273e+02 BEST_Q=1.202110069192e+39 PAYLOAD_REACTION=6.051475e-02 METRIC_GRAD_ERR=3.840870e-08

=== STAGE E: PRIMARY 10-GEV PREFLIGHT DECISION ===
PRIMARY_OMEGA_ACTIVATION=4.500000000000000e-01
PRIMARY_MU_MA_OVER_MX=5.346177557001615e-02
PRIMARY_M_A_EV=3.196803254561750e-07
PRIMARY_V_GEV=1.458108242865562e+00
PRIMARY_METRIC_OPERATOR_SCALE_GEV=1.000000000000000e+01
PRIMARY_SELF_COUPLING=4.806758325545668e-32
PRIMARY_PAYLOAD_F_MIN=9.999999999997287e-01
PRIMARY_METRIC_GRADIENT_RELERR_MAX=2.167886355036306e-12
PRIMARY_SOURCE_REACTION_RATIO=7.621901079304424e-15
PRIMARY_PAYLOAD_REACTION_RATIO=8.812516897724004e-02
PRIMARY_ACTIVATION_CHARGE=2.201803600111565e+35
PRIMARY_ACTIVATION_ENERGY_GJ=6.228597773926
PRIMARY_ACTIVATION_ENERGY_FRACTION=5.124157934580780e-02
OPTIMISTIC_TOTAL_WITH_ACTIVATION_GJ=127.782184791444
PRIMARY_10GEV_PREFLIGHT_PASS=True
STRESS_100GEV_BEST_ACTIVATION_GJ=46022.808220802210
STRESS_100GEV_ENERGY_FRACTION=3.786215557272647e+02
031D3AR_CLASSIFICATION=GREEN_D3AR_U1_METRIC_ACTIVATION_SURVIVES_10GEV_EFT_PAYLOAD_REACTION_AND_INTERIOR_SELF_COUPLING_PREFLIGHT
NEXT=031D3B_FULL_FIXED_QX_QY_COUPLED_X_PHI_Y_METRIC_ACTIVATION_SOLVE
D3A_ORIGINAL_TINY_ENERGY_QUOTE_PROMOTED=NO
10GEV_CUTOFF_IS_FINAL_UV_COMPLETION=NO
100GEV_STRESS_TEST_IS_PROMOTION_REQUIREMENT=NO
FULL_X_PHI_Y_COUPLED_FIELD_SOLVE=NO
COUPLED_STABILITY_CLOSED=NO
CHARGE_INJECTION_RESET_CLOSED=NO
RADIATION_CLOSED=NO
FULL_METRIC_BACKREACTION_CLOSED=NO
RADIATIVE_NATURALNESS_CLOSED=NO
EMPIRICAL_CLOSURE=NO
PRACTICAL_DEVICE=NO
SUMMARY_JSON=/Users/mymac/Desktop/antigravity_research/results/data/031d3ar_metric_eft_payload_summary.json
SCAN_CSV=/Users/mymac/Desktop/antigravity_research/results/data/031d3ar_metric_eft_payload_scan.csv
