=== 031D3C-R SURGICAL ARPACK/GOLDSTONE CLOSEOUT ===
BROAD_L0_TO_L8_RERUN=NO
SWITCHING_LEDGER_RERUN=NO
ONLY_PREVIOUSLY_INCOMPLETE_RIGHTMOST_CASES=YES
NEW_L1_FINE_GRID_H=0.1875
ORIGINAL_D3C_ARTIFACTS_OVERWRITTEN=NO
PRACTICAL_DEVICE=NO
OMEGA_X=3.399999998876553e-01
OMEGA_Y=4.500000012825411e-01
MU=5.346177557001615e-02
RHO_Y=2.490592146370240e-03

=== STAGE A: RECONSTRUCT BACKGROUNDS ===
SOURCE_U0=2.215821146105762e+00
ACTIVATION_A0=9.498545933641751e+00

=== STAGE B: IDENTIFY INCOMPLETE RIGHTMOST CASES ===
RIGHTMOST_REPAIR_CASE_COUNT=5
RIGHTMOST_REPAIR_CASES=L1@H0.5,L0@H0.5,L2@H0.375,L1@H0.375,L0@H0.375

=== STAGE C: SURGICAL RIGHTMOST ARPACK REPAIR ===
START_RIGHTMOST L=1 H=0.500000
RIGHTMOST_RESULT L=1 H=0.500000 DIM=11990 RETURNED=0/4 COMPLETE=False MAX_RAW_RE=+nan MAX_PHYS_RE=-inf COMMON_OV=0.000000000
START_RIGHTMOST L=0 H=0.500000
RIGHTMOST_RESULT L=0 H=0.500000 DIM=11990 RETURNED=0/3 COMPLETE=False MAX_RAW_RE=+nan MAX_PHYS_RE=-inf COMMON_OV=0.000000000
START_RIGHTMOST L=2 H=0.375000
RIGHTMOST_RESULT L=2 H=0.375000 DIM=15990 RETURNED=0/2 COMPLETE=False MAX_RAW_RE=+nan MAX_PHYS_RE=-inf COMMON_OV=0.000000000
START_RIGHTMOST L=1 H=0.375000
RIGHTMOST_RESULT L=1 H=0.375000 DIM=15990 RETURNED=0/4 COMPLETE=False MAX_RAW_RE=+nan MAX_PHYS_RE=-inf COMMON_OV=0.000000000
START_RIGHTMOST L=0 H=0.375000
RIGHTMOST_RESULT L=0 H=0.375000 DIM=15990 RETURNED=0/3 COMPLETE=False MAX_RAW_RE=+nan MAX_PHYS_RE=-inf COMMON_OV=0.000000000
RIGHTMOST_ALL_REPAIRS_COMPLETE=False
RIGHTMOST_REPAIRED_WORST_PHYSICAL_REAL=-inf
RIGHTMOST_REPAIRED_GROWTH_PASS=True

=== STAGE D: ONE NEW L1 FINE-GRID SOLVE ===
START_L1_FINE RMAX=600.0 H=0.187500
L1_FINE_RESULT H=0.187500000 DIM=31990 NEAR_COMPLETE=True COMMON_OVERLAP=0.976715433711 COMMON_RE=+3.178715151236785e-03 RELATIVE_OVERLAP=0.976824469499 RELATIVE_RE=-1.565901064638184e-05 RELATIVE_IM=+0.000000000000000e+00

=== STAGE E: L1 H->0 CONTINUUM FIT ===
L1_CONTINUUM_POINTS=h=0.187500:g=1.565901064638e-05,h=0.250000:g=2.084629693372e-05,h=0.375000:g=3.123474911763e-05,h=0.500000:g=4.163017410769e-05
L1_RELATIVE_GROWTH_POWER=9.969441541166467e-01
L1_LINEAR_H0_INTERCEPT=7.160336627120642e-08
L1_QUADRATIC_H0_INTERCEPT=1.058722991756917e-07
COMMON_GOLDSTONE_GROWTH_POWER=9.989492182769424e-01
L1_FINE_MONOTONIC_PASS=True
L1_H_SCALING_PASS=True
L1_H0_INTERCEPT_PASS=True

=== STAGE F: ANALYTIC TRANSLATION RESIDUAL SCALING ===
TRANSLATION_RESIDUAL H=0.500000 COMMON=1.434233214980e-03 RELATIVE=3.142622017368e-04
TRANSLATION_RESIDUAL H=0.375000 COMMON=8.470380269285e-04 RELATIVE=1.855988686842e-04
TRANSLATION_RESIDUAL H=0.250000 COMMON=5.879453164894e-04 RELATIVE=1.288278385751e-04
TRANSLATION_RESIDUAL H=0.187500 COMMON=7.424925251800e-04 RELATIVE=1.626914544888e-04
COMMON_TRANSLATION_RESIDUAL_POWER=7.046978470107877e-01
COMMON_TRANSLATION_RESIDUAL_DECREASES=True

=== STAGE G: FINAL D3C-R DECISION ===
INHERITED_NON_L1_WORST_REAL=1.418460584009888e-11
INHERITED_NON_L1_PASS=True
L1_R600_R800_FIXED_H_DIFFERENCE=1.375581506340984e-18
L1_DOMAIN_INDEPENDENCE_PASS=True
NEW_FINE_NEAR_SOLVE_PASS=True
L1_CONTINUUM_ZERO_MODE_CLOSEOUT_PASS=True
COUPLED_LINEAR_STABILITY_CLOSEOUT_PASS=False
031D3CR_CLASSIFICATION=YELLOW_D3CR_RIGHTMOST_ARPACK_STILL_NUMERICALLY_INCOMPLETE
NEXT=STOP_BRUTE_FORCE_ARPACK_AND_USE_INDEPENDENT_SPECTRAL_METHOD
TRUE_D3_INSTABILITY_ESTABLISHED=False
FULL_031D_ACTIVATION_CERTIFIED=NO
EXPLICIT_QY_TRANSFER_RESERVOIR_CLOSED=NO
RESET_RADIATION_CLOSED=NO
NONLINEAR_FRAGMENTATION_CLOSED=NO
FULL_EINSTEIN_BACKREACTION_CLOSED=NO
RADIATIVE_NATURALNESS_CLOSED=NO
EMPIRICAL_CLOSURE=NO
PRACTICAL_DEVICE=NO
SUMMARY_JSON=/Users/mymac/Desktop/antigravity_research/results/data/031d3cr_surgical_closeout_summary.json
REPAIR_CSV=/Users/mymac/Desktop/antigravity_research/results/data/031d3cr_rightmost_repair.csv
