=== 031D1H SCALED HIGH-OMEGA BRANCH TOPOLOGY GATE ===
BRANCH_VARIABLES=MU_SQRT_1_MINUS_OMEGA2_RHO_MU_X_Y_MU_F
NODEFUL_EXCITED_STATES_ACCEPTED=NO
AUXILIARY_GATE_INCLUDED=NO
PRACTICAL_DEVICE=NO

=== STAGE A: INDEPENDENT ON-STATE CHARGE ===
TARGET_I_Q=6.594219892350219e+03

=== STAGE B: THICK-WALL LIMIT ===
THICK_WALL_F0=4.337387678866348e+00
THICK_WALL_KQ=1.889725127508077e+01
HIGH_ROOT_ASYMPTOTIC_MU=2.865729621331399e-03
HIGH_ROOT_ASYMPTOTIC_OMEGA=9.999958937884382e-01

=== STAGE C: GLOBAL NODELESS GROUND-STATE CONTINUATION ===
BRANCH MU=1.000000000e-04 OMEGA=9.999999950000e-01 I_Q=1.889725446e+05 E_OVER_Q=1.000000005e+00 F0=4.337387512e+00 Y0=4.337387512e-04 NODES=0
BRANCH MU=1.186388079e-04 OMEGA=9.999999929624e-01 I_Q=1.592839317e+05 E_OVER_Q=1.000000007e+00 F0=4.337387446e+00 Y0=5.145824759e-04 NODES=0
BRANCH MU=1.407516673e-04 OMEGA=9.999999900945e-01 I_Q=1.342595648e+05 E_OVER_Q=1.000000010e+00 F0=4.337387353e+00 Y0=6.104945018e-04 NODES=0
BRANCH MU=1.669861001e-04 OMEGA=9.999999860578e-01 I_Q=1.131666658e+05 E_OVER_Q=1.000000014e+00 F0=4.337387223e+00 Y0=7.242833772e-04 NODES=0
BRANCH MU=1.981103185e-04 OMEGA=9.999999803762e-01 I_Q=9.538757989e+04 E_OVER_Q=1.000000020e+00 F0=4.337387039e+00 Y0=8.592811278e-04 NODES=0
BRANCH MU=2.350357201e-04 OMEGA=9.999999723791e-01 I_Q=8.040168936e+04 E_OVER_Q=1.000000028e+00 F0=4.337386780e+00 Y0=1.019440825e-03 NODES=0
BRANCH MU=2.788435764e-04 OMEGA=9.999999611231e-01 I_Q=6.777016855e+04 E_OVER_Q=1.000000039e+00 F0=4.337386416e+00 Y0=1.209452341e-03 NODES=0
BRANCH MU=3.308166949e-04 OMEGA=9.999999452802e-01 I_Q=5.712313381e+04 E_OVER_Q=1.000000055e+00 F0=4.337385904e+00 Y0=1.434879669e-03 NODES=0
BRANCH MU=3.924769830e-04 OMEGA=9.999999229809e-01 I_Q=4.814881239e+04 E_OVER_Q=1.000000077e+00 F0=4.337385182e+00 Y0=1.702323851e-03 NODES=0
BRANCH MU=4.656300138e-04 OMEGA=9.999998915943e-01 I_Q=4.058441290e+04 E_OVER_Q=1.000000108e+00 F0=4.337384167e+00 Y0=2.019616249e-03 NODES=0
BRANCH MU=5.524178974e-04 OMEGA=9.999998474172e-01 I_Q=3.420843015e+04 E_OVER_Q=1.000000153e+00 F0=4.337382738e+00 Y0=2.396047852e-03 NODES=0
BRANCH MU=6.553820079e-04 OMEGA=9.999997852372e-01 I_Q=2.883415883e+04 E_OVER_Q=1.000000215e+00 F0=4.337380727e+00 Y0=2.842641290e-03 NODES=0
BRANCH MU=7.775374011e-04 OMEGA=9.999996977177e-01 I_Q=2.430422637e+04 E_OVER_Q=1.000000302e+00 F0=4.337377896e+00 Y0=3.372473537e-03 NODES=0
BRANCH MU=9.224611034e-04 OMEGA=9.999995745327e-01 I_Q=2.048598461e+04 E_OVER_Q=1.000000425e+00 F0=4.337373911e+00 Y0=4.001058724e-03 NODES=0
BRANCH MU=1.094396856e-03 OMEGA=9.999994011476e-01 I_Q=1.726762554e+04 E_OVER_Q=1.000000599e+00 F0=4.337368303e+00 Y0=4.746802234e-03 NODES=0
BRANCH MU=1.298379383e-03 OMEGA=9.999991571051e-01 I_Q=1.455490727e+04 E_OVER_Q=1.000000843e+00 F0=4.337360409e+00 Y0=5.631539333e-03 NODES=0
BRANCH MU=1.540381822e-03 OMEGA=9.999988136112e-01 I_Q=1.226839438e+04 E_OVER_Q=1.000001186e+00 F0=4.337349299e+00 Y0=6.681174016e-03 NODES=0
BRANCH MU=1.827490630e-03 OMEGA=9.999983301376e-01 I_Q=1.034113186e+04 E_OVER_Q=1.000001670e+00 F0=4.337333662e+00 Y0=7.926436627e-03 NODES=0
BRANCH MU=2.168113097e-03 OMEGA=9.999976496400e-01 I_Q=8.716684457e+03 E_OVER_Q=1.000002350e+00 F0=4.337311655e+00 Y0=9.403782206e-03 NODES=0
BRANCH MU=2.572223532e-03 OMEGA=9.999966918276e-01 I_Q=7.347484153e+03 E_OVER_Q=1.000003308e+00 F0=4.337280682e+00 Y0=1.115645543e-02 NODES=0
BRANCH MU=3.051655334e-03 OMEGA=9.999953436890e-01 I_Q=6.193437210e+03 E_OVER_Q=1.000004655e+00 F0=4.337237093e+00 Y0=1.323575271e-02 NODES=0
BRANCH MU=3.620447508e-03 OMEGA=9.999934461584e-01 I_Q=5.220750142e+03 E_OVER_Q=1.000006552e+00 F0=4.337175753e+00 Y0=1.570251715e-02 NODES=0
BRANCH MU=4.295255763e-03 OMEGA=9.999907753464e-01 I_Q=4.400940146e+03 E_OVER_Q=1.000009221e+00 F0=4.337089439e+00 Y0=1.862890841e-02 NODES=0
BRANCH MU=5.095840232e-03 OMEGA=9.999870161219e-01 I_Q=3.710001052e+03 E_OVER_Q=1.000012976e+00 F0=4.336967997e+00 Y0=2.210049600e-02 NODES=0
BRANCH MU=6.045644101e-03 OMEGA=9.999817249267e-01 I_Q=3.127700357e+03 E_OVER_Q=1.000018260e+00 F0=4.336797157e+00 Y0=2.621873215e-02 NODES=0
BRANCH MU=7.172480090e-03 OMEGA=9.999742774339e-01 I_Q=2.636986762e+03 E_OVER_Q=1.000025692e+00 F0=4.336556878e+00 Y0=3.110386787e-02 NODES=0
BRANCH MU=8.509344873e-03 OMEGA=9.999637948695e-01 I_Q=2.223490855e+03 E_OVER_Q=1.000036146e+00 F0=4.336219041e+00 Y0=3.689838326e-02 NODES=0
BRANCH MU=1.009538531e-02 OMEGA=9.999490402992e-01 I_Q=1.875104331e+03 E_OVER_Q=1.000050842e+00 F0=4.335744240e+00 Y0=4.377100873e-02 NODES=0
BRANCH MU=1.197704479e-02 OMEGA=9.999282726267e-01 I_Q=1.581625404e+03 E_OVER_Q=1.000071494e+00 F0=4.335077352e+00 Y0=5.192141559e-02 NODES=0
BRANCH MU=1.420942315e-02 OMEGA=9.998990410505e-01 I_Q=1.334460042e+03 E_OVER_Q=1.000100497e+00 F0=4.334141463e+00 Y0=6.158565005e-02 NODES=0
BRANCH MU=1.685789023e-02 OMEGA=9.998578956717e-01 I_Q=1.126370260e+03 E_OVER_Q=1.000141190e+00 F0=4.332829635e+00 Y0=7.304236637e-02 NODES=0
BRANCH MU=2.000000000e-02 OMEGA=9.997999799960e-01 I_Q=9.512620859e+02 E_OVER_Q=1.000198213e+00 F0=4.330993926e+00 Y0=8.661987852e-02 NODES=0
BRANCH MU=2.500000000e-02 OMEGA=9.996874511566e-01 I_Q=7.638824727e+02 E_OVER_Q=1.000308159e+00 F0=4.327462819e+00 Y0=1.081865705e-01 NODES=0
BRANCH MU=3.481012658e-02 OMEGA=9.993939438917e-01 I_Q=5.539706577e+02 E_OVER_Q=1.000589754e+00 F0=4.318467813e+00 Y0=1.503264112e-01 NODES=0
BRANCH MU=4.462025316e-02 OMEGA=9.990040205162e-01 I_Q=4.377068970e+02 E_OVER_Q=1.000952660e+00 F0=4.306976258e+00 Y0=1.921783710e-01 NODES=0
BRANCH MU=5.443037975e-02 OMEGA=9.985175680781e-01 I_Q=3.644407863e+02 E_OVER_Q=1.001388327e+00 F0=4.293323920e+00 Y0=2.336872513e-01 NODES=0
BRANCH MU=6.424050633e-02 OMEGA=9.979344454154e-01 I_Q=3.144607608e+02 E_OVER_Q=1.001886957e+00 F0=4.277879377e+00 Y0=2.748131372e-01 NODES=0
BRANCH MU=7.405063291e-02 OMEGA=9.972544829508e-01 I_Q=2.785015308e+02 E_OVER_Q=1.002437902e+00 F0=4.261022636e+00 Y0=3.155314230e-01 NODES=0
BRANCH MU=8.386075949e-02 OMEGA=9.964774824436e-01 I_Q=2.516348676e+02 E_OVER_Q=1.003030040e+00 F0=4.243127133e+00 Y0=3.558318640e-01 NODES=0
BRANCH MU=9.367088608e-02 OMEGA=9.956032166992e-01 I_Q=2.309991476e+02 E_OVER_Q=1.003652083e+00 F0=4.224546120e+00 Y0=3.957169783e-01 NODES=0
BRANCH MU=1.034810127e-01 OMEGA=9.946314292336e-01 I_Q=2.148202129e+02 E_OVER_Q=1.004292826e+00 F0=4.205603511e+00 Y0=4.352001101e-01 NODES=0
BRANCH MU=1.132911392e-01 OMEGA=9.935618338934e-01 I_Q=2.019408313e+02 E_OVER_Q=1.004941339e+00 F0=4.186588765e+00 Y0=4.743034107e-01 NODES=0
BRANCH MU=1.231012658e-01 OMEGA=9.923941144288e-01 I_Q=1.915750566e+02 E_OVER_Q=1.005587092e+00 F0=4.167754981e+00 Y0=5.130559138e-01 NODES=0
BRANCH MU=1.329113924e-01 OMEGA=9.911279240184e-01 I_Q=1.831713083e+02 E_OVER_Q=1.006220042e+00 F0=4.149319400e+00 Y0=5.514918189e-01 NODES=0
BRANCH MU=1.427215190e-01 OMEGA=9.897628847446e-01 I_Q=1.763318818e+02 E_OVER_Q=1.006830672e+00 F0=4.131465491e+00 Y0=5.896490306e-01 NODES=0
BRANCH MU=1.525316456e-01 OMEGA=9.882985870170e-01 I_Q=1.707634948e+02 E_OVER_Q=1.007410014e+00 F0=4.114345992e+00 Y0=6.275679645e-01 NODES=0
BRANCH MU=1.623417722e-01 OMEGA=9.867345889420e-01 I_Q=1.662457555e+02 E_OVER_Q=1.007949642e+00 F0=4.098086399e+00 Y0=6.652906084e-01 NODES=0
BRANCH MU=1.721518987e-01 OMEGA=9.850704156365e-01 I_Q=1.626104111e+02 E_OVER_Q=1.008441653e+00 F0=4.082788575e+00 Y0=7.028598053e-01 NODES=0
BRANCH MU=1.819620253e-01 OMEGA=9.833055584826e-01 I_Q=1.597273142e+02 E_OVER_Q=1.008878641e+00 F0=4.068534227e+00 Y0=7.403187280e-01 NODES=0
BRANCH MU=1.917721519e-01 OMEGA=9.814394743213e-01 I_Q=1.574947057e+02 E_OVER_Q=1.009253666e+00 F0=4.055388137e+00 Y0=7.777105099e-01 NODES=0
BRANCH MU=2.015822785e-01 OMEGA=9.794715845814e-01 I_Q=1.558323463e+02 E_OVER_Q=1.009560219e+00 F0=4.043401067e+00 Y0=8.150779999e-01 NODES=0
BRANCH MU=2.113924051e-01 OMEGA=9.774012743401e-01 I_Q=1.546765732e+02 E_OVER_Q=1.009792184e+00 F0=4.032612323e+00 Y0=8.524636175e-01 NODES=0
BRANCH MU=2.212025316e-01 OMEGA=9.752278913124e-01 I_Q=1.539766865e+02 E_OVER_Q=1.009943803e+00 F0=4.023051979e+00 Y0=8.899092826e-01 NODES=0
BRANCH MU=2.310126582e-01 OMEGA=9.729507447649e-01 I_Q=1.536922695e+02 E_OVER_Q=1.010009647e+00 F0=4.014742787e+00 Y0=9.274564033e-01 NODES=0
BRANCH MU=2.408227848e-01 OMEGA=9.705691043487e-01 I_Q=1.537911792e+02 E_OVER_Q=1.009984576e+00 F0=4.007701795e+00 Y0=9.651459069e-01 NODES=0
BRANCH MU=2.506329114e-01 OMEGA=9.680821988483e-01 I_Q=1.542480232e+02 E_OVER_Q=1.009863714e+00 F0=4.001941724e+00 Y0=1.003018306e+00 NODES=0
BRANCH MU=2.604430380e-01 OMEGA=9.654892148390e-01 I_Q=1.550429965e+02 E_OVER_Q=1.009642420e+00 F0=3.997472109e+00 Y0=1.041113780e+00 NODES=0
BRANCH MU=2.702531646e-01 OMEGA=9.627892952495e-01 I_Q=1.561609874e+02 E_OVER_Q=1.009316260e+00 F0=3.994300280e+00 Y0=1.079472291e+00 NODES=0
BRANCH MU=2.800632911e-01 OMEGA=9.599815378205e-01 I_Q=1.575908874e+02 E_OVER_Q=1.008880986e+00 F0=3.992432155e+00 Y0=1.118133689e+00 NODES=0
BRANCH MU=2.898734177e-01 OMEGA=9.570649934557e-01 I_Q=1.593250593e+02 E_OVER_Q=1.008332507e+00 F0=3.991872930e+00 Y0=1.157137849e+00 NODES=0
BRANCH MU=2.996835443e-01 OMEGA=9.540386644542e-01 I_Q=1.613589277e+02 E_OVER_Q=1.007666876e+00 F0=3.992627647e+00 Y0=1.196524804e+00 NODES=0
BRANCH MU=3.094936709e-01 OMEGA=9.509015026182e-01 I_Q=1.636906668e+02 E_OVER_Q=1.006880266e+00 F0=3.994701670e+00 Y0=1.236334884e+00 NODES=0
BRANCH MU=3.193037975e-01 OMEGA=9.476524072266e-01 I_Q=1.663209671e+02 E_OVER_Q=1.005968953e+00 F0=3.998101100e+00 Y0=1.276608864e+00 NODES=0
BRANCH MU=3.291139241e-01 OMEGA=9.442902228637e-01 I_Q=1.692528661e+02 E_OVER_Q=1.004929299e+00 F0=4.002833123e+00 Y0=1.317388116e+00 NODES=0
BRANCH MU=3.389240506e-01 OMEGA=9.408137370928e-01 I_Q=1.724916333e+02 E_OVER_Q=1.003757738e+00 F0=4.008906313e+00 Y0=1.358714766e+00 NODES=0
BRANCH MU=3.487341772e-01 OMEGA=9.372216779621e-01 I_Q=1.760447012e+02 E_OVER_Q=1.002450759e+00 F0=4.016330905e+00 Y0=1.400631854e+00 NODES=0
BRANCH MU=3.585443038e-01 OMEGA=9.335127113298e-01 I_Q=1.799216366e+02 E_OVER_Q=1.001004894e+00 F0=4.025119034e+00 Y0=1.443183502e+00 NODES=0
BRANCH MU=3.683544304e-01 OMEGA=9.296854379948e-01 I_Q=1.841341496e+02 E_OVER_Q=9.994167026e-01 F0=4.035284957e+00 Y0=1.486415092e+00 NODES=0
BRANCH MU=3.781645570e-01 OMEGA=9.257383906146e-01 I_Q=1.886961351e+02 E_OVER_Q=9.976827623e-01 F0=4.046845262e+00 Y0=1.530373446e+00 NODES=0
BRANCH MU=3.879746835e-01 OMEGA=9.216700303952e-01 I_Q=1.936237489e+02 E_OVER_Q=9.957996537e-01 F0=4.059819074e+00 Y0=1.575107021e+00 NODES=0
BRANCH MU=3.977848101e-01 OMEGA=9.174787435317e-01 I_Q=1.989355153e+02 E_OVER_Q=9.937639503e-01 F0=4.074228247e+00 Y0=1.620666110e+00 NODES=0
BRANCH MU=4.075949367e-01 OMEGA=9.131628373786e-01 I_Q=2.046524681e+02 E_OVER_Q=9.915722061e-01 F0=4.090097568e+00 Y0=1.667103060e+00 NODES=0
BRANCH MU=4.174050633e-01 OMEGA=9.087205363251e-01 I_Q=2.107983255e+02 E_OVER_Q=9.892209446e-01 F0=4.107454967e+00 Y0=1.714472500e+00 NODES=0
BRANCH MU=4.272151899e-01 OMEGA=9.041499773497e-01 I_Q=2.173997027e+02 E_OVER_Q=9.867066477e-01 F0=4.126331727e+00 Y0=1.762831592e+00 NODES=0
BRANCH MU=4.370253165e-01 OMEGA=8.994492052233e-01 I_Q=2.244863630e+02 E_OVER_Q=9.840257440e-01 F0=4.146762720e+00 Y0=1.812240290e+00 NODES=0
BRANCH MU=4.468354430e-01 OMEGA=8.946161673282e-01 I_Q=2.320915140e+02 E_OVER_Q=9.811745979e-01 F0=4.168786656e+00 Y0=1.862761632e+00 NODES=0
BRANCH MU=4.566455696e-01 OMEGA=8.896487080563e-01 I_Q=2.402521524e+02 E_OVER_Q=9.781494976e-01 F0=4.192446349e+00 Y0=1.914462051e+00 NODES=0
BRANCH MU=4.664556962e-01 OMEGA=8.845445627441e-01 I_Q=2.490094643e+02 E_OVER_Q=9.749466440e-01 F0=4.217789012e+00 Y0=1.967411710e+00 NODES=0
BRANCH MU=4.762658228e-01 OMEGA=8.793013511005e-01 I_Q=2.584092881e+02 E_OVER_Q=9.715621378e-01 F0=4.244866588e+00 Y0=2.021684878e+00 NODES=0
BRANCH MU=4.860759494e-01 OMEGA=8.739165700723e-01 I_Q=2.685026506e+02 E_OVER_Q=9.679919677e-01 F0=4.273736100e+00 Y0=2.077360332e+00 NODES=0
BRANCH MU=4.958860759e-01 OMEGA=8.683875860925e-01 I_Q=2.793463857e+02 E_OVER_Q=9.642319967e-01 F0=4.304460058e+00 Y0=2.134521807e+00 NODES=0
BRANCH MU=5.056962025e-01 OMEGA=8.627116266430e-01 I_Q=2.910038503e+02 E_OVER_Q=9.602779485e-01 F0=4.337106902e+00 Y0=2.193258490e+00 NODES=0
BRANCH MU=5.155063291e-01 OMEGA=8.568857710591e-01 I_Q=3.035457529e+02 E_OVER_Q=9.561253933e-01 F0=4.371751491e+00 Y0=2.253665563e+00 NODES=0
BRANCH MU=5.253164557e-01 OMEGA=8.509069404904e-01 I_Q=3.170511146e+02 E_OVER_Q=9.517697318e-01 F0=4.408475670e+00 Y0=2.315844814e+00 NODES=0
BRANCH MU=5.351265823e-01 OMEGA=8.447718869251e-01 I_Q=3.316083853e+02 E_OVER_Q=9.472061792e-01 F0=4.447368884e+00 Y0=2.379905311e+00 NODES=0
BRANCH MU=5.449367089e-01 OMEGA=8.384771811660e-01 I_Q=3.473167433e+02 E_OVER_Q=9.424297473e-01 F0=4.488528883e+00 Y0=2.445964157e+00 NODES=0
BRANCH MU=5.547468354e-01 OMEGA=8.320191996378e-01 I_Q=3.642876129e+02 E_OVER_Q=9.374352256e-01 F0=4.532062513e+00 Y0=2.514147337e+00 NODES=0
BRANCH MU=5.645569620e-01 OMEGA=8.253941098825e-01 I_Q=3.826464405e+02 E_OVER_Q=9.322171605e-01 F0=4.578086608e+00 Y0=2.584590667e+00 NODES=0
BRANCH MU=5.743670886e-01 OMEGA=8.185978545809e-01 I_Q=4.025347808e+02 E_OVER_Q=9.267698333e-01 F0=4.626729001e+00 Y0=2.657440866e+00 NODES=0
BRANCH MU=5.841772152e-01 OMEGA=8.116261339145e-01 I_Q=4.241127539e+02 E_OVER_Q=9.210872353e-01 F0=4.678129671e+00 Y0=2.732856764e+00 NODES=0
BRANCH MU=5.939873418e-01 OMEGA=8.044743860524e-01 I_Q=4.475619508e+02 E_OVER_Q=9.151630416e-01 F0=4.732442051e+00 Y0=2.811010674e+00 NODES=0
BRANCH MU=6.037974684e-01 OMEGA=7.971377655141e-01 I_Q=4.730888802e+02 E_OVER_Q=9.089905811e-01 F0=4.789834517e+00 Y0=2.892089955e+00 NODES=0
BRANCH MU=6.136075949e-01 OMEGA=7.896111191188e-01 I_Q=5.009290749e+02 E_OVER_Q=9.025628049e-01 F0=4.850492093e+00 Y0=2.976298788e+00 NODES=0
BRANCH MU=6.234177215e-01 OMEGA=7.818889591854e-01 I_Q=5.313520030e+02 E_OVER_Q=8.958722496e-01 F0=4.914618411e+00 Y0=3.063860212e+00 NODES=0
BRANCH MU=6.332278481e-01 OMEGA=7.739654335880e-01 I_Q=5.646669679e+02 E_OVER_Q=8.889109978e-01 F0=4.982437960e+00 Y0=3.155018468e+00 NODES=0
BRANCH MU=6.430379747e-01 OMEGA=7.658342922035e-01 I_Q=6.012302279e+02 E_OVER_Q=8.816706338e-01 F0=5.054198697e+00 Y0=3.250041694e+00 NODES=0
BRANCH MU=6.528481013e-01 OMEGA=7.574888492074e-01 I_Q=6.414536305e+02 E_OVER_Q=8.741421935e-01 F0=5.130175058e+00 Y0=3.349225046e+00 NODES=0
BRANCH MU=6.626582278e-01 OMEGA=7.489219405687e-01 I_Q=6.858151349e+02 E_OVER_Q=8.663161083e-01 F0=5.210671480e+00 Y0=3.452894329e+00 NODES=0
BRANCH MU=6.724683544e-01 OMEGA=7.401258759763e-01 I_Q=7.348717073e+02 E_OVER_Q=8.581821426e-01 F0=5.296026499e+00 Y0=3.561410225e+00 NODES=0
BRANCH MU=6.822784810e-01 OMEGA=7.310923842765e-01 I_Q=7.892752120e+02 E_OVER_Q=8.497293219e-01 F0=5.386617576e+00 Y0=3.675173258e+00 NODES=0
BRANCH MU=6.920886076e-01 OMEGA=7.218125513160e-01 I_Q=8.497921145e+02 E_OVER_Q=8.409458517e-01 F0=5.482866772e+00 Y0=3.794629630e+00 NODES=0
BRANCH MU=7.018987342e-01 OMEGA=7.122767488557e-01 I_Q=9.173280671e+02 E_OVER_Q=8.318190246e-01 F0=5.585247482e+00 Y0=3.920278137e+00 NODES=0
BRANCH MU=7.117088608e-01 OMEGA=7.024745529316e-01 I_Q=9.929587953e+02 E_OVER_Q=8.223351144e-01 F0=5.694292443e+00 Y0=4.052678388e+00 NODES=0
BRANCH MU=7.215189873e-01 OMEGA=6.923946496799e-01 I_Q=1.077969183e+03 E_OVER_Q=8.124792529e-01 F0=5.810603335e+00 Y0=4.192460634e+00 NODES=0
BRANCH MU=7.313291139e-01 OMEGA=6.820247261845e-01 I_Q=1.173903115e+03 E_OVER_Q=8.022352889e-01 F0=5.934862328e+00 Y0=4.340337608e+00 NODES=0
BRANCH MU=7.411392405e-01 OMEGA=6.713513433231e-01 I_Q=1.282627563e+03 E_OVER_Q=7.915856222e-01 F0=6.067846092e+00 Y0=4.497118844e+00 NODES=0
BRANCH MU=7.509493671e-01 OMEGA=6.603597868353e-01 I_Q=1.406415719e+03 E_OVER_Q=7.805110107e-01 F0=6.210442878e+00 Y0=4.663728149e+00 NODES=0
BRANCH MU=7.607594937e-01 OMEGA=6.490338918651e-01 I_Q=1.548055857e+03 E_OVER_Q=7.689903428e-01 F0=6.363673518e+00 Y0=4.841225043e+00 NODES=0
BRANCH MU=7.705696203e-01 OMEGA=6.373558349485e-01 I_Q=1.710995363e+03 E_OVER_Q=7.570003677e-01 F0=6.528717433e+00 Y0=5.030831313e+00 NODES=0
BRANCH MU=7.803797468e-01 OMEGA=6.253058857304e-01 I_Q=1.899533390e+03 E_OVER_Q=7.445153736e-01 F0=6.706945124e+00 Y0=5.233964138e+00 NODES=0
BRANCH MU=7.901898734e-01 OMEGA=6.128621084290e-01 I_Q=2.119081652e+03 E_OVER_Q=7.315068006e-01 F0=6.899959117e+00 Y0=5.452277822e+00 NODES=0
BRANCH MU=8.000000000e-01 OMEGA=6.000000000000e-01 I_Q=2.376522085e+03 E_OVER_Q=7.179427725e-01 F0=7.109646109e+00 Y0=5.687716887e+00 NODES=0
BRANCH MU=8.050000000e-01 OMEGA=5.932748098478e-01 I_Q=2.525064605e+03 E_OVER_Q=7.108044574e-01 F0=7.223637507e+00 Y0=5.815028193e+00 NODES=0
BRANCH MU=8.069791667e-01 OMEGA=5.905799053185e-01 I_Q=2.587511439e+03 E_OVER_Q=7.079353355e-01 F0=7.270187724e+00 Y0=5.866890031e+00 NODES=0
BRANCH MU=8.089583333e-01 OMEGA=5.878659838182e-01 I_Q=2.652170336e+03 E_OVER_Q=7.050410189e-01 F0=7.317581410e+00 Y0=5.919618461e+00 NODES=0
BRANCH MU=8.109375000e-01 OMEGA=5.851327807376e-01 I_Q=2.719143200e+03 E_OVER_Q=7.021211639e-01 F0=7.365841726e+00 Y0=5.973237275e+00 NODES=0
BRANCH MU=8.129166667e-01 OMEGA=5.823800246021e-01 I_Q=2.788537748e+03 E_OVER_Q=6.991754181e-01 F0=7.414992726e+00 Y0=6.027771170e+00 NODES=0
BRANCH MU=8.148958333e-01 OMEGA=5.796074368191e-01 I_Q=2.860467901e+03 E_OVER_Q=6.962034195e-01 F0=7.465059392e+00 Y0=6.083245794e+00 NODES=0
BRANCH MU=8.168750000e-01 OMEGA=5.768147314130e-01 I_Q=2.935054214e+03 E_OVER_Q=6.932047968e-01 F0=7.516067691e+00 Y0=6.139687795e+00 NODES=0
BRANCH MU=8.188541667e-01 OMEGA=5.740016147474e-01 I_Q=3.012424342e+03 E_OVER_Q=6.901791689e-01 F0=7.568044613e+00 Y0=6.197124865e+00 NODES=0
BRANCH MU=8.208333333e-01 OMEGA=5.711677852338e-01 I_Q=3.092713533e+03 E_OVER_Q=6.871261441e-01 F0=7.621018233e+00 Y0=6.255585800e+00 NODES=0
BRANCH MU=8.228125000e-01 OMEGA=5.683129330252e-01 I_Q=3.176065177e+03 E_OVER_Q=6.840453202e-01 F0=7.675017761e+00 Y0=6.315100551e+00 NODES=0
BRANCH MU=8.247916667e-01 OMEGA=5.654367396953e-01 I_Q=3.262631388e+03 E_OVER_Q=6.809362840e-01 F0=7.730073603e+00 Y0=6.375700290e+00 NODES=0
BRANCH MU=8.267708333e-01 OMEGA=5.625388779003e-01 I_Q=3.352573640e+03 E_OVER_Q=6.777986106e-01 F0=7.786217423e+00 Y0=6.437417468e+00 NODES=0
BRANCH MU=8.287500000e-01 OMEGA=5.596190110245e-01 I_Q=3.446063460e+03 E_OVER_Q=6.746318632e-01 F0=7.843482213e+00 Y0=6.500285884e+00 NODES=0
BRANCH MU=8.307291667e-01 OMEGA=5.566767928065e-01 I_Q=3.543283173e+03 E_OVER_Q=6.714355924e-01 F0=7.901902358e+00 Y0=6.564340761e+00 NODES=0
BRANCH MU=8.327083333e-01 OMEGA=5.537118669464e-01 I_Q=3.644426721e+03 E_OVER_Q=6.682093359e-01 F0=7.961513720e+00 Y0=6.629618820e+00 NODES=0
BRANCH MU=8.346875000e-01 OMEGA=5.507238666916e-01 I_Q=3.749700549e+03 E_OVER_Q=6.649526180e-01 F0=8.022353713e+00 Y0=6.696158365e+00 NODES=0
BRANCH MU=8.366666667e-01 OMEGA=5.477124144009e-01 I_Q=3.859324568e+03 E_OVER_Q=6.616649487e-01 F0=8.084461393e+00 Y0=6.763999366e+00 NODES=0
BRANCH MU=8.386458333e-01 OMEGA=5.446771210843e-01 I_Q=3.973533213e+03 E_OVER_Q=6.583458233e-01 F0=8.147877550e+00 Y0=6.833183558e+00 NODES=0
BRANCH MU=8.406250000e-01 OMEGA=5.416175859174e-01 I_Q=4.092576591e+03 E_OVER_Q=6.549947221e-01 F0=8.212644805e+00 Y0=6.903754539e+00 NODES=0
BRANCH MU=8.426041667e-01 OMEGA=5.385333957295e-01 I_Q=4.216721736e+03 E_OVER_Q=6.516111092e-01 F0=8.278807720e+00 Y0=6.975757880e+00 NODES=0
BRANCH MU=8.445833333e-01 OMEGA=5.354241244617e-01 I_Q=4.346253985e+03 E_OVER_Q=6.481944319e-01 F0=8.346412907e+00 Y0=7.049241234e+00 NODES=0
BRANCH MU=8.465625000e-01 OMEGA=5.322893325944e-01 I_Q=4.481478484e+03 E_OVER_Q=6.447441203e-01 F0=8.415509155e+00 Y0=7.124254469e+00 NODES=0
BRANCH MU=8.485416667e-01 OMEGA=5.291285665418e-01 I_Q=4.622721838e+03 E_OVER_Q=6.412595862e-01 F0=8.486147556e+00 Y0=7.200849791e+00 NODES=0
BRANCH MU=8.505208333e-01 OMEGA=5.259413580105e-01 I_Q=4.770333918e+03 E_OVER_Q=6.377402225e-01 F0=8.558381647e+00 Y0=7.279081890e+00 NODES=0
BRANCH MU=8.525000000e-01 OMEGA=5.227272233202e-01 I_Q=4.924689860e+03 E_OVER_Q=6.341854019e-01 F0=8.632267563e+00 Y0=7.359008097e+00 NODES=0
BRANCH MU=8.544791667e-01 OMEGA=5.194856626825e-01 I_Q=5.086192246e+03 E_OVER_Q=6.305944766e-01 F0=8.707864195e+00 Y0=7.440688541e+00 NODES=0
BRANCH MU=8.564583333e-01 OMEGA=5.162161594370e-01 I_Q=5.255273522e+03 E_OVER_Q=6.269667767e-01 F0=8.785233370e+00 Y0=7.524186330e+00 NODES=0
BRANCH MU=8.584375000e-01 OMEGA=5.129181792389e-01 I_Q=5.432398656e+03 E_OVER_Q=6.233016096e-01 F0=8.864440036e+00 Y0=7.609567743e+00 NODES=0
BRANCH MU=8.604166667e-01 OMEGA=5.095911691957e-01 I_Q=5.618068082e+03 E_OVER_Q=6.195982586e-01 F0=8.945552465e+00 Y0=7.696902434e+00 NODES=0
BRANCH MU=8.623958333e-01 OMEGA=5.062345569490e-01 I_Q=5.812820946e+03 E_OVER_Q=6.158559818e-01 F0=9.028642477e+00 Y0=7.786263653e+00 NODES=0
BRANCH MU=8.643750000e-01 OMEGA=5.028477496967e-01 I_Q=6.017238707e+03 E_OVER_Q=6.120740107e-01 F0=9.113785672e+00 Y0=7.877728491e+00 NODES=0
BRANCH MU=8.663541667e-01 OMEGA=4.994301331511e-01 I_Q=6.231949134e+03 E_OVER_Q=6.082515494e-01 F0=9.201061694e+00 Y0=7.971378136e+00 NODES=0
BRANCH MU=8.683333333e-01 OMEGA=4.959810704273e-01 I_Q=6.457630740e+03 E_OVER_Q=6.043877724e-01 F0=9.290554502e+00 Y0=8.067298160e+00 NODES=0
BRANCH MU=8.703125000e-01 OMEGA=4.924999008566e-01 I_Q=6.695017716e+03 E_OVER_Q=6.004818235e-01 F0=9.382352682e+00 Y0=8.165578819e+00 NODES=0
BRANCH MU=8.722916667e-01 OMEGA=4.889859387180e-01 I_Q=6.944905433e+03 E_OVER_Q=5.965328141e-01 F0=9.476549769e+00 Y0=8.266315392e+00 NODES=0
BRANCH MU=8.742708333e-01 OMEGA=4.854384718815e-01 I_Q=7.208156573e+03 E_OVER_Q=5.925398213e-01 F0=9.573244607e+00 Y0=8.369608540e+00 NODES=0
BRANCH MU=8.762500000e-01 OMEGA=4.818567603552e-01 I_Q=7.485707998e+03 E_OVER_Q=5.885018865e-01 F0=9.672541740e+00 Y0=8.475564700e+00 NODES=0
BRANCH MU=8.782291667e-01 OMEGA=4.782400347273e-01 I_Q=7.778578423e+03 E_OVER_Q=5.844180124e-01 F0=9.774551836e+00 Y0=8.584296514e+00 NODES=0
BRANCH MU=8.802083333e-01 OMEGA=4.745874944945e-01 I_Q=8.087877042e+03 E_OVER_Q=5.802871621e-01 F0=9.879392153e+00 Y0=8.695923301e+00 NODES=0
BRANCH MU=8.821875000e-01 OMEGA=4.708983062655e-01 I_Q=8.414813205e+03 E_OVER_Q=5.761082557e-01 F0=9.987187044e+00 Y0=8.810571570e+00 NODES=0
BRANCH MU=8.841666667e-01 OMEGA=4.671716018291e-01 I_Q=8.760707329e+03 E_OVER_Q=5.718801683e-01 F0=1.009806852e+01 Y0=8.928375580e+00 NODES=0
BRANCH MU=8.861458333e-01 OMEGA=4.634064760725e-01 I_Q=9.127003196e+03 E_OVER_Q=5.676017274e-01 F0=1.021217684e+01 Y0=9.049477959e+00 NODES=0
BRANCH MU=8.881250000e-01 OMEGA=4.596019847379e-01 I_Q=9.515281863e+03 E_OVER_Q=5.632717095e-01 F0=1.032966123e+01 Y0=9.174030380e+00 NODES=0
BRANCH MU=8.901041667e-01 OMEGA=4.557571419985e-01 I_Q=9.927277410e+03 E_OVER_Q=5.588888377e-01 F0=1.045068056e+01 Y0=9.302194307e+00 NODES=0
BRANCH MU=8.920833333e-01 OMEGA=4.518709178393e-01 I_Q=1.036489483e+04 E_OVER_Q=5.544517774e-01 F0=1.057540418e+01 Y0=9.434141815e+00 NODES=0
BRANCH MU=8.940625000e-01 OMEGA=4.479422352198e-01 I_Q=1.083023036e+04 E_OVER_Q=5.499591336e-01 F0=1.070401286e+01 Y0=9.570056500e+00 NODES=0
BRANCH MU=8.960416667e-01 OMEGA=4.439699669991e-01 I_Q=1.132559469e+04 E_OVER_Q=5.454094460e-01 F0=1.083669972e+01 Y0=9.710134479e+00 NODES=0
BRANCH MU=8.980208333e-01 OMEGA=4.399529325954e-01 I_Q=1.185353951e+04 E_OVER_Q=5.408011854e-01 F0=1.097367136e+01 Y0=9.854585502e+00 NODES=0
BRANCH MU=9.000000000e-01 OMEGA=4.358898943541e-01 I_Q=1.241688786e+04 E_OVER_Q=5.361327486e-01 F0=1.111514910e+01 Y0=1.000363419e+01 NODES=0
GLOBAL_TARGET_CROSSING_COUNT=2
GLOBAL_Q_TREND_REVERSAL_COUNT=1
GLOBAL_Q_MIN=1.536922695454035e+02
GLOBAL_Q_MIN_OMEGA=9.729507447648640e-01

=== STAGE D: REFINE BOTH SAME-Q ROOTS ===
Traceback (most recent call last):
  File "/Users/mymac/Desktop/antigravity_research/simulations/031d1h_highomega_scaled_branch_topology_gate.py", line 1753, in <module>
    main()
    ~~~~^^
  File "/Users/mymac/Desktop/antigravity_research/simulations/031d1h_highomega_scaled_branch_topology_gate.py", line 1195, in main
    root = refine_root(
        target_q,
        bracket[0],
        bracket[1],
    )
  File "/Users/mymac/Desktop/antigravity_research/simulations/031d1h_highomega_scaled_branch_topology_gate.py", line 599, in refine_root
    raise RuntimeError(
        f"Root continuation failed at mu={mu_mid}"
    )
RuntimeError: Root continuation failed at mu=0.0028119394327265814
