=== 031D2C-V FIXED-Q VARIATIONAL GATE EXISTENCE ===
COLLOCATION_BVP_USED=NO
FIXED_Q_ENERGY_MINIMIZATION=YES
OMEGA_ELIMINATED_ANALYTICALLY=YES
MULTI_SEED_ON_BASIN_TEST=YES
POSITIVE_GATE_INTERACTION_INCLUDED=YES
PRACTICAL_DEVICE=NO
TARGET_I_Q=6.594219892350219e+03
G_S=3.000000000000000e-16
V_S_EV=7.723884023813016e+09
LAMBDA_S=3.597908003905330e-34
A2_GATE=6.003112500000002e-04
B2_GATE=1.183907900560071e+01
DELTA2_GATE=1.501650749306419e-01
RHO_GATE=6.988670618752463e-02
VARIATIONAL_IDENTITY_RELERR=1.848337613020114e-16
U_TRANSITION=7.120808095092115e-03
OFF_SCALAR_LAMBDA0_WITH_GATE=+2.502751248844032e-02

=== STAGE A: RECONSTRUCT UNGATED ON-STATE ===
BASELINE_VARIATIONAL_INVENTORY_GJ=121.555022378765
BASELINE_REFERENCE_GJ=121.553587017518
BASELINE_RECON_RELERR=1.180832530612227e-05
BASELINE_RECON_PASS=True

=== STAGE B: MULTI-SEED ON-BASIN VARIATIONAL TEST ===
SEED U_FACTOR=0.850 U0=1.921783930e+00 Z0=6.063178020e-07 OMEGA=3.515092920884e-01 E_GJ=126.088455545 PGRAD=4.115804e+02 ON_SURVIVOR=False
SEED U_FACTOR=1.000 U0=2.214785396e+00 Z0=2.820410114e-07 OMEGA=3.398059312542e-01 E_GJ=130.727690507 PGRAD=4.039736e+02 ON_SURVIVOR=False
SEED U_FACTOR=1.150 U0=2.539584854e+00 Z0=1.447172776e-07 OMEGA=3.278201364364e-01 E_GJ=136.699944697 PGRAD=4.583172e+02 ON_SURVIVOR=False

=== STOP RULE ===
ON_LOCAL_MINIMUM_SURVIVOR_COUNT=0
031D2CV_CLASSIFICATION=RED_D2CV_NO_ON_LOCAL_MINIMUM_FOUND_IN_DECLARED_MULTI_SEED_FIXEDQ_VARIATIONAL_TEST
NEXT=DEMOTE_CANONICAL_S2PHI2_GATE_AND_RERANK_031D
