=== 031D1H-R HIGH-OMEGA LOCAL SOURCE CERTIFICATE ===
GLOBAL_SCAN_REPEATED=NO
EXACT_ROOT_BVP_REQUIRED=NO
HIGH_BRANCH_TEST=LOCAL_MONOTONE_BRACKET_PLUS_SOURCE_STABILITY
PRACTICAL_DEVICE=NO
GLOBAL_LOG=/Users/mymac/Desktop/antigravity_research/results/logs/031d1h_highomega_branch_20260903-231905.log
GLOBAL_TARGET_CROSSING_COUNT=2
GLOBAL_Q_TREND_REVERSAL_COUNT=1
GLOBAL_Q_MIN=1.536922695454035e+02
GLOBAL_Q_MIN_OMEGA=9.729507447648640e-01
GLOBAL_TOPOLOGY_PASS=True

=== STAGE A: THICK-WALL SEED ===
LIMIT_F0=4.337387678866348e+00

=== STAGE B: LOCAL HIGH-BRANCH CONTINUATION ===
LOCAL MU=2.500000000000e-03 OMEGA=9.999968749951171e-01 I_Q=7.559701695672e+03 Q_RES=+9.654818033214e+02 E_OVER_Q=1.000003124560e+00 NODES=0
LOCAL MU=2.516250000000e-03 OMEGA=9.999968342379577e-01 I_Q=7.510891350991e+03 Q_RES=+9.166714586406e+02 E_OVER_Q=1.000003165306e+00 NODES=0
LOCAL MU=2.532500000000e-03 OMEGA=9.999967932167333e-01 I_Q=7.462707464526e+03 Q_RES=+8.684875721761e+02 E_OVER_Q=1.000003206315e+00 NODES=0
LOCAL MU=2.548750000000e-03 OMEGA=9.999967519314438e-01 I_Q=7.415138053997e+03 Q_RES=+8.209181616470e+02 E_OVER_Q=1.000003247588e+00 NODES=0
LOCAL MU=2.565000000000e-03 OMEGA=9.999967103820891e-01 I_Q=7.368171440767e+03 Q_RES=+7.739515484168e+02 E_OVER_Q=1.000003289125e+00 NODES=0
LOCAL MU=2.581250000000e-03 OMEGA=9.999966685686695e-01 I_Q=7.321796240286e+03 Q_RES=+7.275763479361e+02 E_OVER_Q=1.000003330926e+00 NODES=0
LOCAL MU=2.597500000000e-03 OMEGA=9.999966264911847e-01 I_Q=7.276001352893e+03 Q_RES=+6.817814605429e+02 E_OVER_Q=1.000003372990e+00 NODES=0
LOCAL MU=2.613750000000e-03 OMEGA=9.999965841496348e-01 I_Q=7.230775954957e+03 Q_RES=+6.365560626070e+02 E_OVER_Q=1.000003415319e+00 NODES=0
LOCAL MU=2.630000000000e-03 OMEGA=9.999965415440195e-01 I_Q=7.186109490353e+03 Q_RES=+5.918895980024e+02 E_OVER_Q=1.000003457911e+00 NODES=0
LOCAL MU=2.646250000000e-03 OMEGA=9.999964986743392e-01 I_Q=7.141991662244e+03 Q_RES=+5.477717698938e+02 E_OVER_Q=1.000003500767e+00 NODES=0
LOCAL MU=2.662500000000e-03 OMEGA=9.999964555405934e-01 I_Q=7.098412425174e+03 Q_RES=+5.041925328243e+02 E_OVER_Q=1.000003543887e+00 NODES=0
LOCAL MU=2.678750000000e-03 OMEGA=9.999964121427823e-01 I_Q=7.055361977440e+03 Q_RES=+4.611420850901e+02 E_OVER_Q=1.000003587271e+00 NODES=0
LOCAL MU=2.695000000000e-03 OMEGA=9.999963684809060e-01 I_Q=7.012830753743e+03 Q_RES=+4.186108613924e+02 E_OVER_Q=1.000003630918e+00 NODES=0
LOCAL MU=2.711250000000e-03 OMEGA=9.999963245549643e-01 I_Q=6.970809418103e+03 Q_RES=+3.765895257525e+02 E_OVER_Q=1.000003674830e+00 NODES=0
LOCAL MU=2.727500000000e-03 OMEGA=9.999962803649571e-01 I_Q=6.929288857031e+03 Q_RES=+3.350689646808e+02 E_OVER_Q=1.000003719005e+00 NODES=0
LOCAL MU=2.743750000000e-03 OMEGA=9.999962359108846e-01 I_Q=6.888260172938e+03 Q_RES=+2.940402805880e+02 E_OVER_Q=1.000003763444e+00 NODES=0
LOCAL MU=2.760000000000e-03 OMEGA=9.999961911927465e-01 I_Q=6.847714677780e+03 Q_RES=+2.534947854294e+02 E_OVER_Q=1.000003808146e+00 NODES=0
LOCAL MU=2.776250000000e-03 OMEGA=9.999961462105429e-01 I_Q=6.807643886923e+03 Q_RES=+2.134239945726e+02 E_OVER_Q=1.000003853113e+00 NODES=0
LOCAL MU=2.792500000000e-03 OMEGA=9.999961009642738e-01 I_Q=6.768039513229e+03 Q_RES=+1.738196208788e+02 E_OVER_Q=1.000003898343e+00 NODES=0
LOCAL MU=2.808750000000e-03 OMEGA=9.999960554539390e-01 I_Q=6.728893461340e+03 Q_RES=+1.346735689899e+02 E_OVER_Q=1.000003943837e+00 NODES=0
LOCAL MU=2.825000000000e-03 OMEGA=9.999960096795387e-01 I_Q=6.690197822163e+03 Q_RES=+9.597792981274e+01 E_OVER_Q=1.000003989595e+00 NODES=0
LOCAL MU=2.841250000000e-03 OMEGA=9.999959636410727e-01 I_Q=6.651944867543e+03 Q_RES=+5.772497519232e+01 E_OVER_Q=1.000004035617e+00 NODES=0
LOCAL MU=2.857500000000e-03 OMEGA=9.999959173385409e-01 I_Q=6.614127045118e+03 Q_RES=+1.990715276736e+01 E_OVER_Q=1.000004081902e+00 NODES=0
LOCAL MU=2.873750000000e-03 OMEGA=9.999958707719435e-01 I_Q=6.576736973350e+03 Q_RES=-1.748291900019e+01 E_OVER_Q=1.000004128451e+00 NODES=0
LOCAL MU=2.890000000000e-03 OMEGA=9.999958239412803e-01 I_Q=6.539767436723e+03 Q_RES=-5.445245562758e+01 E_OVER_Q=1.000004175264e+00 NODES=0
LOCAL MU=2.906250000000e-03 OMEGA=9.999957768465513e-01 I_Q=6.503211381097e+03 Q_RES=-9.100851125280e+01 E_OVER_Q=1.000004222341e+00 NODES=0
LOCAL MU=2.922500000000e-03 OMEGA=9.999957294877564e-01 I_Q=6.467061909229e+03 Q_RES=-1.271579831211e+02 E_OVER_Q=1.000004269682e+00 NODES=0
LOCAL MU=2.938750000000e-03 OMEGA=9.999956818648956e-01 I_Q=6.431312276428e+03 Q_RES=-1.629076159227e+02 E_OVER_Q=1.000004317286e+00 NODES=0
LOCAL MU=2.955000000000e-03 OMEGA=9.999956339779690e-01 I_Q=6.395955886363e+03 Q_RES=-1.982640059876e+02 E_OVER_Q=1.000004365154e+00 NODES=0
LOCAL MU=2.971250000000e-03 OMEGA=9.999955858269763e-01 I_Q=6.360986287008e+03 Q_RES=-2.332336053422e+02 E_OVER_Q=1.000004413286e+00 NODES=0
LOCAL MU=2.987500000000e-03 OMEGA=9.999955374119177e-01 I_Q=6.326397166716e+03 Q_RES=-2.678227256344e+02 E_OVER_Q=1.000004461681e+00 NODES=0
LOCAL MU=3.003750000000e-03 OMEGA=9.999954887327930e-01 I_Q=6.292182350420e+03 Q_RES=-3.020375419301e+02 E_OVER_Q=1.000004510340e+00 NODES=0
LOCAL MU=3.020000000000e-03 OMEGA=9.999954397896023e-01 I_Q=6.258335795962e+03 Q_RES=-3.358840963883e+02 E_OVER_Q=1.000004559263e+00 NODES=0
LOCAL MU=3.036250000000e-03 OMEGA=9.999953905823454e-01 I_Q=6.224851590533e+03 Q_RES=-3.693683018177e+02 E_OVER_Q=1.000004608450e+00 NODES=0
LOCAL MU=3.052500000000e-03 OMEGA=9.999953411110224e-01 I_Q=6.191723947231e+03 Q_RES=-4.024959451193e+02 E_OVER_Q=1.000004657900e+00 NODES=0
LOCAL MU=3.068750000000e-03 OMEGA=9.999952913756333e-01 I_Q=6.158947201730e+03 Q_RES=-4.352726906202e+02 E_OVER_Q=1.000004707615e+00 NODES=0
LOCAL MU=3.085000000000e-03 OMEGA=9.999952413761778e-01 I_Q=6.126515809048e+03 Q_RES=-4.677040833022e+02 E_OVER_Q=1.000004757592e+00 NODES=0
LOCAL MU=3.101250000000e-03 OMEGA=9.999951911126560e-01 I_Q=6.094424340422e+03 Q_RES=-4.997955519279e+02 E_OVER_Q=1.000004807834e+00 NODES=0
LOCAL MU=3.117500000000e-03 OMEGA=9.999951405850680e-01 I_Q=6.062667480280e+03 Q_RES=-5.315524120701e+02 E_OVER_Q=1.000004858339e+00 NODES=0
LOCAL MU=3.133750000000e-03 OMEGA=9.999950897934137e-01 I_Q=6.031240023304e+03 Q_RES=-5.629798690464e+02 E_OVER_Q=1.000004909108e+00 NODES=0
LOCAL MU=3.150000000000e-03 OMEGA=9.999950387376929e-01 I_Q=6.000136871587e+03 Q_RES=-5.940830207630e+02 E_OVER_Q=1.000004960141e+00 NODES=0
LOCAL_CROSSING_COUNT=1

=== STAGE C: HIGH-ROOT BRACKET ===
HIGH_ROOT_MU_BRACKET=[2.857500000000000e-03,2.873750000000000e-03]
HIGH_ROOT_OMEGA_BRACKET=[9.999958707719435e-01,9.999959173385409e-01]
HIGH_ROOT_MU_INTERPOLATED=2.866151794906431e-03
HIGH_ROOT_OMEGA_INTERPOLATED=9.999958925785088e-01
HIGH_ROOT_SECANT_DQ_DOMEGA=+8.029375967019186e+08

=== STAGE D: LOCAL SLOPE SIGN AUDIT ===
LOCAL_SLOPE I=19 DQ_DOMEGA=+8.453554595754302e+08
LOCAL_SLOPE I=20 DQ_DOMEGA=+8.308911636550382e+08
LOCAL_SLOPE I=21 DQ_DOMEGA=+8.167549580486058e+08
LOCAL_SLOPE I=22 DQ_DOMEGA=+8.029375967019186e+08
LOCAL_SLOPE I=23 DQ_DOMEGA=+7.894301312996860e+08
LOCAL_SLOPE I=24 DQ_DOMEGA=+7.762239298795972e+08
LOCAL_SLOPE I=25 DQ_DOMEGA=+7.633106365042219e+08
MIN_LOCAL_DQ_DOMEGA=+7.633106365042219e+08
HIGH_BRANCH_VK_SOURCE_UNSTABLE=True

=== STAGE E: E/(Q mX) NUMERICAL MARGIN ===
ENERGY_QUAD MU=2.857500000000000e-03 N=20000 E_OVER_Q=1.000004081902233e+00
ENERGY_QUAD MU=2.857500000000000e-03 N=40000 E_OVER_Q=1.000004081902233e+00
ENERGY_QUAD MU=2.857500000000000e-03 N=80000 E_OVER_Q=1.000004081902233e+00
ENERGY_MARGIN MU=2.857500000000000e-03 MIN_EXCESS=+4.081902233110668e-06 QUAD_SPREAD=2.220446049250313e-16
ENERGY_QUAD MU=2.873750000000000e-03 N=20000 E_OVER_Q=1.000004128451414e+00
ENERGY_QUAD MU=2.873750000000000e-03 N=40000 E_OVER_Q=1.000004128451414e+00
ENERGY_QUAD MU=2.873750000000000e-03 N=80000 E_OVER_Q=1.000004128451414e+00
ENERGY_MARGIN MU=2.873750000000000e-03 MIN_EXCESS=+4.128451413842882e-06 QUAD_SPREAD=4.440892098500626e-16
MIN_HIGH_BRANCH_E_OVER_Q_EXCESS=+4.081902233110668e-06
MAX_E_OVER_Q_QUADRATURE_SPREAD=4.440892098500626e-16
HIGH_BRANCH_ENERGETICALLY_UNBOUND=True

=== STAGE F: FINAL 031D1 DECISION ===
LOW_BRANCH_ROBUST_SCALAR_TACHYON=True
HIGH_BRANCH_SOURCE_FATAL=True
GATE_FREE_SAME_Q_OFFSTATE_ROUTE_CLOSED=True
AUXILIARY_GATE_REQUIRED=True
031D1HR_CLASSIFICATION=RED_D1HR_GATE_FREE_SAME_Q_OFFSTATE_ROUTE_CLOSED_LOW_BRANCH_SCALAR_TACHYON_HIGH_BRANCH_QBALL_SOURCE_UNSTABLE
NEXT=031D2_MINIMUM_AUXILIARY_GATE_MASS_SHIFT_CONTROL_ENERGY_RECIPROCITY_AND_SWITCHING_COST
GATE_CONTROL_ENERGY_CLOSED=NO
RECIPROCITY_CLOSED=NO
SWITCHING_RESET_COST_CLOSED=NO
FULL_METRIC_BACKREACTION_CLOSED=NO
NONLINEAR_FRAGMENTATION_CLOSED=NO
PRACTICAL_DEVICE=NO
SUMMARY_JSON=/Users/mymac/Desktop/antigravity_research/results/data/031d1hr_highbranch_certificate_summary.json
LOCAL_CSV=/Users/mymac/Desktop/antigravity_research/results/data/031d1hr_highbranch_local_scan.csv
