=== 031D3B FULL FIXED-QX,QY MICROSCOPIC ACTIVATION ===
FULL_X_PHI_Y_COUPLED_ON_FIELD=YES
FIXED_QX=YES
FIXED_QY=YES
SOURCE_ACTIVATION_RECIPROCITY_INCLUDED=YES
ORDINARY_PAYLOAD_REACTION_IN_SOURCE_BVP=NO
REASON_PAYLOAD_REACTION_PREVIOUSLY_BOUNDED=3P44E_MINUS16
OFF_STATE_SAME_QY=NO
OFF_STATE_REQUIRES_QY_ZERO_OR_RESERVOIR=YES
PRACTICAL_DEVICE=NO

=== STAGE A: INDEPENDENT FIELD RECONSTRUCTION ===
TARGET_I_QX=6.594219892350219e+03
TARGET_I_QY=1.058353778605269e+04
TARGET_PHYSICAL_QY=2.201803600111565e+35
D3AR_PHYSICAL_QY=2.201803600111565e+35
PHYSICAL_QY_PROVENANCE_RELERR=0.000000000000000e+00
OMEGA_X_SEED=3.400000000000000e-01
OMEGA_Y_SEED=4.500000000000000e-01
MU_MA_OVER_MX=5.346177557001615e-02
RHO_Y_V2_OVER_F2=2.490592146370240e-03
INHERITED_ACTIVATION_E_OVER_QM=5.523131790623719e-01

=== STAGE B: COUPLING HOMOTOPY ===
HOMOTOPY T=0.00 OMEGA_X=3.399999998860e-01 OMEGA_Y=4.500000012825e-01 U0=2.215821435497e+00 A0=9.498546031855e+00 F0=1.000000000000e+00 QX_REL=0.000000e+00 QY_REL=0.000000e+00 NODES=3448 RMS=1.990059e-05
HOMOTOPY T=0.10 OMEGA_X=3.399999998860e-01 OMEGA_Y=4.500000012825e-01 U0=2.215821435497e+00 A0=9.498546031855e+00 F0=1.000000000000e+00 QX_REL=0.000000e+00 QY_REL=0.000000e+00 NODES=3448 RMS=1.990059e-05
HOMOTOPY T=0.25 OMEGA_X=3.399999998860e-01 OMEGA_Y=4.500000012825e-01 U0=2.215821435497e+00 A0=9.498546031855e+00 F0=1.000000000000e+00 QX_REL=0.000000e+00 QY_REL=0.000000e+00 NODES=3448 RMS=1.990059e-05
HOMOTOPY T=0.50 OMEGA_X=3.399999998860e-01 OMEGA_Y=4.500000012825e-01 U0=2.215821435497e+00 A0=9.498546031855e+00 F0=1.000000000000e+00 QX_REL=0.000000e+00 QY_REL=0.000000e+00 NODES=3448 RMS=1.990059e-05
HOMOTOPY T=0.75 OMEGA_X=3.399999998860e-01 OMEGA_Y=4.500000012825e-01 U0=2.215821435497e+00 A0=9.498546031855e+00 F0=1.000000000000e+00 QX_REL=0.000000e+00 QY_REL=0.000000e+00 NODES=3448 RMS=1.990059e-05
HOMOTOPY T=1.00 OMEGA_X=3.399999998860e-01 OMEGA_Y=4.500000012825e-01 U0=2.215821435497e+00 A0=9.498546031855e+00 F0=1.000000000000e+00 QX_REL=0.000000e+00 QY_REL=0.000000e+00 NODES=3448 RMS=1.990059e-05

=== STAGE C: PHYSICAL T=1 DOMAIN CONVERGENCE ===
DOMAIN XMAX=500.0 OMEGA_X=3.399999998877e-01 OMEGA_Y=4.500000012825e-01 U0=2.215821435491e+00 A0=9.498546031855e+00 QX_REL=0.000000e+00 QY_REL=0.000000e+00 ACT_GJ=6.228597770 TOTAL_GJ=127.782358314 RMS=5.780358e-06
DOMAIN XMAX=700.0 OMEGA_X=3.399999998877e-01 OMEGA_Y=4.500000012825e-01 U0=2.215821435491e+00 A0=9.498546031855e+00 QX_REL=0.000000e+00 QY_REL=0.000000e+00 ACT_GJ=6.228597770 TOTAL_GJ=127.782437144 RMS=5.621505e-06
DOMAIN XMAX=900.0 OMEGA_X=3.399999998877e-01 OMEGA_Y=4.500000012825e-01 U0=2.215821435491e+00 A0=9.498546031855e+00 QX_REL=0.000000e+00 QY_REL=0.000000e+00 ACT_GJ=6.228597770 TOTAL_GJ=127.782438518 RMS=5.621505e-06

=== STAGE D: DENSE EQUATION RESIDUAL RECONSTRUCTION ===
DENSE_NORMALIZED_RESIDUAL_MAX=8.587068351664397e-06
BVP_RMS_RESIDUAL_MAX=5.621505119913924e-06

=== STAGE E: SOURCE / PAYLOAD PHYSICAL RESPONSE ===
SOURCE_PRODUCTIVE_F_MIN=1.000000000000000e+00
PAYLOAD_F_MIN=9.999999999997287e-01
PAYLOAD_ACCELERATION_RATIO_MIN=1.000000001418515e+00
PAYLOAD_ACCELERATION_RATIO_MAX=1.000000001425199e+00
PAYLOAD_OUTWARD_SIGN_PASS=True

=== STAGE F: FINAL MICROSCOPIC EXISTENCE DECISION ===
OMEGA_X_DOMAIN_REL_SPREAD=0.000000000000000e+00
OMEGA_Y_DOMAIN_REL_SPREAD=0.000000000000000e+00
U0_DOMAIN_REL_SPREAD=0.000000000000000e+00
A0_DOMAIN_REL_SPREAD=0.000000000000000e+00
ENERGY_DOMAIN_REL_SPREAD=6.276620303096363e-07
DOMAIN_CONVERGENCE_PASS=True
FIXED_QX_QY_PASS=True
DENSE_RESIDUAL_PASS=True
SOURCE_ACTIVATION_PASS=True
FINITE_PAYLOAD_RESPONSE_PASS=True
ACTIVATION_ENERGY_GJ=6.228597769673
SOURCE_SCALAR_CONSERVATIVE_GJ=121.553840748599
FULL_CONSERVATIVE_ON_INVENTORY_GJ=127.782438518272
PRECOUPLING_REFERENCE_TOTAL_GJ=127.782184791444
SOURCE_INVENTORY_REL_SHIFT=2.087396656009488e-06
ACTIVATION_ENERGY_FRACTION_OF_SOURCE=5.124157931081861e-02
ENERGY_GATE_PASS=True
FREQUENCY_BOUND_PASS=True
OFF_QY_ZERO_STRUCTURE_PASS=True
OFF_STATE_SAME_QY=False
031D3B_CLASSIFICATION=GREEN_D3B_FULL_FIXED_QX_QY_COUPLED_MICROSCOPIC_ON_FIELD_EXISTS
NEXT=031D3C_COUPLED_LINEAR_STABILITY_PLUS_QY_SWITCHING_RESERVOIR_RESET_GATE
COUPLED_LINEAR_STABILITY_CLOSED=NO
QY_CHARGE_INJECTION_REMOVAL_CLOSED=NO
SWITCHING_RESET_POWER_CLOSED=NO
RADIATION_CLOSED=NO
FULL_METRIC_BACKREACTION_CLOSED=NO
RADIATIVE_NATURALNESS_CLOSED=NO
EMPIRICAL_CLOSURE=NO
PRACTICAL_DEVICE=NO
SUMMARY_JSON=/Users/mymac/Desktop/antigravity_research/results/data/031d3b_full_coupled_activation_summary.json
HOMOTOPY_CSV=/Users/mymac/Desktop/antigravity_research/results/data/031d3b_homotopy_scan.csv
DOMAIN_CSV=/Users/mymac/Desktop/antigravity_research/results/data/031d3b_domain_scan.csv
