=== 031D3C COUPLED ACTIVATION STABILITY + SWITCHING ===
D3B_MICROSCOPIC_ON_FIELD_REQUIRED=YES
INHERITED_X_PHI_LINEAR_STABILITY_REQUIRED=YES
ACTIVATION_DYNAMIC_MODES_INCLUDED=YES
CROSS_HESSIAN_INCLUDED=YES
COMMON_TRANSLATION_GOLDSTONE_TREATED_EXPLICITLY=YES
RELATIVE_TRANSLATION_PROJECTED_OUT=NO
OFF_STATE_SAME_QY=NO
EXPLICIT_QY_RESERVOIR_REALIZED=NO
PRACTICAL_DEVICE=NO
OMEGA_X=3.399999998876553e-01
OMEGA_Y=4.500000012825411e-01
MU_MA_OVER_MX=5.346177557001615e-02
RHO_Y=2.490592146370240e-03
PHYSICAL_QY=2.201803600111565e+35
FULL_ON_CONSERVATIVE_GJ=127.782438518272

=== STAGE A: RECONSTRUCT X+PHI AND Y BACKGROUNDS ===
X_U0=2.215821146105762e+00
Y_A0=9.498545933641751e+00

=== STAGE B: ACTIVATION Q-BALL BRANCH SLOPE ===
Y_BRANCH OMEGA=0.440000001 I_Q=1.184718967661e+04 E_OVER_QM=5.408552256634e-01
Y_BRANCH OMEGA=0.445000001 I_Q=1.119465864134e+04 E_OVER_QM=5.465899024295e-01
Y_BRANCH OMEGA=0.450000001 I_Q=1.058353763434e+04 E_OVER_QM=5.523131805290e-01
Y_BRANCH OMEGA=0.455000001 I_Q=1.001082814269e+04 E_OVER_QM=5.580249325129e-01
Y_BRANCH OMEGA=0.460000001 I_Q=9.473776160683e+03 E_OVER_QM=5.637250277496e-01
Y_DQ_DOMEGA=-1.186131506099845e+05
Y_BRANCH_SLOPE_STABLE=True

=== STAGE C: D3 CROSS-COUPLING HESSIAN DIAGNOSTICS ===
PRODUCTIVE_ONE_MINUS_F_MAX=0.000000000000000e+00
PRODUCTIVE_FP_MAX=2.037700462618677e-18
PRODUCT_BACKGROUND_EOM_DEFECT_MAX=4.406646304473141e-17
NEW_CANONICAL_CROSS_HESSIAN_MAX=1.622185506562823e-18
BACKGROUND_PRODUCT_APPROXIMATION_PASS=True
CROSS_HESSIAN_SMALL_PREFLIGHT_PASS=True

=== STAGE D: FULL FIVE-FIELD COUPLED LINEAR SPECTRUM ===
SPECTRUM RMAX=600.0 H=0.500000 L=0 MAX_PHYS_RE=8.189621356007e-12 COMMON_T_OV=0.000000 REL_T_OV=0.467785 REL_T_RE=-2.652090e-12 REL_T_IM=-1.422349e-02 NEAR_OK=True RIGHT_OK=False
SPECTRUM RMAX=600.0 H=0.500000 L=1 MAX_PHYS_RE=4.163017410769e-05 COMMON_T_OV=0.975727 REL_T_OV=0.976818 REL_T_RE=+4.163017e-05 REL_T_IM=+0.000000e+00 NEAR_OK=True RIGHT_OK=False
SPECTRUM RMAX=600.0 H=0.500000 L=2 MAX_PHYS_RE=3.801427016934e-14 COMMON_T_OV=0.000000 REL_T_OV=0.834039 REL_T_RE=-4.571225e-18 REL_T_IM=-1.167433e-02 NEAR_OK=True RIGHT_OK=True
SPECTRUM RMAX=600.0 H=0.500000 L=3 MAX_PHYS_RE=1.418460584010e-11 COMMON_T_OV=0.000000 REL_T_OV=0.768047 REL_T_RE=+5.792668e-17 REL_T_IM=-1.948609e-02 NEAR_OK=True RIGHT_OK=True
SPECTRUM RMAX=600.0 H=0.500000 L=4 MAX_PHYS_RE=2.390558545372e-13 COMMON_T_OV=0.000000 REL_T_OV=0.705132 REL_T_RE=+1.644303e-17 REL_T_IM=-2.666014e-02 NEAR_OK=True RIGHT_OK=True
SPECTRUM RMAX=600.0 H=0.500000 L=5 MAX_PHYS_RE=8.019674986756e-13 COMMON_T_OV=0.000000 REL_T_OV=0.556729 REL_T_RE=-1.046869e-17 REL_T_IM=-3.314587e-02 NEAR_OK=True RIGHT_OK=True
SPECTRUM RMAX=600.0 H=0.500000 L=6 MAX_PHYS_RE=7.334750652630e-14 COMMON_T_OV=0.000000 REL_T_OV=0.403084 REL_T_RE=+8.111823e-18 REL_T_IM=-3.896502e-02 NEAR_OK=True RIGHT_OK=True
SPECTRUM RMAX=600.0 H=0.500000 L=7 MAX_PHYS_RE=3.409323611245e-12 COMMON_T_OV=0.000000 REL_T_OV=0.360745 REL_T_RE=-1.882601e-16 REL_T_IM=-4.615414e-02 NEAR_OK=True RIGHT_OK=True
SPECTRUM RMAX=600.0 H=0.500000 L=8 MAX_PHYS_RE=4.304689778682e-13 COMMON_T_OV=0.000000 REL_T_OV=0.299149 REL_T_RE=+4.304690e-13 REL_T_IM=-5.190310e-02 NEAR_OK=True RIGHT_OK=True
SPECTRUM RMAX=600.0 H=0.375000 L=0 MAX_PHYS_RE=1.025626313813e-11 COMMON_T_OV=0.000000 REL_T_OV=0.467783 REL_T_RE=-3.849100e-12 REL_T_IM=-1.422374e-02 NEAR_OK=True RIGHT_OK=False
SPECTRUM RMAX=600.0 H=0.375000 L=1 MAX_PHYS_RE=3.123474911763e-05 COMMON_T_OV=0.976284 REL_T_OV=0.976821 REL_T_RE=+3.123475e-05 REL_T_IM=+0.000000e+00 NEAR_OK=True RIGHT_OK=False
SPECTRUM RMAX=600.0 H=0.375000 L=2 MAX_PHYS_RE=5.701141598743e-16 COMMON_T_OV=0.000000 REL_T_OV=0.834039 REL_T_RE=+2.135010e-17 REL_T_IM=-1.167441e-02 NEAR_OK=True RIGHT_OK=False
SPECTRUM RMAX=600.0 H=0.375000 L=3 MAX_PHYS_RE=9.177291392400e-12 COMMON_T_OV=0.000000 REL_T_OV=0.768047 REL_T_RE=+5.053039e-17 REL_T_IM=-1.948616e-02 NEAR_OK=True RIGHT_OK=True
SPECTRUM RMAX=600.0 H=0.375000 L=4 MAX_PHYS_RE=4.314691700662e-13 COMMON_T_OV=0.000000 REL_T_OV=0.705132 REL_T_RE=-1.804625e-17 REL_T_IM=-2.666021e-02 NEAR_OK=True RIGHT_OK=True
SPECTRUM RMAX=600.0 H=0.375000 L=5 MAX_PHYS_RE=4.188272753178e-14 COMMON_T_OV=0.000000 REL_T_OV=0.556719 REL_T_RE=+2.022461e-17 REL_T_IM=-3.314591e-02 NEAR_OK=True RIGHT_OK=True
SPECTRUM RMAX=600.0 H=0.375000 L=6 MAX_PHYS_RE=9.952765921174e-12 COMMON_T_OV=0.000000 REL_T_OV=0.403083 REL_T_RE=-7.807314e-18 REL_T_IM=-3.896506e-02 NEAR_OK=True RIGHT_OK=True
SPECTRUM RMAX=600.0 H=0.375000 L=7 MAX_PHYS_RE=2.469870782014e-12 COMMON_T_OV=0.000000 REL_T_OV=0.360745 REL_T_RE=-2.992487e-16 REL_T_IM=-4.615425e-02 NEAR_OK=True RIGHT_OK=True
SPECTRUM RMAX=600.0 H=0.375000 L=8 MAX_PHYS_RE=4.019638576732e-13 COMMON_T_OV=0.000000 REL_T_OV=0.299154 REL_T_RE=+5.667158e-14 REL_T_IM=-5.190330e-02 NEAR_OK=True RIGHT_OK=True
L1_REFINEMENT RMAX=600.0 H=0.250000 MAX_PHYS_RE=2.084629693372e-05 COMMON_GROWTH=4.233220492080e-03 COMMON_OVERLAP=0.976616766 REL_T_OVERLAP=0.976823673 REL_T_RE=+2.084629693372e-05 REL_T_IM=+0.000000000000e+00
L1_REFINEMENT RMAX=800.0 H=0.500000 MAX_PHYS_RE=4.163017410769e-05 COMMON_GROWTH=8.467401474286e-03 COMMON_OVERLAP=0.975727194 REL_T_OVERLAP=0.976818212 REL_T_RE=+4.163017410769e-05 REL_T_IM=+0.000000000000e+00

=== STAGE E: COUPLED-LINEAR DECISION ===
INHERITED_X_PHI_STABILITY_GREEN=True
ACTIVATION_BRANCH_SLOPE_PASS=True
ARPACK_ALL_REQUESTS_COMPLETE=False
WORST_NON_SYMMETRY_REAL_GROWTH=4.163017410768983e-05
MAX_COARSE_FINE_GROWTH_DIFFERENCE=1.039542499005358e-05
COMMON_TRANSLATION_GOLDSTONE_PASS=True
COUPLED_LINEAR_STABILITY_PASS=False

=== STAGE F: QY SWITCHING / RESERVOIR LEDGER ===
OFF_QY=0
OFF_QX_FIXED=6.594219892350219e+03
OFF_OMEGA_X=4.939603907371556e-01
OFF_SOURCE_E_OVER_QMX=6.021212818941611e-01
OFF_SOURCE_ENERGY_GJ=90.815960813651
ON_ACTIVATION_FIELD_INVENTORY_GJ=6.228597769673
CONSERVATIVE_ON_MINUS_OFF_GJ=36.966477704620
PHYSICAL_QY_TRANSFER_REQUIRED=2.201803600111565e+35
CONSERVATIVE_ON_MINUS_OFF_IS_STRICT_MINIMUM_WORK=NO
ACTIVATION_INVENTORY_CAN_BE_ASSUMED_RECOVERABLE=NO
SWITCH_POWER DT_S=1.000000e+00 ACTIVATION_ONLY_W=6.228597769673e+09 CONSERVATIVE_DELTA_W=3.696647770462e+10
SWITCH_POWER DT_S=1.000000e-01 ACTIVATION_ONLY_W=6.228597769673e+10 CONSERVATIVE_DELTA_W=3.696647770462e+11
SWITCH_POWER DT_S=1.000000e-02 ACTIVATION_ONLY_W=6.228597769673e+11 CONSERVATIVE_DELTA_W=3.696647770462e+12
SWITCH_POWER DT_S=1.000000e-03 ACTIVATION_ONLY_W=6.228597769673e+12 CONSERVATIVE_DELTA_W=3.696647770462e+13
SWITCH_POWER DT_S=1.000000e-06 ACTIVATION_ONLY_W=6.228597769673e+15 CONSERVATIVE_DELTA_W=3.696647770462e+16
SWITCHING_LEDGER_FINITE_PASS=True
EXPLICIT_QY_TRANSFER_FIELD_PASS=False
RESET_RADIATION_PASS=False

=== STAGE G: 031D3C DECISION ===
031D3C_CLASSIFICATION=RED_OR_YELLOW_D3C_COUPLED_LINEAR_STABILITY_NOT_CERTIFIED
NEXT=DIAGNOSE_ONLY_D3C_STABILITY_FAILURE
FULL_031D_ACTIVATION_CERTIFIED=NO
REASON_FULL_031D_NOT_CLOSED=EXPLICIT_QY_TRANSFER_RESERVOIR_RESET_RADIATION_OPEN
NONLINEAR_FRAGMENTATION_CLOSED=NO
FULL_EINSTEIN_METRIC_BACKREACTION_CLOSED=NO
RADIATIVE_NATURALNESS_CLOSED=NO
EMPIRICAL_CLOSURE=NO
PRACTICAL_DEVICE=NO
SUMMARY_JSON=/Users/mymac/Desktop/antigravity_research/results/data/031d3c_activation_stability_switching_summary.json
SPECTRUM_CSV=/Users/mymac/Desktop/antigravity_research/results/data/031d3c_coupled_spectrum.csv
