=== 031D1-R2 LOW-BRANCH DECISIVE OFF-STATE HESSIAN ===
QUESTION=IS_CLEAN_SAME_Q_LOW_OMEGA_OFF_STATE_SCALAR_LINEarly_STABLE
HIGH_OMEGA_BRANCH_REQUIRED_FOR_THIS_GATE=NO
AUXILIARY_GATE_FIELD_INCLUDED=NO
CONTROL_ENERGY_INCLUDED=NO
PRACTICAL_DEVICE=NO

=== STAGE A: ON-STATE TARGET CHARGE ===
TARGET_I_Q=6.594219892350219e+03
ON_E_OVER_QMX=4.993363938918737e-01

=== STAGE B: CLEAN LOW-BRANCH CONTINUATION ===
CONTINUATION branch=low_decisive omega=0.494897436 I_Q=6.530469851e+03 Q_RES=-6.375004182e+01 Y0=8.097731756e+00 DIST=4.613136e-03 NODES=0
CONTINUATION branch=low_decisive omega=0.493897436 I_Q=6.598528601e+03 Q_RES=+4.308708236e+00 Y0=8.125944157e+00 DIST=4.619485e-03 NODES=0
CONTINUATION branch=low_decisive omega=0.492897436 I_Q=6.667406348e+03 Q_RES=+7.318645566e+01 Y0=8.154279897e+00 DIST=4.625875e-03 NODES=0
CONTINUATION branch=low_decisive omega=0.491897436 I_Q=6.737114423e+03 Q_RES=+1.428945306e+02 Y0=8.182739793e+00 DIST=4.632301e-03 NODES=0
CONTINUATION branch=low_decisive omega=0.496897436 I_Q=6.396764895e+03 Q_RES=-1.974549975e+02 Y0=8.041673743e+00 DIST=4.586632e-03 NODES=0
CONTINUATION branch=low_decisive omega=0.497897436 I_Q=6.331096893e+03 Q_RES=-2.631229995e+02 Y0=8.013826532e+00 DIST=4.580407e-03 NODES=0
CONTINUATION branch=low_decisive omega=0.498897436 I_Q=6.266204289e+03 Q_RES=-3.280156031e+02 Y0=7.986099464e+00 DIST=4.574213e-03 NODES=0
LOW_BRANCH_BRACKET_COUNT=1
ROOT_REFINE branch=low_decisive iter=0 omega=0.494397436000 Q_RELERR=4.522497e-03
ROOT_REFINE branch=low_decisive iter=1 omega=0.494147436000 Q_RELERR=1.938413e-03
ROOT_REFINE branch=low_decisive iter=2 omega=0.494022436000 Q_RELERR=6.434717e-04
ROOT_REFINE branch=low_decisive iter=3 omega=0.493959936000 Q_RELERR=4.725185e-06
ROOT_REFINE branch=low_decisive iter=4 omega=0.493991186000 Q_RELERR=3.194338e-04
ROOT_REFINE branch=low_decisive iter=5 omega=0.493975561000 Q_RELERR=1.573695e-04
ROOT_REFINE branch=low_decisive iter=6 omega=0.493967748500 Q_RELERR=7.632593e-05
ROOT_REFINE branch=low_decisive iter=7 omega=0.493963842250 Q_RELERR=3.580132e-05
ROOT_REFINE branch=low_decisive iter=8 omega=0.493961889125 Q_RELERR=1.553830e-05
ROOT_REFINE branch=low_decisive iter=9 omega=0.493960912562 Q_RELERR=5.406618e-06
ROOT_REFINE branch=low_decisive iter=10 omega=0.493960424281 Q_RELERR=3.407311e-07
ROOT_REFINE branch=low_decisive iter=11 omega=0.493960180141 Q_RELERR=2.192223e-06
ROOT_REFINE branch=low_decisive iter=12 omega=0.493960302211 Q_RELERR=9.257452e-07
ROOT_REFINE branch=low_decisive iter=13 omega=0.493960363246 Q_RELERR=2.925068e-07
ROOT_REFINE branch=low_decisive iter=14 omega=0.493960393764 Q_RELERR=2.411224e-08
ROOT_REFINE branch=low_decisive iter=15 omega=0.493960378505 Q_RELERR=1.341973e-07
ROOT_REFINE branch=low_decisive iter=16 omega=0.493960386134 Q_RELERR=5.504251e-08
ROOT_REFINE branch=low_decisive iter=17 omega=0.493960389949 Q_RELERR=1.546513e-08

=== STAGE C: SAME-Q ROOT SOURCE DIAGNOSTICS ===
OMEGA_OFF=4.939603899489746e-01
Q_MATCH_RELERR=1.546513355231000e-08
OFF_E_OVER_QMX=6.021212804868471e-01
DQ_DOMEGA=-6.841589204811983e+04
SOURCE_SLOPE_STABLE=True
QBALL_BOUND_PASS=True
SOURCE_VIABLE=True
CHI_CRITICAL=2.284147018755802e-01
CHI_OVER_CRITICAL=1.865108791717890e+00

=== STAGE D: OFF-STATE HESSIAN DOMAIN/GRID CONVERGENCE ===
HESSIAN EPS_R=1.200 RMAX=120.000000 H=0.500000000 LAMBDA0=-1.256360553875531e-01 LAMBDA1=+8.516395433434704e-04 GROWTH=3.544517673641268e-01
HESSIAN EPS_R=1.200 RMAX=120.000000 H=0.250000000 LAMBDA0=-1.252369804506227e-01 LAMBDA1=+8.519294902482499e-04 GROWTH=3.538883728672400e-01
HESSIAN EPS_R=1.200 RMAX=120.000000 H=0.125000000 LAMBDA0=-1.251375624422116e-01 LAMBDA1=+8.520014084552573e-04 GROWTH=3.537478797706236e-01
HESSIAN EPS_R=3.000 RMAX=300.000000 H=0.500000000 LAMBDA0=-1.256360553875520e-01 LAMBDA1=+2.137340806003474e-04 GROWTH=3.544517673641253e-01
HESSIAN EPS_R=3.000 RMAX=300.000000 H=0.250000000 LAMBDA0=-1.252369804506127e-01 LAMBDA1=+2.137508031830306e-04 GROWTH=3.538883728672259e-01
HESSIAN EPS_R=3.000 RMAX=300.000000 H=0.125000000 LAMBDA0=-1.251375624422324e-01 LAMBDA1=+2.137549495860839e-04 GROWTH=3.537478797706530e-01
HESSIAN EPS_R=5.000 RMAX=500.000000 H=0.500000000 LAMBDA0=-1.256360553875537e-01 LAMBDA1=+1.403484619886860e-04 GROWTH=3.544517673641278e-01
HESSIAN EPS_R=5.000 RMAX=500.000000 H=0.250000000 LAMBDA0=-1.252369804506195e-01 LAMBDA1=+1.403519774808452e-04 GROWTH=3.538883728672356e-01
HESSIAN EPS_R=5.000 RMAX=500.000000 H=0.125000000 LAMBDA0=-1.251375624422396e-01 LAMBDA1=+1.403528490776102e-04 GROWTH=3.537478797706632e-01
HESSIAN EPS_R=8.000 RMAX=800.000000 H=0.500000000 LAMBDA0=-1.256360553875533e-01 LAMBDA1=+1.156323809143356e-04 GROWTH=3.544517673641271e-01
HESSIAN EPS_R=8.000 RMAX=800.000000 H=0.250000000 LAMBDA0=-1.252369804506141e-01 LAMBDA1=+1.156332263090984e-04 GROWTH=3.538883728672279e-01
HESSIAN EPS_R=8.000 RMAX=800.000000 H=0.125000000 LAMBDA0=-1.251375624422016e-01 LAMBDA1=+1.156334358993356e-04 GROWTH=3.537478797706095e-01

=== STAGE E: DECISION ===
FINEST_LAMBDA0=-1.251375624422016e-01
HESSIAN_GRID_REL_DIFF=7.938390725710219e-04
HESSIAN_DOMAIN_REL_DIFF=3.038667035804143e-13
FINITE_BOX_NEGATIVE_DIRECTION_PROOF=True
QUANTITATIVE_HESSIAN_CONVERGENCE=True
LOW_BRANCH_ROBUST_TACHYON=True
LOW_BRANCH_NONNEGATIVE_SURVIVOR=False
UNCONTROLLED_GROWTH_EFOLD_S=3.111711977223371e-10
CRITICAL_POSITIVE_DELTA_M2_HAT=1.251375624422016e-01
CRITICAL_DELTA_M2_OVER_MPHI2=1.251375624422016e+03
CRITICAL_M_EFF_OVER_MPHI=3.538891951475794e+01
031D1R2_CLASSIFICATION=RED_D1R2_LOW_OMEGA_SAME_Q_OFF_BRANCH_TACHYONIC
NEXT=031D1H_HIGH_OMEGA_BRANCH_IDENTITY_AND_NODE_TOPOLOGY_AUDIT_BEFORE_CLOSING_ALL_GATE_FREE_OFF_STATES
GATE_FREE_OFFSTATE_ROUTE_CLOSED=NO
AUXILIARY_GATE_CONTROL_ENERGY_CLOSED=NO
RECIPROCITY_CLOSED=NO
FULL_METRIC_BACKREACTION_CLOSED=NO
NONLINEAR_FRAGMENTATION_CLOSED=NO
PRACTICAL_DEVICE=NO
SUMMARY_JSON=/Users/mymac/Desktop/antigravity_research/results/data/031d1r2_lowbranch_offstate_hessian_summary.json
BRANCH_CSV=/Users/mymac/Desktop/antigravity_research/results/data/031d1r2_lowbranch_tracking.csv
HESSIAN_CSV=/Users/mymac/Desktop/antigravity_research/results/data/031d1r2_lowbranch_hessian_scan.csv
