=== 031D2B-R RESCALED DYNAMIC RECIPROCAL GATE WALL ===
OLD_B2_LARGE_COEFFICIENT_REMOVED_BY_EXACT_FIELD_RESCALE=YES
PRESCRIBED_GATE_RADIUS=NO
SPATIALLY_PRESCRIBED_MPHI=NO
POSITIVE_GATE_INTERACTION_ENERGY_INCLUDED=YES
FULL_Y_U_Z_SOURCE_BVP=NO
PRACTICAL_DEVICE=NO
M_X_EV=5.979605466666666e-06
M_C_GEV=6.858201405094178e+01
A2_GATE=6.003112499999998e-04
B2_GATE=6.411396647780458e+14
DELTA2_GATE=1.501650749306419e-01
U_TRANSITION=9.676357787591615e-10
EPSILON_OFF=3.876403938325337e-01
OFF_HESSIAN_LAMBDA0=+2.502751248844032e-02
RESCALE_IDENTITY_RELERR=1.806066723696257e-16

=== STAGE A: RECONSTRUCT CERTIFIED ON-STATE TAIL ===
U_XMATCH=7.659553740455458e-02
UP_XMATCH=-1.723399591602478e-03
X_TRANSITION=1.599173341992577e+03
R_TRANSITION_M=5.277272028575505e+01
R_TRANSITION_VS_D2B_RELERR=0.000000000000000e+00

=== STAGE B: CONDITIONED P/Z WALL SOLVES ===
Traceback (most recent call last):
  File "/Users/mymac/Desktop/antigravity_research/simulations/031d2br_rescaled_dynamic_reciprocal_gate_wall.py", line 1725, in <module>
    main()
    ~~~~^^
  File "/Users/mymac/Desktop/antigravity_research/simulations/031d2br_rescaled_dynamic_reciprocal_gate_wall.py", line 811, in main
    raise RuntimeError(
    ...<3 lines>...
    )
RuntimeError: RESCALED wall BVP failed for half_window=220.0: The maximum number of mesh nodes is exceeded.
