=== 031D3D1 STABILIZED NEUTRAL MIXER + RESONANT TRANSFER PREFLIGHT ===
CLAIM_CLASS=FIXED_THEORY_CONTROL_FIELD_BOUNDEDNESS_AND_TRANSFER_CAPACITY_PREFLIGHT
D3D0_ENDPOINT_RESERVOIR_GREEN_REQUIRED=YES
NAIVE_CUBIC_MIXER_PROMOTED=NO
FULL_TIME_DOMAIN_FIELD_TRANSFER_SOLVED=NO
PRACTICAL_DEVICE=NO

=== STAGE A: D3D0 PROVENANCE + DETUNING ===
D3D0_CLASSIFICATION=GREEN_D3D0_EXACT_ENDPOINT_SPECTATOR_QBALL_RESERVOIR_ARCHITECTURE_SURVIVES
Q_STAR=2.201803600111565e+35
ENDPOINT_DELTA_E_J=3.073787993494756e+10
ENDPOINT_DELTA_E_GJ=3.073787993494756e+01
DETUNING_PER_CHARGE_EV=8.713345574234664e-07
DETUNING_OVER_MA=2.725643363194454e+00
RESONANT_CARRIER_HZ=2.106877586577416e+08
RESONANT_CARRIER_RAD_S=1.323790229407585e+09

=== STAGE B: DOUBLET PROFILE / NORMALIZATION ===
PROFILE_I2=2.351897245373393e+04
PROFILE_I4=8.544132420577854e+05
PROFILE_IQ_REBUILT=1.058353763434432e+04
PROFILE_IQ_REFERENCE=1.058353763434432e+04
PROFILE_IQ_RELERR=0.000000000000000e+00
PROFILE_NORMALIZATION_PASS=True
DOUBLET_SELF_POTENTIAL=W(SQRT(ABS_Y2_PLUS_ABS_R2))
DOUBLET_ENDPOINTS_REPRODUCE_ORIGINAL_QBALL=YES
TOTAL_DIAGONAL_U1_EXACT=YES

=== STAGE C: NAIVE MIXER BOUNDEDNESS ===
NAIVE_MIXER=G*S*(CONJ(Y)*R+CONJ(R)*Y)
NAIVE_ONLY_QUADRATIC_S_POTENTIAL_BOUNDED_BELOW=False
REASON=MINIMIZING_S_GENERATES_NEGATIVE_QUARTIC_DOMINATING_LOG_QBALL_POTENTIAL
NAIVE_D3D0_MIXER_FORM=RED_AS_STANDALONE_POTENTIAL

=== STAGE D: MINIMAL STABILIZED MIXER THEORY ===
V_GATE=0.5*SIGMA2*S2+LAMBDA*ABS_Y2*ABS_R2-2*G*S*RE_CONJY_R
SUFFICIENT_BOUNDEDNESS=LAMBDA_GE_2*G2/SIGMA2
STABILIZER_MARGIN=1.200000
COMPLIANCE SIGMA=3.000 SIGMA_ENERGY=4.053287 C=5.127640767529807e+04 IDENTITY_RELERR=1.282484e-10 PASS=True
COMPLIANCE SIGMA=5.000 SIGMA_ENERGY=5.694658 C=2.615778975637370e+04 IDENTITY_RELERR=1.398757e-10 PASS=True
COMPLIANCE SIGMA=10.000 SIGMA_ENERGY=10.364803 C=7.935886780348382e+03 IDENTITY_RELERR=1.484824e-10 PASS=True
BEST_SIGMA=1.000000000000000e+01
BEST_GHAT=1.258925411794166e-04
BEST_LAMBDA=3.803743661906665e-10
BEST_GATE_FIELD_ENERGY_1S_J=7.940900092209519e+01
BEST_STABILIZER_BARRIER_J=8.657514767187838e+01
BEST_CONTROL_OVERHEAD_1S_J=1.659841485939736e+02
BEST_CONTROL_OVERHEAD_OVER_ENDPOINT=5.399986887360349e-09
FUNDAMENTAL_S_RADIATION_KINEMATICALLY_CLOSED=True

=== STAGE E: STATIC-RABI FALSIFICATION / RESONANT REQUIREMENT ===
PRIMARY_RABI_ENERGY_EV=1.033916924151001e-15
UNRESONANT_STATIC_MIXER_PMAX=5.631983875184860e-18
D3D0_SIMPLE_DC_RABI_ORACLE_SUFFICIENT=False
RESONANT_OR_CHIRPED_DRIVE_REQUIRED=True
RESONANT_999_DETUNING_TOLERANCE_HZ=1.581929993151869e-02
RESONANT_999_RELATIVE_CARRIER_TOLERANCE=7.508409616344560e-11
TRANSFER_PATH_DEPENDENT_CHIRP_NOT_YET_SOLVED=YES

=== STAGE F: FIXED-THEORY SWITCHING POWER / GATE ENERGY ===
SWITCH T=1.000000000e+01 GATE_J=7.940900092e-01 BARRIER_J=8.657514767e+01 ENDPOINT_POWER_W=3.073787993e+09 CONTROL_POWER_W=8.736923768e+00
SWITCH T=1.000000000e+00 GATE_J=7.940900092e+01 BARRIER_J=8.657514767e+01 ENDPOINT_POWER_W=3.073787993e+10 CONTROL_POWER_W=1.659841486e+02
SWITCH T=1.000000000e-01 GATE_J=7.940900092e+03 BARRIER_J=8.657514767e+01 ENDPOINT_POWER_W=3.073787993e+11 CONTROL_POWER_W=8.027475240e+04
SWITCH T=1.000000000e-02 GATE_J=7.940900092e+05 BARRIER_J=8.657514767e+01 ENDPOINT_POWER_W=3.073787993e+12 CONTROL_POWER_W=7.941765844e+07
SWITCH T=1.000000000e-03 GATE_J=7.940900092e+07 BARRIER_J=8.657514767e+01 ENDPOINT_POWER_W=3.073787993e+13 CONTROL_POWER_W=7.940908750e+10
SWITCH T=1.000000000e-04 GATE_J=7.940900092e+09 BARRIER_J=8.657514767e+01 ENDPOINT_POWER_W=3.073787993e+14 CONTROL_POWER_W=7.940900179e+13
SWITCH T=1.000000000e-05 GATE_J=7.940900092e+11 BARRIER_J=8.657514767e+01 ENDPOINT_POWER_W=3.073787993e+15 CONTROL_POWER_W=7.940900093e+16
SWITCH T=1.000000000e-06 GATE_J=7.940900092e+13 BARRIER_J=8.657514767e+01 ENDPOINT_POWER_W=3.073787993e+16 CONTROL_POWER_W=7.940900092e+19

=== STAGE G: DECISION ===
FIXED_THEORY_STABILIZED_MIXER_PREFLIGHT_PASS=True
TOTAL_DIAGONAL_U1_CONSERVED=YES
ENDPOINT_GATE_ENERGY_ZERO=YES
GATE_HAMILTONIAN_BOUNDED_BELOW=YES_BY_DECLARED_STABILIZER
RECIPROCAL_Y_R_S_INTERACTION=YES
FULL_DYNAMIC_RADIAL_TRANSFER_REALIZED=False
SOURCE_RESPONSE_ALONG_TRANSFER_PATH_SOLVED=False
FINITE_TIME_Y_R_OR_SOURCE_RADIATION_CLOSED=False
RESET_RECOVERABILITY_ESTABLISHED=False
031D3D1_CLASSIFICATION=GREEN_D3D1_STABILIZED_NEUTRAL_MIXER_CAPACITY_PREFLIGHT
FULL_D3D_CLOSED=False
PRACTICAL_DEVICE=NO
NEXT=031D3D2_CHIRPED_ADIABATIC_FULL_RADIAL_TRANSFER_SOURCE_RESPONSE_RADIATION_CLOSEOUT
SUMMARY_JSON=/Users/mymac/Desktop/antigravity_research/results/data/031d3d1_stabilized_neutral_mixer_summary.json
SCAN_CSV=/Users/mymac/Desktop/antigravity_research/results/data/031d3d1_stabilized_neutral_mixer_scan.csv
