=== 031D3-A U1 METRIC-ACTIVATION CAPACITY GATE ===
D2_CANONICAL_MEDIATOR_MASS_GATE=STRONGLY_DEMOTED_NOT_PROVEN_IMPOSSIBLE
D3_MECHANISM=A_PHI_ACTIVATION_BY_INDEPENDENT_GLOBAL_U1_FIELD
PHYSICAL_METRIC=LOG_A=-0.5*F_ACTIVATION*U^2
F_ACTIVATION=1-EXP(-A_FIELD^2/2)
OFF_STATE_Y_ZERO_IMPLIES_A_EQUAL_ONE=YES
OFF_STATE_BILINEAR_PHI_Y_MIXING=NO
FULL_X_PHI_Y_COUPLED_FIELD_SOLVE=NO
FORMATION_RESET_CHARGE_TRANSPORT_CLOSED=NO
PRACTICAL_DEVICE=NO
M_X_EV=5.979605466666666e-06
F_SOURCE_GEV=2.921719088485014e+01
M_C_GEV=6.858201405094178e+01
PAYLOAD_X_NEAR=42.365154287708
PAYLOAD_X_CENTER=45.395457318011
PAYLOAD_X_FAR=48.425760348314
LEAKAGE_TEST_X_10M=303.030303030303
OFF_SOURCE_QBALL_PASS=True
OFF_SCALAR_QUADRATIC_MASS2_HAT=1.000000000000000e-04
OFF_SCALAR_QUADRATIC_STABLE=True

=== STAGE A: RECONSTRUCT CERTIFIED ON SOURCE ===
SOURCE_PRODUCTIVE_MASK_POINTS=854
SOURCE_U0=2.215821435154685e+00

=== STAGE B: ACTIVATION-QBALL PROFILE LIBRARY ===
ACTIVATION_PROFILE OMEGA=0.200000 A0=3.061335965e+01 I_E=1.280267850e+05 I_Q=5.039495216e+05 E_OVER_QM=2.540468430e-01
ACTIVATION_PROFILE OMEGA=0.250000 A0=-2.268719943e+01 I_E=5.675015630e+04 I_Q=1.798831973e+05 E_OVER_QM=3.154833645e-01
ACTIVATION_PROFILE OMEGA=0.300000 A0=1.758488146e+01 I_E=2.871187856e+04 I_Q=7.634356876e+04 E_OVER_QM=3.760877180e-01
ACTIVATION_PROFILE OMEGA=0.350000 A0=1.404828553e+01 I_E=1.590460330e+04 I_Q=3.649434556e+04 E_OVER_QM=4.358100703e-01
ACTIVATION_PROFILE OMEGA=0.400000 A0=1.146398422e+01 I_E=9.407503333e+03 I_Q=1.902112857e+04 E_OVER_QM=4.945817646e-01
ACTIVATION_PROFILE OMEGA=0.450000 A0=9.498545978e+00 I_E=5.845427400e+03 I_Q=1.058353779e+04 E_OVER_QM=5.523131791e-01
ACTIVATION_PROFILE OMEGA=0.500000 A0=7.955666860e+00 I_E=3.772399622e+03 I_Q=6.195542176e+03 E_OVER_QM=6.088893458e-01
ACTIVATION_PROFILE OMEGA=0.550000 A0=6.712393329e+00 I_E=2.507694940e+03 I_Q=3.775722977e+03 E_OVER_QM=6.641628518e-01
ACTIVATION_PROFILE OMEGA=0.600000 A0=5.687716883e+00 I_E=1.706206854e+03 I_Q=2.376522084e+03 E_OVER_QM=7.179427726e-01
ACTIVATION_PROFILE OMEGA=0.650000 A0=4.825844535e+00 I_E=1.182202103e+03 I_Q=1.535372722e+03 E_OVER_QM=7.699772739e-01

=== STAGE C: GEOMETRY / REACTION / ENERGY SCAN ===
CAPACITY_CASES=228
PASSING_CASES=227

=== STAGE D: BEST D3 CAPACITY SURVIVOR ===
BEST_OMEGA_ACTIVATION=3.500000000000000e-01
BEST_MU_MA_OVER_MX=6.034068651051754e-02
BEST_M_A_EV=3.608134989207103e-07
BEST_E_OVER_QM=4.358100703037033e-01
BEST_SOURCE_F_MIN=1.000000000000000e+00
BEST_PAYLOAD_F_MIN=1.000000000000000e+00
BEST_F_LEAK_10M=7.913526500757939e-09
BEST_SOURCE_A_RELERR=0.000000000000000e+00
BEST_V_REQUIRED_EV=1.017836088472422e-07
BEST_REACTION_RATIO=1.360801718565172e-05
BEST_METRIC_OPERATOR_SCALE_EV=8.354953555895523e+01
BEST_SELF_COUPLING_EST=1.256637061435917e+01
BEST_ACTIVATION_ENERGY_GJ=7.316546687925947e-32
BEST_ACTIVATION_ENERGY_FRACTION=6.019194387798270e-34
BEST_ACTIVATION_CHARGE=2.904127745433253e+03
OPTIMISTIC_TOTAL_ON_INVENTORY_GJ=121.553587017518

=== STAGE E: DECISION ===
031D3A_CLASSIFICATION=GREEN_D3A_U1_METRIC_ACTIVATION_HAS_LOW_ENERGY_GEOMETRIC_REACTION_CAPACITY
NEXT=031D3B_FULL_FIXED_QX_QY_COUPLED_X_PHI_Y_METRIC_ACTIVATION_SOLVE
OFF_STATE_LINEAR_SCALAR_STABLE=True
OFF_STATE_ACTIVATION_VACUUM_STABLE=True
FULL_X_PHI_Y_FIELD_EQUATIONS_SOLVED=NO
ACTIVATION_QBALL_COUPLED_STABILITY_CLOSED=NO
FORMATION_ENERGY_LOWER_BOUND_INCLUDED=True
CHARGE_INJECTION_RESET_CLOSED=NO
RADIATION_CLOSED=NO
FULL_METRIC_BACKREACTION_CLOSED=NO
RADIATIVE_NATURALNESS_CLOSED=NO
EMPIRICAL_FIFTH_FORCE_EPPPN_CLOSED=NO
PRACTICAL_DEVICE=NO
SUMMARY_JSON=/Users/mymac/Desktop/antigravity_research/results/data/031d3a_u1_metric_activation_summary.json
SCAN_CSV=/Users/mymac/Desktop/antigravity_research/results/data/031d3a_u1_metric_activation_scan.csv
