=== 031D2C FULL FIXED-Q X+PHI+GATE ON/OFF BVP ===
EXTERIOR_FIXED_U_APPROXIMATION=REMOVED
SOURCE_REACTION_INCLUDED=YES
FIXED_NOETHER_CHARGE=YES
RECIPROCAL_GATE_COUPLING_INCLUDED=YES
PRESCRIBED_SPATIAL_MPHI=NO
GATE_PARAMETER_OPTIMIZATION=NO
PRACTICAL_DEVICE=NO
TARGET_I_Q=6.594219892350219e+03
G_S=3.000000000000000e-16
V_S_EV=7.723884023813016e+09
LAMBDA_S=3.597908003905330e-34
M_S_EV=2.071933294200000e-07
A2_GATE=6.003112500000002e-04
B2_GATE=1.183907900560071e+01
DELTA2_GATE=1.501650749306419e-01
EPSILON_OFF=3.876403938325338e-01
OFF_FIXEDQ_SCALAR_LAMBDA0=+2.502751248844032e-02
OFF_GATE_RADIAL_MASS2_HAT=1.200622500000000e-03

=== STAGE A: BASELINE SCALARIZED SOURCE FOR INITIAL DATA ===
INITIAL_TRANSITION_X=2.175236606569869e+02
INITIAL_TRANSITION_M=7.178280801680568e+00

=== STAGE B: FULL FIXED-Q DOMAIN CONTINUATION ===
DOMAIN RMAX=320.0 SUCCESS=False MESSAGE=The maximum number of mesh nodes is exceeded.
Traceback (most recent call last):
  File "/Users/mymac/Desktop/antigravity_research/simulations/031d2c_full_fixedq_x_phi_gate_onoff_bvp.py", line 2232, in <module>
    main()
    ~~~~^^
  File "/Users/mymac/Desktop/antigravity_research/simulations/031d2c_full_fixedq_x_phi_gate_onoff_bvp.py", line 1279, in main
    raise RuntimeError(
    ...<2 lines>...
    )
RuntimeError: Full fixed-Q y/u/z BVP failed at RMAX=320.0: The maximum number of mesh nodes is exceeded.
