=== 031D2-A AUXILIARY GATE CAPACITY PREFLIGHT ===
CLAIM_CLASS=DYNAMICAL_MEDIATOR_MASS_GATE_CAPACITY_ONLY
SPATIALLY_PRESCRIBED_MPHI=NO
RECIPROCAL_PHI_GATE_COUPLING=YES
FULL_COUPLED_GATE_FIELD_EQUATIONS_SOLVED=NO
PRACTICAL_DEVICE=NO
M_X_EV=5.979605466666666e-06
M_PHI_ON_EV=5.979605466666666e-08
M_C_GEV=6.858201405094178e+01
CRITICAL_DELTA_M2_HAT=1.251375624422016e-01
STABILIZATION_MARGIN=1.200000000
REQUIRED_DELTA_M2_HAT=1.501650749306419e-01
REQUIRED_DELTA_M_EV=2.317165207143905e-06
M_PHI_OFF_EV=2.317936618061838e-06
OFF_MEDIATOR_RANGE_M=8.513044699427397e-02
OFF_YUKAWA_SUPPRESSION_AT_1M=7.915571987420252e-06
OPERATING_ENERGY_GJ=121.553587017518
PAYLOAD_CENTER_FROM_SOURCE_M=1.498050091494
PAYLOAD_FAR_SURFACE_FROM_SOURCE_M=1.598050091494

=== STAGE A: RECONSTRUCT ON-STATE SCALAR PROFILE ===
ON_PROFILE R_GATE_M=1.698050091 X=51.456063379 U=1.584242422614208e-01 ABS_PHI_EV=1.086505360878257e+10
ON_PROFILE R_GATE_M=2.098050091 X=63.577275500 U=1.135833119063017e-01 ABS_PHI_EV=7.789772293110485e+09
ON_PROFILE R_GATE_M=2.598050091 X=78.728790651 U=7.882802874987253e-02 ABS_PHI_EV=5.406184975331800e+09
ON_PROFILE R_GATE_M=3.098050091 X=93.880305803 U=5.681167014434428e-02 ABS_PHI_EV=3.896258760096889e+09

=== STAGE B: CANONICAL GATE PARAMETER SCAN ===
TOTAL_GATE_CASES=2160
PASSING_GATE_CASES=2056

=== STAGE C: BEST CAPACITY SURVIVOR ===
BEST_GATE_RADIUS_M=1.698050091494358e+00
BEST_WALL_CAP_M=1.000000000000000e-01
BEST_G_S=3.544907701811032e+00
BEST_V_S_EV=6.536602366149351e-07
BEST_LAMBDA_S=4.784406922057522e+00
BEST_M_S_OUT_EV=2.021999852954275e-06
BEST_WALL_WIDTH_ACTUAL_M=9.759000729485331e-02
BEST_PHI_BOUNDARY_EV=1.086505360878257e+10
BEST_ON_CURVATURE_RATIO=7.256736728417148e+32
BEST_NAIVE_NATURALNESS_CUTOFF_EV=7.167802851798382e-06
BEST_NATURALNESS_CUTOFF_OVER_MX=1.198708324780845e+00
BEST_GATE_VOLUME_ENERGY_J=9.338292460256107e-23
BEST_GATE_GRADIENT_FLOOR_J=6.440262514393998e-23
BEST_GATE_TOTAL_POSITIVE_FLOOR_J=1.577855497465010e-22
BEST_GATE_ENERGY_FRACTION=1.298073990393727e-33
OPTIMISTIC_TOTAL_WITH_GATE_FLOOR_GJ=121.553587017518

=== STAGE D: DECISION ===
031D2A_CLASSIFICATION=GREEN_D2A_CANONICAL_RECIPROCAL_AUXILIARY_MASS_GATE_HAS_CAPACITY_NO_OBVIOUS_ENERGY_OR_WIDTH_OBSTRUCTION
NEXT=031D2B_SOLVE_FULL_COUPLED_Y_U_S_ON_OFF_BVP_WALL_ENERGY_SWITCHING_AND_RECIPROCITY
RECIPROCITY_AT_LAGRANGIAN_LEVEL=BUILT_IN
RECIPROCITY_FULL_FIELD_CLOSED=NO
FULL_GATE_FIELD_EQUATIONS_CLOSED=NO
SWITCHING_BARRIER_CLOSED=NO
FORMATION_RESET_ENERGY_CLOSED=NO
FULL_METRIC_BACKREACTION_CLOSED=NO
RADIATIVE_NATURALNESS_CLOSED=NO
PRACTICAL_DEVICE=NO
SUMMARY_JSON=/Users/mymac/Desktop/antigravity_research/results/data/031d2a_auxiliary_gate_capacity_summary.json
SCAN_CSV=/Users/mymac/Desktop/antigravity_research/results/data/031d2a_auxiliary_gate_capacity_scan.csv
