=== 031D3A-R2 CORRECT PHYSICAL-METRIC NORMALIZATION ===
SOURCE_COUPLING=A_X=EXP[-F_ACTIVATION*U^2/2]
ORDINARY_MATTER_METRIC=A_M=EXP[+F_ACTIVATION*PHI^2/(2*M_M^2)]
SOURCE_AND_MATTER_COUPLINGS_DISTINGUISHED=YES
D3AR_10GEV_SOURCE_OPERATOR_FLOOR_PRESERVED=YES
FULL_X_PHI_Y_COUPLED_SOLVE=NO
PRACTICAL_DEVICE=NO

=== STAGE A: RECONSTRUCT PROMOTED SOURCE ===
ALPHA_M_OPERATING=2.919409424975629e+01
U_NEAR_PAYLOAD=2.107321123047779e-01
PHI_NEAR_PAYLOAD_GEV=1.445243268707092e+01
RECONSTRUCTED_M_M_GEV=1.097924452346906e+09
M_M_OVER_M_C=1.600892694010682e+07

=== STAGE B: CORRECT FINITE-PAYLOAD METRIC ===
CORRECT_PAYLOAD_F_MIN=9.999999999997287e-01
CORRECT_METRIC_GRADIENT_RELERR_MAX=2.167718560348638e-12
CORRECT_OUTWARD_METRIC_SIGN_PASS=True

=== STAGE C: CORRECT PAYLOAD-TO-Y REACTION ===
D3AR_OLD_PAYLOAD_REACTION_RATIO=8.812516897724004e-02
CORRECT_PAYLOAD_REACTION_RATIO=3.438551375014167e-16
EXPECTED_MC2_OVER_MM2=3.901894787744707e-15
OBSERVED_REACTION_SUPPRESSION=3.901894787744733e-15

=== STAGE D: SOURCE VS MATTER OPERATOR SCALES ===
SOURCE_ACTIVATION_OPERATOR_SCALE_GEV=1.000000000000000e+01
MATTER_METRIC_OPERATOR_SCALE_GEV=4.001115711911719e+04
MATTER_OVER_SOURCE_OPERATOR_SCALE=4.001115711911719e+03

=== STAGE E: DECISION ===
SOURCE_REACTION_RATIO=7.621901079304424e-15
OFF_SOURCE_QBALL_PASS=True
OFF_SCALAR_MASS2_HAT=1.000000000000000e-04
OFF_SCALAR_STABLE=True
ACTIVATION_ENERGY_GJ=6.228597773926
CORRECTED_OPTIMISTIC_TOTAL_GJ=127.782184791444
CORRECT_PHYSICAL_METRIC_PASS=True
CORRECT_PAYLOAD_REACTION_PASS=True
SOURCE_OPERATOR_10GEV_PASS=True
MATTER_OPERATOR_10GEV_PASS=True
OFF_STATE_STRUCTURE_PASS=True
031D3AR2_CLASSIFICATION=GREEN_D3AR2_CORRECT_SOURCE_AND_PHYSICAL_METRIC_NORMALIZATION_PASS
NEXT=031D3B_FULL_FIXED_QX_QY_COUPLED_X_PHI_Y_ACTIVATION_SOLVE
D3_PHYSICAL_METRIC_SIGN_CORRECTED=YES
D3_SOURCE_COUPLING_AND_MATTER_METRIC_SEPARATED=YES
FULL_X_PHI_Y_COUPLED_FIELD_SOLVE=NO
COUPLED_STABILITY_CLOSED=NO
CHARGE_INJECTION_RESET_CLOSED=NO
FULL_METRIC_BACKREACTION_CLOSED=NO
RADIATIVE_NATURALNESS_CLOSED=NO
PRACTICAL_DEVICE=NO
SUMMARY_JSON=/Users/mymac/Desktop/antigravity_research/results/data/031d3ar2_physical_metric_summary.json
