=== 031D3C-R5 SATURATION-SAFE RELATIVE-TRANSLATION SCHUR CLOSEOUT ===
CLAIM_CLASS=COUPLED_LINEAR_L1_CANCELLATION_FREE_SCHUR_GATE
R4_NAIVE_SATURATED_FINITE_DIFFERENCE_REUSED=NO
R4_TINY_DENSE_EIGENVALUE_USED_FOR_SIGN=NO
ONLY_EXACT_COMMON_TRANSLATION_ZERO_MODE=YES
RELATIVE_TRANSLATION_PROJECTED=NO
PRACTICAL_DEVICE=NO

=== STAGE A: SATURATION SUBTRACTION ORACLE ===
SAT_ORACLE_A0=9.5
SAT_ORACLE_A1=9.4
SAT_ORACLE_TAIL0=2.5261637809256925e-20
SAT_ORACLE_TAIL1=6.499347972070847e-20
SAT_ORACLE_NAIVE_F_DIFFERENCE=0.0
SAT_ORACLE_STABLE_F_DIFFERENCE=-3.9731841911451543e-20
SAT_ORACLE_PASS=True

=== STAGE B: OPERATING PROVENANCE ===
OMEGA_X=3.400000001555940e-01
OMEGA_Y=4.500000012825412e-01
EPSILON=1.000000000000000e-02
CHI=4.260182686257655e-01
MU=5.346177557001615e-02
RHO_Y=2.490592146370240e-03
TARGET_I_QX=6.594219892350219e+03
TARGET_I_QY=1.058353778605269e+04

=== STAGE C: FULL D3B BACKGROUND RECONSTRUCTION ===
BVP_TIGHT_OMEGA_X=3.400000001555940e-01
BVP_TIGHT_OMEGA_Y=4.500000012825412e-01
BVP_TIGHT_QX_RELERR=0.000000000000000e+00
BVP_TIGHT_QY_RELERR=0.000000000000000e+00
BVP_TIGHT_RMS=1.938215251769512e-06
FULL_BACKGROUND_RECONSTRUCTION_PASS=True

=== STAGE D: DERIVATIVE CURVATURE ===
DERIVATIVE ORDER=32 K=+1.493616129634791e-19 K_DIRECT=+1.493616131340695e-19 LAMBDA=+1.299786175534054e-20
DERIVATIVE ORDER=48 K=+1.493616129656482e-19 K_DIRECT=+1.493616131326534e-19 LAMBDA=+1.299786175559679e-20
DERIVATIVE ORDER=64 K=+1.493616129757443e-19 K_DIRECT=+1.493616130727552e-19 LAMBDA=+1.299786175624979e-20
DERIVATIVE ORDER=80 K=+1.493616128418122e-19 K_DIRECT=+1.493616130538421e-19 LAMBDA=+1.299786174479664e-20
DERIVATIVE_DOMAIN RMAX=250.0 K=+1.493616128418122e-19 LAMBDA=+1.299802917380400e-20
DERIVATIVE_DOMAIN RMAX=350.0 K=+1.493616128418122e-19 LAMBDA=+1.299787840232851e-20
DERIVATIVE_DOMAIN RMAX=450.0 K=+1.493616128418122e-19 LAMBDA=+1.299786313985290e-20
DERIVATIVE_DOMAIN RMAX=500.0 K=+1.493616128418122e-19 LAMBDA=+1.299786174479664e-20

=== STAGE E: SATURATION-SAFE FINITE DISPLACEMENT ===
FD_SAFE d=0.125000 DELTA_E=+4.888226944794588e-21 K_FD=+1.493732123940580e-19
FD_SAFE d=0.250000 DELTA_E=+1.955746371695974e-20 K_FD=+1.494080171949377e-19
FD_SAFE d=0.375000 DELTA_E=+4.402138496610907e-20 K_FD=+1.494660484076268e-19
FD_SAFE d=0.500000 DELTA_E=+7.830280452365349e-20 K_FD=+1.495473407747745e-19
OLD_R4_FD_K=+9.295068189161115e-33
R5_SAFE_FD_K=+1.493616131059848e-19
DERIVATIVE_K=+1.493616128418122e-19
SAFE_FD_DERIVATIVE_RELERR=1.768678088130830e-09
SATURATION_SAFE_FD_PASS=True

=== STAGE F: CANCELLATION-FREE CROSS-HESSIAN ACTION ===
SCHUR ORDER=32 A=+1.299786175534054e-20 K=+1.493616129634791e-19 B_NORM=3.240693014078300e-18 CORR=1.050209121149590e-30 COMMON=-1.542e-37
SCHUR ORDER=48 A=+1.299786175559679e-20 K=+1.493616129656482e-19 B_NORM=3.240693013032565e-18 CORR=1.050209120471808e-30 COMMON=-1.930e-38
SCHUR ORDER=64 A=+1.299786175624979e-20 K=+1.493616129757443e-19 B_NORM=3.240693014520413e-18 CORR=1.050209121436140e-30 COMMON=-5.951e-38
SCHUR ORDER=80 A=+1.299786174479664e-20 K=+1.493616128418122e-19 B_NORM=3.240693011986510e-18 CORR=1.050209119793820e-30 COMMON=+6.487e-38
SCHUR_DOMAIN RMAX=250.0 A=+1.299802917380400e-20 B_NORM=3.240713883709454e-18 CORR=1.050222647606721e-30
SCHUR_DOMAIN RMAX=350.0 A=+1.299787840232851e-20 B_NORM=3.240695088522733e-18 CORR=1.050210465677536e-30
SCHUR_DOMAIN RMAX=450.0 A=+1.299786313985290e-20 B_NORM=3.240693185894971e-18 CORR=1.050209232510609e-30
SCHUR_DOMAIN RMAX=500.0 A=+1.299786174479664e-20 B_NORM=3.240693011986510e-18 CORR=1.050209119793820e-30
CROSS_ACTION_IDENTITY_RELERR=2.315200451574074e-16
CROSS_ACTION_IDENTITY_PASS=True
COMMON_COUPLING=+6.487339874942826e-38
COMMON_TRANSLATION_DECOUPLING_PASS=True

=== STAGE G: ORTHOGONAL GAP + SCHUR LOWER BOUND ===
R3_OBSERVED_NEXT_GAP=+1.316185377837829e-04
R4_OBSERVED_NEXT_GAP=+1.316271203535283e-04
OBSERVED_ORTHOGONAL_GAP=+1.316185377837829e-04
CERTIFIED_ORTHOGONAL_GAP=+1.000000000000000e-05
ORTHOGONAL_GAP_PASS=True
RELATIVE_RAYLEIGH_A=+1.299786174479664e-20
ORTHOGONAL_COUPLING_B_NORM=3.240693011986510e-18
SCHUR_RELAXATION_CORRECTION_MAX=1.050209119793820e-30
RELATIVE_NUMERIC_UNCERTAINTY=1.430273144716806e-27
SCHUR_MARGIN_FACTOR=8.0
RELAXED_RELATIVE_LOWER_BOUND=+1.299785030156127e-20
POSITIVE_SCHUR_LOWER_BOUND=True
R2_L0_PASS=True
R2_L2_PASS=True
INHERITED_L3_TO_L8_PASS=True
MAX_NON_L1_GROWTH=1.418460584009888e-11
NON_L1_SECTORS_PASS=True

=== STAGE H: DECISION ===
031D3_L1_COUPLED_LINEAR_STABILITY=GREEN
TRUE_EXPONENTIAL_INSTABILITY_ESTABLISHED=False
031D3CR5_CLASSIFICATION=GREEN_D3CR5_COUPLED_LINEAR_L1_RELATIVE_TRANSLATION_POSITIVE_BY_CANCELLATION_FREE_SCHUR_BOUND
D3_COUPLED_LINEAR_STABILITY_PROMOTION_AUTHORIZED=True
NEXT=031D3D_EXPLICIT_QY_RESERVOIR_TRANSFER_RESET_SWITCHING_RADIATION
NONLINEAR_STABILITY_CLOSED=NO
EXPLICIT_QY_RESERVOIR_REALIZED=NO
FULL_EINSTEIN_BACKREACTION_CLOSED=NO
EFT_NATURALNESS_EMPIRICAL_CLOSURE=NO
PRACTICAL_DEVICE=NO
SUMMARY_JSON=/Users/mymac/Desktop/antigravity_research/results/data/031d3cr5_saturation_safe_schur_summary.json
SCAN_CSV=/Users/mymac/Desktop/antigravity_research/results/data/031d3cr5_saturation_safe_schur_scan.csv
