=== 031D3C-R3 WEIGHTED VARIATIONAL l=1 CLOSEOUT ===
CLAIM_CLASS=WEIGHTED_VARIATIONAL_COUPLED_LINEAR_STABILITY_GATE
RAW_EUCLIDEAN_CHEBYSHEV_PROJECTION_USED=NO
PHYSICAL_REDUCED_RADIAL_INNER_PRODUCT=INTEGRAL_DR_Q_DAGGER_Q
QUADRATURE=CLENSHAW_CURTIS
FIXED_Q_L1_TANGENT=YES_BY_Y1M_ANGULAR_ORTHOGONALITY
ONLY_EXACT_COMMON_TRANSLATION_PROJECTED=YES
RELATIVE_TRANSLATION_PROJECTED=NO
PRACTICAL_DEVICE=NO

=== STAGE A: VARIATIONAL DISCRETIZATION ORACLE ===
QUADRATURE_SUM=1.0000000000000002
QUADRATURE_RELERR=2.2204460492503126e-16
FREE_L0_LAMBDA=9.869604401044086
FREE_L0_EXPECTED=9.869604401089358
FREE_L0_RELERR=4.5870359711639365e-12
FREE_L1_LAMBDA=20.190728556758465
FREE_L1_EXPECTED=20.19072855642663
FREE_L1_RELERR=1.6434974835513204e-11
PASS=True

=== STAGE B: OPERATING PROVENANCE ===
OMEGA_X=3.399999998876553e-01
OMEGA_Y=4.500000012825411e-01
EPSILON=1.000000000000000e-02
CHI=4.260182686257655e-01
MU=5.346177557001615e-02
RHO_Y=2.490592146370240e-03
R2_CLASSIFICATION=YELLOW_OR_RED_D3CR2_INDEPENDENT_SPECTRAL_CLOSEOUT_FAILED

=== STAGE C: BACKGROUND RECONSTRUCTION ===
SOURCE_U0=2.215821146105762e+00
ACTIVATION_A0=9.498545933641751e+00

=== STAGE D: WEIGHTED l=1 GRID / DOMAIN LADDER ===
START_WEIGHTED N=112 RMAX=600.0
RESULT N=112 RMAX=600.0 LAMBDA0=+5.546283248352736e-05 GOLD_RQ=+1.438573279240912e-03 GOLD_RES=4.783242e-05 REL_RQ=+6.910316010041884e-05 REL_OV=0.987047636 RAW_ASYM=1.164330e-02
START_WEIGHTED N=144 RMAX=600.0
RESULT N=144 RMAX=600.0 LAMBDA0=-1.383989132095336e-05 GOLD_RQ=-2.698992589990658e-04 GOLD_RES=1.420450e-05 REL_RQ=-1.295754173748112e-05 REL_OV=0.999559602 RAW_ASYM=1.164334e-02
START_WEIGHTED N=176 RMAX=600.0
RESULT N=176 RMAX=600.0 LAMBDA0=+2.135728234883235e-06 GOLD_RQ=+4.512806656325726e-05 GOLD_RES=3.660683e-06 REL_RQ=+2.166673194863681e-06 REL_OV=0.999988279 RAW_ASYM=1.164159e-02
START_WEIGHTED N=208 RMAX=600.0
RESULT N=208 RMAX=600.0 LAMBDA0=-3.756512908382547e-07 GOLD_RQ=-7.582573162965721e-06 GOLD_RES=2.926712e-06 REL_RQ=-3.640588753968625e-07 REL_OV=0.999999630 RAW_ASYM=1.164019e-02
START_WEIGHTED N=224 RMAX=800.0
RESULT N=224 RMAX=800.0 LAMBDA0=-6.685003491196679e-07 GOLD_RQ=-1.369059619856487e-05 GOLD_RES=1.129563e-06 REL_RQ=-6.573119057270295e-07 REL_OV=0.999998866

=== STAGE E: DECISION ===
MAX_H_SYMMETRY_REL=3.589263345506572e-17
MAX_A_SYMMETRY_REL=2.593375380978941e-17
GRID_LAST3_REL_SPREAD=3.967516153155977e+00
DOMAIN_REL_DIFF=4.380686691743079e-01
MAX_FINE_TRANSLATION_RESIDUAL=3.660682859682276e-06
FINEST_PROJECTED_LAMBDA0=-3.756512908382547e-07
FINEST_GOLDSTONE_FLOOR=7.768510653231270e-03
FINEST_POSITIVE_SEPARATION=-4.835563824347780e-05
FINEST_NEGATIVE_SEPARATION=4.835563824347780e-05
FINEST_RELATIVE_TRANSLATION_RAYLEIGH=-3.640588753968625e-07
FINEST_RELATIVE_TRANSLATION_OVERLAP_LOWEST=9.999996302053104e-01
WEIGHTED_SELF_ADJOINTNESS_PASS=True
GRID_CONVERGENCE_PASS=False
DOMAIN_CONVERGENCE_PASS=False
TRANSLATION_RESIDUAL_PASS=True
ROBUST_POSITIVE_NEXT_MODE=False
ROBUST_NEGATIVE_NEXT_MODE=False
D3_L1_VARIATIONAL_STABILITY=UNRESOLVED
TRUE_EXPONENTIAL_INSTABILITY_ESTABLISHED_BY_R3_ALONE=False
031D3CR3_CLASSIFICATION=YELLOW_D3CR3_WEIGHTED_VARIATIONAL_L1_NUMERICALLY_OR_PHYSICALLY_UNRESOLVED
NEXT=REFINE_ONLY_WEIGHTED_L1_ZERO_OR_SOFT_MODE_STRUCTURE
INHERITED_DIRECT_L1_CONTINUUM_PASS=True
D3_COUPLED_LINEAR_STABILITY_PROMOTION_AUTHORIZED=False
SUMMARY_JSON=/Users/mymac/Desktop/antigravity_research/results/data/031d3cr3_weighted_variational_l1_summary.json
SCAN_CSV=/Users/mymac/Desktop/antigravity_research/results/data/031d3cr3_weighted_variational_l1_scan.csv
