=== 031D3C-R2 INDEPENDENT CHEBYSHEV DENSE SPECTRUM ===
SPARSE_ARPACK_USED=NO
RADIAL_DISCRETIZATION=CHEBYSHEV_LOBATTO
EIGENSOLVER=DENSE_SCIPY_LINALG_EIG
RECOMPUTED_L=0,1,2
INHERITED_L=3_TO_8
D96_STYLE_TRANSLATION_ORTHOGONAL_STIFFNESS=YES
PRACTICAL_DEVICE=NO

=== STAGE A: BACKGROUND RECONSTRUCTION ===
SOURCE_U0=2.215821146105762e+00
ACTIVATION_A0=9.498545933641751e+00

=== STAGE B: CHEBYSHEV DENSE l=0,1,2 ===
START_DENSE L=0 N=112 RMAX=600.0
DENSE_RESULT L=0 N=112 RMAX=600.0 DIM=1110 MAX_PHYS_RE=+1.072125305892e-15 LOWOV_MAX_RE=+8.356518082667e-08 TRANS_RE=+nan TRANS_OV=nan KPROJ0=+nan
START_DENSE L=1 N=112 RMAX=600.0
DENSE_RESULT L=1 N=112 RMAX=600.0 DIM=1110 MAX_PHYS_RE=+1.232020931114e-06 LOWOV_MAX_RE=+1.232020931114e-06 TRANS_RE=+3.174912816566e-17 TRANS_OV=0.864677388 KPROJ0=-3.709143570696e-01
START_DENSE L=2 N=112 RMAX=600.0
DENSE_RESULT L=2 N=112 RMAX=600.0 DIM=1110 MAX_PHYS_RE=+7.861117305043e-16 LOWOV_MAX_RE=+7.861117305043e-16 TRANS_RE=+nan TRANS_OV=nan KPROJ0=+nan
START_DENSE L=0 N=144 RMAX=600.0
DENSE_RESULT L=0 N=144 RMAX=600.0 DIM=1430 MAX_PHYS_RE=+1.054296805380e-15 LOWOV_MAX_RE=+1.731159235302e-03 TRANS_RE=+nan TRANS_OV=nan KPROJ0=+nan
START_DENSE L=1 N=144 RMAX=600.0
DENSE_RESULT L=1 N=144 RMAX=600.0 DIM=1430 MAX_PHYS_RE=+1.344473482820e-06 LOWOV_MAX_RE=+1.344473482820e-06 TRANS_RE=+9.520720417892e-03 TRANS_OV=0.990671309 KPROJ0=-1.014737822190e+00
START_DENSE L=2 N=144 RMAX=600.0
DENSE_RESULT L=2 N=144 RMAX=600.0 DIM=1430 MAX_PHYS_RE=+1.281795243462e-15 LOWOV_MAX_RE=+1.281795243462e-15 TRANS_RE=+nan TRANS_OV=nan KPROJ0=+nan
START_DENSE L=0 N=176 RMAX=600.0
DENSE_RESULT L=0 N=176 RMAX=600.0 DIM=1750 MAX_PHYS_RE=+6.014004442504e-15 LOWOV_MAX_RE=+3.384352110253e-07 TRANS_RE=+nan TRANS_OV=nan KPROJ0=+nan
START_DENSE L=1 N=176 RMAX=600.0
DENSE_RESULT L=1 N=176 RMAX=600.0 DIM=1750 MAX_PHYS_RE=+9.221236221347e-07 LOWOV_MAX_RE=+9.221236221347e-07 TRANS_RE=+6.201529278911e-16 TRANS_OV=0.991790844 KPROJ0=-2.265644556922e+00
START_DENSE L=2 N=176 RMAX=600.0
DENSE_RESULT L=2 N=176 RMAX=600.0 DIM=1750 MAX_PHYS_RE=+1.752697580875e-15 LOWOV_MAX_RE=+1.752697580875e-15 TRANS_RE=+nan TRANS_OV=nan KPROJ0=+nan

=== STAGE C: EXTRA l=1 RESOLUTION / DOMAIN ===
START_DENSE L=1 N=208 RMAX=600.0
DENSE_RESULT L=1 N=208 RMAX=600.0 DIM=2070 MAX_PHYS_RE=+1.305882456367e-06 LOWOV_MAX_RE=+1.305882456367e-06 TRANS_RE=-1.598830541606e-03 TRANS_OV=0.991952678 KPROJ0=-4.421051569523e+00
START_DENSE L=1 N=224 RMAX=800.0
DENSE_RESULT L=1 N=224 RMAX=800.0 DIM=2230 MAX_PHYS_RE=+1.201083496963e-06 LOWOV_MAX_RE=+1.201083496963e-06 TRANS_RE=+2.137345223878e-03 TRANS_OV=0.992096007 KPROJ0=-3.345228571641e+00

=== STAGE D: CROSS-DISCRETIZATION DECISION ===
CHEB_L0_WORST_REAL=6.014004442504489e-15
CHEB_L0_GROWTH_SPREAD=4.959707637124760e-15
CHEB_L0_PASS=True
CHEB_L1_WORST_REAL=1.344473482819862e-06
CHEB_L1_GROWTH_SPREAD=4.223498606852104e-07
CHEB_L1_PASS=True
CHEB_L2_WORST_REAL=1.752697580874728e-15
CHEB_L2_GROWTH_SPREAD=9.665858503704390e-16
CHEB_L2_PASS=True
CHEB_L1_MIN_TRANSLATION_OVERLAP=8.646773876006965e-01
CHEB_L1_MIN_PROJECTED_K=-4.421051569523006e+00
CHEB_L1_MAX_LOW_OVERLAP_REAL=1.344473482819862e-06
CHEB_L1_DOMAIN_GROWTH_DIFFERENCE=1.047989594039208e-07
CHEB_TRANSLATION_OVERLAP_PASS=False
CHEB_TRANSLATION_PROJECTED_STIFFNESS_PASS=False
CHEB_LOW_OVERLAP_MODES_PASS=True
CHEB_DOMAIN_PASS=True
INHERITED_L3_TO_L8_RIGHTMOST_COMPLETE=True
INHERITED_L3_TO_L8_WORST_REAL=1.418460584009888e-11
INHERITED_L3_TO_L8_PASS=True
FINITE_DIFFERENCE_L1_CONTINUUM_PASS=True
INDEPENDENT_CHEBYSHEV_L012_PASS=False
COUPLED_LINEAR_STABILITY_FINAL_PASS=False

=== STAGE E: FINAL 031D3C-R2 CLASSIFICATION ===
031D3CR2_CLASSIFICATION=YELLOW_OR_RED_D3CR2_INDEPENDENT_SPECTRAL_CLOSEOUT_FAILED
NEXT=DIAGNOSE_ONLY_FAILED_CHEBYSHEV_SUBGATE
TRUE_D3_INSTABILITY_ESTABLISHED=False
RIGHTMOST_ARPACK_REQUIRED_FOR_CLAIM=NO
EXPLICIT_QY_TRANSFER_RESERVOIR_CLOSED=NO
RESET_RADIATION_CLOSED=NO
NONLINEAR_FRAGMENTATION_CLOSED=NO
FULL_EINSTEIN_BACKREACTION_CLOSED=NO
RADIATIVE_NATURALNESS_CLOSED=NO
EMPIRICAL_CLOSURE=NO
PRACTICAL_DEVICE=NO
SUMMARY_JSON=/Users/mymac/Desktop/antigravity_research/results/data/031d3cr2_chebyshev_dense_summary.json
SPECTRUM_CSV=/Users/mymac/Desktop/antigravity_research/results/data/031d3cr2_chebyshev_dense_spectrum.csv
