=== 031D3D2-R DUAL-LEDGER / FIXED-THEORY REPAIR ===
CLAIM_CLASS=DRIVEN_ADIABATIC_SWITCHING_PROVENANCE_REPAIR
EXACT_HAMILTONIAN_AND_CONSERVATIVE_INVENTORY_SEPARATED=YES
D3D2_HEAVY_R_ENERGY_MATCH_RETAINED=NO
D3D1_SAME_MASS_U2_DOUBLET_RESTORED=YES
QCRIT_BRANCH_MERGER_TREATED_CONTINUOUSLY=YES
PRACTICAL_DEVICE=NO

=== STAGE A: DUAL ENERGY LEDGER RECONCILIATION ===
EXACT_SOURCE_ON_J=7.531325686559320e+10
CONSERVATIVE_SOURCE_ON_J=1.215538407485990e+11
NEGATIVE_INTERACTION_BINDING_CREDIT_J=4.624058388300577e+10
NEGATIVE_INTERACTION_BINDING_CREDIT_GJ=4.624058388300577e+01
EXACT_ON_TOTAL_J=8.154185497371555e+10
CONSERVATIVE_ON_INVENTORY_J=1.277824385182716e+11
Y_REBUILD_RELERR=5.433802143264860e-08
EXACT_HAMILTONIAN_IDENTITY_RELERR=0.000000000000000e+00
DUAL_LEDGER_PROVENANCE_PASS=True
D3B_121P55_GJ_LEDGER_TYPE=CONSERVATIVE_INVENTORY_NOT_EXACT_HAMILTONIAN
D3D2_38_PERCENT_NORMALIZATION_FAILURE=REJECTED_AS_LEDGER_CATEGORY_ERROR

=== STAGE B: D3D2 HEAVY-R REPAIR FALSIFICATION ===
D3D2_HEAVY_R_MASS_RATIO=5.934959833368983e+00
D3D1_FIXED_DOUBLET_POTENTIAL=W(sqrt(|Y|^2+|R|^2))
HEAVY_R_FIXED_THEORY_CONTINUATION_VALID=False
POSITIVE_R_EXACT_ENDPOINT_ENERGY_MATCH_POSSIBLE=False
REASON=EXACT_ON_ENERGY_IS_ALREADY_BELOW_BARE_OFF_SOURCE_ENERGY
D3D2_ENERGY_MATCHED_HEAVY_R=REJECTED

=== STAGE C: RESTORED SAME-MASS U2 ENDPOINTS ===
EXACT_OFF_WITH_R_J=9.704455858332407e+10
EXACT_ON_J=8.154185497371555e+10
EXACT_FORWARD_RELEASE_J=1.550270360960852e+10
EXACT_FORWARD_RELEASE_GJ=1.550270360960852e+01
MINIMUM_REVERSIBLE_RESET_WORK_J=1.550270360960852e+10
MINIMUM_REVERSIBLE_RESET_WORK_GJ=1.550270360960852e+01
CONSERVATIVE_OFF_INVENTORY_J=9.704455858332407e+10
CONSERVATIVE_ON_INVENTORY_J=1.277824385182716e+11
CONSERVATIVE_ON_MINUS_OFF_J=3.073787993494756e+10
CONSERVATIVE_PEAK_INVENTORY_REMAINS_GJ=1.277824385182716e+02

=== STAGE D: SCALARIZATION BRANCH-MERGER REPAIR ===
QCRIT=7.310784927176382e-03
QCRIT_ROW_Q=7.310780000000000e-03
QCRIT_ROW_ABS_U0=7.438555308024617e-80
QCRIT_ROW_ABS_LAMBDA0=1.629074428718589e-07
BRANCH_MERGER_PASS=True
OLD_MISSING_STABLE_SCALARIZED_AT_QCRIT=REJECTED_BIFURCATION_POINT_IS_THE_TRIVIAL_LIMIT
PRELIMINARY_MAX_ABS_CHIRP_HZ=4.462880791612103e+09

=== STAGE E: CONTROL-MASS RESELECTION AGAINST PATH CHIRP ===
BEST_SIGMA=3.000000000000000e+02
BEST_GHAT=3.758374042884443e-03
BEST_LAMBDA=3.766766785660681e-10
BEST_GATE_ENERGY_1S_J=7.723879696051716e+01
BEST_STABILIZER_BARRIER_MAX_J=8.573353509069929e+01
BEST_TOTAL_CONTROL_INVENTORY_J=1.629723320512165e+02
BEST_S_THRESHOLD_HZ=2.318950764095735e+10
BEST_THRESHOLD_OVER_FINAL_CHIRP=5.196084933397137e+00
FINAL_MAX_ABS_CHIRP_HZ=4.462880791634084e+09
CONTROL_MASS_RESELECTION_PASS=True

=== STAGE F: RESTORED FIXED-THEORY EXACT SWITCHING PATH ===
PATH_EXACT_OFF_J=9.704455858332407e+10
PATH_EXACT_ON_J=8.154185462869748e+10
PATH_FORWARD_RELEASE_J=1.550270395462659e+10
PATH_FORWARD_RELEASE_GJ=1.550270395462659e+01
PATH_PEAK_ABOVE_OFF_J=2.488784790039062e+00
PATH_ENDPOINT_IDENTITY_RELERR_SUM=4.231177553140828e-09
FINITE_FIXED_THEORY_PATH_PASS=True

=== STAGE G: ACTIVATION / RESET ENERGY-FLOW LEDGER ===
FORWARD_ACTIVATION_ENERGY_RELEASE_J=1.550270395462659e+10
FORWARD_ACTIVATION_RELEASE_POWER_1S_W=1.550270395462659e+10
REVERSIBLE_RESET_WORK_FLOOR_J=1.550270395462659e+10
REVERSIBLE_RESET_POWER_FLOOR_1S_W=1.550270395462659e+10
FORWARD_DRIVE_MUST_ABSORB_ENERGY=True
RESET_DRIVE_MUST_SUPPLY_ENERGY=True
RESET_RECOVERABILITY_ESTABLISHED=False
IF_FORWARD_RELEASE_IS_NOT_RECOVERED_DISSIPATION_J=1.550270395462659e+10
CONSERVATIVE_ON_INVENTORY_REMAINS_J=1.277824385182716e+11

=== STAGE H: BIDIRECTIONAL ENVELOPE ===
RWA_FORWARD_FIDELITY=9.996270032432929e-01
RWA_REVERSE_FIDELITY=9.996270032432929e-01
RWA_FORWARD_NORM_ERROR=3.642974810702526e-12
RWA_REVERSE_NORM_ERROR=3.642974810702526e-12
BIDIRECTIONAL_TRANSFER_ENVELOPE_PASS=True

=== STAGE I: DECISION ===
DUAL_LEDGER_PASS=True
HEAVY_R_REPAIR_REJECTED=True
QCRIT_BRANCH_MERGER_PASS=True
FIXED_THEORY_PATH_PASS=True
CONTROL_CHIRP_THRESHOLD_PASS=True
BIDIRECTIONAL_ENVELOPE_PASS=True
031D3D2R_CLASSIFICATION=GREEN_D3D2R_DUAL_LEDGER_FIXED_THEORY_DRIVEN_ADIABATIC_SWITCHING_CLOSEOUT
FULL_D3D_DRIVEN_ADIABATIC_CLOSEOUT=True
ISOLATED_MICROSCOPIC_POWER_SUPPLY_REALIZED=False
RESET_RECOVERABILITY_ESTABLISHED=False
CARRIER_RESOLVED_NONLINEAR_RADIAL_PDE_SOLVED=False
HIGHER_HARMONIC_MULTIPARTICLE_RADIATION_CLOSED=False
NONLINEAR_FRAGMENTATION_STABILITY_CLOSED=False
FULL_EINSTEIN_BACKREACTION_CLOSED=False
EFT_NATURALNESS_EMPIRICAL_CLOSURE=False
PRACTICAL_DEVICE=NO
NEXT=031E_FULL_PHYSICAL_METRIC_EINSTEIN_BACKREACTION
SUMMARY_JSON=/Users/mymac/Desktop/antigravity_research/results/data/031d3d2r_dual_ledger_fixed_theory_summary.json
PATH_CSV=/Users/mymac/Desktop/antigravity_research/results/data/031d3d2r_fixed_theory_switching_path.csv
CONTROLLER_CSV=/Users/mymac/Desktop/antigravity_research/results/data/031d3d2r_controller_mass_scan.csv
