=== 031D1 Q-BALL FIXED-CHARGE OFF-STATE GATE ===
CLAIM_CLASS=SELF_ACTIVATION_OFFSTATE_FIXED_NOETHER_CHARGE_PREFLIGHT
AUXILIARY_GATE_FIELD_INCLUDED=NO
CONTROL_ENERGY_INCLUDED=NO
OFF_STATE_LINEAR_MATTER_COUPLING=ZERO_BY_EVEN_Z2_AT_U0
FIXED_CHARGE_SCALAR_MODE_DECOUPLES_AT_LINEAR_ORDER=YES
PRACTICAL_DEVICE=NO
OMEGA_ON=3.400000000000000e-01
EPSILON=1.000000000000000e-02
CHI=4.260182686257655e-01
M_X_GEV=5.979605466666666e-15
F_GEV_ROBUST_POINT=2.921719088485014e+01
ROBUST_20PCT_INVENTORY_J=1.215535870175183e+11

=== STAGE A: RECONSTRUCT GREEN ON STATE ===
ON_I_Q=6.594219892350219e+03
ON_I_ON=3.292733981576218e+03
ON_I_INVENTORY=5.314395924665893e+03
ON_E_OVER_QMX=4.993363938918737e-01
STORED_E_OVER_QMX=4.993363938773275e-01
ON_E_OVER_QMX_RELERR=2.913094708612131e-11
ON_DYNAMIC_ENERGY_GJ=75.313256222832
ON_INVENTORY_RECONSTRUCTED_GJ=121.553840724280
ON_INVENTORY_RELERR=2.087196585062821e-06
NOETHER_CHARGE_ABSOLUTE=1.574328220729884e+35
ON_RECONSTRUCTION_PASS=True

=== STAGE B: UNACTIVATED u=0 Q-BALL FAMILY ===
OFF_SCAN OMEGA=0.180000000 I_Q=8.147878921e+05 Q_RES=+8.081936722e+05 E_OVER_QMX=2.292467992e-01
OFF_SCAN OMEGA=0.199743590 I_Q=5.069170184e+05 Q_RES=+5.003227985e+05 E_OVER_QMX=2.537297009e-01
OFF_SCAN OMEGA=0.219487179 I_Q=3.288064887e+05 Q_RES=+3.222122688e+05 E_OVER_QMX=2.780878886e-01
OFF_SCAN OMEGA=0.239230769 I_Q=2.207624786e+05 Q_RES=+2.141682588e+05 E_OVER_QMX=3.023198430e-01
OFF_SCAN OMEGA=0.258974359 I_Q=1.525820986e+05 Q_RES=+1.459878787e+05 E_OVER_QMX=3.264235463e-01
OFF_SCAN OMEGA=0.278717949 I_Q=1.080964033e+05 Q_RES=+1.015021834e+05 E_OVER_QMX=3.503965153e-01
OFF_SCAN OMEGA=0.298461538 I_Q=7.822842326e+04 Q_RES=+7.163420336e+04 E_OVER_QMX=3.742358187e-01
OFF_SCAN OMEGA=0.318205128 I_Q=5.767171789e+04 Q_RES=+5.107749800e+04 E_OVER_QMX=3.979380820e-01
OFF_SCAN OMEGA=0.337948718 I_Q=4.321358691e+04 Q_RES=+3.661936701e+04 E_OVER_QMX=4.214994825e-01
OFF_SCAN OMEGA=0.357692308 I_Q=3.284861390e+04 Q_RES=+2.625439401e+04 E_OVER_QMX=4.449157311e-01
OFF_SCAN OMEGA=0.377435897 I_Q=2.529085786e+04 Q_RES=+1.869663797e+04 E_OVER_QMX=4.681820591e-01
OFF_SCAN OMEGA=0.397179487 I_Q=1.969581909e+04 Q_RES=+1.310159920e+04 E_OVER_QMX=4.912931794e-01
OFF_SCAN OMEGA=0.416923077 I_Q=1.549694948e+04 Q_RES=+8.902729583e+03 E_OVER_QMX=5.142432511e-01
OFF_SCAN OMEGA=0.436666667 I_Q=1.230681790e+04 Q_RES=+5.712598011e+03 E_OVER_QMX=5.370258353e-01
OFF_SCAN OMEGA=0.456410256 I_Q=9.855855286e+03 Q_RES=+3.261635393e+03 E_OVER_QMX=5.596338362e-01
OFF_SCAN OMEGA=0.476153846 I_Q=7.953527573e+03 Q_RES=+1.359307680e+03 E_OVER_QMX=5.820594346e-01
OFF_SCAN OMEGA=0.495897436 I_Q=6.463218896e+03 Q_RES=-1.310009963e+02 E_OVER_QMX=6.042940067e-01
OFF_SCAN OMEGA=0.515641026 I_Q=5.285679076e+03 Q_RES=-1.308540817e+03 E_OVER_QMX=6.263280348e-01
OFF_SCAN OMEGA=0.535384615 I_Q=4.347928880e+03 Q_RES=-2.246291012e+03 E_OVER_QMX=6.481509837e-01
OFF_SCAN OMEGA=0.555128205 I_Q=3.595705873e+03 Q_RES=-2.998514020e+03 E_OVER_QMX=6.697511753e-01
OFF_SCAN OMEGA=0.574871795 I_Q=2.988246902e+03 Q_RES=-3.605972991e+03 E_OVER_QMX=6.911156285e-01
OFF_SCAN OMEGA=0.594615385 I_Q=2.494636464e+03 Q_RES=-4.099583429e+03 E_OVER_QMX=7.122298595e-01
OFF_SCAN OMEGA=0.614358974 I_Q=2.091218628e+03 Q_RES=-4.503001265e+03 E_OVER_QMX=7.330776546e-01
OFF_SCAN OMEGA=0.634102564 I_Q=1.759742414e+03 Q_RES=-4.834477479e+03 E_OVER_QMX=7.536407699e-01
OFF_SCAN OMEGA=0.653846154 I_Q=1.486017569e+03 Q_RES=-5.108202323e+03 E_OVER_QMX=7.738985999e-01
OFF_SCAN OMEGA=0.673589744 I_Q=1.258931449e+03 Q_RES=-5.335288443e+03 E_OVER_QMX=7.938277270e-01
OFF_SCAN OMEGA=0.693333333 I_Q=1.069722665e+03 Q_RES=-5.524497227e+03 E_OVER_QMX=8.134013752e-01
OFF_SCAN OMEGA=0.713076923 I_Q=9.114399830e+02 Q_RES=-5.682779909e+03 E_OVER_QMX=8.325887100e-01
OFF_SCAN OMEGA=0.732820513 I_Q=7.785358736e+02 Q_RES=-5.815684019e+03 E_OVER_QMX=8.513539432e-01
OFF_SCAN OMEGA=0.752564103 I_Q=6.665590695e+02 Q_RES=-5.927660823e+03 E_OVER_QMX=8.696551438e-01
OFF_SCAN OMEGA=0.772307692 I_Q=5.719203121e+02 Q_RES=-6.022299580e+03 E_OVER_QMX=8.874426712e-01
OFF_SCAN OMEGA=0.792051282 I_Q=4.917130765e+02 Q_RES=-6.102506816e+03 E_OVER_QMX=9.046570260e-01
OFF_SCAN OMEGA=0.811794872 I_Q=4.235758658e+02 Q_RES=-6.170644027e+03 E_OVER_QMX=9.212258714e-01
OFF_SCAN OMEGA=0.831538462 I_Q=3.655868249e+02 Q_RES=-6.228633067e+03 E_OVER_QMX=9.370597458e-01
OFF_SCAN OMEGA=0.851282051 I_Q=3.223244265e+03 Q_RES=-3.370975627e+03 E_OVER_QMX=9.483459890e-01
OFF_SCAN OMEGA=0.871025641 I_Q=2.741106910e+02 Q_RES=-6.320109201e+03 E_OVER_QMX=9.660375851e-01
OFF_SCAN OMEGA=0.890769231 I_Q=2.383804602e+02 Q_RES=-6.355839432e+03 E_OVER_QMX=9.788399868e-01
OFF_SCAN OMEGA=0.910512821 I_Q=2.122694739e+03 Q_RES=-4.471525153e+03 E_OVER_QMX=9.845039759e-01
OFF_SCAN OMEGA=0.930256410 I_Q=6.679546908e+03 Q_RES=+8.532701615e+01 E_OVER_QMX=9.930431274e-01
OFF_SCAN OMEGA=0.950000000 SUCCESS=False
Traceback (most recent call last):
  File "/Users/mymac/Desktop/antigravity_research/simulations/031d1_qball_self_activation_offstate_fixed_charge_gate.py", line 1933, in <module>
    main()
    ~~~~^^
  File "/Users/mymac/Desktop/antigravity_research/simulations/031d1_qball_self_activation_offstate_fixed_charge_gate.py", line 1153, in main
    brentq(
    ~~~~~~^
        q_residual,
        ^^^^^^^^^^^
    ...<4 lines>...
        maxiter=100,
        ^^^^^^^^^^^^
    )
    ^
  File "/Users/mymac/Desktop/antigravity_research/.venv/lib/python3.13/site-packages/scipy/optimize/_zeros_py.py", line 858, in brentq
    r = _zeros._brentq(f, a, b, xtol, rtol, maxiter, args, full_output, disp)
  File "/Users/mymac/Desktop/antigravity_research/.venv/lib/python3.13/site-packages/scipy/optimize/_zeros_py.py", line 107, in f_raise
    fx = f(x, *args)
  File "/Users/mymac/Desktop/antigravity_research/simulations/031d1_qball_self_activation_offstate_fixed_charge_gate.py", line 1139, in q_residual
    raise RuntimeError(
        "Off-family solve failed inside Q root"
    )
RuntimeError: Off-family solve failed inside Q root
