=== 031D3D0 EXACT CONSERVED-CHARGE RESERVOIR ARCHITECTURE GATE ===
CLAIM_CLASS=MICROSCOPIC_ENDPOINT_RESERVOIR_PREFLIGHT
R5_COUPLED_LINEAR_GREEN_REQUIRED=YES
EXACT_OFF_Y_ZERO_REQUIRED=YES
TOTAL_DIAGONAL_U1_CHARGE_CONSERVATION_REQUIRED=YES
SPATIALLY_PRESCRIBED_ACTIVATION_ALLOWED=NO
RESERVOIR_STRESS_ENERGY_MUST_BE_INCLUDED=YES
FULL_DYNAMIC_TRANSFER_SOLVED=NO
PRACTICAL_DEVICE=NO

=== STAGE A: R5 PROMOTION PROVENANCE ===
R5_CLASSIFICATION=GREEN_D3CR5_COUPLED_LINEAR_L1_RELATIVE_TRANSLATION_POSITIVE_BY_CANCELLATION_FREE_SCHUR_BOUND
R5_PROMOTION_AUTHORIZED=True
R5_RELAXED_RELATIVE_LOWER_BOUND=+1.299785030156127e-20
R5_COUPLED_LINEAR_STABILITY_PREREQUISITE=PASS

=== STAGE B: CURRENT CHARGE / ENERGY SCALE ===
Q_STAR=2.201803600111565e+35
ACTIVATION_RESERVOIR_ENERGY_J=6.228597769672653e+09
ACTIVATION_RESERVOIR_ENERGY_GJ=6.228597769672653e+00
OFF_SOURCE_ENERGY_J=9.081596081365141e+10
FULL_ON_ENERGY_J=1.277824385182716e+11
OLD_D3C_ON_MINUS_OFF_J=3.696647770462021e+10
M_X_EV=5.979605466666666e-06
M_A_EV=3.196803254561750e-07

=== STAGE C: MICROSCOPIC RESERVOIR Q-BALL RECONSTRUCTION ===
RESERVOIR_OMEGA=4.500000012825412e-01
RESERVOIR_A0=9.498545933641749e+00
RESERVOIR_I_E=5.845427332072730e+03
RESERVOIR_I_Q=1.058353763434432e+04
RESERVOIR_E_OVER_QM_MODEL=5.523131805289669e-01
RESERVOIR_E_OVER_QM_PHYSICAL=5.523131786852369e-01
RESERVOIR_E_OVER_QM_RELERR=3.338196737854450e-09
RESERVOIR_BOUND_QBALL_PASS=True
RESERVOIR_POSITIVE_ENERGY=True

=== STAGE D1: ARCHITECTURE A — REMOTE SAME-Y SOLITON ===
REMOTE_Y RHO=5.000 A=3.740989120719680e+00 F=9.990858352953053e-01
REMOTE_Y RHO=10.000 A=5.800397832086861e-02 F=1.680816593465542e-03
REMOTE_Y RHO=15.000 A=4.450167265493657e-04 F=9.901993855188200e-08
REMOTE_Y RHO=20.000 A=3.839289416326801e-06 F=7.370071611132334e-12
REMOTE_SAME_Y_QBALL_FINITE_DISTANCE_EXACT_Y_ZERO=False
REMOTE_SAME_Y_REASON=NONTRIVIAL_CANONICAL_QBALL_HAS_NONCOMPACT_EXPONENTIAL_TAIL
REMOTE_SAME_Y_ARCHITECTURE=RED_FOR_EXACT_OFF_REQUIREMENT

=== STAGE D2: ARCHITECTURE B — PHASE/FREQUENCY ONLY ===
PHASE_SCAN THETA=0.000000000000e+00 ABS_Y=9.498545933641749e+00 F=1.000000000000000e+00
PHASE_SCAN THETA=7.853981633974e-01 ABS_Y=9.498545933641749e+00 F=1.000000000000000e+00
PHASE_SCAN THETA=1.570796326795e+00 ABS_Y=9.498545933641749e+00 F=1.000000000000000e+00
PHASE_SCAN THETA=3.141592653590e+00 ABS_Y=9.498545933641749e+00 F=1.000000000000000e+00
PHASE_F_SPREAD=0.000000000000000e+00
PHASE_ONLY_EXACT_OFF=False
PHASE_FREQUENCY_ARCHITECTURE=RED_ACTIVATION_DEPENDS_ON_MODULUS

=== STAGE D3: ARCHITECTURE C — SPECTATOR R Q-BALL ===
RABI_ORACLE_INITIAL_NORM=1.0
RABI_ORACLE_FINAL_NORM=1.0
RABI_ORACLE_FINAL_Y_FRACTION=1.0
RABI_ORACLE_FINAL_R_FRACTION=3.749399456654644e-33
RABI_ORACLE_UNITARY_ERROR=0.0
RABI_ORACLE_PASS=True
OFF_QY=0.000000000000000e+00
OFF_QR=2.201803600111565e+35
OFF_QTOTAL=2.201803600111565e+35
ON_QY=2.201803600111565e+35
ON_QR=0.000000000000000e+00
ON_QTOTAL=2.201803600111565e+35
QTOTAL_ENDPOINT_RELERR=0.000000000000000e+00
EXACT_ENDPOINT_CHARGE_STRUCTURE_PASS=True
DIAGONAL_U1_MIXING_INTERACTION=KAPPA*S*(CONJ(Y)*R+CONJ(R)*Y)
DIAGONAL_U1_CONSERVED_BY_MIXER=YES
S_ZERO_ENDPOINT_MIXING_ZERO=YES
OFF_Y_ZERO_EXACT=YES
SPATIALLY_PRESCRIBED_COUPLING=NO
SPECTATOR_R_ENTERING_PHYSICAL_METRIC=NO_BY_DECLARED_GLOBAL_THEORY
R_STRESS_ENERGY_INCLUDED_AS_QBALL_INVENTORY=YES
RADIATIVE_STABILITY_OF_Y_R_ASYMMETRY=CARRIED_TO_031F_NOT_CLOSED

=== STAGE E: EXPLICIT RESERVOIR ENDPOINT ENERGY LEDGER ===
RESERVOIR_REST_ENERGY_J=6.228597769672653e+09
RESERVOIR_REST_ENERGY_GJ=6.228597769672653e+00
RESERVOIR_MASS_EQUIVALENT_KG=6.930249657561721e-08
EXPLICIT_RESERVOIR_OFF_TOTAL_J=9.704455858332407e+10
EXPLICIT_RESERVOIR_OFF_TOTAL_GJ=9.704455858332406e+01
EXPLICIT_RESERVOIR_ON_TOTAL_J=1.277824385182716e+11
EXPLICIT_RESERVOIR_ON_TOTAL_GJ=1.277824385182716e+02
OLD_NO_RESERVOIR_ON_MINUS_OFF_J=3.696647770462021e+10
EXPLICIT_RESERVOIR_ON_MINUS_OFF_J=3.073787993494756e+10
EXPLICIT_RESERVOIR_ON_MINUS_OFF_GJ=3.073787993494756e+01
ENDPOINT_LEDGER_REDUCTION_FROM_PERSISTENT_RESERVOIR_J=6.228597769672653e+09
ENDPOINT_LEDGER_IDENTITY_RELERR=0.000000000000000e+00
ENDPOINT_MASS_DIFFERENCE_KG=3.420050383258879e-07
ENDPOINT_ENERGY_PER_TRANSFERRED_CHARGE_EV=8.713345574234664e-07
ENDPOINT_ENERGY_LEDGER_PASS=True

=== STAGE F: SWITCHING TIME / POWER / RESET SCALE ===
SWITCH T=1.000000000e+01 HBAR_OMEGA_MIX_EV=1.033916924e-16 MIX_OVER_MA=3.234221320e-10 ENDPOINT_POWER_W=3.073787993e+09 Q_RATE=2.201803600e+34
SWITCH T=1.000000000e+00 HBAR_OMEGA_MIX_EV=1.033916924e-15 MIX_OVER_MA=3.234221320e-09 ENDPOINT_POWER_W=3.073787993e+10 Q_RATE=2.201803600e+35
SWITCH T=1.000000000e-01 HBAR_OMEGA_MIX_EV=1.033916924e-14 MIX_OVER_MA=3.234221320e-08 ENDPOINT_POWER_W=3.073787993e+11 Q_RATE=2.201803600e+36
SWITCH T=1.000000000e-02 HBAR_OMEGA_MIX_EV=1.033916924e-13 MIX_OVER_MA=3.234221320e-07 ENDPOINT_POWER_W=3.073787993e+12 Q_RATE=2.201803600e+37
SWITCH T=1.000000000e-03 HBAR_OMEGA_MIX_EV=1.033916924e-12 MIX_OVER_MA=3.234221320e-06 ENDPOINT_POWER_W=3.073787993e+13 Q_RATE=2.201803600e+38
SWITCH T=1.000000000e-04 HBAR_OMEGA_MIX_EV=1.033916924e-11 MIX_OVER_MA=3.234221320e-05 ENDPOINT_POWER_W=3.073787993e+14 Q_RATE=2.201803600e+39
SWITCH T=1.000000000e-05 HBAR_OMEGA_MIX_EV=1.033916924e-10 MIX_OVER_MA=3.234221320e-04 ENDPOINT_POWER_W=3.073787993e+15 Q_RATE=2.201803600e+40
SWITCH T=1.000000000e-06 HBAR_OMEGA_MIX_EV=1.033916924e-09 MIX_OVER_MA=3.234221320e-03 ENDPOINT_POWER_W=3.073787993e+16 Q_RATE=2.201803600e+41
SPATIAL_RESERVOIR_TRANSLATION_REQUIRED=NO
SPATIAL_CHARGE_TRANSPORT_ENERGY_ENDPOINT_MODEL=ZERO_BY_COLOCATION
INTERNAL_SPECIES_CONVERSION_ENERGY=NOT_ZERO
MINIMUM_ENDPOINT_ENERGY_INPUT_ESTABLISHED=NO_PATH_DEPENDENT_BUT_STATE_DIFFERENCE_IS_EXPLICIT
RESET_RECOVERABILITY_ESTABLISHED=False
RESET_RELEASE_IF_UNRECOVERED_J=3.073787993494756e+10
RADIATION_LOWER_BOUND_FOR_REVERSIBLE_ENDPOINT_PATH_J=0
RADIATION_OR_DISSIPATION_IF_ENDPOINT_ENERGY_NOT_RECOVERED_J=3.073787993494756e+10
FINITE_TIME_RADIATION_CALCULATED=NO_REQUIRES_DYNAMIC_MIXER
ENDPOINT_NET_SPATIAL_MOMENTUM_CHANGE=0_BY_COLOCATED_SPHERICAL_STATES
LOCAL_TRANSFER_REACTION_STRESS_CLOSED=NO

=== STAGE G: ARCHITECTURE DECISION ===
ARCH NAME=REMOTE_SAME_Y_QBALL EXACT_OFF=False Q_CONSERVED=True T_MUNU=True SURVIVES=False REASON=noncompact_Y_tail_at_every_finite_separation
ARCH NAME=PHASE_OR_FREQUENCY_ONLY EXACT_OFF=False Q_CONSERVED=True T_MUNU=False SURVIVES=False REASON=activation_depends_on_modulus_absY
ARCH NAME=CREATE_DESTROY_Y_WITHOUT_RESERVOIR EXACT_OFF=True Q_CONSERVED=False T_MUNU=False SURVIVES=False REASON=violates_total_activation_charge_conservation
ARCH NAME=COLOCATED_SPECTATOR_R_DIAGONAL_U1 EXACT_OFF=True Q_CONSERVED=True T_MUNU=True SURVIVES=True REASON=exact_endpoint_reservoir_survivor_dynamic_neutral_mixer_still_required
SURVIVING_ARCHITECTURE_COUNT=1
031D3D0_CLASSIFICATION=GREEN_D3D0_EXACT_ENDPOINT_SPECTATOR_QBALL_RESERVOIR_ARCHITECTURE_SURVIVES
EXACT_ENDPOINT_Q_RESERVOIR_PREFLIGHT=GREEN
TOTAL_DIAGONAL_U1_ENDPOINT_CONSERVATION=True
OFF_QY_EXACT_ZERO=True
RESERVOIR_OWN_POSITIVE_ENERGY_INCLUDED=True
RECIPROCAL_DYNAMIC_TRANSFER_REALIZED=False
GATE_S_STRESS_ENERGY_INCLUDED=False
SWITCHING_RADIATION_CLOSED=False
FORMATION_OF_INITIAL_RESERVOIR_ENERGY_J=6.228597769672653e+09
FORMATION_PER_CYCLE_REQUIRED=NO_IF_RESERVOIR_SURVIVES_RESET
RESET_RECOVERABILITY_ESTABLISHED=False
FULL_D3D_CLOSED=False
FULL_EINSTEIN_BACKREACTION_CLOSED=False
NONLINEAR_STABILITY_CLOSED=False
EFT_NATURALNESS_EMPIRICAL_CLOSURE=False
PRACTICAL_DEVICE=NO
NEXT=031D3D1_FULL_DYNAMIC_NEUTRAL_MIXER_TRANSFER_STRESS_ENERGY_RADIATION_GATE
SUMMARY_JSON=/Users/mymac/Desktop/antigravity_research/results/data/031d3d0_exact_conserved_charge_reservoir_summary.json
POWER_CSV=/Users/mymac/Desktop/antigravity_research/results/data/031d3d0_reservoir_switching_power_scan.csv
ARCHITECTURE_CSV=/Users/mymac/Desktop/antigravity_research/results/data/031d3d0_reservoir_architecture_scan.csv
