=== 031D3C-R4 TRANSLATIONAL WARD + RELATIVE MODE CLOSEOUT ===
CLAIM_CLASS=COUPLED_LINEAR_L1_TRANSLATIONAL_WARD_AND_COLLECTIVE_GATE
FULL_D3B_FIXED_QX_QY_BACKGROUND_RECONSTRUCTED=YES
CANCELLATION_FREE_MIXED_HESSIAN_CURVATURE=YES
EXACT_COMMON_TRANSLATION_PROJECTED_ONLY=YES
RELATIVE_TRANSLATION_PROJECTED=NO
RELATIVE_TRANSLATION_REMAINS_PHYSICAL=YES
FIXED_Q_L1_TANGENT=YES_BY_ANGULAR_ORTHOGONALITY
TRUE_EXPONENTIAL_INSTABILITY_ESTABLISHED_BY_R4_ALONE=NO
PRACTICAL_DEVICE=NO

=== STAGE A: NUMERICAL / VARIATIONAL ORACLES ===
ORACLE_QUADRATURE_SUM=1.0000000000000002
ORACLE_FREE_L0=9.869604400816865
ORACLE_FREE_L0_EXPECTED=9.869604401089358
ORACLE_FREE_L0_RELERR=2.760932739451259e-11
ORACLE_FREE_L1=20.190728557043336
ORACLE_FREE_L1_EXPECTED=20.19072855642663
ORACLE_FREE_L1_RELERR=3.054396514814277e-11
ORACLE_GAUSSIAN_K_DIRECT=-0.4709509288821959
ORACLE_GAUSSIAN_K_PARTS=-0.47095092888219575
ORACLE_GAUSSIAN_K_EXACT=-0.4709509288821958
ORACLE_GAUSSIAN_DIRECT_RELERR=2.357407017457797e-16
ORACLE_GAUSSIAN_PARTS_RELERR=1.1787035087288987e-16
ORACLE_GAUSSIAN_DELTA_E_NUMERIC=-0.0391186564597714
ORACLE_GAUSSIAN_DELTA_E_EXACT=-0.03911865645977198
ORACLE_GAUSSIAN_DELTA_E_RELERR=1.4722596483255013e-14
ORACLE_WARD_RESIDUAL=1.2126482928820847e-19
ORACLE_WARD_COLLECTIVE_RQ_RELERR=1.182766006347823e-16
ORACLE_PASS=True

=== STAGE B: OPERATING PROVENANCE ===
OMEGA_X=3.399999998876553e-01
OMEGA_Y=4.500000012825411e-01
EPSILON=1.000000000000000e-02
CHI=4.260182686257655e-01
MU=5.346177557001615e-02
RHO_Y=2.490592146370240e-03
TARGET_I_QX=6.594219892350219e+03
TARGET_I_QY=1.058353778605269e+04

=== STAGE C1: R3 PRODUCT BACKGROUND RECONSTRUCTION ===
PRODUCT_K_MIXED=+1.493865322439061e-19
PRODUCT_LAMBDA_REL=+1.300007559422371e-20
PRODUCT_SOURCE_TRANSLATION_NORM=1.583776647842351e+01
R3_SOURCE_TRANSLATION_NORM=1.583777785859268e+01
PRODUCT_SOURCE_NORM_RELERR=7.185458253162631e-07
PRODUCT_ACTIVATION_TRANSLATION_NORM=3.470290022330321e+00
R3_ACTIVATION_TRANSLATION_NORM=3.470296057446218e+00
PRODUCT_ACTIVATION_NORM_RELERR=1.739078106438168e-06
R3_TRANSLATION_NORM_RECONSTRUCTION_PASS=True

=== STAGE C2: FULL D3B FIXED-QX,QY BACKGROUND ===
HOMOTOPY t=0.00 OMEGA_X=3.399999998860254e-01 OMEGA_Y=4.500000012825411e-01 NODES=3448 RMS=1.990059e-05
HOMOTOPY t=0.25 OMEGA_X=3.399999998860254e-01 OMEGA_Y=4.500000012825411e-01 NODES=3448 RMS=1.990059e-05
HOMOTOPY t=0.50 OMEGA_X=3.399999998860254e-01 OMEGA_Y=4.500000012825411e-01 NODES=3448 RMS=1.990059e-05
HOMOTOPY t=0.75 OMEGA_X=3.399999998860254e-01 OMEGA_Y=4.500000012825411e-01 NODES=3448 RMS=1.990059e-05
HOMOTOPY t=1.00 OMEGA_X=3.399999998860254e-01 OMEGA_Y=4.500000012825411e-01 NODES=3448 RMS=1.990059e-05
BVP_COARSE OMEGA_X=3.399999998860254e-01 OMEGA_Y=4.500000012825411e-01 QX_RELERR=0.000000e+00 QY_RELERR=0.000000e+00 RMS=1.990059e-05 NODES=3448 U0=2.215821435496763e+00 A0=9.498546031855017e+00
BVP_FINE OMEGA_X=3.399999998875653e-01 OMEGA_Y=4.500000012825411e-01 QX_RELERR=0.000000e+00 QY_RELERR=0.000000e+00 RMS=5.621505e-06 NODES=3460 U0=2.215821435491079e+00 A0=9.498546031855019e+00
BVP_TIGHT OMEGA_X=3.400000001555940e-01 OMEGA_Y=4.500000012825412e-01 QX_RELERR=0.000000e+00 QY_RELERR=0.000000e+00 RMS=1.938215e-06 NODES=3537 U0=2.215821434859787e+00 A0=9.498546031855016e+00
FULL_BACKGROUND_RECONSTRUCTION_PASS=True

=== STAGE D: CANCELLATION-FREE RELATIVE CURVATURE ===
QUAD ORDER=32 K=+1.493616129634791e-19 K_DIRECT=+1.493616131340695e-19 LAMBDA=+1.299786175534054e-20 CANCEL=9.996742e-01
QUAD ORDER=48 K=+1.493616129656482e-19 K_DIRECT=+1.493616131326534e-19 LAMBDA=+1.299786175559679e-20 CANCEL=9.996741e-01
QUAD ORDER=64 K=+1.493616129757443e-19 K_DIRECT=+1.493616130727552e-19 LAMBDA=+1.299786175624979e-20 CANCEL=9.996744e-01
QUAD ORDER=80 K=+1.493616128418122e-19 K_DIRECT=+1.493616130538421e-19 LAMBDA=+1.299786174479664e-20 CANCEL=9.996742e-01
DOMAIN RMAX=180.0 K=+1.493616128418122e-19 BOUNDARY=+3.412138e-144 LAMBDA=+1.301597387763469e-20
DOMAIN RMAX=250.0 K=+1.493616128418122e-19 BOUNDARY=+1.831777e-205 LAMBDA=+1.299802917380400e-20
DOMAIN RMAX=350.0 K=+1.493616128418122e-19 BOUNDARY=+9.312639e-293 LAMBDA=+1.299787840232851e-20
DOMAIN RMAX=450.0 K=+1.493616128418122e-19 BOUNDARY=+0.000000e+00 LAMBDA=+1.299786313985290e-20
DOMAIN RMAX=500.0 K=+1.493616128418122e-19 BOUNDARY=+0.000000e+00 LAMBDA=+1.299786174479664e-20
BVP_COARSE_K=+1.493616132239483e-19
BVP_FINE_K=+1.493616132214107e-19
BVP_TIGHT_K=+1.493616128418122e-19
FULL_MINUS_PRODUCT_K=-2.491940209395331e-23
FULL_K_BLOCK=+1.493616128418122e-19
FULL_K_DIRECT_CORRECTED=+1.493616130538421e-19
FULL_SOURCE_TRANSLATION_NORM=1.583779135791064e+01
FULL_ACTIVATION_TRANSLATION_NORM=3.470296096336571e+00
FULL_M_EFF=1.149124492739010e+01
FULL_COLLECTIVE_LAMBDA=+1.299786174479664e-20

=== STAGE E: INDEPENDENT FINITE-DISPLACEMENT CHECK ===
FD d=0.250000 DELTA_E=+1.207301723279174e-33 K_FD=+9.223105779035720e-33
FD d=0.500000 DELTA_E=+3.715887679007586e-33 K_FD=+7.096822705059929e-33
FD d=0.750000 DELTA_E=+9.118317475546194e-33 K_FD=+7.739868260876744e-33
FD d=1.000000 DELTA_E=+1.808891583606572e-32 K_FD=+8.636821111449375e-33
FD_K_EXTRAPOLATED=+9.295068189161115e-33
FD_K_FIRST3=+1.035055187160530e-32
FD_UNCERTAINTY_PROXY=1.055483682444183e-33

=== STAGE F: WARD-REPAIRED FULL WEIGHTED l=1 HESSIAN ===
START_HESSIAN N=176 RMAX=600.0
HESSIAN N=176 RMAX=600.0 RAW0=+2.141185031386386e-06 MATCHED0=-3.106155737703264e-08 NEXT=+1.564487875798508e-04 OVERLAP=0.999988396 WARD_RES=1.375e-15 REL_SHIFT=-2.173e-06
START_HESSIAN N=208 RMAX=600.0
HESSIAN N=208 RMAX=600.0 RAW0=-3.690281943898178e-07 MATCHED0=-1.162733214420662e-08 NEXT=+1.563514505685136e-04 OVERLAP=0.999999642 WARD_RES=1.141e-15 REL_SHIFT=+3.574e-07
START_HESSIAN N=240 RMAX=600.0
HESSIAN N=240 RMAX=600.0 RAW0=+5.651780858784057e-08 MATCHED0=-7.104683385183305e-09 NEXT=+1.563677533549493e-04 OVERLAP=0.999999989 WARD_RES=1.232e-15 REL_SHIFT=-6.362e-08
START_HESSIAN N=320 RMAX=800.0
HESSIAN N=320 RMAX=800.0 RAW0=+5.778635649062907e-09 MATCHED0=-1.779112800702373e-10 NEXT=+1.316271203535283e-04 OVERLAP=1.000000000 WARD_RES=2.645e-15 REL_SHIFT=-5.956e-09

=== STAGE G: DECISION ===
K_QUADRATURE_UNCERTAINTY=1.339321053758536e-28
K_DOMAIN_UNCERTAINTY=0.000000000000000e+00
K_METHOD_UNCERTAINTY=2.120298886975928e-28
K_BVP_UNCERTAINTY=3.795984809227909e-28
K_FD_UNCERTAINTY=1.493616128418040e-19
FD_RESOLVED=True
K_TOTAL_UNCERTAINTY=1.493616135673644e-19
FULL_K=+1.493616128418122e-19
FULL_K_SIGNIFICANCE=+9.999999951e-01
COLLECTIVE_LAMBDA=+1.299786174479664e-20
COLLECTIVE_LAMBDA_UNCERTAINTY=1.299786180793620e-20
COLLECTIVE_SIGN_POSITIVE=False
COLLECTIVE_SIGN_NEGATIVE=False
WARD_MAX_COMMON_RESIDUAL=2.789627556157130e-15
WARD_MAX_COLLECTIVE_RQ_RELERR=1.000335113845080e+00
MATCHED_MIN_NEXT_GAP=+1.316271203535283e-04
MATCHED_MIN_RELATIVE_OVERLAP=9.999883961240005e-01
RELATIVE_RANK1_SHIFT_SHRINK_PASS=True
VARIATIONAL_UPPER_BOUND_PASS=True
MATCHED_GRID_ABS_UNCERTAINTY=4.522648759023310e-09
MATCHED_DOMAIN_ABS_UNCERTAINTY=6.926772105113068e-09
MATCHED_TOTAL_LAMBDA_UNCERTAINTY=1.144942086414938e-08
MATCHED_REFERENCE_LAMBDA0=-1.779112800702373e-10
MATCHED_REFERENCE_SIGNIFICANCE=-1.553888901e-02
R3_TRANSLATION_NORM_RECONSTRUCTION_PASS=True
FULL_BACKGROUND_RECONSTRUCTION_PASS=True
WARD_HESSIAN_STRUCTURE_PASS=False
ROBUST_POSITIVE_RELATIVE_MODE=False
ROBUST_NEGATIVE_RELATIVE_MODE=False
D3_L1_VARIATIONAL_STABILITY=UNRESOLVED
TRUE_EXPONENTIAL_INSTABILITY_ESTABLISHED_BY_R4_ALONE=False
031D3CR4_CLASSIFICATION=YELLOW_D3CR4_RELATIVE_TRANSLATION_SIGN_OR_RELAXED_MODE_STILL_UNRESOLVED
D3_COUPLED_LINEAR_STABILITY_PROMOTION_AUTHORIZED=False
NEXT=REFINE_ONLY_R4_FAILED_ABSOLUTE_UNCERTAINTY_OR_WARD_SUBGATE
NONLINEAR_STABILITY_CLOSED=NO
EXPLICIT_QY_RESERVOIR_REALIZED=NO
FULL_EINSTEIN_BACKREACTION_CLOSED=NO
EFT_NATURALNESS_EMPIRICAL_CLOSURE=NO
PRACTICAL_DEVICE=NO
SUMMARY_JSON=/Users/mymac/Desktop/antigravity_research/results/data/031d3cr4_relative_translation_ward_summary.json
CURVATURE_CSV=/Users/mymac/Desktop/antigravity_research/results/data/031d3cr4_relative_translation_curvature_scan.csv
HESSIAN_CSV=/Users/mymac/Desktop/antigravity_research/results/data/031d3cr4_ward_hessian_scan.csv
