=== 031D2-B DYNAMIC RECIPROCAL GATE-WALL GATE ===
PRESCRIBED_GATE_RADIUS=NO
PRESCRIBED_SPATIAL_MPHI=NO
POSITIVE_S2_PHI2_INTERACTION_INCLUDED=YES
FULL_Y_U_Z_SOURCE_BVP=NO
SWITCHING_RESET_CLOSED=NO
PRACTICAL_DEVICE=NO
M_X_EV=5.979605466666666e-06
M_PHI_EV=5.979605466666666e-08
M_C_GEV=6.858201405094178e+01
REQUIRED_DELTA_M2_HAT=1.501650749306419e-01
REQUIRED_GV_EV=2.317165207143905e-06
OFF_EPSILON=3.876403938325338e-01
OFF_HESSIAN_LAMBDA0_WITH_MARGIN=+2.502751248844032e-02
PAYLOAD_FAR_RADIUS_FROM_SOURCE_M=1.598050091494

=== STAGE A: RECONSTRUCT ON-STATE PROFILE ===
U_CENTER=2.215821435154685e+00
U_XMATCH=7.659553740455458e-02
UP_XMATCH=-1.723399591602478e-03
PHI_CENTER_EV=1.519654968001566e+11
PHI_PAYLOAD_FAR_EV=1.190014961354079e+10

=== STAGE B: CORRECTED GATE PARAMETER SCAN ===
CORRECTED_SCAN_CASES=1280
STRICT_PASSING_CASES=369

=== STAGE C: CORRECTED BEST CANDIDATE ===
BEST_G_S=2.207692682950422e-09
BEST_V_S_EV=1.049586849219965e+03
BEST_LAMBDA_S=1.948429882455258e-20
BEST_M_S_EV=2.071933294200000e-07
BEST_WALL_CAP_M=1.000000000000000e+00
BEST_PHI_TRANSITION_EV=6.636241057505481e+01
BEST_R_TRANSITION_M=5.277272028575505e+01
BEST_ON_CURVATURE_RATIO_FAR_PAYLOAD=3.215589018593492e+16
BEST_NAIVE_NATURALNESS_SCALE_EV=1.179361686715885e+03
BEST_ON_GATE_MASS_CENTER_EV=3.354931153466314e+02
BEST_BACKGROUND_NATURALNESS_RATIO=3.515308162128362e+00
BEST_PHI_LOOP_RATIO_AT_MX=3.086437652591522e-16
BEST_GATE_LOOP_RATIO_AT_MX=2.570697827661502e-17
BEST_ESTIMATED_GATE_FLOOR_J=9.153844710540100e-02
A2_GATE=6.003112499999998e-04
B2_GATE=6.411396647780456e+14
DELTA2_GATE=1.501650749306419e-01

=== STAGE D: RECIPROCAL U/Z WALL BVP ===
Traceback (most recent call last):
  File "/Users/mymac/Desktop/antigravity_research/simulations/031d2b_dynamic_reciprocal_gate_wall.py", line 2076, in <module>
    main()
    ~~~~^^
  File "/Users/mymac/Desktop/antigravity_research/simulations/031d2b_dynamic_reciprocal_gate_wall.py", line 1678, in main
    row = solve_wall(
        half_window
    )
  File "/Users/mymac/Desktop/antigravity_research/simulations/031d2b_dynamic_reciprocal_gate_wall.py", line 1282, in solve_wall
    raise RuntimeError(
    ...<3 lines>...
    )
RuntimeError: Wall BVP failed for half_window=250.0: The maximum number of mesh nodes is exceeded.
