=== 031E FULL PHYSICAL-METRIC / EINSTEIN-BACKREACTION GATE ===
CLAIM_CLASS=WEAK_CURVATURE_EINSTEIN_JORDAN_GEODESIC_BACKREACTION_CERTIFICATE
D3D2R_DRIVEN_ADIABATIC_CLOSEOUT_REQUIRED=YES
EXACT_HAMILTONIAN_SOURCES_EINSTEIN_METRIC=YES
CONSERVATIVE_INVENTORY_USED_AS_T_MUNU=NO
DIRECT_JORDAN_GEODESIC_USED=YES
EXTERNAL_FIFTH_FORCE_ADDED_BY_HAND=NO
MECHANICAL_SUPPORT_USED_IN_PRIMARY_ISOLATED_SOURCE=NO
PRACTICAL_DEVICE=NO

=== STAGE A: PROVENANCE / GEOMETRY ===
D3D2R_CLASSIFICATION=GREEN_D3D2R_DUAL_LEDGER_FIXED_THEORY_DRIVEN_ADIABATIC_SWITCHING_CLOSEOUT
EXACT_SOURCE_ON_J=7.531325686559320e+10
EXACT_ON_TOTAL_J=8.154185497371555e+10
CONSERVATIVE_ON_INVENTORY_J=1.277824385182716e+11
M_X_EV=5.979605466666666e-06
X_LENGTH_M=3.300000000000000e-02
M_C_GEV=6.858201405094178e+01
M_M_GEV=1.097924452346906e+09
MC_OVER_MM_SQUARED=3.901894787744707e-15
PAYLOAD_CENTER_GLOBAL_M=2.050000000000000e+00
SOURCE_SHIFT_M=5.519499085056424e-01
PAYLOAD_CENTER_FROM_SOURCE_M=1.498050091494358e+00
PAYLOAD_RADIUS_M=1.000000000000000e-01
REFERENCE_FLAT_CM_MPS2=1.242688162638778e+01
REFERENCE_FLAT_SURFACE_MIN_MPS2=9.806649999999999e+00
INHERITED_X_OVERLAP=3.803743046901642e-30

=== STAGE B: FULL D3B ENDPOINT RECONSTRUCTION ===
OMEGA_X=3.400000001555940e-01
OMEGA_Y=4.500000012825412e-01
BVP_QX_RELERR=0.000000000000000e+00
BVP_QY_RELERR=0.000000000000000e+00
BVP_RMS=1.938215251769512e-06
FULL_D3B_RECONSTRUCTION_PASS=True

=== STAGE C: COMPLETE EXACT T_MUNU ===
I_SOURCE_EXACT=3.292734002887274e+03
I_Y_EXACT=2.723174832148236e+02
ENERGY_SCALE_J=2.287255925011281e+07
SOURCE_REBUILT_J=7.531325357590028e+10
SOURCE_CERTIFIED_EXACT_J=7.531325686559320e+10
SOURCE_ENERGY_RELERR=4.368013087976030e-08
TOTAL_REBUILT_J=8.154185134557295e+10
TOTAL_CERTIFIED_EXACT_J=8.154185497371555e+10
TOTAL_ENERGY_RELERR=4.449423666598332e-08
EXACT_T_MUNU_ENERGY_PASS=True
ANISOTROPY_IDENTITY_RELERR=1.561303650559100e-16
FLAT_CONSERVATION_ANALYTIC_RELERR=2.768283378824481e-16
FLAT_CONSERVATION_NUMERICAL_RELERR=1.756019779991994e-07
DEC_MAX_RATIO=1.000000000000000e+00
COMPLETE_EXACT_STRESS_PASS=True
ON_ENDPOINT_R_RESERVOIR_FIELD=ZERO
ON_ENDPOINT_S_CONTROL_FIELD=ZERO
INTRINSIC_MECHANICAL_SUPPORT_REQUIRED=NO_SELF_SUPPORTED_SOLITON

=== STAGE D: SPHERICAL EINSTEIN METRIC ===
ADM_MASS_KG=9.072754547036685e-07
ADM_ENERGY_J=8.154185134557230e+10
ADM_ENERGY_RELERR=8.046517449142051e-15
MAX_COMPACTNESS_2GM_RC2=3.122678720908115e-33
MAX_ABS_NU=5.385172499886032e-33
MAX_ABS_EINSTEIN_RADIAL_LOG_FACTOR=1.561339360454057e-33
POSITIVE_ADM_MASS=True
NO_HORIZON_OR_METRIC_SINGULARITY=True
CURVED_CONSERVATION_SOURCE_RELATIVE_SCALE=3.363365395035825e-33
R5_PHYSICAL_GAP=1.299785030156127e-20
SELF_METRIC_PERTURBATION_OVER_R5_GAP=4.143125497636465e-13
SPHERICAL_EINSTEIN_METRIC_PASS=True
PERTURBATIVE_MATTER_BACKREACTION_PASS=True
FLOAT64_FULL_CURVED_MATTER_SHIFT_DIRECTLY_RESOLVABLE=NO_EXPECTED_BELOW_MACHINE_RELATIVE_PRECISION
FULL_NONPERTURBATIVE_CURVED_MATTER_BVP_SOLVED=NO
BACKREACTION_METHOD=EXACT_EINSTEIN_METRIC_PLUS_CERTIFIED_SMALL_PERTURBATION_OVER_SPECTRAL_GAP

=== STAGE E: DIRECT JORDAN-METRIC FINITE PAYLOAD ===
CENTER_JORDAN_ACCEL_MPS2=+1.239010022187868e+01
CENTER_FLAT_SCALAR_ACCEL_MPS2=+1.239010022187868e+01
CENTER_EINSTEIN_ACCEL_MPS2=-2.564374613068172e-17
PAYLOAD_CM_JORDAN_ACCEL_MPS2=+1.242686883040701e+01
PAYLOAD_CM_FLAT_SCALAR_ACCEL_MPS2=+1.242686883040701e+01
PAYLOAD_CM_EINSTEIN_ACCEL_MPS2=-2.564343870064641e-17
PAYLOAD_SURFACE_MIN_MPS2=+9.806639885559635e+00
PAYLOAD_SURFACE_MAX_MPS2=+1.585840014522024e+01
CM_REFERENCE_RELERR=1.029701670308831e-06
SURFACE_MIN_REFERENCE_RELERR=1.031385882473791e-06
GR_FRACTION_OF_TOTAL_CM=2.063547869588845e-18
CONSERVATIVE_LEDGER_GR_SURFACE_BOUND_MPS2=4.855008839389096e-17
FINITE_PAYLOAD_JORDAN_REPULSION_PASS=True

=== STAGE F: FAR FIELD / PAYLOAD BACKREACTION / RECOIL ===
JORDAN_ACCEL_AT_FAR_SCAN_END_MPS2=-6.728253963698548e-22
REPULSIVE_TO_ATTRACTIVE_ZERO_M=14.847132453818539
ASYMPTOTIC_POSITIVE_ADM_ATTRACTION=True
LOCAL_REPULSIVE_BASIN_PRESENT=True
FAR_FIELD_SIGN_PASS=True
PAYLOAD_SCALAR_REACTION_RATIO=3.438551375014167e-16
PAYLOAD_METRIC_DRIVER=4.957217593245370e-28
PAYLOAD_METRIC_DRIVER_OVER_R5_GAP=3.813874970270985e-08
PAYLOAD_BACKREACTION_PASS=True
ONE_KG_INTERACTION_FORCE_N=1.242686883040701e+01
FREE_SOURCE_RECOIL_DIAGNOSTIC_MPS2=1.369690782777948e+07
SOURCE_RECOIL_INTERPRETATION=CENTER_OF_MASS_TRANSLATION_NOT_INTERNAL_INSTABILITY
LAB_FIXED_ONE_KG_SUPPORT_FORCE_N=1.242686883040701e+01
LAB_FIXED_SUPPORT_APPARATUS_REALIZED=NO
PRIMARY_031E_CLAIM=ISOLATED_SOURCE_PLUS_FINITE_TEST_PAYLOAD_RELEASED_FROM_REST

=== STAGE G: DECISION ===
BACKGROUND_PASS=True
EXACT_T_MUNU_PASS=True
EINSTEIN_METRIC_PASS=True
MATTER_BACKREACTION_PERTURBATIVE_CERTIFICATE_PASS=True
JORDAN_FINITE_PAYLOAD_PASS=True
FAR_FIELD_PASS=True
PAYLOAD_REACTION_BACKREACTION_PASS=True
031E_CLASSIFICATION=GREEN_031E_WEAK_CURVATURE_EINSTEIN_JORDAN_GEODESIC_BACKREACTION_CERTIFICATE
031E_PROMOTION_AUTHORIZED=True
FULL_EXACT_FLOAT64_CURVED_MATTER_BVP=NO
FULL_CURVED_COVARIANT_CONSERVATION_CLAIM=NO_PERTURBATIVE_SMALL_CURVATURE_CERTIFICATE_ONLY
NONLINEAR_FRAGMENTATION_CLOSED=NO
CARRIER_RESOLVED_SWITCHING_CLOSED=NO
HIGHER_HARMONIC_MULTIPARTICLE_RADIATION_CLOSED=NO
EFT_NATURALNESS_EMPIRICAL_CLOSURE=NO
LAB_FIXED_SUPPORT_HARDWARE_CLOSED=NO
PRACTICAL_DEVICE=NO
NEXT=031F_NONLINEAR_RADIATION_EFT_NATURALNESS_EMPIRICAL_FINAL_CLOSEOUT
SUMMARY_JSON=/Users/mymac/Desktop/antigravity_research/results/data/031e_full_physical_metric_einstein_backreaction_summary.json
PROFILE_CSV=/Users/mymac/Desktop/antigravity_research/results/data/031e_einstein_jordan_metric_profile.csv
PAYLOAD_CSV=/Users/mymac/Desktop/antigravity_research/results/data/031e_finite_payload_metric_scan.csv
