=== 031F0 RADIATIVE NATURALNESS / EMPIRICAL STOP-RULE GATE ===
CLAIM_CLASS=TECHNICAL_NATURALNESS_AND_EMPIRICAL_PREFLIGHT
031E_GREEN_REQUIRED=YES
NONLINEAR_EXPENSIVE_EVOLUTION_RUN_FIRST=NO
CHEAP_FATAL_NATURALNESS_TEST_FIRST=YES
PRACTICAL_DEVICE=NO

=== STAGE A: INHERITED 031E / PHYSICAL-METRIC PROVENANCE ===
031E_CLASSIFICATION=GREEN_031E_WEAK_CURVATURE_EINSTEIN_JORDAN_GEODESIC_BACKREACTION_CERTIFICATE
M_X_EV=5.979605466666666e-06
EPSILON=1.000000000000000e-02
M_PHI_EV=5.979605466666666e-08
PHI_COMPTON_RANGE_M=3.300000000000000e+00
M_C_GEV=6.858201405094178e+01
M_M_GEV=1.097924452346906e+09
PHI_PAYLOAD_GEV=1.445243268707092e+01
ALPHA_M_CERTIFIED=2.919409424975629e+01
ALPHA_M_REBUILT=2.919409424975629e+01
ALPHA_M_REBUILD_RELERR=2.433857785349966e-16
LOCAL_ORDINARY_ORDINARY_SCALAR_STRENGTH_2ALPHA2=1.704590278127307e+03
SOURCE_OPERATOR_SCALE_GEV=1.000000000000000e+01
MATTER_OPERATOR_SCALE_GEV=4.001115711911719e+04

=== STAGE B: OFF-VACUUM EMPIRICAL STRUCTURE ===
OFF_F_ACTIVATION=0.0
OFF_LINEAR_ORDINARY_MATTER_SCALAR_COUPLING=0.0
OFF_PPN_GAMMA=1.000000000000000e+00
OFF_PPN_BETA=1.000000000000000e+00
STANDARD_UNACTIVATED_YUKAWA_BOUND_DIRECTLY_APPLICABLE=NO
MICROSCOPE_WEP_BENCHMARK_1SIGMA_ORDER=3E-15
UNIVERSAL_JORDAN_METRIC_TREE_LEVEL_COMPOSITION_DEPENDENCE=ZERO
OFF_EMPIRICAL_STRUCTURAL_PASS=True
ON_REPULSIVE_BASIN_ZERO_M=1.484713245381854e+01
ON_FAR_SCAN_END_M=3.000000000000000e+02
ON_FAR_SCAN_END_ACCEL_MPS2=-6.728253963698548e-22
ON_FIELD_IS_STRONGLY_EMPIRICALLY_TESTED_ALREADY=NO_EXOTIC_XY_SOURCE_NOT_KNOWN_TO_EXIST_IN_EXPERIMENTS

=== STAGE C: MATTER-LOOP TECHNICAL NATURALNESS ===
NDA_MATTER_NATURALNESS_CUTOFF_GEV=9.082960508007253e-04
NDA_MATTER_NATURALNESS_CUTOFF_MEV=9.082960508007253e-01
GENEROUS_1E_MINUS3_NATURALNESS_CUTOFF_GEV=5.107724048724405e-03
GENEROUS_1E_MINUS3_NATURALNESS_CUTOFF_MEV=5.107724048724405e+00
MATTER_OPERATOR_OVER_NATURALNESS_CUTOFF=4.405078837879413e+07
THRESHOLD NAME=electron M_GEV=5.109989500e-04 RATIO=1.001775318e-01 RATIO_C1E3=1.001775318e-04 DM_EV=1.892595024e-08 RANGE_M=1.042626541e+01
THRESHOLD NAME=muon M_GEV=1.056583755e-01 RATIO=1.831074492e+08 RATIO_C1E3=1.831074492e+05 DM_EV=8.091434757e-04 RANGE_M=2.438714348e-04
THRESHOLD NAME=tau M_GEV=1.776860000e+00 RATIO=1.464546413e+13 RATIO_C1E3=1.464546413e+10 DM_EV=2.288358694e-01 RANGE_M=8.623079104e-07
THRESHOLD NAME=W M_GEV=8.036900000e+01 RATIO=6.129775299e+19 RATIO_C1E3=6.129775299e+16 DM_EV=4.681605424e+02 RANGE_M=4.214942579e-10
THRESHOLD NAME=Z M_GEV=9.118760000e+01 RATIO=1.015859013e+20 RATIO_C1E3=1.015859013e+17 DM_EV=6.026834275e+02 RANGE_M=3.274139812e-10
THRESHOLD NAME=Higgs M_GEV=1.252500000e+02 RATIO=3.615773642e+20 RATIO_C1E3=3.615773642e+17 DM_EV=1.137033205e+03 RANGE_M=1.735454863e-10
THRESHOLD NAME=top M_GEV=1.727600000e+02 RATIO=1.308769236e+21 RATIO_C1E3=1.308769236e+18 DM_EV=2.163236834e+03 RANGE_M=9.121838963e-11
MUON_ONE_DOF_NOMINAL_RATIO=1.831074492491378e+08
MUON_ONE_DOF_RATIO_WITH_1E_MINUS3_COEFF=1.831074492491378e+05
MUON_REQUIRED_TUNING_NOMINAL=5.461274263284560e-09
TOP_ONE_DOF_NOMINAL_RATIO=1.308769235837605e+21
TOP_REQUIRED_TUNING_NOMINAL=7.640766398057984e-22
MATTER_THRESHOLD_NATURALNESS_PASS=False

=== STAGE D: SOURCE-SECTOR LOOP SCALE ===
SOURCE_LAMBDA_XPHI_NDA=7.601942681303481e-33
SOURCE_10GEV_DELTA_M2_OVER_MPHI2=1.346355665277368e+00
SOURCE_NATURALNESS_CUTOFF_GEV=8.618270060433225e+00
SOURCE_SECTOR_NATURALNESS_PREFLIGHT_PASS=True

=== STAGE E: PROTECTION / SYMMETRY AUDIT ===
PHI_Z2_PRESENT=True
PHI_Z2_FORBIDS_LINEAR_TERM=True
PHI_Z2_FORBIDS_MASS_TERM=False
GLOBAL_U1_PROTECTS_PHI_MASS=False
SHIFT_SYMMETRY_PRESENT=False
SUPERSYMMETRIC_THRESHOLD_CANCELLATION_PRESENT=False
SEQUESTERING_MECHANISM_PRESENT=False
OTHER_EXPLICIT_RADIATIVE_PROTECTION_PRESENT=False
RADIATIVE_PROTECTION_GATE_PASS=False

=== STAGE F: PRACTICAL / SWITCHING LEDGER CARRY-FORWARD ===
CONSERVATIVE_ON_INVENTORY_GJ=1.277824385182716e+02
FORWARD_ACTIVATION_RELEASE_GJ=1.550270360960852e+01
RESET_REVERSIBLE_WORK_FLOOR_GJ=1.550270395462659e+01
ONE_SECOND_RESET_POWER_FLOOR_W=1.550270395462659e+10
ONE_KG_PAYLOAD_FORCE_N=1.242686883040701e+01
FREE_SOURCE_RECOIL_DIAGNOSTIC_MPS2=1.369690782777948e+07
LAB_SUPPORT_HARDWARE_REALIZED=False
RESET_ENERGY_RECOVERY_REALIZED=False

=== STAGE G: 031F0 DECISION ===
EMPIRICAL_OFF_VACUUM_STRUCTURE_PASS=True
SOURCE_SECTOR_NATURALNESS_PASS=True
MATTER_SECTOR_NATURALNESS_PASS=False
EXPLICIT_PROTECTION_PRESENT=False
RADIATIVE_NATURALNESS_FULL_PASS=False
031F0_CLASSIFICATION=RED_031F0_CURRENT_031_EFT_RADIATIVE_NATURALNESS_OBSTRUCTION_NO_PROTECTION
EXPENSIVE_031F_NONLINEAR_RUN_AUTHORIZED=False
CLASSICAL_MICROSCOPIC_FIELD_RESULT_REVOKED=NO
031D_SWITCHING_RESULT_REVOKED=NO
031E_EINSTEIN_JORDAN_RESULT_REVOKED=NO
CURRENT_031_THEORY_FULLY_CERTIFIED=False
PRACTICAL_DEVICE=NO
NEXT=STOP_CURRENT_031_FULL_CERTIFICATION_OR_INTRODUCE_GENUINE_RADIATIVE_PROTECTION_AND_RESTART_AFFECTED_GATES
SUMMARY_JSON=/Users/mymac/Desktop/antigravity_research/results/data/031f0_radiative_naturalness_empirical_summary.json
THRESHOLD_CSV=/Users/mymac/Desktop/antigravity_research/results/data/031f0_matter_threshold_naturalness_scan.csv
