BRANCH=032H17A12D1
DECISION=RED_SCOPED_A12D1_MINIMAL_ELECTRON_PAULI_SUB10MJ_CORRIDOR_HAS_NO_OVERLAP_WITH_EVEN_THE_NECESSARY_ORDER_ONE_FINITE_PAYLOAD_LOADING_BOUND__UNLOADED_A12C_KERNEL_REUSE_CLOSED_FOR_THIS_REALIZATION__A12B_AND_F2_MECHANISM_PRESERVED
AVERAGE_PAYLOAD_REST_ENERGY_DENSITY_EV4=5458844084333186.0
A12C_1KEV_MAX_LOCAL_LOADING_LOWER_BOUND=10917.688168666373
PAULI_10MJ_BOUNDARY_EV=1.2620651681478093e-07
PAULI_BOUNDARY_MAX_LOCAL_LOADING_LOWER_BOUND=4.30331921524114e+43
NECESSARY_ORDER_ONE_LOADING_SCALE_EV=10221.924560220372
NECESSARY_TEN_PERCENT_LOADING_SCALE_EV=18177.437976411056
NECESSARY_ONE_PERCENT_LOADING_SCALE_EV=32324.563680711366
UNLOADED_FIELD_ONLY_10MJ_UPPER_SCALE_EV=44046.14127845582
ORDER_ONE_LOADING_SCALE_OVER_PAULI_10MJ_BOUNDARY=80993635021.41444
PAULI_SUB10MJ_AND_ORDER_ONE_LOADING_OVERLAP=False
A12C_ONE_PERCENT_LOADING_CANDIDATE_INTERVAL_EXISTS=True
A12B_CARRIER_CLOSED=False
A12C_F2_MECHANISM_CLOSED=False
PHYSICAL_ANTIGRAVITY_MODEL_FOUND=False
CERTIFIED_SUB10MJ_MODEL_FOUND=False
HOOK17_CLOSED=False
NEXT=A12D0_RANKED_QUEUE_COMPOSITE_MAGNETIZATION_USING_LOADING_CONTROLLED_PORTAL_REQUIREMENTS
SUMMARY_PATH=/Users/mymac/Desktop/antigravity_research/results/data/032h17a12d1_hook17_pauli_f2_same_action_loading_summary.json
SCAN_PATH=/Users/mymac/Desktop/antigravity_research/results/data/032h17a12d1_hook17_pauli_f2_same_action_loading_scan.csv
