BRANCH=032H17A12D1R3C
FINAL_EXPLORATORY_RUN_BEFORE_SESSION_NOTES=True

================================================================
CORRECTED POLARIZATION-NODE INTERPRETATION
================================================================
R3B_BNORMAL2_FRACTION=0.5027061227423528
R3B_BTANGENT2_FRACTION=0.49729387725764723
R3B_RMS_B_ANGLE_TO_NORMAL_DEG=44.84494983104724
GROSS_REORIENTATION_TO_ESTABLISH_NODE_DEG=45.15505016895276
ADDITIONAL_NODE_CENTERED_ROTATION_ACROSS_TAPER_DEG=4.591569781127255
NODE_INTERPRETATION=THE_4P59_DEG_NUMBER_IS_THE_ADDITIONAL_NODE_CENTERED_CHANGE_ACROSS_THE_TAPER_NOT_THE_GROSS_ROTATION_FROM_THE_R3B_PARALLEL_MIRROR_TO_THE_NULL_GEOMETRY

================================================================
BUILDING_LOADED_INTERFACE_SYSTEM_GRID_M=0.075
================================================================
PAYLOAD_MASS_NUMERICAL_KG=0.99859898004468
PEAK_BETA_MAGNITUDE=18987.283771593688
ACTIVE_ELECTRIC_INTERFACE_ROWS=39
ACTIVE_MAGNETIC_INTERFACE_ROWS=46
SAME_ACTION_RECIPROCITY_MAX_ABS=2.3283064365386963e-10
SAME_ACTION_DISCRETE_RECIPROCITY_EXACT=False

UNLOADED_BASELINE_MIN_ACCEL_M_S2=9.806650000000014
UNLOADED_BASELINE_FIELD_ENERGY_J=1.4597081610973566
UNLOADED_BASELINE_MATTER_ABS_INTERACTION_J=8.04736246755931

LOADING_HOMOTOPY_TABLE_BEGIN
LAMBDA=0.0 SOLVE=True COND=1.0 RESID=0.0 MIN_A=9.806650000000014 OUTWARD=True FIELD_1G_J=1.4597081610973546 MATTER_ABS_1G_J=8.047362467559298 PARTIAL_1G_J=9.507070628656653
LAMBDA=0.0001 SOLVE=True COND=5.740730988547292 RESID=1.681988399749528e-14 MIN_A=-679.6245822281652 OUTWARD=False FIELD_1G_J=None MATTER_ABS_1G_J=None PARTIAL_1G_J=None
LAMBDA=0.0003 SOLVE=True COND=72.2282490948398 RESID=1.4244548545113326e-14 MIN_A=-657.8513716515841 OUTWARD=False FIELD_1G_J=None MATTER_ABS_1G_J=None PARTIAL_1G_J=None
LAMBDA=0.001 SOLVE=True COND=229.36228466784559 RESID=1.255949833898762e-14 MIN_A=-1571.8086366979678 OUTWARD=False FIELD_1G_J=None MATTER_ABS_1G_J=None PARTIAL_1G_J=None
LAMBDA=0.003 SOLVE=True COND=1404.7286636863482 RESID=7.908830599783619e-15 MIN_A=-1609.7388683754323 OUTWARD=False FIELD_1G_J=None MATTER_ABS_1G_J=None PARTIAL_1G_J=None
LAMBDA=0.01 SOLVE=True COND=20535.97462832779 RESID=3.4584929086124885e-14 MIN_A=-18991.580961561212 OUTWARD=False FIELD_1G_J=None MATTER_ABS_1G_J=None PARTIAL_1G_J=None
LAMBDA=0.03 SOLVE=True COND=2621.482927340559 RESID=3.3518810176168853e-15 MIN_A=-1292.348621240666 OUTWARD=False FIELD_1G_J=None MATTER_ABS_1G_J=None PARTIAL_1G_J=None
LAMBDA=0.1 SOLVE=True COND=25107.493555537414 RESID=6.714564092677904e-15 MIN_A=-1224.8625619258253 OUTWARD=False FIELD_1G_J=None MATTER_ABS_1G_J=None PARTIAL_1G_J=None
LAMBDA=0.3 SOLVE=True COND=5158.083065873764 RESID=1.5940691966743265e-15 MIN_A=-49.11778201997104 OUTWARD=False FIELD_1G_J=None MATTER_ABS_1G_J=None PARTIAL_1G_J=None
LAMBDA=1.0 SOLVE=True COND=15204.683222797741 RESID=1.534587533420384e-15 MIN_A=-45.87943614961025 OUTWARD=False FIELD_1G_J=None MATTER_ABS_1G_J=None PARTIAL_1G_J=None
LOADING_HOMOTOPY_TABLE_END

FULL_LOADING_OUTWARD=False
CRITICAL_LOADING_FRACTION=1.4224261306390212e-06
SIGN_CROSSING_FOUND=True
REQUIRED_EFFECTIVE_INTERFACE_FRACTION=1.4224261306390212e-06
REQUIRED_INTERFACE_CANCELLATION_FRACTION=0.9999985775738693
HEURISTIC_NODE_ANGULAR_TOLERANCE_DEG=8.149901395476767e-05

OPPOSITE_SIGN_AUDIT_SOLVE=True
OPPOSITE_SIGN_AUDIT_MIN_ACCEL_M_S2=-43.50349147152264
OPPOSITE_SIGN_AUDIT_OUTWARD=False
OPPOSITE_SIGN_AUDIT_PARTIAL_1G_J=None

================================================================
BUILDING_LOADED_INTERFACE_SYSTEM_GRID_M=0.05
================================================================
PAYLOAD_MASS_NUMERICAL_KG=1.002765139590722
PEAK_BETA_MAGNITUDE=18987.283771593688
ACTIVE_ELECTRIC_INTERFACE_ROWS=70
ACTIVE_MAGNETIC_INTERFACE_ROWS=81
SAME_ACTION_RECIPROCITY_MAX_ABS=4.656612873077393e-10
SAME_ACTION_DISCRETE_RECIPROCITY_EXACT=False

UNLOADED_BASELINE_MIN_ACCEL_M_S2=9.80664999999999
UNLOADED_BASELINE_FIELD_ENERGY_J=1.5377640660282965
UNLOADED_BASELINE_MATTER_ABS_INTERACTION_J=8.476426220895673

LOADING_HOMOTOPY_TABLE_BEGIN
LAMBDA=0.0 SOLVE=True COND=1.0 RESID=0.0 MIN_A=9.80664999999999 OUTWARD=True FIELD_1G_J=1.5377640660282978 MATTER_ABS_1G_J=8.47642622089568 PARTIAL_1G_J=10.014190286923979
LAMBDA=0.0001 SOLVE=True COND=7.730191802448332 RESID=5.415530298566332e-14 MIN_A=-1715.5553528276048 OUTWARD=False FIELD_1G_J=None MATTER_ABS_1G_J=None PARTIAL_1G_J=None
LAMBDA=0.0003 SOLVE=True COND=71.99992361609426 RESID=1.6487234353764888e-14 MIN_A=-485.73879583076484 OUTWARD=False FIELD_1G_J=None MATTER_ABS_1G_J=None PARTIAL_1G_J=None
LAMBDA=0.001 SOLVE=True COND=778.6113211254179 RESID=3.6539791693393256e-14 MIN_A=-9670.813250930236 OUTWARD=False FIELD_1G_J=None MATTER_ABS_1G_J=None PARTIAL_1G_J=None
LAMBDA=0.003 SOLVE=True COND=755.2695183937954 RESID=1.161118056625309e-14 MIN_A=-1359.742219550643 OUTWARD=False FIELD_1G_J=None MATTER_ABS_1G_J=None PARTIAL_1G_J=None
LAMBDA=0.01 SOLVE=True COND=3307.8208004267135 RESID=1.4086089053561568e-14 MIN_A=-22521.850031910682 OUTWARD=False FIELD_1G_J=None MATTER_ABS_1G_J=None PARTIAL_1G_J=None
LAMBDA=0.03 SOLVE=True COND=3583.766058897584 RESID=3.656905125145122e-15 MIN_A=-297.1651677200573 OUTWARD=False FIELD_1G_J=None MATTER_ABS_1G_J=None PARTIAL_1G_J=None
LAMBDA=0.1 SOLVE=True COND=48948.53023807262 RESID=3.7524893342157836e-15 MIN_A=-161.6459382639123 OUTWARD=False FIELD_1G_J=None MATTER_ABS_1G_J=None PARTIAL_1G_J=None
LAMBDA=0.3 SOLVE=True COND=42062.11891205161 RESID=2.8849626680187385e-15 MIN_A=-153.36862219944138 OUTWARD=False FIELD_1G_J=None MATTER_ABS_1G_J=None PARTIAL_1G_J=None
LAMBDA=1.0 SOLVE=True COND=22416.224645471655 RESID=2.5346786034345283e-15 MIN_A=-125.836660935389 OUTWARD=False FIELD_1G_J=None MATTER_ABS_1G_J=None PARTIAL_1G_J=None
LOADING_HOMOTOPY_TABLE_END

FULL_LOADING_OUTWARD=False
CRITICAL_LOADING_FRACTION=5.683821704621053e-07
SIGN_CROSSING_FOUND=True
REQUIRED_EFFECTIVE_INTERFACE_FRACTION=5.683821704621053e-07
REQUIRED_INTERFACE_CANCELLATION_FRACTION=0.9999994316178296
HEURISTIC_NODE_ANGULAR_TOLERANCE_DEG=3.256589951796571e-05

OPPOSITE_SIGN_AUDIT_SOLVE=True
OPPOSITE_SIGN_AUDIT_MIN_ACCEL_M_S2=-81.5825696021472
OPPOSITE_SIGN_AUDIT_OUTWARD=False
OPPOSITE_SIGN_AUDIT_PARTIAL_1G_J=None

================================================================
R3C FINAL SCIENTIFIC RESULT
================================================================
DECISION=RED_YELLOW_SCOPED_R3C_SIMPLE_PARALLEL_MIRROR_IS_DESTROYED_AT_SMALL_INTERFACE_LOADING__POLARIZATION_NODE_WOULD_REQUIRE_STRONG_SUPPRESSION__DO_NOT_CLAIM_THE_TOPOLOGICAL_ROUTE_CLOSED__SESSION_CLOSEOUT
BOTH_GRIDS_FULL_LOADING_SOLVED=True
BOTH_GRIDS_FULL_LOADING_WHOLE_PAYLOAD_OUTWARD=False
FINE_FULL_LOADING_PARTIAL_CAPACITY_J=None
SIMPLE_PARALLEL_LOADED_CORRIDOR_SURVIVES=False
FINE_CRITICAL_LOADING_FRACTION=5.683821704621053e-07
FINE_INTERFACE_SUPPRESSION_TARGET={'effective_interface_fraction_target': 5.683821704621053e-07, 'minimum_interface_cancellation_fraction': 0.9999994316178296, 'heuristic_node_angular_tolerance_deg': 3.256589951796571e-05, 'angular_tolerance_is_rigorous': False, 'interpretation': 'SMALL_ANGLE_LINEAR_COUPLING_HEURISTIC_ONLY;_NOT_A_MAXWELL_SOURCE_CONSTRUCTION'}
PHYSICAL_ANTIGRAVITY_MODEL_FOUND=False
CERTIFIED_SUB10MJ_MODEL_FOUND=False
006D_REPLACED=False
SESSION_CLOSEOUT_READY=True
NEXT=BUILD_COMPREHENSIVE_SESSION_CARRYOVER_NOTES_WITH_R3A_R3B_R3C_AS_ACTIVE_FRONTIER
SUMMARY_PATH=/Users/mymac/Desktop/antigravity_research/results/data/032h17a12d1r3c_hook17_fdual_f_loaded_payload_homotopy_summary.json
HOMOTOPY_PATH=/Users/mymac/Desktop/antigravity_research/results/data/032h17a12d1r3c_hook17_fdual_f_loaded_payload_homotopy.csv
