A4_PROVENANCE_PASS=True
032H17A5_DECISION=RED_SCOPED_H17A5_K3_DIRECT_PROTECTED_1PLUS_V24_SOURCE_WARD_FAIL__REPRESENTATION_OVERLAP_SURVIVES_BUT_DIRECT_K3_SAME_ACTION_CLOSED
NEXT=JOURNAL_H17A2_TO_A5__THEN_032H17A6_J11_AND_COMPENSATED_SOURCE_WARD_GATE
V24_BMS_LAST_PAIR_ANTISYMMETRIC=True
V24_BMS_CURRENT_NORM=16.000000000000
V24_BMS_SPIN2_HELICITY_SEED_ZERO=True
V24_BMS_ZERO_HELICITY_SEED_ZERO=True
V24_BMS_SPIN1_HELICITY_SEED_NONZERO=True
V24_BMS_SPIN1_HELICITY_SEED_NORM2=128.000000000000
K3_GAUGE_SYMMETRIC=True
K3_GHOST_TACHYON_FREE=True
K3_PROPAGATING_SECTOR=AXIAL_VECTOR_EVEN_PARITY_1PLUS
K3_PHYSICAL_POLARIZATIONS=2
K3_PUBLISHED_SOURCE_CONSTRAINT_COUNT=21
K3_LIGHTLIKE_Z_Q2=0.000000000000
K3_LIGHTLIKE_Z_WARD_RESIDUAL=[0.0, 0.0, -16.0, 0.0]
K3_LIGHTLIKE_Z_WARD_RESIDUAL_NORM=16.000000000000
K3_DIRECT_V24_SOURCE_WARD_COMPATIBLE=False
K3_DIRECT_V24_SOURCE_CLOSED=True
K3_REPRESENTATION_SPIN1_OVERLAP_PRESERVED=True
CLEAN_SCALAR_ENVELOPE_K3_CLOSED=True
Q_DEPENDENT_SOURCE_ENGINEERING_OPEN=True
COMPENSATED_CURRENT_OPEN=True
J11_OPEN=True
K3_VECTOR_GRAVITON_SAME_ACTION_IDENTIFICATION=False
HOOK17_ALL_PROTECTED_1PLUS_CLOSED=False
SAME_ACTION_PROVENANCE_COMPLETE=False
FULL_NOETHER_COMPLETION=False
JOURNAL_NOW=True
H17B_AUTHORIZED=False
ENERGY_OPTIMIZATION_AUTHORIZED=False
SUB100J_EFFICIENCY_TUNING_AUTHORIZED=False
HOOK17_REFERENCE_CAPACITY_RP1E12_J=17.067644219600
HOOK17_COMPLETE_ENERGY_J=UNKNOWN
PHYSICAL_ANTIGRAVITY_MODEL_FOUND=NO
CERTIFIED_SUB10MJ_MODEL_FOUND=NO
PRACTICAL_DEVICE_FOUND=NO
SUMMARY_JSON=/Users/mymac/Desktop/antigravity_research/results/data/032h17a5_hook17_protected_k3_source_ward_summary.json
WARD_CSV=/Users/mymac/Desktop/antigravity_research/results/data/032h17a5_hook17_k3_ward_witnesses.csv
RERANK_CSV=/Users/mymac/Desktop/antigravity_research/results/data/032h17a5_hook17_protected_rescue_rerank.csv
