BRANCH=032H17A12D1R3A

================================================================
SAME-ACTION TOPOLOGICAL VARIATION
================================================================
PORTAL_INVARIANT=P=F_mn*F^(mn)=-4 E dot B
SIGMA=sigma_P=P/(2*M^4)
DELTA_P=deltaP=2*Fdual^(mn)*deltaF_mn=4*Fdual^(mn)*nabla_m(deltaA_n)
DELTA_SIGMA=delta_sigma=(2/M^4)*Fdual^(mn)*nabla_m(deltaA_n)
SAME_ACTION_EQUATION=nabla_m F^(mn)-(partial_m beta)*Fdual^(mn)=J^n
LEADING_CONSTANT_TRACE_BULK_LOADING_ZERO=True
EXACT_CONSTANT_TRACE_BULK_LOADING_ZERO=False

================================================================
AFFINE PORTAL UNIQUENESS
================================================================
LINEAR_P_UNIQUE_NONTRIVIAL_LOCAL_fP_BULK_CANCELLATION=True
PARITY_EVEN_NONTRIVIAL_ANALYTIC_fP_CAN_BE_AFFINE=False
P_SQUARED_PRESERVES_BULK_CANCELLATION=False

================================================================
IDEAL A12C CAPACITY PRESERVATION
================================================================
A12C_REFERENCE_FIELD_ENERGY_J=2.6568591420597114
MIRROR_E_OVER_BA=-0.7071067811865475
MIRROR_B_OVER_BA=0.7071067811865475
MIRROR_SIGMA_OVER_A12C_SIGMA=1.0
MIRROR_CANONICAL_ENERGY_OVER_A12C_ENERGY=0.9999999999999998
IDEAL_MIXED_EB_FIELD_ENERGY_J=2.656859142059711
IDEAL_CAPACITY_EXACTLY_EQUAL_TO_A12C=True
PAYLOAD_CONFORMAL_REST_SHIFT_UPPER_J=12.237201718494285
LOCAL_ELECTROSTATIC_MIRROR_INTEGRABLE_IN_PAYLOAD=True
GLOBAL_MIRROR_FIELD_SOLUTION_ESTABLISHED=False

================================================================
BULK LOADING COMPARISON
================================================================
F2_AVERAGE_BULK_LOADING_EPSILON=10917.688168666373
F2_PEAK_BULK_LOADING_EPSILON=18987.283771593688
FDUALF_BETA_AVERAGE_MAGNITUDE=10917.688168666378
FDUALF_BETA_PEAK_MAGNITUDE=18987.283771593695
FDUALF_LEADING_UNIFORM_BULK_LOADING_ZERO=True
FDUALF_EXACT_NONLINEAR_BULK_PRINCIPAL_PROXY_PEAK=1.0341023989462848e-11
FDUALF_NONLINEAR_BULK_PROXY_PASS=True
F2_TO_FDUALF_RESIDUAL_BULK_SUPPRESSION_FACTOR=1836112534981166.8

================================================================
FINITE DENSITY-GRADIENT / INTERFACE PREFLIGHT
================================================================
INTERFACE_BETA_AVERAGE_MAGNITUDE=10917.688168666378
INTERFACE_BETA_PEAK_MAGNITUDE=18987.283771593695
POSITIVE_SIGMA_SELECTS_FAVORABLE_INTERFACE_SIGN=True
PLANAR_INTERFACE_FAVORABLE_FACTOR_AVERAGE=4522.254638756052
PLANAR_INTERFACE_FAVORABLE_FACTOR_PEAK=7864.790525302822
PLANAR_INTERFACE_UNFAVORABLE_FACTOR_PEAK=45839.35806849021
NAIVE_A12C_TIMES_FAVORABLE_AVERAGE_INTERFACE_FACTOR_J=12014.993579700955
NAIVE_A12C_TIMES_FAVORABLE_PEAK_INTERFACE_FACTOR_J=20895.640607535403
INTERFACE_HEURISTIC_IS_RIGOROUS_GLOBAL_BOUND=False
P_NODE_OR_POLARIZATION_ROTATION_IN_DENSITY_GRADIENT_LAYER_OPEN=True

================================================================
PARITY / HEALTH
================================================================
BARE_LINEAR_P_PRESERVES_PARITY=False
BARE_LINEAR_P_PRESERVES_CP=False
PARITY_REPAIR_REQUIRES_EXTRA_ODD_STRUCTURE=True
GAUGE_INVARIANT=True
MATTER_INDUCED_CURRENT_IDENTICALLY_CONSERVED=True
FIELD_EQUATIONS_SECOND_ORDER=True
FULL_INTERACTING_HYPERBOLICITY_CERTIFIED=False

================================================================
R3A FINAL SCIENTIFIC RESULT
================================================================
DECISION=YELLOW_GREEN_SCOPED_R3A_LINEAR_FDUALF_PRESERVES_THE_IDEAL_A12C_2P656859J_INVARIANT_PER_FIELD_ENERGY_AND_REMOVES_THE_FATAL_LEADING_UNIFORM_BULK_LOADING__EXACT_NONLINEAR_BULK_RESIDUAL_IS_TINY__FINITE_DENSITY_GRADIENT_INTERFACE_MIXING_AND_PARITY_CP_COMPLETION_ARE_NOW_THE_DOMINANT_GATES__AUTHORIZE_R3B
STRUCTURAL_RESCUE_SURVIVES_CHEAP_GATE=True
DOMINANT_REMAINING_GATE=FINITE_DENSITY_GRADIENT_INTERFACE_MIXING_PLUS_GLOBAL_EB_REALIZATION
R3B_AUTHORIZED=True
FULL_LOADED_EB_BVP_AUTHORIZED_IMMEDIATELY=False
A12B_CARRIER_CLOSED=False
A12C_LOW_CAPACITY_CLUE_DISCARDED=False
PHYSICAL_ANTIGRAVITY_MODEL_FOUND=False
CERTIFIED_SUB10MJ_MODEL_FOUND=False
HOOK17_CLOSED=False
NEXT=032H17A12D1R3B_GLOBAL_MIRROR_FIELD_INTEGRABILITY_AND_DENSITY_GRADIENT_TRANSFER_PREFLIGHT
SUMMARY_PATH=/Users/mymac/Desktop/antigravity_research/results/data/032h17a12d1r3a_hook17_fdual_f_topological_loading_summary.json
ATLAS_PATH=/Users/mymac/Desktop/antigravity_research/results/data/032h17a12d1r3a_hook17_fdual_f_rescue_portal_atlas.csv
