UNLOADED_NEW_SOLVER_RECONSTRUCTION_PASS=True
UNLOADED_RECONSTRUCTED_FIELD_ENERGY_J=2.695139339692198
A12C_REFERENCE_FIELD_ENERGY_J=2.6568591420597114
UNLOADED_FIELD_ENERGY_RELERR=0.014408064404502166
UNLOADED_SOURCE_RELERR=0.006326228950255139
BROAD_STRONG_LOADING_SCAN_BEGIN=True
BROAD_SCALE_EV=250.0 OUTWARD=False CAPACITY_J=None
BROAD_SCALE_EV=500.0 OUTWARD=False CAPACITY_J=None
BROAD_SCALE_EV=1000.0 OUTWARD=False CAPACITY_J=None
BROAD_SCALE_EV=2000.0 OUTWARD=False CAPACITY_J=None
BROAD_SCALE_EV=5000.0 OUTWARD=False CAPACITY_J=None
BROAD_SCALE_EV=10000.0 OUTWARD=False CAPACITY_J=None
BROAD_SCALE_EV=12000.0 OUTWARD=False CAPACITY_J=None
BROAD_SCALE_EV=14000.0 OUTWARD=True CAPACITY_J=774299.8251825955
BROAD_SCALE_EV=16000.0 OUTWARD=True CAPACITY_J=382986.02643693186
BROAD_SCALE_EV=18000.0 OUTWARD=True CAPACITY_J=418618.86085848976
BROAD_SCALE_EV=20000.0 OUTWARD=True CAPACITY_J=549850.5208532474
BROAD_SCALE_EV=24000.0 OUTWARD=True CAPACITY_J=1002172.8197878193
BROAD_SCALE_EV=32000.0 OUTWARD=True CAPACITY_J=2928239.0570935025
BROAD_SCALE_EV=40000.0 OUTWARD=True CAPACITY_J=6999735.2590069035
INTERMEDIATE_SCALE_EV=14000.0 OUTWARD=False CAPACITY_J=None
INTERMEDIATE_SCALE_EV=15000.0 OUTWARD=True CAPACITY_J=1385133.0369104685
INTERMEDIATE_SCALE_EV=16000.0 OUTWARD=True CAPACITY_J=607075.6336540632
INTERMEDIATE_SCALE_EV=17000.0 OUTWARD=True CAPACITY_J=504652.52770729014
INTERMEDIATE_SCALE_EV=18000.0 OUTWARD=True CAPACITY_J=495971.3986652661
INTERMEDIATE_SCALE_EV=19000.0 OUTWARD=True CAPACITY_J=526005.2171111903
INTERMEDIATE_SCALE_EV=20000.0 OUTWARD=True CAPACITY_J=595109.6898637193
PRODUCTION_SCALE_EV=17000.0 OUTWARD=True CAPACITY_J=1324137.608118485
PRODUCTION_SCALE_EV=18000.0 OUTWARD=True CAPACITY_J=727454.3897910364
PRODUCTION_SCALE_EV=19000.0 OUTWARD=True CAPACITY_J=672330.4508131915
PRODUCTION_SCALE_EV=20000.0 OUTWARD=True CAPACITY_J=693677.3888798608
PRODUCTION_SCALE_EV=21000.0 OUTWARD=True CAPACITY_J=746642.047326758
ONE_KEV_GRID_M=0.1 OUTWARD=False UNIT_MIN_ACCEL=-7.368953557783751e-13
ONE_KEV_GRID_M=0.075 OUTWARD=False UNIT_MIN_ACCEL=-1.2073277734253646e-12
ONE_KEV_GRID_M=0.05 OUTWARD=False UNIT_MIN_ACCEL=-2.721643768828063e-12

BRANCH=032H17A12D1R1
DECISION=YELLOW_SCOPED_A12D1R1_EXACT_1KEV_FEW_JOULE_DESCENDANT_LOSES_WHOLE_PAYLOAD_OUTWARD_SIGN_UNDER_SAME_ACTION_PAYLOAD_LOADING__BUT_A_NEARBY_STRONGLY_LOADED_SUB10MJ_CAPACITY_BRANCH_SURVIVES__PROMOTE_LOADING_AWARE_SOURCE_SHAPE_RESCUE_BEFORE_ABANDONING_F2
PRIMARY_1KEV_PEAK_Z=18988.283771593688
ONE_KEV_OUTWARD_ALL_GRIDS=False
ONE_KEV_SIGN_FAIL_ALL_GRIDS=True
BEST_LOADED_PORTAL_SCALE_EV=19000.0
BEST_LOADED_PORTAL_SCALE_KEV=19.0
BEST_CANONICAL_FIELD_ENERGY_J=672315.7501444765
BEST_PAYLOAD_INTERACTION_ENERGY_J=14.700668714940548
BEST_EXACT_PAYLOAD_CONFORMAL_SHIFT_J=14.704314537815534
BEST_LOADED_QUADRATIC_CAPACITY_J=672330.4508131915
BEST_SOURCE_WORK_J=672330.4508131958
BEST_SOURCE_WORK_RELERR=6.406621777113885e-15
BEST_INTEGRATED_SOURCE_EV_M=10294117397.39015
BEST_SOURCE_RATIO_VS_A12C=503.0353073671398
BEST_PAYLOAD_SIGMA_MAX=2.4706512865814965e-16
BEST_SMALL_SIGMA_SELF_CONSISTENT=True
BEST_PAYLOAD_MIN_ACCEL_M_S2=9.80665
BEST_PAYLOAD_MAX_ACCEL_M_S2=57.53500382354574
BEST_PAYLOAD_COM_ACCEL_M_S2=27.377317361374804
NUMERICAL_PREFLIGHT_PASS=False
GRID_CAPACITY_RELERR=0.21763886125493662
GRID_SOURCE_RELERR=0.11578883499952415
DOMAIN_CAPACITY_RELERR=0.07146712636045319
ROBUSTNESS_POLYNOMIAL_C1_OUTWARD=True
ROBUSTNESS_POLYNOMIAL_C1_CAPACITY_J=627151.1002983769
STRONGLY_LOADED_SUB100J_CAPACITY_SURVIVOR=False
STRONGLY_LOADED_SUB10KJ_CAPACITY_SURVIVOR=False
STRONGLY_LOADED_SUB1MJ_CAPACITY_SURVIVOR=True
STRONGLY_LOADED_SUB10MJ_CAPACITY_SURVIVOR=True
A12B_CARRIER_CLOSED=False
A12C_F2_MECHANISM_CLOSED=False
PHYSICAL_ANTIGRAVITY_MODEL_FOUND=False
CERTIFIED_SUB10MJ_MODEL_FOUND=False
HOOK17_CLOSED=False
NEXT=032H17A12D1R2_LOADING_AWARE_1KEV_AND_LOW_KEV_SOURCE_SHAPE_RESCUE
SUMMARY_PATH=/Users/mymac/Desktop/antigravity_research/results/data/032h17a12d1r1_hook17_f2_strong_payload_loading_rescue_summary.json
SCAN_PATH=/Users/mymac/Desktop/antigravity_research/results/data/032h17a12d1r1_hook17_f2_strong_payload_loading_rescue_scan.csv
