BRANCH=032H17A12D1R2
SOURCE_BASIS_COUNT=15
PRIMARY_GOAL=RECOVER_EXACT_1KEV_FEW_JOULE_BRANCH
BROAD_SOURCE_SHAPE_PORTAL_LADDER_BEGIN=True
BROAD_SCALE_EV=500.0 BEST_LANE=SIGNED_MULTIPOLAR PREDICTED_CAPACITY_J=None SIGNED_J=None SAME_SIGN_J=None
BROAD_SCALE_EV=750.0 BEST_LANE=SIGNED_MULTIPOLAR PREDICTED_CAPACITY_J=None SIGNED_J=None SAME_SIGN_J=None
BROAD_SCALE_EV=1000.0 BEST_LANE=SIGNED_MULTIPOLAR PREDICTED_CAPACITY_J=None SIGNED_J=None SAME_SIGN_J=None
BROAD_SCALE_EV=1250.0 BEST_LANE=SIGNED_MULTIPOLAR PREDICTED_CAPACITY_J=None SIGNED_J=None SAME_SIGN_J=None
BROAD_SCALE_EV=1500.0 BEST_LANE=SIGNED_MULTIPOLAR PREDICTED_CAPACITY_J=None SIGNED_J=None SAME_SIGN_J=None
BROAD_SCALE_EV=2000.0 BEST_LANE=SIGNED_MULTIPOLAR PREDICTED_CAPACITY_J=8000880795077.392 SIGNED_J=8000880795077.392 SAME_SIGN_J=None
BROAD_SCALE_EV=3000.0 BEST_LANE=SIGNED_MULTIPOLAR PREDICTED_CAPACITY_J=6106185237.780985 SIGNED_J=6106185237.780985 SAME_SIGN_J=None
BROAD_SCALE_EV=5000.0 BEST_LANE=SIGNED_MULTIPOLAR PREDICTED_CAPACITY_J=230437206.62366208 SIGNED_J=230437206.62366208 SAME_SIGN_J=None
BROAD_SCALE_EV=8000.0 BEST_LANE=SIGNED_MULTIPOLAR PREDICTED_CAPACITY_J=8209539.206165308 SIGNED_J=8209539.206165308 SAME_SIGN_J=None
BROAD_SCALE_EV=12000.0 BEST_LANE=SIGNED_MULTIPOLAR PREDICTED_CAPACITY_J=169407.08454108893 SIGNED_J=169407.08454108893 SAME_SIGN_J=297304.9206116055
REFINED_SCALES_EV=1000.0,12000.0,8000.0,5000.0
REFINED_SCALE_EV=1000.0 EFFORT=EXACT_1KEV BEST_LANE=SIGNED_MULTIPOLAR PREDICTED_CAPACITY_J=None
REFINED_SCALE_EV=12000.0 EFFORT=REFINED BEST_LANE=SIGNED_MULTIPOLAR PREDICTED_CAPACITY_J=2739767.975809888
REFINED_SCALE_EV=8000.0 EFFORT=REFINED BEST_LANE=SIGNED_MULTIPOLAR PREDICTED_CAPACITY_J=13317345.250713399
REFINED_SCALE_EV=5000.0 EFFORT=REFINED BEST_LANE=SIGNED_MULTIPOLAR PREDICTED_CAPACITY_J=118423361.75853018
VALIDATION=BEST_REFINED SCALE_EV=12000.0 GRID_M=0.1 OUTWARD=True CAPACITY_J=3225291.2615792966
VALIDATION=BEST_REFINED SCALE_EV=12000.0 GRID_M=0.075 OUTWARD=False CAPACITY_J=None
VALIDATION=BEST_REFINED SCALE_EV=12000.0 GRID_M=0.05 OUTWARD=False CAPACITY_J=None

DECISION=RED_SCOPED_A12D1R2_FINITE_COMPACT_SOURCE_SHAPE_BASIS_DOES_NOT_RESCUE_LOW_KEV_F2_CAPACITY__DO_NOT_CLOSE_A12B__PROMOTE_STRUCTURALLY_DIFFERENT_MIXED_EB_TOPOLOGICAL_PORTAL
EXACT_1KEV_DIRECT_VALIDATION_PASS=False
EXACT_1KEV_FINEST_CAPACITY_J=None
EXACT_1KEV_SUB10J=False
EXACT_1KEV_SUB100J=False
EXACT_1KEV_SUB1KJ=False
EXACT_1KEV_SUB10KJ=False
EXACT_1KEV_BEST_LANE=SIGNED_MULTIPOLAR
EXACT_1KEV_QUADRATIC_PREDICTED_CAPACITY_J=None
EXACT_1KEV_SIGNED_PREDICTED_CAPACITY_J=None
EXACT_1KEV_SAME_SIGN_PREDICTED_CAPACITY_J=None
BEST_VALIDATED_LABEL=None
BEST_VALIDATED_CAPACITY_J=None
NUMERICAL_PREFLIGHT_PASS=False
ROBUSTNESS_POLYNOMIAL_C1_OUTWARD=False
A12B_CARRIER_CLOSED=False
A12C_F2_MECHANISM_CLOSED=False
PHYSICAL_ANTIGRAVITY_MODEL_FOUND=False
CERTIFIED_SUB10MJ_MODEL_FOUND=False
HOOK17_CLOSED=False
NEXT=032H17A12D1R3_MIXED_EB_F_DUAL_F_LOW_CAPACITY_RESCUE
SUMMARY_PATH=/Users/mymac/Desktop/antigravity_research/results/data/032h17a12d1r2_hook17_f2_loaded_source_shape_rescue_summary.json
SCAN_PATH=/Users/mymac/Desktop/antigravity_research/results/data/032h17a12d1r2_hook17_f2_loaded_source_shape_rescue_scan.csv
COEFFICIENT_PATH=/Users/mymac/Desktop/antigravity_research/results/data/032h17a12d1r2_hook17_f2_loaded_source_shape_coefficients.csv
