BRANCH=032H17A12D1R3B
PRIMARY_GOAL=PRESERVE_2P656859J_BY_GLOBAL_ELECTROSTATIC_MIRROR_AND_INTERFACE_DESIGN

================================================================
A12C_RECONSTRUCTION_GRID_M=0.075
================================================================
A12C_RECONSTRUCTED_FIELD_ENERGY_J=2.5253521814064364
A12C_REFERENCE_FIELD_ENERGY_J=2.6568591420597114
A12C_RECONSTRUCTION_ENERGY_RELERR=0.04949715194585935
A12C_RECONSTRUCTED_PAYLOAD_MIN_ACCEL_M_S2=9.80665
A12C_RECONSTRUCTED_PAYLOAD_SIGMA_MAX=1.226385591609027e-16
FIT_GRID_M=0.075 R_M=2.2 LMAX=8 RMS_REL=0.009986704780316264 EXT_ENERGY_RELERR=0.0029649570255961774
FIT_GRID_M=0.075 R_M=2.2 LMAX=12 RMS_REL=0.00998254758250841 EXT_ENERGY_RELERR=0.0029648891425162176
FIT_GRID_M=0.075 R_M=2.2 LMAX=16 RMS_REL=0.009974337178648734 EXT_ENERGY_RELERR=0.0029646792141746086
FIT_GRID_M=0.075 R_M=2.4 LMAX=8 RMS_REL=0.011289573909120599 EXT_ENERGY_RELERR=0.0032746983188145927
FIT_GRID_M=0.075 R_M=2.4 LMAX=12 RMS_REL=0.011286964873207505 EXT_ENERGY_RELERR=0.00327447743013505
FIT_GRID_M=0.075 R_M=2.4 LMAX=16 RMS_REL=0.011281037046021241 EXT_ENERGY_RELERR=0.0032728445451631846
FIT_GRID_M=0.075 R_M=2.6 LMAX=8 RMS_REL=0.013352543172549287 EXT_ENERGY_RELERR=0.0033677098155492123
FIT_GRID_M=0.075 R_M=2.6 LMAX=12 RMS_REL=0.013350530605251595 EXT_ENERGY_RELERR=0.0033666058941852406
FIT_GRID_M=0.075 R_M=2.6 LMAX=16 RMS_REL=0.013346831815435993 EXT_ENERGY_RELERR=0.0033549880960947547

PRIMARY_MULTIPOLE_FIT_RMS_REL=0.011286964873207505
PRIMARY_MULTIPOLE_EXT_ENERGY_RELERR=0.00327447743013505
ORIGINAL_NUMERICAL_EXTERIOR_B_ENERGY_J=0.28841442732086237
MULTIPOLE_EXTERIOR_B_ENERGY_J=0.2874700207880749

NEW_MAGNETIC_HALF_ENERGY_J=1.2626760907032182
MINIMUM_GLOBAL_ELECTRIC_MIRROR_ENERGY_J=0.21560254812906893
MIXED_GLOBAL_FIELD_ENERGY_PRE_1G_RENORM_J=1.478278638832287
MIXED_GLOBAL_ENERGY_OVER_A12C=0.5853752398245674
MIRROR_SURFACE_CHARGE_NET_ZERO_ANALYTIC=True
MIRROR_SURFACE_CHARGE_NET_OVER_ABSOLUTE=6.674212144595515e-17
TRUE_EXTERNAL_STANDOFF_PRESERVED=True

MIXED_PAYLOAD_SIGMA_RMS_RELERR=0.013825157285443304
MIXED_PAYLOAD_ACCEL_MIN_PRE_RENORM_M_S2=9.883757145842191
MIXED_PAYLOAD_ACCEL_MAX_PRE_RENORM_M_S2=20.796775961902984
MIXED_WHOLE_PAYLOAD_OUTWARD_PRE_RENORM=True
MIXED_GLOBAL_FIELD_ENERGY_NORMALIZED_TO_1G_J=1.4667459954338413
MIXED_SUB100J=True
MIXED_SUB10KJ=True

INTERFACE_WEIGHTED_BNORMAL2_FRACTION=0.5017457041011996
INTERFACE_WEIGHTED_BTANGENT2_FRACTION=0.4982542958988004
INTERFACE_OPTIMAL_GLOBAL_E_OVER_B=1.003497524503948
INTERFACE_OPTIMAL_DRIVER_RATIO_VS_EQUAL_SPLIT=0.9999939050158078
FIELD_ENERGY_RATIO_AT_INTERFACE_DRIVER_OPTIMUM=1.0000060950213414

================================================================
A12C_RECONSTRUCTION_GRID_M=0.05
================================================================
A12C_RECONSTRUCTED_FIELD_ENERGY_J=2.6568591420597123
A12C_REFERENCE_FIELD_ENERGY_J=2.6568591420597114
A12C_RECONSTRUCTION_ENERGY_RELERR=3.3429638991383306e-16
A12C_RECONSTRUCTED_PAYLOAD_MIN_ACCEL_M_S2=9.80665
A12C_RECONSTRUCTED_PAYLOAD_SIGMA_MAX=1.3615723178022103e-16
FIT_GRID_M=0.05 R_M=2.2 LMAX=8 RMS_REL=0.007808324386814277 EXT_ENERGY_RELERR=0.0032830186163460688
FIT_GRID_M=0.05 R_M=2.2 LMAX=12 RMS_REL=0.007808066331322729 EXT_ENERGY_RELERR=0.003283015545365419
FIT_GRID_M=0.05 R_M=2.2 LMAX=16 RMS_REL=0.00780759835924831 EXT_ENERGY_RELERR=0.0032830067028949508
FIT_GRID_M=0.05 R_M=2.4 LMAX=8 RMS_REL=0.009731766647820422 EXT_ENERGY_RELERR=0.003334245473144995
FIT_GRID_M=0.05 R_M=2.4 LMAX=12 RMS_REL=0.009731703069783692 EXT_ENERGY_RELERR=0.00333424072810488
FIT_GRID_M=0.05 R_M=2.4 LMAX=16 RMS_REL=0.009731629435742942 EXT_ENERGY_RELERR=0.003334218234871269
FIT_GRID_M=0.05 R_M=2.6 LMAX=8 RMS_REL=0.012263487634005817 EXT_ENERGY_RELERR=0.003375767105293261
FIT_GRID_M=0.05 R_M=2.6 LMAX=12 RMS_REL=0.012262872973675511 EXT_ENERGY_RELERR=0.003375495185778458
FIT_GRID_M=0.05 R_M=2.6 LMAX=16 RMS_REL=0.012262601774528259 EXT_ENERGY_RELERR=0.003374644761174537

PRIMARY_MULTIPOLE_FIT_RMS_REL=0.009731703069783692
PRIMARY_MULTIPOLE_EXT_ENERGY_RELERR=0.00333424072810488
ORIGINAL_NUMERICAL_EXTERIOR_B_ENERGY_J=0.30319183408597206
MULTIPOLE_EXTERIOR_B_ENERGY_J=0.3021809195243338

NEW_MAGNETIC_HALF_ENERGY_J=1.3284295710298561
MINIMUM_GLOBAL_ELECTRIC_MIRROR_ENERGY_J=0.2266356963630148
MIXED_GLOBAL_FIELD_ENERGY_PRE_1G_RENORM_J=1.5550652673928709
MIXED_GLOBAL_ENERGY_OVER_A12C=0.5853021120974132
MIRROR_SURFACE_CHARGE_NET_ZERO_ANALYTIC=True
MIRROR_SURFACE_CHARGE_NET_OVER_ABSOLUTE=0.0
TRUE_EXTERNAL_STANDOFF_PRESERVED=True

MIXED_PAYLOAD_SIGMA_RMS_RELERR=0.013766950765130556
MIXED_PAYLOAD_ACCEL_MIN_PRE_RENORM_M_S2=9.883868410591937
MIXED_PAYLOAD_ACCEL_MAX_PRE_RENORM_M_S2=23.017602898118664
MIXED_WHOLE_PAYLOAD_OUTWARD_PRE_RENORM=True
MIXED_GLOBAL_FIELD_ENERGY_NORMALIZED_TO_1G_J=1.5429162116460216
MIXED_SUB100J=True
MIXED_SUB10KJ=True

INTERFACE_WEIGHTED_BNORMAL2_FRACTION=0.5027061227423528
INTERFACE_WEIGHTED_BTANGENT2_FRACTION=0.49729387725764723
INTERFACE_OPTIMAL_GLOBAL_E_OVER_B=1.005426971277648
INTERFACE_OPTIMAL_DRIVER_RATIO_VS_EQUAL_SPLIT=0.9999853536921496
FIELD_ENERGY_RATIO_AT_INTERFACE_DRIVER_OPTIMUM=1.000014646522368

================================================================
POLARIZATION-NODE DESIGN CLUE
================================================================
REQUIRED_SIGMA_GRADIENT_PER_M=1.0911369672198217e-16
SIGMA_CHANGE_REQUIRED_ACROSS_0P1M_TAPER=1.0911369672198218e-17
SIGMA_CHANGE_OVER_A12C_SIGMA_MAX=0.080138010515746
P_NODE_ROTATION_RATE_RAD_PER_M=0.8013801051574599
P_NODE_ROTATION_ANGLE_ACROSS_TAPER_RAD=0.080138010515746
P_NODE_ROTATION_ANGLE_ACROSS_TAPER_DEG=4.591569781127255
BETA_PEAK_TIMES_ROTATION_ANGLE=1521.6031465534288
EXACT_INTERFACE_MIX_NULL_AT_P_NODE=True
FINITE_WIDTH_TAPER_STILL_REQUIRES_LOADED_BVP=True

================================================================
R3B FINAL SCIENTIFIC RESULT
================================================================
DECISION=GREEN_SCOPED_R3B_GLOBAL_NEUTRAL_ELECTROSTATIC_MIRROR_COMPLETION_PRESERVES_THE_A12C_LOW_JOULE_CLASS_AND_WHOLE_PAYLOAD_OUTWARD_RESPONSE__INTERFACE_POLARIZATION_NODE_CORRIDOR_IDENTIFIED__AUTHORIZE_LIMITED_LOADED_R3C
FINE_GLOBAL_MIRROR_FIELD_ENERGY_PRE_1G_J=1.5550652673928709
FINE_GLOBAL_MIRROR_FIELD_ENERGY_1G_J=1.5429162116460216
LOW_JOULE_CLASS_PRESERVED=True
SUB10KJ_PRESERVED=True
WHOLE_PAYLOAD_OUTWARD_BOTH_GRIDS=True
MIXED_FIELD_GRID_ENERGY_RELERR=0.04936769452368379
R3C_AUTHORIZED=True
SURFACE_CHARGE_PHYSICALIZED=False
PARITY_CP_COMPLETED=False
PHYSICAL_ANTIGRAVITY_MODEL_FOUND=False
CERTIFIED_SUB10MJ_MODEL_FOUND=False
006D_REPLACED=False
HOOK17_CLOSED=False
NEXT=032H17A12D1R3C_FINITE_PAYLOAD_LOADED_TOPOLOGICAL_EB_POLARIZATION_NODE_BVP
SUMMARY_PATH=/Users/mymac/Desktop/antigravity_research/results/data/032h17a12d1r3b_hook17_fdual_f_global_mirror_prefight_summary.json
MULTIPOLE_SCAN_PATH=/Users/mymac/Desktop/antigravity_research/results/data/032h17a12d1r3b_hook17_fdual_f_multipole_fit_scan.csv
INTERFACE_PARETO_PATH=/Users/mymac/Desktop/antigravity_research/results/data/032h17a12d1r3b_hook17_fdual_f_interface_pareto.csv
