BRANCH=032H17A12D1R2B1
PORTAL_SCALE_EV=1000.0
REQUIRED_RESPONSE_FOR_2P656859J_M_S2_PER_J=3.69106884318958
PRIOR_R2B_DECISION_STRING_LOGIC_INCONSISTENT=True

BUILDING_GRID_COMPLETE_SOURCE_SPACE_H_M=0.125
GRID_M=0.125
CERTIFICATE_VALID=True
SOURCE_DOF_COUNT=381
PAYLOAD_CERTIFICATE_POINT_COUNT=157
ENERGY_CONDITION_NUMBER=303.2480784351422
WHOLE_PAYLOAD_POINTWISE_UPPER_BOUND_M_S2_PER_J=3.1301355978246105e-06
CERTIFIED_LOADED_CAPACITY_FLOOR_J=3132979.2890811022
BOTTLENECK_RHO_M=1.0
BOTTLENECK_Z_M=3.039736830714133
PRIOR_R2B_BOTTLENECK_LOCAL_UPPER_BOUND_M_S2_PER_J=0.0021621869546293066
GRID_COMPLETE_BOUND_OVER_R2B_76D_BOUND=2.856457527892279
A12C_2P656859J_RULED_OUT=True
SUB10J_RULED_OUT=True
SUB100J_RULED_OUT=True
SUB1KJ_RULED_OUT=True
SUB10KJ_RULED_OUT=True
SUB100KJ_RULED_OUT=True
SUB1MJ_RULED_OUT=True
SUB10MJ_RULED_OUT=False

BUILDING_GRID_COMPLETE_SOURCE_SPACE_H_M=0.1
GRID_M=0.1
CERTIFICATE_VALID=True
SOURCE_DOF_COUNT=605
PAYLOAD_CERTIFICATE_POINT_COUNT=157
ENERGY_CONDITION_NUMBER=490.2471837261906
WHOLE_PAYLOAD_POINTWISE_UPPER_BOUND_M_S2_PER_J=5.08732926179784e-06
CERTIFIED_LOADED_CAPACITY_FLOOR_J=1927661.7445701503
BOTTLENECK_RHO_M=1.0277012541318356
BOTTLENECK_Z_M=3.018480910817912
PRIOR_R2B_BOTTLENECK_LOCAL_UPPER_BOUND_M_S2_PER_J=5.08732926179784e-06
GRID_COMPLETE_BOUND_OVER_R2B_76D_BOUND=4.642527300359901
A12C_2P656859J_RULED_OUT=True
SUB10J_RULED_OUT=True
SUB100J_RULED_OUT=True
SUB1KJ_RULED_OUT=True
SUB10KJ_RULED_OUT=True
SUB100KJ_RULED_OUT=True
SUB1MJ_RULED_OUT=True
SUB10MJ_RULED_OUT=False

================================================================
R2B1 FINAL SCIENTIFIC RESULT
================================================================
DECISION=RED_SCOPED_A12D1R2B1_GRID_COMPLETE_AXISYMMETRIC_SOURCE_CELL_POINTWISE_CERTIFICATE_RULES_OUT_THE_FEW_JOULE_AND_SUB100J_1KEV_SOURCE_SHAPING_ROUTE_ON_BOTH_TESTED_GRIDS__THIS_IS_NOT_A_CONTINUUM_OR_PORTAL_NO_GO__PIVOT_LOW_CAPACITY_RESCUE_TO_BACKREACTION_STRUCTURE
ALL_GRID_CERTIFICATES_VALID=True
GRID_BOUND_RELATIVE_DIFFERENCE=0.38471928260479177
GRID_BOUND_PREFLIGHT_STABLE=True
A12C_2P656859J_RULED_OUT_ON_BOTH_GRIDS=True
SUB10J_RULED_OUT_ON_BOTH_GRIDS=True
SUB100J_RULED_OUT_ON_BOTH_GRIDS=True
SUB1KJ_RULED_OUT_ON_BOTH_GRIDS=True
SUB10KJ_RULED_OUT_ON_BOTH_GRIDS=True
SUB100KJ_RULED_OUT_ON_BOTH_GRIDS=True
SUB1MJ_RULED_OUT_ON_BOTH_GRIDS=True
SUB10MJ_RULED_OUT_ON_BOTH_GRIDS=False
FINE_GRID_CERTIFIED_LOADED_CAPACITY_FLOOR_J=1927661.7445701503
A12C_REFERENCE_RESPONSE_GAP_FACTOR_FINE_GRID=725541.5667522908
CONTINUOUS_SOURCE_SPACE_EXHAUSTED=False
NONAXISYMMETRIC_SOURCE_SPACE_EXHAUSTED=False
A12B_CARRIER_CLOSED=False
A12C_F2_MECHANISM_CLOSED=False
PHYSICAL_ANTIGRAVITY_MODEL_FOUND=False
CERTIFIED_SUB10MJ_MODEL_FOUND=False
HOOK17_CLOSED=False
NEXT=032H17A12D1R3_MIXED_EB_F_DUAL_F_LOW_CAPACITY_RESCUE
SUMMARY_PATH=/Users/mymac/Desktop/antigravity_research/results/data/032h17a12d1r2b1_hook17_f2_1kev_grid_complete_source_bound_summary.json
SCAN_PATH=/Users/mymac/Desktop/antigravity_research/results/data/032h17a12d1r2b1_hook17_f2_1kev_grid_complete_source_bound_scan.csv
