032H17A3_DECISION=YELLOW_H17A3_TREE_LEVEL_DIRAC_HOOK_MAG_2PLUS_1PLUS_SCAFFOLDS_AND_NONREMOVABLE_ACTIVE_RESPONSE_SURVIVE__UNPROTECTED_SINGLE_STATE_REALIZATIONS_BLOCKED_PENDING_SYMMETRY_PROTECTION
NEXT=032H17A4_PROTECTED_MAG_STUECKELBERG_ACTION_ATLAS_DIRAC_SOURCE_PROJECTOR_AND_GAUGE_INVARIANT_METRIC_GATE
HOOK_2PLUS_TREE_LEVEL_ACTION_SCAFFOLD=True
HOOK_1PLUS_TREE_LEVEL_ACTION_SCAFFOLD=True
HOOK_2PLUS_HEALTHY_SURFACE_CODIMENSION=7
HOOK_1PLUS_HEALTHY_SURFACE_CODIMENSION=7
HOOK_2PLUS_PROTECTION_GATE_PASS=False
HOOK_1PLUS_PROTECTION_GATE_PASS=False
UNPROTECTED_2PLUS_1PLUS_PROMOTED=False
ACTIVE_OFFSTATE_METRIC_STRUCTURE_PRESERVED=True
ACTIVE_METRIC_SOURCE_FEEDBACK_NONZERO=True
LINEAR_RESPONSE_FIELD_REDEFINITION_INVARIANT=True
SAME_ACTION_PROVENANCE_COMPLETE=False
FULL_NOETHER_COMPLETION=False
TIER1_HOOK17_MECHANISM_CERTIFIED=False
H17B_AUTHORIZED=False
ENERGY_OPTIMIZATION_AUTHORIZED=False
HOOK17_REFERENCE_CAPACITY_RP1E12_J=17.067644219600
HOOK17_COMPLETE_ENERGY_J=UNKNOWN
PHYSICAL_ANTIGRAVITY_MODEL_FOUND=NO
CERTIFIED_SUB10MJ_MODEL_FOUND=NO
PRACTICAL_DEVICE_FOUND=NO
SUMMARY_JSON=/Users/mymac/Desktop/antigravity_research/results/data/032h17a3_hook17_same_action_naturalness_summary.json
ACTION_ATLAS_CSV=/Users/mymac/Desktop/antigravity_research/results/data/032h17a3_hook17_same_action_scaffold_atlas.csv
RG_ATLAS_CSV=/Users/mymac/Desktop/antigravity_research/results/data/032h17a3_hook17_protection_rg_atlas.csv
