032H17A2_DECISION=GREEN_H17A2_V24_SOURCE_COUPLES_NONTRIVIALLY_TO_HEALTHY_HOOK_2PLUS_AND_1PLUS_POLE_SOURCES__SAME_ACTION_STILL_REQUIRED
NEXT=032H17A3_EXPLICIT_SINGLE_ACTION_DIRAC_HOOK_MAG_2PLUS_1PLUS_NOETHER_UNIVERSAL_METRIC_AND_FIELD_REDEFINITION_GATE
HOOK_2PLUS_EXACT_POLE_SOURCE_NONZERO=True
HOOK_1PLUS_EXACT_POLE_SOURCE_NONZERO=True
HOOK_2PLUS_RAW_REST_SOURCE_NORM2=32.000000000000
HOOK_1PLUS_RAW_REST_SOURCE_NORM2=128.000000000000
HOOK_2PLUS_CANONICAL_IDENTITY_PASS=True
HOOK_1PLUS_CANONICAL_IDENTITY_PASS=True
HOOK_2PLUS_STATIC_GENERIC_SUPPORT_NONZERO=True
HOOK_1PLUS_STATIC_GENERIC_SUPPORT_NONZERO=True
HOOK_2PLUS_STATIC_ANGULAR_AVG_NORM2=53.333333333333
HOOK_1PLUS_STATIC_ANGULAR_AVG_NORM2=42.666666666667
SAME_ACTION_COMPLETE=False
EXPLICIT_SAME_ACTION_CONSTRUCTION_ATTEMPT_AUTHORIZED=True
H17B_AUTHORIZED=False
ENERGY_OPTIMIZATION_AUTHORIZED=False
HOOK17_REFERENCE_CAPACITY_RP1E12_J=17.067644219600
HOOK17_COMPLETE_ENERGY_J=UNKNOWN
PHYSICAL_ANTIGRAVITY_MODEL_FOUND=NO
CERTIFIED_SUB10MJ_MODEL_FOUND=NO
PRACTICAL_DEVICE_FOUND=NO
SUMMARY_JSON=/Users/mymac/Desktop/antigravity_research/results/data/032h17a2_hook17_exact_healthy_mag_projector_summary.json
PROJECTOR_CSV=/Users/mymac/Desktop/antigravity_research/results/data/032h17a2_hook17_exact_projector_atlas.csv
STATIC_CSV=/Users/mymac/Desktop/antigravity_research/results/data/032h17a2_hook17_static_fourier_source_atlas.csv
