A3_PROVENANCE_PASS=True
032H17A4_DECISION=YELLOW_H17A4_SYMMETRY_FIRST_TORSIONLIKE_VECTOR_FAMILIES_SURVIVE_AND_GAUGE_INVARIANT_STUECKELBERG_METRIC_WITNESS_EXISTS__PROTECTED_EXACT_V24_1PLUS_ACTION_PROJECTOR_STILL_REQUIRED
NEXT=032H17A5_EXACT_PROTECTED_TORSIONLIKE_1PLUS_ACTION_PROJECTOR_DIRAC_SOURCE_WARD_AND_VECTOR_GRAVITON_IDENTIFICATION_GATE
V24_HOOK_TO_TORSIONLIKE_MAP_GREEN=True
MAPPED_SOURCE_SIMPLE_VECTOR_TRACE_ZERO=True
MAPPED_SOURCE_AXIAL_PSEUDOTRACE_ZERO=True
MAPPED_SOURCE_CYCLIC_IDENTITY_ZERO=True
TRACE_ZERO_CLOSES_ALL_VECTOR_MODES=False
H17A2_1PLUS_SPATIAL_DUAL_VECTOR_NONZERO=True
H17A2_1PLUS_SPATIAL_DUAL_VECTOR_NORM2=64.000000000000
TORSIONLIKE_CATALOGUE_GAUGE_SYMMETRIC_SPECIALIZATIONS=206
TORSIONLIKE_CATALOGUE_UNITARY_SPECIALIZATIONS=22
TORSIONLIKE_CATALOGUE_VECTOR_ONLY_UNITARY_MODES=True
CATALOGUE_DIRECTLY_RESCUES_2PLUS=False
CATALOGUE_KEEPS_1PLUS_TARGET_OPEN=True
CATALOGUE_CLOSES_ALL_PROTECTED_2PLUS=False
STUECKELBERG_METRIC_GAUGE_INVARIANT=True
STUECKELBERG_METRIC_OFFSTATE_SILENT=True
STUECKELBERG_METRIC_ACTIVE_RESPONSE_NONZERO=True
PROTECTED_EXACT_SAME_ACTION_SURVIVORS=0
SAME_ACTION_PROVENANCE_COMPLETE=False
FULL_NOETHER_COMPLETION=False
H17B_AUTHORIZED=False
ENERGY_OPTIMIZATION_AUTHORIZED=False
SUB100J_EFFICIENCY_TUNING_AUTHORIZED=False
HOOK17_REFERENCE_CAPACITY_RP1E12_J=17.067644219600
HOOK17_COMPLETE_ENERGY_J=UNKNOWN
PHYSICAL_ANTIGRAVITY_MODEL_FOUND=NO
CERTIFIED_SUB10MJ_MODEL_FOUND=NO
PRACTICAL_DEVICE_FOUND=NO
SUMMARY_JSON=/Users/mymac/Desktop/antigravity_research/results/data/032h17a4_hook17_protected_torsionlike_summary.json
ATLAS_CSV=/Users/mymac/Desktop/antigravity_research/results/data/032h17a4_hook17_protected_family_atlas.csv
