BRANCH=032H17A12D1R2B
PORTAL_SCALE_EV=1000.0
PRIMARY_GRID_M=0.1
FULL_EXPANDED_BASIS_COUNT=76
REQUIRED_RESPONSE_FOR_2P656859J_M_S2_PER_J=3.69106884318958
BUILDING_EXPANDED_LOADED_RESPONSE=True
EXPANDED_RESPONSE_Z_MAX=18988.283771593688

ANALYZING_BASIS_COUNT=16
ENERGY_CONDITION_NUMBER=145818.42200155125
CONSTRUCTIVE_LOWER_BOUND_M_S2_PER_J=-4.624111568418646e-12
CONSTRUCTIVE_PREDICTED_CAPACITY_J=None
POINTWISE_UPPER_BOUND_M_S2_PER_J=5.146974509623588e-07
WEIGHTED_DUAL_UPPER_BOUND_M_S2_PER_J=7.735578706319162e-12
BEST_VALID_UPPER_BOUND_M_S2_PER_J=7.735578706319162e-12
CERTIFIED_CAPACITY_LOWER_BOUND_J=1267733206823.8137
A12C_2P656859J_RUled_OUT=True
SUB10J_RUled_OUT=True
SUB100J_RUled_OUT=True
SUB1KJ_RUled_OUT=True
SUB10KJ_RUled_OUT=True
BOTTLENECK_RHO_M=1.0277012541318356
BOTTLENECK_Z_M=3.018480910817912

ANALYZING_BASIS_COUNT=32
ENERGY_CONDITION_NUMBER=1497417.2257703282
CONSTRUCTIVE_LOWER_BOUND_M_S2_PER_J=9.811135551750334e-15
CONSTRUCTIVE_PREDICTED_CAPACITY_J=999542810133783.6
POINTWISE_UPPER_BOUND_M_S2_PER_J=8.794926378083836e-07
WEIGHTED_DUAL_UPPER_BOUND_M_S2_PER_J=1.8881094389896743e-10
BEST_VALID_UPPER_BOUND_M_S2_PER_J=1.8881094389896743e-10
CERTIFIED_CAPACITY_LOWER_BOUND_J=51938991445.57812
A12C_2P656859J_RUled_OUT=True
SUB10J_RUled_OUT=True
SUB100J_RUled_OUT=True
SUB1KJ_RUled_OUT=True
SUB10KJ_RUled_OUT=True
BOTTLENECK_RHO_M=1.0277012541318356
BOTTLENECK_Z_M=3.018480910817912

ANALYZING_BASIS_COUNT=52
ENERGY_CONDITION_NUMBER=224548429.43411812
CONSTRUCTIVE_LOWER_BOUND_M_S2_PER_J=-1.0189221953981121e-11
CONSTRUCTIVE_PREDICTED_CAPACITY_J=None
POINTWISE_UPPER_BOUND_M_S2_PER_J=1.0030838165178767e-06
WEIGHTED_DUAL_UPPER_BOUND_M_S2_PER_J=1.4018747151476618e-10
BEST_VALID_UPPER_BOUND_M_S2_PER_J=1.4018747151476618e-10
CERTIFIED_CAPACITY_LOWER_BOUND_J=69953826073.30247
A12C_2P656859J_RUled_OUT=True
SUB10J_RUled_OUT=True
SUB100J_RUled_OUT=True
SUB1KJ_RUled_OUT=True
SUB10KJ_RUled_OUT=True
BOTTLENECK_RHO_M=1.0277012541318356
BOTTLENECK_Z_M=3.018480910817912

ANALYZING_BASIS_COUNT=76
ENERGY_CONDITION_NUMBER=17068038679.425549
CONSTRUCTIVE_LOWER_BOUND_M_S2_PER_J=-1.4058528413650845e-10
CONSTRUCTIVE_PREDICTED_CAPACITY_J=None
POINTWISE_UPPER_BOUND_M_S2_PER_J=1.095810306038148e-06
WEIGHTED_DUAL_UPPER_BOUND_M_S2_PER_J=5.651874821817593e-09
BEST_VALID_UPPER_BOUND_M_S2_PER_J=5.651874821817593e-09
CERTIFIED_CAPACITY_LOWER_BOUND_J=1735114507.8698447
A12C_2P656859J_RUled_OUT=True
SUB10J_RUled_OUT=True
SUB100J_RUled_OUT=True
SUB1KJ_RUled_OUT=True
SUB10KJ_RUled_OUT=True
BOTTLENECK_RHO_M=1.0277012541318356
BOTTLENECK_Z_M=3.018480910817912

================================================================
R2B FINAL SCIENTIFIC RESULT
================================================================
DECISION=YELLOW_A12D1R2B_DUAL_UPPER_BOUND_STILL_LEAVES_FEW_JOULE_MATHEMATICAL_HEADROOM_IN_EXPANDED_SOURCE_SPACE__DO_NOT_PIVOT__IMPROVE_CONSTRUCTIVE_SOLVER_AND_SOURCE_BASIS
FULL_BASIS_CERTIFICATE_VALID=True
FULL_BASIS_CONSTRUCTIVE_LOWER_BOUND_M_S2_PER_J=-1.4058528413650845e-10
FULL_BASIS_CONSTRUCTIVE_PREDICTED_CAPACITY_J=None
FULL_BASIS_POINTWISE_UPPER_BOUND_M_S2_PER_J=1.095810306038148e-06
FULL_BASIS_WEIGHTED_DUAL_UPPER_BOUND_M_S2_PER_J=5.651874821817593e-09
FULL_BASIS_CERTIFIED_CAPACITY_LOWER_BOUND_J=1735114507.8698447
BOTTLENECK_PAYLOAD_RHO_M=1.0277012541318356
BOTTLENECK_PAYLOAD_Z_M=3.018480910817912
A12C_2P656859J_RULED_OUT_IN_TESTED_SPACE=True
SUB10J_RULED_OUT_IN_TESTED_SPACE=True
SUB100J_RULED_OUT_IN_TESTED_SPACE=True
SUB1KJ_RULED_OUT_IN_TESTED_SPACE=True
SUB10KJ_RULED_OUT_IN_TESTED_SPACE=True
BASIS_UPPER_BOUND_STABLE_52_TO_76=False
DIRECT_VALIDATION_PASS=False
DIRECT_FINEST_CAPACITY_J=None
CONTINUOUS_SOURCE_SPACE_EXHAUSTED=False
A12B_CARRIER_CLOSED=False
A12C_F2_MECHANISM_CLOSED=False
PHYSICAL_ANTIGRAVITY_MODEL_FOUND=False
CERTIFIED_SUB10MJ_MODEL_FOUND=False
HOOK17_CLOSED=False
NEXT=032H17A12D1R2C_FEW_JOULE_PRIMAL_GAP_CLOSURE
SUMMARY_PATH=/Users/mymac/Desktop/antigravity_research/results/data/032h17a12d1r2b_hook17_f2_1kev_source_upper_bound_summary.json
SCAN_PATH=/Users/mymac/Desktop/antigravity_research/results/data/032h17a12d1r2b_hook17_f2_1kev_source_upper_bound_scan.csv
COEFFICIENT_PATH=/Users/mymac/Desktop/antigravity_research/results/data/032h17a12d1r2b_hook17_f2_1kev_source_upper_bound_coefficients.csv
