BRANCH=032V19R2_LARGE_NF_AXIAL_DETERMINANT_RG_AND_VACUUM_GATE
G_P_EQUIVALENT=6.336210325483e-01
SINGLE_FLAVOR_LOOP=2.542374018831e-03
COLLECTIVE_LOOP=3.000001342221e-01
ONE_OVER_NF=8.474576271186e-03
INDUCED_FOUR_POINT_SCALING=7.627125468922e-04
Z_HARD_SCOUT=3.482254192299e+00
Z_DECLARED_CUTOFF_SCOUT=5.416572781507e+00
RESCALED_LOOP_AT_HARD=8.615113017469e-02
RESCALED_LOOP_AT_DECLARED_CUTOFF=5.538560014301e-02
C1_F2_INVARIANT_RELERR=2.526072074964e-16
VACUUM_LOG_SLOPE_RATIO=9.992060968344e-01
VACUUM_NONLINEAR_REMAINDER_EV4=-1.399060390604e+03
VACUUM_NONLINEAR_REMAINDER_J=-1.222013641147e+02
VACUUM_REMAINDER_CONVERGENCE=7.588566525894e-04
NATURAL_B4_LOOP_ENERGY_J=9.176728524873e+01
SOURCE_RADIUS_OVER_FERMION_COMPTON=3.645512538122e+06
JIANG_SPIN2_TEMPLATE_PURE_J0=False
FIXED_ORDER_RG_RED_PRESERVED=True
LARGE_NF_REORGANIZATION_AVAILABLE=True
BULK_NONLINEAR_VACUUM_CATASTROPHIC=False
COMPLETE_RENORMALIZED_VACUUM=False
OUTWARD_SIGN_UV_COMPLETION_PROVED=False
PHYSICAL_ANTIGRAVITY_MODEL_FOUND=False
CERTIFIED_SUB10MJ_MODEL_FOUND=False
DECISION=GREEN_LARGE_NF_AXIAL_REORGANIZATION_AVAILABLE_GREEN_NONCATASTROPHIC_BULK_VACUUM_SCOUT_RED_DIRECT_JIANG_SPIN2_TEMPLATE_FOR_PURE_J0_OUTWARD_SIGN_UV_COMPLETION_BOUNDARY_VACUUM_AND_FULL_RGE_OPEN
NEXT=032V19R3_OUTWARD_SIGN_UV_COMPLETION_AND_COMPANION_OPERATOR_FALSIFICATION_GATE
