032V26D_PROTECTED_CT1_DHOST_KMM_ACTION_GATE=COMPLETED
ONE_UNIVERSAL_PHYSICAL_METRIC=True
SECOND_PHYSICAL_METRIC_REQUIRED=False
ORDINARY_MATTER_SPECIAL_CHARGE_REQUIRED=False
DHOST_DEGENERACY_RELATION_EXPLICIT=True
A3_ZERO_NO_DECAY_IDENTITY=True
PUBLISHED_FRAME_INDEPENDENT_KMM_STRUCTURE=True
OFFSTATE_CLASSICAL_KMM_ZERO=True
ACTIVE_KMM_WITNESS_NONZERO=True
ACTIVE_OFFSTATE_SEPARATION_EFT_LEVEL=True
ACTIVE_SAMPLE_ALPHA_H=-9.523809523810e-02
ACTIVE_SAMPLE_BETA1=4.761904761905e-02
ACTIVE_SAMPLE_ALPHA_H_PLUS_2_BETA1=0.000000000000e+00
V21_CLOSED_ROUTE_REOPENED=False
V22_CLOSED_ROUTE_REOPENED=False
MICROSCOPIC_SOURCE_VERTEX_EXPLICIT=True
MICROSCOPIC_SOURCE_SOLUTION_FULL_DHOST=False
STATIC_SPACELIKE_SOURCE_METRIC_CROSS_RESPONSE=False
CANONICAL_STATIC_SPACELIKE_HEALTH=False
ANISOTROPIC_TENSOR_CONE_CT1=False
OFFSTATE_QUANTUM_DESCENDANTS_AUDITED=False
OUTWARD_SIGN_ESTABLISHED=False
ACTION_ORACLE_AUTHORIZED=False
ENERGY_OPTIMIZATION_AUTHORIZED=False
AGMINER_DATABASE_MUTATION_AUTHORIZED=False
V26E_PRINCIPAL_SYMBOL_CROSSPROP_GATE_AUTHORIZED=True
NEXT=032V26E_STATIC_SPACELIKE_PRINCIPAL_SYMBOL_CROSSPROP_AND_NUMERATOR_BOUND
SUMMARY=/Users/mymac/Desktop/antigravity_research/results/data/032v26d_protected_ct1_dhost_kmm_action_summary.json
IDENTITY_SCAN=/Users/mymac/Desktop/antigravity_research/results/data/032v26d_dhost_kmm_identity_scan.csv
PROVENANCE=/Users/mymac/Desktop/antigravity_research/results/agminer/032v26d_dhost_kmm_action_provenance.csv
