BRANCH=032V25_AGMINER_NONREMOVABLE_CROSSPROPAGATOR_GLOBAL_RERANK
STRICT_COMPLETE_OPERATING_ENERGY_LT_10MJ=True
HISTORICAL_V20_RANKING_PRESERVED=True
HISTORICAL_V20_MODULE_REWRITTEN=False
V24D_DIRAC_HOOK_SOURCE_PRESERVED=True
V24D_TESTED_PROTECTED_LINEAR_VECTOR_BRIDGES_CLOSED=True
NEW_TIER0_NONREMOVABLE_CROSSPROPAGATOR_REQUIRED=True
NEW_TIER0_SOURCE_WARD_COMPATIBILITY_REQUIRED=True
NEW_TIER0_ONE_UNIVERSAL_PHYSICAL_METRIC_REQUIRED=True
NEW_TIER0_CANONICAL_NORMALIZATION_REQUIRED=True
TOP_CURRENT_DESIGN_TARGET=INTRINSIC_SOURCE_ACTIVE_STATE_UNIVERSAL_METRIC_SYNTHESIS
SECOND_CURRENT_TARGET=ACTIVE_STATE_DEPENDENT_KINETIC_METRIC_DESCREENING
THIRD_CURRENT_TARGET=SHIFT_PROTECTED_GOLDSTONE_KINETIC_METRIC_WITH_R5_EVASION
TOP_TARGET_IS_PHYSICAL_MODEL=False
ACTION_ORACLE_AUTHORIZED=False
ACTION_ORACLE_CREATED=False
ENERGY_OPTIMIZATION_AUTHORIZED=False
BLIND_PARAMETER_SCAN_AUTHORIZED=False
V17_HISTORICAL_PARTIAL_J=5.941970000000e+04
DESIRED_FUTURE_EARLY_PARTIAL_MIN_J=1.000000000000e+05
DESIRED_FUTURE_EARLY_PARTIAL_MAX_J=1.000000000000e+06
DB_MODELS_BEFORE=101050
DB_MODELS_AFTER=101050
DB_REJECTIONS_BEFORE=95600
DB_REJECTIONS_AFTER=95600
DB_SURVIVORS_BEFORE=0
DB_SURVIVORS_AFTER=0
DB_REGION_RULES_BEFORE=18
DB_REGION_RULES_AFTER=18
DB_ACTION_ORACLES_BEFORE=8
DB_ACTION_ORACLES_AFTER=8
DB_COLLECTIVE_SCALING_BEFORE=2
DB_COLLECTIVE_SCALING_AFTER=2
DB_MECHANISM_METRICS_BEFORE=0
DB_MECHANISM_METRICS_AFTER=0
DB_SCIENCE_TABLES_MUTATED=False
DB_REGION_RULES_INSERTED=0
PHYSICAL_ANTIGRAVITY_MODEL_FOUND=False
CERTIFIED_SUB10MJ_MODEL_FOUND=False
DECISION=GREEN_032V25_AGMINER_GLOBAL_RERANK_UPDATED_TO_NONREMOVABLE_INTRINSIC_SOURCE_TO_UNIVERSAL_METRIC_GATE__NO_ACTION_ORACLE_PROMOTED__NO_BLIND_SCAN__A1_SYNTHESIS_TARGET_IS_INTRINSIC_SOURCE_PLUS_ACTIVE_STATE_UNIVERSAL_METRIC_PORTAL
NEXT=032V25A_EXPLICIT_SYMMETRY_PROTECTED_ACTIVE_STATE_NONREMOVABLE_PHYSICAL_METRIC_ACTION_EXISTENCE_GATE
