BRANCH=032V25E_NONLINEAR_KGB_SOURCE_CURRENT_GATE
STRICT_COMPLETE_OPERATING_ENERGY_LT_10MJ=True
V25D_CONSTANT_KX_CLOSURE_PRESERVED=True
EXACT_STATIC_SPHERICAL_G2_G3_SHIFT_CURRENT_USED=True
SOURCE_CURRENT_FORM=F_EQUALS_U_A_PLUS_2_U2_B_OVER_R
SOURCE_CHARGE_FORM=Q_EQUALS_4PI_R2_F
CURRENT_JACOBIAN_FORM=D_EQUALS_A_PLUS_U2_AS_PLUS_4UB_OVER_R_PLUS_2U3BS_OVER_R
MONOTONE_SOURCE_ALIGNED_NO_ANTISCREEN_THEOREM=True
MONOTONE_CURRENT_ELASTICITY_MIN_GE_1=True
NONMONOTONE_SOURCE_RESPONSE_ALGEBRAICALLY_POSSIBLE=True
PURE_K_ALPHA066_STATIC_JACOBIAN=1.000000000000e-02
PURE_K_ALPHA066_RESPONSE_GAIN=1.000000000000e+02
GAIN1000_REQUIRED_STATIC_RADIAL_JACOBIAN=1.000000000000e-03
GAIN1000_RADIAL_CANONICAL_SOURCE_COUPLING_RELATIVE=3.162277660168e+01
LARGE_RESPONSE_APPROACHES_STATIC_CURRENT_DEGENERACY=True
NONMONOTONE_KXX_CLOSED=False
NONMONOTONE_G3XX_CLOSED=False
METRIC_BRAIDING_NUMERATOR_ANALYZED=False
FULL_TENSOR_STABILITY_CERTIFIED=False
OBLATE_SOURCE_SOLUTION_SOLVED=False
FULL_SOURCE_RG_UV_CERTIFIED=False
OUTWARD_SIGN_ESTABLISHED=False
FINITE_PAYLOAD_RESPONSE_ESTABLISHED=False
SOURCE_CHARGE_PER_JOULE_ESTABLISHED=False
ENERGY_OPTIMIZATION_RUN=False
ACTION_ORACLE_AUTHORIZED=False
ACTION_ORACLE_CREATED=False
BLIND_PARAMETER_SCAN_AUTHORIZED=False
DB_REGION_RULES_INSERTED=1
DB_SCIENCE_TABLES_MUTATED=False
PHYSICAL_ANTIGRAVITY_MODEL_FOUND=False
CERTIFIED_SUB10MJ_MODEL_FOUND=False
DECISION=RED_PARTIAL_032V25E_STATIC_SPHERICAL_SOURCE_ALIGNED_MONOTONE_NONLINEAR_KX_G3X_CANNOT_ANTISCREEN_SHIFT_CURRENT__LARGE_SOURCE_RESPONSE_REQUIRES_SMALL_CURRENT_JACOBIAN__NONMONOTONE_KXX_G3XX_METRIC_NUMERATOR_REMAINS_OPEN
NEXT=032V25F_NONMONOTONE_KX_G3XX_FULL_TENSOR_METRIC_NUMERATOR_AND_BRANCH_STABILITY_GATE
