BRANCH=032V21_TIME_GRADIENT_DISFORMAL_SIGN_RESERVOIR_ENERGY_AND_OFFSTATE_QUANTUM_PREFLIGHT
OUTWARD_SIGN_EXISTS=True
CONSTANT_GAMMA_BRANCH_REOPENED=False
OLD_014_FINITE_PAYLOAD_SCAN_REOPENED=False
STATIONARY_LOCAL_Q_RESERVOIR_POSSIBLE=False
ANISOTROPIC_K_CASIMIR_CAP_EV_M4=4.637191718726e-21
K_CAP_GOLD_ZT=2.157241602114e+00
K_CAP_GOLD_ZS=1.192873600352e+00
HALF_CAP_REFERENCE_PRESSURE_PA=2.341492648924e-03
CRITICAL_ENERGY_DENSITY_J_M3=7.668947767822e-10
LOOSE_OMEGA_STIFF_CEILING=1.000000000000e-03
PUBLISHED_STIFF_OMEGA_CONTEXT=5.000000000000e-23
METRIC_MARGIN_AT_LOOSE_COSMOLOGY=-1.792406772382e+00
MINIMUM_Q2_FOR_INVERTIBILITY_EV4=2.053967061876e-13
MINIMUM_BACKGROUND_J_M3_FOR_INVERTIBILITY=2.141482168391e-12
MINIMUM_OMEGA_FOR_INVERTIBILITY=2.792406772382e-03
MINIMUM_OMEGA_OVER_LOOSE_CEILING=2.792406772382e+00
MINIMUM_OMEGA_FOR_CHI_LE_1=5.584813544764e-03
MINIMUM_OMEGA_FOR_CHI_LE_0P1=5.584813544764e-01
REFERENCE_LOCAL_GRADIENT_ENERGY_J=1.233147597437e+04
REFERENCE_REQUIRED_S2_EV4=1.882409929809e+04
REFERENCE_LAMBDA_EV=1.171328070869e+01
DB_MODELS_MUTATED=False
DB_REJECTIONS_MUTATED=False
DB_REGION_RULE_INSERTED=1
DB_ACTION_ORACLES_MUTATED=False
DB_MECHANISM_METRICS_MUTATED=False
CANONICAL_STATIONARY_LINEAR_GAMMA_SUBBRANCH_CLOSED=True
FULL_A1_TIME_GRADIENT_DISFORMAL_FAMILY_CLOSED=False
NONCANONICAL_BACKGROUND_REQUIRES_EXPLICIT_ACTION=True
BLIND_PARAMETER_SCAN_AUTHORIZED=False
AGMINER_ITSELF_PRESERVED=True
NEGATIVE_MASS_REQUIRED=False
PHYSICAL_ANTIGRAVITY_MODEL_FOUND=False
CERTIFIED_SUB10MJ_MODEL_FOUND=False
DECISION=GREEN_TIME_GRADIENT_LINEAR_X_DISFORMAL_OUTWARD_SIGN_GREEN_R5_DISTINCT_ANISOTROPIC_MATERIAL_RESPONSE_RED_CANONICAL_STATIONARY_GLOBAL_Q_BACKGROUND_BY_CASIMIR_PLUS_DISFORMAL_INVERTIBILITY_PLUS_LOOSE_STIFF_COSMOLOGY_A1_FULL_FAMILY_NOT_CLOSED_AGMINER_ADVANCE_TO_A2
NEXT=032V21B_PROPAGATING_NONMETRICITY_MATTER_PORTAL_SIGN_AND_SOURCE_EXISTENCE_PREFLIGHT
