=== 032V17 RESULT ===
ENERGY_POLICY_ID=ENERGY_ab8c16e45c837ffc
PUBLISHED_C1_J0_OPERATOR=YES
C1_POSITIVE_STATIC_OUTWARD_SIGN=YES
C1_LEADING_FORWARD_POSITIVITY_KILL=False
C1_ONELOOP_QED_GENERATES_C3=False
PURE_C1_UV_COMPLETION_PROVED=False
V16_OLD_SUPPORT_KJ=8.591716049459e+02
V16_CORRECTED_TRACE_SUPPORT_KJ=9.528803831089e+02
V16_CORRECTED_VACUUM_PARTIAL_MJ=4.356627675060e+00
SELECTED_LEADING_LOG_DELTAZ_PROXY=3.137595212707e+00
FIXED_ORDER_ONELOOP_CANONICALIZATION_CONTROL=RED
LEADING_LOG_IS_ENERGY_MULTIPLIER=False
EXACT_PAYLOAD_OPTIMUM_SCALE_KEV=2.420536827891e+01
EXACT_PAYLOAD_OPTIMUM_EPSILON=2.997471305778e+00
EXACT_PAYLOAD_Q2_FACTOR=3.973136696397e+00
EXACT_PAYLOAD_PARTIAL_KJ=5.941973794114e+01
PAYLOAD_SURFACE_MIN_M_S2=9.806650000000e+00
PAYLOAD_SURFACE_MAX_M_S2=1.605308604518e+02
PAYLOAD_SURFACE_NONUNIFORMITY=1.636959210860e+01
PAYLOAD_CM_VOLUME_AVERAGE_M_S2=4.253032318117e+01
PAYLOAD_CM_QUADRATURE_RELERR=8.353366288016e-16
MULTIPOLE_L16_L20_Q2_RELERR=2.771977254866e-08
SOURCE_CENTER_FEEDBACK_RATIO=6.854799845145e-03
SOURCE_SURFACE_MAX_FEEDBACK_RATIO=2.466646361565e-02
OPTIMAL_C1_EV_M4=1.456542715273e-18
OPTIMAL_JIANG_NDA_SCALE_KEV=1.020408636314e+02
DIRECT_CONTEXT_BOUND_TO_CANDIDATE_RATIO=6.865572767035e+07
OPTIMAL_F_PSI_EV=9.276410701031e+00
OPTIMAL_M_PSI_EV=8.532110869879e+00
OPTIMAL_MU_PSI_EV=2.276555538141e+01
OPTIMAL_SOURCE_CUTOFF_EV=1.165708148402e+02
OPTIMAL_SOURCE_HARD_MARGIN=5.120490710072e+00
EXACT_PAYLOAD_LOW_M_RESULT_IS_COMPLETE_ORACLE=False
RENORMALIZED_DIRAC_SEA_INCLUDED=False
RG_RESUMMED_CANONICAL_MATCHING_INCLUDED=False
PHYSICAL_ANTIGRAVITY_MODEL_FOUND=NO
CERTIFIED_SUB10MJ_MODEL_FOUND=NO
DECISION=GREEN_PUBLISHED_C1_OUTWARD_EFT_MATCH_GREEN_EXACT_FINITE_PAYLOAD_LOWM_PARTIAL_CORRIDOR_RED_FIXED_ORDER_AXIAL_CANONICALIZATION_CONTROL_UV_MATCHING_REQUIRED
NEXT=032V18_C1_UV_MATCHING_RG_AND_COMPLETE_SOURCE_SUPPORT_GATE
