=== 032V18 RESULT ===
ENERGY_POLICY_ID=ENERGY_ab8c16e45c837ffc
PUBLISHED_UNIVERSAL_KINETIC_CONFORMAL_METRIC=YES
JIANG_C1_ALONE_PROVES_UNIVERSAL_METRIC=False
PUBLISHED_FRAMEWORK_REPULSIVE_RESPONSE_EXISTS=YES
OUTWARD_SIGN_UNIVERSAL_UV_COMPLETION_PROVED=False
C1_F2_CANONICAL_RESCALING_INVARIANT=True
DELTAZ_IS_AUTOMATIC_ENERGY_MULTIPLIER=False
RG_MATCHED_LOW_ENERGY_EFT=OPEN
V17_OBLATE_MINIMAL_ISOTROPIC_BAG_COMPATIBLE=False
SPHERE_MINIMAL_ISOTROPIC_BAG_COMPATIBLE=True
NAIVE_SPHERE_REUSE_LOOP_PROXY=5.445028510496e-01
NAIVE_SPHERE_REUSE_LOOP030=RED
SPHERE_OPT_R_MASS_OVER_B=1.161848387031e+00
SPHERE_OPT_U_MU_OVER_B=9.133601683877e+00
SPHERE_LOOP_PROXY=3.000001342221e-01
SPHERE_NF=116
SPHERE_100KEV_PARTIAL_MJ=2.621675396311e+02
SPHERE_EXACT_OPTIMUM_SCALE_KEV=2.397129870009e+01
SPHERE_EXACT_OPTIMUM_EPSILON=3.116273445336e+00
SPHERE_EXACT_Q2_FACTOR=3.949789336690e+00
SPHERE_PARTIAL_MJ=3.419157492547e+00
SPHERE_FIELD_KJ=2.545593198538e+00
SPHERE_OCCUPIED_BAND_MJ=2.579779581097e+00
SPHERE_DEC_SUPPORT_FLOOR_MJ=8.368323182506e-01
SPHERE_REMAINING_TO_10MJ_MJ=6.580842507453e+00
SPHERE_SURFACE_MIN_M_S2=9.806650000000e+00
SPHERE_SURFACE_MAX_M_S2=9.438365530529e+02
SPHERE_SURFACE_NONUNIFORMITY=9.624454355493e+01
SPHERE_PAYLOAD_CM_M_S2=9.240180107288e+01
SPHERE_SOURCE_SURFACE_FEEDBACK=1.487360541721e-02
SPHERE_F_PSI_EV=2.251300501715e+01
SPHERE_M_PSI_EV=7.193579811579e+00
SPHERE_MU_PSI_EV=5.655065963300e+01
SPHERE_SOURCE_CUTOFF_EV=2.829067646884e+02
SPHERE_SOURCE_HARD_MARGIN=5.002713788388e+00
SPHERE_LEADING_LOG_DELTAZ_PROXY=4.406316116903e+00
SPHERE_FIXED_ORDER_CANONICALIZATION_CONTROL=RED
V17_OBLATE_PARTIAL_KJ=5.941973794114e+01
V17_OBLATE_PARTIAL_STILL_ALIVE=True
V17_OBLATE_SUPPORT_REALIZATION=OPEN_ANISOTROPIC
SPECIFIC_COLLIDER_CONTACT_BOUND_DIRECTLY_TRANSFERABLE=False
LOW_SCALE_UV_EMPIRICAL_CLOSURE=MANDATORY
PHYSICAL_BAG_SUPPORT_CONSTRUCTED=NO
PHYSICAL_ANTIGRAVITY_MODEL_FOUND=NO
CERTIFIED_SUB10MJ_MODEL_FOUND=NO
DECISION=GREEN_UNIVERSAL_KINETIC_CONFORMAL_METRIC_PROVENANCE_GREEN_SUPPORT_FRIENDLY_SPHERE_PARTIAL_LT10MJ_RED_FIXED_ORDER_RG_CONTROL_UV_EMPIRICAL_AND_BAG_REALIZATION_REQUIRED
NEXT=032V19_SPHERICAL_BAG_SUPPORT_UV_MATCHING_AND_EMPIRICAL_GATE
