BRANCH=032V25C_WBG_MULTISCALE_LOCAL_LINEAR_G3_GATE
STRICT_COMPLETE_OPERATING_ENERGY_LT_10MJ=True
V25B_MINIMAL_CUBIC_CLOSURE_PRESERVED=True
WBG_PARENT_SCALE_CORRIDOR_EXISTS=True
WBG_ZSOURCE_1_PARENT_LAMBDA3_EV=1.040622609492e-01
WBG_ZSOURCE_1_PARENT_LAMBDA3_OVER_K=5.093829378672e+04
WBG_ZSOURCE_1_LAMBDA2_EV=1.287047823581e+06
WBG_ZSOURCE_1_X=1.108876244678e-19
WBG_ORDER_ONE_G3_CANONICAL_GAIN_TIMES_MPL=5.544381223392e-20
WBG_A1E3_REQUIRED_ABS_G3X=1.803625976840e+16
WBG_A1E3_EFFECTIVE_LAMBDA3_EV=3.968055735560e-07
WBG_A1E3_LOCAL_SCALE_OVER_K=1.942354364115e-01
WBG_A1_LOCAL_SCALE_OVER_K=1.346754194978e-02
WBG_A1E3_MATCHES_V25B_RATIO_ERROR=2.775557561563e-17
WBG_PARENT_RESCALING_INVARIANT=True
LOCALLY_LINEAR_G3_PARENT_SCALE_RESCALING_RESCUE_CLOSED=True
GENERALIZED_NONLINEAR_G3_CLOSED=False
LARGE_HEALTHY_KX_CLOSED=False
FULL_WBG_G4_G5_CLOSED=False
ALTERNATIVE_HIDDEN_SOURCE_CLOSED=False
FULL_TENSOR_CROSSPROP_CERTIFIED=False
FULL_SOURCE_RG_UV_CERTIFIED=False
NEW_SELFCONSISTENT_SOURCE_SOLVED=False
OUTWARD_SIGN_ESTABLISHED=False
FINITE_PAYLOAD_RESPONSE_ESTABLISHED=False
SOURCE_CHARGE_PER_JOULE_ESTABLISHED=False
ENERGY_OPTIMIZATION_RUN=False
ACTION_ORACLE_AUTHORIZED=False
ACTION_ORACLE_CREATED=False
BLIND_PARAMETER_SCAN_AUTHORIZED=False
DB_REGION_RULES_INSERTED=1
DB_SCIENCE_TABLES_MUTATED=False
PHYSICAL_ANTIGRAVITY_MODEL_FOUND=False
CERTIFIED_SUB10MJ_MODEL_FOUND=False
DECISION=RED_PARTIAL_032V25C_WBG_PARENT_SCALE_RESCALING_WITH_LOCALLY_LINEAR_G3_DOES_NOT_EVADE_V25B_CANONICAL_SOURCE_SCALE_BOUND__GENUINELY_NONLINEAR_G3_KINETIC_ENHANCEMENT_AND_NEW_SOURCE_REMAIN_OPEN
NEXT=032V25D_GENERALIZED_KX_G3_KINETIC_ENHANCEMENT_SOURCE_REACTION_AND_CANONICAL_SCALE_GATE
