032V26C_PROTECTED_HOOK_SAME_ACTION_SYMMETRY_GATE=COMPLETED
V24_INTRINSIC_DIRAC_HOOK_SOURCE=PRESERVED
V26B1_QUADRATIC_ALGEBRAIC_NUMERATOR=PRESERVED
V26B1R1_QUANTUM_FORCE_PREFLIGHT=PRESERVED
ACTUAL_V24_SOURCE_PURE_HOOK=True
HOOK_SOURCE_SHIFT_VARIATION=-8.533333333333e+01
HOOK_SOURCE_SHIFT_VARIATION_NONZERO=True
MASSLESS_HOOK_SHIFT_DIRECT_SOURCE_WARD_COMPATIBLE=False
H2_METRIC_OFFSTATE_FIRST_VARIATION_ZERO=True
H2_METRIC_ACTIVE_G00=3.555555555556e+01
H2_METRIC_ACTIVE_SHIFT_G00=7.111111111111e+01
H2_METRIC_FULL_HOOK_SHIFT_COMPATIBLE=False
PROTECTED_MASSLESS_HOOK_H2_SAME_ACTION_SURVIVES=False
CURRENT_MAG_SAME_ACTION_SURVIVOR_COUNT=0
ALL_METRIC_AFFINE_GRAVITY_CLOSED=False
INTRINSIC_DIRAC_HYPERMOMENTUM_CLOSED=False
MAG_FRONTIER_STATUS=PARKED_PENDING_GENUINELY_NEW_SYMMETRY_COMPATIBLE_ACTION
EXPENSIVE_MAG_NOETHER_COMPLETION_AUTHORIZED=False
MAG_ENERGY_OPTIMIZATION_AUTHORIZED=False
ACTION_ORACLE_AUTHORIZED=False
AGMINER_DATABASE_MUTATION_AUTHORIZED=False
PROTECTED_CT1_DHOST_KMM_EXPLICIT_ACTION_GATE_AUTHORIZED=True
MAG_REOPEN_CONDITION=EXPLICIT_SAME_ACTION_NONLINEAR_GAUGE_DEFORMATION_OR_COMPENSATOR_WITH_DIRAC_SOURCE_PLUS_HEALTHY_MODE_PLUS_ONE_UNIVERSAL_METRIC_PLUS_NONREMOVABLE_RESPONSE
NEXT=032V26D_PROTECTED_CT1_DHOST_KMM_EXPLICIT_ACTION_AND_ACTIVE_NUMERATOR_GATE
SUMMARY=/Users/mymac/Desktop/antigravity_research/results/data/032v26c_protected_hook_same_action_symmetry_summary.json
ATLAS=/Users/mymac/Desktop/antigravity_research/results/agminer/032v26c_protected_hook_action_compatibility.csv
