=== 032V14 RESULT ===
ENERGY_POLICY_ID=ENERGY_ab8c16e45c837ffc
J0_OUTWARD_SIGN_FORWARD_POSITIVITY_KILL=False
OUTWARD_SIGN_UV_COMPLETION_PROVED=False
REGULAR_STATIC_NET_MONOPOLE_CLOSED=True
COMPACT_DERIVATIVE_SOURCE_NET_MONOPOLE=0.000000000000e+00
ZERO_NET_STATIC_DIPOLE_PREFIELD=GREEN
DIPOLE_100KEV_EXTERIOR_KJ=1.301240451255e+02
DIPOLE_HEADROOM_TO_10MJ_X=7.684974741107e+01
DIPOLE_EXACT_10MJ_SCALE_KEV=2.960810492236e+02
DIPOLE_EXACT_1MJ_SCALE_KEV=1.664986095842e+02
PAYLOAD_SURFACE_MIN_M_S2=9.806650000000e+00
PAYLOAD_SURFACE_MAX_M_S2=1.255251200000e+03
PAYLOAD_SURFACE_NONUNIFORMITY=1.280000000000e+02
PAYLOAD_CM_VOLUME_AVERAGE_M_S2=1.126955377713e+02
PAYLOAD_CM_QUADRATURE_RELERR=4.035185064818e-15
DIRECT_EMPIRICAL_KEV_SCALE_CONTEXT_NOT_AUTOMATIC_KILL=True
INDIRECT_ASTRO_COSMO_EMPIRICAL_CLOSURE=OPEN
PARTIAL_ORACLE_TRUSTED_FOR_REACHABILITY=False
PHYSICAL_ANTIGRAVITY_MODEL_FOUND=NO
CERTIFIED_SUB10MJ_MODEL_FOUND=NO
DECISION=GREEN_OUTWARD_J0_WILSON_SIGN_NOT_FORWARD_POSITIVITY_KILLED_RED_REGULAR_STATIC_NET_MONOPOLE_GREEN_ZERO_NET_DERIVATIVE_DIPOLE_PREFIELD
NEXT=032V15_ZERO_NET_SHIFT_DIPOLE_MICROSCOPIC_SOURCE_AND_MORPHOLOGY_GATE
