BRANCH=032V24D_NONREMOVABLE_VECTOR_METRIC_BRIDGE_GATE
STRICT_COMPLETE_OPERATING_ENERGY_LT_10MJ=True
ENERGY_EVALUATED_IN_V24D=False
DIRAC_HOOK_SOURCE_CLOSED=False
MARZO_EQ18_STUECKELBERG_SQUARE=True
MARZO_MAXWELL_GRADIENT_SHIFT_INVARIANT=True
MARZO_REDEFINED_VECTOR_GAUGE_INVARIANT=True
MARZO_CONSERVED_VECTOR_CURRENT_LINEAR_METRIC_SOURCE_ZERO=True
MARZO_NONCONSERVED_CURRENT_WARD_COMPENSATOR_PASS=True
MARZO_NONCONSERVED_CURRENT_COMPENSATOR_METRIC_SOURCE_ZERO=True
MARZO_NONREMOVABLE_LINEAR_VECTOR_METRIC_CROSS_SOURCE=False
MARZO_CUBIC_QUARTIC_COMPLETION_CLOSED=False
MARZO_FULL_MODEL_CLOSED=False
BMS_HEALTHY_TORSIONLIKE_VECTOR_MODES_EXIST=True
BMS_UNIVERSAL_IR_DYNAMICAL_METRIC_PRESENT=False
BMS_UNIVERSAL_IR_DIRECT_METRIC_BRIDGE=False
BMS_NONLINEAR_COMPLETION_CLOSED=False
NEW_TIER0_REQUIREMENT=NONREMOVABLE_SOURCE_TO_PHYSICAL_METRIC_CROSSPROPAGATOR
BLIND_PARAMETER_SCAN_AUTHORIZED=False
DB_MODELS_MUTATED=False
DB_REJECTIONS_MUTATED=False
DB_REGION_RULES_INSERTED=2
DB_ACTION_ORACLES_MUTATED=False
DB_MECHANISM_METRICS_MUTATED=False
PHYSICAL_ANTIGRAVITY_MODEL_FOUND=False
CERTIFIED_SUB10MJ_MODEL_FOUND=False
DECISION=RED_PARTIAL_032V24D_MARZO_2026_QUADRATIC_VECTOR_METRIC_PORTAL_IS_STUECKELBERG_REMOVABLE_AND_SOURCE_WARD_DIAGONALIZABLE__BMS_2025_UNIVERSAL_IR_TORSIONLIKE_VECTOR_HAS_NO_DYNAMICAL_METRIC_BRIDGE__DIRAC_HOOK_SOURCE_PRESERVED_BUT_TESTED_PROTECTED_VECTOR_LINEAR_BRIDGES_CLOSED
NEXT=032V25_AGMINER_GLOBAL_RERANK_FOR_NONREMOVABLE_INTRINSIC_SOURCE_TO_UNIVERSAL_METRIC_CROSS_PROPAGATOR
