BRANCH=032V24C_DIRAC_HOOK_VECTOR_BRIDGE_RERANK
STRICT_COMPLETE_OPERATING_ENERGY_LT_10MJ=True
ENERGY_EVALUATED_IN_V24C=False
REST_PAIR_TOTAL_SYMMETRIC_TRACE_ZERO=True
REST_PAIR_DIRECT_TRACE_CARRIER_OVERLAP_ZERO=True
REST_PAIR_PROTECTED_TS_SPIN1_DIRECT_SOURCE_CLOSED=True
GENERIC_DIRAC_TS_TRACE_CARRIER_NONZERO=True
GENERIC_DIRAC_TS_SPIN1_CLOSED=False
REST_PAIR_HOOK_SOURCE_NONZERO=True
HOOK_TO_TORSIONLIKE_PAIR_ANTISYMMETRIC=True
HOOK_TORSIONLIKE_REPRESENTATION_MAP_INVERTIBLE=True
PAIR_TORSIONLIKE_SOURCE_ADDS=True
PAIR_TORSIONLIKE_COMPONENT_NORM_OVER_SINGLE=2.000000000000e+00
HOOK_TORSIONLIKE_ACTION_MATCH_ESTABLISHED=False
MARZO_2026_QUADRATIC_VECTOR_GRAVITON_MIXING=True
MARZO_2026_MASSLESS_SPIN2=True
MARZO_2026_MASSIVE_SPIN1=True
MARZO_2026_UNITARY_OPEN_REGION_REPORTED=True
MARZO_2026_QUARTIC_NOETHER_TEST_PASSED=True
MARZO_2026_EXTERNAL_DIRAC_SOURCE_MATCH=False
MARZO_2026_VECTOR_EQUALS_DIRAC_HOOK_MODE=False
UNIVERSAL_PHYSICAL_METRIC_BRIDGE_ESTABLISHED=False
SOURCE_CHARGE_PER_JOULE_ESTABLISHED=False
BLIND_PARAMETER_SCAN_AUTHORIZED=False
DB_MODELS_MUTATED=False
DB_REJECTIONS_MUTATED=False
DB_REGION_RULES_INSERTED=1
DB_ACTION_ORACLES_MUTATED=False
PHYSICAL_ANTIGRAVITY_MODEL_FOUND=False
CERTIFIED_SUB10MJ_MODEL_FOUND=False
DECISION=GREEN_PARTIAL_032V24C_CLEAN_REST_PAIR_PROTECTED_TS_SPIN1_ZERO_TRACE_OVERLAP_CLOSED__DIRAC_HOOK_MAPS_EXACTLY_TO_TORSIONLIKE_CARRIER_AND_PAIR_SOURCE_ADDITION_SURVIVES__MARZO_2026_QUADRATIC_VECTOR_GRAVITON_MODEL_RERANKED_AS_BRIDGE_TEMPLATE__ACTION_MATCH_REQUIRED
NEXT=032V24D_DIRAC_HOOK_TORSIONLIKE_VECTOR_TO_QUADRATIC_GRAVITON_MIXING_ACTION_MATCH
