BRANCH=032V25F_KGB_METRIC_NUMERATOR_RADIAL_STABILITY_GATE
STRICT_COMPLETE_OPERATING_ENERGY_LT_10MJ=True
V25E_MONOTONE_CURRENT_CLOSURE_PRESERVED=True
KGB_CHARACTERISTIC_FACTORIZATION_USED=True
EXACT_METRIC_BRAIDING_NUMERATOR_ANALYZED=True
FULL_RADIAL_PRINCIPAL_BACKREACTION_ANALYZED=True
RADIAL_PRINCIPAL_IDENTITY=Z_R_EQUALS_D_PLUS_3_Q2_OVER_2
METRIC_NUMERATOR_IDENTITY=N_EQUALS_Q_OVER_2
SOURCE_ALIGNED_CANONICAL_BOUND=N2_OVER_ZR_LE_1_OVER_6
RADIAL_CANONICAL_BRAIDING_MAX=4.082482904639e-01
GAIN1000_NECESSARY_MAX_Z_RADIAL=1.666666666667e-07
GAIN1000_REQUIRED_RADIAL_COLLAPSE_FACTOR=6.000000000000e+06
SOURCE_ALIGNED_NONMONOTONE_FREE_METRIC_GAIN_CLOSED=True
SIGN_REVERSED_B_BRANCH_CLOSED=False
CANCELLATION_BRANCH_CLOSED=False
G4_G5_WBG_CLOSED=False
ALTERNATIVE_HIDDEN_SOURCE_CLOSED=False
OBLATE_NONLINEAR_SOURCE_CLOSED=False
FULL_FINITE_PAYLOAD_CROSSPROP_CERTIFIED=False
OUTWARD_SIGN_ESTABLISHED=False
FINITE_PAYLOAD_RESPONSE_ESTABLISHED=False
SOURCE_CHARGE_PER_JOULE_ESTABLISHED=False
ENERGY_OPTIMIZATION_RUN=False
ACTION_ORACLE_AUTHORIZED=False
ACTION_ORACLE_CREATED=False
BLIND_PARAMETER_SCAN_AUTHORIZED=False
DB_REGION_RULES_INSERTED=1
DB_SCIENCE_TABLES_MUTATED=False
GLOBAL_RERANK_RECOMMENDED=True
PHYSICAL_ANTIGRAVITY_MODEL_FOUND=False
CERTIFIED_SUB10MJ_MODEL_FOUND=False
DECISION=RED_PARTIAL_032V25F_SOURCE_ALIGNED_NONMONOTONE_G2_G3_CURRENT_JACOBIAN_TUNING_DOES_NOT_PRODUCE_UNBOUNDED_HEALTHY_METRIC_GAIN__FULL_RADIAL_BRAIDING_BACKREACTION_BOUNDS_CANONICAL_NUMERATOR__SIGN_REVERSED_G4_G5_AND_NEW_SOURCE_REMAIN_OPEN
NEXT=032V26_AGMINER_GLOBAL_RERANK_AFTER_KGB_G2_G3_SOURCE_ALIGNED_CORE_CLOSEOUT
