032V26B1R1_HOOK_QUADRATIC_QUANTUM_FORCE_GATE=COMPLETED
V26B1_ALGEBRAIC_DESIGN_WITNESS=PRESERVED
OFFSTATE_LINEAR_RESPONSE_ZERO=True
OFFSTATE_TWO_MEDIATOR_FORCE=PRESENT
TWO_MEDIATOR_POTENTIAL_POWER=R^-3
TWO_MEDIATOR_COEFFICIENT=5.039302255187e-04
HOYLE_2004_BETA3_68_ABS_LIMIT=2.800000000000e-03
DEVICE_RANGE_MASSLESS_AT_1MM_PREFLIGHT=True
NOMINAL_ACTIVE_METRIC_SCALE_TEV=1.010961536264e+00
NOMINAL_MIN_BACKGROUND_KEV=4.722688107329e+00
NOMINAL_DEVICE_RANGE_CAPACITY_ENERGY_J=1.706764421959e-05
PROJECTOR_1E12_CAPACITY_ENERGY_J=1.706764421959e+01
PROJECTOR_PENALTY_TO_HIT_10MJ=3.432834272661e+23
EMPIRICAL_INVERSE_CUBE_GATE_CLOSES_QUADRATIC_HOOK_PORTAL=False
EXPLICIT_ACTION_CONSTRUCTION_AUTHORIZED=True
ENERGY_OPTIMIZATION_AUTHORIZED=False
ACTION_ORACLE_AUTHORIZED=False
AGMINER_DATABASE_MUTATION_AUTHORIZED=False
NEXT=032V26C_EXPLICIT_SYMMETRY_COMPATIBLE_SAME_ACTION_HOOK_METRIC_CONSTRUCTION
SUMMARY=/Users/mymac/Desktop/antigravity_research/results/data/032v26b1r1_hook_quadratic_quantum_force_summary.json
SCAN=/Users/mymac/Desktop/antigravity_research/results/data/032v26b1r1_projector_penalty_capacity_scan.csv
