BRANCH=032V19R1_LOCAL_TRACTION_SHAPE_PAYLOAD_AND_RG_STRUCTURAL_GATE
REFERENCE_PARTICLE_NUMBER=3.770360353611e+23
LOCAL_TRACTION_L0_J=8.371717306770e+05
LOCAL_TRACTION_L2_J=1.697062132359e+03
RETUNED_NF=118
RETUNED_PARTICLE_SCALE=1.037892485019e+00
RETUNED_ASPECT=1.006089763422e+00
RETUNED_HARD_MARGIN=5.012483177335e+00
RETUNED_SURFACE_MIN=9.806649947062e+00
RETUNED_STATIC_PREFLIGHT_J=3.681919075351e+06
REMAINING_TO_10MJ_J=6.318080924649e+06
RADIAL_EQ_RADIUS_M=9.989266458114e-02
RADIAL_CURVATURE_J=9.892861824483e+06
RG_MIN_DELTA_AT_HARD=2.482254192299e+00
RG_DELTA_AT_DECLARED_CUTOFF=4.416572781507e+00
RG_FIXED_ORDER_WINDOW_EXISTS=False
PHYSICAL_ANTIGRAVITY_MODEL_FOUND=False
CERTIFIED_SUB10MJ_MODEL_FOUND=False
DECISION=GREEN_LOCAL_TRACTION_AND_NEARBY_SUPPORTED_1G_RETUNE_LT4MJ_RED_STRUCTURAL_FIXED_ORDER_RG_UV_MATCHING_MANDATORY
NEXT=032V19R2_RG_RESUMMED_UV_MATCHING_AND_RENORMALIZED_AXIAL_VACUUM_GATE
