=== 032V13 RESULT ===
ENERGY_POLICY_ID=ENERGY_ab8c16e45c837ffc
BV_LINEAR_STATIC_OUTWARD=False
ZGB_EXP_STATIC_OUTWARD=False
ZGB_GAUSS_STATIC_OUTWARD=False
OUTWARD_SIGN_TARGET_STATIC_OUTWARD=True
STATIC_POSITIVE_SHIFT_CURRENT_NO_SOURCE_THEOREM=True
PAYLOAD_SURFACE_MIN_OUTWARD_M_S2=9.806650000000e+00
PAYLOAD_SURFACE_MAX_OUTWARD_M_S2=3.138128000000e+02
PAYLOAD_SURFACE_NONUNIFORMITY_RATIO=3.200000000000e+01
PAYLOAD_CM_VOLUME_AVERAGE_M_S2=5.112069497092e+01
PAYLOAD_CM_QUADRATURE_RELERR_64_96=2.084897523882e-15
BARE_EXTERIOR_100KEV_KJ=7.319477538309e+01
BARE_EXTERIOR_SCALE_AT_10MJ_KEV=3.418849469424e+02
BARE_EXTERIOR_SCALE_AT_1MJ_KEV=1.922560341262e+02
BARE_EXTERIOR_ORACLE_IS_COMPLETE=False
PARTIAL_ORACLE_TRUSTED_FOR_REACHABILITY=False
PHYSICAL_ANTIGRAVITY_MODEL_FOUND=NO
CERTIFIED_SUB10MJ_MODEL_FOUND=NO
DECISION=RED_MINIMAL_REGULAR_STATIC_KINETIC_CONFORMAL_SOURCE_GREEN_OUTWARD_SIGN_TARGET_ONLY
NEXT=032V14_OUTWARD_WILSON_SIGN_AND_FINITE_SHIFT_CHARGE_SOURCE_PREFLIGHT
