BRANCH=032V25A_ACTIVE_STATE_KGB_ACTION_EXISTENCE_GATE
STRICT_COMPLETE_OPERATING_ENERGY_LT_10MJ=True
EXPLICIT_COVARIANT_ACTION_EXISTS=True
ACTION_FAMILY=SHIFT_SYMMETRIC_CUBIC_KGB_HIDDEN_AXIAL_ACTIVE_STATE
EXACT_CONSTANT_SHIFT_SYMMETRY=True
ONE_UNIVERSAL_PHYSICAL_METRIC=True
ORDINARY_MATTER_MINIMALLY_COUPLED=True
HIDDEN_AXIAL_DERIVATIVE_SOURCE_OPERATOR_EXISTS=True
NEW_KGB_STATIC_SOURCE_SOLUTION_EXISTS=False
TREE_ACTIVE_OFFSTATE_SEPARATION=True
R5_SAME_TREE_OPERATOR_PRESENT=False
ACTIVE_DEBRAIDED_MATTER_COUPLING_EXISTS=True
CROSS_RESPONSE_SURVIVES_DECLARED_FIELD_REDEFINITION=True
FULL_TENSOR_NONREMOVABLE_CROSSPROPAGATOR_CERTIFIED=False
MINIMAL_CUBIC_10X_GAIN_ZTIME=4.975124378109e-03
MINIMAL_CUBIC_1000X_GAIN_ZTIME=4.999997500001e-07
MINIMAL_CUBIC_LARGE_GAIN_APPROACHES_KINETIC_DEGENERACY=True
MINIMAL_CUBIC_PRACTICAL_NO_GO_ESTABLISHED=False
BULK_GALILEON_PROTECTION_CONTEXT=True
FULL_SOURCE_COUPLED_NATURALNESS_CERTIFIED=False
OUTWARD_SIGN_ESTABLISHED=False
FINITE_PAYLOAD_RESPONSE_ESTABLISHED=False
SOURCE_CHARGE_PER_JOULE_ESTABLISHED=False
ENERGY_OPTIMIZATION_RUN=False
ACTION_ORACLE_AUTHORIZED=False
ACTION_ORACLE_CREATED=False
BLIND_PARAMETER_SCAN_AUTHORIZED=False
DB_SCIENCE_TABLES_MUTATED=False
DB_REGION_RULES_INSERTED=0
PHYSICAL_ANTIGRAVITY_MODEL_FOUND=False
CERTIFIED_SUB10MJ_MODEL_FOUND=False
DECISION=GREEN_PARTIAL_EXPLICIT_ACTIVE_STATE_KGB_ACTION_EXISTS_WITH_SINGLE_UNIVERSAL_METRIC_AND_TREE_OFFSTATE_SEPARATION_BUT_FULL_TENSOR_CROSSPROP_SOURCE_RG_SIGN_AND_ENERGY_OPEN
NEXT=032V25B_GENERALIZED_KGB_CANONICAL_GAIN_STRONG_COUPLING_RG_UV_AND_HIDDEN_SOURCE_SELFCONSISTENCY_GATE
