032V26B1_SAME_ACTION_HOOK_METRIC_PREFLIGHT=COMPLETED
INTRINSIC_DIRAC_HOOK_SOURCE=PRESERVED
HOOK_ZERO_DERIVATIVE_LINEAR_METRIC_DESCENDANT=NO
HOOK_DERIVATIVE_LINEAR_DESCENDANTS_CLOSED=NO
HOOK_QUADRATIC_RANK2_METRIC_DESCENDANT=PRESENT
HOOK_QUADRATIC_ACTIVE_BACKGROUND_G00_NUMERATOR=PRESENT
OFFSTATE_LINEAR_HOOK_METRIC_RESPONSE_ZERO=True
NUMERATOR_REQUIRES_PRINCIPAL_MARGIN_COLLAPSE=False
ONE_G_0P1M_ABS_DELTA_G00=2.182273934440e-17
HOOK_METRIC_BASIS_A_G00=1.422222222222e+01
HOOK_METRIC_BASIS_B_G00=3.555555555556e+01
HOOK_METRIC_BASIS_C_G00=8.533333333333e+01
PUBLISHED_SAME_ACTION_SURVIVOR_COUNT=0
PUBLISHED_SAME_ACTION_V26B1_SURVIVOR=False
ALGEBRAIC_DESIGN_WITNESS=True
FULL_SYMMETRY_PROTECTED_ACTION_ESTABLISHED=False
HEALTHY_MODE_PROJECTION_AUTHORIZED=False
ACTION_ORACLE_AUTHORIZED=False
ENERGY_OPTIMIZATION_AUTHORIZED=False
AGMINER_DATABASE_MUTATION_AUTHORIZED=False
NEXT_PRIMARY=032V26C_EXPLICIT_SYMMETRY_COMPATIBLE_HOOK_METRIC_ACTION_CONSTRUCTION
FALLBACK_IF_SAME_ACTION_CANNOT_BE_CONSTRUCTED=RERANK_TO_PROTECTED_ACTIVE_ONLY_CT1_DHOST_KMM
SUMMARY=/Users/mymac/Desktop/antigravity_research/results/data/032v26b1_same_action_hook_metric_summary.json
TENSOR_ATLAS=/Users/mymac/Desktop/antigravity_research/results/data/032v26b1_hook_metric_tensor_atlas.csv
LOAD_SCAN=/Users/mymac/Desktop/antigravity_research/results/data/032v26b1_hook_metric_load_scan.csv
SAME_ACTION_COMPATIBILITY=/Users/mymac/Desktop/antigravity_research/results/agminer/032v26b1_same_action_compatibility.csv
