BRANCH=032V19R5_UNIVERSAL_TWO_SCALAR_QUANTUM_FORCE_AND_MATERIAL_CASIMIR_EMPIRICAL_GATE
TRACE_PAIR_COEFFICIENT=6.047162706225e-02
DBI_REFERENCE_COEFFICIENT=7.558953382781e-04
TRACE_TO_DBI_COEFFICIENT_RATIO=8.000000000000e+01
METRIC_SCALE_EV=2.397129870009e+04
GOLD_EPSILON=2.519309226869e+02
GOLD_Z=2.529309226869e+02
GOLD_INTERFACE_REFLECTION=9.921238422684e-01
INVALID_WEAK_BORN_GOLD_PRESSURE_PA=5.956365933380e+03
EXACT_HALFSPACE_SCALAR_PRESSURE_PA=3.992288949370e-01
ACTUAL_GOLD_FILMS_SCALAR_PRESSURE_PA=3.970236551154e-01
ONE_NM_EACH_SCALAR_PRESSURE_PA=1.102530371450e-01
DECCA_PREDICTED_TOTAL_WITH_SCALAR_PA=9.082836551154e-01
DECCA_MISMATCH_OVER_95PCT_HALFWIDTH=4.735519703754e+01
ONE_NM_OVER_95PCT_HALFWIDTH=1.312536156488e+01
LAB_Q_EV=9.866349020000e-01
LAB_Q_OVER_SOURCE_HARD=1.733221474786e-02
MAX_SOFT_MASS_FOR_0P2M_RANGE_EV=9.866349020000e-07
SOFT_MASS_MD_AT_200NM=1.000000000000e-06
PFA_D_OVER_R=1.321877065433e-03
CURRENT_PURE_J0_OPERATOR_EMPIRICALLY_VIABLE=False
GOLDSTONE_PURE_J0_PROMOTION_AUTHORIZED=False
Z2_LOOP_PURE_J0_PROMOTION_AUTHORIZED=False
COMPANION_OPERATOR_CANCELLATION_OPEN=True
NEGATIVE_MASS_REQUIRED=False
KINETIC_CONFORMAL_CLASS_CLOSED=False
PHYSICAL_ANTIGRAVITY_MODEL_FOUND=False
CERTIFIED_SUB10MJ_MODEL_FOUND=False
DECISION=RED_CURRENT_PURE_J0_KINETIC_CONFORMAL_OPERATOR_BY_OFFSTATE_TWO_SCALAR_CASIMIR_FORCE_GREEN_DBI_NORMALIZATION_CROSSCHECK_GREEN_NONPERTURBATIVE_MATTER_LOADING_RESUMMATION_RED_DECCA_200NM_BY_GT47X_95PCT_RESIDUAL_COMPANION_OPERATOR_CANCELLATION_OPEN_KINETIC_CONFORMAL_CLASS_NOT_YET_CLOSED
NEXT=032V19R6_COMPANION_OPERATOR_TWO_SCALAR_SPECTRAL_POSITIVITY_AND_CANCELLATION_NO_GO_GATE
