BRANCH=032V20_AGMINER_GLOBAL_CANDIDATE_FAMILY_RERANK
R6_EMPIRICAL_METRIC_MIN_KEV=1.234568841241e+02
R6_ENERGY_METRIC_MAX_KEV=1.229961824444e+02
R6_METRIC_GAP_EV=4.607016796765e+02
R6_METRIC_GAP_FRACTION=3.745658365330e-03
AGMINER_ITSELF_PRESERVED=True
AGMINER_CORE_ARCHITECTURE_REPLACED=False
DB_MODELS_BEFORE=101050
DB_MODELS_AFTER=101050
DB_REJECTIONS_BEFORE=95600
DB_REJECTIONS_AFTER=95600
DB_REGION_RULES_BEFORE=0
DB_REGION_RULES_INSERTED=7
DB_REGION_RULES_AFTER=7
DB_ACTION_ORACLES_MUTATED=False
DB_MECHANISM_METRICS_MUTATED=False
TOP_RERANKED_FAMILY=SHIFT_SYMMETRIC_TIME_GRADIENT_DISFORMAL_METRIC
SECOND_RERANKED_FAMILY=PROPAGATING_NONMETRICITY_HEALTHY_SINGLE_MODE
CURRENT_HIDDEN_AXIAL_PURE_J0_IMPLEMENTATION_CLOSED=True
ALL_POSSIBLE_KINETIC_CONFORMAL_THEORIES_CLOSED=False
BLIND_LARGE_SCAN_AUTHORIZED=False
NEGATIVE_MASS_REQUIRED=False
PHYSICAL_ANTIGRAVITY_MODEL_FOUND=False
CERTIFIED_SUB10MJ_MODEL_FOUND=False
DECISION=GREEN_AGMINER_PRESERVED_GREEN_R3_R6_FAILURE_MEMORY_INTEGRATED_RED_CURRENT_HIDDEN_AXIAL_PURE_J0_IMPLEMENTATION_PRESERVED_CLOSED_RERANK_A1_TIME_GRADIENT_DISFORMAL_A2_PROPAGATING_NONMETRICITY_NO_PHYSICAL_MODEL_FOUND
NEXT=032V21_TIME_GRADIENT_DISFORMAL_SIGN_RESERVOIR_ENERGY_AND_OFFSTATE_QUANTUM_PREFLIGHT
