BRANCH=032V19R6_COMPANION_OPERATOR_POSITIVITY_AND_EMPIRICAL_SCALE_GATE
CURRENT_STATIC_C_EV_M4=1.514271505069e-18
EMPIRICAL_STATIC_C_CAP_EV_M4=2.152329494815e-21
CURRENT_C_OVER_EMPIRICAL_CAP=7.035500413469e+02
EMPIRICAL_METRIC_MIN_KEV=1.234568841241e+02
EMPIRICAL_CAP_GOLD_EPSILON=3.580852929872e-01
POSITIVE_J2_NEVER_REDUCES_REFLECTION=True
J2_REFLECTION_REDUCTION_REQUIRES_C2_LT_0=True
JIANG_FORWARD_POSITIVITY_REQUIRES_C2_GE_0=True
V17_100KEV_EXACT_PARTIAL_J=4.386155960286e+06
V17_EMPIRICAL_BOUNDARY_PARTIAL_J=1.015022543933e+07
V17_EMPIRICAL_BOUNDARY_Q2_FACTOR=1.002914695563e+00
V17_EMPIRICAL_BOUNDARY_SURFACE_MIN=9.806650000000e+00
V17_STRICT_10MJ_METRIC_MAX_KEV=1.229961824444e+02
EMPIRICAL_MINUS_ENERGY_METRIC_GAP_EV=4.607016796765e+02
EMPIRICAL_MINUS_ENERGY_METRIC_GAP_FRACTION=3.745658365330e-03
V17_EMPIRICAL_ENERGY_OVERLAP_EXISTS=False
CURRENT_032_KINETIC_CONFORMAL_AXIAL_IMPLEMENTATION_CLOSED=True
ALL_POSSIBLE_KINETIC_CONFORMAL_THEORIES_CLOSED=False
AGMINER_ITSELF_PRESERVED=True
AGMINER_MODEL_FAMILY_RERANK_AUTHORIZED=True
NEGATIVE_MASS_REQUIRED=False
PHYSICAL_ANTIGRAVITY_MODEL_FOUND=False
CERTIFIED_SUB10MJ_MODEL_FOUND=False
DECISION=RED_CURRENT_032_KINETIC_CONFORMAL_AXIAL_IMPLEMENTATION_PURE_J0_CASIMIR_RED_POSITIVITY_COMPATIBLE_MATTER_J2_CANCELLATION_CLOSED_V17_EXACT_EMPIRICAL_ENERGY_CORRIDOR_EMPTY_AGMINER_MODEL_FAMILY_RERANK_AUTHORIZED
NEXT=032V20_AGMINER_GLOBAL_CANDIDATE_FAMILY_RERANK_WITH_V19R3_R4_R5_R6_FAILURE_MEMORY
