BRANCH=032V19R4_UV_COMPLETION_ATLAS_SCREENED_LOOP_GENERATED_AND_COLLECTIVE_J0_RERANK
TARGET_C1_EV_M4=1.514271505069e-18
SOURCE_X_INVENTORY_J_PER_EV_M4=3.264431118031e+07
UPDATED_LOOSE_NEUTRON_G2_ENVELOPE=1.000000000000e-14
CAUCHY_DX_MIN_EV_M4=3.715201134630e-01
CAUCHY_X_ENERGY_MIN_J=1.212801819363e+07
CAUCHY_BASE_PLUS_X_FLOOR_J=1.580993726898e+07
CAUCHY_X_OVER_REMAINING_BUDGET=1.919573101116e+00
R3_WEAKEST_G2_OVER_UPDATED_ENVELOPE=4.940856615977e+04
SAME_VERTEX_SCREENING_RETENTION_MAX=4.498822666545e-03
Z2_LOOP_EQUAL_PORTAL_SCALE_EV=6.762178515352e+03
Z2_LOOP_PORTAL_OVER_HARD=1.187911860343e+02
NARROW_BAND_LINEAR_SCALAR_TOWER_CURRENT_SOURCE_CLOSED=True
BROAD_SPECTRAL_LINEAR_SCALAR_TOWER_CLOSED=False
DENSITY_ONLY_SAME_VERTEX_SCREENING_RESCUE=False
ACTIVE_X_DESCREENING_OPEN=True
DIRECT_SHIFT_PROTECTED_GOLDSTONE_ROUTE_OPEN=True
Z2_LOOP_J0_SCAFFOLD_OPEN=True
NEGATIVE_MASS_REQUIRED=False
KINETIC_CONFORMAL_CLASS_CLOSED=False
PHYSICAL_ANTIGRAVITY_MODEL_FOUND=False
CERTIFIED_SUB10MJ_MODEL_FOUND=False
DECISION=RED_NARROW_BAND_LINEAR_SCALAR_TOWER_FOR_CURRENT_SOURCE_BY_CAUCHY_EMPIRICAL_ENERGY_BOUND_RED_DENSITY_ONLY_SAME_VERTEX_SCREENING_AS_DIRECT_RESCUE_YELLOW_Z2_LOOP_J0_MATCHING_SCAFFOLD_YELLOW_HIGHEST_PRIORITY_SHIFT_PROTECTED_GOLDSTONE_KINETIC_METRIC_UV_ORIGIN_KINETIC_CONFORMAL_CLASS_NOT_CLOSED
NEXT=032V19R5_SHIFT_PROTECTED_GOLDSTONE_UV_ORIGIN_AND_Z2_LOOP_MATCHING_SIGN_NATURALNESS_GATE
