BRANCH=032V23_DERIVATIVE_HYPERMOMENTUM_MULTIPOLE_FINITE_PAYLOAD_PREFLIGHT
DERIVATIVE_SOURCE_MONOPOLE_ZERO=True
DERIVATIVE_FIRST_MOMENT_FIXED=True
SOURCE_CHARGE_PER_JOULE_FREE_LEVER=False
GENEROUS_MASSIVE_YUKAWA_SIGN=REPULSIVE
PHYSICAL_METRIC_BRIDGE_ESTABLISHED=False
REFERENCE_RANGE_M=2.000000000000e-01
REFERENCE_ALPHA_REQUIRED_FINITE_PAYLOAD=2.130593419803e+20
REFERENCE_ALPHA_SHAPE_SCOUT_CEILING=5.068709076841e-02
REFERENCE_REQUIRED_OVER_SHAPE_SCOUT=4.203424160873e+21
REFERENCE_FINITE_PAYLOAD_PENALTY_OVER_NEAREST=1.467872187368e+01
REFERENCE_ADVERSE_SURFACE_DISTANCE_M=3.000000000000e-01
REFERENCE_SOURCE_ENERGY_FLOOR_J=4.203424160873e+28
REFERENCE_MAX_10MJ_ACCEL_AT_SHAPE_SCOUT=2.333014614914e-21
REFERENCE_TARGET_PORTAL_SCALE_MEV=4.824586236778e-01
REFERENCE_EMPIRICAL_PORTAL_SCALE_MIN_GEV=1.228459597432e+02
LEAST_BAD_RANGE_M=2.000000000000e+00
LEAST_BAD_REQUIRED_OVER_SHAPE_SCOUT=7.205287942364e+20
LEAST_BAD_SOURCE_ENERGY_FLOOR_J=7.205287942364e+27
ORDINARY_STRESS_DERIVATIVE_PRACTICAL_ROUTE_CLOSED=True
ALL_DERIVATIVE_TENSOR_STRUCTURES_CLOSED=False
INTRINSIC_HYPERMOMENTUM_CLOSED=False
DIRAC_HYPERMOMENTUM_CLOSED=False
FULL_METRIC_AFFINE_GRAVITY_CLOSED=False
WHEELER_2026_DIRAC_HYPERMOMENTUM_SOURCE_PROVENANCE=OPEN_NEXT
DB_MODELS_MUTATED=False
DB_REJECTIONS_MUTATED=False
DB_REGION_RULE_INSERTED=1
DB_ACTION_ORACLES_MUTATED=False
DB_MECHANISM_METRICS_MUTATED=False
AGMINER_ITSELF_PRESERVED=True
BLIND_PARAMETER_SCAN_AUTHORIZED=False
NEGATIVE_MASS_REQUIRED=False
PHYSICAL_ANTIGRAVITY_MODEL_FOUND=False
CERTIFIED_SUB10MJ_MODEL_FOUND=False
DECISION=RED_ORDINARY_STRESS_ONE_DERIVATIVE_MULTIPOLE_AS_PRACTICAL_UNIVERSAL_RECIPROCAL_YUKAWA_ROUTE_BY_FIXED_FIRST_MOMENT_FINITE_PAYLOAD_AND_INVERSE_SQUARE_SHAPE_GAP_GT7E20_INTRINSIC_DIRAC_HYPERMOMENTUM_FRONTIER_OPEN_FULL_MAG_NOT_CLOSED
NEXT=032V24_DIRAC_INTRINSIC_HYPERMOMENTUM_SOURCE_HEALTHY_PROPAGATING_NONMETRICITY_MODE_AND_UNIVERSAL_METRIC_BRIDGE_PREFLIGHT
