=== 032V16 RESULT ===
ENERGY_POLICY_ID=ENERGY_ab8c16e45c837ffc
DEMAG_Z=6.050030448888e-01
OLD_V15_EXACT_MU_EV=1.048971007816e+03
OLD_V15_EXACT_HARD_MARGIN=7.506653388531e-01
OLD_V15_EXACT_PARTIAL_GJ=2.208919185697e+01
OLD_V15_MINIMAL_SINGLE_FLAVOR_MEANFIELD=RED
NR_STONER_MAX_AT_PF_OVER_M_0P5_LOOP_0P5=6.050030448888e-01
NR_MIN_LOOP_FOR_STONER=8.264421216126e-01
CONTROLLED_NR_SPONTANEOUS_POLARIZATION=RED
FLAVOR_ENERGY_SHORTCUT=CLOSED
LOOP025_PARTIAL_MJ=1.010182799252e+01
LOOP030_PARTIAL_MJ=4.262918896897e+00
LOOP030_REMAINING_TO_10MJ_MJ=5.737081103103e+00
LOOP030_NF=14
LOOP030_F_PSI_EV=2.714469065165e+01
LOOP030_B_EV=2.032104381557e+01
LOOP030_M_PSI_EV=2.496671585947e+01
LOOP030_MU_EV=6.661670965827e+01
LOOP030_NDA_CUTOFF_EV=3.411102429407e+02
LOOP030_HARD_MARGIN=5.120490710072e+00
LOOP030_SUSCEPTIBILITY_GAIN=6.042149487287e-01
LOOP050_SUSCEPTIBILITY_HAT=-9.520144914324e-02
PAYLOAD_EPSILON_100KEV=1.028967868346e-02
PAYLOAD_TRANSMISSION_100KEV=9.965818310589e-01
PAYLOAD_SCOUT_OPTIMUM_SCALE_KEV=2.420026600128e+01
PAYLOAD_SCOUT_OPTIMUM_ENERGY_KJ=5.848542093695e+01
PAYLOAD_SCOUT_IS_ENERGY_ORACLE=False
RENORMALIZED_DIRAC_SEA_INCLUDED=False
SCALAR_LOOP_CANONICALIZATION_INCLUDED=False
PARTIAL_ORACLE_TRUSTED_FOR_REACHABILITY=False
PHYSICAL_ANTIGRAVITY_MODEL_FOUND=NO
CERTIFIED_SUB10MJ_MODEL_FOUND=NO
DECISION=RED_V15_MINIMAL_SINGLE_FLAVOR_MEANFIELD_RED_CONTROLLED_NR_SPONTANEOUS_POLARIZATION_GREEN_RELATIVISTIC_POSITIVE_BAND_LOOP030_PARTIAL_CORRIDOR_VACUUM_CANONICALIZATION_REQUIRED
NEXT=032V17_AXIAL_VACUUM_CANONICALIZATION_AND_PAYLOAD_BACKREACTION_GATE
