BRANCH=032V22_LOCALIZED_DISFORMAL_NATURALNESS_AND_FRONTIER_PROVENANCE_REPAIR
V20_A2_WAS_NEW_UNTESTED_FAMILY=False
V20_A2_MINIMAL_BRANCH_ALREADY_032T=True
V20_A2_LINEAR_STRESS_MONOPOLE_ALREADY_032U=True
DERIVATIVE_HYPERMOMENTUM_MULTIPOLE_OPEN=True
LOCALIZED_Q_HOLD_TIME_S=4.432990813274e-02
LOCALIZED_Q_WALL_FIELD_INVENTORY_J=6.645040476073e+03
LOCALIZED_Q_FIELD_SWING_RATE_W=1.498997123156e+05
FIELD_SWING_RATE_IS_DISSIPATED_POWER=False
AXIAL_B_FPSI_EV2=1.390407111025e+02
V21_REQUIRED_GRADIENT_EV2=1.372009449606e+02
AXIAL_TO_V21_SCALE_RELATIVE_DIFFERENCE=1.340928185612e-02
MICROSCOPIC_SOURCE_MATCH=False
OFFSTATE_CONSTANT_DISFORMAL_B_CAP_EV_M4=2.569183855500e-20
UNPROTECTED_SINGLE_SCALE_M_MIN_KEV=1.873651318379e+01
SINGLE_SCALE_OPTIMAL_K_EV_M4=2.076156903224e-25
SINGLE_SCALE_Q2_EV4=3.153336775416e+09
SINGLE_SCALE_REQUIRED_S2_EV4=2.102224481252e+08
SINGLE_SCALE_Q_PAYLOAD_ENERGY_J=1.377145897550e+08
SINGLE_SCALE_PSI_GRADIENT_ENERGY_J=1.377145874168e+08
SINGLE_SCALE_OPTIMISTIC_PARTIAL_FLOOR_J=2.754291771718e+08
SINGLE_SCALE_METRIC_OVER_HARD=1.556033707626e+02
MAX_CUTOFF_OVER_METRIC_FOR_LT10MJ=4.365133333590e-01
UNPROTECTED_SINGLE_SCALE_LOCALIZED_A1_CLOSED=True
FULL_LOCALIZED_TIME_GRADIENT_A1_CLOSED=False
V20_A2_RERUN_AUTHORIZED=False
DB_MODELS_MUTATED=False
DB_REJECTIONS_MUTATED=False
DB_REGION_RULES_INSERTED=2
DB_ACTION_ORACLES_MUTATED=False
DB_MECHANISM_METRICS_MUTATED=False
AGMINER_ITSELF_PRESERVED=True
BLIND_PARAMETER_SCAN_AUTHORIZED=False
NEGATIVE_MASS_REQUIRED=False
PHYSICAL_ANTIGRAVITY_MODEL_FOUND=False
CERTIFIED_SUB10MJ_MODEL_FOUND=False
DECISION=GREEN_LOCALIZED_Q_KINEMATICS_NOT_AUTOMATICALLY_FATAL_RED_UNPROTECTED_SINGLE_SCALE_LOCALIZED_A1_BY_RADIATIVE_DESCENT_PLUS_OPTIMISTIC_275MJ_PARTIAL_FLOOR_GREEN_V20_A2_PROVENANCE_REPAIR_ALREADY_032T_032U_FULL_LOCALIZED_A1_NOT_CLOSED_DERIVATIVE_HYPERMOMENTUM_MULTIPOLE_NEXT
NEXT=032V23_DERIVATIVE_HYPERMOMENTUM_MULTIPOLE_FINITE_PAYLOAD_KERNEL_SOURCE_ENERGY_AND_UNIVERSALITY_PREFLIGHT
