BRANCH=032V25B_KGB_STRONG_COUPLING_SOURCE_GATE
STRICT_COMPLETE_OPERATING_ENERGY_LT_10MJ=True
V25A_EXPLICIT_ACTION_PRESERVED=True
V16_HISTORICAL_SOURCE_IS_CURRENT_PHYSICAL_MODEL=False
V16_HISTORICAL_GRADIENT_EV2=5.516084480922e+02
V16_SOURCE_MOMENTUM_EV=2.042908256506e-06
V16_A1E3_LAMBDA_EFF_OVER_K=1.942354364115e-01
V16_ACTUAL_GRADIENT_MAX_CONTROLLED_A=7.328013583046e-06
V16_HARD_MARGIN_PROXY_MAX_CONTROLLED_A=7.875181868209e-05
V16_RELAXED_CUTOFF_MAX_CONTROLLED_A=2.064809831591e-03
V16_HARD_MARGIN_PROXY_MARGIN5_MAX_A=6.300145572707e-07
V16_RELAXED_CUTOFF_MARGIN5_MAX_A=1.651861949479e-05
UNCHANGED_V16_TO_MINIMAL_CUBIC_KGB_TRANSPLANT_CLOSED=True
GENERALIZED_KGB_CLOSED=False
WBG_MULTISCALE_KGB_CLOSED=False
ALTERNATIVE_HIDDEN_SOURCE_CLOSED=False
FULL_TENSOR_CROSSPROP_CERTIFIED=False
FULL_SOURCE_RG_UV_CERTIFIED=False
NEW_SELFCONSISTENT_KGB_HIDDEN_SOURCE_SOLVED=False
OUTWARD_SIGN_ESTABLISHED=False
FINITE_PAYLOAD_RESPONSE_ESTABLISHED=False
SOURCE_CHARGE_PER_JOULE_ESTABLISHED=False
ENERGY_OPTIMIZATION_RUN=False
ACTION_ORACLE_AUTHORIZED=False
ACTION_ORACLE_CREATED=False
BLIND_PARAMETER_SCAN_AUTHORIZED=False
DB_REGION_RULES_INSERTED=1
DB_SCIENCE_TABLES_MUTATED=False
PHYSICAL_ANTIGRAVITY_MODEL_FOUND=False
CERTIFIED_SUB10MJ_MODEL_FOUND=False
DECISION=RED_PARTIAL_032V25B_UNCHANGED_V16_HIDDEN_AXIAL_SOURCE_TO_MINIMAL_CUBIC_KGB_FAILS_LOCAL_CANONICAL_CUBIC_EFT_CONTROL_ON_SOURCE_VARIATION_SCALE__V25A_ACTION_AND_GENERALIZED_WBG_MULTISCALE_KGB_REMAIN_OPEN
NEXT=032V25C_GENERALIZED_WBG_KGB_MULTISCALE_ACTION_AND_SOURCE_SCALE_GATE
