BRANCH=032V24B_PROTECTED_DIRAC_METRIC_BRIDGE_GATE
STRICT_COMPLETE_OPERATING_ENERGY_LT_10MJ=True
REST_PAIR_SO3_SPIN1_SCREEN_ZERO=True
REST_PAIR_SO3_SPIN3_SCREEN_ZERO=True
SO3_SCREEN_IS_HARD_EXCLUSION=False
REST_PAIR_SPIN2_SCREEN_CARRIER_NONZERO=True
FRONSDAL_REST_PAIR_X_WARD_PASS=True
FRONSDAL_REST_PAIR_Y_WARD_PASS=False
FRONSDAL_REST_PAIR_Z_WARD_PASS=False
FRONSDAL_MAX_NORMALIZED_WARD_RESIDUAL=5.773502691896e-01
DIRECT_REST_PAIR_FRONSDAL_WITHOUT_COMPENSATOR_CLOSED=True
FRONSDAL_COMPENSATING_CURRENT_CLOSED=False
FULL_DIRAC_SOURCE_FAMILY_CLOSED=False
GENERIC_DIRAC_ALGEBRAIC_SPIN1_CARRIER_NONZERO=True
GENERIC_DIRAC_ALGEBRAIC_SPIN3_CARRIER_NONZERO=True
GENERIC_DIRAC_WITNESS_ONSHELL=False
BMS_FIRST_METRIC_DISTORTION_MIXING_DIMENSION=5
BMS_FIRST_METRIC_DISTORTION_MIXING_DERIVATIVE_ORDER=3
BMS_NATURAL_DIM5_MIXING_AT_10CM=8.103777429158e-34
BMS_WILSON_REQUIRED_FOR_1E3_MIXING=1.233992429755e+30
BMS_WILSON_REQUIRED_FOR_1E1_MIXING=1.233992429755e+32
BMS_MIXING_NATURALNESS_NO_GO_ESTABLISHED=False
EP_DIRAC_MOTIVATED_PROTECTION=True
EP_REDUCED_METRIC_FORM=EINSTEIN_PLUS_CANONICAL_PSEUDOSCALAR
EP_NEW_DIRECT_UNIVERSAL_PHYSICAL_METRIC_PORTAL_IDENTIFIED=False
STRESS_ONLY_10MJ_10CM_ACCEL_UPPER_BOUND_M_S2=2.970464107647e-18
STRESS_ONLY_TARGET_GAP=3.301386465082e+18
STRESS_ONLY_REQUIRED_ENERGY_J=3.301386465082e+25
EP_PSEUDOSCALAR_DECLARED_DIRECT_SUB10MJ_BRIDGE_CLOSED=True
ALL_EXTENDED_PROJECTIVE_MODELS_CLOSED=False
PROTECTED_SPIN1_ONSHELL_DIRAC_CLOSED=False
BROADER_HOOK_MIXED_MAG_CLOSED=False
BLIND_PARAMETER_SCAN_AUTHORIZED=False
DB_MODELS_MUTATED=False
DB_REJECTIONS_MUTATED=False
DB_REGION_RULES_INSERTED=2
DB_ACTION_ORACLES_MUTATED=False
DB_MECHANISM_METRICS_MUTATED=False
PHYSICAL_ANTIGRAVITY_MODEL_FOUND=False
CERTIFIED_SUB10MJ_MODEL_FOUND=False
DECISION=RED_PARTIAL_032V24B_DIRECT_REST_PAIR_FRONSDAL_SPIN3_REQUIRES_COMPENSATOR__EP_PSEUDOSCALAR_DIRECT_UNIVERSAL_BRIDGE_STRESS_ONLY_FAILS_SUB10MJ__PROTECTED_SPIN1_ONSHELL_DIRAC_AND_BROADER_MAG_REMAIN_OPEN
NEXT=032V24C_ONSHELL_DIRAC_PROTECTED_SPIN1_SOURCE_WARD_AND_UNIVERSAL_METRIC_BRIDGE_GATE
