BRANCH=032V24A_DIRAC_HYPERMOMENTUM_IRREP_PREFLIGHT
STRICT_COMPLETE_OPERATING_ENERGY_LT_10MJ=True
ENERGY_EVALUATED_IN_V24A=False
WHEELER_DIRAC_NONMETRICITY_SOURCE_RESPONSE_EXISTS=True
WHEELER_DIRAC_WEYL_DILATION_TRACE_OVERLAP=0
TOTALLY_SYMMETRIC_TRACEFREE_ALGEBRAIC_CARRIER=NONZERO
HOOK_SYMMETRIC_TRACEFREE_ALGEBRAIC_CARRIER=NONZERO
EXACT_PROPAGATING_SPIN_PROJECTOR_OVERLAP_ESTABLISHED=False
PAIR_TORSION_RESPONSE_CANCELS=True
PAIR_NONMETRICITY_RESPONSE_ADDS=True
REST_PAIR_NONMETRICITY_COMPONENT_NORM_OVER_SINGLE=2.000000000000e+00
REST_TOTAL_SYMMETRIC_COMPONENT_NORM_FRACTION=3.333333333333e-01
REST_HOOK_COMPONENT_NORM_FRACTION=6.666666666667e-01
COMPONENT_NORM_IS_LORENTZ_INVARIANT=False
DIRECT_STRUCTURELESS_CONNECTION_FORCE_IS_UNIVERSAL_BRIDGE=False
UNIVERSAL_METRIC_BACKREACTION_CLOSED=False
WEAK_MIXING_CROSS_POWER=1.000007281950e+00
WEAK_MIXING_VISIBLE_OFFSTATE_POWER=2.000007281950e+00
QUADRATIC_RECIPROCITY_IDENTITY=PASS
SOURCE_CHARGE_PER_JOULE_ESTABLISHED=False
PHYSICAL_METRIC_BRIDGE_ESTABLISHED=False
BLIND_PARAMETER_SCAN_AUTHORIZED=False
DB_MODELS_MUTATED=False
DB_REJECTIONS_MUTATED=False
DB_REGION_RULES_INSERTED=2
DB_ACTION_ORACLES_MUTATED=False
DB_MECHANISM_METRICS_MUTATED=False
PHYSICAL_ANTIGRAVITY_MODEL_FOUND=False
CERTIFIED_SUB10MJ_MODEL_FOUND=False
DECISION=GREEN_PARTIAL_032V24A_EXPLICIT_DIRAC_TRACEFREE_NONMETRICITY_CARRIERS_EXIST__WEYL_DILATION_ZERO__TORSION_CANCELLED_PAIR_SOURCE_WITNESS_EXISTS__DIRECT_STRUCTURELESS_CONNECTION_FORCE_NOT_UNIVERSAL__WEAK_MIXING_CROSS_LINEAR_OFFSTATE_QUADRATIC__EXACT_HEALTHY_PROJECTOR_AND_METRIC_BRIDGE_REQUIRED
NEXT=032V24B_EXACT_CANONICAL_HEALTHY_PROJECTOR_AND_UNIVERSAL_METRIC_BRIDGE_GATE
