BRANCH=032V25D_KX_SOURCE_REACTION_CANONICAL_GATE
STRICT_COMPLETE_OPERATING_ENERGY_LT_10MJ=True
V25C_LOCALLY_LINEAR_PARENT_RESCALING_CLOSURE_PRESERVED=True
LOCAL_CONSTANT_KX_THEOREM_ACTIVE=True
BASELINE_A1E3_CONTROL_RATIO=1.942354364115e-01
FIXED_SOURCE_KAPPA10_CONTROL_RATIO=9.015610327395e-02
FIXED_SOURCE_KAPPA1000_CONTROL_RATIO=1.942354364115e-02
FIXED_SOURCE_KAPPA1000_REQUIRED_G3_MULTIPLIER=3.162277660168e+07
LARGE_CONSTANT_KX_FIXED_SOURCE_RESCUE_CLOSED=True
FIXED_GRADIENT_UNIT_CONTROL_REQUIRED_KAPPA=1.364629020621e+02
FIXED_GRADIENT_UNIT_CONTROL_SOURCE_DRIVE_MULTIPLIER=1.364629020621e+02
FIXED_GRADIENT_MARGIN5_REQUIRED_KAPPA=1.705786275776e+04
FIXED_GRADIENT_MARGIN5_SOURCE_DRIVE_MULTIPLIER=1.705786275776e+04
SOURCE_DRIVE_MULTIPLIER_IS_ENERGY_MULTIPLIER=False
NONLINEAR_KXX_CLOSED=False
NONLINEAR_G3XX_CLOSED=False
FULL_WBG_G4_G5_CLOSED=False
ALTERNATIVE_HIDDEN_SOURCE_CLOSED=False
FULL_TENSOR_CROSSPROP_CERTIFIED=False
FULL_SOURCE_RG_UV_CERTIFIED=False
NEW_SELFCONSISTENT_SOURCE_SOLVED=False
OUTWARD_SIGN_ESTABLISHED=False
FINITE_PAYLOAD_RESPONSE_ESTABLISHED=False
SOURCE_CHARGE_PER_JOULE_ESTABLISHED=False
ENERGY_OPTIMIZATION_RUN=False
ACTION_ORACLE_AUTHORIZED=False
ACTION_ORACLE_CREATED=False
BLIND_PARAMETER_SCAN_AUTHORIZED=False
DB_REGION_RULES_INSERTED=1
DB_SCIENCE_TABLES_MUTATED=False
PHYSICAL_ANTIGRAVITY_MODEL_FOUND=False
CERTIFIED_SUB10MJ_MODEL_FOUND=False
DECISION=RED_PARTIAL_032V25D_LARGE_CONSTANT_KX_DOES_NOT_RESCUE_UNCHANGED_V16_SOURCE_WITH_LOCALLY_LINEAR_G3__FIXED_GRADIENT_CONTROL_IMPROVEMENT_REQUIRES_KAPPA_PROPORTIONAL_SOURCE_REACTION__NONLINEAR_KXX_G3XX_AND_NEW_SOURCE_REMAIN_OPEN
NEXT=032V25E_NONLINEAR_KX_G3_SOURCE_CURRENT_AND_CANONICAL_RESPONSE_GATE
