=== 032V15 RESULT ===
ENERGY_POLICY_ID=ENERGY_ab8c16e45c837ffc
SOURCE_ACTION=SHIFT_SYMMETRIC_HIDDEN_FERMION_AXIAL_CURRENT
OPTIMIZED_A_M=2.574008855586e-01
OPTIMIZED_C_M=9.659120999271e-02
Q=9.117449122815e-08
PAYLOAD_SURFACE_MIN_M_S2=9.806650000000e+00
PAYLOAD_SURFACE_MAX_M_S2=1.927954534681e+02
PAYLOAD_SURFACE_NONUNIFORMITY=1.965966496898e+01
PAYLOAD_CM_VOLUME_AVERAGE_M_S2=4.802030990175e+01
FIELD_TOTAL_KJ=1.405631672445e+02
HIDDEN_FERMION_MJ=7.318801104830e+00
LAUE_DEC_SUPPORT_FLOOR_MJ=8.926639762637e-01
PARTIAL_CONSERVATIVE_FLOOR_MJ=8.352028248338e+00
REMAINING_TO_10MJ_MJ=1.647971751662e+00
SOURCE_NDA_HARD_MARGIN=5.000000000000e+00
F_PSI_EV=6.266138419711e+01
P_F_EV=1.574852354059e+02
M_PSI_EV=1.574852354059e+02
N_HIDDEN_FERMIONS=2.301205561169e+23
GP_EQUIVALENT=5.026548245744e+00
LOOP_PROXY=1.600000000000e-01
ORDINARY_ELECTRON_REST_FLOOR_TJ=5.295058674548e+01
EXACT_10MJ_PARTIAL_SCALE_KEV=1.046048958408e+02
QUADRATURE_ENERGY_RELERR=3.244898857556e-14
PHYSICAL_ANTIGRAVITY_MODEL_FOUND=NO
CERTIFIED_SUB10MJ_MODEL_FOUND=NO
DECISION=GREEN_MICROSCOPIC_SOURCE_INVENTORY_CORRIDOR_NOT_PHYSICAL_MODEL_SUPPORT_CONFINEMENT_STABILITY_EMPIRICAL_OPEN
NEXT=032V16_HIDDEN_AXIAL_SOURCE_SELF_BINDING_SUPPORT_AND_MULTISOURCE_UNIFORMITY_GATE
