BRANCH=032V19R3_OUTWARD_SIGN_UV_COMPLETION_AND_COMPANION_OPERATOR_FALSIFICATION_GATE
TARGET_C1_EV_M4=1.514271505069e-18
HARD_SCALE_EV=5.692491792612e+01
BEST_CASE_FX_EV=4.529941036522e+00
BEST_CASE_FT_GEV=4.498822666545e+04
BEST_CASE_G2_GEV_M2=4.940856615977e-10
BEST_CASE_RANGE_NM=3.466442949572e+00
BEST_CASE_PAYLOAD_SIGMA_FIELD_J=7.050349159522e+03
OPTIMISTIC_MASS_CEILING_EV=3.114555313574e+02
OPTIMISTIC_MIN_RANGE_NM=6.335638976775e-01
WEAKEST_POINT_OVER_LOOSE_EMPIRICAL_ENVELOPE=4.940856615977e+02
ONE_NM_PREDICTED_OVER_EXACT_LIMIT=6.594217090118e+09
DECLARED_MEDIATOR_PAYLOAD_FIELD_J=4.450638861917e+06
DECLARED_MEDIATOR_SOURCE_X_FIELD_J=3.888444249864e-01
DECLARED_STATIC_PLUS_MEDIATOR_LOWER_BOUND_J=8.132558326112e+06
TREE_SPIN2_COMPANION=False
NEGATIVE_MASS_REQUIRED=False
RANK_ONE_COMPANION_IDENTITY=C1^2=4_DX_DT
ENTIRE_PRACTICAL_WINDOW_GRAPHICALLY_EXCLUDED=True
SINGLE_SCALAR_UV_TEMPLATE_REJECTED=True
KINETIC_CONFORMAL_CLASS_CLOSED=False
PHYSICAL_ANTIGRAVITY_MODEL_FOUND=False
CERTIFIED_SUB10MJ_MODEL_FOUND=False
DECISION=RED_WEAK_SINGLE_CANONICAL_LINEAR_UNIVERSAL_TRACE_SCALAR_UV_TEMPLATE_GREEN_TREE_J0_OUTWARD_MATCH_RED_RANKONE_COMPANIONS_RED_NANOMETER_OFFSTATE_FIFTH_FORCE_KINETIC_CONFORMAL_CLASS_NOT_CLOSED
NEXT=032V19R4_UV_COMPLETION_ATLAS_SCREENED_LOOP_GENERATED_AND_COLLECTIVE_J0_RERANK
