=== INT-01 — CERTIFIED FIXED-FIELD INFLUENCE TOMOGRAPHY ===

=== A — FAIL-CLOSED UPSTREAM AUDIT ===
023C2AQS_SOURCE_SHA256=e6d6131d7b26c1a140f1b214cec8f73d129d4288be4960cace124fc3a8250434
UPSTREAM_023C2AQS_SOURCE_AUDIT=PASS

=== B — ANALYTIC FORMULA VALIDATION ===
PRISM_VALIDATION_CASE_0_RELERR=1.690544831492376e-14
PRISM_VALIDATION_CASE_1_RELERR=1.849051454803849e-13
PRISM_VALIDATION_CASE_2_RELERR=8.740329467397351e-14
PRISM_VALIDATION_CASE_3_RELERR=1.121292515757142e-13
PRISM_VALIDATION_CASE_4_RELERR=1.807939345959305e-13
PRISM_VALIDATION_CASE_5_RELERR=8.327568845166656e-14
PRISM_VALIDATION_MAX_RELERR=1.849051454803849e-13
ANALYTIC_PRISM_VALIDATION=PASS
CAP_VALIDATION_D_OVER_R=0.000000 ANALYTIC=-3.948359325158377e-02 NUMERIC=-3.948359325158377e-02 ABSERR=0.000000000000000e+00
CAP_VALIDATION_D_OVER_R=0.170000 ANALYTIC=-2.385552363683412e-02 NUMERIC=-2.385552363683412e-02 ABSERR=0.000000000000000e+00
CAP_VALIDATION_D_OVER_R=0.410000 ANALYTIC=-9.217344687867352e-03 NUMERIC=-9.217344687867356e-03 ABSERR=3.469446951953614e-18
CAP_VALIDATION_D_OVER_R=0.730000 ANALYTIC=-9.662634203571871e-04 NUMERIC=-9.662634203571835e-04 ABSERR=3.577867169202165e-18
CAP_VALIDATION_D_OVER_R=0.930000 ANALYTIC=-1.774116295574834e-05 NUMERIC=-1.774116295573439e-05 ABSERR=1.394893857538382e-17
CAP_VALIDATION_MAX_ABSERR=1.394893857538382e-17
ANALYTIC_CAP_VALIDATION=PASS
ANALYTIC_PAYLOAD_KERNEL_VALIDATION=PASS

=== B — STRICT N65 FIELD AUDIT ===
N65_ARTIFACT_NORM_MAXERR=4.440892098500626e-16
N65_DISCRETE_ENERGY=1.761107266504671e+03
N65_DISCRETE_E2=1.678463415523839e+02
N65_DISCRETE_E4=1.250146168099872e+03
N65_DISCRETE_V=3.431147568524146e+02
N65_GRAD_RMS=1.357965394890431e-03
N65_GRAD_MAX=2.327594396679766e-02
N65_TOPOLOGY4=6.967481864276875e+00
N65_STRICT_STATIONARITY_AUDIT=PASS

=== C — PAYLOAD / QUADRATURE PARTITION ===
TOTAL_SOURCE_CELLS=262144
FAR_SOURCE_CELLS=262058
NEAR_SOURCE_CELLS=86
PAYLOAD_CENTER=3.870161274564900e-01
PAYLOAD_RADIUS=1.675735743205162e-02
PAYLOAD_RADIUS_OVER_DX=1.672581089976888e-01
PAYLOAD_DIRECTION=-4.543501844637980e-01,1.878880658050992e-02,8.906249999999961e-01
CONSTANT_SOURCE_ANALYTIC_PRISM_RADIAL=-1.622167182034815e+00
CONSTANT_SOURCE_CONTINUOUS_CUBATURE_RADIAL=-1.622159409746195e+00
CONSTANT_SOURCE_CUBATURE_RELERR=4.791299384003290e-06
CONSTANT_SOURCE_CUBATURE_VALIDATION=PASS

=== D — BUILD INDEPENDENT CONTINUOUS FIELDS ===
CUBIC_INTERPOLATOR=READY
QUINTIC_INTERPOLATOR=READY

=== E — CUBIC INDEPENDENT TOMOGRAPHY ===
CUBIC_FAR_Q4_PROGRESS=1875/262058 PERCENT=0
CUBIC_FAR_Q4_PROGRESS=26250/262058 PERCENT=10
CUBIC_FAR_Q4_PROGRESS=52500/262058 PERCENT=20
CUBIC_FAR_Q4_PROGRESS=78750/262058 PERCENT=30
CUBIC_FAR_Q4_PROGRESS=105000/262058 PERCENT=40
CUBIC_FAR_Q4_PROGRESS=131250/262058 PERCENT=50
CUBIC_FAR_Q4_PROGRESS=157500/262058 PERCENT=60
CUBIC_FAR_Q4_PROGRESS=183750/262058 PERCENT=70
CUBIC_FAR_Q4_PROGRESS=210000/262058 PERCENT=80
CUBIC_FAR_Q4_PROGRESS=236250/262058 PERCENT=90
CUBIC_FAR_Q4_PROGRESS=262058/262058 PERCENT=100
CUBIC_NEAR_FINE_PROGRESS=1/86 PERCENT=1
CUBIC_NEAR_FINE_PROGRESS=9/86 PERCENT=10
CUBIC_NEAR_FINE_PROGRESS=18/86 PERCENT=20
CUBIC_NEAR_FINE_PROGRESS=26/86 PERCENT=30
CUBIC_NEAR_FINE_PROGRESS=35/86 PERCENT=40
CUBIC_NEAR_FINE_PROGRESS=43/86 PERCENT=50
CUBIC_NEAR_FINE_PROGRESS=52/86 PERCENT=60
CUBIC_NEAR_FINE_PROGRESS=61/86 PERCENT=70
CUBIC_NEAR_FINE_PROGRESS=69/86 PERCENT=80
CUBIC_NEAR_FINE_PROGRESS=78/86 PERCENT=90
CUBIC_NEAR_FINE_PROGRESS=86/86 PERCENT=100

=== CUBIC INTROSPECTIVE METRICS ===
CUBIC_ATTRIBUTION_FORCE=8.978233569672511e-02
CUBIC_REFERENCE_FORCE=8.978233569672511e-02
CUBIC_ATTRIBUTION_CLOSURE_ABS=0.000000000000000e+00
CUBIC_ATTRIBUTION_CLOSURE_OVER_L1=0.000000000000000e+00
CUBIC_ATTRIBUTION_CLOSED=YES
CUBIC_A_PLUS=1.027412871955958e+03
CUBIC_A_MINUS=1.027323089620261e+03
CUBIC_A_NET=8.978233569672511e-02
CUBIC_CANCELLATION_FACTOR=2.288574857883952e+04
CUBIC_TOTAL_ENERGY=1.788982002028731e+03
CUBIC_E2_FRACTION=9.442163979015845e-02
CUBIC_E4_FRACTION=7.137859483404861e-01
CUBIC_V_FRACTION=1.917924118693554e-01
CUBIC_E4_DIRECT_FORCE=-2.499454729630104e+02
CUBIC_V_DIRECT_FORCE=2.500352552987071e+02
CUBIC_TERM_RECONSTRUCTION_ERROR=8.526512829121202e-14
CUBIC_F25=1.064889773263508e-02
CUBIC_F50=3.665780831985228e-02
CUBIC_F75=8.521261919139651e-02
CUBIC_F90=1.413896434905050e-01
CUBIC_F99=2.367693057686238e-01
CUBIC_ENERGY_PARTICIPATION=5.707556616810652e-02
CUBIC_TOP_1PCT_ENERGY_OUTWARD_SHARE=2.442758559436779e-01
CUBIC_TOP_5PCT_ENERGY_OUTWARD_SHARE=5.870862989261914e-01
CUBIC_TOP_10PCT_ENERGY_OUTWARD_SHARE=7.994224272010864e-01
CUBIC_TOP_25PCT_ENERGY_OUTWARD_SHARE=9.935316895365635e-01
CUBIC_OUTWARD_RADIUS_50=6.850293172347725e-01
CUBIC_OUTWARD_RADIUS_90=9.223339700879284e-01
CUBIC_PAYLOAD_DISTANCE_50=4.205547662664494e-01
CUBIC_PAYLOAD_DISTANCE_90=6.605647635534135e-01
CUBIC_INFLUENCE_CENTROID=-2.356026768073927e-01,1.266955600336496e-02,4.829233707740879e-01
CUBIC_INFLUENCE_PRINCIPAL_VARIANCES=6.788990546676824e-02,6.766913688179241e-02,6.273236587918953e-02
CUBIC_POTENTIAL_DOMINATED_ENERGY_FRACTION=4.989605427867634e-02
CUBIC_POTENTIAL_DOMINATED_OUTWARD_SHARE=1.933940709784082e-01
CUBIC_E4_DOMINATED_OUTWARD_SHARE=8.066059290215918e-01
CUBIC_TOP50_OUTWARD_ABS_BARYON_SHARE=3.156567245158489e-02
CUBIC_SPEARMAN_LEVERAGE_RADIUS=-1.515605811580013e-01
CUBIC_SPEARMAN_LEVERAGE_PAYLOAD_DISTANCE=2.019167557455973e-01
CUBIC_SPEARMAN_LEVERAGE_E2_FRACTION=3.096594209535588e-02
CUBIC_SPEARMAN_LEVERAGE_E4_FRACTION=1.482914472573382e-01
CUBIC_SPEARMAN_LEVERAGE_V_FRACTION=-1.416331722257090e-02
CUBIC_SPEARMAN_LEVERAGE_ABS_BARYON_DENSITY=1.495257358634559e-01
CUBIC_SPEARMAN_LEVERAGE_ACTIVE_CELL=-1.996533530428736e-01
CUBIC_RADIALIZED_FORCE=1.316520733524049e+02
CUBIC_RADIALIZED_FORCE_MINUS_DIRECT_OVER_L1=6.402880636584794e-02
CUBIC_ANGULAR_SHUFFLE_FORCE_MEDIAN=1.343564273189943e+02
CUBIC_ANGULAR_SHUFFLE_FORCE_P05=8.030617717647695e+01
CUBIC_ANGULAR_SHUFFLE_FORCE_P95=1.797887628556522e+02
CUBIC_SIGN_PRESERVING_SHUFFLE_FORCE_MEDIAN=6.288989055964700e+01
CUBIC_SIGN_PRESERVING_SHUFFLE_FORCE_P05=3.854707044519666e+01
CUBIC_SIGN_PRESERVING_SHUFFLE_FORCE_P95=9.789648106735022e+01
CUBIC_ETA_OP=7.516974102957053e-06
CUBIC_ETA_GROSS_OUTWARD=8.601954818401292e-02
CUBIC_ENERGY_FLOOR_DENSITY=7.093884413030260e-10
CUBIC_FLOOR_EXCLUDED_ENERGY_FRACTION=3.152230288616392e-12
CUBIC_FLOOR_EXCLUDED_OUTWARD_FRACTION=1.377095215186367e-13
CUBIC_CONCENTRATION_CLASS=VERY_STRONG_CONCENTRATION

=== E — QUINTIC INDEPENDENT TOMOGRAPHY ===
QUINTIC_FAR_Q4_PROGRESS=1875/262058 PERCENT=0
QUINTIC_FAR_Q4_PROGRESS=26250/262058 PERCENT=10
QUINTIC_FAR_Q4_PROGRESS=52500/262058 PERCENT=20
QUINTIC_FAR_Q4_PROGRESS=78750/262058 PERCENT=30
QUINTIC_FAR_Q4_PROGRESS=105000/262058 PERCENT=40
QUINTIC_FAR_Q4_PROGRESS=131250/262058 PERCENT=50
QUINTIC_FAR_Q4_PROGRESS=157500/262058 PERCENT=60
QUINTIC_FAR_Q4_PROGRESS=183750/262058 PERCENT=70
QUINTIC_FAR_Q4_PROGRESS=210000/262058 PERCENT=80
QUINTIC_FAR_Q4_PROGRESS=236250/262058 PERCENT=90
QUINTIC_FAR_Q4_PROGRESS=262058/262058 PERCENT=100
QUINTIC_NEAR_FINE_PROGRESS=1/86 PERCENT=1
QUINTIC_NEAR_FINE_PROGRESS=9/86 PERCENT=10
QUINTIC_NEAR_FINE_PROGRESS=18/86 PERCENT=20
QUINTIC_NEAR_FINE_PROGRESS=26/86 PERCENT=30
QUINTIC_NEAR_FINE_PROGRESS=35/86 PERCENT=40
QUINTIC_NEAR_FINE_PROGRESS=43/86 PERCENT=50
QUINTIC_NEAR_FINE_PROGRESS=52/86 PERCENT=60
QUINTIC_NEAR_FINE_PROGRESS=61/86 PERCENT=70
QUINTIC_NEAR_FINE_PROGRESS=69/86 PERCENT=80
QUINTIC_NEAR_FINE_PROGRESS=78/86 PERCENT=90
QUINTIC_NEAR_FINE_PROGRESS=86/86 PERCENT=100

=== QUINTIC INTROSPECTIVE METRICS ===
QUINTIC_ATTRIBUTION_FORCE=2.887313371821847e-01
QUINTIC_REFERENCE_FORCE=2.887313371821563e-01
QUINTIC_ATTRIBUTION_CLOSURE_ABS=2.836619827917275e-14
QUINTIC_ATTRIBUTION_CLOSURE_OVER_L1=1.380927985100375e-17
QUINTIC_ATTRIBUTION_CLOSED=YES
QUINTIC_A_PLUS=1.027214516510342e+03
QUINTIC_A_MINUS=1.026925785173160e+03
QUINTIC_A_NET=2.887313371821847e-01
QUINTIC_CANCELLATION_FACTOR=7.114365630452415e+03
QUINTIC_TOTAL_ENERGY=1.788953312118386e+03
QUINTIC_E2_FRACTION=9.443328332133691e-02
QUINTIC_E4_FRACTION=7.137703583724406e-01
QUINTIC_V_FRACTION=1.917963583062224e-01
QUINTIC_E4_DIRECT_FORCE=-2.497473245718556e+02
QUINTIC_V_DIRECT_FORCE=2.500360559090379e+02
QUINTIC_TERM_RECONSTRUCTION_ERROR=8.526512829121202e-14
QUINTIC_F25=1.064951689219928e-02
QUINTIC_F50=3.665669893491326e-02
QUINTIC_F75=8.521050287981548e-02
QUINTIC_F90=1.413916942751146e-01
QUINTIC_F99=2.366223662078760e-01
QUINTIC_ENERGY_PARTICIPATION=5.715898210581872e-02
QUINTIC_TOP_1PCT_ENERGY_OUTWARD_SHARE=2.442743050549891e-01
QUINTIC_TOP_5PCT_ENERGY_OUTWARD_SHARE=5.871786245032864e-01
QUINTIC_TOP_10PCT_ENERGY_OUTWARD_SHARE=7.995061967143960e-01
QUINTIC_TOP_25PCT_ENERGY_OUTWARD_SHARE=9.935575077052639e-01
QUINTIC_OUTWARD_RADIUS_50=6.850293172347725e-01
QUINTIC_OUTWARD_RADIUS_90=9.223339700879284e-01
QUINTIC_PAYLOAD_DISTANCE_50=4.205547662664494e-01
QUINTIC_PAYLOAD_DISTANCE_90=6.605647635534135e-01
QUINTIC_INFLUENCE_CENTROID=-2.356705229634385e-01,1.267044781755182e-02,4.830402713685528e-01
QUINTIC_INFLUENCE_PRINCIPAL_VARIANCES=6.786731251588070e-02,6.765760354896828e-02,6.268902093692529e-02
QUINTIC_POTENTIAL_DOMINATED_ENERGY_FRACTION=4.993479584850598e-02
QUINTIC_POTENTIAL_DOMINATED_OUTWARD_SHARE=1.932505003735673e-01
QUINTIC_E4_DOMINATED_OUTWARD_SHARE=8.067494996264327e-01
QUINTIC_TOP50_OUTWARD_ABS_BARYON_SHARE=3.155597005639493e-02
QUINTIC_SPEARMAN_LEVERAGE_RADIUS=-1.515172066535040e-01
QUINTIC_SPEARMAN_LEVERAGE_PAYLOAD_DISTANCE=2.019649313745589e-01
QUINTIC_SPEARMAN_LEVERAGE_E2_FRACTION=3.096088033792635e-02
QUINTIC_SPEARMAN_LEVERAGE_E4_FRACTION=1.482452965452678e-01
QUINTIC_SPEARMAN_LEVERAGE_V_FRACTION=-1.412702088557128e-02
QUINTIC_SPEARMAN_LEVERAGE_ABS_BARYON_DENSITY=1.494697147099502e-01
QUINTIC_SPEARMAN_LEVERAGE_ACTIVE_CELL=-1.997082037096095e-01
QUINTIC_RADIALIZED_FORCE=1.314871381508678e+02
QUINTIC_RADIALIZED_FORCE_MINUS_DIRECT_OVER_L1=6.387022673483403e-02
QUINTIC_ANGULAR_SHUFFLE_FORCE_MEDIAN=1.420328846862975e+02
QUINTIC_ANGULAR_SHUFFLE_FORCE_P05=8.167132383943579e+01
QUINTIC_ANGULAR_SHUFFLE_FORCE_P95=1.960046392478973e+02
QUINTIC_SIGN_PRESERVING_SHUFFLE_FORCE_MEDIAN=7.000976823726893e+01
QUINTIC_SIGN_PRESERVING_SHUFFLE_FORCE_P05=2.811415892637761e+01
QUINTIC_SIGN_PRESERVING_SHUFFLE_FORCE_P95=9.698149912742103e+01
QUINTIC_ETA_OP=2.417425181148741e-05
QUINTIC_ETA_GROSS_OUTWARD=8.600432024067975e-02
QUINTIC_ENERGY_FLOOR_DENSITY=7.093993298681944e-10
QUINTIC_FLOOR_EXCLUDED_ENERGY_FRACTION=3.175170664064082e-12
QUINTIC_FLOOR_EXCLUDED_OUTWARD_FRACTION=1.376999679185813e-13
QUINTIC_CONCENTRATION_CLASS=VERY_STRONG_CONCENTRATION

=== F — REPRESENTATION ROBUSTNESS ===
CUBIC_QUINTIC_FORCE_SPREAD=1.989490014854596e-01
CUBIC_QUINTIC_F50_SPREAD=1.109384939017299e-06
CUBIC_QUINTIC_F90_SPREAD=2.050784609630707e-06
CUBIC_QUINTIC_FPART_SPREAD=8.341593771219596e-05
CUBIC_CONCENTRATION_CLASS=VERY_STRONG_CONCENTRATION
QUINTIC_CONCENTRATION_CLASS=VERY_STRONG_CONCENTRATION

=== G — INT-01 DECISION ===
INT01_INDEPENDENT_ATTRIBUTION_BOTH=PASS
INT01_DIRECTION_TEST=PROMISING_PRODUCTIVE_SKELETON_SIGNAL_AT_N65
PRODUCTIVE_SKELETON_PROMOTION_GRADE=NO_N65_FIXED_FIELD_DIAGNOSTIC_ONLY
SOURCE_MASK_PHYSICAL_CONFIGURATION=NO_DIAGNOSTIC_ONLY
N65_FORCE_CONTINUUM_PROMOTION=UNCHANGED_STILL_REQUIRES_RESOLUTION_CLOSURE
FULL_PHYSICAL_HESSIAN=NOT_ESTABLISHED
NONLINEAR_EINSTEIN_SKYRME=NOT_ESTABLISHED
CURRENT_KNOWLEDGE_HEURISTIC=APPROXIMATELY_70_TO_71_PERCENT_NOT_A_PROBABILITY
NEXT=INT02_TERM_GEOMETRY_AND_ORIENTATION_ROBUSTNESS_THEN_FINE_GRID_CONFIRMATION
CLAIM_CLASSIFICATION=PROJECT_DERIVED_INT01_CERTIFIED_FIXED_FIELD_INFLUENCE_TOMOGRAPHY

=== H — SAVE COMPLETE TOMOGRAPHY ===
INT01_NPZ=/Users/mymac/Desktop/antigravity_research/results/data/int01_certified_fixed_field_influence_tomography.npz
INT01_SUMMARY_JSON=/Users/mymac/Desktop/antigravity_research/results/data/int01_certified_fixed_field_influence_tomography_summary.json
INT01_RUN_COMPLETE=YES
