=== INT-03/04S — SCALE + ZERO-SURFACE AUDIT ===
N65_ARTIFACT_NORM_MAXERR=4.440892098500626e-16

=== A — STRICT N65 AUDIT ===
N65_GRAD_RMS=1.357965394890431e-03
N65_GRAD_MAX=2.327594396679766e-02
N65_TOPOLOGY4=6.967481864276875e+00
N65_DISCRETE_E=1.761107266504671e+03
N65_DISCRETE_VIRIAL_OVER_E=-3.006946652110938e-02

=== B — HOMOTHETIC SCALE GRID ===
LAMBDA=0.625000000 CATEGORY=BLIND_WILDCARD
LAMBDA=0.750000000 CATEGORY=MAIN
LAMBDA=0.875000000 CATEGORY=MAIN
LAMBDA=0.950000000 CATEGORY=MAIN
LAMBDA=0.975000000 CATEGORY=MAIN
LAMBDA=1.000000000 CATEGORY=MAIN
LAMBDA=1.025000000 CATEGORY=MAIN
LAMBDA=1.050000000 CATEGORY=MAIN
LAMBDA=1.125000000 CATEGORY=MAIN
LAMBDA=1.250000000 CATEGORY=MAIN
LAMBDA=1.600000000 CATEGORY=BLIND_WILDCARD
QUINTIC_INTERPOLATOR=READY

=== C — GLOBAL SCALE LEDGER ===

=== D — SCALE RESULTS ===
SCALE_CASE LAMBDA=0.625000 NET=-8.666925065e+02 ANALYTIC=-8.666925065e+02 RELERR=7.870e-16 F50=3.899885189e-02 F90=1.422639514e-01 ETA_OP=-2.271495278e-02 DERRICK_OVER_E=-1.208496890e+00 NEG_VOL=6.879028731e-01 DIST_SIGMA0=1.739046497e-01 COMP=1
SCALE_CASE LAMBDA=0.750000 NET=-4.044666163e+02 ANALYTIC=-4.044666163e+02 RELERR=1.405e-15 F50=3.898812619e-02 F90=1.416280984e-01 ETA_OP=-1.726308520e-02 DERRICK_OVER_E=-7.710803919e-01 NEG_VOL=6.931073677e-01 DIST_SIGMA0=1.483598892e-01 COMP=1
SCALE_CASE LAMBDA=0.875000 NET=-1.540191222e+02 ANALYTIC=-1.540191222e+02 RELERR=1.476e-15 F50=3.835172238e-02 F90=1.415465006e-01 ETA_OP=-9.614808543e-03 DERRICK_OVER_E=-3.869152390e-01 NEG_VOL=6.981458810e-01 DIST_SIGMA0=1.234366298e-01 COMP=1
SCALE_CASE LAMBDA=0.950000 NET=-5.375873370e+01 ANALYTIC=-5.375873370e+01 RELERR=6.344e-15 F50=3.748224205e-02 F90=1.414837930e-01 ETA_OP=-4.039964047e-03 DERRICK_OVER_E=-1.761920237e-01 NEG_VOL=7.012438094e-01 DIST_SIGMA0=1.312767770e-01 COMP=1
SCALE_CASE LAMBDA=0.975000 NET=-2.567031123e+01 ANALYTIC=-2.567031123e+01 RELERR=4.429e-15 F50=3.709091239e-02 F90=1.414782064e-01 ETA_OP=-2.039245587e-03 DERRICK_OVER_E=-1.092217945e-01 NEG_VOL=7.022579450e-01 DIST_SIGMA0=1.339565735e-01 COMP=1
SCALE_CASE LAMBDA=1.000000 NET=2.887313372e-01 ANALYTIC=2.887313372e-01 RELERR=5.906e-13 F50=3.665669913e-02 F90=1.413916945e-01 ETA_OP=2.417425180e-05 DERRICK_OVER_E=-4.394800051e-02 NEG_VOL=7.033204015e-01 DIST_SIGMA0=1.299851574e-01 COMP=1
SCALE_CASE LAMBDA=1.025000 NET=2.437173883e+01 ANALYTIC=2.437173883e+01 RELERR=8.163e-15 F50=3.593727545e-02 F90=1.411664155e-01 ETA_OP=2.144490105e-03 DERRICK_OVER_E=1.958041805e-02 NEG_VOL=7.044065136e-01 DIST_SIGMA0=1.292684944e-01 COMP=1
SCALE_CASE LAMBDA=1.050000 NET=4.679672961e+01 ANALYTIC=4.679672961e+01 RELERR=4.251e-15 F50=3.534943240e-02 F90=1.413072016e-01 ETA_OP=4.315534029e-03 DERRICK_OVER_E=8.131055807e-02 NEG_VOL=7.054876846e-01 DIST_SIGMA0=1.267275925e-01 COMP=1
SCALE_CASE LAMBDA=1.125000 NET=1.058850345e+02 ANALYTIC=1.058850345e+02 RELERR=1.342e-15 F50=3.268934530e-02 F90=1.420977761e-01 ETA_OP=1.106758513e-02 DERRICK_OVER_E=2.551757713e-01 NEG_VOL=7.088257404e-01 DIST_SIGMA0=1.298555584e-01 COMP=1
SCALE_CASE LAMBDA=1.250000 NET=1.846744397e+02 ANALYTIC=1.846744397e+02 RELERR=9.234e-16 F50=2.558588233e-02 F90=1.485998073e-01 ETA_OP=2.271344687e-02 DERRICK_OVER_E=5.045461951e-01 NEG_VOL=7.143040587e-01 DIST_SIGMA0=1.575043980e-01 COMP=3
SCALE_CASE LAMBDA=1.600000 NET=3.390842215e+02 ANALYTIC=3.390842215e+02 RELERR=1.676e-16 F50=1.806266731e-02 F90=2.323387747e-01 ETA_OP=5.255911520e-02 DERRICK_OVER_E=9.318881941e-01 NEG_VOL=7.275955689e-01 DIST_SIGMA0=4.474761846e-01 COMP=1
HOMOTHETIC_FORCE_SCALING_MAX_RELERR=5.906191487445725e-13
HOMOTHETIC_FORCE_ZERO_LAMBDA=9.997111852018044e-01
HOMOTHETIC_ENERGY_MIN_LAMBDA=1.017219769973678e+00

=== E — RE-EQUILIBRATED EXACT-MAP m CHECK ===

EXACT_M_SCAN_BEGIN MULT=0.800000 M=6.400000000e+00
EXACT_M_CASE MULT=0.800 SHELL_R=9.273430574e-01 NEG_OUTER_R=5.830778175e-01 PAYLOAD_C=4.269239424e-01 FORCE=1.960520599e+01 F50=4.026958661e-02 ETA_OP=2.142411202e-03 VIRIAL=4.511485174e-09 FISSION=3.485791192e-02

EXACT_M_SCAN_BEGIN MULT=1.000000 M=8.000000000e+00
EXACT_M_CASE MULT=1.000 SHELL_R=8.378678716e-01 NEG_OUTER_R=5.308894339e-01 PAYLOAD_C=3.870161275e-01 FORCE=2.883436524e+01 F50=4.092853374e-02 ETA_OP=2.369777057e-03 VIRIAL=7.152258925e-08 FISSION=3.355363352e-02

EXACT_M_SCAN_BEGIN MULT=1.200000 M=9.600000000e+00
EXACT_M_CASE MULT=1.200 SHELL_R=7.707935407e-01 NEG_OUTER_R=4.897352556e-01 PAYLOAD_C=3.562610096e-01 FORCE=3.456733671e+01 F50=4.054291765e-02 ETA_OP=2.232628943e-03 VIRIAL=1.858501812e-08 FISSION=3.257834565e-02

=== F — INT-03/04S DECISION ===
MAIN_SCALE_ALL_F50_LE_0P10=PASS
REEQUILIBRATED_EXACT_M_ALL_F50_LE_0P10=PASS
MAIN_SCALE_F50_SPREAD=1.340224386737762e-02
REEQUILIBRATED_EXACT_ETA_OP_RATIO=1.106126151127673e+00
HOMOTHETIC_DILATION_PHYSICAL_STATIONARY_SOLUTION=NO_EXCEPT_REFERENCE_LAMBDA_1
STATIC_SCALE_SCAN_IS_EMISSION_CALCULATION=NO
INT03_04S_DECISION=SCALE_ROBUST_PRODUCTIVE_ANATOMY_WITH_NONSTATIONARY_DILATION_AND_REEQUILIBRATED_EXACT_MAP_SUPPORT
INT_LEVEL_2=NOT_YET_REQUIRES_N65_N73_OR_EQUIVALENT_UNRESTRICTED_RESOLUTION_SUPPORT
INT_LEVEL_3=NOT_YET_REQUIRES_CONSERVATION_OR_FIELD_EQUATION_COMPATIBLE_HEADROOM
CURRENT_KNOWLEDGE_HEURISTIC=APPROXIMATELY_70_TO_71_PERCENT_NOT_A_PROBABILITY
NEXT=INT03_04_GEOMETRY_CORRELATIONS_THEN_INT14_CONSERVATION_AWARE_SOURCE_LOWER_BOUND
CLAIM_CLASSIFICATION=PROJECT_DERIVED_INT03_04S_SCALE_ZERO_SURFACE_AUDIT
INT03_04S_SUMMARY_JSON=/Users/mymac/Desktop/antigravity_research/results/data/int03_04s_scale_zero_surface_summary.json
INT03_04S_SCALE_CSV=/Users/mymac/Desktop/antigravity_research/results/data/int03_04s_n65_scale_scan.csv
INT03_04S_EXACT_M_CSV=/Users/mymac/Desktop/antigravity_research/results/data/int03_04s_exactmap_m_scan.csv
INT03_04S_RUN_COMPLETE=YES

__INT03S_RUN_RC__=0
