=== INT-03/04G — GEOMETRY CAUSATION + EXPANSION SIGNATURE ===
N65_ARTIFACT_NORM_MAXERR=4.440892098500626e-16

=== A — STRICT N65 AUDIT ===
N65_GRAD_RMS=1.357965394890431e-03
N65_GRAD_MAX=2.327594396679766e-02
N65_TOPOLOGY4=6.967481864276875e+00
N65_DISCRETE_E=1.761107266504671e+03

=== B — QUINTIC FIELD + FORCE LEDGERS ===
QUINTIC_INTERPOLATOR=READY
REFERENCE_NET_FORCE=2.887313371821847e-01
EXPANDED_NET_FORCE=1.846744397055073e+02
EXPANDED_ANALYTIC_FORCE=1.846744397055071e+02
EXPANDED_FORCE_CLOSE_ABS=1.705302565824240e-13
EXPANDED_FORCE_CLOSE_REL=9.234101744364929e-16
EXPANDED_OVER_REFERENCE_FORCE_RATIO=6.396064989266501e+02

=== C — LOCAL GEOMETRY RECONSTRUCTION ===
ENERGY_RIDGE_THRESHOLD=1.081691730993661e+02
TOPOLOGY_RIDGE_THRESHOLD=1.008009860246682e+00
SIGMA0_INTERFACE_CELL_COUNT=44088
STATIONARY_EXPANDED_TOP50_WEIGHTED_JACCARD=4.066527750308003e-01

=== D — EXPANSION GAIN SOURCE-SIGN SECTORS ===
GAIN_SECTOR=SPLUS_TO_SPLUS ENERGY_FRAC=8.289389306e-01 SIGNED_GAIN=8.653781735e+01 POS_GAIN=6.117619019e+02 POS_GAIN_SHARE=7.711423677e-01
GAIN_SECTOR=SPLUS_TO_SMINUS ENERGY_FRAC=1.179731235e-01 SIGNED_GAIN=3.465594015e+01 POS_GAIN=9.175412726e+01 POS_GAIN_SHARE=1.156585507e-01
GAIN_SECTOR=SMINUS_TO_SPLUS ENERGY_FRAC=0.000000000e+00 SIGNED_GAIN=0.000000000e+00 POS_GAIN=0.000000000e+00 POS_GAIN_SHARE=0.000000000e+00
GAIN_SECTOR=SMINUS_TO_SMINUS ENERGY_FRAC=5.308794586e-02 SIGNED_GAIN=6.319195086e+01 POS_GAIN=8.980298367e+01 POS_GAIN_SHARE=1.131990816e-01
EXPANSION_GAIN_F50=2.011268774932686e-01
EXPANSION_GAIN50_STATIONARY_TOP50_WEIGHTED_JACCARD=2.516667194938545e-02

=== E — EXACT-MAP ANGULAR GEOMETRY COMPARATOR ===
EXACT_MAP_DEGREE=6.999999999999997e+00
EXACT_MAP_I=6.086804239712510e+01
EXACT_MAP_NET_FORCE=2.881787638114564e+01
EXACT_MAP_F50_ENERGY_FRACTION=4.092922160695207e-02
EXACT_GEOMETRY_METRIC=J PEARSON=-2.221253800e-02 SPEARMAN=-4.911922780e-02 TOP50_RATIO=9.933841508e-01
EXACT_GEOMETRY_METRIC=J2 PEARSON=-1.988036317e-02 SPEARMAN=-4.911922780e-02 TOP50_RATIO=9.832681497e-01
EXACT_GEOMETRY_METRIC=J4 PEARSON=-1.725833872e-02 SPEARMAN=-4.911922780e-02 TOP50_RATIO=9.575993621e-01
EXACT_GEOMETRY_METRIC=Wronskian_abs PEARSON=-3.046696760e-02 SPEARMAN=-5.151776666e-02 TOP50_RATIO=7.507146902e-02
EXACT_GEOMETRY_METRIC=radius PEARSON=-8.102881164e-01 SPEARMAN=-6.748567010e-01 TOP50_RATIO=7.405348010e-01

=== F — STRONGEST STATIONARY GEOMETRY SIGNATURES ===
GEOMETRY_RANK=1 METRIC=S_center SPEARMAN=-1.840540546e-01 TOP50_RATIO=1.102141159e+00
GEOMETRY_RANK=2 METRIC=V_fraction_center SPEARMAN=8.490781328e-02 TOP50_RATIO=1.398375498e+00
GEOMETRY_RANK=3 METRIC=sigma_nearest_distance SPEARMAN=-7.428420577e-02 TOP50_RATIO=8.252982670e-01
GEOMETRY_RANK=4 METRIC=radius SPEARMAN=-5.521080222e-02 TOP50_RATIO=7.482294083e-01
GEOMETRY_RANK=5 METRIC=distance_energy_ridge SPEARMAN=-5.016771998e-02 TOP50_RATIO=1.100196568e+00
GEOMETRY_RANK=6 METRIC=abs_S_center SPEARMAN=4.986283015e-02 TOP50_RATIO=1.179614798e+00
GEOMETRY_RANK=7 METRIC=gradS SPEARMAN=4.968020031e-02 TOP50_RATIO=1.066317360e+00
GEOMETRY_RANK=8 METRIC=rho_center SPEARMAN=4.808791313e-02 TOP50_RATIO=1.150424290e+00

=== G — INT-03/04G DECISION ===
REPRODUCIBLE_UNRESTRICTED_GEOMETRY_METRICS=NONE
NONTRIVIAL_EXACT_MAP_GEOMETRY_METRICS=radius
INT03_04G_GEOMETRY_SIGNAL=PASS
INT03_04G_DECISION=GEOMETRY_SIGNATURE_IDENTIFIED_FOR_SOURCE_BOUND_TARGETING
EXPANSION_HUNDREDS_FOLD_HEADROOM_STATUS=PRESERVED_AS_NONSTATIONARY_MECHANISM_CLUE
LAMBDA_1P25_PHYSICAL_STATIONARY_CONFIGURATION=NO
INT_LEVEL_2=NOT_YET_REQUIRES_FINE_RESOLUTION_UNRESTRICTED_SUPPORT
INT_LEVEL_3=NOT_YET_REQUIRES_CONSERVATION_AWARE_GE10X_HEADROOM_OR_CONTINUABLE_DIRECTION
CURRENT_KNOWLEDGE_HEURISTIC=APPROXIMATELY_70_TO_71_PERCENT_NOT_A_PROBABILITY
NEXT=INT08_SOURCE_LEVEL_CONSERVATION_AWARE_HEADROOM_BOUND_WITH_GEOMETRY_SIGNATURE_CONSTRAINTS
CLAIM_CLASSIFICATION=PROJECT_DERIVED_INT03_04G_GEOMETRY_CAUSATION_EXPANSION_SIGNATURE
INT03_04G_SUMMARY_JSON=/Users/mymac/Desktop/antigravity_research/results/data/int03_04g_geometry_causation_summary.json
INT03_04G_CORRELATIONS_CSV=/Users/mymac/Desktop/antigravity_research/results/data/int03_04g_geometry_correlations.csv
INT03_04G_GAIN_SECTORS_CSV=/Users/mymac/Desktop/antigravity_research/results/data/int03_04g_expansion_gain_sectors.csv
INT03_04G_ARRAYS_NPZ=/Users/mymac/Desktop/antigravity_research/results/data/int03_04g_geometry_arrays.npz
INT03_04G_RUN_COMPLETE=YES

__INT04G_RUN_RC__=0
