=== INT-02/05R — SIGNED KERNEL + ORIENTATION ROBUSTNESS ===

=== B — ANALYTIC FORMULA VALIDATION ===
PRISM_VALIDATION_CASE_0_RELERR=1.690544831492376e-14
PRISM_VALIDATION_CASE_1_RELERR=1.849051454803849e-13
PRISM_VALIDATION_CASE_2_RELERR=8.740329467397351e-14
PRISM_VALIDATION_CASE_3_RELERR=1.121292515757142e-13
PRISM_VALIDATION_CASE_4_RELERR=1.807939345959305e-13
PRISM_VALIDATION_CASE_5_RELERR=8.327568845166656e-14
PRISM_VALIDATION_MAX_RELERR=1.849051454803849e-13
ANALYTIC_PRISM_VALIDATION=PASS
CAP_VALIDATION_D_OVER_R=0.000000 ANALYTIC=-3.948359325158377e-02 NUMERIC=-3.948359325158377e-02 ABSERR=0.000000000000000e+00
CAP_VALIDATION_D_OVER_R=0.170000 ANALYTIC=-2.385552363683412e-02 NUMERIC=-2.385552363683412e-02 ABSERR=0.000000000000000e+00
CAP_VALIDATION_D_OVER_R=0.410000 ANALYTIC=-9.217344687867352e-03 NUMERIC=-9.217344687867356e-03 ABSERR=3.469446951953614e-18
CAP_VALIDATION_D_OVER_R=0.730000 ANALYTIC=-9.662634203571871e-04 NUMERIC=-9.662634203571835e-04 ABSERR=3.577867169202165e-18
CAP_VALIDATION_D_OVER_R=0.930000 ANALYTIC=-1.774116295574834e-05 NUMERIC=-1.774116295573439e-05 ABSERR=1.394893857538382e-17
CAP_VALIDATION_MAX_ABSERR=1.394893857538382e-17
ANALYTIC_CAP_VALIDATION=PASS
N65_ARTIFACT_NORM_MAXERR=4.440892098500626e-16

=== A — STRICT N65 AUDIT ===
N65_GRAD_RMS=1.357965394890431e-03
N65_GRAD_MAX=2.327594396679766e-02
N65_TOPOLOGY4=6.967481864276875e+00
N65_DISCRETE_E=1.761107266504671e+03
N65_DISCRETE_E2=1.678463415523839e+02
N65_DISCRETE_E4=1.250146168099872e+03
N65_DISCRETE_V=3.431147568524146e+02
N65_DISCRETE_VIRIAL_RESIDUAL=-5.295555599024465e+01
N65_DISCRETE_VIRIAL_RESIDUAL_OVER_E=-3.006946652110938e-02

=== B — PAYLOAD CASES ===
PAYLOAD_CASE_COUNT=15
NOMINAL_ORIENTATION_COUNT=9
CASE=O00_BASE CATEGORY=ORIENTATION CENTER=3.870161275e-01 RADIUS=1.675735743e-02 PROMOTION_RELEVANT=YES
CASE=O01_FIB CATEGORY=ORIENTATION CENTER=3.870161275e-01 RADIUS=1.675735743e-02 PROMOTION_RELEVANT=YES
CASE=O02_FIB CATEGORY=ORIENTATION CENTER=3.870161275e-01 RADIUS=1.675735743e-02 PROMOTION_RELEVANT=YES
CASE=O03_FIB CATEGORY=ORIENTATION CENTER=3.870161275e-01 RADIUS=1.675735743e-02 PROMOTION_RELEVANT=YES
CASE=O04_FIB CATEGORY=ORIENTATION CENTER=3.870161275e-01 RADIUS=1.675735743e-02 PROMOTION_RELEVANT=YES
CASE=O05_FIB CATEGORY=ORIENTATION CENTER=3.870161275e-01 RADIUS=1.675735743e-02 PROMOTION_RELEVANT=YES
CASE=O06_FIB CATEGORY=ORIENTATION CENTER=3.870161275e-01 RADIUS=1.675735743e-02 PROMOTION_RELEVANT=YES
CASE=O07_FIB CATEGORY=ORIENTATION CENTER=3.870161275e-01 RADIUS=1.675735743e-02 PROMOTION_RELEVANT=YES
CASE=O08_FIB CATEGORY=ORIENTATION CENTER=3.870161275e-01 RADIUS=1.675735743e-02 PROMOTION_RELEVANT=YES
CASE=DIST_X0.80 CATEGORY=GEOMETRY_DISTANCE CENTER=3.096129020e-01 RADIUS=1.675735743e-02 PROMOTION_RELEVANT=YES
CASE=DIST_X1.20 CATEGORY=GEOMETRY_DISTANCE CENTER=4.644193529e-01 RADIUS=1.675735743e-02 PROMOTION_RELEVANT=YES
CASE=RADIUS_X0.50 CATEGORY=GEOMETRY_RADIUS CENTER=3.870161275e-01 RADIUS=8.378678716e-03 PROMOTION_RELEVANT=YES
CASE=RADIUS_X2.00 CATEGORY=GEOMETRY_RADIUS CENTER=3.870161275e-01 RADIUS=3.351471486e-02 PROMOTION_RELEVANT=YES
CASE=WILDCARD_RADIUS_X0.625 CATEGORY=BLIND_WILDCARD_DIAGNOSTIC CENTER=3.870161275e-01 RADIUS=1.047334840e-02 PROMOTION_RELEVANT=NO
CASE=WILDCARD_RADIUS_X1.600 CATEGORY=BLIND_WILDCARD_DIAGNOSTIC CENTER=3.870161275e-01 RADIUS=2.681177189e-02 PROMOTION_RELEVANT=NO

=== C — BUILD CONTINUOUS REPRESENTATIONS ===
CUBIC_INTERPOLATOR=READY
QUINTIC_INTERPOLATOR=READY

=== CUBIC — GLOBAL Q4 FIELD / FORCE LEDGER ===
CUBIC_GLOBAL_Q4_PROGRESS=1875/262144 PERCENT=0
CUBIC_GLOBAL_Q4_PROGRESS=26250/262144 PERCENT=10
CUBIC_GLOBAL_Q4_PROGRESS=52500/262144 PERCENT=20
CUBIC_GLOBAL_Q4_PROGRESS=78750/262144 PERCENT=30
CUBIC_GLOBAL_Q4_PROGRESS=105000/262144 PERCENT=40
CUBIC_GLOBAL_Q4_PROGRESS=131250/262144 PERCENT=50
CUBIC_GLOBAL_Q4_PROGRESS=157500/262144 PERCENT=60
CUBIC_GLOBAL_Q4_PROGRESS=183750/262144 PERCENT=70
CUBIC_GLOBAL_Q4_PROGRESS=210000/262144 PERCENT=80
CUBIC_GLOBAL_Q4_PROGRESS=236250/262144 PERCENT=90
CUBIC_GLOBAL_Q4_PROGRESS=262144/262144 PERCENT=100

=== CUBIC — CASE-SPECIFIC NEAR-FIELD REPLACEMENT ===
CUBIC_O00_BASE_NEAR_CELLS=86
CUBIC_O01_FIB_NEAR_CELLS=81
CUBIC_O02_FIB_NEAR_CELLS=80
CUBIC_O03_FIB_NEAR_CELLS=84
CUBIC_O04_FIB_NEAR_CELLS=86
CUBIC_O05_FIB_NEAR_CELLS=89
CUBIC_O06_FIB_NEAR_CELLS=82
CUBIC_O07_FIB_NEAR_CELLS=85
CUBIC_O08_FIB_NEAR_CELLS=88
CUBIC_DIST_X0.80_NEAR_CELLS=83
CUBIC_DIST_X1.20_NEAR_CELLS=76
CUBIC_RADIUS_X0.50_NEAR_CELLS=86
CUBIC_RADIUS_X2.00_NEAR_CELLS=86
CUBIC_WILDCARD_RADIUS_X0.625_NEAR_CELLS=86
CUBIC_WILDCARD_RADIUS_X1.600_NEAR_CELLS=86

=== CUBIC — CONTINUUM ENERGY / VIRIAL ===
CUBIC_E=1.788982002317486e+03
CUBIC_E2=1.689186141920434e+02
CUBIC_E4=1.276950215165029e+03
CUBIC_V=3.431131729604141e+02
CUBIC_VIRIAL_RESIDUAL=-7.869208209174280e+01
CUBIC_VIRIAL_RESIDUAL_OVER_E=-4.398707308950195e-02
CUBIC_ACTIVE_TOTAL=1.867674084409229e+03
CUBIC_ACTIVE_TOTAL_OVER_E=1.043987073089502e+00
CUBIC_ACTIVE_POSITIVE_BUDGET_QPLUS=1.925562446384167e+03
CUBIC_ACTIVE_NEGATIVE_BUDGET_QMINUS=5.788836197493755e+01
CUBIC_CASE=O00_BASE NET=8.978233570e-02 F50=3.665780842e-02 F90=1.413896436e-01 FPART=5.707556809e-02 CANCEL=2.288574858e+04 SPKP=8.249526312e+02 SPKN=9.775115014e+02 SNKP=4.981158819e+01 SNKN=2.024602407e+02
CUBIC_CASE=O01_FIB NET=-8.081480433e+00 F50=3.730996896e-02 F90=1.420949889e-01 FPART=5.766748665e-02 CANCEL=2.541776609e+02 SPKP=8.194196863e+02 SPKN=9.778413033e+02 SNKP=5.326533351e+01 SNKN=2.036054701e+02
CUBIC_CASE=O02_FIB NET=2.576001697e+02 F50=2.234847948e-02 F90=1.113617102e-01 FPART=4.618848219e-02 CANCEL=8.610962615e+00 SPKP=1.063305691e+03 SPKN=9.730823935e+02 SNKP=7.210237029e+00 SNKN=1.745871096e+02
CUBIC_CASE=O03_FIB NET=4.633463760e+01 F50=3.324610334e-02 F90=1.369570061e-01 FPART=5.741671940e-02 CANCEL=4.458964941e+01 SPKP=8.595838895e+02 SPKN=9.761418341e+02 SNKP=3.371347014e+01 SNKN=1.966060524e+02
CUBIC_CASE=O04_FIB NET=1.768580430e+02 F50=2.572242444e-02 F90=1.222614713e-01 FPART=5.358501100e-02 CANCEL=1.212838814e+01 SPKP=9.784390062e+02 SPKN=9.733376989e+02 SNKP=1.073477560e+01 SNKN=1.824915113e+02
CUBIC_CASE=O05_FIB NET=1.743282626e+02 F50=2.570518378e-02 F90=1.223404189e-01 FPART=5.400421275e-02 CANCEL=1.227023374e+01 SPKP=9.758122166e+02 SPKN=9.724339601e+02 SNKP=9.926173099e+00 SNKN=1.808761791e+02
CUBIC_CASE=O06_FIB NET=1.793220994e+02 F50=2.558360450e-02 F90=1.222482676e-01 FPART=5.522447214e-02 CANCEL=1.197545567e+01 SPKP=9.811351247e+02 SPKN=9.733882579e+02 SNKP=1.068261793e+01 SNKN=1.822578505e+02
CUBIC_CASE=O07_FIB NET=8.848868242e+01 F50=3.036954180e-02 F90=1.325530775e-01 FPART=5.529050979e-02 CANCEL=2.362447284e+01 SPKP=8.959522877e+02 SPKN=9.756878300e+02 SNKP=2.531706622e+01 SNKN=1.935412909e+02
CUBIC_CASE=O08_FIB NET=2.293657606e+02 F50=2.317238190e-02 F90=1.153459495e-01 FPART=5.240289816e-02 CANCEL=9.548590990e+00 SPKP=1.033355371e+03 SPKN=9.725952941e+02 SNKP=7.781743040e+00 SNKN=1.763874267e+02
CUBIC_CASE=DIST_X0.80 NET=1.055229239e+02 F50=4.365795499e-02 F90=1.638429451e-01 FPART=5.166245250e-02 CANCEL=2.006014601e+01 SPKP=8.904655519e+02 SPKN=9.430305204e+02 SNKP=6.261064788e+01 SNKN=2.206985402e+02
CUBIC_CASE=DIST_X1.20 NET=-2.146777350e+02 F50=2.929702589e-02 F90=1.178169839e-01 FPART=5.689789607e-02 CANCEL=9.126558342e+00 SPKP=7.008959199e+02 SPKN=1.045543136e+03 SNKP=4.143016780e+01 SNKN=1.713996492e+02
CUBIC_CASE=RADIUS_X0.50 NET=1.347626833e-01 F50=3.665780842e-02 F90=1.411345443e-01 FPART=5.382934854e-02 CANCEL=1.528890865e+04 SPKP=8.249526312e+02 SPKN=9.775115014e+02 SNKP=5.260829444e+01 SNKN=2.053019273e+02
CUBIC_CASE=RADIUS_X2.00 NET=-6.975884880e-02 F50=3.702976816e-02 F90=1.416782189e-01 FPART=6.257497242e-02 CANCEL=2.929527238e+04 SPKP=8.249526312e+02 SPKN=9.775115014e+02 SNKP=4.432561623e+01 SNKN=1.968147276e+02
CUBIC_CASE=WILDCARD_RADIUS_X0.625 NET=1.116288381e-01 F50=3.665780842e-02 F90=1.413896436e-01 FPART=5.469460798e-02 CANCEL=1.844462039e+04 SPKP=8.249526312e+02 SPKN=9.775115014e+02 SNKP=5.190845600e+01 SNKN=2.045789550e+02
CUBIC_CASE=WILDCARD_RADIUS_X1.600 NET=9.176373837e-03 F50=3.702976816e-02 F90=1.416782189e-01 FPART=6.051257645e-02 CANCEL=2.231849440e+05 SPKP=8.249526312e+02 SPKN=9.775115014e+02 SNKP=4.649815085e+01 SNKN=1.990661974e+02
CUBIC_BASELINE_RADIALIZED_FORCE=1.223512693850442e+02
CUBIC_BASELINE_ANGULAR_COVARIANCE_FORCE=-1.222614870493475e+02
CUBIC_BASELINE_RADIALIZED_PLUS_COV_MINUS_DIRECT=1.421085471520200e-14

=== QUINTIC — GLOBAL Q4 FIELD / FORCE LEDGER ===
QUINTIC_GLOBAL_Q4_PROGRESS=1875/262144 PERCENT=0
QUINTIC_GLOBAL_Q4_PROGRESS=26250/262144 PERCENT=10
QUINTIC_GLOBAL_Q4_PROGRESS=52500/262144 PERCENT=20
QUINTIC_GLOBAL_Q4_PROGRESS=78750/262144 PERCENT=30
QUINTIC_GLOBAL_Q4_PROGRESS=105000/262144 PERCENT=40
QUINTIC_GLOBAL_Q4_PROGRESS=131250/262144 PERCENT=50
QUINTIC_GLOBAL_Q4_PROGRESS=157500/262144 PERCENT=60
QUINTIC_GLOBAL_Q4_PROGRESS=183750/262144 PERCENT=70
QUINTIC_GLOBAL_Q4_PROGRESS=210000/262144 PERCENT=80
QUINTIC_GLOBAL_Q4_PROGRESS=236250/262144 PERCENT=90
QUINTIC_GLOBAL_Q4_PROGRESS=262144/262144 PERCENT=100

=== QUINTIC — CASE-SPECIFIC NEAR-FIELD REPLACEMENT ===
QUINTIC_O00_BASE_NEAR_CELLS=86
QUINTIC_O01_FIB_NEAR_CELLS=81
QUINTIC_O02_FIB_NEAR_CELLS=80
QUINTIC_O03_FIB_NEAR_CELLS=84
QUINTIC_O04_FIB_NEAR_CELLS=86
QUINTIC_O05_FIB_NEAR_CELLS=89
QUINTIC_O06_FIB_NEAR_CELLS=82
QUINTIC_O07_FIB_NEAR_CELLS=85
QUINTIC_O08_FIB_NEAR_CELLS=88
QUINTIC_DIST_X0.80_NEAR_CELLS=83
QUINTIC_DIST_X1.20_NEAR_CELLS=76
QUINTIC_RADIUS_X0.50_NEAR_CELLS=86
QUINTIC_RADIUS_X2.00_NEAR_CELLS=86
QUINTIC_WILDCARD_RADIUS_X0.625_NEAR_CELLS=86
QUINTIC_WILDCARD_RADIUS_X1.600_NEAR_CELLS=86

=== QUINTIC — CONTINUUM ENERGY / VIRIAL ===
QUINTIC_E=1.788953312783005e+03
QUINTIC_E2=1.689367349493280e+02
QUINTIC_E4=1.276901847389188e+03
QUINTIC_V=3.431147304444889e+02
QUINTIC_VIRIAL_RESIDUAL=-7.862092110639310e+01
QUINTIC_VIRIAL_RESIDUAL_OVER_E=-4.394800051214619e-02
QUINTIC_ACTIVE_TOTAL=1.867574233889397e+03
QUINTIC_ACTIVE_TOTAL_OVER_E=1.043948000512146e+00
QUINTIC_ACTIVE_POSITIVE_BUDGET_QPLUS=1.925327050589214e+03
QUINTIC_ACTIVE_NEGATIVE_BUDGET_QMINUS=5.775281669981625e+01
QUINTIC_CASE=O00_BASE NET=2.887313372e-01 F50=3.665669913e-02 F90=1.413916945e-01 FPART=5.715898830e-02 CANCEL=7.114365630e+03 SPKP=8.250508523e+02 SPKN=9.773671948e+02 SNKP=4.955859033e+01 SNKN=2.021636643e+02
QUINTIC_CASE=O01_FIB NET=-7.888055539e+00 F50=3.730974129e-02 F90=1.420410069e-01 FPART=5.774300386e-02 CANCEL=2.603380380e+02 SPKP=8.195182247e+02 SPKN=9.776968013e+02 SNKP=5.302767763e+01 SNKN=2.033181987e+02
QUINTIC_CASE=O02_FIB NET=2.570984267e+02 F50=2.234570362e-02 F90=1.113679221e-01 FPART=4.622355777e-02 CANCEL=8.624123896e+00 SPKP=1.062825752e+03 SPKN=9.728947566e+02 SNKP=7.180372781e+00 SNKN=1.743478040e+02
QUINTIC_CASE=O03_FIB NET=4.649557446e+01 F50=3.324401693e-02 F90=1.369599303e-01 FPART=5.750789733e-02 CANCEL=4.442124415e+01 SPKP=8.596583420e+02 SPKN=9.759966418e+02 SNKP=3.345120343e+01 SNKN=1.962850776e+02
QUINTIC_CASE=O04_FIB NET=1.766875725e+02 F50=2.567533446e-02 F90=1.222640929e-01 FPART=5.359338379e-02 CANCEL=1.213665614e+01 SPKP=9.783324067e+02 SPKN=9.731853181e+02 SNKP=1.066905187e+01 SNKN=1.822095357e+02
QUINTIC_CASE=O05_FIB NET=1.741349946e+02 F50=2.570191268e-02 F90=1.223448514e-01 FPART=5.403561308e-02 CANCEL=1.228024851e+01 SPKP=9.756489494e+02 SPKN=9.722788837e+02 SNKP=9.864122640e+00 SNKN=1.806290515e+02
QUINTIC_CASE=O06_FIB NET=1.790403154e+02 F50=2.558138044e-02 F90=1.222525747e-01 FPART=5.526246050e-02 CANCEL=1.199013829e+01 SPKP=9.809512026e+02 SPKN=9.732349625e+02 SNKP=1.060395042e+01 SNKN=1.819280256e+02
QUINTIC_CASE=O07_FIB NET=8.849485409e+01 F50=3.030649918e-02 F90=1.326343975e-01 FPART=5.538249614e-02 CANCEL=2.361542792e+01 SPKP=8.959727650e+02 SPKN=9.755378114e+02 SNKP=2.513668568e+01 SNKN=1.931965862e+02
QUINTIC_CASE=O08_FIB NET=2.289950462e+02 F50=2.317091746e-02 F90=1.152811610e-01 FPART=5.244343011e-02 CANCEL=9.560687692e+00 SPKP=1.033071170e+03 SPKN=9.724320333e+02 SNKP=7.745503327e+00 SNKN=1.761014128e+02
QUINTIC_CASE=DIST_X0.80 NET=1.056087860e+02 F50=4.365505719e-02 F90=1.638390766e-01 FPART=5.169965605e-02 CANCEL=2.003775577e+01 SPKP=8.904220683e+02 SPKN=9.428808468e+02 SNKP=6.239629010e+01 SNKN=2.204638546e+02
QUINTIC_CASE=DIST_X1.20 NET=-2.144820196e+02 F50=2.929794234e-02 F90=1.177591516e-01 FPART=5.705645686e-02 CANCEL=9.132233614e+00 SPKP=7.011255907e+02 SPKN=1.045408064e+03 SNKP=4.118289976e+01 SNKN=1.709833539e+02
QUINTIC_CASE=RADIUS_X0.50 NET=3.349466624e-01 F50=3.665669913e-02 F90=1.410867525e-01 FPART=5.391506014e-02 CANCEL=6.149557372e+03 SPKP=8.250508523e+02 SPKN=9.773671948e+02 SNKP=5.235219027e+01 SNKN=2.050034795e+02
QUINTIC_CASE=RADIUS_X2.00 NET=1.239967377e-01 F50=3.702859127e-02 F90=1.416802239e-01 FPART=6.265159545e-02 CANCEL=1.647640894e+04 SPKP=8.250508523e+02 SPKN=9.773671948e+02 SNKP=4.408128531e+01 SNKN=1.965216246e+02
QUINTIC_CASE=WILDCARD_RADIUS_X0.625 NET=3.116007053e-01 F50=3.665669913e-02 F90=1.411367649e-01 FPART=5.477981076e-02 CANCEL=6.605736336e+03 SPKP=8.250508523e+02 SPKN=9.773671948e+02 SNKP=5.165305537e+01 SNKN=2.042809987e+02
QUINTIC_CASE=WILDCARD_RADIUS_X1.600 NET=2.054600929e-01 F50=3.702859127e-02 F90=1.416802239e-01 FPART=6.059226889e-02 CANCEL=9.965145209e+03 SPKP=8.250508523e+02 SPKN=9.773671948e+02 SNKP=4.624990546e+01 SNKN=1.987717081e+02
QUINTIC_BASELINE_RADIALIZED_FORCE=1.221916699284005e+02
QUINTIC_BASELINE_ANGULAR_COVARIANCE_FORCE=-1.219029385912183e+02
QUINTIC_BASELINE_RADIALIZED_PLUS_COV_MINUS_DIRECT=7.105427357601002e-14

=== D — CUBIC / QUINTIC HOTSPOT OVERLAP ===
HOTSPOT_OVERLAP_CASE=O00_BASE JACCARD=1.000000000e+00 ENERGY_WEIGHTED_JACCARD=1.000000000e+00
HOTSPOT_OVERLAP_CASE=O01_FIB JACCARD=1.000000000e+00 ENERGY_WEIGHTED_JACCARD=1.000000000e+00
HOTSPOT_OVERLAP_CASE=O02_FIB JACCARD=1.000000000e+00 ENERGY_WEIGHTED_JACCARD=1.000000000e+00
HOTSPOT_OVERLAP_CASE=O03_FIB JACCARD=1.000000000e+00 ENERGY_WEIGHTED_JACCARD=1.000000000e+00
HOTSPOT_OVERLAP_CASE=O04_FIB JACCARD=9.936708861e-01 ENERGY_WEIGHTED_JACCARD=9.981970506e-01
HOTSPOT_OVERLAP_CASE=O05_FIB JACCARD=1.000000000e+00 ENERGY_WEIGHTED_JACCARD=1.000000000e+00
HOTSPOT_OVERLAP_CASE=O06_FIB JACCARD=1.000000000e+00 ENERGY_WEIGHTED_JACCARD=1.000000000e+00
HOTSPOT_OVERLAP_CASE=O07_FIB JACCARD=9.947916667e-01 ENERGY_WEIGHTED_JACCARD=9.979567002e-01
HOTSPOT_OVERLAP_CASE=O08_FIB JACCARD=1.000000000e+00 ENERGY_WEIGHTED_JACCARD=1.000000000e+00
HOTSPOT_OVERLAP_CASE=DIST_X0.80 JACCARD=1.000000000e+00 ENERGY_WEIGHTED_JACCARD=1.000000000e+00
HOTSPOT_OVERLAP_CASE=DIST_X1.20 JACCARD=1.000000000e+00 ENERGY_WEIGHTED_JACCARD=1.000000000e+00
HOTSPOT_OVERLAP_CASE=RADIUS_X0.50 JACCARD=1.000000000e+00 ENERGY_WEIGHTED_JACCARD=1.000000000e+00
HOTSPOT_OVERLAP_CASE=RADIUS_X2.00 JACCARD=1.000000000e+00 ENERGY_WEIGHTED_JACCARD=1.000000000e+00
HOTSPOT_OVERLAP_CASE=WILDCARD_RADIUS_X0.625 JACCARD=1.000000000e+00 ENERGY_WEIGHTED_JACCARD=1.000000000e+00
HOTSPOT_OVERLAP_CASE=WILDCARD_RADIUS_X1.600 JACCARD=1.000000000e+00 ENERGY_WEIGHTED_JACCARD=1.000000000e+00
BASELINE_CUBIC_QUINTIC_LEVERAGE_RANK_CORRELATION=9.342394099498715e-01

=== E — EXACT B7 RATIONAL-MAP COMPARATOR ===
EXACT_MAP_DEGREE=6.999999999999997e+00
EXACT_MAP_I=6.086804239712510e+01
EXACT_MAP_SOURCE_NODES=139264
EXACT_MAP_E=1.822472700555285e+03
EXACT_MAP_ACTIVE_TOTAL=1.822661724095335e+03
EXACT_MAP_ACTIVE_OVER_E=1.000103718173661e+00
EXACT_MAP_VIRIAL_RESIDUAL_OVER_E=7.151981387379543e-08
EXACT_MAP_PAYLOAD_CENTER=3.870161274564900e-01
EXACT_MAP_PAYLOAD_RADIUS=1.675735743205162e-02
EXACT_MAP_CASE=O00_BASE NET=2.881787638e+01 F50=4.092922161e-02 F90=1.491742640e-01 FPART=2.285283977e-02 CANCEL=6.901471869e+01
EXACT_MAP_CASE=O01_FIB NET=2.109414863e+01 F50=4.197555842e-02 F90=1.502232807e-01 FPART=2.453585360e-02 CANCEL=9.410023613e+01
EXACT_MAP_CASE=O02_FIB NET=3.141683106e+02 F50=2.235593619e-02 F90=1.135250898e-01 FPART=4.230983006e-02 CANCEL=6.760666092e+00
EXACT_MAP_CASE=O03_FIB NET=7.212525021e+01 F50=3.610617660e-02 F90=1.440129216e-01 FPART=2.959484041e-02 CANCEL=2.774260508e+01
EXACT_MAP_CASE=O04_FIB NET=2.055121793e+02 F50=2.724340401e-02 F90=1.265660450e-01 FPART=4.118915011e-02 CANCEL=9.984666411e+00
EXACT_MAP_CASE=O05_FIB NET=2.162682419e+02 F50=2.673219990e-02 F90=1.253684999e-01 FPART=4.267420178e-02 CANCEL=9.511926634e+00
EXACT_MAP_CASE=O06_FIB NET=2.076669133e+02 F50=2.716832953e-02 F90=1.263763043e-01 FPART=4.193230037e-02 CANCEL=9.887340454e+00
EXACT_MAP_CASE=O07_FIB NET=1.097588417e+02 F50=3.289656384e-02 F90=1.392828304e-01 FPART=3.139055024e-02 CANCEL=1.835373598e+01
EXACT_MAP_CASE=O08_FIB NET=2.729317747e+02 F50=2.435635728e-02 F90=1.171443372e-01 FPART=4.594604172e-02 CANCEL=7.652775923e+00

=== F — ROBUSTNESS SUMMARY ===
CUBIC_F50_MIN=2.234847947706696e-02 MEDIAN=2.572242444272635e-02 MAX=3.730996895866116e-02
QUINTIC_F50_MIN=2.234570362438566e-02 MEDIAN=2.570191267937201e-02 MAX=3.730974128708502e-02
EXACT_F50_MIN=2.235593619462733e-02 MEDIAN=2.724340401243922e-02 MAX=4.197555841745479e-02
CUBIC_F90_MIN=1.113617101938887e-01 MEDIAN=1.223404188745072e-01 MAX=1.420949888890264e-01
QUINTIC_F90_MIN=1.113679221068471e-01 MEDIAN=1.223448513587284e-01 MAX=1.420410068658360e-01
EXACT_F90_MIN=1.135250897778415e-01 MEDIAN=1.265660449559812e-01 MAX=1.502232806648776e-01
CUBIC_CANCELLATION_MIN=8.610962614791942e+00 MEDIAN=1.227023373877565e+01 MAX=2.288574857883952e+04
QUINTIC_CANCELLATION_MIN=8.624123895840038e+00 MEDIAN=1.228024850840929e+01 MAX=7.114365630452415e+03
EXACT_CANCELLATION_MIN=6.760666091708802e+00 MEDIAN=9.984666411190258e+00 MAX=9.410023612575020e+01
HOTSPOT_WEIGHTED_JACCARD_MIN=9.979567001702384e-01 MEDIAN=1.000000000000000e+00 MAX=1.000000000000000e+00
ORIENTATION_CUBIC_ALL_F50_LE_0P10=PASS
ORIENTATION_QUINTIC_ALL_F50_LE_0P10=PASS
EXACT_MAP_ALL_F50_LE_0P10=PASS
TOP50_HOTSPOT_WEIGHTED_JACCARD_MIN_GE_0P50=PASS
SIGNED_SOURCE_KERNEL_DOMINANT_CHANNEL_AGREEMENT=PASS
N65_CONTINUUM_VIRIAL_WARNING=YES

=== G — INTROSPECTIVE DECISION ===
INT02_05R_DECISION=ROBUST_MECHANISM_SIGNAL_WITH_CONTINUUM_VIRIAL_WARNING
INT_LEVEL_1=N65_ACCOUNTING_AND_MECHANISM_DECOMPOSITION_CLOSED_BUT_FULLY_INDEPENDENT_N65_FORCE_SOLVER_STILL_PARTIAL
INT_LEVEL_2=NOT_YET_REQUIRES_STRICT_FINE_RESOLUTION_OR_EQUIVALENT_UNRESTRICTED_SUPPORT
INT_LEVEL_3=NOT_YET_NO_PHYSICALLY_ACCESSIBLE_10X_BOUND_OR_CONTINUABLE_DIRECTION
COUNTERFACTUAL_RADIALIZATION_PHYSICAL_CONFIGURATION=NO_DIAGNOSTIC_ONLY
PRACTICAL_ANTIGRAVITY_DEVICE=NO
CURRENT_KNOWLEDGE_HEURISTIC=APPROXIMATELY_70_TO_71_PERCENT_NOT_A_PROBABILITY
NEXT=INT03_04_GEOMETRY_ZERO_SURFACE_AND_CONSERVATION_AWARE_HEADROOM_BOUND_BEFORE_SOURCE_REDESIGN
CLAIM_CLASSIFICATION=PROJECT_DERIVED_INT02_05R_SIGNED_KERNEL_ORIENTATION_ROBUSTNESS
INT02_05R_SUMMARY_JSON=/Users/mymac/Desktop/antigravity_research/results/data/int02_signed_kernel_orientation_robustness_summary.json
INT02_05R_ORIENTATION_CSV=/Users/mymac/Desktop/antigravity_research/results/data/int02_orientation_metrics.csv
INT02_05R_RUN_COMPLETE=YES

__INT02_RUN_RC__=0
