=== INT-15 — STATIC/PULSE SUCCESSOR-BLUEPRINT SYNTHESIS ===

=== A — TEACHER INTEGRITY / STRESS ANATOMY ===
TEACHER_RECONSTRUCTED_E=2.450446248126442e-02
TEACHER_SUMMARY_C=2.450446248126442e-02
TEACHER_RECONSTRUCTED_A=1.000000000001593e+00
TEACHER_A_RHO=4.143552912625796e-01
TEACHER_A_SPATIAL_STRESS_TRACE=5.856447087390132e-01
TEACHER_RHO_TRACE_LEDGER_RELERR=0.000000000000000e+00
TEACHER_CANCELLATION=1.059221899085993e+00
TEACHER_F50_ENERGY=7.301723367570537e-02
TEACHER_F90_ENERGY=1.966024735746525e-01
TEACHER_SIGNED_LEDGER_RELERR=6.883382752665005e-15

=== B — INDEPENDENT N48 FORCE RECONSTRUCTION ===
INDEPENDENT_N48_FORCE_BASE=1.000000000001593e+00
INDEPENDENT_N48_FORCE_HI=1.000003930008022e+00
INDEPENDENT_N48_FORCE_RELERR=3.929990984279752e-06
INDEPENDENT_N48_FORCE=PASS

=== C — EXACT B=7 TEACHER-GAP COMPARISON ===
B7_EXACT_FORCE_REPRO_RELERR=0.000000000000000e+00
B7_EXACT_FORCE_REPRODUCTION=PASS
TEACHER_B7_ENERGY_COSINE=1.290898663055681e-03
TEACHER_B7_OUTWARD_COSINE=1.127425623129967e-02
TEACHER_B7_SIGNED_INFLUENCE_COSINE=-1.354724351292655e-01
B7_OUTWARD_IN_TEACHER_F90=3.752030429872162e-03
TEACHER_OUTWARD_IN_B7_F90=1.141289767089243e-01

=== D — STATIC / PULSE TANDEM ===
RAW_TEACHER_HEADROOM_VS_B7=1.723041553068673e+04
PULSE_MAX_EFFECTIVE_PENALTY_RETAIN_1000X=1.723041553068673e+01
PULSE_MAX_EFFECTIVE_PENALTY_RETAIN_100X=1.723041553068673e+02
PULSE_MAX_EFFECTIVE_PENALTY_RETAIN_10X=1.723041553068673e+03

=== E — WRITE CELL / PULSE / BLUEPRINT ARTIFACTS ===

=== F — FINAL INFORMATION EXTRACT ===
TEACHER_RAW_HEADROOM_CONTEXT=1.723041553068673e+04
ROBUST_006D_HEADROOM=1.789714627717720e+01
TEACHER_F50_ENERGY=7.301723367570537e-02
TEACHER_F90_ENERGY=1.966024735746525e-01
TEACHER_F90_COMPONENTS=1
TEACHER_F90_MEAN_PAYLOAD_SURFACE_DISTANCE=4.943778836823031e-02
TEACHER_FORCE_WEIGHTED_S_OVER_RHO_MEDIAN=2.649629139187884e+00
TEACHER_FORCE_WEIGHTED_DEC_RATIO_MEDIAN=9.999999999549795e-01
TEACHER_A_RHO_FRACTION_OF_NET=4.143552912619196e-01
TEACHER_A_STRESS_TRACE_FRACTION_OF_NET=5.856447087380803e-01
B7_OUTWARD_IN_TEACHER_F90=3.752030429872162e-03
TEACHER_B7_OUTWARD_COSINE=1.127425623129967e-02
PULSE_1000X_EFFECTIVE_OVERHEAD_BUDGET=1.723041553068673e+01
FIELD_TEACHER_GAP_CLASSIFICATION=MAJOR_GEOMETRIC_REORGANIZATION_PLUS_CONSTITUTIVE_STRESS_GAP
STATIC_PULSE_TANDEM_RECOMMENDATION=YES
ABSTRACT_SOURCE_OPTIMIZATION_AFTER_INT15=STOP
NEXT=RETURN_TO_FIELD_MODEL_DESIGN_USING_INT15_TEACHER_TARGETS
PRACTICAL_ANTIGRAVITY_DEVICE=NO
INT15_SUMMARY_JSON=/Users/mymac/Desktop/antigravity_research/results/data/int15_static_pulse_successor_blueprint_summary.json
INT15_TEACHER_CSV=/Users/mymac/Desktop/antigravity_research/results/data/int15_teacher_cell_anatomy.csv
INT15_PULSE_CSV=/Users/mymac/Desktop/antigravity_research/results/data/int15_static_pulse_matrix.csv
INT15_MAPS_NPZ=/Users/mymac/Desktop/antigravity_research/results/data/int15_teacher_b7_comparison_maps.npz
INT15_BLUEPRINT_MD=/Users/mymac/Desktop/antigravity_research/results/data/int15_successor_blueprint.md
INT15_RUN_COMPLETE=YES

__INT15_RUN_RC__=0
