=== INT-15R — THOUSAND-FOLD REGRESSION / PROVENANCE AUDIT ===

=== A — CROSS-STAGE PROVENANCE ===
INT14A_CURRENT_C=4.222220709083088e+02
INT14C_CURRENT_C=4.222220709083088e+02
INT14D_CURRENT_C=4.222220709083088e+02
INT15_CURRENT_C=4.222220709083088e+02
CURRENT_C_REL_SPREAD=0.000000000000000e+00
INT14D_TEACHER_C=2.450446248126442e-02
INT15_TEACHER_C=2.450446248126442e-02
TEACHER_C_REL_DIFF_D15=0.000000000000000e+00
INT14D_RAW_HEADROOM=1.723041553068673e+04
INT15_RAW_HEADROOM=1.723041553068673e+04
RAW_HEADROOM_REL_DIFF_D15=0.000000000000000e+00
C_1000_THRESHOLD=4.222220709083088e-01
TEACHER_BELOW_C1000=YES
CROSS_STAGE_PROVENANCE=PASS

=== B — DIRECT N48 TEACHER RECONSTRUCTION ===
N48_RECONSTRUCTED_E=2.450446248126442e-02
N48_RECONSTRUCTED_A=1.000000000001593e+00
N48_RECONSTRUCTED_C=2.450446248122538e-02
N48_C_RELERR_VS_INT14D=1.592964860432064e-12
N48_RECOMPUTED_DEC_VIOLATION=0.000000000000000e+00
N48_FORCE_BASE=1.000000000001593e+00
N48_FORCE_INDEPENDENT_HI=1.000003930008022e+00
N48_FORCE_INDEPENDENT_RELERR=3.929990984279752e-06
N48_FORCE_INDEPENDENT=PASS
N48_TEACHER_RECONSTRUCTION=PASS

=== C — B7 WORST-DIRECTION BASELINE REBUILD ===
B7_REBUILT_A=2.881787638114564e+01
B7_TRUSTED_A_INT14A=2.881787638114564e+01
B7_A_RELERR=0.000000000000000e+00
B7_REBUILT_E=1.822472700555285e+03
B7_REBUILT_C=4.222220709083088e+02
B7_C_RELERR_VS_TRUSTED=0.000000000000000e+00
B7_BASELINE_REBUILD=PASS

=== D — INDEPENDENT RAW HEADROOM RECOMPUTATION ===
RAW_HEADROOM_RECOMPUTED=1.723041553071418e+04
RAW_HEADROOM_MARGIN_OVER_1000X=1.723041553071418e+01
RAW_THOUSANDFOLD_SIGNAL_PRESENT=YES
RAW_HEADROOM_NO_REGRESSION=PASS

=== E — CERTIFICATION STATUS AUDIT ===
INT14D_C40_C48_REL_DIFF=1.556685529006140e-01
INT14D_C_CONVERGENCE_LIMIT=1.500000000000000e-01
INT14D_C_CONVERGENCE_GATE=FAIL
INT14D_N48_MIN_WIDTH_CELLS=1.856407883153560e+00
INT14D_MIN_WIDTH_REQUIREMENT=3.000000000000000e+00
INT14D_WIDTH_GATE=FAIL
INT14D_FORMAL_THOUSANDFOLD_CERTIFICATE=FAIL
INT14D_FORMAL_LEVEL3=NOT_YET
CERTIFICATION_STATUS_UNCHANGED=PASS

=== F — ROBUST PROMOTED SOURCE HEADROOM ===
ROBUST_006D_HEADROOM=1.789714627717720e+01
ROBUST_006B_HEADROOM=1.281217460653181e+01
ROBUST_TWO_ROUTE_GE10X=PASS

=== G — FINAL REGRESSION DECISION ===
INT15R_REGRESSION_AUDIT=PASS
INT15R_DECISION=NO_REGRESSION_RAW_THOUSANDFOLD_PLUS_SIGNAL_PERSISTS_BUT_REMAINS_UNCERTIFIED
RAW_GE1000X_SOURCE_LEVEL_SIGNAL=PRESENT
CERTIFIED_GE1000X_SOURCE_CLASS=NO
ROBUST_PROMOTED_CONSTRUCTIVE_HEADROOM=12P8_TO_17P9X
MICROSCOPIC_FIELD_GE1000X_REALIZATION=NO
PRACTICAL_ANTIGRAVITY_DEVICE=NO
NEXT=RETURN_TO_STATIC_AND_PULSED_SUCCESSOR_FIELD_DESIGN_WITHOUT_MORE_ABSTRACT_COEFFICIENT_POLISHING
INT15R_SUMMARY_JSON=/Users/mymac/Desktop/antigravity_research/results/data/int15r_thousandfold_regression_provenance_audit.json
INT15R_RUN_COMPLETE=YES

__INT15R_RUN_RC__=0
