=== INT-14B — SUPPORT-CONSTRAINED STRUCTURAL-OVERHEAD BRIDGE ===

=== A — INT-14A AUTHORIZATION ===
CURRENT_C=4.222220709083088e+02
INT14A_006D_HEADROOM=1.789714627717720e+01
INT14A_006B_HEADROOM=1.281217460653181e+01
INT14A_TWO_ROUTE_GE10X=PASS
EXPANSION_HUNDREDS_FOLD_HEADROOM_STATUS=PRESERVED_AS_NONSTATIONARY_MECHANISM_CLUE

=== B — EXACT B=7 SUPPORT ANATOMY ===
EXACT_R90_OVER_H=2.812973196961751e+00
EXACT_R95_OVER_H=3.000663216233816e+00
EXACT_R99_OVER_H=3.353681771042527e+00
EXACT_SHELL_RADIUS_OVER_H=2.164943040252961e+00
EXACT_NEGATIVE_ACTIVE_OUTER_OVER_H=1.371750157741086e+00
PAYLOAD_RADIUS_OVER_H=4.329886080505922e-02
PAYLOAD_OUTER_CORE_RADIUS_OVER_H=1.043298860805059e+00
EXACT_CORE_ACTIVE_FRACTION=-1.757579994798524e-02
EXACT_ACTIVE_TOTAL_OVER_E=1.000103718173661e+00

=== C — GENERALIZED KERNEL / 006B RECOVERY ===
KERNEL_006B_MAX_RELERR=9.863776071255037e-13
RECOVERY_006B_C=3.295475466695211e+01
RECOVERY_006B_PRIOR_C=3.295475466694425e+01
RECOVERY_006B_C_RELERR=2.384664288029891e-13
GENERALIZED_006B_RECOVERY=PASS

=== D — R99 MATCHED-CORE RESOLUTION SEQUENCE ===
INT14B_SOLVE_BEGIN=R99_MATCHED_CORE_N8 GRID=8x16 R_SUPPORT=3.353681771e+00
INT14B_CASE=R99_MATCHED_CORE_N8 C=6.877029166805271e-01 HEADROOM=6.139599828169005e+02 STATUS=optimal SOLVER=CLARABEL GREEN=YES CORE_FRAC=-1.757579949e-02 ACTIVE_TOTAL_RELERR=1.691e-12 DEC=6.285e-10 CONS=2.121e-11 BOUNDARY_E_FRAC=4.498e-08
INT14B_SOLVE_BEGIN=R99_MATCHED_CORE_N12 GRID=12x24 R_SUPPORT=3.353681771e+00
INT14B_CASE=R99_MATCHED_CORE_N12 C=2.357116686671713e-01 HEADROOM=1.791265037050385e+03 STATUS=optimal SOLVER=CLARABEL GREEN=YES CORE_FRAC=-1.757579544e-02 ACTIVE_TOTAL_RELERR=8.218e-11 DEC=1.601e-09 CONS=3.789e-10 BOUNDARY_E_FRAC=6.060e-08
INT14B_SOLVE_BEGIN=R99_MATCHED_CORE_N16 GRID=16x32 R_SUPPORT=3.353681771e+00
INT14B_CASE=R99_MATCHED_CORE_N16 C=1.030330989039161e-01 HEADROOM=4.097926543993921e+03 STATUS=optimal SOLVER=CLARABEL GREEN=YES CORE_FRAC=-1.757579424e-02 ACTIVE_TOTAL_RELERR=3.760e-11 DEC=1.143e-09 CONS=4.049e-11 BOUNDARY_E_FRAC=1.015e-07
R99_PRIMARY_HIGH_C_REL_DIFF=5.628850303147253e-01
R99_CONSERVATIVE_C=2.357116686671713e-01
R99_CONSERVATIVE_HEADROOM=1.791265037050385e+03
R99_MATCHED_CORE_GE10X_CONVERGED=FAIL

=== E — SUPPORT / CORE SENSITIVITY ===
INT14B_SOLVE_BEGIN=R95_MATCHED_CORE_N12
INT14B_CASE=R95_MATCHED_CORE_N12 C=1.244563172578047e-01 HEADROOM=3.392532257191075e+03 STATUS=optimal SOLVER=CLARABEL GREEN=YES CORE_FRAC=-1.757579278e-02 ACTIVE_TOTAL_RELERR=1.179e-10 DEC=1.730e-09 CONS=1.592e-10 BOUNDARY_E_FRAC=9.000e-08
INT14B_SOLVE_BEGIN=R90_MATCHED_CORE_N12
INT14B_CASE=R90_MATCHED_CORE_N12 C=2.189051072431941e-01 HEADROOM=1.928790407065461e+03 STATUS=optimal SOLVER=CLARABEL GREEN=YES CORE_FRAC=-1.757579662e-02 ACTIVE_TOTAL_RELERR=1.005e-11 DEC=2.172e-09 CONS=3.490e-11 BOUNDARY_E_FRAC=4.805e-06
INT14B_SOLVE_BEGIN=R99_SIGN_ONLY_N12
INT14B_CASE=R99_SIGN_ONLY_N12 C=2.300971195991066e-01 HEADROOM=1.834973300160982e+03 STATUS=optimal SOLVER=CLARABEL GREEN=YES CORE_FRAC=+4.238926668e-11 ACTIVE_TOTAL_RELERR=2.051e-15 DEC=8.255e-11 CONS=4.723e-15 BOUNDARY_E_FRAC=4.798e-09

=== F — EXPANSION-COMPATIBILITY FALLBACK ===
INT14B_FALLBACK_BEGIN GAMMA=1.125000 CATEGORY=PHYSICAL_SUPPORT_PROBE
INT14B_CASE=R99_EXPANDED_GAMMA_1P125_N10 C=3.969825654388509e-01 HEADROOM=1.063578372620864e+03 STATUS=optimal SOLVER=CLARABEL GREEN=YES CORE_FRAC=-1.757579769e-02 ACTIVE_TOTAL_RELERR=1.105e-11 DEC=1.051e-09 CONS=3.067e-10 BOUNDARY_E_FRAC=2.923e-08
INT14B_FALLBACK_BEGIN GAMMA=1.250000 CATEGORY=EXPANSION_LINKED_SUPPORT_PROBE
INT14B_CASE=R99_EXPANDED_GAMMA_1P25_N10 C=6.877029183349849e-01 HEADROOM=6.139599813398515e+02 STATUS=optimal SOLVER=CLARABEL GREEN=YES CORE_FRAC=-1.757579922e-02 ACTIVE_TOTAL_RELERR=3.976e-12 DEC=7.241e-10 CONS=5.645e-11 BOUNDARY_E_FRAC=2.297e-08
INT14B_FALLBACK_BEGIN GAMMA=1.500000 CATEGORY=PHYSICAL_SUPPORT_PROBE
INT14B_CASE=R99_EXPANDED_GAMMA_1P5_N10 C=4.845319263671538e-01 HEADROOM=8.714019612164219e+02 STATUS=optimal SOLVER=CLARABEL GREEN=YES CORE_FRAC=-1.757579798e-02 ACTIVE_TOTAL_RELERR=6.421e-11 DEC=4.020e-10 CONS=1.068e-10 BOUNDARY_E_FRAC=1.494e-08
INT14B_FALLBACK_BEGIN GAMMA=1.600000 CATEGORY=BLIND_WILDCARD_DIAGNOSTIC
INT14B_CASE=R99_EXPANDED_GAMMA_1P6_N10 C=6.238437450424134e-01 HEADROOM=6.768074125350140e+02 STATUS=optimal SOLVER=CLARABEL GREEN=YES CORE_FRAC=-1.757579505e-02 ACTIVE_TOTAL_RELERR=1.191e-11 DEC=9.124e-10 CONS=3.790e-11 BOUNDARY_E_FRAC=3.924e-08
INT14B_FALLBACK_BEGIN GAMMA=1.875000 CATEGORY=BLIND_WILDCARD_DIAGNOSTIC
INT14B_CASE=R99_EXPANDED_GAMMA_1P875_N10 C=1.243662269784620e+00 HEADROOM=3.394989790768759e+02 STATUS=optimal SOLVER=CLARABEL GREEN=YES CORE_FRAC=-1.757579829e-02 ACTIVE_TOTAL_RELERR=7.158e-11 DEC=1.298e-09 CONS=4.616e-10 BOUNDARY_E_FRAC=2.403e-08

=== G — STRUCTURAL-OVERHEAD DECISION ===
INT_LEVEL_3_FORMAL=NOT_YET
INT14B_DECISION=GE10X_HEADROOM_REQUIRES_SUPPORT_EXPANSION_SAME_SUPPORT_ACCESSIBILITY_NOT_ESTABLISHED
MINIMUM_TESTED_PHYSICAL_SUPPORT_GAMMA_GE10X=1.125000000000000e+00
EXPANSION_HUNDREDS_FOLD_HEADROOM_STATUS=PRESERVED_AS_NONSTATIONARY_MECHANISM_CLUE
SOURCE_LEVEL_STRUCTURAL_OVERHEAD_IS_REMOVABLE_FIELD_ENERGY=NO
PRACTICAL_ANTIGRAVITY_DEVICE=NO
CURRENT_KNOWLEDGE_HEURISTIC=APPROXIMATELY_70_TO_71_PERCENT_PENDING_THIS_GATE_INTERPRETATION
NEXT=INT14C_REFINE_MINIMUM_SUPPORT_EXPANSION_AND_COMPARE_WITH_DILATION_SOFT_MODE
CLAIM_CLASSIFICATION=PROJECT_DERIVED_INT14B_SUPPORT_CONSTRAINED_STRUCTURAL_OVERHEAD_BRIDGE
INT14B_SUMMARY_JSON=/Users/mymac/Desktop/antigravity_research/results/data/int14b_support_constrained_structural_overhead_summary.json
INT14B_CASES_CSV=/Users/mymac/Desktop/antigravity_research/results/data/int14b_support_constrained_cases.csv
INT14B_RUN_COMPLETE=YES

__INT14B_RUN_RC__=0
