=== INT-14A — CONSERVATION-AWARE CONSTRUCTIVE HEADROOM GATE ===

=== A — PRIOR MECHANISM AUDIT ===
PRIOR_EXPANSION_FORCE_RATIO=6.396064989266501e+02
PRIOR_EXPANSION_FIELD_STATIONARY=FALSE
EXPANSION_HUNDREDS_FOLD_HEADROOM_STATUS=PRESERVED_AS_NONSTATIONARY_MECHANISM_CLUE

=== B — REBUILD CURRENT EXACT-MAP OPERATIONAL COEFFICIENT ===
CURRENT_EXACT_MAP_E=1.822472700555285e+03
CURRENT_EXACT_MAP_A=2.881787638114564e+01
CURRENT_EXACT_MAP_H=3.870161274564900e-01
CURRENT_PAYLOAD_RADIUS_OVER_H=4.329886080505922e-02
CURRENT_EXACT_MAP_ETA_OP=2.368421901414916e-03
CURRENT_EXACT_MAP_C=4.222220709083088e+02
CURRENT_EXACT_MAP_F50=4.092922160695223e-02
CURRENT_EXACT_MAP_F90=1.491742639530294e-01
CURRENT_EXACT_MAP_VIRIAL_RELERR=7.151981387379543e-08
CURRENT_SHELL_RADIUS_OVER_H=2.164943040252961e+00
PRIOR_EXACT_MAP_ETA_OP=2.369777057311479e-03
EXACT_MAP_ETA_OP_REPRO_RELERR=5.718495300570915e-04
EXACT_MAP_ETA_OP_REPRODUCTION=PASS

=== C — FINITE-PAYLOAD MEAN-VALUE MATCH ===
MATCHED_PAYLOAD_BALL_SOURCE_FREE_FOR_006B=YES
UNIFORM_SPHERE_CM_ACCEL_EQUALS_CENTER_ACCEL_006B=YES
FINITE_PAYLOAD_COMPARATOR_USES_MEAN_VALUE_THEOREM=YES

=== D — 006D REPOSITORY REVERIFICATION ===
006D_FINITE_C=2.359158629924900e+01
006D_THIN_C=2.342671017539100e+01
006D_MAX_CONSERVATION_RESIDUAL=3.103073353827000e-14
006D_MAX_DEC_VIOLATION=0.000000000000000e+00
006D_MAX_STRESS_TRACE=2.922107000813000e-13
006D_REVERIFICATION=PASS
HEADROOM_CURRENT_OVER_006D_FINITE=1.789714627717720e+01
HEADROOM_CURRENT_OVER_006B_THIN_REFERENCE=1.802310558107469e+01

=== E — INDEPENDENT 006B CONIC SOURCE CHECKS ===
INT14A_006B_SOLVE_BEGIN=KNOWN_THIN20 GRID=20x2 RMAX=5.000000000e+00 DEPTH=1.250000000e-01
INT14A_006B_CASE=KNOWN_THIN20 C=3.295475466694425e+01 ACCEL=9.999999999476894e-01 DEC=2.459e-10 CONS=2.835e-14 TRACE=1.131e-14 GREEN=YES
INT14A_006B_SOLVE_BEGIN=COMPACT_R_MATCH_D0P5 GRID=14x4 RMAX=2.164943040e+00 DEPTH=5.000000000e-01
Traceback (most recent call last):
  File "/Users/mymac/Desktop/antigravity_research/simulations/int14a_conservation_aware_constructive_headroom_gate.py", line 939, in <module>
    main()
    ~~~~^^
  File "/Users/mymac/Desktop/antigravity_research/simulations/int14a_conservation_aware_constructive_headroom_gate.py", line 713, in main
    rows006b = solve_006b_comparators(
        s006b,
        current["shell_radius_over_h"],
    )
  File "/Users/mymac/Desktop/antigravity_research/simulations/int14a_conservation_aware_constructive_headroom_gate.py", line 519, in solve_006b_comparators
    "acceleration": float(raw["acceleration"]),
                          ~~~^^^^^^^^^^^^^^^^
KeyError: 'acceleration'

__INT14A_RUN_RC__=1
